# {"build": {"core_features": "init-guard", "core_profile": "cargo --release", "cxx_flags": "-O2 -g -DNDEBUG -std=c++17", "dir": "/home/user/ArmoniK.Api/ffi/poc/cpp/build-campaign", "linkage": "shared (libak_core.so)", "lto": "off", "std": "c++17 (target)"}, "commit": "46c487a1519db9df1d8e358e416718f5f9a3ed7d", "dirty": false, "dirty_files": [], "instrumentation": true, "launch": 1, "machine": {"boost": null, "cpu_client": "1", "cpu_model": "Intel(R) Xeon(R) Processor @ 2.80GHz", "cpu_server": "2,3", "cpus_online": "0-3", "governor": "unavailable", "isolated": "", "isolation_cmdline": [], "kernel": "Linux 6.18.44-fc-v37 x86_64", "no_turbo": null, "nproc": "4", "runner_cpuset": "0-3", "smt_active": "0"}, "opt_bench": {"file": "runner.log", "gated": false, "known_defects": [], "script": "gen/opt_bench.sh", "settings": "launch=1; codec P (--only P): rounds=5 min_time_s=0.01 warmup_s=0.005; codec U (--only U-, the 92 rows): rounds=3 min_time_s=0.003 warmup_s=0.001; pool_bytes=1048576 (walked since H-1; not beyond this container's 33 MiB L3); rpc: rounds=3 min_time_s=0.04 warmup_s=0.02 inflight=1,8 transports=shipped pinned, server warm-up serve.sh warm 50, server tokio workers 4 (serve.sh default); order: codec full-P, nounk-P, full-U, nounk-U; rpc one server, per transport full then nounk client; Google Benchmark random interleaving within each process"}, "ran": {"builds": "both", "transports": "shipped pinned"}, "repeats": {"launches": 1, "rounds": 0}, "sample": {"calib_clock": "CLOCK_PROCESS_CPUTIME_ID of campaign_calib per round", "calib_iters": 0, "codec_clock": "Google Benchmark v1.8.3 (344117638c8f, Release, built by the runner): cpu_time = process CPU per repetition (MeasureProcessCPUTime) and real_time, repetitions randomly interleaved", "codec_min_time_s_per_repetition": 0.01, "codec_pool_bytes": 1048576, "llc_bytes": 14417920, "rpc_clock": "Google Benchmark (the same build, WP9): cpu_time = process CPU per repetition (MeasureProcessCPUTime), real_time = wall (UseRealTime); one iteration = a batch of k calls in flight; repetitions randomly interleaved across the benchmarks of one client process", "rpc_min_time_s_per_repetition": 0.04}, "slice": "cpp", "smoke": false, "suite": "runner", "threads": {"codec": "one benchmark thread; the core starts none for codec calls (each codec log's own line has the process thread count)", "rpc_client": "caller threads = the in-flight level (1, 8, 16), created before round 1; the core's runtime workers = 2 (campaign_rpc --workers default); grpc-core sizes its own pollers and executor, counted in each client's process_threads_after_warmup line", "rpc_server": "grpc++ callback server, grpc-core's own threads; the server's thread count at start and at exit is in the rpc log"}, "transport": {"pinned": "grpc++: 4 MiB stream window, BDP off (no connection-window argument exists, C31); core: 4 MiB stream and connection windows, adaptive off, Nagle off; both, and the server: 8 MiB max message, send and receive (D44: covers P5.4, 4,194,390 B); core shipped: tonic defaults (receive 4 MiB, send unlimited), enforced", "shipped": "grpc++: keepalive 30 s, max idle 5 min, local subchannel pool (packages/cpp getChannelArguments; its retry service config not applied); core: ak_client_new defaults"}, "variants": {"full": "ak-core default features (unknown-fields: decision 11), binaries campaign_codec / campaign_rpc: core-ffi drop and retain, C/D-retain and -drop", "no-unknown": "ak-core --no-default-features (unknown fields compiled out; plan relowered with unknown=drop), nounk/include/ak_abi.h, binaries campaign_codec_nounk (codec-nounk-launch*.jsonl) / campaign_rpc_nounk: core-ffi and host-gen no-unknown (the facade without unknown_fields, R-H22), C/D-nounk; A, B and the incumbents run there too"}, "versions": {"cxx": "g++ (Ubuntu 13.3.0-6ubuntu2~24.04.1) 13.3.0", "grpcpp": "1.51.1", "incumbent_prefix": "system", "protobuf_pkgconfig": "3.21.12", "protoc": "libprotoc 3.21.12", "rustc": "rustc 1.94.1 (e408947bf 2026-03-25)"}, "warmup": {"allocator": "every benchmark runs the framework's warm-up before its first repetition", "campaign_defaults": {"codec_min_warmup_time_s": 0.5, "rpc_min_warmup_time_s": 0.5, "rpc_server_calls": 200}, "codec_google_benchmark_min_warmup_time_s_per_benchmark": 0.005, "rpc_google_benchmark_min_warmup_time_s_per_benchmark": 0.02, "rpc_server": "poc/rust/serve.sh warm N: N checked a, b, c calls and ceil(N/4) d calls per socket, tonic and core clients", "rpc_server_n": 50, "smoke_defaults": {"codec_min_warmup_time_s": 0.01, "rpc_min_warmup_time_s": 0.01, "rpc_server_calls": 20}}}
# settings   launch=1; codec P (--only P): rounds=5 min_time_s=0.01 warmup_s=0.005; codec U (--only U-, the 92 rows): rounds=3 min_time_s=0.003 warmup_s=0.001; pool_bytes=1048576 (walked since H-1; not beyond this container's 33 MiB L3); rpc: rounds=3 min_time_s=0.04 warmup_s=0.02 inflight=1,8 transports=shipped pinned, server warm-up serve.sh warm 50, server tokio workers 4 (serve.sh default); order: codec full-P, nounk-P, full-U, nounk-U; rpc one server, per transport full then nounk client; Google Benchmark random interleaving within each process
# CONTAINER INSTRUMENTATION, not gated (gen/opt_bench.sh; the correctness gate is not run in the optimisation phase); the codec process's own pre-check and the RPC client's own checks are on
# commit 46c487a1
[1s] build: generate.py --check, Google Benchmark v1.8.3 Release, cmake -DAK_RPC=ON
  generate.py --check: every target current
  built: campaign_codec campaign_codec_nounk campaign_rpc campaign_rpc_nounk counts_a17_shared counts_nounk campaign_rpc_count campaign_rpc_count_nounk; the server (poc/rust/serve.sh build)
  variant ok: campaign_codec -> core-build/target-camp/release/libak_core.so (21 u-family exports)
  variant ok: campaign_codec_nounk -> core-build/target-camp-nounk/release/libak_core.so (0 u-family exports)
  variant ok: campaign_rpc -> core-build/target-camp/release/libak_core.so (21 u-family exports)
  variant ok: campaign_rpc_nounk -> core-build/target-camp-nounk/release/libak_core.so (0 u-family exports)
  variant ok: counts_a17_shared -> core-build/target-count/release/libak_core.so (21 u-family exports)
  variant ok: counts_nounk -> core-build/target-count-nounk/release/libak_core.so (0 u-family exports)
  variant ok: campaign_rpc_count -> core-build/target-camp-count/release/libak_core.so (21 u-family exports)
  variant ok: campaign_rpc_count_nounk -> core-build/target-camp-count-nounk/release/libak_core.so (0 u-family exports)
  U-* rows: 92 (gen/u_rows.py)
[30s] crossings: counting builds, both variants, against the committed baselines
  counts (full): 530 rows identical to logs/cpp/counts-baseline.log
  counts (nounk): 301 rows identical to logs/cpp/counts-nounk-baseline.log
[31s] codec: payloads, full build
  codec codec-P: "campaign_codec_gate": {"groups": 28, "slots": 1492, "failed": 0, "ffi_retain": "built", "pull_value_gate": "push = pull walked = pull drained on every group and mode, 0 failed"}; 7460 samples; 148s -> codec-P.jsonl
[179s] codec: payloads, no-unknown build
  codec codec-nounk-P: "campaign_codec_gate": {"groups": 28, "slots": 884, "failed": 0, "ffi_retain": "compiled out (no-unknown build)", "pull_value_gate": "push = pull walked = pull drained on every group and mode, 0 failed"}; 4420 samples; 88s -> codec-nounk-P.jsonl
[267s] codec: U-* rows, full build (reduced)
  codec codec-U: "campaign_codec_gate": {"groups": 92, "slots": 2944, "failed": 0, "ffi_retain": "built", "pull_value_gate": "push = pull walked = pull drained on every group and mode, 0 failed"}; 8832 samples; 74s -> codec-U.jsonl
[341s] codec: U-* rows, no-unknown build (reduced)
  codec codec-nounk-U: "campaign_codec_gate": {"groups": 92, "slots": 1840, "failed": 0, "ffi_retain": "compiled out (no-unknown build)", "pull_value_gate": "push = pull walked = pull drained on every group and mode, 0 failed"}; 5520 samples; 45s -> codec-nounk-U.jsonl
[386s] rpc: the server (poc/rust/serve.sh start, pinned to 2,3), warm 50
  server: P2.2 540422 B; warm: 50 checked calls per direction (a, b, c; d: 13) from tonic (A) and the core (B) on /tmp/aksrv.6fRDpQ/shipped.sock warm: 50 checked calls per direction (a, b, c; d: 13) from tonic (A) and the cor
  rpc counts: 72 rows identical to logs/cpp/rpc-counts.log
  rpc counts_nounk: 42 rows identical to logs/cpp/rpc-counts-nounk.log
[395s] rpc: transport shipped, campaign_rpc
  rpc rpc-shipped: 678 samples; 63s -> rpc-shipped.jsonl
[458s] rpc: transport shipped, campaign_rpc_nounk
  rpc rpc-shipped-nounk: 402 samples; 38s -> rpc-shipped-nounk.jsonl
[496s] rpc: transport pinned, campaign_rpc
  rpc rpc-pinned: 678 samples; 64s -> rpc-pinned.jsonl
[560s] rpc: transport pinned, campaign_rpc_nounk
  rpc rpc-pinned-nounk: 402 samples; 37s -> rpc-pinned-nounk.jsonl
  server stopped: # rpc_server: pinned on unix:/tmp/aksrv.6fRDpQ/pinned.sock, P2.2 540422 B pre-serialised, tokio multi-thread 4 workers (shared), receive limit 8388608 B, pid 341
[598s] summary
opt_summary: 7160 codec cases, 720 rpc cases -> summary-codec.tsv, variants-codec.tsv, summary-rpc.tsv, tables-codec.md, tables-rpc.md
[599s] done
