# campaign suite rpc: raw samples, one JSON object per line; nothing summarised here
# runtime:        .NET 8.0.31
# incumbent:      Google.Protobuf 3.32.0; Grpc.Net.Client 2.71.0
# server:         the Rust slice's tonic rpc_server, the campaign's one server for every slice (FIX-PLAN WP10, CAMPAIGN req 13 as amended; poc/rust/SERVER.md): service armonik.ffi.campaign.v1.Grid, P2.2 pre-serialised with prost, requests decoded with prost, receive limit 8 MiB; shipped socket = tonic's server defaults, pinned socket = 4 MiB stream and connection windows, adaptive off; its configuration and worker count are in its own log (rpc-server.log)
# JIT:            TieredCompilation default(on), TieredPGO default(on), ReadyToRun default(on) (net8.0 defaults unless set)
# GC:             server=False, concurrent=default(on), latency=Interactive
# managed codec:  plan utf8=reject unknown=drop limit=100
# process CPUs:   affinity mask 0x2 (1 logical CPUs visible)
# build full; launch 1; unit Cf-retain (one process per cell, WP9); transport armonik (the client's configuration: Grpc.Net ArmoniK's channel (packages/csharp GrpcChannelFactory.CreateChannel, package defaults; see '# armonik'); server: its TCP listener, the pinned server configuration (4 MiB windows, adaptive off, TCP_NODELAY on accept); core: ak_client_opts stream 0 connection 0 adaptive 0 nagle 0); endpoint tcp:127.0.0.1:46257; in flight 1/8 (c and d at 1 and 8 only)
# engine:         BenchmarkDotNet 0.15.8.0 (CAMPAIGN req 22a as amended 2026-09-27, WP9), toolchain BDN's default, ONE CHILD PROCESS PER CASE (the campaign's native isolation, req 22a as amended e6c909630), pinned by the runner, StopOnFirstError; one invocation = one batch of k calls in flight (OperationsPerInvoke = k; `iters` = calls, `invocations` = batches); the benchmark classes RpcK1, RpcK8, RpcK16 hold the k = 1, 8, 16 cases
# job:            6 actual iterations (rounds) per case, 4 warm-up iterations (the same for every case) after BDN's jitting stage and pilot, iteration time 100 ms (the pilot picks the invocation count, unroll factor 1), strategy Throughput, EvaluateOverhead=false
# clocks:         per iteration, read by the job's clock (CpuClock) at the same iteration boundaries: wall (Stopwatch); cpu_ns = perf task-clock of the WHOLE client process (req 21 as amended 2026-10-01: a counter per thread this process opens itself with perf_event_open, PERF_COUNT_SW_TASK_CLOCK, new threads picked up at the next read; softirq-inclusive while the process runs); proc_cpu_ns = CLOCK_PROCESS_CPUTIME_ID beside it (misses softirq time with IRQ_TIME_ACCOUNTING); per case, client_softirq_ticks / client_irq_ticks = /proc/stat on the CLIENT CPUs (1) across the actual stage, USER_HZ ticks; the server is another process
# network:        TCP 127.0.0.1:46257 (D10; CAMPAIGN 4.0 as amended b58543f7b): transport armonik, the core grid's one configuration (see '# armonik'); Nagle off on every client socket (Grpc.Net: SocketsHttpHandler's default TCP_NODELAY, nothing set by ArmoniK or by this harness; the core: ak_client_opts.tcp_nagle = 0), READ BACK on the live sockets before timing (one without it fails the case) and after each case; the server's TCP listener sets TCP_NODELAY on every accepted socket (SERVER.md; not readable from this process)
# grid:           core (CAMPAIGN section 4.0, D18; AK_CAMPAIGN_GRID=core): cells A, Bf, Cf-retain, Ef-retain, full build, the host's idiomatic delivery; a+read and b (P2.2), c at P5.4, d at 16 MiB, k = 1 and 8; the framed cells' a+read is the reference cell's (B, C-retain, E-retain: a has an empty request, so the send path is the same), run in the framed cell's process under its own name; this process narrowed to directions c,d. Extras left out (AK_CAMPAIGN_GRID=full runs them): cells B, C, D, E, F as cells of their own, Cc, the drop mode, the callback and queue deliveries, direction a, k = 16, P5.3, d at 4 MiB, the RPC grid in the no-unknown build, the second transport configuration, h2-batch beyond Cf on c and d, the pinned allocator pass beyond A and Cf on c and d at k = 1
# allocator:      default (readback at process start: a 16 MiB malloc came from the mmapped (mallinfo2; the block kept, never freed); no heap pre-grow (owner, 2026-10-03): BDN's warm-up runs the real call path on every thread, and minflt per row shows whether it sufficed; under the default toolchain each child probes once, on its case's first row as alloc_probe; GLIBC_TUNABLES=unset; CAMPAIGN req 25 as amended 2026-10-03, D9: the main figures run glibc's default allocator as production does; the pinned pass (glibc.malloc.trim_threshold=268435456:glibc.malloc.mmap_threshold=33554432) is a labelled diagnostic; the core's buffers and transport allocate through glibc malloc in this process; every row carries `alloc` and `minflt`, the client process's minor page faults over the iteration, so faults per call = minflt / iters)
# h2:             the loaded core's h2 = h2-batch (D11 as amended: read from the core library; the runner's AK_H2 = h2-batch); every row carries it
# pools:          D8 / D14: AK_WORKERS = 8; the core runtime 8 worker thread(s) (ak_runtime_new, shared by every core channel of the process); the .NET thread pool's worker minimum and maximum set to 8 (ThreadPool.SetMin/MaxThreads); the caller pool is the in-flight level (k dedicated caller threads for the blocking cells, not a worker pool); grpc-core is not used by this slice (Grpc.Net is managed)
# order:          this launch's unit order: Ef-retain, A, Cf-retain, Bf (seed 7907); the cases of this process in a seeded shuffle (seed 123560); ratios, where the aggregation forms them, from per-launch medians (req 30)
# cells:          A incumbent over Grpc.Net; B incumbent over the core's transport (Bf its framed send path); C core-ffi over the core's transport on the MOVE path (ak_call_unary_enc / ak_call_send_enc; Cf framed, Cc the copy path, a labelled extra); D core-ffi over Grpc.Net (a copy into the call's buffer: Grpc.Net's serializer cannot take a core buffer); E host-gen over the core's transport (Ef framed); F host-gen over Grpc.Net; B/C .callback/.queue the core's other deliveries (labelled extras); -retain/-drop/-nounk the unknown-field mode (req 10, 12)
# directions:     a empty request, P2.2 response decoded; a+read the same then every field read; b P2.2 request decoded by the server; c unary upload of P5.3 / P5.4 (M5, 1 MB / 4 MB); d the streamed upload, M5 messages of 2 MiB (ids on the first), 4 MiB / 16 MiB (req 14); every call checked: status, response length or the server's byte count (req 18); the upload cells' count and SHA-256 checked once in setup before timing
# warm-up/thread: CAMPAIGN req 24 as amended 8c02e7c58 (>= 20 calls per calling thread at the cell's payload before the first measured value, same process, same threads): B, C, E (and Bf, Cf, Cc, Ef) call from k dedicated caller threads, created in this process before BDN's first stage and kept to its end (under the default toolchain one case per child process, so the warm-up and the measurement share the process and its threads); one invocation = k calls, one on each caller thread; BDN runs at least 4 invocations per iteration (its minimum invoke count), so the 4 warm-up iteration(s) give every caller thread >= 16 calls at the case's payload, after 1 jitting invocation and >= 4 pilot invocations (checked: d/16 MiB at k = 8, BDN child mode, iteration 100 ms: 1 + 4 + 40 = 45 per thread) -- BELOW the rule's 20 at this setting. A, D, F and the callback/queue extras start k async loops (one call each per invocation) on the .NET thread pool (worker min = max = AK_WORKERS): >= 16 calls per loop, but which pool thread runs a call is not controlled, so the per-thread count is not guaranteed for them
# delivery:       B, C, E the core's BLOCKING call on k caller threads (a CallerPool created before BDN starts); A, D, F Grpc.Net's idiomatic async call (AsyncUnaryCall / AsyncClientStreamingCall awaited), k concurrent async calls per invocation; the core's cells share one core runtime with 8 worker thread(s) (req 16)
# armonik:        cell A's channel = packages/csharp ArmoniK.Api.Client GrpcChannelFactory.CreateChannel(new GrpcClient { Endpoint = "http://127.0.0.1:46257" }), called directly (the assembly built from packages/csharp, unchanged), every other option at its package default: HandlerType Http = HttpClientHandler (SocketsHttpHandler underneath) wrapped in the package's logging DelegatingHandler (logger null), proxy type Undefined (UseProxy true: the system proxy for this endpoint is none (bypassed)); GrpcChannelOptions: Credentials Insecure, DisposeHttpClient true, ServiceConfig retry MaxAttempts 5, InitialBackoff 1 s, MaxBackoff 5 s, BackoffMultiplier 1.5 on Unavailable, Aborted, Unknown (so Grpc.Net buffers requests for retry), MaxReceiveMessageSize and MaxSendMessageSize at Grpc.Net's defaults (receive 4 MiB, send unlimited), EnableMultipleHttp2Connections false (the HttpClientHandler default); ServicePointManager.ReusePort = true and ServicePoint SetTcpKeepAlive(true, 30 s, 30 s), MaxIdleTime 5 min, read back on the live sockets per case (so_keepalive_after, so_reuseport_after on each case's first row: 0 = the ServicePoint settings did not reach SocketsHttpHandler's socket); process-wide switches observed: Http2FlowControl.DisableDynamicWindowSizing not set (the worker channel provider's, not set on the control plane's path), Http2UnencryptedSupport not set (the factory sets it only for https with AllowUnsafeConnection); Nagle: SocketsHttpHandler's own default sets TCP_NODELAY, read back before timing and after each case (tcp_nodelay_after), the HTTP/2 connections per cell after each case's run on its first row (tcp_sockets_after); the core cells: the core's client configuration of `shipped` (windows at the stack's defaults, adaptive off, tcp_nagle 0)
# limits:         the client's max send and receive 64 MiB on both transports (D44, enforced); the server's receive limit 8 MiB per message (SERVER.md)
# channels:       each benchmark process builds only the cell of its case, from the case key, with its own channel(s) (one per cell and direction group, opened in the case's setup and kept to the process's end); each row's cell is checked against the cell the process ran (refused on a mismatch)
# threads:        .NET thread pool min 8 worker / 8 IO, max 8 worker / 1000 IO, 0 pool thread(s) now; 1 logical CPUs visible; caller threads 8; core runtime 1, 8 worker thread(s)
# memory:         AK_BDN_MEMORY=1: BenchmarkDotNet's MemoryDiagnoser (an exploration switch, not a campaign setting): one extra workload iteration per case AFTER the actual stage, at the actual stage's invocation count, outside the job's clock (no exported sample is affected); on each case's first sample row mem_alloc_bytes_per_op (GC.GetTotalAllocatedBytes(precise), every thread, divided by its operations), mem_gen = [gen0, gen1, gen2] collections during it, mem_ops its operations, mem_alloc_bytes its total
// Validating benchmarks:
// ***** BenchmarkRunner: Start   *****
// ***** Found 4 benchmark(s) in total *****
// ***** Building 1 exe(s) in Parallel: Start   *****
Unable to find .sln or .csproj file. Will use current directory /home/user/ArmoniK.Api/ffi/poc/csharp to search for project file. If you don't use .sln file on purpose it should not be a problem.
// start dotnet  restore --nodeReuse:false /p:UseSharedCompilation=false /p:Deterministic=true /p:Optimize=true /p:ArtifactsPath="/home/user/ArmoniK.Api/ffi/poc/csharp/src/Rpc/bin/Release/net8.0/akrpc-rpc-1/" /p:OutDir="/home/user/ArmoniK.Api/ffi/poc/csharp/src/Rpc/bin/Release/net8.0/akrpc-rpc-1/bin/Release/net8.0/" /p:OutputPath="/home/user/ArmoniK.Api/ffi/poc/csharp/src/Rpc/bin/Release/net8.0/akrpc-rpc-1/bin/Release/net8.0/" /p:PublishDir="/home/user/ArmoniK.Api/ffi/poc/csharp/src/Rpc/bin/Release/net8.0/akrpc-rpc-1/publish/" in /home/user/ArmoniK.Api/ffi/poc/csharp/src/Rpc/bin/Release/net8.0/akrpc-rpc-1
// command took 2.16 sec and exited with 0
// start dotnet  build -c Release --no-restore --nodeReuse:false /p:UseSharedCompilation=false /p:Deterministic=true /p:Optimize=true /p:ArtifactsPath="/home/user/ArmoniK.Api/ffi/poc/csharp/src/Rpc/bin/Release/net8.0/akrpc-rpc-1/" /p:OutDir="/home/user/ArmoniK.Api/ffi/poc/csharp/src/Rpc/bin/Release/net8.0/akrpc-rpc-1/bin/Release/net8.0/" /p:OutputPath="/home/user/ArmoniK.Api/ffi/poc/csharp/src/Rpc/bin/Release/net8.0/akrpc-rpc-1/bin/Release/net8.0/" /p:PublishDir="/home/user/ArmoniK.Api/ffi/poc/csharp/src/Rpc/bin/Release/net8.0/akrpc-rpc-1/publish/" --output "/home/user/ArmoniK.Api/ffi/poc/csharp/src/Rpc/bin/Release/net8.0/akrpc-rpc-1/bin/Release/net8.0/" in /home/user/ArmoniK.Api/ffi/poc/csharp/src/Rpc/bin/Release/net8.0/akrpc-rpc-1
// command took 28.5 sec and exited with 0
// ***** Done, took 00:00:30 (30.75 sec)   *****
// Found 2 benchmarks:
//   RpcK1.Run: rpc(EvaluateOverhead=False, Clock=Armonik.Ffi.Bdn.CpuClock, IterationCount=6, IterationTime=100ms, LaunchCount=1, RunStrategy=Throughput, UnrollFactor=1, WarmupCount=4) [Case=Cf-retain|c|P5.4|1]
//   RpcK1.Run: rpc(EvaluateOverhead=False, Clock=Armonik.Ffi.Bdn.CpuClock, IterationCount=6, IterationTime=100ms, LaunchCount=1, RunStrategy=Throughput, UnrollFactor=1, WarmupCount=4) [Case=Cf-re(...)MiB|1 [26]]

// **************************
// Benchmark: RpcK1.Run: rpc(EvaluateOverhead=False, Clock=Armonik.Ffi.Bdn.CpuClock, IterationCount=6, IterationTime=100ms, LaunchCount=1, RunStrategy=Throughput, UnrollFactor=1, WarmupCount=4) [Case=Cf-retain|c|P5.4|1]
// *** Execute ***
// Launch: 1 / 1
// Execute: dotnet akrpc-rpc-1.dll --anonymousPipes 136 137 --benchmarkName "Armonik.Ffi.Campaign.RpcK1.Run(Case: \"Cf-retain|c|P5.4|1\")" --job rpc --benchmarkId 0 in /home/user/ArmoniK.Api/ffi/poc/csharp/src/Rpc/bin/Release/net8.0/akrpc-rpc-1/bin/Release/net8.0
// BeforeAnythingElse

// Benchmark Process Environment Information:
// BenchmarkDotNet v0.15.8
// Runtime=.NET 8.0.31 (8.0.31, 8.0.3126.42015), X64 RyuJIT x86-64-v4
// GC=Concurrent Workstation
// HardwareIntrinsics=AVX512 F+BW+CD+DQ+VL,AVX2+BMI1+BMI2+F16C+FMA+LZCNT+MOVBE,AVX,SSE3+SSSE3+SSE4.1+SSE4.2+POPCNT,X86Base+SSE+SSE2,AES+PCLMUL VectorSize=256
// Job: rpc(EvaluateOverhead=False, Clock=Armonik.Ffi.Bdn.CpuClock, IterationCount=6, IterationTime=100ms, LaunchCount=1, RunStrategy=Throughput, UnrollFactor=1, WarmupCount=4)

OverheadJitting  1: 1 op, 199125.00 ns, 199.1250 us/op
WorkloadJitting  1: 1 op, 11491857.00 ns, 11.4919 ms/op

WorkloadPilot    1: 4 op, 32014444.00 ns, 8.0036 ms/op
WorkloadPilot    2: 12 op, 82204410.00 ns, 6.8504 ms/op
WorkloadPilot    3: 15 op, 76316072.00 ns, 5.0877 ms/op
WorkloadPilot    4: 20 op, 120612779.00 ns, 6.0306 ms/op
WorkloadPilot    5: 17 op, 109067502.00 ns, 6.4157 ms/op

WorkloadWarmup   1: 17 op, 84435053.00 ns, 4.9668 ms/op
WorkloadWarmup   2: 17 op, 114924852.00 ns, 6.7603 ms/op
WorkloadWarmup   3: 17 op, 90270092.00 ns, 5.3100 ms/op
WorkloadWarmup   4: 17 op, 86314001.00 ns, 5.0773 ms/op

// BeforeActualRun
WorkloadActual   1: 17 op, 107045753.00 ns, 6.2968 ms/op
WorkloadActual   2: 17 op, 105158190.00 ns, 6.1858 ms/op
WorkloadActual   3: 17 op, 87896043.00 ns, 5.1704 ms/op
WorkloadActual   4: 17 op, 97153379.00 ns, 5.7149 ms/op
WorkloadActual   5: 17 op, 104349629.00 ns, 6.1382 ms/op
WorkloadActual   6: 17 op, 94631240.00 ns, 5.5665 ms/op

// AfterActualRun
WorkloadResult   1: 17 op, 107045753.00 ns, 6.2968 ms/op
WorkloadResult   2: 17 op, 105158190.00 ns, 6.1858 ms/op
WorkloadResult   3: 17 op, 87896043.00 ns, 5.1704 ms/op
WorkloadResult   4: 17 op, 97153379.00 ns, 5.7149 ms/op
WorkloadResult   5: 17 op, 104349629.00 ns, 6.1382 ms/op
WorkloadResult   6: 17 op, 94631240.00 ns, 5.5665 ms/op
// GC:  0 0 0 1224 17
// Threading:  0 8 17

// AfterAll
// Benchmark Process 24399 has exited with code 0.

Mean = 5.845 ms, StdErr = 0.178 ms (3.05%), N = 6, StdDev = 0.437 ms
Min = 5.170 ms, Q1 = 5.604 ms, Median = 5.927 ms, Q3 = 6.174 ms, Max = 6.297 ms
IQR = 0.570 ms, LowerFence = 4.748 ms, UpperFence = 7.029 ms
ConfidenceInterval = [4.619 ms; 7.072 ms] (CI 99.9%), Margin = 1.226 ms (20.97% of Mean)
Skewness = -0.35, Kurtosis = 1.26, MValue = 2

// ** Remained 3 (75.0 %) benchmark(s) to run. Estimated finish 2026-10-04 8:34 (0h 0m from now) **
// **************************
// Benchmark: RpcK1.Run: rpc(EvaluateOverhead=False, Clock=Armonik.Ffi.Bdn.CpuClock, IterationCount=6, IterationTime=100ms, LaunchCount=1, RunStrategy=Throughput, UnrollFactor=1, WarmupCount=4) [Case=Cf-re(...)MiB|1 [26]]
// *** Execute ***
// Launch: 1 / 1
// Execute: dotnet akrpc-rpc-1.dll --anonymousPipes 138 139 --benchmarkName "Armonik.Ffi.Campaign.RpcK1.Run(Case: \"Cf-retain|d|stream-16MiB|1\")" --job rpc --benchmarkId 1 in /home/user/ArmoniK.Api/ffi/poc/csharp/src/Rpc/bin/Release/net8.0/akrpc-rpc-1/bin/Release/net8.0
// BeforeAnythingElse

// Benchmark Process Environment Information:
// BenchmarkDotNet v0.15.8
// Runtime=.NET 8.0.31 (8.0.31, 8.0.3126.42015), X64 RyuJIT x86-64-v4
// GC=Concurrent Workstation
// HardwareIntrinsics=AVX512 F+BW+CD+DQ+VL,AVX2+BMI1+BMI2+F16C+FMA+LZCNT+MOVBE,AVX,SSE3+SSSE3+SSE4.1+SSE4.2+POPCNT,X86Base+SSE+SSE2,AES+PCLMUL VectorSize=256
// Job: rpc(EvaluateOverhead=False, Clock=Armonik.Ffi.Bdn.CpuClock, IterationCount=6, IterationTime=100ms, LaunchCount=1, RunStrategy=Throughput, UnrollFactor=1, WarmupCount=4)

OverheadJitting  1: 1 op, 196097.00 ns, 196.0970 us/op
WorkloadJitting  1: 1 op, 22483939.00 ns, 22.4839 ms/op

WorkloadPilot    1: 4 op, 60222323.00 ns, 15.0556 ms/op
WorkloadPilot    2: 7 op, 114467139.00 ns, 16.3524 ms/op

WorkloadWarmup   1: 7 op, 90202064.00 ns, 12.8860 ms/op
WorkloadWarmup   2: 7 op, 106640396.00 ns, 15.2343 ms/op
WorkloadWarmup   3: 7 op, 118498118.00 ns, 16.9283 ms/op
WorkloadWarmup   4: 7 op, 135037566.00 ns, 19.2911 ms/op

// BeforeActualRun
WorkloadActual   1: 7 op, 108196751.00 ns, 15.4567 ms/op
WorkloadActual   2: 7 op, 99571646.00 ns, 14.2245 ms/op
WorkloadActual   3: 7 op, 99736830.00 ns, 14.2481 ms/op
WorkloadActual   4: 7 op, 102650701.00 ns, 14.6644 ms/op
WorkloadActual   5: 7 op, 107725422.00 ns, 15.3893 ms/op
WorkloadActual   6: 7 op, 112138740.00 ns, 16.0198 ms/op

// AfterActualRun
WorkloadResult   1: 7 op, 108196751.00 ns, 15.4567 ms/op
WorkloadResult   2: 7 op, 99571646.00 ns, 14.2245 ms/op
WorkloadResult   3: 7 op, 99736830.00 ns, 14.2481 ms/op
WorkloadResult   4: 7 op, 102650701.00 ns, 14.6644 ms/op
WorkloadResult   5: 7 op, 107725422.00 ns, 15.3893 ms/op
WorkloadResult   6: 7 op, 112138740.00 ns, 16.0198 ms/op
// GC:  0 0 0 2352 7
// Threading:  0 6 7

// AfterAll
// Benchmark Process 24434 has exited with code 0.

Mean = 15.000 ms, StdErr = 0.299 ms (1.99%), N = 6, StdDev = 0.732 ms
Min = 14.225 ms, Q1 = 14.352 ms, Median = 15.027 ms, Q3 = 15.440 ms, Max = 16.020 ms
IQR = 1.088 ms, LowerFence = 12.721 ms, UpperFence = 17.071 ms
ConfidenceInterval = [12.948 ms; 17.053 ms] (CI 99.9%), Margin = 2.053 ms (13.68% of Mean)
Skewness = 0.12, Kurtosis = 1.07, MValue = 2

// ** Remained 2 (50.0 %) benchmark(s) to run. Estimated finish 2026-10-04 8:34 (0h 0m from now) **
Run time: 00:00:06 (6 sec), executed benchmarks: 2

// Found 2 benchmarks:
//   RpcK8.Run: rpc(EvaluateOverhead=False, Clock=Armonik.Ffi.Bdn.CpuClock, IterationCount=6, IterationTime=100ms, LaunchCount=1, RunStrategy=Throughput, UnrollFactor=1, WarmupCount=4) [Case=Cf-retain|c|P5.4|8]
//   RpcK8.Run: rpc(EvaluateOverhead=False, Clock=Armonik.Ffi.Bdn.CpuClock, IterationCount=6, IterationTime=100ms, LaunchCount=1, RunStrategy=Throughput, UnrollFactor=1, WarmupCount=4) [Case=Cf-re(...)MiB|8 [26]]

// **************************
// Benchmark: RpcK8.Run: rpc(EvaluateOverhead=False, Clock=Armonik.Ffi.Bdn.CpuClock, IterationCount=6, IterationTime=100ms, LaunchCount=1, RunStrategy=Throughput, UnrollFactor=1, WarmupCount=4) [Case=Cf-retain|c|P5.4|8]
// *** Execute ***
// Launch: 1 / 1
// Execute: dotnet akrpc-rpc-1.dll --anonymousPipes 138 139 --benchmarkName "Armonik.Ffi.Campaign.RpcK8.Run(Case: \"Cf-retain|c|P5.4|8\")" --job rpc --benchmarkId 2 in /home/user/ArmoniK.Api/ffi/poc/csharp/src/Rpc/bin/Release/net8.0/akrpc-rpc-1/bin/Release/net8.0
// BeforeAnythingElse

// Benchmark Process Environment Information:
// BenchmarkDotNet v0.15.8
// Runtime=.NET 8.0.31 (8.0.31, 8.0.3126.42015), X64 RyuJIT x86-64-v4
// GC=Concurrent Workstation
// HardwareIntrinsics=AVX512 F+BW+CD+DQ+VL,AVX2+BMI1+BMI2+F16C+FMA+LZCNT+MOVBE,AVX,SSE3+SSSE3+SSE4.1+SSE4.2+POPCNT,X86Base+SSE+SSE2,AES+PCLMUL VectorSize=256
// Job: rpc(EvaluateOverhead=False, Clock=Armonik.Ffi.Bdn.CpuClock, IterationCount=6, IterationTime=100ms, LaunchCount=1, RunStrategy=Throughput, UnrollFactor=1, WarmupCount=4)

OverheadJitting  1: 8 op, 261278.00 ns, 32.6598 us/op
WorkloadJitting  1: 8 op, 69566225.00 ns, 8.6958 ms/op

WorkloadPilot    1: 32 op, 199359275.00 ns, 6.2300 ms/op

WorkloadWarmup   1: 32 op, 165110187.00 ns, 5.1597 ms/op
WorkloadWarmup   2: 32 op, 164511755.00 ns, 5.1410 ms/op
WorkloadWarmup   3: 32 op, 244423077.00 ns, 7.6382 ms/op
WorkloadWarmup   4: 32 op, 167673530.00 ns, 5.2398 ms/op

// BeforeActualRun
WorkloadActual   1: 32 op, 166491441.00 ns, 5.2029 ms/op
WorkloadActual   2: 32 op, 173640344.00 ns, 5.4263 ms/op
WorkloadActual   3: 32 op, 203306410.00 ns, 6.3533 ms/op
WorkloadActual   4: 32 op, 167402397.00 ns, 5.2313 ms/op
WorkloadActual   5: 32 op, 170914599.00 ns, 5.3411 ms/op
WorkloadActual   6: 32 op, 172906555.00 ns, 5.4033 ms/op

// AfterActualRun
WorkloadResult   1: 32 op, 166491441.00 ns, 5.2029 ms/op
WorkloadResult   2: 32 op, 173640344.00 ns, 5.4263 ms/op
WorkloadResult   3: 32 op, 167402397.00 ns, 5.2313 ms/op
WorkloadResult   4: 32 op, 170914599.00 ns, 5.3411 ms/op
WorkloadResult   5: 32 op, 172906555.00 ns, 5.4033 ms/op
// GC:  0 0 0 1632 32
// Threading:  0 1 32

// AfterAll
// Benchmark Process 24473 has exited with code 0.

Mean = 5.321 ms, StdErr = 0.045 ms (0.84%), N = 5, StdDev = 0.100 ms
Min = 5.203 ms, Q1 = 5.231 ms, Median = 5.341 ms, Q3 = 5.403 ms, Max = 5.426 ms
IQR = 0.172 ms, LowerFence = 4.973 ms, UpperFence = 5.661 ms
ConfidenceInterval = [4.935 ms; 5.707 ms] (CI 99.9%), Margin = 0.386 ms (7.26% of Mean)
Skewness = -0.13, Kurtosis = 0.85, MValue = 2

// ** Remained 1 (25.0 %) benchmark(s) to run. Estimated finish 2026-10-04 8:34 (0h 0m from now) **
// **************************
// Benchmark: RpcK8.Run: rpc(EvaluateOverhead=False, Clock=Armonik.Ffi.Bdn.CpuClock, IterationCount=6, IterationTime=100ms, LaunchCount=1, RunStrategy=Throughput, UnrollFactor=1, WarmupCount=4) [Case=Cf-re(...)MiB|8 [26]]
// *** Execute ***
// Launch: 1 / 1
// Execute: dotnet akrpc-rpc-1.dll --anonymousPipes 138 139 --benchmarkName "Armonik.Ffi.Campaign.RpcK8.Run(Case: \"Cf-retain|d|stream-16MiB|8\")" --job rpc --benchmarkId 3 in /home/user/ArmoniK.Api/ffi/poc/csharp/src/Rpc/bin/Release/net8.0/akrpc-rpc-1/bin/Release/net8.0
// BeforeAnythingElse

// Benchmark Process Environment Information:
// BenchmarkDotNet v0.15.8
// Runtime=.NET 8.0.31 (8.0.31, 8.0.3126.42015), X64 RyuJIT x86-64-v4
// GC=Concurrent Workstation
// HardwareIntrinsics=AVX512 F+BW+CD+DQ+VL,AVX2+BMI1+BMI2+F16C+FMA+LZCNT+MOVBE,AVX,SSE3+SSSE3+SSE4.1+SSE4.2+POPCNT,X86Base+SSE+SSE2,AES+PCLMUL VectorSize=256
// Job: rpc(EvaluateOverhead=False, Clock=Armonik.Ffi.Bdn.CpuClock, IterationCount=6, IterationTime=100ms, LaunchCount=1, RunStrategy=Throughput, UnrollFactor=1, WarmupCount=4)

OverheadJitting  1: 8 op, 182829.00 ns, 22.8536 us/op
WorkloadJitting  1: 8 op, 162355559.00 ns, 20.2944 ms/op

WorkloadPilot    1: 32 op, 562516971.00 ns, 17.5787 ms/op

WorkloadWarmup   1: 32 op, 528688510.00 ns, 16.5215 ms/op
WorkloadWarmup   2: 32 op, 544338873.00 ns, 17.0106 ms/op
WorkloadWarmup   3: 32 op, 581289340.00 ns, 18.1653 ms/op
WorkloadWarmup   4: 32 op, 548499986.00 ns, 17.1406 ms/op

// BeforeActualRun
WorkloadActual   1: 32 op, 549149837.00 ns, 17.1609 ms/op
WorkloadActual   2: 32 op, 711465913.00 ns, 22.2333 ms/op
WorkloadActual   3: 32 op, 630440091.00 ns, 19.7013 ms/op
WorkloadActual   4: 32 op, 583316015.00 ns, 18.2286 ms/op
WorkloadActual   5: 32 op, 633432151.00 ns, 19.7948 ms/op
WorkloadActual   6: 32 op, 589651280.00 ns, 18.4266 ms/op

// AfterActualRun
WorkloadResult   1: 32 op, 549149837.00 ns, 17.1609 ms/op
WorkloadResult   2: 32 op, 630440091.00 ns, 19.7013 ms/op
WorkloadResult   3: 32 op, 583316015.00 ns, 18.2286 ms/op
WorkloadResult   4: 32 op, 633432151.00 ns, 19.7948 ms/op
WorkloadResult   5: 32 op, 589651280.00 ns, 18.4266 ms/op
// GC:  0 0 0 10080 32
// Threading:  0 4 32

// AfterAll
// Benchmark Process 24507 has exited with code 0.

Mean = 18.662 ms, StdErr = 0.493 ms (2.64%), N = 5, StdDev = 1.102 ms
Min = 17.161 ms, Q1 = 18.229 ms, Median = 18.427 ms, Q3 = 19.701 ms, Max = 19.795 ms
IQR = 1.473 ms, LowerFence = 16.020 ms, UpperFence = 21.910 ms
ConfidenceInterval = [14.418 ms; 22.907 ms] (CI 99.9%), Margin = 4.244 ms (22.74% of Mean)
Skewness = -0.14, Kurtosis = 1.07, MValue = 2

// ** Remained 0 (0.0 %) benchmark(s) to run. Estimated finish 2026-10-04 8:34 (0h 0m from now) **
Run time: 00:00:12 (12.27 sec), executed benchmarks: 2

// ***** BenchmarkRunner: Finish  *****

// * Export *
  home/user/ArmoniK.Api/ffi/logs/csharp/opt/baseline/rpc-h2-batch.jsonl

// * Detailed results *
RpcK8.Run: rpc(EvaluateOverhead=False, Clock=Armonik.Ffi.Bdn.CpuClock, IterationCount=6, IterationTime=100ms, LaunchCount=1, RunStrategy=Throughput, UnrollFactor=1, WarmupCount=4) [Case=Cf-re(...)MiB|8 [26]]
Runtime = .NET 8.0.31 (8.0.31, 8.0.3126.42015), X64 RyuJIT x86-64-v4; GC = Concurrent Workstation
Mean = 18.662 ms, StdErr = 0.493 ms (2.64%), N = 5, StdDev = 1.102 ms
Min = 17.161 ms, Q1 = 18.229 ms, Median = 18.427 ms, Q3 = 19.701 ms, Max = 19.795 ms
IQR = 1.473 ms, LowerFence = 16.020 ms, UpperFence = 21.910 ms
ConfidenceInterval = [14.418 ms; 22.907 ms] (CI 99.9%), Margin = 4.244 ms (22.74% of Mean)
Skewness = -0.14, Kurtosis = 1.07, MValue = 2
-------------------- Histogram --------------------
[16.315 ms ; 18.166 ms) | @
[18.166 ms ; 19.858 ms) | @@@@
---------------------------------------------------

RpcK1.Run: rpc(EvaluateOverhead=False, Clock=Armonik.Ffi.Bdn.CpuClock, IterationCount=6, IterationTime=100ms, LaunchCount=1, RunStrategy=Throughput, UnrollFactor=1, WarmupCount=4) [Case=Cf-retain|c|P5.4|1]
Runtime = .NET 8.0.31 (8.0.31, 8.0.3126.42015), X64 RyuJIT x86-64-v4; GC = Concurrent Workstation
Mean = 5.845 ms, StdErr = 0.178 ms (3.05%), N = 6, StdDev = 0.437 ms
Min = 5.170 ms, Q1 = 5.604 ms, Median = 5.927 ms, Q3 = 6.174 ms, Max = 6.297 ms
IQR = 0.570 ms, LowerFence = 4.748 ms, UpperFence = 7.029 ms
ConfidenceInterval = [4.619 ms; 7.072 ms] (CI 99.9%), Margin = 1.226 ms (20.97% of Mean)
Skewness = -0.35, Kurtosis = 1.26, MValue = 2
-------------------- Histogram --------------------
[5.053 ms ; 5.690 ms) | @@
[5.690 ms ; 6.322 ms) | @@@@
---------------------------------------------------

RpcK1.Run: rpc(EvaluateOverhead=False, Clock=Armonik.Ffi.Bdn.CpuClock, IterationCount=6, IterationTime=100ms, LaunchCount=1, RunStrategy=Throughput, UnrollFactor=1, WarmupCount=4) [Case=Cf-re(...)MiB|1 [26]]
Runtime = .NET 8.0.31 (8.0.31, 8.0.3126.42015), X64 RyuJIT x86-64-v4; GC = Concurrent Workstation
Mean = 15.000 ms, StdErr = 0.299 ms (1.99%), N = 6, StdDev = 0.732 ms
Min = 14.225 ms, Q1 = 14.352 ms, Median = 15.027 ms, Q3 = 15.440 ms, Max = 16.020 ms
IQR = 1.088 ms, LowerFence = 12.721 ms, UpperFence = 17.071 ms
ConfidenceInterval = [12.948 ms; 17.053 ms] (CI 99.9%), Margin = 2.053 ms (13.68% of Mean)
Skewness = 0.12, Kurtosis = 1.07, MValue = 2
-------------------- Histogram --------------------
[13.916 ms ; 14.973 ms) | @@@
[14.973 ms ; 16.233 ms) | @@@
---------------------------------------------------

RpcK8.Run: rpc(EvaluateOverhead=False, Clock=Armonik.Ffi.Bdn.CpuClock, IterationCount=6, IterationTime=100ms, LaunchCount=1, RunStrategy=Throughput, UnrollFactor=1, WarmupCount=4) [Case=Cf-retain|c|P5.4|8]
Runtime = .NET 8.0.31 (8.0.31, 8.0.3126.42015), X64 RyuJIT x86-64-v4; GC = Concurrent Workstation
Mean = 5.321 ms, StdErr = 0.045 ms (0.84%), N = 5, StdDev = 0.100 ms
Min = 5.203 ms, Q1 = 5.231 ms, Median = 5.341 ms, Q3 = 5.403 ms, Max = 5.426 ms
IQR = 0.172 ms, LowerFence = 4.973 ms, UpperFence = 5.661 ms
ConfidenceInterval = [4.935 ms; 5.707 ms] (CI 99.9%), Margin = 0.386 ms (7.26% of Mean)
Skewness = -0.13, Kurtosis = 0.85, MValue = 2
-------------------- Histogram --------------------
[5.126 ms ; 5.307 ms) | @@
[5.307 ms ; 5.461 ms) | @@@
---------------------------------------------------

// * Summary *

BenchmarkDotNet v0.15.8, Linux Ubuntu 24.04.4 LTS (Noble Numbat)
Intel Xeon Processor 2.80GHz, 1 CPU, 4 logical and 4 physical cores
.NET SDK 8.0.131
  [Host] : .NET 8.0.31 (8.0.31, 8.0.3126.42015), X64 RyuJIT x86-64-v4
  rpc    : .NET 8.0.31 (8.0.31, 8.0.3126.42015), X64 RyuJIT x86-64-v4

Job=rpc  EvaluateOverhead=False  Clock=Armonik.Ffi.Bdn.CpuClock  
IterationCount=6  IterationTime=100ms  LaunchCount=1  
RunStrategy=Throughput  UnrollFactor=1  WarmupCount=4  

| Type  | Method | Case                 | Mean      | Error     | StdDev    | Allocated |
|------ |------- |--------------------- |----------:|----------:|----------:|----------:|
| RpcK8 | Run    | Cf-re(...)MiB|8 [26] | 18.662 ms | 4.2443 ms | 1.1022 ms |     315 B |
| RpcK1 | Run    | Cf-retain|c|P5.4|1   |  5.845 ms | 1.2261 ms | 0.4372 ms |      72 B |
| RpcK1 | Run    | Cf-re(...)MiB|1 [26] | 15.000 ms | 2.0528 ms | 0.7321 ms |     336 B |
| RpcK8 | Run    | Cf-retain|c|P5.4|8   |  5.321 ms | 0.3863 ms | 0.1003 ms |      51 B |

// * Legends *
  Case      : Value of the 'Case' parameter
  Mean      : Arithmetic mean of all measurements
  Error     : Half of 99.9% confidence interval
  StdDev    : Standard deviation of all measurements
  Allocated : Allocated memory per single operation (managed only, inclusive, 1KB = 1024B)
  1 ms      : 1 Millisecond (0.001 sec)

// * Diagnostic Output - AkRpcProcessCpu *

// * Diagnostic Output - MemoryDiagnoser *


// ***** BenchmarkRunner: End *****
Global total time: 00:00:49 (49.71 sec), executed benchmarks: 4
// * Artifacts cleanup *
Artifacts cleanup is finished
