# campaign suite rpc: raw samples, one JSON object per line; nothing summarised here
# runtime:        .NET 8.0.31
# incumbent:      Google.Protobuf 3.32.0; Grpc.Net.Client 2.71.0
# server:         the Rust slice's tonic rpc_server, the campaign's one server for every slice (FIX-PLAN WP10, CAMPAIGN req 13 as amended; poc/rust/SERVER.md): service armonik.ffi.campaign.v1.Grid, P2.2 pre-serialised with prost, requests decoded with prost, receive limit 8 MiB; shipped socket = tonic's server defaults, pinned socket = 4 MiB stream and connection windows, adaptive off; its configuration and worker count are in its own log (rpc-server.log)
# JIT:            TieredCompilation default(on), TieredPGO default(on), ReadyToRun default(on) (net8.0 defaults unless set)
# GC:             server=False, concurrent=default(on), latency=Interactive
# managed codec:  plan utf8=reject unknown=drop limit=100
# process CPUs:   affinity mask 0x2 (1 logical CPUs visible)
# build full; launch 1; unit A,Cf-retain (one process per cell, WP9); transport armonik (the client's configuration: Grpc.Net ArmoniK's channel (packages/csharp GrpcChannelFactory.CreateChannel, package defaults; see '# armonik'); server: its TCP listener, the pinned server configuration (4 MiB windows, adaptive off, TCP_NODELAY on accept); core: ak_client_opts stream 0 connection 0 adaptive 0 nagle 0); endpoint tcp:127.0.0.1:46257; in flight 1/8 (c and d at 1 and 8 only)
# engine:         BenchmarkDotNet 0.15.8.0 (CAMPAIGN req 22a as amended 2026-09-27, WP9), toolchain BDN's default, ONE CHILD PROCESS PER CASE (the campaign's native isolation, req 22a as amended e6c909630), pinned by the runner, StopOnFirstError; one invocation = one batch of k calls in flight (OperationsPerInvoke = k; `iters` = calls, `invocations` = batches); the benchmark classes RpcK1, RpcK8, RpcK16 hold the k = 1, 8, 16 cases
# job:            6 actual iterations (rounds) per case, 4 warm-up iterations (the same for every case) after BDN's jitting stage and pilot, iteration time 100 ms (the pilot picks the invocation count, unroll factor 1), strategy Throughput, EvaluateOverhead=false
# clocks:         per iteration, read by the job's clock (CpuClock) at the same iteration boundaries: wall (Stopwatch); cpu_ns = perf task-clock of the WHOLE client process (req 21 as amended 2026-10-01: a counter per thread this process opens itself with perf_event_open, PERF_COUNT_SW_TASK_CLOCK, new threads picked up at the next read; softirq-inclusive while the process runs); proc_cpu_ns = CLOCK_PROCESS_CPUTIME_ID beside it (misses softirq time with IRQ_TIME_ACCOUNTING); per case, client_softirq_ticks / client_irq_ticks = /proc/stat on the CLIENT CPUs (1) across the actual stage, USER_HZ ticks; the server is another process
# network:        TCP 127.0.0.1:46257 (D10; CAMPAIGN 4.0 as amended b58543f7b): transport armonik, the core grid's one configuration (see '# armonik'); Nagle off on every client socket (Grpc.Net: SocketsHttpHandler's default TCP_NODELAY, nothing set by ArmoniK or by this harness; the core: ak_client_opts.tcp_nagle = 0), READ BACK on the live sockets before timing (one without it fails the case) and after each case; the server's TCP listener sets TCP_NODELAY on every accepted socket (SERVER.md; not readable from this process)
# grid:           core (CAMPAIGN section 4.0, D18; AK_CAMPAIGN_GRID=core): cells A, Bf, Cf-retain, Ef-retain, full build, the host's idiomatic delivery; a+read and b (P2.2), c at P5.4, d at 16 MiB, k = 1 and 8; the framed cells' a+read is the reference cell's (B, C-retain, E-retain: a has an empty request, so the send path is the same), run in the framed cell's process under its own name; this process narrowed to directions c,d at k = 1. Extras left out (AK_CAMPAIGN_GRID=full runs them): cells B, C, D, E, F as cells of their own, Cc, the drop mode, the callback and queue deliveries, direction a, k = 16, P5.3, d at 4 MiB, the RPC grid in the no-unknown build, the second transport configuration, h2-batch beyond Cf on c and d, the pinned allocator pass beyond A and Cf on c and d at k = 1
# allocator:      pinned (readback at process start: a 16 MiB malloc came from the heap (mallinfo2; the block kept, never freed); no heap pre-grow (owner, 2026-10-03): BDN's warm-up runs the real call path on every thread, and minflt per row shows whether it sufficed; under the default toolchain each child probes once, on its case's first row as alloc_probe; GLIBC_TUNABLES=glibc.malloc.trim_threshold=268435456:glibc.malloc.mmap_threshold=33554432; CAMPAIGN req 25 as amended 2026-10-03, D9: the main figures run glibc's default allocator as production does; the pinned pass (glibc.malloc.trim_threshold=268435456:glibc.malloc.mmap_threshold=33554432) is a labelled diagnostic; the core's buffers and transport allocate through glibc malloc in this process; every row carries `alloc` and `minflt`, the client process's minor page faults over the iteration, so faults per call = minflt / iters)
# h2:             the loaded core's h2 = stock (D11 as amended: read from the core library; the runner's AK_H2 = stock); every row carries it
# pools:          D8 / D14: AK_WORKERS = 8; the core runtime 8 worker thread(s) (ak_runtime_new, shared by every core channel of the process); the .NET thread pool's worker minimum and maximum set to 8 (ThreadPool.SetMin/MaxThreads); the caller pool is the in-flight level (k dedicated caller threads for the blocking cells, not a worker pool); grpc-core is not used by this slice (Grpc.Net is managed)
# order:          this launch's unit order: Ef-retain, A, Cf-retain, Bf (seed 7907); the cases of this process in a seeded shuffle (seed 112381); ratios, where the aggregation forms them, from per-launch medians (req 30)
# cells:          A incumbent over Grpc.Net; B incumbent over the core's transport (Bf its framed send path); C core-ffi over the core's transport on the MOVE path (ak_call_unary_enc / ak_call_send_enc; Cf framed, Cc the copy path, a labelled extra); D core-ffi over Grpc.Net (a copy into the call's buffer: Grpc.Net's serializer cannot take a core buffer); E host-gen over the core's transport (Ef framed); F host-gen over Grpc.Net; B/C .callback/.queue the core's other deliveries (labelled extras); -retain/-drop/-nounk the unknown-field mode (req 10, 12)
# directions:     a empty request, P2.2 response decoded; a+read the same then every field read; b P2.2 request decoded by the server; c unary upload of P5.3 / P5.4 (M5, 1 MB / 4 MB); d the streamed upload, M5 messages of 2 MiB (ids on the first), 4 MiB / 16 MiB (req 14); every call checked: status, response length or the server's byte count (req 18); the upload cells' count and SHA-256 checked once in setup before timing
# warm-up/thread: CAMPAIGN req 24 as amended 8c02e7c58 (>= 20 calls per calling thread at the cell's payload before the first measured value, same process, same threads): B, C, E (and Bf, Cf, Cc, Ef) call from k dedicated caller threads, created in this process before BDN's first stage and kept to its end (under the default toolchain one case per child process, so the warm-up and the measurement share the process and its threads); one invocation = k calls, one on each caller thread; BDN runs at least 4 invocations per iteration (its minimum invoke count), so the 4 warm-up iteration(s) give every caller thread >= 16 calls at the case's payload, after 1 jitting invocation and >= 4 pilot invocations (checked: d/16 MiB at k = 8, BDN child mode, iteration 100 ms: 1 + 4 + 40 = 45 per thread) -- BELOW the rule's 20 at this setting. A, D, F and the callback/queue extras start k async loops (one call each per invocation) on the .NET thread pool (worker min = max = AK_WORKERS): >= 16 calls per loop, but which pool thread runs a call is not controlled, so the per-thread count is not guaranteed for them
# delivery:       B, C, E the core's BLOCKING call on k caller threads (a CallerPool created before BDN starts); A, D, F Grpc.Net's idiomatic async call (AsyncUnaryCall / AsyncClientStreamingCall awaited), k concurrent async calls per invocation; the core's cells share one core runtime with 8 worker thread(s) (req 16)
# armonik:        cell A's channel = packages/csharp ArmoniK.Api.Client GrpcChannelFactory.CreateChannel(new GrpcClient { Endpoint = "http://127.0.0.1:46257" }), called directly (the assembly built from packages/csharp, unchanged), every other option at its package default: HandlerType Http = HttpClientHandler (SocketsHttpHandler underneath) wrapped in the package's logging DelegatingHandler (logger null), proxy type Undefined (UseProxy true: the system proxy for this endpoint is none (bypassed)); GrpcChannelOptions: Credentials Insecure, DisposeHttpClient true, ServiceConfig retry MaxAttempts 5, InitialBackoff 1 s, MaxBackoff 5 s, BackoffMultiplier 1.5 on Unavailable, Aborted, Unknown (so Grpc.Net buffers requests for retry), MaxReceiveMessageSize and MaxSendMessageSize at Grpc.Net's defaults (receive 4 MiB, send unlimited), EnableMultipleHttp2Connections false (the HttpClientHandler default); ServicePointManager.ReusePort = true and ServicePoint SetTcpKeepAlive(true, 30 s, 30 s), MaxIdleTime 5 min, read back on the live sockets per case (so_keepalive_after, so_reuseport_after on each case's first row: 0 = the ServicePoint settings did not reach SocketsHttpHandler's socket); process-wide switches observed: Http2FlowControl.DisableDynamicWindowSizing not set (the worker channel provider's, not set on the control plane's path), Http2UnencryptedSupport not set (the factory sets it only for https with AllowUnsafeConnection); Nagle: SocketsHttpHandler's own default sets TCP_NODELAY, read back before timing and after each case (tcp_nodelay_after), the HTTP/2 connections per cell after each case's run on its first row (tcp_sockets_after); the core cells: the core's client configuration of `shipped` (windows at the stack's defaults, adaptive off, tcp_nagle 0)
# limits:         the client's max send and receive 64 MiB on both transports (D44, enforced); the server's receive limit 8 MiB per message (SERVER.md)
# channels:       each benchmark process builds only the cell of its case, from the case key, with its own channel(s) (one per cell and direction group, opened in the case's setup and kept to the process's end); each row's cell is checked against the cell the process ran (refused on a mismatch); this BDN run merges units A,Cf-retain (owner, 2026-10-03), every case in its own child process
# threads:        .NET thread pool min 8 worker / 8 IO, max 8 worker / 1000 IO, 0 pool thread(s) now; 1 logical CPUs visible; caller threads 8; core runtime 1, 8 worker thread(s)
# memory:         AK_BDN_MEMORY=1: BenchmarkDotNet's MemoryDiagnoser (an exploration switch, not a campaign setting): one extra workload iteration per case AFTER the actual stage, at the actual stage's invocation count, outside the job's clock (no exported sample is affected); on each case's first sample row mem_alloc_bytes_per_op (GC.GetTotalAllocatedBytes(precise), every thread, divided by its operations), mem_gen = [gen0, gen1, gen2] collections during it, mem_ops its operations, mem_alloc_bytes its total
// Validating benchmarks:
// ***** BenchmarkRunner: Start   *****
// ***** Found 4 benchmark(s) in total *****
// ***** Building 1 exe(s) in Parallel: Start   *****
Unable to find .sln or .csproj file. Will use current directory /home/user/ArmoniK.Api/ffi/poc/csharp to search for project file. If you don't use .sln file on purpose it should not be a problem.
// start dotnet  restore --nodeReuse:false /p:UseSharedCompilation=false /p:Deterministic=true /p:Optimize=true /p:ArtifactsPath="/home/user/ArmoniK.Api/ffi/poc/csharp/src/Rpc/bin/Release/net8.0/akrpc-rpc-1/" /p:OutDir="/home/user/ArmoniK.Api/ffi/poc/csharp/src/Rpc/bin/Release/net8.0/akrpc-rpc-1/bin/Release/net8.0/" /p:OutputPath="/home/user/ArmoniK.Api/ffi/poc/csharp/src/Rpc/bin/Release/net8.0/akrpc-rpc-1/bin/Release/net8.0/" /p:PublishDir="/home/user/ArmoniK.Api/ffi/poc/csharp/src/Rpc/bin/Release/net8.0/akrpc-rpc-1/publish/" in /home/user/ArmoniK.Api/ffi/poc/csharp/src/Rpc/bin/Release/net8.0/akrpc-rpc-1
// command took 2.21 sec and exited with 0
// start dotnet  build -c Release --no-restore --nodeReuse:false /p:UseSharedCompilation=false /p:Deterministic=true /p:Optimize=true /p:ArtifactsPath="/home/user/ArmoniK.Api/ffi/poc/csharp/src/Rpc/bin/Release/net8.0/akrpc-rpc-1/" /p:OutDir="/home/user/ArmoniK.Api/ffi/poc/csharp/src/Rpc/bin/Release/net8.0/akrpc-rpc-1/bin/Release/net8.0/" /p:OutputPath="/home/user/ArmoniK.Api/ffi/poc/csharp/src/Rpc/bin/Release/net8.0/akrpc-rpc-1/bin/Release/net8.0/" /p:PublishDir="/home/user/ArmoniK.Api/ffi/poc/csharp/src/Rpc/bin/Release/net8.0/akrpc-rpc-1/publish/" --output "/home/user/ArmoniK.Api/ffi/poc/csharp/src/Rpc/bin/Release/net8.0/akrpc-rpc-1/bin/Release/net8.0/" in /home/user/ArmoniK.Api/ffi/poc/csharp/src/Rpc/bin/Release/net8.0/akrpc-rpc-1
// command took 29.78 sec and exited with 0
// ***** Done, took 00:00:32 (32.08 sec)   *****
// Found 4 benchmarks:
//   RpcK1.Run: rpc(EvaluateOverhead=False, Clock=Armonik.Ffi.Bdn.CpuClock, IterationCount=6, IterationTime=100ms, LaunchCount=1, RunStrategy=Throughput, UnrollFactor=1, WarmupCount=4) [Case=A|c|P5.4|1]
//   RpcK1.Run: rpc(EvaluateOverhead=False, Clock=Armonik.Ffi.Bdn.CpuClock, IterationCount=6, IterationTime=100ms, LaunchCount=1, RunStrategy=Throughput, UnrollFactor=1, WarmupCount=4) [Case=Cf-re(...)MiB|1 [26]]
//   RpcK1.Run: rpc(EvaluateOverhead=False, Clock=Armonik.Ffi.Bdn.CpuClock, IterationCount=6, IterationTime=100ms, LaunchCount=1, RunStrategy=Throughput, UnrollFactor=1, WarmupCount=4) [Case=A|d|stream-16MiB|1]
//   RpcK1.Run: rpc(EvaluateOverhead=False, Clock=Armonik.Ffi.Bdn.CpuClock, IterationCount=6, IterationTime=100ms, LaunchCount=1, RunStrategy=Throughput, UnrollFactor=1, WarmupCount=4) [Case=Cf-retain|c|P5.4|1]

// **************************
// Benchmark: RpcK1.Run: rpc(EvaluateOverhead=False, Clock=Armonik.Ffi.Bdn.CpuClock, IterationCount=6, IterationTime=100ms, LaunchCount=1, RunStrategy=Throughput, UnrollFactor=1, WarmupCount=4) [Case=A|c|P5.4|1]
// *** Execute ***
// Launch: 1 / 1
// Execute: dotnet akrpc-rpc-1.dll --anonymousPipes 136 137 --benchmarkName "Armonik.Ffi.Campaign.RpcK1.Run(Case: \"A|c|P5.4|1\")" --job rpc --benchmarkId 0 in /home/user/ArmoniK.Api/ffi/poc/csharp/src/Rpc/bin/Release/net8.0/akrpc-rpc-1/bin/Release/net8.0
// BeforeAnythingElse

// Benchmark Process Environment Information:
// BenchmarkDotNet v0.15.8
// Runtime=.NET 8.0.31 (8.0.31, 8.0.3126.42015), X64 RyuJIT x86-64-v4
// GC=Concurrent Workstation
// HardwareIntrinsics=AVX512 F+BW+CD+DQ+VL,AVX2+BMI1+BMI2+F16C+FMA+LZCNT+MOVBE,AVX,SSE3+SSSE3+SSE4.1+SSE4.2+POPCNT,X86Base+SSE+SSE2,AES+PCLMUL VectorSize=256
// Job: rpc(EvaluateOverhead=False, Clock=Armonik.Ffi.Bdn.CpuClock, IterationCount=6, IterationTime=100ms, LaunchCount=1, RunStrategy=Throughput, UnrollFactor=1, WarmupCount=4)

OverheadJitting  1: 1 op, 211597.00 ns, 211.5970 us/op
WorkloadJitting  1: 1 op, 15680931.00 ns, 15.6809 ms/op

WorkloadPilot    1: 4 op, 41007337.00 ns, 10.2518 ms/op
WorkloadPilot    2: 10 op, 110214071.00 ns, 11.0214 ms/op

WorkloadWarmup   1: 10 op, 102372397.00 ns, 10.2372 ms/op
WorkloadWarmup   2: 10 op, 103194930.00 ns, 10.3195 ms/op
WorkloadWarmup   3: 10 op, 117403275.00 ns, 11.7403 ms/op
WorkloadWarmup   4: 10 op, 112790086.00 ns, 11.2790 ms/op

// BeforeActualRun
WorkloadActual   1: 10 op, 83438572.00 ns, 8.3439 ms/op
WorkloadActual   2: 10 op, 120514783.00 ns, 12.0515 ms/op
WorkloadActual   3: 10 op, 105200468.00 ns, 10.5200 ms/op
WorkloadActual   4: 10 op, 105179033.00 ns, 10.5179 ms/op
WorkloadActual   5: 10 op, 86764125.00 ns, 8.6764 ms/op
WorkloadActual   6: 10 op, 80021035.00 ns, 8.0021 ms/op

// AfterActualRun
WorkloadResult   1: 10 op, 83438572.00 ns, 8.3439 ms/op
WorkloadResult   2: 10 op, 120514783.00 ns, 12.0515 ms/op
WorkloadResult   3: 10 op, 105200468.00 ns, 10.5200 ms/op
WorkloadResult   4: 10 op, 105179033.00 ns, 10.5179 ms/op
WorkloadResult   5: 10 op, 86764125.00 ns, 8.6764 ms/op
WorkloadResult   6: 10 op, 80021035.00 ns, 8.0021 ms/op
// GC:  0 0 0 42419616 10
// Threading:  5284 6 10

// AfterAll
// Benchmark Process 25058 has exited with code 0.

Mean = 9.685 ms, StdErr = 0.649 ms (6.70%), N = 6, StdDev = 1.590 ms
Min = 8.002 ms, Q1 = 8.427 ms, Median = 9.597 ms, Q3 = 10.520 ms, Max = 12.051 ms
IQR = 2.093 ms, LowerFence = 5.288 ms, UpperFence = 13.658 ms
ConfidenceInterval = [5.227 ms; 14.144 ms] (CI 99.9%), Margin = 4.458 ms (46.03% of Mean)
Skewness = 0.26, Kurtosis = 1.16, MValue = 2

// ** Remained 3 (75.0 %) benchmark(s) to run. Estimated finish 2026-10-04 8:35 (0h 0m from now) **
// **************************
// Benchmark: RpcK1.Run: rpc(EvaluateOverhead=False, Clock=Armonik.Ffi.Bdn.CpuClock, IterationCount=6, IterationTime=100ms, LaunchCount=1, RunStrategy=Throughput, UnrollFactor=1, WarmupCount=4) [Case=Cf-re(...)MiB|1 [26]]
// *** Execute ***
// Launch: 1 / 1
// Execute: dotnet akrpc-rpc-1.dll --anonymousPipes 138 139 --benchmarkName "Armonik.Ffi.Campaign.RpcK1.Run(Case: \"Cf-retain|d|stream-16MiB|1\")" --job rpc --benchmarkId 1 in /home/user/ArmoniK.Api/ffi/poc/csharp/src/Rpc/bin/Release/net8.0/akrpc-rpc-1/bin/Release/net8.0
// BeforeAnythingElse

// Benchmark Process Environment Information:
// BenchmarkDotNet v0.15.8
// Runtime=.NET 8.0.31 (8.0.31, 8.0.3126.42015), X64 RyuJIT x86-64-v4
// GC=Concurrent Workstation
// HardwareIntrinsics=AVX512 F+BW+CD+DQ+VL,AVX2+BMI1+BMI2+F16C+FMA+LZCNT+MOVBE,AVX,SSE3+SSSE3+SSE4.1+SSE4.2+POPCNT,X86Base+SSE+SSE2,AES+PCLMUL VectorSize=256
// Job: rpc(EvaluateOverhead=False, Clock=Armonik.Ffi.Bdn.CpuClock, IterationCount=6, IterationTime=100ms, LaunchCount=1, RunStrategy=Throughput, UnrollFactor=1, WarmupCount=4)

OverheadJitting  1: 1 op, 220521.00 ns, 220.5210 us/op
WorkloadJitting  1: 1 op, 24080126.00 ns, 24.0801 ms/op

WorkloadPilot    1: 4 op, 58227695.00 ns, 14.5569 ms/op
WorkloadPilot    2: 7 op, 92142991.00 ns, 13.1633 ms/op

WorkloadWarmup   1: 7 op, 109703486.00 ns, 15.6719 ms/op
WorkloadWarmup   2: 7 op, 99072289.00 ns, 14.1532 ms/op
WorkloadWarmup   3: 7 op, 109999622.00 ns, 15.7142 ms/op
WorkloadWarmup   4: 7 op, 113533841.00 ns, 16.2191 ms/op

// BeforeActualRun
WorkloadActual   1: 7 op, 106503638.00 ns, 15.2148 ms/op
WorkloadActual   2: 7 op, 95052576.00 ns, 13.5789 ms/op
WorkloadActual   3: 7 op, 104436063.00 ns, 14.9194 ms/op
WorkloadActual   4: 7 op, 92425645.00 ns, 13.2037 ms/op
WorkloadActual   5: 7 op, 88563992.00 ns, 12.6520 ms/op
WorkloadActual   6: 7 op, 98604961.00 ns, 14.0864 ms/op

// AfterActualRun
WorkloadResult   1: 7 op, 106503638.00 ns, 15.2148 ms/op
WorkloadResult   2: 7 op, 95052576.00 ns, 13.5789 ms/op
WorkloadResult   3: 7 op, 104436063.00 ns, 14.9194 ms/op
WorkloadResult   4: 7 op, 92425645.00 ns, 13.2037 ms/op
WorkloadResult   5: 7 op, 88563992.00 ns, 12.6520 ms/op
WorkloadResult   6: 7 op, 98604961.00 ns, 14.0864 ms/op
// GC:  0 0 0 2352 7
// Threading:  0 3 7

// AfterAll
// Benchmark Process 25104 has exited with code 0.

Mean = 13.943 ms, StdErr = 0.406 ms (2.91%), N = 6, StdDev = 0.994 ms
Min = 12.652 ms, Q1 = 13.297 ms, Median = 13.833 ms, Q3 = 14.711 ms, Max = 15.215 ms
IQR = 1.414 ms, LowerFence = 11.177 ms, UpperFence = 16.832 ms
ConfidenceInterval = [11.156 ms; 16.729 ms] (CI 99.9%), Margin = 2.787 ms (19.99% of Mean)
Skewness = 0.07, Kurtosis = 1.13, MValue = 2

// ** Remained 2 (50.0 %) benchmark(s) to run. Estimated finish 2026-10-04 8:35 (0h 0m from now) **
// **************************
// Benchmark: RpcK1.Run: rpc(EvaluateOverhead=False, Clock=Armonik.Ffi.Bdn.CpuClock, IterationCount=6, IterationTime=100ms, LaunchCount=1, RunStrategy=Throughput, UnrollFactor=1, WarmupCount=4) [Case=A|d|stream-16MiB|1]
// *** Execute ***
// Launch: 1 / 1
// Execute: dotnet akrpc-rpc-1.dll --anonymousPipes 138 139 --benchmarkName "Armonik.Ffi.Campaign.RpcK1.Run(Case: \"A|d|stream-16MiB|1\")" --job rpc --benchmarkId 2 in /home/user/ArmoniK.Api/ffi/poc/csharp/src/Rpc/bin/Release/net8.0/akrpc-rpc-1/bin/Release/net8.0
// BeforeAnythingElse

// Benchmark Process Environment Information:
// BenchmarkDotNet v0.15.8
// Runtime=.NET 8.0.31 (8.0.31, 8.0.3126.42015), X64 RyuJIT x86-64-v4
// GC=Concurrent Workstation
// HardwareIntrinsics=AVX512 F+BW+CD+DQ+VL,AVX2+BMI1+BMI2+F16C+FMA+LZCNT+MOVBE,AVX,SSE3+SSSE3+SSE4.1+SSE4.2+POPCNT,X86Base+SSE+SSE2,AES+PCLMUL VectorSize=256
// Job: rpc(EvaluateOverhead=False, Clock=Armonik.Ffi.Bdn.CpuClock, IterationCount=6, IterationTime=100ms, LaunchCount=1, RunStrategy=Throughput, UnrollFactor=1, WarmupCount=4)

OverheadJitting  1: 1 op, 1512987.00 ns, 1.5130 ms/op
WorkloadJitting  1: 1 op, 36228000.00 ns, 36.2280 ms/op

WorkloadPilot    1: 4 op, 178966434.00 ns, 44.7416 ms/op

WorkloadWarmup   1: 4 op, 138741102.00 ns, 34.6853 ms/op
WorkloadWarmup   2: 4 op, 151595156.00 ns, 37.8988 ms/op
WorkloadWarmup   3: 4 op, 163102631.00 ns, 40.7757 ms/op
WorkloadWarmup   4: 4 op, 158797591.00 ns, 39.6994 ms/op

// BeforeActualRun
WorkloadActual   1: 4 op, 146581154.00 ns, 36.6453 ms/op
WorkloadActual   2: 4 op, 150510733.00 ns, 37.6277 ms/op
WorkloadActual   3: 4 op, 154046754.00 ns, 38.5117 ms/op
WorkloadActual   4: 4 op, 157548871.00 ns, 39.3872 ms/op
WorkloadActual   5: 4 op, 143814826.00 ns, 35.9537 ms/op
WorkloadActual   6: 4 op, 142616415.00 ns, 35.6541 ms/op

// AfterActualRun
WorkloadResult   1: 4 op, 146581154.00 ns, 36.6453 ms/op
WorkloadResult   2: 4 op, 150510733.00 ns, 37.6277 ms/op
WorkloadResult   3: 4 op, 154046754.00 ns, 38.5117 ms/op
WorkloadResult   4: 4 op, 157548871.00 ns, 39.3872 ms/op
WorkloadResult   5: 4 op, 143814826.00 ns, 35.9537 ms/op
WorkloadResult   6: 4 op, 142616415.00 ns, 35.6541 ms/op
// GC:  0 0 0 67829400 4
// Threading:  8501 0 4
// Exceptions:  1

// AfterAll
// Benchmark Process 25138 has exited with code 0.

Mean = 37.297 ms, StdErr = 0.602 ms (1.61%), N = 6, StdDev = 1.475 ms
Min = 35.654 ms, Q1 = 36.127 ms, Median = 37.136 ms, Q3 = 38.291 ms, Max = 39.387 ms
IQR = 2.164 ms, LowerFence = 32.880 ms, UpperFence = 41.537 ms
ConfidenceInterval = [33.160 ms; 41.434 ms] (CI 99.9%), Margin = 4.137 ms (11.09% of Mean)
Skewness = 0.2, Kurtosis = 1.13, MValue = 2

// ** Remained 1 (25.0 %) benchmark(s) to run. Estimated finish 2026-10-04 8:35 (0h 0m from now) **
// **************************
// Benchmark: RpcK1.Run: rpc(EvaluateOverhead=False, Clock=Armonik.Ffi.Bdn.CpuClock, IterationCount=6, IterationTime=100ms, LaunchCount=1, RunStrategy=Throughput, UnrollFactor=1, WarmupCount=4) [Case=Cf-retain|c|P5.4|1]
// *** Execute ***
// Launch: 1 / 1
// Execute: dotnet akrpc-rpc-1.dll --anonymousPipes 138 139 --benchmarkName "Armonik.Ffi.Campaign.RpcK1.Run(Case: \"Cf-retain|c|P5.4|1\")" --job rpc --benchmarkId 3 in /home/user/ArmoniK.Api/ffi/poc/csharp/src/Rpc/bin/Release/net8.0/akrpc-rpc-1/bin/Release/net8.0
// BeforeAnythingElse

// Benchmark Process Environment Information:
// BenchmarkDotNet v0.15.8
// Runtime=.NET 8.0.31 (8.0.31, 8.0.3126.42015), X64 RyuJIT x86-64-v4
// GC=Concurrent Workstation
// HardwareIntrinsics=AVX512 F+BW+CD+DQ+VL,AVX2+BMI1+BMI2+F16C+FMA+LZCNT+MOVBE,AVX,SSE3+SSSE3+SSE4.1+SSE4.2+POPCNT,X86Base+SSE+SSE2,AES+PCLMUL VectorSize=256
// Job: rpc(EvaluateOverhead=False, Clock=Armonik.Ffi.Bdn.CpuClock, IterationCount=6, IterationTime=100ms, LaunchCount=1, RunStrategy=Throughput, UnrollFactor=1, WarmupCount=4)

OverheadJitting  1: 1 op, 199238.00 ns, 199.2380 us/op
WorkloadJitting  1: 1 op, 12244760.00 ns, 12.2448 ms/op

WorkloadPilot    1: 4 op, 23036896.00 ns, 5.7592 ms/op
WorkloadPilot    2: 17 op, 127410159.00 ns, 7.4947 ms/op
WorkloadPilot    3: 13 op, 78047604.00 ns, 6.0037 ms/op
WorkloadPilot    4: 17 op, 103107574.00 ns, 6.0652 ms/op

WorkloadWarmup   1: 17 op, 117359810.00 ns, 6.9035 ms/op
WorkloadWarmup   2: 17 op, 120442937.00 ns, 7.0849 ms/op
WorkloadWarmup   3: 17 op, 135896078.00 ns, 7.9939 ms/op
WorkloadWarmup   4: 17 op, 130503928.00 ns, 7.6767 ms/op

// BeforeActualRun
WorkloadActual   1: 17 op, 84902382.00 ns, 4.9943 ms/op
WorkloadActual   2: 17 op, 104547700.00 ns, 6.1499 ms/op
WorkloadActual   3: 17 op, 122840859.00 ns, 7.2259 ms/op
WorkloadActual   4: 17 op, 144733753.00 ns, 8.5138 ms/op
WorkloadActual   5: 17 op, 106155699.00 ns, 6.2445 ms/op
WorkloadActual   6: 17 op, 108877289.00 ns, 6.4045 ms/op

// AfterActualRun
WorkloadResult   1: 17 op, 84902382.00 ns, 4.9943 ms/op
WorkloadResult   2: 17 op, 104547700.00 ns, 6.1499 ms/op
WorkloadResult   3: 17 op, 122840859.00 ns, 7.2259 ms/op
WorkloadResult   4: 17 op, 106155699.00 ns, 6.2445 ms/op
WorkloadResult   5: 17 op, 108877289.00 ns, 6.4045 ms/op
// GC:  0 0 0 1224 17
// Threading:  0 10 17

// AfterAll
// Benchmark Process 25234 has exited with code 0.

Mean = 6.204 ms, StdErr = 0.357 ms (5.76%), N = 5, StdDev = 0.799 ms
Min = 4.994 ms, Q1 = 6.150 ms, Median = 6.244 ms, Q3 = 6.405 ms, Max = 7.226 ms
IQR = 0.255 ms, LowerFence = 5.768 ms, UpperFence = 6.787 ms
ConfidenceInterval = [3.128 ms; 9.280 ms] (CI 99.9%), Margin = 3.076 ms (49.58% of Mean)
Skewness = -0.27, Kurtosis = 1.59, MValue = 2

// ** Remained 0 (0.0 %) benchmark(s) to run. Estimated finish 2026-10-04 8:35 (0h 0m from now) **
Run time: 00:00:12 (12.64 sec), executed benchmarks: 4

// ***** BenchmarkRunner: Finish  *****

// * Export *
  home/user/ArmoniK.Api/ffi/logs/csharp/opt/baseline/rpc-stock.alloc-pinned.jsonl

// * Detailed results *
RpcK1.Run: rpc(EvaluateOverhead=False, Clock=Armonik.Ffi.Bdn.CpuClock, IterationCount=6, IterationTime=100ms, LaunchCount=1, RunStrategy=Throughput, UnrollFactor=1, WarmupCount=4) [Case=A|c|P5.4|1]
Runtime = .NET 8.0.31 (8.0.31, 8.0.3126.42015), X64 RyuJIT x86-64-v4; GC = Concurrent Workstation
Mean = 9.685 ms, StdErr = 0.649 ms (6.70%), N = 6, StdDev = 1.590 ms
Min = 8.002 ms, Q1 = 8.427 ms, Median = 9.597 ms, Q3 = 10.520 ms, Max = 12.051 ms
IQR = 2.093 ms, LowerFence = 5.288 ms, UpperFence = 13.658 ms
ConfidenceInterval = [5.227 ms; 14.144 ms] (CI 99.9%), Margin = 4.458 ms (46.03% of Mean)
Skewness = 0.26, Kurtosis = 1.16, MValue = 2
-------------------- Histogram --------------------
[ 6.854 ms ;  8.284 ms) | @
[ 8.284 ms ; 10.580 ms) | @@@@
[10.580 ms ; 13.200 ms) | @
---------------------------------------------------

RpcK1.Run: rpc(EvaluateOverhead=False, Clock=Armonik.Ffi.Bdn.CpuClock, IterationCount=6, IterationTime=100ms, LaunchCount=1, RunStrategy=Throughput, UnrollFactor=1, WarmupCount=4) [Case=Cf-re(...)MiB|1 [26]]
Runtime = .NET 8.0.31 (8.0.31, 8.0.3126.42015), X64 RyuJIT x86-64-v4; GC = Concurrent Workstation
Mean = 13.943 ms, StdErr = 0.406 ms (2.91%), N = 6, StdDev = 0.994 ms
Min = 12.652 ms, Q1 = 13.297 ms, Median = 13.833 ms, Q3 = 14.711 ms, Max = 15.215 ms
IQR = 1.414 ms, LowerFence = 11.177 ms, UpperFence = 16.832 ms
ConfidenceInterval = [11.156 ms; 16.729 ms] (CI 99.9%), Margin = 2.787 ms (19.99% of Mean)
Skewness = 0.07, Kurtosis = 1.13, MValue = 2
-------------------- Histogram --------------------
[12.651 ms ; 14.349 ms) | @@@@
[14.349 ms ; 15.933 ms) | @@
---------------------------------------------------

RpcK1.Run: rpc(EvaluateOverhead=False, Clock=Armonik.Ffi.Bdn.CpuClock, IterationCount=6, IterationTime=100ms, LaunchCount=1, RunStrategy=Throughput, UnrollFactor=1, WarmupCount=4) [Case=A|d|stream-16MiB|1]
Runtime = .NET 8.0.31 (8.0.31, 8.0.3126.42015), X64 RyuJIT x86-64-v4; GC = Concurrent Workstation
Mean = 37.297 ms, StdErr = 0.602 ms (1.61%), N = 6, StdDev = 1.475 ms
Min = 35.654 ms, Q1 = 36.127 ms, Median = 37.136 ms, Q3 = 38.291 ms, Max = 39.387 ms
IQR = 2.164 ms, LowerFence = 32.880 ms, UpperFence = 41.537 ms
ConfidenceInterval = [33.160 ms; 41.434 ms] (CI 99.9%), Margin = 4.137 ms (11.09% of Mean)
Skewness = 0.2, Kurtosis = 1.13, MValue = 2
-------------------- Histogram --------------------
[35.575 ms ; 37.706 ms) | @@@@
[37.706 ms ; 40.015 ms) | @@
---------------------------------------------------

RpcK1.Run: rpc(EvaluateOverhead=False, Clock=Armonik.Ffi.Bdn.CpuClock, IterationCount=6, IterationTime=100ms, LaunchCount=1, RunStrategy=Throughput, UnrollFactor=1, WarmupCount=4) [Case=Cf-retain|c|P5.4|1]
Runtime = .NET 8.0.31 (8.0.31, 8.0.3126.42015), X64 RyuJIT x86-64-v4; GC = Concurrent Workstation
Mean = 6.204 ms, StdErr = 0.357 ms (5.76%), N = 5, StdDev = 0.799 ms
Min = 4.994 ms, Q1 = 6.150 ms, Median = 6.244 ms, Q3 = 6.405 ms, Max = 7.226 ms
IQR = 0.255 ms, LowerFence = 5.768 ms, UpperFence = 6.787 ms
ConfidenceInterval = [3.128 ms; 9.280 ms] (CI 99.9%), Margin = 3.076 ms (49.58% of Mean)
Skewness = -0.27, Kurtosis = 1.59, MValue = 2
-------------------- Histogram --------------------
[4.381 ms ; 5.607 ms) | @
[5.607 ms ; 6.075 ms) | 
[6.075 ms ; 7.301 ms) | @@@@
---------------------------------------------------

// * Summary *

BenchmarkDotNet v0.15.8, Linux Ubuntu 24.04.4 LTS (Noble Numbat)
Intel Xeon Processor 2.80GHz, 1 CPU, 4 logical and 4 physical cores
.NET SDK 8.0.131
  [Host] : .NET 8.0.31 (8.0.31, 8.0.3126.42015), X64 RyuJIT x86-64-v4
  rpc    : .NET 8.0.31 (8.0.31, 8.0.3126.42015), X64 RyuJIT x86-64-v4

Job=rpc  EvaluateOverhead=False  Clock=Armonik.Ffi.Bdn.CpuClock  
IterationCount=6  IterationTime=100ms  LaunchCount=1  
RunStrategy=Throughput  UnrollFactor=1  WarmupCount=4  

| Method | Case                 | Mean      | Error    | StdDev    | Allocated  |
|------- |--------------------- |----------:|---------:|----------:|-----------:|
| Run    | A|c|P5.4|1           |  9.685 ms | 4.458 ms | 1.5899 ms |  4241962 B |
| Run    | Cf-re(...)MiB|1 [26] | 13.943 ms | 2.787 ms | 0.9937 ms |      336 B |
| Run    | A|d|stream-16MiB|1   | 37.297 ms | 4.137 ms | 1.4753 ms | 16957350 B |
| Run    | Cf-retain|c|P5.4|1   |  6.204 ms | 3.076 ms | 0.7988 ms |       72 B |

// * Legends *
  Case      : Value of the 'Case' parameter
  Mean      : Arithmetic mean of all measurements
  Error     : Half of 99.9% confidence interval
  StdDev    : Standard deviation of all measurements
  Allocated : Allocated memory per single operation (managed only, inclusive, 1KB = 1024B)
  1 ms      : 1 Millisecond (0.001 sec)

// * Diagnostic Output - AkRpcProcessCpu *

// * Diagnostic Output - MemoryDiagnoser *


// ***** BenchmarkRunner: End *****
Global total time: 00:00:45 (45.4 sec), executed benchmarks: 4
// * Artifacts cleanup *
Artifacts cleanup is finished
