# engine:         BenchmarkDotNet 0.15.8.0 (CAMPAIGN.md 22a), toolchain BDN's default, ONE CHILD PROCESS PER CASE (the campaign's native isolation, req 22a as amended e6c909630); process CPU per iteration from the child's clock reads, each pair checked against BDN's wall measurement; the JIT tier is NOT read back (the children's JIT events are not visible here), so the jit check below is vacuous in this mode, pinned by the runner
# grid:           core (CAMPAIGN section 4.0, D18; AK_CAMPAIGN_GRID=core): arms incumbent-prod (full build only), core-ffi (FSM decode, D24) and host-gen (retain in the full build, no-unknown in its build); encode-transport-hot (end state ii, one hot graph) and decode-read; the 16 shapes, P7.1 decode only; Latin-1 and wide on P2.2 only; U-* rows U-nested-before, U-deep-u-repeated, U-oneof-u-repeated, U-wire-ListTaskSummaryResponse-tasks-as-wt5, U-wire-UploadResultDataMessage-upload-as-wt5, U-wire-ListMetricsResponse-batches-as-wt0, U-wire-DualResponse-left-as-wt5 (encode-transport-hot and decode-read). Extras left out (AK_CAMPAIGN_GRID=full runs them): incumbent-best, core-ffi-push (push decode), core-ffi-pull, bare decode, encode at end state (i) and with a pool input, decode-reencode, the drop mode, the incumbent in the no-unknown build, content sets on P1.2 and P2.4, the other U-* rows timed (all stay in the correctness checks)
# allocator:      default (readback at process start: a 16 MiB malloc came from the mmapped (mallinfo2; the block kept, never freed); no heap pre-grow (owner, 2026-10-03): BDN's warm-up runs the real call path, and minflt per row shows whether it sufficed; under the default toolchain each child probes once, on its case's first row as alloc_probe; GLIBC_TUNABLES=unset; CAMPAIGN req 25 as amended 2026-10-03, D9: the main figures run glibc's default allocator as production does; the pinned pass (glibc.malloc.trim_threshold=268435456:glibc.malloc.mmap_threshold=33554432) is a labelled diagnostic; every row carries `alloc` and `minflt`, the process's minor page faults over the iteration (getrusage, read by the job's clock beside the CPU clock), so faults per call = minflt / iters)
# runtime:        .NET 8.0.31; TieredCompilation=default TieredPGO=0 (net8.0 defaults unless set); GC server=False, concurrent (default)
# incumbent:      Google.Protobuf 3.32.0
# build:          full (WP5 step 10; the loaded core checked to be the same variant by its u-family exports)
# managed codec:  plan utf8=reject unknown=drop
# job:            launch 1; 6 actual iterations (rounds) per case, 25 warm-up iterations (the same for every case) after BDN's jitting stage (1 overhead + 1 workload jitting invocation per case, logged by BDN in the .bdn.log, not exported) and pilot, iteration time 40 ms (the pilot picks the invocation count per case), strategy Throughput, EvaluateOverhead=false (no overhead subtraction anywhere)
# clocks:         per iteration (every row with round >= 1): wall (Stopwatch) AND process CPU (CLOCK_PROCESS_CPUTIME_ID of this process: every thread, GC and JIT included; CAMPAIGN req 21 as amended, R-H25), both read by the job's clock (CpuClock, Job.WithClock) at the start and end of the same iteration window, exported RAW (no outlier removal, no overhead subtraction); BDN's forced GCs between iterations are outside the window; the round-0 row of each case is a summary of the whole actual stage (span_cpu_ns, span_wall_ns), not a sample
# threads:        thread pool min 2 worker / 1 IO, max 32767 worker / 1000 IO, 0 pool thread(s) now; 2 logical CPUs visible; the codec suite creates no core runtime (no RPC call is made); the timed loop runs on BDN's one thread
# encode:         CAMPAIGN req 11 (R-H29): dir encode = pool input + reused buffer; encode-hot = one graph + reused buffer; encode-transport = pool + the Grpc.Net form; encode-transport-hot = one graph + the Grpc.Net form. Reused buffer: incumbent-prod CalculateSize + WriteTo(IBufferWriter) and incumbent-best WriteTo(IBufferWriter) into one BufWriter, host-gen into its one Enc, core-ffi into the core's encode buffer (ak_encode_*/ak_uencode_*; that buffer is also what cell C hands the core's transport, and host-gen's Enc what cell E hands it, so their transport forms on the core's transport ARE the buffer rows). Grpc.Net form (cells A, F, D): the serializer the RPC grid's marshaller runs (RootOps.SerInc/SerHost/SerFfi), into a frame like Grpc.Net.Client 2.71's GrpcCallSerializationContext: one ArrayPool array, the 5-byte gRPC header, the body, the array returned after (GrpcFrame.cs); incumbent-best has no gRPC path and no transport row. Pool: distinct graphs built in the case's setup whose RETAINED heap is >= 28835840 bytes (2 x AK_LLC_BYTES, default 13.75 MB; AK_POOL_BYTES overrides; per row pool_graphs and pool_bytes), round robin one graph per call; a hot input is a pool of one (the same Next() per call); graph construction is never in the timed window
# U-* rows:       CAMPAIGN req 7 (R-H27): the 92 accepted, non-disputed U-* rows at the shapes core's 7 ABI roots, through this timed shapes core: encode-hot (a graph the arm decoded from the row, untimed; retain arms re-emit the unknown fields, drop arms the dropped form), decode, decode-read, and decode-reencode (a labelled extra; no incumbent-best row)
# content sets:   CAMPAIGN req 7 (R-H26): ascii, latin1 and wide on P1.2, P2.2, P2.4; ascii only elsewhere
# order:          seeded shuffles (below); ratios, where the aggregation forms them, come from per-launch medians (CAMPAIGN req 30): every unit is its own process
# process unit:   all cases; this launch's unit order: core-ffi:retain, core-ffi:drop (a seeded shuffle, seed 7919; within this process the cases run in a seeded shuffle too, seed 104729, the 2 prime cases first; requirement 22 as amended, R-H23)
# warm-up:        BenchmarkDotNet's own, per case: its jitting stage, pilot and the warm-up iterations of the job line (req 24; WP9 addendum: no hand-written pre-warm and no settle wait; the 2 prime cases below are BDN cases); the JIT tier is read back per case and a case that measured hot code at tier 0 fails the unit outside --smoke (the jit check below)
# correctness:    4525 pre-timing checks passed (byte identity of every encode arm per payload and content set; every arm accepts every unknown row; on every unknown row core-ffi retain and host-gen retain re-encode to the incumbent's bytes, i.e. the unknown fields are kept: requirement 10)
# cases:          10 exported, after 2 prime case(s) run first and not exported (copies of the first cases, content "prime"): BDN cases like any other, kept because without them the first case of a process measures BDN's own first-touched runtime helpers (SpanHelpers.Fill) at tier 0 (JOURNAL 51, 62)
# strings:        D21 string encode path AK_STR_ENC=E0 (E0 .NET UTF-8 into native staging + ak_tc_bytes; E1 the string pinned + ak_tc_utf16; E2 the C# transcoder callback into the core's buffer; ETH:<n> E1 from n UTF-16 units, E0 below); Cases.Verify checks every path's bytes
# memory:         AK_BDN_MEMORY=1: BenchmarkDotNet's MemoryDiagnoser (an exploration switch, not a campaign setting): one extra workload iteration per case AFTER the actual stage, at the actual stage's invocation count, outside the job's clock (no exported sample is affected); on each case's first sample row mem_alloc_bytes_per_op (GC.GetTotalAllocatedBytes(precise), every thread, divided by its operations), mem_gen = [gen0, gen1, gen2] collections during it, mem_ops its operations, mem_alloc_bytes its total
# cpus:           this process: 2 CPU(s) in its affinity mask (sched_getaffinity), Environment.ProcessorCount 2; single-CPU guard (JOURNAL 73): a timed process (host or BDN child) with ONE CPU is refused unless AK_ALLOW_SINGLE_CPU=1 (here: unset); each case's first row carries cpus_affinity, cpus_runtime and single_cpu_override as its own process saw them
// Validating benchmarks:
// ***** BenchmarkRunner: Start   *****
// ***** Found 12 benchmark(s) in total *****
// ***** Building 1 exe(s) in Parallel: Start   *****
Unable to find .sln or .csproj file. Will use current directory /home/user/ArmoniK.Api/ffi/poc/csharp to search for project file. If you don't use .sln file on purpose it should not be a problem.
// start dotnet  restore --nodeReuse:false /p:UseSharedCompilation=false /p:Deterministic=true /p:Optimize=true /p:ArtifactsPath="/home/user/ArmoniK.Api/ffi/poc/csharp/src/BenchDotNet/bin/Release/net8.0/BenchDotNet-campaign-1/" /p:OutDir="/home/user/ArmoniK.Api/ffi/poc/csharp/src/BenchDotNet/bin/Release/net8.0/BenchDotNet-campaign-1/bin/Release/net8.0/" /p:OutputPath="/home/user/ArmoniK.Api/ffi/poc/csharp/src/BenchDotNet/bin/Release/net8.0/BenchDotNet-campaign-1/bin/Release/net8.0/" /p:PublishDir="/home/user/ArmoniK.Api/ffi/poc/csharp/src/BenchDotNet/bin/Release/net8.0/BenchDotNet-campaign-1/publish/" in /home/user/ArmoniK.Api/ffi/poc/csharp/src/BenchDotNet/bin/Release/net8.0/BenchDotNet-campaign-1
// command took 3.25 sec and exited with 0
// start dotnet  build -c Release --no-restore --nodeReuse:false /p:UseSharedCompilation=false /p:Deterministic=true /p:Optimize=true /p:ArtifactsPath="/home/user/ArmoniK.Api/ffi/poc/csharp/src/BenchDotNet/bin/Release/net8.0/BenchDotNet-campaign-1/" /p:OutDir="/home/user/ArmoniK.Api/ffi/poc/csharp/src/BenchDotNet/bin/Release/net8.0/BenchDotNet-campaign-1/bin/Release/net8.0/" /p:OutputPath="/home/user/ArmoniK.Api/ffi/poc/csharp/src/BenchDotNet/bin/Release/net8.0/BenchDotNet-campaign-1/bin/Release/net8.0/" /p:PublishDir="/home/user/ArmoniK.Api/ffi/poc/csharp/src/BenchDotNet/bin/Release/net8.0/BenchDotNet-campaign-1/publish/" --output "/home/user/ArmoniK.Api/ffi/poc/csharp/src/BenchDotNet/bin/Release/net8.0/BenchDotNet-campaign-1/bin/Release/net8.0/" in /home/user/ArmoniK.Api/ffi/poc/csharp/src/BenchDotNet/bin/Release/net8.0/BenchDotNet-campaign-1
// command took 19.84 sec and exited with 0
// ***** Done, took 00:00:23 (23.22 sec)   *****
// Found 12 benchmarks:
//   CodecSuite.Run: campaign(EvaluateOverhead=False, Clock=Armonik.Ffi.Bdn.CpuClock, IterationCount=6, IterationTime=40ms, LaunchCount=1, RunStrategy=Throughput, WarmupCount=25) [Case=core-(...)etain [42]]
//   CodecSuite.Run: campaign(EvaluateOverhead=False, Clock=Armonik.Ffi.Bdn.CpuClock, IterationCount=6, IterationTime=40ms, LaunchCount=1, RunStrategy=Throughput, WarmupCount=25) [Case=core-(...)|drop [40]]
//   CodecSuite.Run: campaign(EvaluateOverhead=False, Clock=Armonik.Ffi.Bdn.CpuClock, IterationCount=6, IterationTime=40ms, LaunchCount=1, RunStrategy=Throughput, WarmupCount=25) [Case=core-(...)etain [43]]
//   CodecSuite.Run: campaign(EvaluateOverhead=False, Clock=Armonik.Ffi.Bdn.CpuClock, IterationCount=6, IterationTime=40ms, LaunchCount=1, RunStrategy=Throughput, WarmupCount=25) [Case=core-(...)|drop [40]]
//   CodecSuite.Run: campaign(EvaluateOverhead=False, Clock=Armonik.Ffi.Bdn.CpuClock, IterationCount=6, IterationTime=40ms, LaunchCount=1, RunStrategy=Throughput, WarmupCount=25) [Case=core-(...)etain [42]]
//   CodecSuite.Run: campaign(EvaluateOverhead=False, Clock=Armonik.Ffi.Bdn.CpuClock, IterationCount=6, IterationTime=40ms, LaunchCount=1, RunStrategy=Throughput, WarmupCount=25) [Case=core-(...)etain [42]]
//   CodecSuite.Run: campaign(EvaluateOverhead=False, Clock=Armonik.Ffi.Bdn.CpuClock, IterationCount=6, IterationTime=40ms, LaunchCount=1, RunStrategy=Throughput, WarmupCount=25) [Case=core-(...)|drop [54]]
//   CodecSuite.Run: campaign(EvaluateOverhead=False, Clock=Armonik.Ffi.Bdn.CpuClock, IterationCount=6, IterationTime=40ms, LaunchCount=1, RunStrategy=Throughput, WarmupCount=25) [Case=core-(...)etain [41]]
//   CodecSuite.Run: campaign(EvaluateOverhead=False, Clock=Armonik.Ffi.Bdn.CpuClock, IterationCount=6, IterationTime=40ms, LaunchCount=1, RunStrategy=Throughput, WarmupCount=25) [Case=core-(...)|drop [39]]
//   CodecSuite.Run: campaign(EvaluateOverhead=False, Clock=Armonik.Ffi.Bdn.CpuClock, IterationCount=6, IterationTime=40ms, LaunchCount=1, RunStrategy=Throughput, WarmupCount=25) [Case=core-(...)|drop [40]]
//   CodecSuite.Run: campaign(EvaluateOverhead=False, Clock=Armonik.Ffi.Bdn.CpuClock, IterationCount=6, IterationTime=40ms, LaunchCount=1, RunStrategy=Throughput, WarmupCount=25) [Case=core-(...)|drop [41]]
//   CodecSuite.Run: campaign(EvaluateOverhead=False, Clock=Armonik.Ffi.Bdn.CpuClock, IterationCount=6, IterationTime=40ms, LaunchCount=1, RunStrategy=Throughput, WarmupCount=25) [Case=core-(...)etain [56]]

// **************************
// Benchmark: CodecSuite.Run: campaign(EvaluateOverhead=False, Clock=Armonik.Ffi.Bdn.CpuClock, IterationCount=6, IterationTime=40ms, LaunchCount=1, RunStrategy=Throughput, WarmupCount=25) [Case=core-(...)etain [42]]
// *** Execute ***
// Launch: 1 / 1
// Execute: dotnet BenchDotNet-campaign-1.dll --anonymousPipes 138 139 --benchmarkName "Armonik.Ffi.Bdn.CodecSuite.Run(Case: \"core-ffi|encode-core-hot|P2.2|prime|retain\")" --job campaign --benchmarkId 0 in /home/user/ArmoniK.Api/ffi/poc/csharp/src/BenchDotNet/bin/Release/net8.0/BenchDotNet-campaign-1/bin/Release/net8.0
// BeforeAnythingElse

// Benchmark Process Environment Information:
// BenchmarkDotNet v0.15.8
// Runtime=.NET 8.0.31 (8.0.31, 8.0.3126.42015), X64 RyuJIT x86-64-v4
// GC=Concurrent Workstation
// HardwareIntrinsics=AVX512 IFMA+VBMI,AVX512 F+BW+CD+DQ+VL,AVX2+BMI1+BMI2+F16C+FMA+LZCNT+MOVBE,AVX,SSE3+SSSE3+SSE4.1+SSE4.2+POPCNT,X86Base+SSE+SSE2,AES+PCLMUL,AvxVnni,SERIALIZE VectorSize=256
// Job: campaign(EvaluateOverhead=False, Clock=Armonik.Ffi.Bdn.CpuClock, IterationCount=6, IterationTime=40ms, LaunchCount=1, RunStrategy=Throughput, WarmupCount=25)

OverheadJitting  1: 1 op, 329059.00 ns, 329.0590 us/op
WorkloadJitting  1: 1 op, 13006244.00 ns, 13.0062 ms/op

WorkloadPilot    1: 4 op, 14587090.00 ns, 3.6468 ms/op
WorkloadPilot    2: 11 op, 21674250.00 ns, 1.9704 ms/op
WorkloadPilot    3: 20 op, 24721627.00 ns, 1.2361 ms/op
WorkloadPilot    4: 32 op, 37645358.00 ns, 1.1764 ms/op
WorkloadPilot    5: 34 op, 41757861.00 ns, 1.2282 ms/op

WorkloadWarmup   1: 34 op, 45635626.00 ns, 1.3422 ms/op
WorkloadWarmup   2: 34 op, 40885093.00 ns, 1.2025 ms/op
WorkloadWarmup   3: 34 op, 39249405.00 ns, 1.1544 ms/op
WorkloadWarmup   4: 34 op, 37341613.00 ns, 1.0983 ms/op
WorkloadWarmup   5: 34 op, 37968734.00 ns, 1.1167 ms/op
WorkloadWarmup   6: 34 op, 52825061.00 ns, 1.5537 ms/op
WorkloadWarmup   7: 34 op, 38671247.00 ns, 1.1374 ms/op
WorkloadWarmup   8: 34 op, 34928123.00 ns, 1.0273 ms/op
WorkloadWarmup   9: 34 op, 44633810.00 ns, 1.3128 ms/op
WorkloadWarmup  10: 34 op, 37833949.00 ns, 1.1128 ms/op
WorkloadWarmup  11: 34 op, 39358947.00 ns, 1.1576 ms/op
WorkloadWarmup  12: 34 op, 42060938.00 ns, 1.2371 ms/op
WorkloadWarmup  13: 34 op, 34564867.00 ns, 1.0166 ms/op
WorkloadWarmup  14: 34 op, 38595337.00 ns, 1.1352 ms/op
WorkloadWarmup  15: 34 op, 37750127.00 ns, 1.1103 ms/op
WorkloadWarmup  16: 34 op, 34465421.00 ns, 1.0137 ms/op
WorkloadWarmup  17: 34 op, 36842674.00 ns, 1.0836 ms/op
WorkloadWarmup  18: 34 op, 35154542.00 ns, 1.0340 ms/op
WorkloadWarmup  19: 34 op, 34451065.00 ns, 1.0133 ms/op
WorkloadWarmup  20: 34 op, 34704341.00 ns, 1.0207 ms/op
WorkloadWarmup  21: 34 op, 33835138.00 ns, 995.1511 us/op
WorkloadWarmup  22: 34 op, 34986913.00 ns, 1.0290 ms/op
WorkloadWarmup  23: 34 op, 37144179.00 ns, 1.0925 ms/op
WorkloadWarmup  24: 34 op, 40742823.00 ns, 1.1983 ms/op
WorkloadWarmup  25: 34 op, 36481730.00 ns, 1.0730 ms/op

// BeforeActualRun
WorkloadActual   1: 34 op, 36742651.00 ns, 1.0807 ms/op
WorkloadActual   2: 34 op, 36959648.00 ns, 1.0870 ms/op
WorkloadActual   3: 34 op, 37373365.00 ns, 1.0992 ms/op
WorkloadActual   4: 34 op, 38274233.00 ns, 1.1257 ms/op
WorkloadActual   5: 34 op, 35442545.00 ns, 1.0424 ms/op
WorkloadActual   6: 34 op, 36543938.00 ns, 1.0748 ms/op

// AfterActualRun
WorkloadResult   1: 34 op, 36742651.00 ns, 1.0807 ms/op
WorkloadResult   2: 34 op, 36959648.00 ns, 1.0870 ms/op
WorkloadResult   3: 34 op, 37373365.00 ns, 1.0992 ms/op
WorkloadResult   4: 34 op, 38274233.00 ns, 1.1257 ms/op
WorkloadResult   5: 34 op, 35442545.00 ns, 1.0424 ms/op
WorkloadResult   6: 34 op, 36543938.00 ns, 1.0748 ms/op
// GC:  0 0 0 0 34
// Threading:  0 0 34

// AfterAll
// Benchmark Process 7134 has exited with code 0.

Mean = 1.085 ms, StdErr = 0.011 ms (1.04%), N = 6, StdDev = 0.028 ms
Min = 1.042 ms, Q1 = 1.076 ms, Median = 1.084 ms, Q3 = 1.096 ms, Max = 1.126 ms
IQR = 0.020 ms, LowerFence = 1.046 ms, UpperFence = 1.126 ms
ConfidenceInterval = [1.008 ms; 1.162 ms] (CI 99.9%), Margin = 0.077 ms (7.12% of Mean)
Skewness = -0.06, Kurtosis = 1.76, MValue = 2

// ** Remained 11 (91.7 %) benchmark(s) to run. Estimated finish 2026-10-10 7:53 (0h 0m from now) **
// **************************
// Benchmark: CodecSuite.Run: campaign(EvaluateOverhead=False, Clock=Armonik.Ffi.Bdn.CpuClock, IterationCount=6, IterationTime=40ms, LaunchCount=1, RunStrategy=Throughput, WarmupCount=25) [Case=core-(...)|drop [40]]
// *** Execute ***
// Launch: 1 / 1
// Execute: dotnet BenchDotNet-campaign-1.dll --anonymousPipes 138 139 --benchmarkName "Armonik.Ffi.Bdn.CodecSuite.Run(Case: \"core-ffi|encode-core-hot|P2.2|prime|drop\")" --job campaign --benchmarkId 1 in /home/user/ArmoniK.Api/ffi/poc/csharp/src/BenchDotNet/bin/Release/net8.0/BenchDotNet-campaign-1/bin/Release/net8.0
// BeforeAnythingElse

// Benchmark Process Environment Information:
// BenchmarkDotNet v0.15.8
// Runtime=.NET 8.0.31 (8.0.31, 8.0.3126.42015), X64 RyuJIT x86-64-v4
// GC=Concurrent Workstation
// HardwareIntrinsics=AVX512 IFMA+VBMI,AVX512 F+BW+CD+DQ+VL,AVX2+BMI1+BMI2+F16C+FMA+LZCNT+MOVBE,AVX,SSE3+SSSE3+SSE4.1+SSE4.2+POPCNT,X86Base+SSE+SSE2,AES+PCLMUL,AvxVnni,SERIALIZE VectorSize=256
// Job: campaign(EvaluateOverhead=False, Clock=Armonik.Ffi.Bdn.CpuClock, IterationCount=6, IterationTime=40ms, LaunchCount=1, RunStrategy=Throughput, WarmupCount=25)

OverheadJitting  1: 1 op, 267188.00 ns, 267.1880 us/op
WorkloadJitting  1: 1 op, 12416440.00 ns, 12.4164 ms/op

WorkloadPilot    1: 4 op, 13656319.00 ns, 3.4141 ms/op
WorkloadPilot    2: 12 op, 21418637.00 ns, 1.7849 ms/op
WorkloadPilot    3: 22 op, 27142260.00 ns, 1.2337 ms/op
WorkloadPilot    4: 32 op, 47548146.00 ns, 1.4859 ms/op
WorkloadPilot    5: 27 op, 32451179.00 ns, 1.2019 ms/op
WorkloadPilot    6: 33 op, 41763181.00 ns, 1.2656 ms/op

WorkloadWarmup   1: 33 op, 37950745.00 ns, 1.1500 ms/op
WorkloadWarmup   2: 33 op, 30217108.00 ns, 915.6699 us/op
WorkloadWarmup   3: 33 op, 32065520.00 ns, 971.6824 us/op
WorkloadWarmup   4: 33 op, 30761226.00 ns, 932.1584 us/op
WorkloadWarmup   5: 33 op, 28730874.00 ns, 870.6325 us/op
WorkloadWarmup   6: 33 op, 28295841.00 ns, 857.4497 us/op
WorkloadWarmup   7: 33 op, 32833546.00 ns, 994.9559 us/op
WorkloadWarmup   8: 33 op, 31469806.00 ns, 953.6305 us/op
WorkloadWarmup   9: 33 op, 34516031.00 ns, 1.0459 ms/op
WorkloadWarmup  10: 33 op, 33995290.00 ns, 1.0302 ms/op
WorkloadWarmup  11: 33 op, 31752093.00 ns, 962.1846 us/op
WorkloadWarmup  12: 33 op, 45668466.00 ns, 1.3839 ms/op
WorkloadWarmup  13: 33 op, 33356298.00 ns, 1.0108 ms/op
WorkloadWarmup  14: 33 op, 29785898.00 ns, 902.6030 us/op
WorkloadWarmup  15: 33 op, 34185471.00 ns, 1.0359 ms/op
WorkloadWarmup  16: 33 op, 30005356.00 ns, 909.2532 us/op
WorkloadWarmup  17: 33 op, 30755591.00 ns, 931.9876 us/op
WorkloadWarmup  18: 33 op, 32046135.00 ns, 971.0950 us/op
WorkloadWarmup  19: 33 op, 30658781.00 ns, 929.0540 us/op
WorkloadWarmup  20: 33 op, 31065269.00 ns, 941.3718 us/op
WorkloadWarmup  21: 33 op, 34892281.00 ns, 1.0573 ms/op
WorkloadWarmup  22: 33 op, 30042234.00 ns, 910.3707 us/op
WorkloadWarmup  23: 33 op, 31539065.00 ns, 955.7292 us/op
WorkloadWarmup  24: 33 op, 28916929.00 ns, 876.2706 us/op
WorkloadWarmup  25: 33 op, 30400076.00 ns, 921.2144 us/op

// BeforeActualRun
WorkloadActual   1: 33 op, 30714294.00 ns, 930.7362 us/op
WorkloadActual   2: 33 op, 31065538.00 ns, 941.3799 us/op
WorkloadActual   3: 33 op, 36064641.00 ns, 1.0929 ms/op
WorkloadActual   4: 33 op, 34800270.00 ns, 1.0546 ms/op
WorkloadActual   5: 33 op, 33443282.00 ns, 1.0134 ms/op
WorkloadActual   6: 33 op, 32852907.00 ns, 995.5426 us/op

// AfterActualRun
WorkloadResult   1: 33 op, 30714294.00 ns, 930.7362 us/op
WorkloadResult   2: 33 op, 31065538.00 ns, 941.3799 us/op
WorkloadResult   3: 33 op, 36064641.00 ns, 1.0929 ms/op
WorkloadResult   4: 33 op, 34800270.00 ns, 1.0546 ms/op
WorkloadResult   5: 33 op, 33443282.00 ns, 1.0134 ms/op
WorkloadResult   6: 33 op, 32852907.00 ns, 995.5426 us/op
// GC:  0 0 0 0 33
// Threading:  0 0 33

// AfterAll
// Benchmark Process 7144 has exited with code 0.

Mean = 1.005 ms, StdErr = 0.026 ms (2.56%), N = 6, StdDev = 0.063 ms
Min = 0.931 ms, Q1 = 0.955 ms, Median = 1.004 ms, Q3 = 1.044 ms, Max = 1.093 ms
IQR = 0.089 ms, LowerFence = 0.821 ms, UpperFence = 1.178 ms
ConfidenceInterval = [0.828 ms; 1.182 ms] (CI 99.9%), Margin = 0.177 ms (17.61% of Mean)
Skewness = 0.1, Kurtosis = 1.18, MValue = 2

// ** Remained 10 (83.3 %) benchmark(s) to run. Estimated finish 2026-10-10 7:53 (0h 0m from now) **
// **************************
// Benchmark: CodecSuite.Run: campaign(EvaluateOverhead=False, Clock=Armonik.Ffi.Bdn.CpuClock, IterationCount=6, IterationTime=40ms, LaunchCount=1, RunStrategy=Throughput, WarmupCount=25) [Case=core-(...)etain [43]]
// *** Execute ***
// Launch: 1 / 1
// Execute: dotnet BenchDotNet-campaign-1.dll --anonymousPipes 138 139 --benchmarkName "Armonik.Ffi.Bdn.CodecSuite.Run(Case: \"core-ffi|encode-core-hot|P2.2|latin1|retain\")" --job campaign --benchmarkId 2 in /home/user/ArmoniK.Api/ffi/poc/csharp/src/BenchDotNet/bin/Release/net8.0/BenchDotNet-campaign-1/bin/Release/net8.0
// BeforeAnythingElse

// Benchmark Process Environment Information:
// BenchmarkDotNet v0.15.8
// Runtime=.NET 8.0.31 (8.0.31, 8.0.3126.42015), X64 RyuJIT x86-64-v4
// GC=Concurrent Workstation
// HardwareIntrinsics=AVX512 IFMA+VBMI,AVX512 F+BW+CD+DQ+VL,AVX2+BMI1+BMI2+F16C+FMA+LZCNT+MOVBE,AVX,SSE3+SSSE3+SSE4.1+SSE4.2+POPCNT,X86Base+SSE+SSE2,AES+PCLMUL,AvxVnni,SERIALIZE VectorSize=256
// Job: campaign(EvaluateOverhead=False, Clock=Armonik.Ffi.Bdn.CpuClock, IterationCount=6, IterationTime=40ms, LaunchCount=1, RunStrategy=Throughput, WarmupCount=25)

OverheadJitting  1: 1 op, 344605.00 ns, 344.6050 us/op
WorkloadJitting  1: 1 op, 13115726.00 ns, 13.1157 ms/op

WorkloadPilot    1: 4 op, 14949367.00 ns, 3.7373 ms/op
WorkloadPilot    2: 11 op, 21607574.00 ns, 1.9643 ms/op
WorkloadPilot    3: 20 op, 28585464.00 ns, 1.4293 ms/op
WorkloadPilot    4: 28 op, 39777419.00 ns, 1.4206 ms/op

WorkloadWarmup   1: 28 op, 36719989.00 ns, 1.3114 ms/op
WorkloadWarmup   2: 28 op, 39756572.00 ns, 1.4199 ms/op
WorkloadWarmup   3: 28 op, 43751373.00 ns, 1.5625 ms/op
WorkloadWarmup   4: 28 op, 44347547.00 ns, 1.5838 ms/op
WorkloadWarmup   5: 28 op, 40263128.00 ns, 1.4380 ms/op
WorkloadWarmup   6: 28 op, 38797372.00 ns, 1.3856 ms/op
WorkloadWarmup   7: 28 op, 38109485.00 ns, 1.3611 ms/op
WorkloadWarmup   8: 28 op, 40244005.00 ns, 1.4373 ms/op
WorkloadWarmup   9: 28 op, 44013396.00 ns, 1.5719 ms/op
WorkloadWarmup  10: 28 op, 38738525.00 ns, 1.3835 ms/op
WorkloadWarmup  11: 28 op, 42093445.00 ns, 1.5033 ms/op
WorkloadWarmup  12: 28 op, 37779627.00 ns, 1.3493 ms/op
WorkloadWarmup  13: 28 op, 37458640.00 ns, 1.3378 ms/op
WorkloadWarmup  14: 28 op, 39136443.00 ns, 1.3977 ms/op
WorkloadWarmup  15: 28 op, 38514981.00 ns, 1.3755 ms/op
WorkloadWarmup  16: 28 op, 37888301.00 ns, 1.3532 ms/op
WorkloadWarmup  17: 28 op, 36018421.00 ns, 1.2864 ms/op
WorkloadWarmup  18: 28 op, 38721230.00 ns, 1.3829 ms/op
WorkloadWarmup  19: 28 op, 36330880.00 ns, 1.2975 ms/op
WorkloadWarmup  20: 28 op, 35883647.00 ns, 1.2816 ms/op
WorkloadWarmup  21: 28 op, 36710967.00 ns, 1.3111 ms/op
WorkloadWarmup  22: 28 op, 36591476.00 ns, 1.3068 ms/op
WorkloadWarmup  23: 28 op, 36316692.00 ns, 1.2970 ms/op
WorkloadWarmup  24: 28 op, 35936113.00 ns, 1.2834 ms/op
WorkloadWarmup  25: 28 op, 36030176.00 ns, 1.2868 ms/op

// BeforeActualRun
WorkloadActual   1: 28 op, 37816890.00 ns, 1.3506 ms/op
WorkloadActual   2: 28 op, 37518248.00 ns, 1.3399 ms/op
WorkloadActual   3: 28 op, 36100307.00 ns, 1.2893 ms/op
WorkloadActual   4: 28 op, 35818436.00 ns, 1.2792 ms/op
WorkloadActual   5: 28 op, 37768719.00 ns, 1.3489 ms/op
WorkloadActual   6: 28 op, 37586507.00 ns, 1.3424 ms/op

// AfterActualRun
WorkloadResult   1: 28 op, 37816890.00 ns, 1.3506 ms/op
WorkloadResult   2: 28 op, 37518248.00 ns, 1.3399 ms/op
WorkloadResult   3: 28 op, 36100307.00 ns, 1.2893 ms/op
WorkloadResult   4: 28 op, 35818436.00 ns, 1.2792 ms/op
WorkloadResult   5: 28 op, 37768719.00 ns, 1.3489 ms/op
WorkloadResult   6: 28 op, 37586507.00 ns, 1.3424 ms/op
// GC:  0 0 0 0 28
// Threading:  0 0 28

// AfterAll
// Benchmark Process 7157 has exited with code 0.

Mean = 1.325 ms, StdErr = 0.013 ms (0.99%), N = 6, StdDev = 0.032 ms
Min = 1.279 ms, Q1 = 1.302 ms, Median = 1.341 ms, Q3 = 1.347 ms, Max = 1.351 ms
IQR = 0.045 ms, LowerFence = 1.234 ms, UpperFence = 1.415 ms
ConfidenceInterval = [1.235 ms; 1.415 ms] (CI 99.9%), Margin = 0.090 ms (6.77% of Mean)
Skewness = -0.53, Kurtosis = 1.1, MValue = 2

// ** Remained 9 (75.0 %) benchmark(s) to run. Estimated finish 2026-10-10 7:53 (0h 0m from now) **
// **************************
// Benchmark: CodecSuite.Run: campaign(EvaluateOverhead=False, Clock=Armonik.Ffi.Bdn.CpuClock, IterationCount=6, IterationTime=40ms, LaunchCount=1, RunStrategy=Throughput, WarmupCount=25) [Case=core-(...)|drop [40]]
// *** Execute ***
// Launch: 1 / 1
// Execute: dotnet BenchDotNet-campaign-1.dll --anonymousPipes 138 139 --benchmarkName "Armonik.Ffi.Bdn.CodecSuite.Run(Case: \"core-ffi|encode-core-hot|P2.2|ascii|drop\")" --job campaign --benchmarkId 3 in /home/user/ArmoniK.Api/ffi/poc/csharp/src/BenchDotNet/bin/Release/net8.0/BenchDotNet-campaign-1/bin/Release/net8.0
// BeforeAnythingElse

// Benchmark Process Environment Information:
// BenchmarkDotNet v0.15.8
// Runtime=.NET 8.0.31 (8.0.31, 8.0.3126.42015), X64 RyuJIT x86-64-v4
// GC=Concurrent Workstation
// HardwareIntrinsics=AVX512 IFMA+VBMI,AVX512 F+BW+CD+DQ+VL,AVX2+BMI1+BMI2+F16C+FMA+LZCNT+MOVBE,AVX,SSE3+SSSE3+SSE4.1+SSE4.2+POPCNT,X86Base+SSE+SSE2,AES+PCLMUL,AvxVnni,SERIALIZE VectorSize=256
// Job: campaign(EvaluateOverhead=False, Clock=Armonik.Ffi.Bdn.CpuClock, IterationCount=6, IterationTime=40ms, LaunchCount=1, RunStrategy=Throughput, WarmupCount=25)

OverheadJitting  1: 1 op, 300222.00 ns, 300.2220 us/op
WorkloadJitting  1: 1 op, 12229822.00 ns, 12.2298 ms/op

WorkloadPilot    1: 4 op, 13802916.00 ns, 3.4507 ms/op
WorkloadPilot    2: 12 op, 21000184.00 ns, 1.7500 ms/op
WorkloadPilot    3: 23 op, 35638464.00 ns, 1.5495 ms/op
WorkloadPilot    4: 26 op, 28964563.00 ns, 1.1140 ms/op
WorkloadPilot    5: 36 op, 36802340.00 ns, 1.0223 ms/op
WorkloadPilot    6: 39 op, 40228260.00 ns, 1.0315 ms/op

WorkloadWarmup   1: 39 op, 36057040.00 ns, 924.5395 us/op
WorkloadWarmup   2: 39 op, 35371351.00 ns, 906.9577 us/op
WorkloadWarmup   3: 39 op, 34472201.00 ns, 883.9026 us/op
WorkloadWarmup   4: 39 op, 34431470.00 ns, 882.8582 us/op
WorkloadWarmup   5: 39 op, 35729806.00 ns, 916.1489 us/op
WorkloadWarmup   6: 39 op, 35572090.00 ns, 912.1049 us/op
WorkloadWarmup   7: 39 op, 34212884.00 ns, 877.2534 us/op
WorkloadWarmup   8: 39 op, 34245277.00 ns, 878.0840 us/op
WorkloadWarmup   9: 39 op, 35318087.00 ns, 905.5920 us/op
WorkloadWarmup  10: 39 op, 35167123.00 ns, 901.7211 us/op
WorkloadWarmup  11: 39 op, 34216218.00 ns, 877.3389 us/op
WorkloadWarmup  12: 39 op, 34797913.00 ns, 892.2542 us/op
WorkloadWarmup  13: 39 op, 34418637.00 ns, 882.5292 us/op
WorkloadWarmup  14: 39 op, 34693555.00 ns, 889.5783 us/op
WorkloadWarmup  15: 39 op, 33742641.00 ns, 865.1959 us/op
WorkloadWarmup  16: 39 op, 35074406.00 ns, 899.3437 us/op
WorkloadWarmup  17: 39 op, 37388339.00 ns, 958.6754 us/op
WorkloadWarmup  18: 39 op, 36437288.00 ns, 934.2894 us/op
WorkloadWarmup  19: 39 op, 34202966.00 ns, 876.9991 us/op
WorkloadWarmup  20: 39 op, 34203073.00 ns, 877.0019 us/op
WorkloadWarmup  21: 39 op, 35021182.00 ns, 897.9790 us/op
WorkloadWarmup  22: 39 op, 34082755.00 ns, 873.9168 us/op
WorkloadWarmup  23: 39 op, 35692489.00 ns, 915.1920 us/op
WorkloadWarmup  24: 39 op, 36160466.00 ns, 927.1914 us/op
WorkloadWarmup  25: 39 op, 42144018.00 ns, 1.0806 ms/op

// BeforeActualRun
WorkloadActual   1: 39 op, 34208939.00 ns, 877.1523 us/op
WorkloadActual   2: 39 op, 47654059.00 ns, 1.2219 ms/op
WorkloadActual   3: 39 op, 36074739.00 ns, 924.9933 us/op
WorkloadActual   4: 39 op, 34552496.00 ns, 885.9614 us/op
WorkloadActual   5: 39 op, 34501933.00 ns, 884.6649 us/op
WorkloadActual   6: 39 op, 36240812.00 ns, 929.2516 us/op

// AfterActualRun
WorkloadResult   1: 39 op, 34208939.00 ns, 877.1523 us/op
WorkloadResult   2: 39 op, 36074739.00 ns, 924.9933 us/op
WorkloadResult   3: 39 op, 34552496.00 ns, 885.9614 us/op
WorkloadResult   4: 39 op, 34501933.00 ns, 884.6649 us/op
WorkloadResult   5: 39 op, 36240812.00 ns, 929.2516 us/op
// GC:  0 0 0 0 39
// Threading:  0 0 39

// AfterAll
// Benchmark Process 7166 has exited with code 0.

Mean = 900.405 us, StdErr = 11.031 us (1.23%), N = 5, StdDev = 24.667 us
Min = 877.152 us, Q1 = 884.665 us, Median = 885.961 us, Q3 = 924.993 us, Max = 929.252 us
IQR = 40.328 us, LowerFence = 824.172 us, UpperFence = 985.486 us
ConfidenceInterval = [805.422 us; 995.387 us] (CI 99.9%), Margin = 94.982 us (10.55% of Mean)
Skewness = 0.26, Kurtosis = 0.79, MValue = 2

// ** Remained 8 (66.7 %) benchmark(s) to run. Estimated finish 2026-10-10 7:53 (0h 0m from now) **
// **************************
// Benchmark: CodecSuite.Run: campaign(EvaluateOverhead=False, Clock=Armonik.Ffi.Bdn.CpuClock, IterationCount=6, IterationTime=40ms, LaunchCount=1, RunStrategy=Throughput, WarmupCount=25) [Case=core-(...)etain [42]]
// *** Execute ***
// Launch: 1 / 1
// Execute: dotnet BenchDotNet-campaign-1.dll --anonymousPipes 138 139 --benchmarkName "Armonik.Ffi.Bdn.CodecSuite.Run(Case: \"core-ffi|encode-core-hot|P2.4|ascii|retain\")" --job campaign --benchmarkId 4 in /home/user/ArmoniK.Api/ffi/poc/csharp/src/BenchDotNet/bin/Release/net8.0/BenchDotNet-campaign-1/bin/Release/net8.0
// BeforeAnythingElse

// Benchmark Process Environment Information:
// BenchmarkDotNet v0.15.8
// Runtime=.NET 8.0.31 (8.0.31, 8.0.3126.42015), X64 RyuJIT x86-64-v4
// GC=Concurrent Workstation
// HardwareIntrinsics=AVX512 IFMA+VBMI,AVX512 F+BW+CD+DQ+VL,AVX2+BMI1+BMI2+F16C+FMA+LZCNT+MOVBE,AVX,SSE3+SSSE3+SSE4.1+SSE4.2+POPCNT,X86Base+SSE+SSE2,AES+PCLMUL,AvxVnni,SERIALIZE VectorSize=256
// Job: campaign(EvaluateOverhead=False, Clock=Armonik.Ffi.Bdn.CpuClock, IterationCount=6, IterationTime=40ms, LaunchCount=1, RunStrategy=Throughput, WarmupCount=25)

OverheadJitting  1: 1 op, 923010.00 ns, 923.0100 us/op
WorkloadJitting  1: 1 op, 14476642.00 ns, 14.4766 ms/op

WorkloadPilot    1: 4 op, 10483368.00 ns, 2.6208 ms/op
WorkloadPilot    2: 15 op, 17667264.00 ns, 1.1778 ms/op
WorkloadPilot    3: 34 op, 40361754.00 ns, 1.1871 ms/op

WorkloadWarmup   1: 34 op, 41312242.00 ns, 1.2151 ms/op
WorkloadWarmup   2: 34 op, 43883843.00 ns, 1.2907 ms/op
WorkloadWarmup   3: 34 op, 39151688.00 ns, 1.1515 ms/op
WorkloadWarmup   4: 34 op, 36782566.00 ns, 1.0818 ms/op
WorkloadWarmup   5: 34 op, 33906705.00 ns, 997.2560 us/op
WorkloadWarmup   6: 34 op, 29788898.00 ns, 876.1441 us/op
WorkloadWarmup   7: 34 op, 29452215.00 ns, 866.2416 us/op
WorkloadWarmup   8: 34 op, 30135925.00 ns, 886.3507 us/op
WorkloadWarmup   9: 34 op, 31327786.00 ns, 921.4055 us/op
WorkloadWarmup  10: 34 op, 31024355.00 ns, 912.4810 us/op
WorkloadWarmup  11: 34 op, 30265976.00 ns, 890.1758 us/op
WorkloadWarmup  12: 34 op, 30076281.00 ns, 884.5965 us/op
WorkloadWarmup  13: 34 op, 30522323.00 ns, 897.7154 us/op
WorkloadWarmup  14: 34 op, 31294862.00 ns, 920.4371 us/op
WorkloadWarmup  15: 34 op, 29851158.00 ns, 877.9752 us/op
WorkloadWarmup  16: 34 op, 29589787.00 ns, 870.2879 us/op
WorkloadWarmup  17: 34 op, 29618760.00 ns, 871.1400 us/op
WorkloadWarmup  18: 34 op, 29490792.00 ns, 867.3762 us/op
WorkloadWarmup  19: 34 op, 30118689.00 ns, 885.8438 us/op
WorkloadWarmup  20: 34 op, 29405088.00 ns, 864.8555 us/op
WorkloadWarmup  21: 34 op, 29496059.00 ns, 867.5311 us/op
WorkloadWarmup  22: 34 op, 29486745.00 ns, 867.2572 us/op
WorkloadWarmup  23: 34 op, 29481516.00 ns, 867.1034 us/op
WorkloadWarmup  24: 34 op, 30198532.00 ns, 888.1921 us/op
WorkloadWarmup  25: 34 op, 30522980.00 ns, 897.7347 us/op

// BeforeActualRun
WorkloadActual   1: 34 op, 29712745.00 ns, 873.9043 us/op
WorkloadActual   2: 34 op, 29820149.00 ns, 877.0632 us/op
WorkloadActual   3: 34 op, 29965050.00 ns, 881.3250 us/op
WorkloadActual   4: 34 op, 29059602.00 ns, 854.6942 us/op
WorkloadActual   5: 34 op, 29088444.00 ns, 855.5425 us/op
WorkloadActual   6: 34 op, 29522951.00 ns, 868.3221 us/op

// AfterActualRun
WorkloadResult   1: 34 op, 29712745.00 ns, 873.9043 us/op
WorkloadResult   2: 34 op, 29820149.00 ns, 877.0632 us/op
WorkloadResult   3: 34 op, 29965050.00 ns, 881.3250 us/op
WorkloadResult   4: 34 op, 29059602.00 ns, 854.6942 us/op
WorkloadResult   5: 34 op, 29088444.00 ns, 855.5425 us/op
WorkloadResult   6: 34 op, 29522951.00 ns, 868.3221 us/op
// GC:  0 0 0 0 34
// Threading:  0 0 34

// AfterAll
// Benchmark Process 7175 has exited with code 0.

Mean = 868.475 us, StdErr = 4.566 us (0.53%), N = 6, StdDev = 11.185 us
Min = 854.694 us, Q1 = 858.737 us, Median = 871.113 us, Q3 = 876.273 us, Max = 881.325 us
IQR = 17.536 us, LowerFence = 832.433 us, UpperFence = 902.578 us
ConfidenceInterval = [837.110 us; 899.841 us] (CI 99.9%), Margin = 31.365 us (3.61% of Mean)
Skewness = -0.22, Kurtosis = 1.04, MValue = 2

// ** Remained 7 (58.3 %) benchmark(s) to run. Estimated finish 2026-10-10 7:53 (0h 0m from now) **
// **************************
// Benchmark: CodecSuite.Run: campaign(EvaluateOverhead=False, Clock=Armonik.Ffi.Bdn.CpuClock, IterationCount=6, IterationTime=40ms, LaunchCount=1, RunStrategy=Throughput, WarmupCount=25) [Case=core-(...)etain [42]]
// *** Execute ***
// Launch: 1 / 1
// Execute: dotnet BenchDotNet-campaign-1.dll --anonymousPipes 138 139 --benchmarkName "Armonik.Ffi.Bdn.CodecSuite.Run(Case: \"core-ffi|encode-core-hot|P2.2|ascii|retain\")" --job campaign --benchmarkId 5 in /home/user/ArmoniK.Api/ffi/poc/csharp/src/BenchDotNet/bin/Release/net8.0/BenchDotNet-campaign-1/bin/Release/net8.0
// BeforeAnythingElse

// Benchmark Process Environment Information:
// BenchmarkDotNet v0.15.8
// Runtime=.NET 8.0.31 (8.0.31, 8.0.3126.42015), X64 RyuJIT x86-64-v4
// GC=Concurrent Workstation
// HardwareIntrinsics=AVX512 IFMA+VBMI,AVX512 F+BW+CD+DQ+VL,AVX2+BMI1+BMI2+F16C+FMA+LZCNT+MOVBE,AVX,SSE3+SSSE3+SSE4.1+SSE4.2+POPCNT,X86Base+SSE+SSE2,AES+PCLMUL,AvxVnni,SERIALIZE VectorSize=256
// Job: campaign(EvaluateOverhead=False, Clock=Armonik.Ffi.Bdn.CpuClock, IterationCount=6, IterationTime=40ms, LaunchCount=1, RunStrategy=Throughput, WarmupCount=25)

OverheadJitting  1: 1 op, 256358.00 ns, 256.3580 us/op
WorkloadJitting  1: 1 op, 12673033.00 ns, 12.6730 ms/op

WorkloadPilot    1: 4 op, 14019523.00 ns, 3.5049 ms/op
WorkloadPilot    2: 11 op, 22332946.00 ns, 2.0303 ms/op
WorkloadPilot    3: 20 op, 22484396.00 ns, 1.1242 ms/op
WorkloadPilot    4: 36 op, 42609959.00 ns, 1.1836 ms/op
WorkloadPilot    5: 34 op, 38370979.00 ns, 1.1286 ms/op

WorkloadWarmup   1: 34 op, 42770992.00 ns, 1.2580 ms/op
WorkloadWarmup   2: 34 op, 60356289.00 ns, 1.7752 ms/op
WorkloadWarmup   3: 34 op, 36455526.00 ns, 1.0722 ms/op
WorkloadWarmup   4: 34 op, 36775373.00 ns, 1.0816 ms/op
WorkloadWarmup   5: 34 op, 34161219.00 ns, 1.0047 ms/op
WorkloadWarmup   6: 34 op, 34679835.00 ns, 1.0200 ms/op
WorkloadWarmup   7: 34 op, 34326928.00 ns, 1.0096 ms/op
WorkloadWarmup   8: 34 op, 34160654.00 ns, 1.0047 ms/op
WorkloadWarmup   9: 34 op, 35172316.00 ns, 1.0345 ms/op
WorkloadWarmup  10: 34 op, 35143737.00 ns, 1.0336 ms/op
WorkloadWarmup  11: 34 op, 33589384.00 ns, 987.9231 us/op
WorkloadWarmup  12: 34 op, 33830513.00 ns, 995.0151 us/op
WorkloadWarmup  13: 34 op, 38502303.00 ns, 1.1324 ms/op
WorkloadWarmup  14: 34 op, 38202808.00 ns, 1.1236 ms/op
WorkloadWarmup  15: 34 op, 39515199.00 ns, 1.1622 ms/op
WorkloadWarmup  16: 34 op, 34449006.00 ns, 1.0132 ms/op
WorkloadWarmup  17: 34 op, 54478528.00 ns, 1.6023 ms/op
WorkloadWarmup  18: 34 op, 37159244.00 ns, 1.0929 ms/op
WorkloadWarmup  19: 34 op, 41634626.00 ns, 1.2245 ms/op
WorkloadWarmup  20: 34 op, 41126144.00 ns, 1.2096 ms/op
WorkloadWarmup  21: 34 op, 35555508.00 ns, 1.0458 ms/op
WorkloadWarmup  22: 34 op, 33443473.00 ns, 983.6316 us/op
WorkloadWarmup  23: 34 op, 32681172.00 ns, 961.2109 us/op
WorkloadWarmup  24: 34 op, 32688910.00 ns, 961.4385 us/op
WorkloadWarmup  25: 34 op, 32587345.00 ns, 958.4513 us/op

// BeforeActualRun
WorkloadActual   1: 34 op, 33989466.00 ns, 999.6902 us/op
WorkloadActual   2: 34 op, 32866419.00 ns, 966.6594 us/op
WorkloadActual   3: 34 op, 33773187.00 ns, 993.3290 us/op
WorkloadActual   4: 34 op, 33393173.00 ns, 982.1521 us/op
WorkloadActual   5: 34 op, 34715170.00 ns, 1.0210 ms/op
WorkloadActual   6: 34 op, 40802594.00 ns, 1.2001 ms/op

// AfterActualRun
WorkloadResult   1: 34 op, 33989466.00 ns, 999.6902 us/op
WorkloadResult   2: 34 op, 32866419.00 ns, 966.6594 us/op
WorkloadResult   3: 34 op, 33773187.00 ns, 993.3290 us/op
WorkloadResult   4: 34 op, 33393173.00 ns, 982.1521 us/op
WorkloadResult   5: 34 op, 34715170.00 ns, 1.0210 ms/op
// GC:  0 0 0 0 34
// Threading:  0 0 34

// AfterAll
// Benchmark Process 7187 has exited with code 0.

Mean = 992.573 us, StdErr = 9.059 us (0.91%), N = 5, StdDev = 20.257 us
Min = 966.659 us, Q1 = 982.152 us, Median = 993.329 us, Q3 = 999.690 us, Max = 1,021.034 us
IQR = 17.538 us, LowerFence = 955.845 us, UpperFence = 1,025.997 us
ConfidenceInterval = [914.570 us; 1,070.576 us] (CI 99.9%), Margin = 78.003 us (7.86% of Mean)
Skewness = 0.12, Kurtosis = 1.33, MValue = 2

// ** Remained 6 (50.0 %) benchmark(s) to run. Estimated finish 2026-10-10 7:53 (0h 0m from now) **
// **************************
// Benchmark: CodecSuite.Run: campaign(EvaluateOverhead=False, Clock=Armonik.Ffi.Bdn.CpuClock, IterationCount=6, IterationTime=40ms, LaunchCount=1, RunStrategy=Throughput, WarmupCount=25) [Case=core-(...)|drop [54]]
// *** Execute ***
// Launch: 1 / 1
// Execute: dotnet BenchDotNet-campaign-1.dll --anonymousPipes 138 139 --benchmarkName "Armonik.Ffi.Bdn.CodecSuite.Run(Case: \"core-ffi|encode-core-hot|U-deep-u-repeated|corpus|drop\")" --job campaign --benchmarkId 6 in /home/user/ArmoniK.Api/ffi/poc/csharp/src/BenchDotNet/bin/Release/net8.0/BenchDotNet-campaign-1/bin/Release/net8.0
// BeforeAnythingElse

// Benchmark Process Environment Information:
// BenchmarkDotNet v0.15.8
// Runtime=.NET 8.0.31 (8.0.31, 8.0.3126.42015), X64 RyuJIT x86-64-v4
// GC=Concurrent Workstation
// HardwareIntrinsics=AVX512 IFMA+VBMI,AVX512 F+BW+CD+DQ+VL,AVX2+BMI1+BMI2+F16C+FMA+LZCNT+MOVBE,AVX,SSE3+SSSE3+SSE4.1+SSE4.2+POPCNT,X86Base+SSE+SSE2,AES+PCLMUL,AvxVnni,SERIALIZE VectorSize=256
// Job: campaign(EvaluateOverhead=False, Clock=Armonik.Ffi.Bdn.CpuClock, IterationCount=6, IterationTime=40ms, LaunchCount=1, RunStrategy=Throughput, WarmupCount=25)

OverheadJitting  1: 1 op, 268432.00 ns, 268.4320 us/op
WorkloadJitting  1: 1 op, 8325010.00 ns, 8.3250 ms/op

WorkloadPilot    1: 4 op, 24892.00 ns, 6.2230 us/op
WorkloadPilot    2: 6428 op, 12990029.00 ns, 2.0209 us/op
WorkloadPilot    3: 19794 op, 37511020.00 ns, 1.8951 us/op
WorkloadPilot    4: 21107 op, 39818257.00 ns, 1.8865 us/op
WorkloadPilot    5: 21203 op, 45366159.00 ns, 2.1396 us/op
WorkloadPilot    6: 18695 op, 42823585.00 ns, 2.2906 us/op
WorkloadPilot    7: 17462 op, 31370657.00 ns, 1.7965 us/op
WorkloadPilot    8: 22265 op, 27853203.00 ns, 1.2510 us/op
WorkloadPilot    9: 31975 op, 40232688.00 ns, 1.2583 us/op

WorkloadWarmup   1: 31975 op, 39877555.00 ns, 1.2471 us/op
WorkloadWarmup   2: 31975 op, 39705474.00 ns, 1.2418 us/op
WorkloadWarmup   3: 31975 op, 39677429.00 ns, 1.2409 us/op
WorkloadWarmup   4: 31975 op, 39888600.00 ns, 1.2475 us/op
WorkloadWarmup   5: 31975 op, 39692118.00 ns, 1.2413 us/op
WorkloadWarmup   6: 31975 op, 40923119.00 ns, 1.2798 us/op
WorkloadWarmup   7: 31975 op, 39585550.00 ns, 1.2380 us/op
WorkloadWarmup   8: 31975 op, 39524290.00 ns, 1.2361 us/op
WorkloadWarmup   9: 31975 op, 39476528.00 ns, 1.2346 us/op
WorkloadWarmup  10: 31975 op, 40165043.00 ns, 1.2561 us/op
WorkloadWarmup  11: 31975 op, 39836722.00 ns, 1.2459 us/op
WorkloadWarmup  12: 31975 op, 43109988.00 ns, 1.3482 us/op
WorkloadWarmup  13: 31975 op, 40002869.00 ns, 1.2511 us/op
WorkloadWarmup  14: 31975 op, 40111046.00 ns, 1.2545 us/op
WorkloadWarmup  15: 31975 op, 39693450.00 ns, 1.2414 us/op
WorkloadWarmup  16: 31975 op, 46368800.00 ns, 1.4502 us/op
WorkloadWarmup  17: 31975 op, 42591720.00 ns, 1.3320 us/op
WorkloadWarmup  18: 31975 op, 39879442.00 ns, 1.2472 us/op
WorkloadWarmup  19: 31975 op, 39841665.00 ns, 1.2460 us/op
WorkloadWarmup  20: 31975 op, 39879112.00 ns, 1.2472 us/op
WorkloadWarmup  21: 31975 op, 39863403.00 ns, 1.2467 us/op
WorkloadWarmup  22: 31975 op, 40056372.00 ns, 1.2527 us/op
WorkloadWarmup  23: 31975 op, 39578775.00 ns, 1.2378 us/op
WorkloadWarmup  24: 31975 op, 41106903.00 ns, 1.2856 us/op
WorkloadWarmup  25: 31975 op, 40566996.00 ns, 1.2687 us/op

// BeforeActualRun
WorkloadActual   1: 31975 op, 39688065.00 ns, 1.2412 us/op
WorkloadActual   2: 31975 op, 40206122.00 ns, 1.2574 us/op
WorkloadActual   3: 31975 op, 39745438.00 ns, 1.2430 us/op
WorkloadActual   4: 31975 op, 40145402.00 ns, 1.2555 us/op
WorkloadActual   5: 31975 op, 40067003.00 ns, 1.2531 us/op
WorkloadActual   6: 31975 op, 39734015.00 ns, 1.2427 us/op

// AfterActualRun
WorkloadResult   1: 31975 op, 39688065.00 ns, 1.2412 us/op
WorkloadResult   2: 31975 op, 40206122.00 ns, 1.2574 us/op
WorkloadResult   3: 31975 op, 39745438.00 ns, 1.2430 us/op
WorkloadResult   4: 31975 op, 40145402.00 ns, 1.2555 us/op
WorkloadResult   5: 31975 op, 40067003.00 ns, 1.2531 us/op
WorkloadResult   6: 31975 op, 39734015.00 ns, 1.2427 us/op
// GC:  0 0 0 0 31975
// Threading:  0 0 31975

// AfterAll
// Benchmark Process 7196 has exited with code 0.

Mean = 1.249 us, StdErr = 0.003 us (0.24%), N = 6, StdDev = 0.007 us
Min = 1.241 us, Q1 = 1.243 us, Median = 1.248 us, Q3 = 1.255 us, Max = 1.257 us
IQR = 0.012 us, LowerFence = 1.225 us, UpperFence = 1.273 us
ConfidenceInterval = [1.228 us; 1.269 us] (CI 99.9%), Margin = 0.020 us (1.64% of Mean)
Skewness = 0.06, Kurtosis = 0.81, MValue = 2

// ** Remained 5 (41.7 %) benchmark(s) to run. Estimated finish 2026-10-10 7:53 (0h 0m from now) **
// **************************
// Benchmark: CodecSuite.Run: campaign(EvaluateOverhead=False, Clock=Armonik.Ffi.Bdn.CpuClock, IterationCount=6, IterationTime=40ms, LaunchCount=1, RunStrategy=Throughput, WarmupCount=25) [Case=core-(...)etain [41]]
// *** Execute ***
// Launch: 1 / 1
// Execute: dotnet BenchDotNet-campaign-1.dll --anonymousPipes 138 139 --benchmarkName "Armonik.Ffi.Bdn.CodecSuite.Run(Case: \"core-ffi|encode-core-hot|P2.2|wide|retain\")" --job campaign --benchmarkId 7 in /home/user/ArmoniK.Api/ffi/poc/csharp/src/BenchDotNet/bin/Release/net8.0/BenchDotNet-campaign-1/bin/Release/net8.0
// BeforeAnythingElse

// Benchmark Process Environment Information:
// BenchmarkDotNet v0.15.8
// Runtime=.NET 8.0.31 (8.0.31, 8.0.3126.42015), X64 RyuJIT x86-64-v4
// GC=Concurrent Workstation
// HardwareIntrinsics=AVX512 IFMA+VBMI,AVX512 F+BW+CD+DQ+VL,AVX2+BMI1+BMI2+F16C+FMA+LZCNT+MOVBE,AVX,SSE3+SSSE3+SSE4.1+SSE4.2+POPCNT,X86Base+SSE+SSE2,AES+PCLMUL,AvxVnni,SERIALIZE VectorSize=256
// Job: campaign(EvaluateOverhead=False, Clock=Armonik.Ffi.Bdn.CpuClock, IterationCount=6, IterationTime=40ms, LaunchCount=1, RunStrategy=Throughput, WarmupCount=25)

OverheadJitting  1: 1 op, 277068.00 ns, 277.0680 us/op
WorkloadJitting  1: 1 op, 14645280.00 ns, 14.6453 ms/op

WorkloadPilot    1: 4 op, 17283556.00 ns, 4.3209 ms/op
WorkloadPilot    2: 9 op, 28550660.00 ns, 3.1723 ms/op
WorkloadPilot    3: 13 op, 21330020.00 ns, 1.6408 ms/op
WorkloadPilot    4: 24 op, 44895232.00 ns, 1.8706 ms/op
WorkloadPilot    5: 21 op, 36061913.00 ns, 1.7172 ms/op
WorkloadPilot    6: 23 op, 35123528.00 ns, 1.5271 ms/op
WorkloadPilot    7: 26 op, 39544445.00 ns, 1.5209 ms/op

WorkloadWarmup   1: 26 op, 40617828.00 ns, 1.5622 ms/op
WorkloadWarmup   2: 26 op, 41983994.00 ns, 1.6148 ms/op
WorkloadWarmup   3: 26 op, 39531404.00 ns, 1.5204 ms/op
WorkloadWarmup   4: 26 op, 39423684.00 ns, 1.5163 ms/op
WorkloadWarmup   5: 26 op, 38841947.00 ns, 1.4939 ms/op
WorkloadWarmup   6: 26 op, 38390916.00 ns, 1.4766 ms/op
WorkloadWarmup   7: 26 op, 38962873.00 ns, 1.4986 ms/op
WorkloadWarmup   8: 26 op, 40106952.00 ns, 1.5426 ms/op
WorkloadWarmup   9: 26 op, 39074439.00 ns, 1.5029 ms/op
WorkloadWarmup  10: 26 op, 39761884.00 ns, 1.5293 ms/op
WorkloadWarmup  11: 26 op, 39846217.00 ns, 1.5325 ms/op
WorkloadWarmup  12: 26 op, 40428592.00 ns, 1.5549 ms/op
WorkloadWarmup  13: 26 op, 40747761.00 ns, 1.5672 ms/op
WorkloadWarmup  14: 26 op, 56718275.00 ns, 2.1815 ms/op
WorkloadWarmup  15: 26 op, 41832324.00 ns, 1.6089 ms/op
WorkloadWarmup  16: 26 op, 40299629.00 ns, 1.5500 ms/op
WorkloadWarmup  17: 26 op, 40045198.00 ns, 1.5402 ms/op
WorkloadWarmup  18: 26 op, 40937777.00 ns, 1.5745 ms/op
WorkloadWarmup  19: 26 op, 41787113.00 ns, 1.6072 ms/op
WorkloadWarmup  20: 26 op, 39283220.00 ns, 1.5109 ms/op
WorkloadWarmup  21: 26 op, 38587334.00 ns, 1.4841 ms/op
WorkloadWarmup  22: 26 op, 40667981.00 ns, 1.5642 ms/op
WorkloadWarmup  23: 26 op, 38570822.00 ns, 1.4835 ms/op
WorkloadWarmup  24: 26 op, 39616363.00 ns, 1.5237 ms/op
WorkloadWarmup  25: 26 op, 38858756.00 ns, 1.4946 ms/op

// BeforeActualRun
WorkloadActual   1: 26 op, 38745661.00 ns, 1.4902 ms/op
WorkloadActual   2: 26 op, 39731231.00 ns, 1.5281 ms/op
WorkloadActual   3: 26 op, 39254258.00 ns, 1.5098 ms/op
WorkloadActual   4: 26 op, 38415579.00 ns, 1.4775 ms/op
WorkloadActual   5: 26 op, 39109227.00 ns, 1.5042 ms/op
WorkloadActual   6: 26 op, 43574970.00 ns, 1.6760 ms/op

// AfterActualRun
WorkloadResult   1: 26 op, 38745661.00 ns, 1.4902 ms/op
WorkloadResult   2: 26 op, 39731231.00 ns, 1.5281 ms/op
WorkloadResult   3: 26 op, 39254258.00 ns, 1.5098 ms/op
WorkloadResult   4: 26 op, 38415579.00 ns, 1.4775 ms/op
WorkloadResult   5: 26 op, 39109227.00 ns, 1.5042 ms/op
// GC:  0 0 0 0 26
// Threading:  0 0 26

// AfterAll
// Benchmark Process 7205 has exited with code 0.

Mean = 1.502 ms, StdErr = 0.009 ms (0.57%), N = 5, StdDev = 0.019 ms
Min = 1.478 ms, Q1 = 1.490 ms, Median = 1.504 ms, Q3 = 1.510 ms, Max = 1.528 ms
IQR = 0.020 ms, LowerFence = 1.461 ms, UpperFence = 1.539 ms
ConfidenceInterval = [1.428 ms; 1.576 ms] (CI 99.9%), Margin = 0.074 ms (4.94% of Mean)
Skewness = 0.06, Kurtosis = 1.23, MValue = 2

// ** Remained 4 (33.3 %) benchmark(s) to run. Estimated finish 2026-10-10 7:53 (0h 0m from now) **
// **************************
// Benchmark: CodecSuite.Run: campaign(EvaluateOverhead=False, Clock=Armonik.Ffi.Bdn.CpuClock, IterationCount=6, IterationTime=40ms, LaunchCount=1, RunStrategy=Throughput, WarmupCount=25) [Case=core-(...)|drop [39]]
// *** Execute ***
// Launch: 1 / 1
// Execute: dotnet BenchDotNet-campaign-1.dll --anonymousPipes 138 139 --benchmarkName "Armonik.Ffi.Bdn.CodecSuite.Run(Case: \"core-ffi|encode-core-hot|P2.2|wide|drop\")" --job campaign --benchmarkId 8 in /home/user/ArmoniK.Api/ffi/poc/csharp/src/BenchDotNet/bin/Release/net8.0/BenchDotNet-campaign-1/bin/Release/net8.0
// BeforeAnythingElse

// Benchmark Process Environment Information:
// BenchmarkDotNet v0.15.8
// Runtime=.NET 8.0.31 (8.0.31, 8.0.3126.42015), X64 RyuJIT x86-64-v4
// GC=Concurrent Workstation
// HardwareIntrinsics=AVX512 IFMA+VBMI,AVX512 F+BW+CD+DQ+VL,AVX2+BMI1+BMI2+F16C+FMA+LZCNT+MOVBE,AVX,SSE3+SSSE3+SSE4.1+SSE4.2+POPCNT,X86Base+SSE+SSE2,AES+PCLMUL,AvxVnni,SERIALIZE VectorSize=256
// Job: campaign(EvaluateOverhead=False, Clock=Armonik.Ffi.Bdn.CpuClock, IterationCount=6, IterationTime=40ms, LaunchCount=1, RunStrategy=Throughput, WarmupCount=25)

OverheadJitting  1: 1 op, 254074.00 ns, 254.0740 us/op
WorkloadJitting  1: 1 op, 13469381.00 ns, 13.4694 ms/op

WorkloadPilot    1: 4 op, 18275510.00 ns, 4.5689 ms/op
WorkloadPilot    2: 9 op, 23062916.00 ns, 2.5625 ms/op
WorkloadPilot    3: 16 op, 25945446.00 ns, 1.6216 ms/op
WorkloadPilot    4: 25 op, 42550907.00 ns, 1.7020 ms/op

WorkloadWarmup   1: 25 op, 41505933.00 ns, 1.6602 ms/op
WorkloadWarmup   2: 25 op, 41180715.00 ns, 1.6472 ms/op
WorkloadWarmup   3: 25 op, 43544338.00 ns, 1.7418 ms/op
WorkloadWarmup   4: 25 op, 36507834.00 ns, 1.4603 ms/op
WorkloadWarmup   5: 25 op, 36279398.00 ns, 1.4512 ms/op
WorkloadWarmup   6: 25 op, 35537899.00 ns, 1.4215 ms/op
WorkloadWarmup   7: 25 op, 33731670.00 ns, 1.3493 ms/op
WorkloadWarmup   8: 25 op, 35373448.00 ns, 1.4149 ms/op
WorkloadWarmup   9: 25 op, 34641846.00 ns, 1.3857 ms/op
WorkloadWarmup  10: 25 op, 34751882.00 ns, 1.3901 ms/op
WorkloadWarmup  11: 25 op, 41445899.00 ns, 1.6578 ms/op
WorkloadWarmup  12: 25 op, 37030408.00 ns, 1.4812 ms/op
WorkloadWarmup  13: 25 op, 33380981.00 ns, 1.3352 ms/op
WorkloadWarmup  14: 25 op, 36852639.00 ns, 1.4741 ms/op
WorkloadWarmup  15: 25 op, 36439144.00 ns, 1.4576 ms/op
WorkloadWarmup  16: 25 op, 36463098.00 ns, 1.4585 ms/op
WorkloadWarmup  17: 25 op, 45604554.00 ns, 1.8242 ms/op
WorkloadWarmup  18: 25 op, 33675130.00 ns, 1.3470 ms/op
WorkloadWarmup  19: 25 op, 39739150.00 ns, 1.5896 ms/op
WorkloadWarmup  20: 25 op, 52122749.00 ns, 2.0849 ms/op
WorkloadWarmup  21: 25 op, 52995342.00 ns, 2.1198 ms/op
WorkloadWarmup  22: 25 op, 48138158.00 ns, 1.9255 ms/op
WorkloadWarmup  23: 25 op, 35420710.00 ns, 1.4168 ms/op
WorkloadWarmup  24: 25 op, 38268363.00 ns, 1.5307 ms/op
WorkloadWarmup  25: 25 op, 35630815.00 ns, 1.4252 ms/op

// BeforeActualRun
WorkloadActual   1: 25 op, 34296348.00 ns, 1.3719 ms/op
WorkloadActual   2: 25 op, 33305008.00 ns, 1.3322 ms/op
WorkloadActual   3: 25 op, 35769783.00 ns, 1.4308 ms/op
WorkloadActual   4: 25 op, 38803196.00 ns, 1.5521 ms/op
WorkloadActual   5: 25 op, 34928765.00 ns, 1.3972 ms/op
WorkloadActual   6: 25 op, 36496968.00 ns, 1.4599 ms/op

// AfterActualRun
WorkloadResult   1: 25 op, 34296348.00 ns, 1.3719 ms/op
WorkloadResult   2: 25 op, 33305008.00 ns, 1.3322 ms/op
WorkloadResult   3: 25 op, 35769783.00 ns, 1.4308 ms/op
WorkloadResult   4: 25 op, 38803196.00 ns, 1.5521 ms/op
WorkloadResult   5: 25 op, 34928765.00 ns, 1.3972 ms/op
WorkloadResult   6: 25 op, 36496968.00 ns, 1.4599 ms/op
// GC:  0 0 0 0 25
// Threading:  0 0 25

// AfterAll
// Benchmark Process 7214 has exited with code 0.

Mean = 1.424 ms, StdErr = 0.031 ms (2.21%), N = 6, StdDev = 0.077 ms
Min = 1.332 ms, Q1 = 1.378 ms, Median = 1.414 ms, Q3 = 1.453 ms, Max = 1.552 ms
IQR = 0.074 ms, LowerFence = 1.267 ms, UpperFence = 1.564 ms
ConfidenceInterval = [1.208 ms; 1.640 ms] (CI 99.9%), Margin = 0.216 ms (15.16% of Mean)
Skewness = 0.44, Kurtosis = 1.66, MValue = 2

// ** Remained 3 (25.0 %) benchmark(s) to run. Estimated finish 2026-10-10 7:53 (0h 0m from now) **
// **************************
// Benchmark: CodecSuite.Run: campaign(EvaluateOverhead=False, Clock=Armonik.Ffi.Bdn.CpuClock, IterationCount=6, IterationTime=40ms, LaunchCount=1, RunStrategy=Throughput, WarmupCount=25) [Case=core-(...)|drop [40]]
// *** Execute ***
// Launch: 1 / 1
// Execute: dotnet BenchDotNet-campaign-1.dll --anonymousPipes 138 139 --benchmarkName "Armonik.Ffi.Bdn.CodecSuite.Run(Case: \"core-ffi|encode-core-hot|P2.4|ascii|drop\")" --job campaign --benchmarkId 9 in /home/user/ArmoniK.Api/ffi/poc/csharp/src/BenchDotNet/bin/Release/net8.0/BenchDotNet-campaign-1/bin/Release/net8.0
// BeforeAnythingElse

// Benchmark Process Environment Information:
// BenchmarkDotNet v0.15.8
// Runtime=.NET 8.0.31 (8.0.31, 8.0.3126.42015), X64 RyuJIT x86-64-v4
// GC=Concurrent Workstation
// HardwareIntrinsics=AVX512 IFMA+VBMI,AVX512 F+BW+CD+DQ+VL,AVX2+BMI1+BMI2+F16C+FMA+LZCNT+MOVBE,AVX,SSE3+SSSE3+SSE4.1+SSE4.2+POPCNT,X86Base+SSE+SSE2,AES+PCLMUL,AvxVnni,SERIALIZE VectorSize=256
// Job: campaign(EvaluateOverhead=False, Clock=Armonik.Ffi.Bdn.CpuClock, IterationCount=6, IterationTime=40ms, LaunchCount=1, RunStrategy=Throughput, WarmupCount=25)

OverheadJitting  1: 1 op, 254701.00 ns, 254.7010 us/op
WorkloadJitting  1: 1 op, 13471443.00 ns, 13.4714 ms/op

WorkloadPilot    1: 4 op, 11027011.00 ns, 2.7568 ms/op
WorkloadPilot    2: 15 op, 17577338.00 ns, 1.1718 ms/op
WorkloadPilot    3: 34 op, 38802829.00 ns, 1.1413 ms/op

WorkloadWarmup   1: 34 op, 40314185.00 ns, 1.1857 ms/op
WorkloadWarmup   2: 34 op, 39445590.00 ns, 1.1602 ms/op
WorkloadWarmup   3: 34 op, 38066055.00 ns, 1.1196 ms/op
WorkloadWarmup   4: 34 op, 37070232.00 ns, 1.0903 ms/op
WorkloadWarmup   5: 34 op, 30197148.00 ns, 888.1514 us/op
WorkloadWarmup   6: 34 op, 30281173.00 ns, 890.6227 us/op
WorkloadWarmup   7: 34 op, 28017021.00 ns, 824.0300 us/op
WorkloadWarmup   8: 34 op, 28971896.00 ns, 852.1146 us/op
WorkloadWarmup   9: 34 op, 29789232.00 ns, 876.1539 us/op
WorkloadWarmup  10: 34 op, 29750569.00 ns, 875.0167 us/op
WorkloadWarmup  11: 34 op, 29357224.00 ns, 863.4478 us/op
WorkloadWarmup  12: 34 op, 36855300.00 ns, 1.0840 ms/op
WorkloadWarmup  13: 34 op, 30399940.00 ns, 894.1159 us/op
WorkloadWarmup  14: 34 op, 29169420.00 ns, 857.9241 us/op
WorkloadWarmup  15: 34 op, 28729020.00 ns, 844.9712 us/op
WorkloadWarmup  16: 34 op, 29042912.00 ns, 854.2033 us/op
WorkloadWarmup  17: 34 op, 29899937.00 ns, 879.4099 us/op
WorkloadWarmup  18: 34 op, 29251166.00 ns, 860.3284 us/op
WorkloadWarmup  19: 34 op, 29890846.00 ns, 879.1425 us/op
WorkloadWarmup  20: 34 op, 34188862.00 ns, 1.0056 ms/op
WorkloadWarmup  21: 34 op, 35609035.00 ns, 1.0473 ms/op
WorkloadWarmup  22: 34 op, 32475176.00 ns, 955.1522 us/op
WorkloadWarmup  23: 34 op, 32900722.00 ns, 967.6683 us/op
WorkloadWarmup  24: 34 op, 31463632.00 ns, 925.4009 us/op
WorkloadWarmup  25: 34 op, 29133297.00 ns, 856.8617 us/op

// BeforeActualRun
WorkloadActual   1: 34 op, 30431096.00 ns, 895.0322 us/op
WorkloadActual   2: 34 op, 28564143.00 ns, 840.1219 us/op
WorkloadActual   3: 34 op, 30517688.00 ns, 897.5791 us/op
WorkloadActual   4: 34 op, 30115214.00 ns, 885.7416 us/op
WorkloadActual   5: 34 op, 28671276.00 ns, 843.2728 us/op
WorkloadActual   6: 34 op, 30163866.00 ns, 887.1725 us/op

// AfterActualRun
WorkloadResult   1: 34 op, 30431096.00 ns, 895.0322 us/op
WorkloadResult   2: 34 op, 28564143.00 ns, 840.1219 us/op
WorkloadResult   3: 34 op, 30517688.00 ns, 897.5791 us/op
WorkloadResult   4: 34 op, 30115214.00 ns, 885.7416 us/op
WorkloadResult   5: 34 op, 28671276.00 ns, 843.2728 us/op
WorkloadResult   6: 34 op, 30163866.00 ns, 887.1725 us/op
// GC:  0 0 0 0 34
// Threading:  0 0 34

// AfterAll
// Benchmark Process 7223 has exited with code 0.

Mean = 874.820 us, StdErr = 10.642 us (1.22%), N = 6, StdDev = 26.067 us
Min = 840.122 us, Q1 = 853.890 us, Median = 886.457 us, Q3 = 893.067 us, Max = 897.579 us
IQR = 39.177 us, LowerFence = 795.124 us, UpperFence = 951.833 us
ConfidenceInterval = [801.722 us; 947.918 us] (CI 99.9%), Margin = 73.098 us (8.36% of Mean)
Skewness = -0.47, Kurtosis = 1.05, MValue = 2

// ** Remained 2 (16.7 %) benchmark(s) to run. Estimated finish 2026-10-10 7:53 (0h 0m from now) **
// **************************
// Benchmark: CodecSuite.Run: campaign(EvaluateOverhead=False, Clock=Armonik.Ffi.Bdn.CpuClock, IterationCount=6, IterationTime=40ms, LaunchCount=1, RunStrategy=Throughput, WarmupCount=25) [Case=core-(...)|drop [41]]
// *** Execute ***
// Launch: 1 / 1
// Execute: dotnet BenchDotNet-campaign-1.dll --anonymousPipes 138 139 --benchmarkName "Armonik.Ffi.Bdn.CodecSuite.Run(Case: \"core-ffi|encode-core-hot|P2.2|latin1|drop\")" --job campaign --benchmarkId 10 in /home/user/ArmoniK.Api/ffi/poc/csharp/src/BenchDotNet/bin/Release/net8.0/BenchDotNet-campaign-1/bin/Release/net8.0
// BeforeAnythingElse

// Benchmark Process Environment Information:
// BenchmarkDotNet v0.15.8
// Runtime=.NET 8.0.31 (8.0.31, 8.0.3126.42015), X64 RyuJIT x86-64-v4
// GC=Concurrent Workstation
// HardwareIntrinsics=AVX512 IFMA+VBMI,AVX512 F+BW+CD+DQ+VL,AVX2+BMI1+BMI2+F16C+FMA+LZCNT+MOVBE,AVX,SSE3+SSSE3+SSE4.1+SSE4.2+POPCNT,X86Base+SSE+SSE2,AES+PCLMUL,AvxVnni,SERIALIZE VectorSize=256
// Job: campaign(EvaluateOverhead=False, Clock=Armonik.Ffi.Bdn.CpuClock, IterationCount=6, IterationTime=40ms, LaunchCount=1, RunStrategy=Throughput, WarmupCount=25)

OverheadJitting  1: 1 op, 285953.00 ns, 285.9530 us/op
WorkloadJitting  1: 1 op, 12299280.00 ns, 12.2993 ms/op

WorkloadPilot    1: 4 op, 15165163.00 ns, 3.7913 ms/op
WorkloadPilot    2: 11 op, 21971545.00 ns, 1.9974 ms/op
WorkloadPilot    3: 20 op, 27279284.00 ns, 1.3640 ms/op
WorkloadPilot    4: 29 op, 84962033.00 ns, 2.9297 ms/op
WorkloadPilot    5: 14 op, 17796776.00 ns, 1.2712 ms/op
WorkloadPilot    6: 31 op, 42525843.00 ns, 1.3718 ms/op
WorkloadPilot    7: 29 op, 45065943.00 ns, 1.5540 ms/op

WorkloadWarmup   1: 29 op, 36377847.00 ns, 1.2544 ms/op
WorkloadWarmup   2: 29 op, 34244415.00 ns, 1.1808 ms/op
WorkloadWarmup   3: 29 op, 33043595.00 ns, 1.1394 ms/op
WorkloadWarmup   4: 29 op, 32654271.00 ns, 1.1260 ms/op
WorkloadWarmup   5: 29 op, 34203501.00 ns, 1.1794 ms/op
WorkloadWarmup   6: 29 op, 35259785.00 ns, 1.2159 ms/op
WorkloadWarmup   7: 29 op, 34595671.00 ns, 1.1930 ms/op
WorkloadWarmup   8: 29 op, 34569592.00 ns, 1.1921 ms/op
WorkloadWarmup   9: 29 op, 37516448.00 ns, 1.2937 ms/op
WorkloadWarmup  10: 29 op, 33939090.00 ns, 1.1703 ms/op
WorkloadWarmup  11: 29 op, 34061561.00 ns, 1.1745 ms/op
WorkloadWarmup  12: 29 op, 34022811.00 ns, 1.1732 ms/op
WorkloadWarmup  13: 29 op, 33020647.00 ns, 1.1386 ms/op
WorkloadWarmup  14: 29 op, 32424307.00 ns, 1.1181 ms/op
WorkloadWarmup  15: 29 op, 34697788.00 ns, 1.1965 ms/op
WorkloadWarmup  16: 29 op, 40381751.00 ns, 1.3925 ms/op
WorkloadWarmup  17: 29 op, 33703513.00 ns, 1.1622 ms/op
WorkloadWarmup  18: 29 op, 36481785.00 ns, 1.2580 ms/op
WorkloadWarmup  19: 29 op, 33206151.00 ns, 1.1450 ms/op
WorkloadWarmup  20: 29 op, 32713922.00 ns, 1.1281 ms/op
WorkloadWarmup  21: 29 op, 31821799.00 ns, 1.0973 ms/op
WorkloadWarmup  22: 29 op, 32085259.00 ns, 1.1064 ms/op
WorkloadWarmup  23: 29 op, 31745504.00 ns, 1.0947 ms/op
WorkloadWarmup  24: 29 op, 33025776.00 ns, 1.1388 ms/op
WorkloadWarmup  25: 29 op, 32216428.00 ns, 1.1109 ms/op

// BeforeActualRun
WorkloadActual   1: 29 op, 32077904.00 ns, 1.1061 ms/op
WorkloadActual   2: 29 op, 33163366.00 ns, 1.1436 ms/op
WorkloadActual   3: 29 op, 33641179.00 ns, 1.1600 ms/op
WorkloadActual   4: 29 op, 33733557.00 ns, 1.1632 ms/op
WorkloadActual   5: 29 op, 39904390.00 ns, 1.3760 ms/op
WorkloadActual   6: 29 op, 34968893.00 ns, 1.2058 ms/op

// AfterActualRun
WorkloadResult   1: 29 op, 32077904.00 ns, 1.1061 ms/op
WorkloadResult   2: 29 op, 33163366.00 ns, 1.1436 ms/op
WorkloadResult   3: 29 op, 33641179.00 ns, 1.1600 ms/op
WorkloadResult   4: 29 op, 33733557.00 ns, 1.1632 ms/op
WorkloadResult   5: 29 op, 34968893.00 ns, 1.2058 ms/op
// GC:  0 0 0 0 29
// Threading:  0 0 29

// AfterAll
// Benchmark Process 7232 has exited with code 0.

Mean = 1.156 ms, StdErr = 0.016 ms (1.39%), N = 5, StdDev = 0.036 ms
Min = 1.106 ms, Q1 = 1.144 ms, Median = 1.160 ms, Q3 = 1.163 ms, Max = 1.206 ms
IQR = 0.020 ms, LowerFence = 1.114 ms, UpperFence = 1.193 ms
ConfidenceInterval = [1.017 ms; 1.294 ms] (CI 99.9%), Margin = 0.139 ms (12.00% of Mean)
Skewness = 0.01, Kurtosis = 1.47, MValue = 2

// ** Remained 1 (8.3 %) benchmark(s) to run. Estimated finish 2026-10-10 7:53 (0h 0m from now) **
// **************************
// Benchmark: CodecSuite.Run: campaign(EvaluateOverhead=False, Clock=Armonik.Ffi.Bdn.CpuClock, IterationCount=6, IterationTime=40ms, LaunchCount=1, RunStrategy=Throughput, WarmupCount=25) [Case=core-(...)etain [56]]
// *** Execute ***
// Launch: 1 / 1
// Execute: dotnet BenchDotNet-campaign-1.dll --anonymousPipes 138 139 --benchmarkName "Armonik.Ffi.Bdn.CodecSuite.Run(Case: \"core-ffi|encode-core-hot|U-deep-u-repeated|corpus|retain\")" --job campaign --benchmarkId 11 in /home/user/ArmoniK.Api/ffi/poc/csharp/src/BenchDotNet/bin/Release/net8.0/BenchDotNet-campaign-1/bin/Release/net8.0
// BeforeAnythingElse

// Benchmark Process Environment Information:
// BenchmarkDotNet v0.15.8
// Runtime=.NET 8.0.31 (8.0.31, 8.0.3126.42015), X64 RyuJIT x86-64-v4
// GC=Concurrent Workstation
// HardwareIntrinsics=AVX512 IFMA+VBMI,AVX512 F+BW+CD+DQ+VL,AVX2+BMI1+BMI2+F16C+FMA+LZCNT+MOVBE,AVX,SSE3+SSSE3+SSE4.1+SSE4.2+POPCNT,X86Base+SSE+SSE2,AES+PCLMUL,AvxVnni,SERIALIZE VectorSize=256
// Job: campaign(EvaluateOverhead=False, Clock=Armonik.Ffi.Bdn.CpuClock, IterationCount=6, IterationTime=40ms, LaunchCount=1, RunStrategy=Throughput, WarmupCount=25)

OverheadJitting  1: 1 op, 265134.00 ns, 265.1340 us/op
WorkloadJitting  1: 1 op, 9532247.00 ns, 9.5322 ms/op

WorkloadPilot    1: 4 op, 29431.00 ns, 7.3578 us/op
WorkloadPilot    2: 5436 op, 11341317.00 ns, 2.0863 us/op
WorkloadPilot    3: 19172 op, 41904550.00 ns, 2.1857 us/op
WorkloadPilot    4: 18301 op, 39713110.00 ns, 2.1700 us/op
WorkloadPilot    5: 18433 op, 40113686.00 ns, 2.1762 us/op
WorkloadPilot    6: 18381 op, 40184816.00 ns, 2.1862 us/op

WorkloadWarmup   1: 18381 op, 34842819.00 ns, 1.8956 us/op
WorkloadWarmup   2: 18381 op, 35835766.00 ns, 1.9496 us/op
WorkloadWarmup   3: 18381 op, 37335910.00 ns, 2.0312 us/op
WorkloadWarmup   4: 18381 op, 35971093.00 ns, 1.9570 us/op
WorkloadWarmup   5: 18381 op, 48682815.00 ns, 2.6485 us/op
WorkloadWarmup   6: 18381 op, 36455447.00 ns, 1.9833 us/op
WorkloadWarmup   7: 18381 op, 36202909.00 ns, 1.9696 us/op
WorkloadWarmup   8: 18381 op, 38764630.00 ns, 2.1090 us/op
WorkloadWarmup   9: 18381 op, 37852153.00 ns, 2.0593 us/op
WorkloadWarmup  10: 18381 op, 37854995.00 ns, 2.0595 us/op
WorkloadWarmup  11: 18381 op, 38719221.00 ns, 2.1065 us/op
WorkloadWarmup  12: 18381 op, 35903819.00 ns, 1.9533 us/op
WorkloadWarmup  13: 18381 op, 36303963.00 ns, 1.9751 us/op
WorkloadWarmup  14: 18381 op, 37016543.00 ns, 2.0138 us/op
WorkloadWarmup  15: 18381 op, 36197512.00 ns, 1.9693 us/op
WorkloadWarmup  16: 18381 op, 36240517.00 ns, 1.9716 us/op
WorkloadWarmup  17: 18381 op, 35811192.00 ns, 1.9483 us/op
WorkloadWarmup  18: 18381 op, 35912924.00 ns, 1.9538 us/op
WorkloadWarmup  19: 18381 op, 36980545.00 ns, 2.0119 us/op
WorkloadWarmup  20: 18381 op, 35128026.00 ns, 1.9111 us/op
WorkloadWarmup  21: 18381 op, 34121355.00 ns, 1.8563 us/op
WorkloadWarmup  22: 18381 op, 34940166.00 ns, 1.9009 us/op
WorkloadWarmup  23: 18381 op, 34450527.00 ns, 1.8742 us/op
WorkloadWarmup  24: 18381 op, 40384935.00 ns, 2.1971 us/op
WorkloadWarmup  25: 18381 op, 49278319.00 ns, 2.6809 us/op

// BeforeActualRun
WorkloadActual   1: 18381 op, 61524937.00 ns, 3.3472 us/op
WorkloadActual   2: 18381 op, 36756479.00 ns, 1.9997 us/op
WorkloadActual   3: 18381 op, 49454265.00 ns, 2.6905 us/op
WorkloadActual   4: 18381 op, 53924232.00 ns, 2.9337 us/op
WorkloadActual   5: 18381 op, 35727717.00 ns, 1.9437 us/op
WorkloadActual   6: 18381 op, 37390026.00 ns, 2.0342 us/op

// AfterActualRun
WorkloadResult   1: 18381 op, 61524937.00 ns, 3.3472 us/op
WorkloadResult   2: 18381 op, 36756479.00 ns, 1.9997 us/op
WorkloadResult   3: 18381 op, 49454265.00 ns, 2.6905 us/op
WorkloadResult   4: 18381 op, 53924232.00 ns, 2.9337 us/op
WorkloadResult   5: 18381 op, 35727717.00 ns, 1.9437 us/op
WorkloadResult   6: 18381 op, 37390026.00 ns, 2.0342 us/op
// GC:  0 0 0 0 18381
// Threading:  0 0 18381

// AfterAll
// Benchmark Process 7241 has exited with code 0.

Mean = 2.492 us, StdErr = 0.239 us (9.61%), N = 6, StdDev = 0.586 us
Min = 1.944 us, Q1 = 2.008 us, Median = 2.362 us, Q3 = 2.873 us, Max = 3.347 us
IQR = 0.865 us, LowerFence = 0.711 us, UpperFence = 4.170 us
ConfidenceInterval = [0.848 us; 4.135 us] (CI 99.9%), Margin = 1.644 us (65.98% of Mean)
Skewness = 0.28, Kurtosis = 1.08, MValue = 2

// ** Remained 0 (0.0 %) benchmark(s) to run. Estimated finish 2026-10-10 7:53 (0h 0m from now) **
Run time: 00:00:23 (23.91 sec), executed benchmarks: 12

// ***** BenchmarkRunner: Finish  *****

// * Export *
  home/user/ArmoniK.Api/ffi/logs/csharp/opt/s14/grid/r0-pgo0-full-r1.jsonl

// * Detailed results *
CodecSuite.Run: campaign(EvaluateOverhead=False, Clock=Armonik.Ffi.Bdn.CpuClock, IterationCount=6, IterationTime=40ms, LaunchCount=1, RunStrategy=Throughput, WarmupCount=25) [Case=core-(...)etain [42]]
Runtime = .NET 8.0.31 (8.0.31, 8.0.3126.42015), X64 RyuJIT x86-64-v4; GC = Concurrent Workstation
Mean = 1.085 ms, StdErr = 0.011 ms (1.04%), N = 6, StdDev = 0.028 ms
Min = 1.042 ms, Q1 = 1.076 ms, Median = 1.084 ms, Q3 = 1.096 ms, Max = 1.126 ms
IQR = 0.020 ms, LowerFence = 1.046 ms, UpperFence = 1.126 ms
ConfidenceInterval = [1.008 ms; 1.162 ms] (CI 99.9%), Margin = 0.077 ms (7.12% of Mean)
Skewness = -0.06, Kurtosis = 1.76, MValue = 2
-------------------- Histogram --------------------
[1.023 ms ; 1.067 ms) | @
[1.067 ms ; 1.107 ms) | @@@@
[1.107 ms ; 1.146 ms) | @
---------------------------------------------------

CodecSuite.Run: campaign(EvaluateOverhead=False, Clock=Armonik.Ffi.Bdn.CpuClock, IterationCount=6, IterationTime=40ms, LaunchCount=1, RunStrategy=Throughput, WarmupCount=25) [Case=core-(...)|drop [40]]
Runtime = .NET 8.0.31 (8.0.31, 8.0.3126.42015), X64 RyuJIT x86-64-v4; GC = Concurrent Workstation
Mean = 1.005 ms, StdErr = 0.026 ms (2.56%), N = 6, StdDev = 0.063 ms
Min = 0.931 ms, Q1 = 0.955 ms, Median = 1.004 ms, Q3 = 1.044 ms, Max = 1.093 ms
IQR = 0.089 ms, LowerFence = 0.821 ms, UpperFence = 1.178 ms
ConfidenceInterval = [0.828 ms; 1.182 ms] (CI 99.9%), Margin = 0.177 ms (17.61% of Mean)
Skewness = 0.1, Kurtosis = 1.18, MValue = 2
-------------------- Histogram --------------------
[0.927 ms ; 1.018 ms) | @@@@
[1.018 ms ; 1.119 ms) | @@
---------------------------------------------------

CodecSuite.Run: campaign(EvaluateOverhead=False, Clock=Armonik.Ffi.Bdn.CpuClock, IterationCount=6, IterationTime=40ms, LaunchCount=1, RunStrategy=Throughput, WarmupCount=25) [Case=core-(...)|drop [40]]
Runtime = .NET 8.0.31 (8.0.31, 8.0.3126.42015), X64 RyuJIT x86-64-v4; GC = Concurrent Workstation
Mean = 900.405 us, StdErr = 11.031 us (1.23%), N = 5, StdDev = 24.667 us
Min = 877.152 us, Q1 = 884.665 us, Median = 885.961 us, Q3 = 924.993 us, Max = 929.252 us
IQR = 40.328 us, LowerFence = 824.172 us, UpperFence = 985.486 us
ConfidenceInterval = [805.422 us; 995.387 us] (CI 99.9%), Margin = 94.982 us (10.55% of Mean)
Skewness = 0.26, Kurtosis = 0.79, MValue = 2
-------------------- Histogram --------------------
[862.624 us ; 908.189 us) | @@@
[908.189 us ; 948.185 us) | @@
---------------------------------------------------

CodecSuite.Run: campaign(EvaluateOverhead=False, Clock=Armonik.Ffi.Bdn.CpuClock, IterationCount=6, IterationTime=40ms, LaunchCount=1, RunStrategy=Throughput, WarmupCount=25) [Case=core-(...)etain [42]]
Runtime = .NET 8.0.31 (8.0.31, 8.0.3126.42015), X64 RyuJIT x86-64-v4; GC = Concurrent Workstation
Mean = 992.573 us, StdErr = 9.059 us (0.91%), N = 5, StdDev = 20.257 us
Min = 966.659 us, Q1 = 982.152 us, Median = 993.329 us, Q3 = 999.690 us, Max = 1,021.034 us
IQR = 17.538 us, LowerFence = 955.845 us, UpperFence = 1,025.997 us
ConfidenceInterval = [914.570 us; 1,070.576 us] (CI 99.9%), Margin = 78.003 us (7.86% of Mean)
Skewness = 0.12, Kurtosis = 1.33, MValue = 2
-------------------- Histogram --------------------
[  951.111 us ;   975.373 us) | @
[  975.373 us ; 1,006.470 us) | @@@
[1,006.470 us ; 1,036.583 us) | @
---------------------------------------------------

CodecSuite.Run: campaign(EvaluateOverhead=False, Clock=Armonik.Ffi.Bdn.CpuClock, IterationCount=6, IterationTime=40ms, LaunchCount=1, RunStrategy=Throughput, WarmupCount=25) [Case=core-(...)|drop [39]]
Runtime = .NET 8.0.31 (8.0.31, 8.0.3126.42015), X64 RyuJIT x86-64-v4; GC = Concurrent Workstation
Mean = 1.424 ms, StdErr = 0.031 ms (2.21%), N = 6, StdDev = 0.077 ms
Min = 1.332 ms, Q1 = 1.378 ms, Median = 1.414 ms, Q3 = 1.453 ms, Max = 1.552 ms
IQR = 0.074 ms, LowerFence = 1.267 ms, UpperFence = 1.564 ms
ConfidenceInterval = [1.208 ms; 1.640 ms] (CI 99.9%), Margin = 0.216 ms (15.16% of Mean)
Skewness = 0.44, Kurtosis = 1.66, MValue = 2
-------------------- Histogram --------------------
[1.277 ms ; 1.360 ms) | @
[1.360 ms ; 1.471 ms) | @@@@
[1.471 ms ; 1.608 ms) | @
---------------------------------------------------

CodecSuite.Run: campaign(EvaluateOverhead=False, Clock=Armonik.Ffi.Bdn.CpuClock, IterationCount=6, IterationTime=40ms, LaunchCount=1, RunStrategy=Throughput, WarmupCount=25) [Case=core-(...)etain [43]]
Runtime = .NET 8.0.31 (8.0.31, 8.0.3126.42015), X64 RyuJIT x86-64-v4; GC = Concurrent Workstation
Mean = 1.325 ms, StdErr = 0.013 ms (0.99%), N = 6, StdDev = 0.032 ms
Min = 1.279 ms, Q1 = 1.302 ms, Median = 1.341 ms, Q3 = 1.347 ms, Max = 1.351 ms
IQR = 0.045 ms, LowerFence = 1.234 ms, UpperFence = 1.415 ms
ConfidenceInterval = [1.235 ms; 1.415 ms] (CI 99.9%), Margin = 0.090 ms (6.77% of Mean)
Skewness = -0.53, Kurtosis = 1.1, MValue = 2
-------------------- Histogram --------------------
[1.261 ms ; 1.322 ms) | @@
[1.322 ms ; 1.374 ms) | @@@@
---------------------------------------------------

CodecSuite.Run: campaign(EvaluateOverhead=False, Clock=Armonik.Ffi.Bdn.CpuClock, IterationCount=6, IterationTime=40ms, LaunchCount=1, RunStrategy=Throughput, WarmupCount=25) [Case=core-(...)etain [42]]
Runtime = .NET 8.0.31 (8.0.31, 8.0.3126.42015), X64 RyuJIT x86-64-v4; GC = Concurrent Workstation
Mean = 868.475 us, StdErr = 4.566 us (0.53%), N = 6, StdDev = 11.185 us
Min = 854.694 us, Q1 = 858.737 us, Median = 871.113 us, Q3 = 876.273 us, Max = 881.325 us
IQR = 17.536 us, LowerFence = 832.433 us, UpperFence = 902.578 us
ConfidenceInterval = [837.110 us; 899.841 us] (CI 99.9%), Margin = 31.365 us (3.61% of Mean)
Skewness = -0.22, Kurtosis = 1.04, MValue = 2
-------------------- Histogram --------------------
[846.615 us ; 883.572 us) | @@@@@@
---------------------------------------------------

CodecSuite.Run: campaign(EvaluateOverhead=False, Clock=Armonik.Ffi.Bdn.CpuClock, IterationCount=6, IterationTime=40ms, LaunchCount=1, RunStrategy=Throughput, WarmupCount=25) [Case=core-(...)etain [41]]
Runtime = .NET 8.0.31 (8.0.31, 8.0.3126.42015), X64 RyuJIT x86-64-v4; GC = Concurrent Workstation
Mean = 1.502 ms, StdErr = 0.009 ms (0.57%), N = 5, StdDev = 0.019 ms
Min = 1.478 ms, Q1 = 1.490 ms, Median = 1.504 ms, Q3 = 1.510 ms, Max = 1.528 ms
IQR = 0.020 ms, LowerFence = 1.461 ms, UpperFence = 1.539 ms
ConfidenceInterval = [1.428 ms; 1.576 ms] (CI 99.9%), Margin = 0.074 ms (4.94% of Mean)
Skewness = 0.06, Kurtosis = 1.23, MValue = 2
-------------------- Histogram --------------------
[1.463 ms ; 1.543 ms) | @@@@@
---------------------------------------------------

CodecSuite.Run: campaign(EvaluateOverhead=False, Clock=Armonik.Ffi.Bdn.CpuClock, IterationCount=6, IterationTime=40ms, LaunchCount=1, RunStrategy=Throughput, WarmupCount=25) [Case=core-(...)|drop [41]]
Runtime = .NET 8.0.31 (8.0.31, 8.0.3126.42015), X64 RyuJIT x86-64-v4; GC = Concurrent Workstation
Mean = 1.156 ms, StdErr = 0.016 ms (1.39%), N = 5, StdDev = 0.036 ms
Min = 1.106 ms, Q1 = 1.144 ms, Median = 1.160 ms, Q3 = 1.163 ms, Max = 1.206 ms
IQR = 0.020 ms, LowerFence = 1.114 ms, UpperFence = 1.193 ms
ConfidenceInterval = [1.017 ms; 1.294 ms] (CI 99.9%), Margin = 0.139 ms (12.00% of Mean)
Skewness = 0.01, Kurtosis = 1.47, MValue = 2
-------------------- Histogram --------------------
[1.078 ms ; 1.126 ms) | @
[1.126 ms ; 1.181 ms) | @@@
[1.181 ms ; 1.233 ms) | @
---------------------------------------------------

CodecSuite.Run: campaign(EvaluateOverhead=False, Clock=Armonik.Ffi.Bdn.CpuClock, IterationCount=6, IterationTime=40ms, LaunchCount=1, RunStrategy=Throughput, WarmupCount=25) [Case=core-(...)|drop [54]]
Runtime = .NET 8.0.31 (8.0.31, 8.0.3126.42015), X64 RyuJIT x86-64-v4; GC = Concurrent Workstation
Mean = 1.249 us, StdErr = 0.003 us (0.24%), N = 6, StdDev = 0.007 us
Min = 1.241 us, Q1 = 1.243 us, Median = 1.248 us, Q3 = 1.255 us, Max = 1.257 us
IQR = 0.012 us, LowerFence = 1.225 us, UpperFence = 1.273 us
ConfidenceInterval = [1.228 us; 1.269 us] (CI 99.9%), Margin = 0.020 us (1.64% of Mean)
Skewness = 0.06, Kurtosis = 0.81, MValue = 2
-------------------- Histogram --------------------
[1.236 us ; 1.263 us) | @@@@@@
---------------------------------------------------

CodecSuite.Run: campaign(EvaluateOverhead=False, Clock=Armonik.Ffi.Bdn.CpuClock, IterationCount=6, IterationTime=40ms, LaunchCount=1, RunStrategy=Throughput, WarmupCount=25) [Case=core-(...)|drop [40]]
Runtime = .NET 8.0.31 (8.0.31, 8.0.3126.42015), X64 RyuJIT x86-64-v4; GC = Concurrent Workstation
Mean = 874.820 us, StdErr = 10.642 us (1.22%), N = 6, StdDev = 26.067 us
Min = 840.122 us, Q1 = 853.890 us, Median = 886.457 us, Q3 = 893.067 us, Max = 897.579 us
IQR = 39.177 us, LowerFence = 795.124 us, UpperFence = 951.833 us
ConfidenceInterval = [801.722 us; 947.918 us] (CI 99.9%), Margin = 73.098 us (8.36% of Mean)
Skewness = -0.47, Kurtosis = 1.05, MValue = 2
-------------------- Histogram --------------------
[821.293 us ; 872.832 us) | @@
[872.832 us ; 916.407 us) | @@@@
---------------------------------------------------

CodecSuite.Run: campaign(EvaluateOverhead=False, Clock=Armonik.Ffi.Bdn.CpuClock, IterationCount=6, IterationTime=40ms, LaunchCount=1, RunStrategy=Throughput, WarmupCount=25) [Case=core-(...)etain [56]]
Runtime = .NET 8.0.31 (8.0.31, 8.0.3126.42015), X64 RyuJIT x86-64-v4; GC = Concurrent Workstation
Mean = 2.492 us, StdErr = 0.239 us (9.61%), N = 6, StdDev = 0.586 us
Min = 1.944 us, Q1 = 2.008 us, Median = 2.362 us, Q3 = 2.873 us, Max = 3.347 us
IQR = 0.865 us, LowerFence = 0.711 us, UpperFence = 4.170 us
ConfidenceInterval = [0.848 us; 4.135 us] (CI 99.9%), Margin = 1.644 us (65.98% of Mean)
Skewness = 0.28, Kurtosis = 1.08, MValue = 2
-------------------- Histogram --------------------
[1.894 us ; 2.741 us) | @@@@
[2.741 us ; 3.564 us) | @@
---------------------------------------------------

// * Summary *

BenchmarkDotNet v0.15.8, Linux Ubuntu 24.04.4 LTS (Noble Numbat)
Intel Xeon Processor 2.10GHz, 1 CPU, 4 logical and 4 physical cores
.NET SDK 8.0.131
  [Host]   : .NET 8.0.31 (8.0.31, 8.0.3126.42015), X64 RyuJIT x86-64-v4
  campaign : .NET 8.0.31 (8.0.31, 8.0.3126.42015), X64 RyuJIT x86-64-v4

Job=campaign  EvaluateOverhead=False  Clock=Armonik.Ffi.Bdn.CpuClock  
IterationCount=6  IterationTime=40ms  LaunchCount=1  
RunStrategy=Throughput  WarmupCount=25  

| Method | Case                 | Mean         | Error       | StdDev     | Allocated |
|------- |--------------------- |-------------:|------------:|-----------:|----------:|
| Run    | core-(...)etain [42] | 1,084.982 us |  77.2919 us | 27.5630 us |         - |
| Run    | core-(...)|drop [40] | 1,004.752 us | 176.9046 us | 63.0859 us |         - |
| Run    | core-(...)|drop [40] |   900.405 us |  94.9823 us | 24.6666 us |         - |
| Run    | core-(...)etain [42] |   992.573 us |  78.0026 us | 20.2570 us |         - |
| Run    | core-(...)|drop [39] | 1,424.000 us | 215.8220 us | 76.9642 us |         - |
| Run    | core-(...)etain [43] | 1,325.054 us |  89.7388 us | 32.0017 us |         - |
| Run    | core-(...)etain [42] |   868.475 us |  31.3653 us | 11.1852 us |         - |
| Run    | core-(...)etain [41] | 1,501.969 us |  74.2139 us | 19.2731 us |         - |
| Run    | core-(...)|drop [41] | 1,155.758 us | 138.7284 us | 36.0273 us |         - |
| Run    | core-(...)|drop [54] |     1.249 us |   0.0205 us |  0.0073 us |         - |
| Run    | core-(...)|drop [40] |   874.820 us |  73.0980 us | 26.0675 us |         - |
| Run    | core-(...)etain [56] |     2.492 us |   1.6440 us |  0.5862 us |         - |

// * Legends *
  Case      : Value of the 'Case' parameter
  Mean      : Arithmetic mean of all measurements
  Error     : Half of 99.9% confidence interval
  StdDev    : Standard deviation of all measurements
  Allocated : Allocated memory per single operation (managed only, inclusive, 1KB = 1024B)
  1 us      : 1 Microsecond (0.000001 sec)

// * Diagnostic Output - AkProcessCpu *

// * Diagnostic Output - MemoryDiagnoser *


// ***** BenchmarkRunner: End *****
Global total time: 00:00:48 (48.68 sec), executed benchmarks: 12
// * Artifacts cleanup *
Artifacts cleanup is finished
