# engine:         BenchmarkDotNet 0.15.8.0 (CAMPAIGN.md 22a), toolchain BDN's default, ONE CHILD PROCESS PER CASE (the campaign's native isolation, req 22a as amended e6c909630); process CPU per iteration from the child's clock reads, each pair checked against BDN's wall measurement; the JIT tier is NOT read back (the children's JIT events are not visible here), so the jit check below is vacuous in this mode, pinned by the runner
# grid:           core (CAMPAIGN section 4.0, D18; AK_CAMPAIGN_GRID=core): arms incumbent-prod (full build only), core-ffi (FSM decode, D24) and host-gen (retain in the full build, no-unknown in its build); encode-transport-hot (end state ii, one hot graph) and decode-read; the 16 shapes, P7.1 decode only; Latin-1 and wide on P2.2 only; U-* rows U-nested-before, U-deep-u-repeated, U-oneof-u-repeated, U-wire-ListTaskSummaryResponse-tasks-as-wt5, U-wire-UploadResultDataMessage-upload-as-wt5, U-wire-ListMetricsResponse-batches-as-wt0, U-wire-DualResponse-left-as-wt5 (encode-transport-hot and decode-read). Extras left out (AK_CAMPAIGN_GRID=full runs them): incumbent-best, core-ffi-push (push decode), core-ffi-pull, bare decode, encode at end state (i) and with a pool input, decode-reencode, the drop mode, the incumbent in the no-unknown build, content sets on P1.2 and P2.4, the other U-* rows timed (all stay in the correctness checks)
# allocator:      default (readback at process start: a 16 MiB malloc came from the mmapped (mallinfo2; the block kept, never freed); no heap pre-grow (owner, 2026-10-03): BDN's warm-up runs the real call path, and minflt per row shows whether it sufficed; under the default toolchain each child probes once, on its case's first row as alloc_probe; GLIBC_TUNABLES=unset; CAMPAIGN req 25 as amended 2026-10-03, D9: the main figures run glibc's default allocator as production does; the pinned pass (glibc.malloc.trim_threshold=268435456:glibc.malloc.mmap_threshold=33554432) is a labelled diagnostic; every row carries `alloc` and `minflt`, the process's minor page faults over the iteration (getrusage, read by the job's clock beside the CPU clock), so faults per call = minflt / iters)
# runtime:        .NET 8.0.31; TieredCompilation=default TieredPGO=default (net8.0 defaults unless set); GC server=False, concurrent (default)
# incumbent:      Google.Protobuf 3.32.0
# build:          full (WP5 step 10; the loaded core checked to be the same variant by its u-family exports)
# managed codec:  plan utf8=reject unknown=drop
# job:            launch 2; 6 actual iterations (rounds) per case, 25 warm-up iterations (the same for every case) after BDN's jitting stage (1 overhead + 1 workload jitting invocation per case, logged by BDN in the .bdn.log, not exported) and pilot, iteration time 40 ms (the pilot picks the invocation count per case), strategy Throughput, EvaluateOverhead=false (no overhead subtraction anywhere)
# clocks:         per iteration (every row with round >= 1): wall (Stopwatch) AND process CPU (CLOCK_PROCESS_CPUTIME_ID of this process: every thread, GC and JIT included; CAMPAIGN req 21 as amended, R-H25), both read by the job's clock (CpuClock, Job.WithClock) at the start and end of the same iteration window, exported RAW (no outlier removal, no overhead subtraction); BDN's forced GCs between iterations are outside the window; the round-0 row of each case is a summary of the whole actual stage (span_cpu_ns, span_wall_ns), not a sample
# threads:        thread pool min 2 worker / 1 IO, max 32767 worker / 1000 IO, 0 pool thread(s) now; 2 logical CPUs visible; the codec suite creates no core runtime (no RPC call is made); the timed loop runs on BDN's one thread
# encode:         CAMPAIGN req 11 (R-H29): dir encode = pool input + reused buffer; encode-hot = one graph + reused buffer; encode-transport = pool + the Grpc.Net form; encode-transport-hot = one graph + the Grpc.Net form. Reused buffer: incumbent-prod CalculateSize + WriteTo(IBufferWriter) and incumbent-best WriteTo(IBufferWriter) into one BufWriter, host-gen into its one Enc, core-ffi into the core's encode buffer (ak_encode_*/ak_uencode_*; that buffer is also what cell C hands the core's transport, and host-gen's Enc what cell E hands it, so their transport forms on the core's transport ARE the buffer rows). Grpc.Net form (cells A, F, D): the serializer the RPC grid's marshaller runs (RootOps.SerInc/SerHost/SerFfi), into a frame like Grpc.Net.Client 2.71's GrpcCallSerializationContext: one ArrayPool array, the 5-byte gRPC header, the body, the array returned after (GrpcFrame.cs); incumbent-best has no gRPC path and no transport row. Pool: distinct graphs built in the case's setup whose RETAINED heap is >= 28835840 bytes (2 x AK_LLC_BYTES, default 13.75 MB; AK_POOL_BYTES overrides; per row pool_graphs and pool_bytes), round robin one graph per call; a hot input is a pool of one (the same Next() per call); graph construction is never in the timed window
# U-* rows:       CAMPAIGN req 7 (R-H27): the 92 accepted, non-disputed U-* rows at the shapes core's 7 ABI roots, through this timed shapes core: encode-hot (a graph the arm decoded from the row, untimed; retain arms re-emit the unknown fields, drop arms the dropped form), decode, decode-read, and decode-reencode (a labelled extra; no incumbent-best row)
# content sets:   CAMPAIGN req 7 (R-H26): ascii, latin1 and wide on P1.2, P2.2, P2.4; ascii only elsewhere
# order:          seeded shuffles (below); ratios, where the aggregation forms them, come from per-launch medians (CAMPAIGN req 30): every unit is its own process
# process unit:   all cases; this launch's unit order: core-ffi:drop, core-ffi:retain (a seeded shuffle, seed 15838; within this process the cases run in a seeded shuffle too, seed 209458, the 2 prime cases first; requirement 22 as amended, R-H23)
# warm-up:        BenchmarkDotNet's own, per case: its jitting stage, pilot and the warm-up iterations of the job line (req 24; WP9 addendum: no hand-written pre-warm and no settle wait; the 2 prime cases below are BDN cases); the JIT tier is read back per case and a case that measured hot code at tier 0 fails the unit outside --smoke (the jit check below)
# correctness:    4525 pre-timing checks passed (byte identity of every encode arm per payload and content set; every arm accepts every unknown row; on every unknown row core-ffi retain and host-gen retain re-encode to the incumbent's bytes, i.e. the unknown fields are kept: requirement 10)
# cases:          10 exported, after 2 prime case(s) run first and not exported (copies of the first cases, content "prime"): BDN cases like any other, kept because without them the first case of a process measures BDN's own first-touched runtime helpers (SpanHelpers.Fill) at tier 0 (JOURNAL 51, 62)
# strings:        D21 string encode path AK_STR_ENC=E0 (E0 .NET UTF-8 into native staging + ak_tc_bytes; E1 the string pinned + ak_tc_utf16; E2 the C# transcoder callback into the core's buffer; ETH:<n> E1 from n UTF-16 units, E0 below); Cases.Verify checks every path's bytes
# memory:         AK_BDN_MEMORY=1: BenchmarkDotNet's MemoryDiagnoser (an exploration switch, not a campaign setting): one extra workload iteration per case AFTER the actual stage, at the actual stage's invocation count, outside the job's clock (no exported sample is affected); on each case's first sample row mem_alloc_bytes_per_op (GC.GetTotalAllocatedBytes(precise), every thread, divided by its operations), mem_gen = [gen0, gen1, gen2] collections during it, mem_ops its operations, mem_alloc_bytes its total
# cpus:           this process: 2 CPU(s) in its affinity mask (sched_getaffinity), Environment.ProcessorCount 2; single-CPU guard (JOURNAL 73): a timed process (host or BDN child) with ONE CPU is refused unless AK_ALLOW_SINGLE_CPU=1 (here: unset); each case's first row carries cpus_affinity, cpus_runtime and single_cpu_override as its own process saw them
// Validating benchmarks:
// ***** BenchmarkRunner: Start   *****
// ***** Found 12 benchmark(s) in total *****
// ***** Building 1 exe(s) in Parallel: Start   *****
Unable to find .sln or .csproj file. Will use current directory /home/user/ArmoniK.Api/ffi/poc/csharp to search for project file. If you don't use .sln file on purpose it should not be a problem.
// start dotnet  restore --nodeReuse:false /p:UseSharedCompilation=false /p:Deterministic=true /p:Optimize=true /p:ArtifactsPath="/home/user/ArmoniK.Api/ffi/poc/csharp/src/BenchDotNet/bin/Release/net8.0/BenchDotNet-campaign-1/" /p:OutDir="/home/user/ArmoniK.Api/ffi/poc/csharp/src/BenchDotNet/bin/Release/net8.0/BenchDotNet-campaign-1/bin/Release/net8.0/" /p:OutputPath="/home/user/ArmoniK.Api/ffi/poc/csharp/src/BenchDotNet/bin/Release/net8.0/BenchDotNet-campaign-1/bin/Release/net8.0/" /p:PublishDir="/home/user/ArmoniK.Api/ffi/poc/csharp/src/BenchDotNet/bin/Release/net8.0/BenchDotNet-campaign-1/publish/" in /home/user/ArmoniK.Api/ffi/poc/csharp/src/BenchDotNet/bin/Release/net8.0/BenchDotNet-campaign-1
// command took 2.11 sec and exited with 0
// start dotnet  build -c Release --no-restore --nodeReuse:false /p:UseSharedCompilation=false /p:Deterministic=true /p:Optimize=true /p:ArtifactsPath="/home/user/ArmoniK.Api/ffi/poc/csharp/src/BenchDotNet/bin/Release/net8.0/BenchDotNet-campaign-1/" /p:OutDir="/home/user/ArmoniK.Api/ffi/poc/csharp/src/BenchDotNet/bin/Release/net8.0/BenchDotNet-campaign-1/bin/Release/net8.0/" /p:OutputPath="/home/user/ArmoniK.Api/ffi/poc/csharp/src/BenchDotNet/bin/Release/net8.0/BenchDotNet-campaign-1/bin/Release/net8.0/" /p:PublishDir="/home/user/ArmoniK.Api/ffi/poc/csharp/src/BenchDotNet/bin/Release/net8.0/BenchDotNet-campaign-1/publish/" --output "/home/user/ArmoniK.Api/ffi/poc/csharp/src/BenchDotNet/bin/Release/net8.0/BenchDotNet-campaign-1/bin/Release/net8.0/" in /home/user/ArmoniK.Api/ffi/poc/csharp/src/BenchDotNet/bin/Release/net8.0/BenchDotNet-campaign-1
// command took 18.32 sec and exited with 0
// ***** Done, took 00:00:20 (20.53 sec)   *****
// Found 12 benchmarks:
//   CodecSuite.Run: campaign(EvaluateOverhead=False, Clock=Armonik.Ffi.Bdn.CpuClock, IterationCount=6, IterationTime=40ms, LaunchCount=1, RunStrategy=Throughput, WarmupCount=25) [Case=core-(...)etain [42]]
//   CodecSuite.Run: campaign(EvaluateOverhead=False, Clock=Armonik.Ffi.Bdn.CpuClock, IterationCount=6, IterationTime=40ms, LaunchCount=1, RunStrategy=Throughput, WarmupCount=25) [Case=core-(...)|drop [40]]
//   CodecSuite.Run: campaign(EvaluateOverhead=False, Clock=Armonik.Ffi.Bdn.CpuClock, IterationCount=6, IterationTime=40ms, LaunchCount=1, RunStrategy=Throughput, WarmupCount=25) [Case=core-(...)etain [42]]
//   CodecSuite.Run: campaign(EvaluateOverhead=False, Clock=Armonik.Ffi.Bdn.CpuClock, IterationCount=6, IterationTime=40ms, LaunchCount=1, RunStrategy=Throughput, WarmupCount=25) [Case=core-(...)etain [41]]
//   CodecSuite.Run: campaign(EvaluateOverhead=False, Clock=Armonik.Ffi.Bdn.CpuClock, IterationCount=6, IterationTime=40ms, LaunchCount=1, RunStrategy=Throughput, WarmupCount=25) [Case=core-(...)etain [56]]
//   CodecSuite.Run: campaign(EvaluateOverhead=False, Clock=Armonik.Ffi.Bdn.CpuClock, IterationCount=6, IterationTime=40ms, LaunchCount=1, RunStrategy=Throughput, WarmupCount=25) [Case=core-(...)|drop [40]]
//   CodecSuite.Run: campaign(EvaluateOverhead=False, Clock=Armonik.Ffi.Bdn.CpuClock, IterationCount=6, IterationTime=40ms, LaunchCount=1, RunStrategy=Throughput, WarmupCount=25) [Case=core-(...)|drop [54]]
//   CodecSuite.Run: campaign(EvaluateOverhead=False, Clock=Armonik.Ffi.Bdn.CpuClock, IterationCount=6, IterationTime=40ms, LaunchCount=1, RunStrategy=Throughput, WarmupCount=25) [Case=core-(...)|drop [40]]
//   CodecSuite.Run: campaign(EvaluateOverhead=False, Clock=Armonik.Ffi.Bdn.CpuClock, IterationCount=6, IterationTime=40ms, LaunchCount=1, RunStrategy=Throughput, WarmupCount=25) [Case=core-(...)etain [43]]
//   CodecSuite.Run: campaign(EvaluateOverhead=False, Clock=Armonik.Ffi.Bdn.CpuClock, IterationCount=6, IterationTime=40ms, LaunchCount=1, RunStrategy=Throughput, WarmupCount=25) [Case=core-(...)|drop [41]]
//   CodecSuite.Run: campaign(EvaluateOverhead=False, Clock=Armonik.Ffi.Bdn.CpuClock, IterationCount=6, IterationTime=40ms, LaunchCount=1, RunStrategy=Throughput, WarmupCount=25) [Case=core-(...)etain [42]]
//   CodecSuite.Run: campaign(EvaluateOverhead=False, Clock=Armonik.Ffi.Bdn.CpuClock, IterationCount=6, IterationTime=40ms, LaunchCount=1, RunStrategy=Throughput, WarmupCount=25) [Case=core-(...)|drop [39]]

// **************************
// Benchmark: CodecSuite.Run: campaign(EvaluateOverhead=False, Clock=Armonik.Ffi.Bdn.CpuClock, IterationCount=6, IterationTime=40ms, LaunchCount=1, RunStrategy=Throughput, WarmupCount=25) [Case=core-(...)etain [42]]
// *** Execute ***
// Launch: 1 / 1
// Execute: dotnet BenchDotNet-campaign-1.dll --anonymousPipes 138 139 --benchmarkName "Armonik.Ffi.Bdn.CodecSuite.Run(Case: \"core-ffi|encode-core-hot|P2.2|prime|retain\")" --job campaign --benchmarkId 0 in /home/user/ArmoniK.Api/ffi/poc/csharp/src/BenchDotNet/bin/Release/net8.0/BenchDotNet-campaign-1/bin/Release/net8.0
// BeforeAnythingElse

// Benchmark Process Environment Information:
// BenchmarkDotNet v0.15.8
// Runtime=.NET 8.0.31 (8.0.31, 8.0.3126.42015), X64 RyuJIT x86-64-v4
// GC=Concurrent Workstation
// HardwareIntrinsics=AVX512 IFMA+VBMI,AVX512 F+BW+CD+DQ+VL,AVX2+BMI1+BMI2+F16C+FMA+LZCNT+MOVBE,AVX,SSE3+SSSE3+SSE4.1+SSE4.2+POPCNT,X86Base+SSE+SSE2,AES+PCLMUL,AvxVnni,SERIALIZE VectorSize=256
// Job: campaign(EvaluateOverhead=False, Clock=Armonik.Ffi.Bdn.CpuClock, IterationCount=6, IterationTime=40ms, LaunchCount=1, RunStrategy=Throughput, WarmupCount=25)

OverheadJitting  1: 1 op, 245074.00 ns, 245.0740 us/op
WorkloadJitting  1: 1 op, 14277550.00 ns, 14.2776 ms/op

WorkloadPilot    1: 4 op, 21694809.00 ns, 5.4237 ms/op
WorkloadPilot    2: 7 op, 15619845.00 ns, 2.2314 ms/op
WorkloadPilot    3: 18 op, 25964190.00 ns, 1.4425 ms/op
WorkloadPilot    4: 28 op, 84683016.00 ns, 3.0244 ms/op
WorkloadPilot    5: 13 op, 21602653.00 ns, 1.6617 ms/op
WorkloadPilot    6: 24 op, 52430092.00 ns, 2.1846 ms/op
WorkloadPilot    7: 18 op, 36095581.00 ns, 2.0053 ms/op
WorkloadPilot    8: 20 op, 24114835.00 ns, 1.2057 ms/op
WorkloadPilot    9: 33 op, 36601617.00 ns, 1.1091 ms/op
WorkloadPilot   10: 36 op, 40565724.00 ns, 1.1268 ms/op

WorkloadWarmup   1: 36 op, 39390135.00 ns, 1.0942 ms/op
WorkloadWarmup   2: 36 op, 43754165.00 ns, 1.2154 ms/op
WorkloadWarmup   3: 36 op, 44098829.00 ns, 1.2250 ms/op
WorkloadWarmup   4: 36 op, 43823562.00 ns, 1.2173 ms/op
WorkloadWarmup   5: 36 op, 44590299.00 ns, 1.2386 ms/op
WorkloadWarmup   6: 36 op, 42920766.00 ns, 1.1922 ms/op
WorkloadWarmup   7: 36 op, 54166754.00 ns, 1.5046 ms/op
WorkloadWarmup   8: 36 op, 53572441.00 ns, 1.4881 ms/op
WorkloadWarmup   9: 36 op, 46871281.00 ns, 1.3020 ms/op
WorkloadWarmup  10: 36 op, 43183713.00 ns, 1.1995 ms/op
WorkloadWarmup  11: 36 op, 59185907.00 ns, 1.6441 ms/op
WorkloadWarmup  12: 36 op, 45768492.00 ns, 1.2713 ms/op
WorkloadWarmup  13: 36 op, 55767880.00 ns, 1.5491 ms/op
WorkloadWarmup  14: 36 op, 39210848.00 ns, 1.0892 ms/op
WorkloadWarmup  15: 36 op, 39732949.00 ns, 1.1037 ms/op
WorkloadWarmup  16: 36 op, 41309109.00 ns, 1.1475 ms/op
WorkloadWarmup  17: 36 op, 39071563.00 ns, 1.0853 ms/op
WorkloadWarmup  18: 36 op, 42538121.00 ns, 1.1816 ms/op
WorkloadWarmup  19: 36 op, 42551857.00 ns, 1.1820 ms/op
WorkloadWarmup  20: 36 op, 61503959.00 ns, 1.7084 ms/op
WorkloadWarmup  21: 36 op, 40925137.00 ns, 1.1368 ms/op
WorkloadWarmup  22: 36 op, 47642539.00 ns, 1.3234 ms/op
WorkloadWarmup  23: 36 op, 39202176.00 ns, 1.0889 ms/op
WorkloadWarmup  24: 36 op, 38523367.00 ns, 1.0701 ms/op
WorkloadWarmup  25: 36 op, 63460464.00 ns, 1.7628 ms/op

// BeforeActualRun
WorkloadActual   1: 36 op, 38841414.00 ns, 1.0789 ms/op
WorkloadActual   2: 36 op, 38734733.00 ns, 1.0760 ms/op
WorkloadActual   3: 36 op, 40974883.00 ns, 1.1382 ms/op
WorkloadActual   4: 36 op, 41858605.00 ns, 1.1627 ms/op
WorkloadActual   5: 36 op, 38548647.00 ns, 1.0708 ms/op
WorkloadActual   6: 36 op, 42059843.00 ns, 1.1683 ms/op

// AfterActualRun
WorkloadResult   1: 36 op, 38841414.00 ns, 1.0789 ms/op
WorkloadResult   2: 36 op, 38734733.00 ns, 1.0760 ms/op
WorkloadResult   3: 36 op, 40974883.00 ns, 1.1382 ms/op
WorkloadResult   4: 36 op, 41858605.00 ns, 1.1627 ms/op
WorkloadResult   5: 36 op, 38548647.00 ns, 1.0708 ms/op
WorkloadResult   6: 36 op, 42059843.00 ns, 1.1683 ms/op
// GC:  0 0 0 0 36
// Threading:  0 0 36

// AfterAll
// Benchmark Process 14679 has exited with code 0.

Mean = 1.116 ms, StdErr = 0.019 ms (1.67%), N = 6, StdDev = 0.046 ms
Min = 1.071 ms, Q1 = 1.077 ms, Median = 1.109 ms, Q3 = 1.157 ms, Max = 1.168 ms
IQR = 0.080 ms, LowerFence = 0.957 ms, UpperFence = 1.276 ms
ConfidenceInterval = [0.988 ms; 1.244 ms] (CI 99.9%), Margin = 0.128 ms (11.48% of Mean)
Skewness = 0.09, Kurtosis = 0.81, MValue = 2

// ** Remained 11 (91.7 %) benchmark(s) to run. Estimated finish 2026-10-10 8:16 (0h 0m from now) **
// **************************
// Benchmark: CodecSuite.Run: campaign(EvaluateOverhead=False, Clock=Armonik.Ffi.Bdn.CpuClock, IterationCount=6, IterationTime=40ms, LaunchCount=1, RunStrategy=Throughput, WarmupCount=25) [Case=core-(...)|drop [40]]
// *** Execute ***
// Launch: 1 / 1
// Execute: dotnet BenchDotNet-campaign-1.dll --anonymousPipes 138 139 --benchmarkName "Armonik.Ffi.Bdn.CodecSuite.Run(Case: \"core-ffi|encode-core-hot|P2.2|prime|drop\")" --job campaign --benchmarkId 1 in /home/user/ArmoniK.Api/ffi/poc/csharp/src/BenchDotNet/bin/Release/net8.0/BenchDotNet-campaign-1/bin/Release/net8.0
// BeforeAnythingElse

// Benchmark Process Environment Information:
// BenchmarkDotNet v0.15.8
// Runtime=.NET 8.0.31 (8.0.31, 8.0.3126.42015), X64 RyuJIT x86-64-v4
// GC=Concurrent Workstation
// HardwareIntrinsics=AVX512 IFMA+VBMI,AVX512 F+BW+CD+DQ+VL,AVX2+BMI1+BMI2+F16C+FMA+LZCNT+MOVBE,AVX,SSE3+SSSE3+SSE4.1+SSE4.2+POPCNT,X86Base+SSE+SSE2,AES+PCLMUL,AvxVnni,SERIALIZE VectorSize=256
// Job: campaign(EvaluateOverhead=False, Clock=Armonik.Ffi.Bdn.CpuClock, IterationCount=6, IterationTime=40ms, LaunchCount=1, RunStrategy=Throughput, WarmupCount=25)

OverheadJitting  1: 1 op, 252678.00 ns, 252.6780 us/op
WorkloadJitting  1: 1 op, 12420890.00 ns, 12.4209 ms/op

WorkloadPilot    1: 4 op, 14081221.00 ns, 3.5203 ms/op
WorkloadPilot    2: 11 op, 19779307.00 ns, 1.7981 ms/op
WorkloadPilot    3: 22 op, 27010245.00 ns, 1.2277 ms/op
WorkloadPilot    4: 33 op, 42824496.00 ns, 1.2977 ms/op
WorkloadPilot    5: 31 op, 44896439.00 ns, 1.4483 ms/op
WorkloadPilot    6: 28 op, 34045013.00 ns, 1.2159 ms/op
WorkloadPilot    7: 33 op, 48534154.00 ns, 1.4707 ms/op

WorkloadWarmup   1: 33 op, 33030937.00 ns, 1.0009 ms/op
WorkloadWarmup   2: 33 op, 33528160.00 ns, 1.0160 ms/op
WorkloadWarmup   3: 33 op, 40821899.00 ns, 1.2370 ms/op
WorkloadWarmup   4: 33 op, 36917516.00 ns, 1.1187 ms/op
WorkloadWarmup   5: 33 op, 33475750.00 ns, 1.0144 ms/op
WorkloadWarmup   6: 33 op, 36408176.00 ns, 1.1033 ms/op
WorkloadWarmup   7: 33 op, 35867396.00 ns, 1.0869 ms/op
WorkloadWarmup   8: 33 op, 33337855.00 ns, 1.0102 ms/op
WorkloadWarmup   9: 33 op, 38095585.00 ns, 1.1544 ms/op
WorkloadWarmup  10: 33 op, 46465863.00 ns, 1.4081 ms/op
WorkloadWarmup  11: 33 op, 33113486.00 ns, 1.0034 ms/op
WorkloadWarmup  12: 33 op, 45525274.00 ns, 1.3796 ms/op
WorkloadWarmup  13: 33 op, 42771170.00 ns, 1.2961 ms/op
WorkloadWarmup  14: 33 op, 32066414.00 ns, 971.7095 us/op
WorkloadWarmup  15: 33 op, 33141079.00 ns, 1.0043 ms/op
WorkloadWarmup  16: 33 op, 33542223.00 ns, 1.0164 ms/op
WorkloadWarmup  17: 33 op, 46305891.00 ns, 1.4032 ms/op
WorkloadWarmup  18: 33 op, 37978248.00 ns, 1.1509 ms/op
WorkloadWarmup  19: 33 op, 35645881.00 ns, 1.0802 ms/op
WorkloadWarmup  20: 33 op, 45715346.00 ns, 1.3853 ms/op
WorkloadWarmup  21: 33 op, 35666210.00 ns, 1.0808 ms/op
WorkloadWarmup  22: 33 op, 42024912.00 ns, 1.2735 ms/op
WorkloadWarmup  23: 33 op, 34409417.00 ns, 1.0427 ms/op
WorkloadWarmup  24: 33 op, 36521558.00 ns, 1.1067 ms/op
WorkloadWarmup  25: 33 op, 40527854.00 ns, 1.2281 ms/op

// BeforeActualRun
WorkloadActual   1: 33 op, 35983431.00 ns, 1.0904 ms/op
WorkloadActual   2: 33 op, 31801783.00 ns, 963.6904 us/op
WorkloadActual   3: 33 op, 33964240.00 ns, 1.0292 ms/op
WorkloadActual   4: 33 op, 31696766.00 ns, 960.5081 us/op
WorkloadActual   5: 33 op, 33814234.00 ns, 1.0247 ms/op
WorkloadActual   6: 33 op, 35226992.00 ns, 1.0675 ms/op

// AfterActualRun
WorkloadResult   1: 33 op, 35983431.00 ns, 1.0904 ms/op
WorkloadResult   2: 33 op, 31801783.00 ns, 963.6904 us/op
WorkloadResult   3: 33 op, 33964240.00 ns, 1.0292 ms/op
WorkloadResult   4: 33 op, 31696766.00 ns, 960.5081 us/op
WorkloadResult   5: 33 op, 33814234.00 ns, 1.0247 ms/op
WorkloadResult   6: 33 op, 35226992.00 ns, 1.0675 ms/op
// GC:  0 0 0 0 33
// Threading:  0 0 33

// AfterAll
// Benchmark Process 14689 has exited with code 0.

Mean = 1.023 ms, StdErr = 0.022 ms (2.11%), N = 6, StdDev = 0.053 ms
Min = 0.961 ms, Q1 = 0.979 ms, Median = 1.027 ms, Q3 = 1.058 ms, Max = 1.090 ms
IQR = 0.079 ms, LowerFence = 0.860 ms, UpperFence = 1.176 ms
ConfidenceInterval = [0.874 ms; 1.171 ms] (CI 99.9%), Margin = 0.148 ms (14.50% of Mean)
Skewness = -0.05, Kurtosis = 1.11, MValue = 2

// ** Remained 10 (83.3 %) benchmark(s) to run. Estimated finish 2026-10-10 8:16 (0h 0m from now) **
// **************************
// Benchmark: CodecSuite.Run: campaign(EvaluateOverhead=False, Clock=Armonik.Ffi.Bdn.CpuClock, IterationCount=6, IterationTime=40ms, LaunchCount=1, RunStrategy=Throughput, WarmupCount=25) [Case=core-(...)etain [42]]
// *** Execute ***
// Launch: 1 / 1
// Execute: dotnet BenchDotNet-campaign-1.dll --anonymousPipes 138 139 --benchmarkName "Armonik.Ffi.Bdn.CodecSuite.Run(Case: \"core-ffi|encode-core-hot|P2.4|ascii|retain\")" --job campaign --benchmarkId 2 in /home/user/ArmoniK.Api/ffi/poc/csharp/src/BenchDotNet/bin/Release/net8.0/BenchDotNet-campaign-1/bin/Release/net8.0
// BeforeAnythingElse

// Benchmark Process Environment Information:
// BenchmarkDotNet v0.15.8
// Runtime=.NET 8.0.31 (8.0.31, 8.0.3126.42015), X64 RyuJIT x86-64-v4
// GC=Concurrent Workstation
// HardwareIntrinsics=AVX512 IFMA+VBMI,AVX512 F+BW+CD+DQ+VL,AVX2+BMI1+BMI2+F16C+FMA+LZCNT+MOVBE,AVX,SSE3+SSSE3+SSE4.1+SSE4.2+POPCNT,X86Base+SSE+SSE2,AES+PCLMUL,AvxVnni,SERIALIZE VectorSize=256
// Job: campaign(EvaluateOverhead=False, Clock=Armonik.Ffi.Bdn.CpuClock, IterationCount=6, IterationTime=40ms, LaunchCount=1, RunStrategy=Throughput, WarmupCount=25)

OverheadJitting  1: 1 op, 303119.00 ns, 303.1190 us/op
WorkloadJitting  1: 1 op, 19386175.00 ns, 19.3862 ms/op

WorkloadPilot    1: 4 op, 14771007.00 ns, 3.6928 ms/op
WorkloadPilot    2: 11 op, 16616389.00 ns, 1.5106 ms/op
WorkloadPilot    3: 26 op, 33430880.00 ns, 1.2858 ms/op
WorkloadPilot    4: 31 op, 40412463.00 ns, 1.3036 ms/op

WorkloadWarmup   1: 31 op, 39761692.00 ns, 1.2826 ms/op
WorkloadWarmup   2: 31 op, 39955429.00 ns, 1.2889 ms/op
WorkloadWarmup   3: 31 op, 41091483.00 ns, 1.3255 ms/op
WorkloadWarmup   4: 31 op, 39622424.00 ns, 1.2781 ms/op
WorkloadWarmup   5: 31 op, 37268290.00 ns, 1.2022 ms/op
WorkloadWarmup   6: 31 op, 31416432.00 ns, 1.0134 ms/op
WorkloadWarmup   7: 31 op, 33635085.00 ns, 1.0850 ms/op
WorkloadWarmup   8: 31 op, 33749353.00 ns, 1.0887 ms/op
WorkloadWarmup   9: 31 op, 35139426.00 ns, 1.1335 ms/op
WorkloadWarmup  10: 31 op, 30358873.00 ns, 979.3185 us/op
WorkloadWarmup  11: 31 op, 34794570.00 ns, 1.1224 ms/op
WorkloadWarmup  12: 31 op, 40196581.00 ns, 1.2967 ms/op
WorkloadWarmup  13: 31 op, 58592417.00 ns, 1.8901 ms/op
WorkloadWarmup  14: 31 op, 45402692.00 ns, 1.4646 ms/op
WorkloadWarmup  15: 31 op, 35394612.00 ns, 1.1418 ms/op
WorkloadWarmup  16: 31 op, 44148849.00 ns, 1.4242 ms/op
WorkloadWarmup  17: 31 op, 34189973.00 ns, 1.1029 ms/op
WorkloadWarmup  18: 31 op, 29109012.00 ns, 939.0004 us/op
WorkloadWarmup  19: 31 op, 28425433.00 ns, 916.9495 us/op
WorkloadWarmup  20: 31 op, 28270356.00 ns, 911.9470 us/op
WorkloadWarmup  21: 31 op, 34937372.00 ns, 1.1270 ms/op
WorkloadWarmup  22: 31 op, 29059372.00 ns, 937.3991 us/op
WorkloadWarmup  23: 31 op, 29005788.00 ns, 935.6706 us/op
WorkloadWarmup  24: 31 op, 29720016.00 ns, 958.7102 us/op
WorkloadWarmup  25: 31 op, 30453893.00 ns, 982.3836 us/op

// BeforeActualRun
WorkloadActual   1: 31 op, 27782968.00 ns, 896.2248 us/op
WorkloadActual   2: 31 op, 26871846.00 ns, 866.8337 us/op
WorkloadActual   3: 31 op, 28099014.00 ns, 906.4198 us/op
WorkloadActual   4: 31 op, 27436637.00 ns, 885.0528 us/op
WorkloadActual   5: 31 op, 28469134.00 ns, 918.3592 us/op
WorkloadActual   6: 31 op, 31302032.00 ns, 1.0097 ms/op

// AfterActualRun
WorkloadResult   1: 31 op, 27782968.00 ns, 896.2248 us/op
WorkloadResult   2: 31 op, 26871846.00 ns, 866.8337 us/op
WorkloadResult   3: 31 op, 28099014.00 ns, 906.4198 us/op
WorkloadResult   4: 31 op, 27436637.00 ns, 885.0528 us/op
WorkloadResult   5: 31 op, 28469134.00 ns, 918.3592 us/op
// GC:  0 0 0 0 31
// Threading:  0 0 31

// AfterAll
// Benchmark Process 14698 has exited with code 0.

Mean = 894.578 us, StdErr = 8.857 us (0.99%), N = 5, StdDev = 19.805 us
Min = 866.834 us, Q1 = 885.053 us, Median = 896.225 us, Q3 = 906.420 us, Max = 918.359 us
IQR = 21.367 us, LowerFence = 853.002 us, UpperFence = 938.470 us
ConfidenceInterval = [818.316 us; 970.840 us] (CI 99.9%), Margin = 76.262 us (8.52% of Mean)
Skewness = -0.18, Kurtosis = 1.22, MValue = 2

// ** Remained 9 (75.0 %) benchmark(s) to run. Estimated finish 2026-10-10 8:15 (0h 0m from now) **
// **************************
// Benchmark: CodecSuite.Run: campaign(EvaluateOverhead=False, Clock=Armonik.Ffi.Bdn.CpuClock, IterationCount=6, IterationTime=40ms, LaunchCount=1, RunStrategy=Throughput, WarmupCount=25) [Case=core-(...)etain [41]]
// *** Execute ***
// Launch: 1 / 1
// Execute: dotnet BenchDotNet-campaign-1.dll --anonymousPipes 138 139 --benchmarkName "Armonik.Ffi.Bdn.CodecSuite.Run(Case: \"core-ffi|encode-core-hot|P2.2|wide|retain\")" --job campaign --benchmarkId 3 in /home/user/ArmoniK.Api/ffi/poc/csharp/src/BenchDotNet/bin/Release/net8.0/BenchDotNet-campaign-1/bin/Release/net8.0
// BeforeAnythingElse

// Benchmark Process Environment Information:
// BenchmarkDotNet v0.15.8
// Runtime=.NET 8.0.31 (8.0.31, 8.0.3126.42015), X64 RyuJIT x86-64-v4
// GC=Concurrent Workstation
// HardwareIntrinsics=AVX512 IFMA+VBMI,AVX512 F+BW+CD+DQ+VL,AVX2+BMI1+BMI2+F16C+FMA+LZCNT+MOVBE,AVX,SSE3+SSSE3+SSE4.1+SSE4.2+POPCNT,X86Base+SSE+SSE2,AES+PCLMUL,AvxVnni,SERIALIZE VectorSize=256
// Job: campaign(EvaluateOverhead=False, Clock=Armonik.Ffi.Bdn.CpuClock, IterationCount=6, IterationTime=40ms, LaunchCount=1, RunStrategy=Throughput, WarmupCount=25)

OverheadJitting  1: 1 op, 262879.00 ns, 262.8790 us/op
WorkloadJitting  1: 1 op, 14447213.00 ns, 14.4472 ms/op

WorkloadPilot    1: 4 op, 19432238.00 ns, 4.8581 ms/op
WorkloadPilot    2: 8 op, 24358902.00 ns, 3.0449 ms/op
WorkloadPilot    3: 13 op, 25404509.00 ns, 1.9542 ms/op
WorkloadPilot    4: 20 op, 41748596.00 ns, 2.0874 ms/op

WorkloadWarmup   1: 20 op, 38666380.00 ns, 1.9333 ms/op
WorkloadWarmup   2: 20 op, 38137374.00 ns, 1.9069 ms/op
WorkloadWarmup   3: 20 op, 35683049.00 ns, 1.7842 ms/op
WorkloadWarmup   4: 20 op, 47767419.00 ns, 2.3884 ms/op
WorkloadWarmup   5: 20 op, 32149121.00 ns, 1.6075 ms/op
WorkloadWarmup   6: 20 op, 51464555.00 ns, 2.5732 ms/op
WorkloadWarmup   7: 20 op, 43257140.00 ns, 2.1629 ms/op
WorkloadWarmup   8: 20 op, 38087249.00 ns, 1.9044 ms/op
WorkloadWarmup   9: 20 op, 35128948.00 ns, 1.7564 ms/op
WorkloadWarmup  10: 20 op, 39160835.00 ns, 1.9580 ms/op
WorkloadWarmup  11: 20 op, 37327981.00 ns, 1.8664 ms/op
WorkloadWarmup  12: 20 op, 35899522.00 ns, 1.7950 ms/op
WorkloadWarmup  13: 20 op, 39439653.00 ns, 1.9720 ms/op
WorkloadWarmup  14: 20 op, 33497718.00 ns, 1.6749 ms/op
WorkloadWarmup  15: 20 op, 34629929.00 ns, 1.7315 ms/op
WorkloadWarmup  16: 20 op, 32744301.00 ns, 1.6372 ms/op
WorkloadWarmup  17: 20 op, 31135801.00 ns, 1.5568 ms/op
WorkloadWarmup  18: 20 op, 32673020.00 ns, 1.6337 ms/op
WorkloadWarmup  19: 20 op, 34215697.00 ns, 1.7108 ms/op
WorkloadWarmup  20: 20 op, 31535445.00 ns, 1.5768 ms/op
WorkloadWarmup  21: 20 op, 34196411.00 ns, 1.7098 ms/op
WorkloadWarmup  22: 20 op, 35260522.00 ns, 1.7630 ms/op
WorkloadWarmup  23: 20 op, 34738890.00 ns, 1.7369 ms/op
WorkloadWarmup  24: 20 op, 33772527.00 ns, 1.6886 ms/op
WorkloadWarmup  25: 20 op, 31449133.00 ns, 1.5725 ms/op

// BeforeActualRun
WorkloadActual   1: 20 op, 31972885.00 ns, 1.5986 ms/op
WorkloadActual   2: 20 op, 45970192.00 ns, 2.2985 ms/op
WorkloadActual   3: 20 op, 39483493.00 ns, 1.9742 ms/op
WorkloadActual   4: 20 op, 33528093.00 ns, 1.6764 ms/op
WorkloadActual   5: 20 op, 33208474.00 ns, 1.6604 ms/op
WorkloadActual   6: 20 op, 38179284.00 ns, 1.9090 ms/op

// AfterActualRun
WorkloadResult   1: 20 op, 31972885.00 ns, 1.5986 ms/op
WorkloadResult   2: 20 op, 45970192.00 ns, 2.2985 ms/op
WorkloadResult   3: 20 op, 39483493.00 ns, 1.9742 ms/op
WorkloadResult   4: 20 op, 33528093.00 ns, 1.6764 ms/op
WorkloadResult   5: 20 op, 33208474.00 ns, 1.6604 ms/op
WorkloadResult   6: 20 op, 38179284.00 ns, 1.9090 ms/op
// GC:  0 0 0 0 20
// Threading:  0 0 20

// AfterAll
// Benchmark Process 14707 has exited with code 0.

Mean = 1.853 ms, StdErr = 0.108 ms (5.82%), N = 6, StdDev = 0.264 ms
Min = 1.599 ms, Q1 = 1.664 ms, Median = 1.793 ms, Q3 = 1.958 ms, Max = 2.299 ms
IQR = 0.293 ms, LowerFence = 1.224 ms, UpperFence = 2.398 ms
ConfidenceInterval = [1.112 ms; 2.594 ms] (CI 99.9%), Margin = 0.741 ms (40.00% of Mean)
Skewness = 0.55, Kurtosis = 1.58, MValue = 2.4

// ** Remained 8 (66.7 %) benchmark(s) to run. Estimated finish 2026-10-10 8:15 (0h 0m from now) **
// **************************
// Benchmark: CodecSuite.Run: campaign(EvaluateOverhead=False, Clock=Armonik.Ffi.Bdn.CpuClock, IterationCount=6, IterationTime=40ms, LaunchCount=1, RunStrategy=Throughput, WarmupCount=25) [Case=core-(...)etain [56]]
// *** Execute ***
// Launch: 1 / 1
// Execute: dotnet BenchDotNet-campaign-1.dll --anonymousPipes 138 139 --benchmarkName "Armonik.Ffi.Bdn.CodecSuite.Run(Case: \"core-ffi|encode-core-hot|U-deep-u-repeated|corpus|retain\")" --job campaign --benchmarkId 4 in /home/user/ArmoniK.Api/ffi/poc/csharp/src/BenchDotNet/bin/Release/net8.0/BenchDotNet-campaign-1/bin/Release/net8.0
// BeforeAnythingElse

// Benchmark Process Environment Information:
// BenchmarkDotNet v0.15.8
// Runtime=.NET 8.0.31 (8.0.31, 8.0.3126.42015), X64 RyuJIT x86-64-v4
// GC=Concurrent Workstation
// HardwareIntrinsics=AVX512 IFMA+VBMI,AVX512 F+BW+CD+DQ+VL,AVX2+BMI1+BMI2+F16C+FMA+LZCNT+MOVBE,AVX,SSE3+SSSE3+SSE4.1+SSE4.2+POPCNT,X86Base+SSE+SSE2,AES+PCLMUL,AvxVnni,SERIALIZE VectorSize=256
// Job: campaign(EvaluateOverhead=False, Clock=Armonik.Ffi.Bdn.CpuClock, IterationCount=6, IterationTime=40ms, LaunchCount=1, RunStrategy=Throughput, WarmupCount=25)

OverheadJitting  1: 1 op, 265697.00 ns, 265.6970 us/op
WorkloadJitting  1: 1 op, 9445013.00 ns, 9.4450 ms/op

WorkloadPilot    1: 4 op, 33413.00 ns, 8.3533 us/op
WorkloadPilot    2: 4789 op, 14173721.00 ns, 2.9596 us/op
WorkloadPilot    3: 13515 op, 44836734.00 ns, 3.3176 us/op
WorkloadPilot    4: 12057 op, 32264319.00 ns, 2.6760 us/op
WorkloadPilot    5: 14948 op, 40103678.00 ns, 2.6829 us/op
WorkloadPilot    6: 14909 op, 54307747.00 ns, 3.6426 us/op

WorkloadWarmup   1: 14909 op, 35527587.00 ns, 2.3830 us/op
WorkloadWarmup   2: 14909 op, 30515885.00 ns, 2.0468 us/op
WorkloadWarmup   3: 14909 op, 30229539.00 ns, 2.0276 us/op
WorkloadWarmup   4: 14909 op, 31788454.00 ns, 2.1322 us/op
WorkloadWarmup   5: 14909 op, 29554243.00 ns, 1.9823 us/op
WorkloadWarmup   6: 14909 op, 33487368.00 ns, 2.2461 us/op
WorkloadWarmup   7: 14909 op, 32581348.00 ns, 2.1853 us/op
WorkloadWarmup   8: 14909 op, 37662821.00 ns, 2.5262 us/op
WorkloadWarmup   9: 14909 op, 30283729.00 ns, 2.0312 us/op
WorkloadWarmup  10: 14909 op, 32004474.00 ns, 2.1467 us/op
WorkloadWarmup  11: 14909 op, 30889325.00 ns, 2.0719 us/op
WorkloadWarmup  12: 14909 op, 34733877.00 ns, 2.3297 us/op
WorkloadWarmup  13: 14909 op, 38357489.00 ns, 2.5728 us/op
WorkloadWarmup  14: 14909 op, 30100171.00 ns, 2.0189 us/op
WorkloadWarmup  15: 14909 op, 38668967.00 ns, 2.5937 us/op
WorkloadWarmup  16: 14909 op, 30065922.00 ns, 2.0166 us/op
WorkloadWarmup  17: 14909 op, 32156318.00 ns, 2.1568 us/op
WorkloadWarmup  18: 14909 op, 31028900.00 ns, 2.0812 us/op
WorkloadWarmup  19: 14909 op, 33538961.00 ns, 2.2496 us/op
WorkloadWarmup  20: 14909 op, 34311493.00 ns, 2.3014 us/op
WorkloadWarmup  21: 14909 op, 33935956.00 ns, 2.2762 us/op
WorkloadWarmup  22: 14909 op, 31836356.00 ns, 2.1354 us/op
WorkloadWarmup  23: 14909 op, 30416167.00 ns, 2.0401 us/op
WorkloadWarmup  24: 14909 op, 34173780.00 ns, 2.2922 us/op
WorkloadWarmup  25: 14909 op, 31124024.00 ns, 2.0876 us/op

// BeforeActualRun
WorkloadActual   1: 14909 op, 29742830.00 ns, 1.9950 us/op
WorkloadActual   2: 14909 op, 28705178.00 ns, 1.9254 us/op
WorkloadActual   3: 14909 op, 28613496.00 ns, 1.9192 us/op
WorkloadActual   4: 14909 op, 29591499.00 ns, 1.9848 us/op
WorkloadActual   5: 14909 op, 29910379.00 ns, 2.0062 us/op
WorkloadActual   6: 14909 op, 28556492.00 ns, 1.9154 us/op

// AfterActualRun
WorkloadResult   1: 14909 op, 29742830.00 ns, 1.9950 us/op
WorkloadResult   2: 14909 op, 28705178.00 ns, 1.9254 us/op
WorkloadResult   3: 14909 op, 28613496.00 ns, 1.9192 us/op
WorkloadResult   4: 14909 op, 29591499.00 ns, 1.9848 us/op
WorkloadResult   5: 14909 op, 29910379.00 ns, 2.0062 us/op
WorkloadResult   6: 14909 op, 28556492.00 ns, 1.9154 us/op
// GC:  0 0 0 0 14909
// Threading:  0 0 14909

// AfterAll
// Benchmark Process 14716 has exited with code 0.

Mean = 1.958 us, StdErr = 0.017 us (0.87%), N = 6, StdDev = 0.042 us
Min = 1.915 us, Q1 = 1.921 us, Median = 1.955 us, Q3 = 1.992 us, Max = 2.006 us
IQR = 0.072 us, LowerFence = 1.813 us, UpperFence = 2.100 us
ConfidenceInterval = [1.840 us; 2.075 us] (CI 99.9%), Margin = 0.118 us (6.01% of Mean)
Skewness = 0.05, Kurtosis = 0.78, MValue = 2

// ** Remained 7 (58.3 %) benchmark(s) to run. Estimated finish 2026-10-10 8:15 (0h 0m from now) **
// **************************
// Benchmark: CodecSuite.Run: campaign(EvaluateOverhead=False, Clock=Armonik.Ffi.Bdn.CpuClock, IterationCount=6, IterationTime=40ms, LaunchCount=1, RunStrategy=Throughput, WarmupCount=25) [Case=core-(...)|drop [40]]
// *** Execute ***
// Launch: 1 / 1
// Execute: dotnet BenchDotNet-campaign-1.dll --anonymousPipes 138 139 --benchmarkName "Armonik.Ffi.Bdn.CodecSuite.Run(Case: \"core-ffi|encode-core-hot|P2.2|ascii|drop\")" --job campaign --benchmarkId 5 in /home/user/ArmoniK.Api/ffi/poc/csharp/src/BenchDotNet/bin/Release/net8.0/BenchDotNet-campaign-1/bin/Release/net8.0
// BeforeAnythingElse

// Benchmark Process Environment Information:
// BenchmarkDotNet v0.15.8
// Runtime=.NET 8.0.31 (8.0.31, 8.0.3126.42015), X64 RyuJIT x86-64-v4
// GC=Concurrent Workstation
// HardwareIntrinsics=AVX512 IFMA+VBMI,AVX512 F+BW+CD+DQ+VL,AVX2+BMI1+BMI2+F16C+FMA+LZCNT+MOVBE,AVX,SSE3+SSSE3+SSE4.1+SSE4.2+POPCNT,X86Base+SSE+SSE2,AES+PCLMUL,AvxVnni,SERIALIZE VectorSize=256
// Job: campaign(EvaluateOverhead=False, Clock=Armonik.Ffi.Bdn.CpuClock, IterationCount=6, IterationTime=40ms, LaunchCount=1, RunStrategy=Throughput, WarmupCount=25)

OverheadJitting  1: 1 op, 264740.00 ns, 264.7400 us/op
WorkloadJitting  1: 1 op, 14411297.00 ns, 14.4113 ms/op

WorkloadPilot    1: 4 op, 15044325.00 ns, 3.7611 ms/op
WorkloadPilot    2: 11 op, 23698784.00 ns, 2.1544 ms/op
WorkloadPilot    3: 19 op, 25295652.00 ns, 1.3314 ms/op
WorkloadPilot    4: 30 op, 39369746.00 ns, 1.3123 ms/op

WorkloadWarmup   1: 30 op, 42180817.00 ns, 1.4060 ms/op
WorkloadWarmup   2: 30 op, 41887337.00 ns, 1.3962 ms/op
WorkloadWarmup   3: 30 op, 41849337.00 ns, 1.3950 ms/op
WorkloadWarmup   4: 30 op, 42703784.00 ns, 1.4235 ms/op
WorkloadWarmup   5: 30 op, 59811154.00 ns, 1.9937 ms/op
WorkloadWarmup   6: 30 op, 29262367.00 ns, 975.4122 us/op
WorkloadWarmup   7: 30 op, 30175203.00 ns, 1.0058 ms/op
WorkloadWarmup   8: 30 op, 42652798.00 ns, 1.4218 ms/op
WorkloadWarmup   9: 30 op, 31615842.00 ns, 1.0539 ms/op
WorkloadWarmup  10: 30 op, 32301502.00 ns, 1.0767 ms/op
WorkloadWarmup  11: 30 op, 30544672.00 ns, 1.0182 ms/op
WorkloadWarmup  12: 30 op, 30794073.00 ns, 1.0265 ms/op
WorkloadWarmup  13: 30 op, 32892689.00 ns, 1.0964 ms/op
WorkloadWarmup  14: 30 op, 37020343.00 ns, 1.2340 ms/op
WorkloadWarmup  15: 30 op, 34543425.00 ns, 1.1514 ms/op
WorkloadWarmup  16: 30 op, 29939323.00 ns, 997.9774 us/op
WorkloadWarmup  17: 30 op, 36492261.00 ns, 1.2164 ms/op
WorkloadWarmup  18: 30 op, 32194693.00 ns, 1.0732 ms/op
WorkloadWarmup  19: 30 op, 28932654.00 ns, 964.4218 us/op
WorkloadWarmup  20: 30 op, 31418448.00 ns, 1.0473 ms/op
WorkloadWarmup  21: 30 op, 34485282.00 ns, 1.1495 ms/op
WorkloadWarmup  22: 30 op, 50213982.00 ns, 1.6738 ms/op
WorkloadWarmup  23: 30 op, 46066627.00 ns, 1.5356 ms/op
WorkloadWarmup  24: 30 op, 40284640.00 ns, 1.3428 ms/op
WorkloadWarmup  25: 30 op, 32711263.00 ns, 1.0904 ms/op

// BeforeActualRun
WorkloadActual   1: 30 op, 35093026.00 ns, 1.1698 ms/op
WorkloadActual   2: 30 op, 39718019.00 ns, 1.3239 ms/op
WorkloadActual   3: 30 op, 32920957.00 ns, 1.0974 ms/op
WorkloadActual   4: 30 op, 37590214.00 ns, 1.2530 ms/op
WorkloadActual   5: 30 op, 36229394.00 ns, 1.2076 ms/op
WorkloadActual   6: 30 op, 44359864.00 ns, 1.4787 ms/op

// AfterActualRun
WorkloadResult   1: 30 op, 35093026.00 ns, 1.1698 ms/op
WorkloadResult   2: 30 op, 39718019.00 ns, 1.3239 ms/op
WorkloadResult   3: 30 op, 32920957.00 ns, 1.0974 ms/op
WorkloadResult   4: 30 op, 37590214.00 ns, 1.2530 ms/op
WorkloadResult   5: 30 op, 36229394.00 ns, 1.2076 ms/op
WorkloadResult   6: 30 op, 44359864.00 ns, 1.4787 ms/op
// GC:  0 0 0 0 30
// Threading:  0 0 30

// AfterAll
// Benchmark Process 14725 has exited with code 0.

Mean = 1.255 ms, StdErr = 0.055 ms (4.34%), N = 6, StdDev = 0.134 ms
Min = 1.097 ms, Q1 = 1.179 ms, Median = 1.230 ms, Q3 = 1.306 ms, Max = 1.479 ms
IQR = 0.127 ms, LowerFence = 0.989 ms, UpperFence = 1.497 ms
ConfidenceInterval = [0.881 ms; 1.629 ms] (CI 99.9%), Margin = 0.374 ms (29.83% of Mean)
Skewness = 0.48, Kurtosis = 1.68, MValue = 2

// ** Remained 6 (50.0 %) benchmark(s) to run. Estimated finish 2026-10-10 8:15 (0h 0m from now) **
// **************************
// Benchmark: CodecSuite.Run: campaign(EvaluateOverhead=False, Clock=Armonik.Ffi.Bdn.CpuClock, IterationCount=6, IterationTime=40ms, LaunchCount=1, RunStrategy=Throughput, WarmupCount=25) [Case=core-(...)|drop [54]]
// *** Execute ***
// Launch: 1 / 1
// Execute: dotnet BenchDotNet-campaign-1.dll --anonymousPipes 138 139 --benchmarkName "Armonik.Ffi.Bdn.CodecSuite.Run(Case: \"core-ffi|encode-core-hot|U-deep-u-repeated|corpus|drop\")" --job campaign --benchmarkId 6 in /home/user/ArmoniK.Api/ffi/poc/csharp/src/BenchDotNet/bin/Release/net8.0/BenchDotNet-campaign-1/bin/Release/net8.0
// BeforeAnythingElse

// Benchmark Process Environment Information:
// BenchmarkDotNet v0.15.8
// Runtime=.NET 8.0.31 (8.0.31, 8.0.3126.42015), X64 RyuJIT x86-64-v4
// GC=Concurrent Workstation
// HardwareIntrinsics=AVX512 IFMA+VBMI,AVX512 F+BW+CD+DQ+VL,AVX2+BMI1+BMI2+F16C+FMA+LZCNT+MOVBE,AVX,SSE3+SSSE3+SSE4.1+SSE4.2+POPCNT,X86Base+SSE+SSE2,AES+PCLMUL,AvxVnni,SERIALIZE VectorSize=256
// Job: campaign(EvaluateOverhead=False, Clock=Armonik.Ffi.Bdn.CpuClock, IterationCount=6, IterationTime=40ms, LaunchCount=1, RunStrategy=Throughput, WarmupCount=25)

OverheadJitting  1: 1 op, 334488.00 ns, 334.4880 us/op
WorkloadJitting  1: 1 op, 9629742.00 ns, 9.6297 ms/op

WorkloadPilot    1: 4 op, 36758.00 ns, 9.1895 us/op
WorkloadPilot    2: 4353 op, 21799133.00 ns, 5.0078 us/op
WorkloadPilot    3: 7987 op, 21623981.00 ns, 2.7074 us/op
WorkloadPilot    4: 14774 op, 45171143.00 ns, 3.0575 us/op
WorkloadPilot    5: 13083 op, 34383360.00 ns, 2.6281 us/op
WorkloadPilot    6: 15220 op, 46291884.00 ns, 3.0415 us/op
WorkloadPilot    7: 13151 op, 19837703.00 ns, 1.5085 us/op
WorkloadPilot    8: 26517 op, 40256294.00 ns, 1.5181 us/op

WorkloadWarmup   1: 26517 op, 40503122.00 ns, 1.5274 us/op
WorkloadWarmup   2: 26517 op, 54702912.00 ns, 2.0629 us/op
WorkloadWarmup   3: 26517 op, 37186062.00 ns, 1.4023 us/op
WorkloadWarmup   4: 26517 op, 44581212.00 ns, 1.6812 us/op
WorkloadWarmup   5: 26517 op, 38660778.00 ns, 1.4580 us/op
WorkloadWarmup   6: 26517 op, 37715038.00 ns, 1.4223 us/op
WorkloadWarmup   7: 26517 op, 40780948.00 ns, 1.5379 us/op
WorkloadWarmup   8: 26517 op, 48325004.00 ns, 1.8224 us/op
WorkloadWarmup   9: 26517 op, 37663497.00 ns, 1.4204 us/op
WorkloadWarmup  10: 26517 op, 37041903.00 ns, 1.3969 us/op
WorkloadWarmup  11: 26517 op, 51698287.00 ns, 1.9496 us/op
WorkloadWarmup  12: 26517 op, 42320593.00 ns, 1.5960 us/op
WorkloadWarmup  13: 26517 op, 49279873.00 ns, 1.8584 us/op
WorkloadWarmup  14: 26517 op, 45797943.00 ns, 1.7271 us/op
WorkloadWarmup  15: 26517 op, 36660027.00 ns, 1.3825 us/op
WorkloadWarmup  16: 26517 op, 37506802.00 ns, 1.4144 us/op
WorkloadWarmup  17: 26517 op, 40765512.00 ns, 1.5373 us/op
WorkloadWarmup  18: 26517 op, 89066913.00 ns, 3.3589 us/op
WorkloadWarmup  19: 26517 op, 56370860.00 ns, 2.1258 us/op
WorkloadWarmup  20: 26517 op, 44096497.00 ns, 1.6630 us/op
WorkloadWarmup  21: 26517 op, 43519631.00 ns, 1.6412 us/op
WorkloadWarmup  22: 26517 op, 38496045.00 ns, 1.4517 us/op
WorkloadWarmup  23: 26517 op, 37456331.00 ns, 1.4125 us/op
WorkloadWarmup  24: 26517 op, 38564235.00 ns, 1.4543 us/op
WorkloadWarmup  25: 26517 op, 37752728.00 ns, 1.4237 us/op

// BeforeActualRun
WorkloadActual   1: 26517 op, 45353702.00 ns, 1.7104 us/op
WorkloadActual   2: 26517 op, 40304169.00 ns, 1.5199 us/op
WorkloadActual   3: 26517 op, 48351942.00 ns, 1.8234 us/op
WorkloadActual   4: 26517 op, 42128238.00 ns, 1.5887 us/op
WorkloadActual   5: 26517 op, 46418957.00 ns, 1.7505 us/op
WorkloadActual   6: 26517 op, 59054381.00 ns, 2.2270 us/op

// AfterActualRun
WorkloadResult   1: 26517 op, 45353702.00 ns, 1.7104 us/op
WorkloadResult   2: 26517 op, 40304169.00 ns, 1.5199 us/op
WorkloadResult   3: 26517 op, 48351942.00 ns, 1.8234 us/op
WorkloadResult   4: 26517 op, 42128238.00 ns, 1.5887 us/op
WorkloadResult   5: 26517 op, 46418957.00 ns, 1.7505 us/op
// GC:  0 0 0 0 26517
// Threading:  0 0 26517

// AfterAll
// Benchmark Process 14734 has exited with code 0.

Mean = 1.679 us, StdErr = 0.055 us (3.27%), N = 5, StdDev = 0.123 us
Min = 1.520 us, Q1 = 1.589 us, Median = 1.710 us, Q3 = 1.751 us, Max = 1.823 us
IQR = 0.162 us, LowerFence = 1.346 us, UpperFence = 1.993 us
ConfidenceInterval = [1.205 us; 2.152 us] (CI 99.9%), Margin = 0.473 us (28.19% of Mean)
Skewness = -0.14, Kurtosis = 1.02, MValue = 2

// ** Remained 5 (41.7 %) benchmark(s) to run. Estimated finish 2026-10-10 8:15 (0h 0m from now) **
// **************************
// Benchmark: CodecSuite.Run: campaign(EvaluateOverhead=False, Clock=Armonik.Ffi.Bdn.CpuClock, IterationCount=6, IterationTime=40ms, LaunchCount=1, RunStrategy=Throughput, WarmupCount=25) [Case=core-(...)|drop [40]]
// *** Execute ***
// Launch: 1 / 1
// Execute: dotnet BenchDotNet-campaign-1.dll --anonymousPipes 138 139 --benchmarkName "Armonik.Ffi.Bdn.CodecSuite.Run(Case: \"core-ffi|encode-core-hot|P2.4|ascii|drop\")" --job campaign --benchmarkId 7 in /home/user/ArmoniK.Api/ffi/poc/csharp/src/BenchDotNet/bin/Release/net8.0/BenchDotNet-campaign-1/bin/Release/net8.0
// BeforeAnythingElse

// Benchmark Process Environment Information:
// BenchmarkDotNet v0.15.8
// Runtime=.NET 8.0.31 (8.0.31, 8.0.3126.42015), X64 RyuJIT x86-64-v4
// GC=Concurrent Workstation
// HardwareIntrinsics=AVX512 IFMA+VBMI,AVX512 F+BW+CD+DQ+VL,AVX2+BMI1+BMI2+F16C+FMA+LZCNT+MOVBE,AVX,SSE3+SSSE3+SSE4.1+SSE4.2+POPCNT,X86Base+SSE+SSE2,AES+PCLMUL,AvxVnni,SERIALIZE VectorSize=256
// Job: campaign(EvaluateOverhead=False, Clock=Armonik.Ffi.Bdn.CpuClock, IterationCount=6, IterationTime=40ms, LaunchCount=1, RunStrategy=Throughput, WarmupCount=25)

OverheadJitting  1: 1 op, 260700.00 ns, 260.7000 us/op
WorkloadJitting  1: 1 op, 13461518.00 ns, 13.4615 ms/op

WorkloadPilot    1: 4 op, 24506103.00 ns, 6.1265 ms/op
WorkloadPilot    2: 7 op, 9279216.00 ns, 1.3256 ms/op
WorkloadPilot    3: 30 op, 41531975.00 ns, 1.3844 ms/op

WorkloadWarmup   1: 30 op, 65914493.00 ns, 2.1971 ms/op
WorkloadWarmup   2: 30 op, 43155576.00 ns, 1.4385 ms/op
WorkloadWarmup   3: 30 op, 52271896.00 ns, 1.7424 ms/op
WorkloadWarmup   4: 30 op, 34887533.00 ns, 1.1629 ms/op
WorkloadWarmup   5: 30 op, 32664672.00 ns, 1.0888 ms/op
WorkloadWarmup   6: 30 op, 27493709.00 ns, 916.4570 us/op
WorkloadWarmup   7: 30 op, 28032131.00 ns, 934.4044 us/op
WorkloadWarmup   8: 30 op, 32800612.00 ns, 1.0934 ms/op
WorkloadWarmup   9: 30 op, 25762658.00 ns, 858.7553 us/op
WorkloadWarmup  10: 30 op, 36112007.00 ns, 1.2037 ms/op
WorkloadWarmup  11: 30 op, 37040281.00 ns, 1.2347 ms/op
WorkloadWarmup  12: 30 op, 27090231.00 ns, 903.0077 us/op
WorkloadWarmup  13: 30 op, 31999599.00 ns, 1.0667 ms/op
WorkloadWarmup  14: 30 op, 35506395.00 ns, 1.1835 ms/op
WorkloadWarmup  15: 30 op, 30105473.00 ns, 1.0035 ms/op
WorkloadWarmup  16: 30 op, 37235023.00 ns, 1.2412 ms/op
WorkloadWarmup  17: 30 op, 32449043.00 ns, 1.0816 ms/op
WorkloadWarmup  18: 30 op, 40608738.00 ns, 1.3536 ms/op
WorkloadWarmup  19: 30 op, 35999619.00 ns, 1.2000 ms/op
WorkloadWarmup  20: 30 op, 31660104.00 ns, 1.0553 ms/op
WorkloadWarmup  21: 30 op, 33029916.00 ns, 1.1010 ms/op
WorkloadWarmup  22: 30 op, 41728783.00 ns, 1.3910 ms/op
WorkloadWarmup  23: 30 op, 33446919.00 ns, 1.1149 ms/op
WorkloadWarmup  24: 30 op, 30033821.00 ns, 1.0011 ms/op
WorkloadWarmup  25: 30 op, 33743415.00 ns, 1.1248 ms/op

// BeforeActualRun
WorkloadActual   1: 30 op, 31846316.00 ns, 1.0615 ms/op
WorkloadActual   2: 30 op, 29402227.00 ns, 980.0742 us/op
WorkloadActual   3: 30 op, 29620549.00 ns, 987.3516 us/op
WorkloadActual   4: 30 op, 30756117.00 ns, 1.0252 ms/op
WorkloadActual   5: 30 op, 29518096.00 ns, 983.9365 us/op
WorkloadActual   6: 30 op, 28345891.00 ns, 944.8630 us/op

// AfterActualRun
WorkloadResult   1: 30 op, 31846316.00 ns, 1.0615 ms/op
WorkloadResult   2: 30 op, 29402227.00 ns, 980.0742 us/op
WorkloadResult   3: 30 op, 29620549.00 ns, 987.3516 us/op
WorkloadResult   4: 30 op, 30756117.00 ns, 1.0252 ms/op
WorkloadResult   5: 30 op, 29518096.00 ns, 983.9365 us/op
WorkloadResult   6: 30 op, 28345891.00 ns, 944.8630 us/op
// GC:  0 0 0 0 30
// Threading:  0 0 30

// AfterAll
// Benchmark Process 14743 has exited with code 0.

Mean = 997.162 us, StdErr = 16.563 us (1.66%), N = 6, StdDev = 40.570 us
Min = 944.863 us, Q1 = 981.040 us, Median = 985.644 us, Q3 = 1,015.741 us, Max = 1,061.544 us
IQR = 34.701 us, LowerFence = 928.988 us, UpperFence = 1,067.792 us
ConfidenceInterval = [883.396 us; 1,110.929 us] (CI 99.9%), Margin = 113.766 us (11.41% of Mean)
Skewness = 0.34, Kurtosis = 1.56, MValue = 2

// ** Remained 4 (33.3 %) benchmark(s) to run. Estimated finish 2026-10-10 8:15 (0h 0m from now) **
// **************************
// Benchmark: CodecSuite.Run: campaign(EvaluateOverhead=False, Clock=Armonik.Ffi.Bdn.CpuClock, IterationCount=6, IterationTime=40ms, LaunchCount=1, RunStrategy=Throughput, WarmupCount=25) [Case=core-(...)etain [43]]
// *** Execute ***
// Launch: 1 / 1
// Execute: dotnet BenchDotNet-campaign-1.dll --anonymousPipes 138 139 --benchmarkName "Armonik.Ffi.Bdn.CodecSuite.Run(Case: \"core-ffi|encode-core-hot|P2.2|latin1|retain\")" --job campaign --benchmarkId 8 in /home/user/ArmoniK.Api/ffi/poc/csharp/src/BenchDotNet/bin/Release/net8.0/BenchDotNet-campaign-1/bin/Release/net8.0
// BeforeAnythingElse

// Benchmark Process Environment Information:
// BenchmarkDotNet v0.15.8
// Runtime=.NET 8.0.31 (8.0.31, 8.0.3126.42015), X64 RyuJIT x86-64-v4
// GC=Concurrent Workstation
// HardwareIntrinsics=AVX512 IFMA+VBMI,AVX512 F+BW+CD+DQ+VL,AVX2+BMI1+BMI2+F16C+FMA+LZCNT+MOVBE,AVX,SSE3+SSSE3+SSE4.1+SSE4.2+POPCNT,X86Base+SSE+SSE2,AES+PCLMUL,AvxVnni,SERIALIZE VectorSize=256
// Job: campaign(EvaluateOverhead=False, Clock=Armonik.Ffi.Bdn.CpuClock, IterationCount=6, IterationTime=40ms, LaunchCount=1, RunStrategy=Throughput, WarmupCount=25)

OverheadJitting  1: 1 op, 334167.00 ns, 334.1670 us/op
WorkloadJitting  1: 1 op, 14541229.00 ns, 14.5412 ms/op

WorkloadPilot    1: 4 op, 21638954.00 ns, 5.4097 ms/op
WorkloadPilot    2: 7 op, 25170334.00 ns, 3.5958 ms/op
WorkloadPilot    3: 11 op, 19204149.00 ns, 1.7458 ms/op
WorkloadPilot    4: 23 op, 40810659.00 ns, 1.7744 ms/op

WorkloadWarmup   1: 23 op, 41498730.00 ns, 1.8043 ms/op
WorkloadWarmup   2: 23 op, 43124685.00 ns, 1.8750 ms/op
WorkloadWarmup   3: 23 op, 47861468.00 ns, 2.0809 ms/op
WorkloadWarmup   4: 23 op, 41573216.00 ns, 1.8075 ms/op
WorkloadWarmup   5: 23 op, 54807501.00 ns, 2.3829 ms/op
WorkloadWarmup   6: 23 op, 34271939.00 ns, 1.4901 ms/op
WorkloadWarmup   7: 23 op, 35363673.00 ns, 1.5376 ms/op
WorkloadWarmup   8: 23 op, 34473550.00 ns, 1.4989 ms/op
WorkloadWarmup   9: 23 op, 33160094.00 ns, 1.4417 ms/op
WorkloadWarmup  10: 23 op, 35360348.00 ns, 1.5374 ms/op
WorkloadWarmup  11: 23 op, 33665174.00 ns, 1.4637 ms/op
WorkloadWarmup  12: 23 op, 32497090.00 ns, 1.4129 ms/op
WorkloadWarmup  13: 23 op, 35661816.00 ns, 1.5505 ms/op
WorkloadWarmup  14: 23 op, 34252097.00 ns, 1.4892 ms/op
WorkloadWarmup  15: 23 op, 33958735.00 ns, 1.4765 ms/op
WorkloadWarmup  16: 23 op, 34303289.00 ns, 1.4914 ms/op
WorkloadWarmup  17: 23 op, 38524667.00 ns, 1.6750 ms/op
WorkloadWarmup  18: 23 op, 36947153.00 ns, 1.6064 ms/op
WorkloadWarmup  19: 23 op, 37569980.00 ns, 1.6335 ms/op
WorkloadWarmup  20: 23 op, 35110068.00 ns, 1.5265 ms/op
WorkloadWarmup  21: 23 op, 32864653.00 ns, 1.4289 ms/op
WorkloadWarmup  22: 23 op, 39994462.00 ns, 1.7389 ms/op
WorkloadWarmup  23: 23 op, 44393740.00 ns, 1.9302 ms/op
WorkloadWarmup  24: 23 op, 44076131.00 ns, 1.9164 ms/op
WorkloadWarmup  25: 23 op, 39702604.00 ns, 1.7262 ms/op

// BeforeActualRun
WorkloadActual   1: 23 op, 44735266.00 ns, 1.9450 ms/op
WorkloadActual   2: 23 op, 34302810.00 ns, 1.4914 ms/op
WorkloadActual   3: 23 op, 42478068.00 ns, 1.8469 ms/op
WorkloadActual   4: 23 op, 39732618.00 ns, 1.7275 ms/op
WorkloadActual   5: 23 op, 36602399.00 ns, 1.5914 ms/op
WorkloadActual   6: 23 op, 40199565.00 ns, 1.7478 ms/op

// AfterActualRun
WorkloadResult   1: 23 op, 44735266.00 ns, 1.9450 ms/op
WorkloadResult   2: 23 op, 34302810.00 ns, 1.4914 ms/op
WorkloadResult   3: 23 op, 42478068.00 ns, 1.8469 ms/op
WorkloadResult   4: 23 op, 39732618.00 ns, 1.7275 ms/op
WorkloadResult   5: 23 op, 36602399.00 ns, 1.5914 ms/op
WorkloadResult   6: 23 op, 40199565.00 ns, 1.7478 ms/op
// GC:  0 0 0 0 23
// Threading:  0 0 23

// AfterAll
// Benchmark Process 14752 has exited with code 0.

Mean = 1.725 ms, StdErr = 0.067 ms (3.91%), N = 6, StdDev = 0.165 ms
Min = 1.491 ms, Q1 = 1.625 ms, Median = 1.738 ms, Q3 = 1.822 ms, Max = 1.945 ms
IQR = 0.197 ms, LowerFence = 1.330 ms, UpperFence = 2.117 ms
ConfidenceInterval = [1.262 ms; 2.188 ms] (CI 99.9%), Margin = 0.463 ms (26.83% of Mean)
Skewness = -0.1, Kurtosis = 1.32, MValue = 2

// ** Remained 3 (25.0 %) benchmark(s) to run. Estimated finish 2026-10-10 8:15 (0h 0m from now) **
// **************************
// Benchmark: CodecSuite.Run: campaign(EvaluateOverhead=False, Clock=Armonik.Ffi.Bdn.CpuClock, IterationCount=6, IterationTime=40ms, LaunchCount=1, RunStrategy=Throughput, WarmupCount=25) [Case=core-(...)|drop [41]]
// *** Execute ***
// Launch: 1 / 1
// Execute: dotnet BenchDotNet-campaign-1.dll --anonymousPipes 138 139 --benchmarkName "Armonik.Ffi.Bdn.CodecSuite.Run(Case: \"core-ffi|encode-core-hot|P2.2|latin1|drop\")" --job campaign --benchmarkId 9 in /home/user/ArmoniK.Api/ffi/poc/csharp/src/BenchDotNet/bin/Release/net8.0/BenchDotNet-campaign-1/bin/Release/net8.0
// BeforeAnythingElse

// Benchmark Process Environment Information:
// BenchmarkDotNet v0.15.8
// Runtime=.NET 8.0.31 (8.0.31, 8.0.3126.42015), X64 RyuJIT x86-64-v4
// GC=Concurrent Workstation
// HardwareIntrinsics=AVX512 IFMA+VBMI,AVX512 F+BW+CD+DQ+VL,AVX2+BMI1+BMI2+F16C+FMA+LZCNT+MOVBE,AVX,SSE3+SSSE3+SSE4.1+SSE4.2+POPCNT,X86Base+SSE+SSE2,AES+PCLMUL,AvxVnni,SERIALIZE VectorSize=256
// Job: campaign(EvaluateOverhead=False, Clock=Armonik.Ffi.Bdn.CpuClock, IterationCount=6, IterationTime=40ms, LaunchCount=1, RunStrategy=Throughput, WarmupCount=25)

OverheadJitting  1: 1 op, 359603.00 ns, 359.6030 us/op
WorkloadJitting  1: 1 op, 22354828.00 ns, 22.3548 ms/op

WorkloadPilot    1: 4 op, 17788792.00 ns, 4.4472 ms/op
WorkloadPilot    2: 9 op, 23858402.00 ns, 2.6509 ms/op
WorkloadPilot    3: 15 op, 33336501.00 ns, 2.2224 ms/op
WorkloadPilot    4: 18 op, 38577101.00 ns, 2.1432 ms/op

WorkloadWarmup   1: 18 op, 37958648.00 ns, 2.1088 ms/op
WorkloadWarmup   2: 18 op, 29659879.00 ns, 1.6478 ms/op
WorkloadWarmup   3: 18 op, 33681364.00 ns, 1.8712 ms/op
WorkloadWarmup   4: 18 op, 42793033.00 ns, 2.3774 ms/op
WorkloadWarmup   5: 18 op, 30654893.00 ns, 1.7030 ms/op
WorkloadWarmup   6: 18 op, 42107762.00 ns, 2.3393 ms/op
WorkloadWarmup   7: 18 op, 30973802.00 ns, 1.7208 ms/op
WorkloadWarmup   8: 18 op, 34870721.00 ns, 1.9373 ms/op
WorkloadWarmup   9: 18 op, 22648226.00 ns, 1.2582 ms/op
WorkloadWarmup  10: 18 op, 22223274.00 ns, 1.2346 ms/op
WorkloadWarmup  11: 18 op, 24542433.00 ns, 1.3635 ms/op
WorkloadWarmup  12: 18 op, 27511819.00 ns, 1.5284 ms/op
WorkloadWarmup  13: 18 op, 26358543.00 ns, 1.4644 ms/op
WorkloadWarmup  14: 18 op, 27440663.00 ns, 1.5245 ms/op
WorkloadWarmup  15: 18 op, 22527082.00 ns, 1.2515 ms/op
WorkloadWarmup  16: 18 op, 23326800.00 ns, 1.2959 ms/op
WorkloadWarmup  17: 18 op, 22042677.00 ns, 1.2246 ms/op
WorkloadWarmup  18: 18 op, 23939033.00 ns, 1.3299 ms/op
WorkloadWarmup  19: 18 op, 37548753.00 ns, 2.0860 ms/op
WorkloadWarmup  20: 18 op, 30352740.00 ns, 1.6863 ms/op
WorkloadWarmup  21: 18 op, 22473442.00 ns, 1.2485 ms/op
WorkloadWarmup  22: 18 op, 21366428.00 ns, 1.1870 ms/op
WorkloadWarmup  23: 18 op, 23568761.00 ns, 1.3094 ms/op
WorkloadWarmup  24: 18 op, 21889857.00 ns, 1.2161 ms/op
WorkloadWarmup  25: 18 op, 20447097.00 ns, 1.1359 ms/op

// BeforeActualRun
WorkloadActual   1: 18 op, 21886100.00 ns, 1.2159 ms/op
WorkloadActual   2: 18 op, 21237827.00 ns, 1.1799 ms/op
WorkloadActual   3: 18 op, 20628218.00 ns, 1.1460 ms/op
WorkloadActual   4: 18 op, 23746482.00 ns, 1.3192 ms/op
WorkloadActual   5: 18 op, 22897973.00 ns, 1.2721 ms/op
WorkloadActual   6: 18 op, 23701719.00 ns, 1.3168 ms/op

// AfterActualRun
WorkloadResult   1: 18 op, 21886100.00 ns, 1.2159 ms/op
WorkloadResult   2: 18 op, 21237827.00 ns, 1.1799 ms/op
WorkloadResult   3: 18 op, 20628218.00 ns, 1.1460 ms/op
WorkloadResult   4: 18 op, 23746482.00 ns, 1.3192 ms/op
WorkloadResult   5: 18 op, 22897973.00 ns, 1.2721 ms/op
WorkloadResult   6: 18 op, 23701719.00 ns, 1.3168 ms/op
// GC:  0 0 0 0 18
// Threading:  0 0 18

// AfterAll
// Benchmark Process 14761 has exited with code 0.

Mean = 1.242 ms, StdErr = 0.030 ms (2.38%), N = 6, StdDev = 0.072 ms
Min = 1.146 ms, Q1 = 1.189 ms, Median = 1.244 ms, Q3 = 1.306 ms, Max = 1.319 ms
IQR = 0.117 ms, LowerFence = 1.014 ms, UpperFence = 1.481 ms
ConfidenceInterval = [1.039 ms; 1.445 ms] (CI 99.9%), Margin = 0.203 ms (16.35% of Mean)
Skewness = -0.09, Kurtosis = 1.02, MValue = 2

// ** Remained 2 (16.7 %) benchmark(s) to run. Estimated finish 2026-10-10 8:15 (0h 0m from now) **
// **************************
// Benchmark: CodecSuite.Run: campaign(EvaluateOverhead=False, Clock=Armonik.Ffi.Bdn.CpuClock, IterationCount=6, IterationTime=40ms, LaunchCount=1, RunStrategy=Throughput, WarmupCount=25) [Case=core-(...)etain [42]]
// *** Execute ***
// Launch: 1 / 1
// Execute: dotnet BenchDotNet-campaign-1.dll --anonymousPipes 138 139 --benchmarkName "Armonik.Ffi.Bdn.CodecSuite.Run(Case: \"core-ffi|encode-core-hot|P2.2|ascii|retain\")" --job campaign --benchmarkId 10 in /home/user/ArmoniK.Api/ffi/poc/csharp/src/BenchDotNet/bin/Release/net8.0/BenchDotNet-campaign-1/bin/Release/net8.0
// BeforeAnythingElse

// Benchmark Process Environment Information:
// BenchmarkDotNet v0.15.8
// Runtime=.NET 8.0.31 (8.0.31, 8.0.3126.42015), X64 RyuJIT x86-64-v4
// GC=Concurrent Workstation
// HardwareIntrinsics=AVX512 IFMA+VBMI,AVX512 F+BW+CD+DQ+VL,AVX2+BMI1+BMI2+F16C+FMA+LZCNT+MOVBE,AVX,SSE3+SSSE3+SSE4.1+SSE4.2+POPCNT,X86Base+SSE+SSE2,AES+PCLMUL,AvxVnni,SERIALIZE VectorSize=256
// Job: campaign(EvaluateOverhead=False, Clock=Armonik.Ffi.Bdn.CpuClock, IterationCount=6, IterationTime=40ms, LaunchCount=1, RunStrategy=Throughput, WarmupCount=25)

OverheadJitting  1: 1 op, 293796.00 ns, 293.7960 us/op
WorkloadJitting  1: 1 op, 14537494.00 ns, 14.5375 ms/op

WorkloadPilot    1: 4 op, 17126552.00 ns, 4.2816 ms/op
WorkloadPilot    2: 9 op, 19526411.00 ns, 2.1696 ms/op
WorkloadPilot    3: 18 op, 26879233.00 ns, 1.4933 ms/op
WorkloadPilot    4: 27 op, 41107914.00 ns, 1.5225 ms/op

WorkloadWarmup   1: 27 op, 38463718.00 ns, 1.4246 ms/op
WorkloadWarmup   2: 27 op, 36142088.00 ns, 1.3386 ms/op
WorkloadWarmup   3: 27 op, 40811608.00 ns, 1.5115 ms/op
WorkloadWarmup   4: 27 op, 43568780.00 ns, 1.6137 ms/op
WorkloadWarmup   5: 27 op, 41988273.00 ns, 1.5551 ms/op
WorkloadWarmup   6: 27 op, 35376711.00 ns, 1.3102 ms/op
WorkloadWarmup   7: 27 op, 29132404.00 ns, 1.0790 ms/op
WorkloadWarmup   8: 27 op, 29251682.00 ns, 1.0834 ms/op
WorkloadWarmup   9: 27 op, 28734797.00 ns, 1.0643 ms/op
WorkloadWarmup  10: 27 op, 31902133.00 ns, 1.1816 ms/op
WorkloadWarmup  11: 27 op, 29641139.00 ns, 1.0978 ms/op
WorkloadWarmup  12: 27 op, 30631352.00 ns, 1.1345 ms/op
WorkloadWarmup  13: 27 op, 30663376.00 ns, 1.1357 ms/op
WorkloadWarmup  14: 27 op, 29242208.00 ns, 1.0830 ms/op
WorkloadWarmup  15: 27 op, 29612712.00 ns, 1.0968 ms/op
WorkloadWarmup  16: 27 op, 32564046.00 ns, 1.2061 ms/op
WorkloadWarmup  17: 27 op, 29668881.00 ns, 1.0988 ms/op
WorkloadWarmup  18: 27 op, 35685886.00 ns, 1.3217 ms/op
WorkloadWarmup  19: 27 op, 31277270.00 ns, 1.1584 ms/op
WorkloadWarmup  20: 27 op, 33387244.00 ns, 1.2366 ms/op
WorkloadWarmup  21: 27 op, 29001756.00 ns, 1.0741 ms/op
WorkloadWarmup  22: 27 op, 30075572.00 ns, 1.1139 ms/op
WorkloadWarmup  23: 27 op, 28083039.00 ns, 1.0401 ms/op
WorkloadWarmup  24: 27 op, 32243597.00 ns, 1.1942 ms/op
WorkloadWarmup  25: 27 op, 35734950.00 ns, 1.3235 ms/op

// BeforeActualRun
WorkloadActual   1: 27 op, 30119852.00 ns, 1.1156 ms/op
WorkloadActual   2: 27 op, 29104924.00 ns, 1.0780 ms/op
WorkloadActual   3: 27 op, 28296256.00 ns, 1.0480 ms/op
WorkloadActual   4: 27 op, 34787845.00 ns, 1.2884 ms/op
WorkloadActual   5: 27 op, 33121637.00 ns, 1.2267 ms/op
WorkloadActual   6: 27 op, 29905557.00 ns, 1.1076 ms/op

// AfterActualRun
WorkloadResult   1: 27 op, 30119852.00 ns, 1.1156 ms/op
WorkloadResult   2: 27 op, 29104924.00 ns, 1.0780 ms/op
WorkloadResult   3: 27 op, 28296256.00 ns, 1.0480 ms/op
WorkloadResult   4: 27 op, 34787845.00 ns, 1.2884 ms/op
WorkloadResult   5: 27 op, 33121637.00 ns, 1.2267 ms/op
WorkloadResult   6: 27 op, 29905557.00 ns, 1.1076 ms/op
// GC:  0 0 0 0 27
// Threading:  0 0 27

// AfterAll
// Benchmark Process 14773 has exited with code 0.

Mean = 1.144 ms, StdErr = 0.038 ms (3.33%), N = 6, StdDev = 0.093 ms
Min = 1.048 ms, Q1 = 1.085 ms, Median = 1.112 ms, Q3 = 1.199 ms, Max = 1.288 ms
IQR = 0.114 ms, LowerFence = 0.915 ms, UpperFence = 1.369 ms
ConfidenceInterval = [0.883 ms; 1.405 ms] (CI 99.9%), Margin = 0.261 ms (22.84% of Mean)
Skewness = 0.48, Kurtosis = 1.3, MValue = 2

// ** Remained 1 (8.3 %) benchmark(s) to run. Estimated finish 2026-10-10 8:15 (0h 0m from now) **
// **************************
// Benchmark: CodecSuite.Run: campaign(EvaluateOverhead=False, Clock=Armonik.Ffi.Bdn.CpuClock, IterationCount=6, IterationTime=40ms, LaunchCount=1, RunStrategy=Throughput, WarmupCount=25) [Case=core-(...)|drop [39]]
// *** Execute ***
// Launch: 1 / 1
// Execute: dotnet BenchDotNet-campaign-1.dll --anonymousPipes 138 139 --benchmarkName "Armonik.Ffi.Bdn.CodecSuite.Run(Case: \"core-ffi|encode-core-hot|P2.2|wide|drop\")" --job campaign --benchmarkId 11 in /home/user/ArmoniK.Api/ffi/poc/csharp/src/BenchDotNet/bin/Release/net8.0/BenchDotNet-campaign-1/bin/Release/net8.0
// BeforeAnythingElse

// Benchmark Process Environment Information:
// BenchmarkDotNet v0.15.8
// Runtime=.NET 8.0.31 (8.0.31, 8.0.3126.42015), X64 RyuJIT x86-64-v4
// GC=Concurrent Workstation
// HardwareIntrinsics=AVX512 IFMA+VBMI,AVX512 F+BW+CD+DQ+VL,AVX2+BMI1+BMI2+F16C+FMA+LZCNT+MOVBE,AVX,SSE3+SSSE3+SSE4.1+SSE4.2+POPCNT,X86Base+SSE+SSE2,AES+PCLMUL,AvxVnni,SERIALIZE VectorSize=256
// Job: campaign(EvaluateOverhead=False, Clock=Armonik.Ffi.Bdn.CpuClock, IterationCount=6, IterationTime=40ms, LaunchCount=1, RunStrategy=Throughput, WarmupCount=25)

OverheadJitting  1: 1 op, 305883.00 ns, 305.8830 us/op
WorkloadJitting  1: 1 op, 17628014.00 ns, 17.6280 ms/op

WorkloadPilot    1: 4 op, 25196114.00 ns, 6.2990 ms/op
WorkloadPilot    2: 6 op, 17249979.00 ns, 2.8750 ms/op
WorkloadPilot    3: 14 op, 24996122.00 ns, 1.7854 ms/op
WorkloadPilot    4: 22 op, 40892796.00 ns, 1.8588 ms/op

WorkloadWarmup   1: 22 op, 38584238.00 ns, 1.7538 ms/op
WorkloadWarmup   2: 22 op, 45522939.00 ns, 2.0692 ms/op
WorkloadWarmup   3: 22 op, 56885732.00 ns, 2.5857 ms/op
WorkloadWarmup   4: 22 op, 37112664.00 ns, 1.6869 ms/op
WorkloadWarmup   5: 22 op, 47820647.00 ns, 2.1737 ms/op
WorkloadWarmup   6: 22 op, 33529234.00 ns, 1.5241 ms/op
WorkloadWarmup   7: 22 op, 32112844.00 ns, 1.4597 ms/op
WorkloadWarmup   8: 22 op, 32764329.00 ns, 1.4893 ms/op
WorkloadWarmup   9: 22 op, 34317222.00 ns, 1.5599 ms/op
WorkloadWarmup  10: 22 op, 31853304.00 ns, 1.4479 ms/op
WorkloadWarmup  11: 22 op, 49090153.00 ns, 2.2314 ms/op
WorkloadWarmup  12: 22 op, 36427734.00 ns, 1.6558 ms/op
WorkloadWarmup  13: 22 op, 29935898.00 ns, 1.3607 ms/op
WorkloadWarmup  14: 22 op, 31029987.00 ns, 1.4105 ms/op
WorkloadWarmup  15: 22 op, 29945292.00 ns, 1.3611 ms/op
WorkloadWarmup  16: 22 op, 32087947.00 ns, 1.4585 ms/op
WorkloadWarmup  17: 22 op, 31176470.00 ns, 1.4171 ms/op
WorkloadWarmup  18: 22 op, 46548428.00 ns, 2.1158 ms/op
WorkloadWarmup  19: 22 op, 32772229.00 ns, 1.4896 ms/op
WorkloadWarmup  20: 22 op, 40645137.00 ns, 1.8475 ms/op
WorkloadWarmup  21: 22 op, 39725158.00 ns, 1.8057 ms/op
WorkloadWarmup  22: 22 op, 43658927.00 ns, 1.9845 ms/op
WorkloadWarmup  23: 22 op, 48142608.00 ns, 2.1883 ms/op
WorkloadWarmup  24: 22 op, 35897182.00 ns, 1.6317 ms/op
WorkloadWarmup  25: 22 op, 41934510.00 ns, 1.9061 ms/op

// BeforeActualRun
WorkloadActual   1: 22 op, 35220897.00 ns, 1.6009 ms/op
WorkloadActual   2: 22 op, 34996525.00 ns, 1.5908 ms/op
WorkloadActual   3: 22 op, 31281109.00 ns, 1.4219 ms/op
WorkloadActual   4: 22 op, 32982933.00 ns, 1.4992 ms/op
WorkloadActual   5: 22 op, 33899530.00 ns, 1.5409 ms/op
WorkloadActual   6: 22 op, 32301348.00 ns, 1.4682 ms/op

// AfterActualRun
WorkloadResult   1: 22 op, 35220897.00 ns, 1.6009 ms/op
WorkloadResult   2: 22 op, 34996525.00 ns, 1.5908 ms/op
WorkloadResult   3: 22 op, 31281109.00 ns, 1.4219 ms/op
WorkloadResult   4: 22 op, 32982933.00 ns, 1.4992 ms/op
WorkloadResult   5: 22 op, 33899530.00 ns, 1.5409 ms/op
WorkloadResult   6: 22 op, 32301348.00 ns, 1.4682 ms/op
// GC:  0 0 0 0 22
// Threading:  0 0 22

// AfterAll
// Benchmark Process 14782 has exited with code 0.

Mean = 1.520 ms, StdErr = 0.029 ms (1.89%), N = 6, StdDev = 0.070 ms
Min = 1.422 ms, Q1 = 1.476 ms, Median = 1.520 ms, Q3 = 1.578 ms, Max = 1.601 ms
IQR = 0.102 ms, LowerFence = 1.323 ms, UpperFence = 1.732 ms
ConfidenceInterval = [1.323 ms; 1.718 ms] (CI 99.9%), Margin = 0.197 ms (12.97% of Mean)
Skewness = -0.11, Kurtosis = 1.15, MValue = 2

// ** Remained 0 (0.0 %) benchmark(s) to run. Estimated finish 2026-10-10 8:15 (0h 0m from now) **
Run time: 00:00:25 (25.02 sec), executed benchmarks: 12

// ***** BenchmarkRunner: Finish  *****

// * Export *
  home/user/ArmoniK.Api/ffi/logs/csharp/opt/s14/grid/r1-dflt-full-r2.jsonl

// * Detailed results *
CodecSuite.Run: campaign(EvaluateOverhead=False, Clock=Armonik.Ffi.Bdn.CpuClock, IterationCount=6, IterationTime=40ms, LaunchCount=1, RunStrategy=Throughput, WarmupCount=25) [Case=core-(...)etain [42]]
Runtime = .NET 8.0.31 (8.0.31, 8.0.3126.42015), X64 RyuJIT x86-64-v4; GC = Concurrent Workstation
Mean = 1.116 ms, StdErr = 0.019 ms (1.67%), N = 6, StdDev = 0.046 ms
Min = 1.071 ms, Q1 = 1.077 ms, Median = 1.109 ms, Q3 = 1.157 ms, Max = 1.168 ms
IQR = 0.080 ms, LowerFence = 0.957 ms, UpperFence = 1.276 ms
ConfidenceInterval = [0.988 ms; 1.244 ms] (CI 99.9%), Margin = 0.128 ms (11.48% of Mean)
Skewness = 0.09, Kurtosis = 0.81, MValue = 2
-------------------- Histogram --------------------
[1.038 ms ; 1.108 ms) | @@@
[1.108 ms ; 1.186 ms) | @@@
---------------------------------------------------

CodecSuite.Run: campaign(EvaluateOverhead=False, Clock=Armonik.Ffi.Bdn.CpuClock, IterationCount=6, IterationTime=40ms, LaunchCount=1, RunStrategy=Throughput, WarmupCount=25) [Case=core-(...)|drop [40]]
Runtime = .NET 8.0.31 (8.0.31, 8.0.3126.42015), X64 RyuJIT x86-64-v4; GC = Concurrent Workstation
Mean = 1.023 ms, StdErr = 0.022 ms (2.11%), N = 6, StdDev = 0.053 ms
Min = 0.961 ms, Q1 = 0.979 ms, Median = 1.027 ms, Q3 = 1.058 ms, Max = 1.090 ms
IQR = 0.079 ms, LowerFence = 0.860 ms, UpperFence = 1.176 ms
ConfidenceInterval = [0.874 ms; 1.171 ms] (CI 99.9%), Margin = 0.148 ms (14.50% of Mean)
Skewness = -0.05, Kurtosis = 1.11, MValue = 2
-------------------- Histogram --------------------
[0.922 ms ; 1.000 ms) | @@
[1.000 ms ; 1.096 ms) | @@@@
---------------------------------------------------

CodecSuite.Run: campaign(EvaluateOverhead=False, Clock=Armonik.Ffi.Bdn.CpuClock, IterationCount=6, IterationTime=40ms, LaunchCount=1, RunStrategy=Throughput, WarmupCount=25) [Case=core-(...)etain [56]]
Runtime = .NET 8.0.31 (8.0.31, 8.0.3126.42015), X64 RyuJIT x86-64-v4; GC = Concurrent Workstation
Mean = 1.958 us, StdErr = 0.017 us (0.87%), N = 6, StdDev = 0.042 us
Min = 1.915 us, Q1 = 1.921 us, Median = 1.955 us, Q3 = 1.992 us, Max = 2.006 us
IQR = 0.072 us, LowerFence = 1.813 us, UpperFence = 2.100 us
ConfidenceInterval = [1.840 us; 2.075 us] (CI 99.9%), Margin = 0.118 us (6.01% of Mean)
Skewness = 0.05, Kurtosis = 0.78, MValue = 2
-------------------- Histogram --------------------
[1.885 us ; 1.965 us) | @@@
[1.965 us ; 2.036 us) | @@@
---------------------------------------------------

CodecSuite.Run: campaign(EvaluateOverhead=False, Clock=Armonik.Ffi.Bdn.CpuClock, IterationCount=6, IterationTime=40ms, LaunchCount=1, RunStrategy=Throughput, WarmupCount=25) [Case=core-(...)etain [43]]
Runtime = .NET 8.0.31 (8.0.31, 8.0.3126.42015), X64 RyuJIT x86-64-v4; GC = Concurrent Workstation
Mean = 1.725 ms, StdErr = 0.067 ms (3.91%), N = 6, StdDev = 0.165 ms
Min = 1.491 ms, Q1 = 1.625 ms, Median = 1.738 ms, Q3 = 1.822 ms, Max = 1.945 ms
IQR = 0.197 ms, LowerFence = 1.330 ms, UpperFence = 2.117 ms
ConfidenceInterval = [1.262 ms; 2.188 ms] (CI 99.9%), Margin = 0.463 ms (26.83% of Mean)
Skewness = -0.1, Kurtosis = 1.32, MValue = 2
-------------------- Histogram --------------------
[1.422 ms ; 1.717 ms) | @@
[1.717 ms ; 1.955 ms) | @@@@
---------------------------------------------------

CodecSuite.Run: campaign(EvaluateOverhead=False, Clock=Armonik.Ffi.Bdn.CpuClock, IterationCount=6, IterationTime=40ms, LaunchCount=1, RunStrategy=Throughput, WarmupCount=25) [Case=core-(...)|drop [54]]
Runtime = .NET 8.0.31 (8.0.31, 8.0.3126.42015), X64 RyuJIT x86-64-v4; GC = Concurrent Workstation
Mean = 1.679 us, StdErr = 0.055 us (3.27%), N = 5, StdDev = 0.123 us
Min = 1.520 us, Q1 = 1.589 us, Median = 1.710 us, Q3 = 1.751 us, Max = 1.823 us
IQR = 0.162 us, LowerFence = 1.346 us, UpperFence = 1.993 us
ConfidenceInterval = [1.205 us; 2.152 us] (CI 99.9%), Margin = 0.473 us (28.19% of Mean)
Skewness = -0.14, Kurtosis = 1.02, MValue = 2
-------------------- Histogram --------------------
[1.460 us ; 1.673 us) | @@
[1.673 us ; 1.861 us) | @@@
---------------------------------------------------

CodecSuite.Run: campaign(EvaluateOverhead=False, Clock=Armonik.Ffi.Bdn.CpuClock, IterationCount=6, IterationTime=40ms, LaunchCount=1, RunStrategy=Throughput, WarmupCount=25) [Case=core-(...)|drop [41]]
Runtime = .NET 8.0.31 (8.0.31, 8.0.3126.42015), X64 RyuJIT x86-64-v4; GC = Concurrent Workstation
Mean = 1.242 ms, StdErr = 0.030 ms (2.38%), N = 6, StdDev = 0.072 ms
Min = 1.146 ms, Q1 = 1.189 ms, Median = 1.244 ms, Q3 = 1.306 ms, Max = 1.319 ms
IQR = 0.117 ms, LowerFence = 1.014 ms, UpperFence = 1.481 ms
ConfidenceInterval = [1.039 ms; 1.445 ms] (CI 99.9%), Margin = 0.203 ms (16.35% of Mean)
Skewness = -0.09, Kurtosis = 1.02, MValue = 2
-------------------- Histogram --------------------
[1.094 ms ; 1.215 ms) | @@
[1.215 ms ; 1.320 ms) | @@@@
---------------------------------------------------

CodecSuite.Run: campaign(EvaluateOverhead=False, Clock=Armonik.Ffi.Bdn.CpuClock, IterationCount=6, IterationTime=40ms, LaunchCount=1, RunStrategy=Throughput, WarmupCount=25) [Case=core-(...)etain [41]]
Runtime = .NET 8.0.31 (8.0.31, 8.0.3126.42015), X64 RyuJIT x86-64-v4; GC = Concurrent Workstation
Mean = 1.853 ms, StdErr = 0.108 ms (5.82%), N = 6, StdDev = 0.264 ms
Min = 1.599 ms, Q1 = 1.664 ms, Median = 1.793 ms, Q3 = 1.958 ms, Max = 2.299 ms
IQR = 0.293 ms, LowerFence = 1.224 ms, UpperFence = 2.398 ms
ConfidenceInterval = [1.112 ms; 2.594 ms] (CI 99.9%), Margin = 0.741 ms (40.00% of Mean)
Skewness = 0.55, Kurtosis = 1.58, MValue = 2.4
-------------------- Histogram --------------------
[1.596 ms ; 1.977 ms) | @@@@@
[1.977 ms ; 2.108 ms) | 
[2.108 ms ; 2.489 ms) | @
---------------------------------------------------

CodecSuite.Run: campaign(EvaluateOverhead=False, Clock=Armonik.Ffi.Bdn.CpuClock, IterationCount=6, IterationTime=40ms, LaunchCount=1, RunStrategy=Throughput, WarmupCount=25) [Case=core-(...)|drop [40]]
Runtime = .NET 8.0.31 (8.0.31, 8.0.3126.42015), X64 RyuJIT x86-64-v4; GC = Concurrent Workstation
Mean = 1.255 ms, StdErr = 0.055 ms (4.34%), N = 6, StdDev = 0.134 ms
Min = 1.097 ms, Q1 = 1.179 ms, Median = 1.230 ms, Q3 = 1.306 ms, Max = 1.479 ms
IQR = 0.127 ms, LowerFence = 0.989 ms, UpperFence = 1.497 ms
ConfidenceInterval = [0.881 ms; 1.629 ms] (CI 99.9%), Margin = 0.374 ms (29.83% of Mean)
Skewness = 0.48, Kurtosis = 1.68, MValue = 2
-------------------- Histogram --------------------
[1.001 ms ; 1.150 ms) | @
[1.150 ms ; 1.382 ms) | @@@@
[1.382 ms ; 1.575 ms) | @
---------------------------------------------------

CodecSuite.Run: campaign(EvaluateOverhead=False, Clock=Armonik.Ffi.Bdn.CpuClock, IterationCount=6, IterationTime=40ms, LaunchCount=1, RunStrategy=Throughput, WarmupCount=25) [Case=core-(...)etain [42]]
Runtime = .NET 8.0.31 (8.0.31, 8.0.3126.42015), X64 RyuJIT x86-64-v4; GC = Concurrent Workstation
Mean = 894.578 us, StdErr = 8.857 us (0.99%), N = 5, StdDev = 19.805 us
Min = 866.834 us, Q1 = 885.053 us, Median = 896.225 us, Q3 = 906.420 us, Max = 918.359 us
IQR = 21.367 us, LowerFence = 853.002 us, UpperFence = 938.470 us
ConfidenceInterval = [818.316 us; 970.840 us] (CI 99.9%), Margin = 76.262 us (8.52% of Mean)
Skewness = -0.18, Kurtosis = 1.22, MValue = 2
-------------------- Histogram --------------------
[851.632 us ; 880.535 us) | @
[880.535 us ; 910.938 us) | @@@
[910.938 us ; 933.561 us) | @
---------------------------------------------------

CodecSuite.Run: campaign(EvaluateOverhead=False, Clock=Armonik.Ffi.Bdn.CpuClock, IterationCount=6, IterationTime=40ms, LaunchCount=1, RunStrategy=Throughput, WarmupCount=25) [Case=core-(...)|drop [39]]
Runtime = .NET 8.0.31 (8.0.31, 8.0.3126.42015), X64 RyuJIT x86-64-v4; GC = Concurrent Workstation
Mean = 1.520 ms, StdErr = 0.029 ms (1.89%), N = 6, StdDev = 0.070 ms
Min = 1.422 ms, Q1 = 1.476 ms, Median = 1.520 ms, Q3 = 1.578 ms, Max = 1.601 ms
IQR = 0.102 ms, LowerFence = 1.323 ms, UpperFence = 1.732 ms
ConfidenceInterval = [1.323 ms; 1.718 ms] (CI 99.9%), Margin = 0.197 ms (12.97% of Mean)
Skewness = -0.11, Kurtosis = 1.15, MValue = 2
-------------------- Histogram --------------------
[1.410 ms ; 1.520 ms) | @@@
[1.520 ms ; 1.622 ms) | @@@
---------------------------------------------------

CodecSuite.Run: campaign(EvaluateOverhead=False, Clock=Armonik.Ffi.Bdn.CpuClock, IterationCount=6, IterationTime=40ms, LaunchCount=1, RunStrategy=Throughput, WarmupCount=25) [Case=core-(...)|drop [40]]
Runtime = .NET 8.0.31 (8.0.31, 8.0.3126.42015), X64 RyuJIT x86-64-v4; GC = Concurrent Workstation
Mean = 997.162 us, StdErr = 16.563 us (1.66%), N = 6, StdDev = 40.570 us
Min = 944.863 us, Q1 = 981.040 us, Median = 985.644 us, Q3 = 1,015.741 us, Max = 1,061.544 us
IQR = 34.701 us, LowerFence = 928.988 us, UpperFence = 1,067.792 us
ConfidenceInterval = [883.396 us; 1,110.929 us] (CI 99.9%), Margin = 113.766 us (11.41% of Mean)
Skewness = 0.34, Kurtosis = 1.56, MValue = 2
-------------------- Histogram --------------------
[  936.804 us ; 1,014.070 us) | @@@@
[1,014.070 us ; 1,072.678 us) | @@
---------------------------------------------------

CodecSuite.Run: campaign(EvaluateOverhead=False, Clock=Armonik.Ffi.Bdn.CpuClock, IterationCount=6, IterationTime=40ms, LaunchCount=1, RunStrategy=Throughput, WarmupCount=25) [Case=core-(...)etain [42]]
Runtime = .NET 8.0.31 (8.0.31, 8.0.3126.42015), X64 RyuJIT x86-64-v4; GC = Concurrent Workstation
Mean = 1.144 ms, StdErr = 0.038 ms (3.33%), N = 6, StdDev = 0.093 ms
Min = 1.048 ms, Q1 = 1.085 ms, Median = 1.112 ms, Q3 = 1.199 ms, Max = 1.288 ms
IQR = 0.114 ms, LowerFence = 0.915 ms, UpperFence = 1.369 ms
ConfidenceInterval = [0.883 ms; 1.405 ms] (CI 99.9%), Margin = 0.261 ms (22.84% of Mean)
Skewness = 0.48, Kurtosis = 1.3, MValue = 2
-------------------- Histogram --------------------
[1.014 ms ; 1.190 ms) | @@@@
[1.190 ms ; 1.325 ms) | @@
---------------------------------------------------

// * Summary *

BenchmarkDotNet v0.15.8, Linux Ubuntu 24.04.4 LTS (Noble Numbat)
Intel Xeon Processor 2.10GHz, 1 CPU, 4 logical and 4 physical cores
.NET SDK 8.0.131
  [Host]   : .NET 8.0.31 (8.0.31, 8.0.3126.42015), X64 RyuJIT x86-64-v4
  campaign : .NET 8.0.31 (8.0.31, 8.0.3126.42015), X64 RyuJIT x86-64-v4

Job=campaign  EvaluateOverhead=False  Clock=Armonik.Ffi.Bdn.CpuClock  
IterationCount=6  IterationTime=40ms  LaunchCount=1  
RunStrategy=Throughput  WarmupCount=25  

| Method | Case                 | Mean         | Error       | StdDev      | Allocated |
|------- |--------------------- |-------------:|------------:|------------:|----------:|
| Run    | core-(...)etain [42] | 1,115.825 us | 128.1098 us |  45.6852 us |         - |
| Run    | core-(...)|drop [40] | 1,022.664 us | 148.3108 us |  52.8891 us |         - |
| Run    | core-(...)etain [56] |     1.958 us |   0.1176 us |   0.0419 us |         - |
| Run    | core-(...)etain [43] | 1,725.005 us | 462.7973 us | 165.0380 us |         - |
| Run    | core-(...)|drop [54] |     1.679 us |   0.4732 us |   0.1229 us |         - |
| Run    | core-(...)|drop [41] | 1,241.651 us | 203.0541 us |  72.4111 us |         - |
| Run    | core-(...)etain [41] | 1,852.854 us | 741.1358 us | 264.2962 us |         - |
| Run    | core-(...)|drop [40] | 1,255.064 us | 374.4114 us | 133.5187 us |         - |
| Run    | core-(...)etain [42] |   894.578 us |  76.2621 us |  19.8050 us |         - |
| Run    | core-(...)|drop [39] | 1,520.321 us | 197.2301 us |  70.3342 us |         - |
| Run    | core-(...)|drop [40] |   997.162 us | 113.7664 us |  40.5702 us |         - |
| Run    | core-(...)etain [42] | 1,144.050 us | 261.3020 us |  93.1828 us |         - |

// * Legends *
  Case      : Value of the 'Case' parameter
  Mean      : Arithmetic mean of all measurements
  Error     : Half of 99.9% confidence interval
  StdDev    : Standard deviation of all measurements
  Allocated : Allocated memory per single operation (managed only, inclusive, 1KB = 1024B)
  1 us      : 1 Microsecond (0.000001 sec)

// * Diagnostic Output - AkProcessCpu *

// * Diagnostic Output - MemoryDiagnoser *


// ***** BenchmarkRunner: End *****
Global total time: 00:00:46 (46.49 sec), executed benchmarks: 12
// * Artifacts cleanup *
Artifacts cleanup is finished
