# correctness:    SKIPPED: the loaded core is the s14 measurement stub (tc-measure-u16stub), whose UTF-16 output is wrong by design
# engine:         BenchmarkDotNet 0.15.8.0 (CAMPAIGN.md 22a), toolchain BDN's default, ONE CHILD PROCESS PER CASE (the campaign's native isolation, req 22a as amended e6c909630); process CPU per iteration from the child's clock reads, each pair checked against BDN's wall measurement; the JIT tier is NOT read back (the children's JIT events are not visible here), so the jit check below is vacuous in this mode, pinned by the runner
# grid:           core (CAMPAIGN section 4.0, D18; AK_CAMPAIGN_GRID=core): arms incumbent-prod (full build only), core-ffi (FSM decode, D24) and host-gen (retain in the full build, no-unknown in its build); encode-transport-hot (end state ii, one hot graph) and decode-read; the 16 shapes, P7.1 decode only; Latin-1 and wide on P2.2 only; U-* rows U-nested-before, U-deep-u-repeated, U-oneof-u-repeated, U-wire-ListTaskSummaryResponse-tasks-as-wt5, U-wire-UploadResultDataMessage-upload-as-wt5, U-wire-ListMetricsResponse-batches-as-wt0, U-wire-DualResponse-left-as-wt5 (encode-transport-hot and decode-read). Extras left out (AK_CAMPAIGN_GRID=full runs them): incumbent-best, core-ffi-push (push decode), core-ffi-pull, bare decode, encode at end state (i) and with a pool input, decode-reencode, the drop mode, the incumbent in the no-unknown build, content sets on P1.2 and P2.4, the other U-* rows timed (all stay in the correctness checks)
# allocator:      default (readback at process start: a 16 MiB malloc came from the mmapped (mallinfo2; the block kept, never freed); no heap pre-grow (owner, 2026-10-03): BDN's warm-up runs the real call path, and minflt per row shows whether it sufficed; under the default toolchain each child probes once, on its case's first row as alloc_probe; GLIBC_TUNABLES=unset; CAMPAIGN req 25 as amended 2026-10-03, D9: the main figures run glibc's default allocator as production does; the pinned pass (glibc.malloc.trim_threshold=268435456:glibc.malloc.mmap_threshold=33554432) is a labelled diagnostic; every row carries `alloc` and `minflt`, the process's minor page faults over the iteration (getrusage, read by the job's clock beside the CPU clock), so faults per call = minflt / iters)
# runtime:        .NET 8.0.31; TieredCompilation=default TieredPGO=default (net8.0 defaults unless set); GC server=False, concurrent (default)
# incumbent:      Google.Protobuf 3.32.0
# build:          full (WP5 step 10; the loaded core checked to be the same variant by its u-family exports)
# managed codec:  plan utf8=reject unknown=drop
# job:            launch 3; 6 actual iterations (rounds) per case, 25 warm-up iterations (the same for every case) after BDN's jitting stage (1 overhead + 1 workload jitting invocation per case, logged by BDN in the .bdn.log, not exported) and pilot, iteration time 40 ms (the pilot picks the invocation count per case), strategy Throughput, EvaluateOverhead=false (no overhead subtraction anywhere)
# clocks:         per iteration (every row with round >= 1): wall (Stopwatch) AND process CPU (CLOCK_PROCESS_CPUTIME_ID of this process: every thread, GC and JIT included; CAMPAIGN req 21 as amended, R-H25), both read by the job's clock (CpuClock, Job.WithClock) at the start and end of the same iteration window, exported RAW (no outlier removal, no overhead subtraction); BDN's forced GCs between iterations are outside the window; the round-0 row of each case is a summary of the whole actual stage (span_cpu_ns, span_wall_ns), not a sample
# threads:        thread pool min 2 worker / 1 IO, max 32767 worker / 1000 IO, 0 pool thread(s) now; 2 logical CPUs visible; the codec suite creates no core runtime (no RPC call is made); the timed loop runs on BDN's one thread
# encode:         CAMPAIGN req 11 (R-H29): dir encode = pool input + reused buffer; encode-hot = one graph + reused buffer; encode-transport = pool + the Grpc.Net form; encode-transport-hot = one graph + the Grpc.Net form. Reused buffer: incumbent-prod CalculateSize + WriteTo(IBufferWriter) and incumbent-best WriteTo(IBufferWriter) into one BufWriter, host-gen into its one Enc, core-ffi into the core's encode buffer (ak_encode_*/ak_uencode_*; that buffer is also what cell C hands the core's transport, and host-gen's Enc what cell E hands it, so their transport forms on the core's transport ARE the buffer rows). Grpc.Net form (cells A, F, D): the serializer the RPC grid's marshaller runs (RootOps.SerInc/SerHost/SerFfi), into a frame like Grpc.Net.Client 2.71's GrpcCallSerializationContext: one ArrayPool array, the 5-byte gRPC header, the body, the array returned after (GrpcFrame.cs); incumbent-best has no gRPC path and no transport row. Pool: distinct graphs built in the case's setup whose RETAINED heap is >= 28835840 bytes (2 x AK_LLC_BYTES, default 13.75 MB; AK_POOL_BYTES overrides; per row pool_graphs and pool_bytes), round robin one graph per call; a hot input is a pool of one (the same Next() per call); graph construction is never in the timed window
# U-* rows:       CAMPAIGN req 7 (R-H27): the 92 accepted, non-disputed U-* rows at the shapes core's 7 ABI roots, through this timed shapes core: encode-hot (a graph the arm decoded from the row, untimed; retain arms re-emit the unknown fields, drop arms the dropped form), decode, decode-read, and decode-reencode (a labelled extra; no incumbent-best row)
# content sets:   CAMPAIGN req 7 (R-H26): ascii, latin1 and wide on P1.2, P2.2, P2.4; ascii only elsewhere
# order:          seeded shuffles (below); ratios, where the aggregation forms them, come from per-launch medians (CAMPAIGN req 30): every unit is its own process
# process unit:   all cases; this launch's unit order: core-ffi:retain, core-ffi:drop (a seeded shuffle, seed 23757; within this process the cases run in a seeded shuffle too, seed 314187, the 2 prime cases first; requirement 22 as amended, R-H23)
# warm-up:        BenchmarkDotNet's own, per case: its jitting stage, pilot and the warm-up iterations of the job line (req 24; WP9 addendum: no hand-written pre-warm and no settle wait; the 2 prime cases below are BDN cases); the JIT tier is read back per case and a case that measured hot code at tier 0 fails the unit outside --smoke (the jit check below)
# correctness:    SKIPPED (s14 measurement stub core; wrong UTF-16 output by design) pre-timing checks passed (byte identity of every encode arm per payload and content set; every arm accepts every unknown row; on every unknown row core-ffi retain and host-gen retain re-encode to the incumbent's bytes, i.e. the unknown fields are kept: requirement 10)
# cases:          10 exported, after 2 prime case(s) run first and not exported (copies of the first cases, content "prime"): BDN cases like any other, kept because without them the first case of a process measures BDN's own first-touched runtime helpers (SpanHelpers.Fill) at tier 0 (JOURNAL 51, 62)
# strings:        D21 string encode path AK_STR_ENC=E1R (K 64) (E0 .NET UTF-8 into native staging + ak_tc_bytes; E1 the string pinned + ak_tc_utf16; E2 the C# transcoder callback into the core's buffer; ETH:<n> E1 from n UTF-16 units, E0 below); Cases.Verify checks every path's bytes
# memory:         AK_BDN_MEMORY=1: BenchmarkDotNet's MemoryDiagnoser (an exploration switch, not a campaign setting): one extra workload iteration per case AFTER the actual stage, at the actual stage's invocation count, outside the job's clock (no exported sample is affected); on each case's first sample row mem_alloc_bytes_per_op (GC.GetTotalAllocatedBytes(precise), every thread, divided by its operations), mem_gen = [gen0, gen1, gen2] collections during it, mem_ops its operations, mem_alloc_bytes its total
# cpus:           this process: 2 CPU(s) in its affinity mask (sched_getaffinity), Environment.ProcessorCount 2; single-CPU guard (JOURNAL 73): a timed process (host or BDN child) with ONE CPU is refused unless AK_ALLOW_SINGLE_CPU=1 (here: unset); each case's first row carries cpus_affinity, cpus_runtime and single_cpu_override as its own process saw them
// Validating benchmarks:
// ***** BenchmarkRunner: Start   *****
// ***** Found 12 benchmark(s) in total *****
// ***** Building 1 exe(s) in Parallel: Start   *****
Unable to find .sln or .csproj file. Will use current directory /home/user/ArmoniK.Api/ffi/poc/csharp to search for project file. If you don't use .sln file on purpose it should not be a problem.
// start dotnet  restore --nodeReuse:false /p:UseSharedCompilation=false /p:Deterministic=true /p:Optimize=true /p:ArtifactsPath="/home/user/ArmoniK.Api/ffi/poc/csharp/src/BenchDotNet/bin/Release/net8.0/BenchDotNet-campaign-1/" /p:OutDir="/home/user/ArmoniK.Api/ffi/poc/csharp/src/BenchDotNet/bin/Release/net8.0/BenchDotNet-campaign-1/bin/Release/net8.0/" /p:OutputPath="/home/user/ArmoniK.Api/ffi/poc/csharp/src/BenchDotNet/bin/Release/net8.0/BenchDotNet-campaign-1/bin/Release/net8.0/" /p:PublishDir="/home/user/ArmoniK.Api/ffi/poc/csharp/src/BenchDotNet/bin/Release/net8.0/BenchDotNet-campaign-1/publish/" in /home/user/ArmoniK.Api/ffi/poc/csharp/src/BenchDotNet/bin/Release/net8.0/BenchDotNet-campaign-1
// command took 2.15 sec and exited with 0
// start dotnet  build -c Release --no-restore --nodeReuse:false /p:UseSharedCompilation=false /p:Deterministic=true /p:Optimize=true /p:ArtifactsPath="/home/user/ArmoniK.Api/ffi/poc/csharp/src/BenchDotNet/bin/Release/net8.0/BenchDotNet-campaign-1/" /p:OutDir="/home/user/ArmoniK.Api/ffi/poc/csharp/src/BenchDotNet/bin/Release/net8.0/BenchDotNet-campaign-1/bin/Release/net8.0/" /p:OutputPath="/home/user/ArmoniK.Api/ffi/poc/csharp/src/BenchDotNet/bin/Release/net8.0/BenchDotNet-campaign-1/bin/Release/net8.0/" /p:PublishDir="/home/user/ArmoniK.Api/ffi/poc/csharp/src/BenchDotNet/bin/Release/net8.0/BenchDotNet-campaign-1/publish/" --output "/home/user/ArmoniK.Api/ffi/poc/csharp/src/BenchDotNet/bin/Release/net8.0/BenchDotNet-campaign-1/bin/Release/net8.0/" in /home/user/ArmoniK.Api/ffi/poc/csharp/src/BenchDotNet/bin/Release/net8.0/BenchDotNet-campaign-1
// command took 17.93 sec and exited with 0
// ***** Done, took 00:00:20 (20.19 sec)   *****
// Found 12 benchmarks:
//   CodecSuite.Run: campaign(EvaluateOverhead=False, Clock=Armonik.Ffi.Bdn.CpuClock, IterationCount=6, IterationTime=40ms, LaunchCount=1, RunStrategy=Throughput, WarmupCount=25) [Case=core-(...)etain [42]]
//   CodecSuite.Run: campaign(EvaluateOverhead=False, Clock=Armonik.Ffi.Bdn.CpuClock, IterationCount=6, IterationTime=40ms, LaunchCount=1, RunStrategy=Throughput, WarmupCount=25) [Case=core-(...)|drop [40]]
//   CodecSuite.Run: campaign(EvaluateOverhead=False, Clock=Armonik.Ffi.Bdn.CpuClock, IterationCount=6, IterationTime=40ms, LaunchCount=1, RunStrategy=Throughput, WarmupCount=25) [Case=core-(...)etain [42]]
//   CodecSuite.Run: campaign(EvaluateOverhead=False, Clock=Armonik.Ffi.Bdn.CpuClock, IterationCount=6, IterationTime=40ms, LaunchCount=1, RunStrategy=Throughput, WarmupCount=25) [Case=core-(...)|drop [41]]
//   CodecSuite.Run: campaign(EvaluateOverhead=False, Clock=Armonik.Ffi.Bdn.CpuClock, IterationCount=6, IterationTime=40ms, LaunchCount=1, RunStrategy=Throughput, WarmupCount=25) [Case=core-(...)|drop [40]]
//   CodecSuite.Run: campaign(EvaluateOverhead=False, Clock=Armonik.Ffi.Bdn.CpuClock, IterationCount=6, IterationTime=40ms, LaunchCount=1, RunStrategy=Throughput, WarmupCount=25) [Case=core-(...)etain [41]]
//   CodecSuite.Run: campaign(EvaluateOverhead=False, Clock=Armonik.Ffi.Bdn.CpuClock, IterationCount=6, IterationTime=40ms, LaunchCount=1, RunStrategy=Throughput, WarmupCount=25) [Case=core-(...)|drop [54]]
//   CodecSuite.Run: campaign(EvaluateOverhead=False, Clock=Armonik.Ffi.Bdn.CpuClock, IterationCount=6, IterationTime=40ms, LaunchCount=1, RunStrategy=Throughput, WarmupCount=25) [Case=core-(...)|drop [39]]
//   CodecSuite.Run: campaign(EvaluateOverhead=False, Clock=Armonik.Ffi.Bdn.CpuClock, IterationCount=6, IterationTime=40ms, LaunchCount=1, RunStrategy=Throughput, WarmupCount=25) [Case=core-(...)etain [42]]
//   CodecSuite.Run: campaign(EvaluateOverhead=False, Clock=Armonik.Ffi.Bdn.CpuClock, IterationCount=6, IterationTime=40ms, LaunchCount=1, RunStrategy=Throughput, WarmupCount=25) [Case=core-(...)|drop [40]]
//   CodecSuite.Run: campaign(EvaluateOverhead=False, Clock=Armonik.Ffi.Bdn.CpuClock, IterationCount=6, IterationTime=40ms, LaunchCount=1, RunStrategy=Throughput, WarmupCount=25) [Case=core-(...)etain [56]]
//   CodecSuite.Run: campaign(EvaluateOverhead=False, Clock=Armonik.Ffi.Bdn.CpuClock, IterationCount=6, IterationTime=40ms, LaunchCount=1, RunStrategy=Throughput, WarmupCount=25) [Case=core-(...)etain [43]]

// **************************
// Benchmark: CodecSuite.Run: campaign(EvaluateOverhead=False, Clock=Armonik.Ffi.Bdn.CpuClock, IterationCount=6, IterationTime=40ms, LaunchCount=1, RunStrategy=Throughput, WarmupCount=25) [Case=core-(...)etain [42]]
// *** Execute ***
// Launch: 1 / 1
// Execute: dotnet BenchDotNet-campaign-1.dll --anonymousPipes 136 137 --benchmarkName "Armonik.Ffi.Bdn.CodecSuite.Run(Case: \"core-ffi|encode-core-hot|P2.2|prime|retain\")" --job campaign --benchmarkId 0 in /home/user/ArmoniK.Api/ffi/poc/csharp/src/BenchDotNet/bin/Release/net8.0/BenchDotNet-campaign-1/bin/Release/net8.0
// BeforeAnythingElse

// Benchmark Process Environment Information:
// BenchmarkDotNet v0.15.8
// Runtime=.NET 8.0.31 (8.0.31, 8.0.3126.42015), X64 RyuJIT x86-64-v4
// GC=Concurrent Workstation
// HardwareIntrinsics=AVX512 IFMA+VBMI,AVX512 F+BW+CD+DQ+VL,AVX2+BMI1+BMI2+F16C+FMA+LZCNT+MOVBE,AVX,SSE3+SSSE3+SSE4.1+SSE4.2+POPCNT,X86Base+SSE+SSE2,AES+PCLMUL,AvxVnni,SERIALIZE VectorSize=256
// Job: campaign(EvaluateOverhead=False, Clock=Armonik.Ffi.Bdn.CpuClock, IterationCount=6, IterationTime=40ms, LaunchCount=1, RunStrategy=Throughput, WarmupCount=25)

OverheadJitting  1: 1 op, 258651.00 ns, 258.6510 us/op
WorkloadJitting  1: 1 op, 26915656.00 ns, 26.9157 ms/op

OverheadJitting  2: 1 op, 849.00 ns, 849.0000 ns/op
WorkloadJitting  2: 1 op, 7137493.00 ns, 7.1375 ms/op

WorkloadPilot    1: 4 op, 38798310.00 ns, 9.6996 ms/op

WorkloadWarmup   1: 4 op, 35299897.00 ns, 8.8250 ms/op
WorkloadWarmup   2: 4 op, 28867471.00 ns, 7.2169 ms/op
WorkloadWarmup   3: 4 op, 28669915.00 ns, 7.1675 ms/op
WorkloadWarmup   4: 4 op, 34374418.00 ns, 8.5936 ms/op
WorkloadWarmup   5: 4 op, 17266210.00 ns, 4.3166 ms/op
WorkloadWarmup   6: 4 op, 5699887.00 ns, 1.4250 ms/op
WorkloadWarmup   7: 4 op, 5287629.00 ns, 1.3219 ms/op
WorkloadWarmup   8: 4 op, 6791323.00 ns, 1.6978 ms/op
WorkloadWarmup   9: 4 op, 9740123.00 ns, 2.4350 ms/op
WorkloadWarmup  10: 4 op, 5240660.00 ns, 1.3102 ms/op
WorkloadWarmup  11: 4 op, 6695401.00 ns, 1.6739 ms/op
WorkloadWarmup  12: 4 op, 5519321.00 ns, 1.3798 ms/op
WorkloadWarmup  13: 4 op, 18438590.00 ns, 4.6096 ms/op
WorkloadWarmup  14: 4 op, 6811817.00 ns, 1.7030 ms/op
WorkloadWarmup  15: 4 op, 16259048.00 ns, 4.0648 ms/op
WorkloadWarmup  16: 4 op, 6500080.00 ns, 1.6250 ms/op
WorkloadWarmup  17: 4 op, 5904247.00 ns, 1.4761 ms/op
WorkloadWarmup  18: 4 op, 8540347.00 ns, 2.1351 ms/op
WorkloadWarmup  19: 4 op, 5254119.00 ns, 1.3135 ms/op
WorkloadWarmup  20: 4 op, 5861485.00 ns, 1.4654 ms/op
WorkloadWarmup  21: 4 op, 6023696.00 ns, 1.5059 ms/op
WorkloadWarmup  22: 4 op, 5459332.00 ns, 1.3648 ms/op
WorkloadWarmup  23: 4 op, 5448197.00 ns, 1.3620 ms/op
WorkloadWarmup  24: 4 op, 6461585.00 ns, 1.6154 ms/op
WorkloadWarmup  25: 4 op, 5474725.00 ns, 1.3687 ms/op

// BeforeActualRun
WorkloadActual   1: 4 op, 5882717.00 ns, 1.4707 ms/op
WorkloadActual   2: 4 op, 5576341.00 ns, 1.3941 ms/op
WorkloadActual   3: 4 op, 5813502.00 ns, 1.4534 ms/op
WorkloadActual   4: 4 op, 5629334.00 ns, 1.4073 ms/op
WorkloadActual   5: 4 op, 5546489.00 ns, 1.3866 ms/op
WorkloadActual   6: 4 op, 5554822.00 ns, 1.3887 ms/op

// AfterActualRun
WorkloadResult   1: 4 op, 5882717.00 ns, 1.4707 ms/op
WorkloadResult   2: 4 op, 5576341.00 ns, 1.3941 ms/op
WorkloadResult   3: 4 op, 5813502.00 ns, 1.4534 ms/op
WorkloadResult   4: 4 op, 5629334.00 ns, 1.4073 ms/op
WorkloadResult   5: 4 op, 5546489.00 ns, 1.3866 ms/op
WorkloadResult   6: 4 op, 5554822.00 ns, 1.3887 ms/op
// GC:  0 0 0 0 4
// Threading:  0 0 4

// AfterAll
// Benchmark Process 21236 has exited with code 0.

Mean = 1.417 ms, StdErr = 0.015 ms (1.04%), N = 6, StdDev = 0.036 ms
Min = 1.387 ms, Q1 = 1.390 ms, Median = 1.401 ms, Q3 = 1.442 ms, Max = 1.471 ms
IQR = 0.052 ms, LowerFence = 1.312 ms, UpperFence = 1.520 ms
ConfidenceInterval = [1.315 ms; 1.518 ms] (CI 99.9%), Margin = 0.101 ms (7.16% of Mean)
Skewness = 0.5, Kurtosis = 1.16, MValue = 2

// ** Remained 11 (91.7 %) benchmark(s) to run. Estimated finish 2026-10-10 8:41 (0h 0m from now) **
// **************************
// Benchmark: CodecSuite.Run: campaign(EvaluateOverhead=False, Clock=Armonik.Ffi.Bdn.CpuClock, IterationCount=6, IterationTime=40ms, LaunchCount=1, RunStrategy=Throughput, WarmupCount=25) [Case=core-(...)|drop [40]]
// *** Execute ***
// Launch: 1 / 1
// Execute: dotnet BenchDotNet-campaign-1.dll --anonymousPipes 136 137 --benchmarkName "Armonik.Ffi.Bdn.CodecSuite.Run(Case: \"core-ffi|encode-core-hot|P2.2|prime|drop\")" --job campaign --benchmarkId 1 in /home/user/ArmoniK.Api/ffi/poc/csharp/src/BenchDotNet/bin/Release/net8.0/BenchDotNet-campaign-1/bin/Release/net8.0
// BeforeAnythingElse

// Benchmark Process Environment Information:
// BenchmarkDotNet v0.15.8
// Runtime=.NET 8.0.31 (8.0.31, 8.0.3126.42015), X64 RyuJIT x86-64-v4
// GC=Concurrent Workstation
// HardwareIntrinsics=AVX512 IFMA+VBMI,AVX512 F+BW+CD+DQ+VL,AVX2+BMI1+BMI2+F16C+FMA+LZCNT+MOVBE,AVX,SSE3+SSSE3+SSE4.1+SSE4.2+POPCNT,X86Base+SSE+SSE2,AES+PCLMUL,AvxVnni,SERIALIZE VectorSize=256
// Job: campaign(EvaluateOverhead=False, Clock=Armonik.Ffi.Bdn.CpuClock, IterationCount=6, IterationTime=40ms, LaunchCount=1, RunStrategy=Throughput, WarmupCount=25)

OverheadJitting  1: 1 op, 250650.00 ns, 250.6500 us/op
WorkloadJitting  1: 1 op, 23951512.00 ns, 23.9515 ms/op

WorkloadPilot    1: 4 op, 37389138.00 ns, 9.3473 ms/op

WorkloadWarmup   1: 4 op, 31451712.00 ns, 7.8629 ms/op
WorkloadWarmup   2: 4 op, 37699695.00 ns, 9.4249 ms/op
WorkloadWarmup   3: 4 op, 28138820.00 ns, 7.0347 ms/op
WorkloadWarmup   4: 4 op, 15062649.00 ns, 3.7657 ms/op
WorkloadWarmup   5: 4 op, 5193274.00 ns, 1.2983 ms/op
WorkloadWarmup   6: 4 op, 5286296.00 ns, 1.3216 ms/op
WorkloadWarmup   7: 4 op, 4469176.00 ns, 1.1173 ms/op
WorkloadWarmup   8: 4 op, 4341621.00 ns, 1.0854 ms/op
WorkloadWarmup   9: 4 op, 4571067.00 ns, 1.1428 ms/op
WorkloadWarmup  10: 4 op, 4483487.00 ns, 1.1209 ms/op
WorkloadWarmup  11: 4 op, 4382929.00 ns, 1.0957 ms/op
WorkloadWarmup  12: 4 op, 9043757.00 ns, 2.2609 ms/op
WorkloadWarmup  13: 4 op, 10050287.00 ns, 2.5126 ms/op
WorkloadWarmup  14: 4 op, 10540696.00 ns, 2.6352 ms/op
WorkloadWarmup  15: 4 op, 4211223.00 ns, 1.0528 ms/op
WorkloadWarmup  16: 4 op, 4442485.00 ns, 1.1106 ms/op
WorkloadWarmup  17: 4 op, 4270682.00 ns, 1.0677 ms/op
WorkloadWarmup  18: 4 op, 4514285.00 ns, 1.1286 ms/op
WorkloadWarmup  19: 4 op, 4265565.00 ns, 1.0664 ms/op
WorkloadWarmup  20: 4 op, 4423344.00 ns, 1.1058 ms/op
WorkloadWarmup  21: 4 op, 4202957.00 ns, 1.0507 ms/op
WorkloadWarmup  22: 4 op, 4547283.00 ns, 1.1368 ms/op
WorkloadWarmup  23: 4 op, 4647452.00 ns, 1.1619 ms/op
WorkloadWarmup  24: 4 op, 4607545.00 ns, 1.1519 ms/op
WorkloadWarmup  25: 4 op, 5514646.00 ns, 1.3787 ms/op

// BeforeActualRun
WorkloadActual   1: 4 op, 4270602.00 ns, 1.0677 ms/op
WorkloadActual   2: 4 op, 4356396.00 ns, 1.0891 ms/op
WorkloadActual   3: 4 op, 4306284.00 ns, 1.0766 ms/op
WorkloadActual   4: 4 op, 4760820.00 ns, 1.1902 ms/op
WorkloadActual   5: 4 op, 4804650.00 ns, 1.2012 ms/op
WorkloadActual   6: 4 op, 4197109.00 ns, 1.0493 ms/op

// AfterActualRun
WorkloadResult   1: 4 op, 4270602.00 ns, 1.0677 ms/op
WorkloadResult   2: 4 op, 4356396.00 ns, 1.0891 ms/op
WorkloadResult   3: 4 op, 4306284.00 ns, 1.0766 ms/op
WorkloadResult   4: 4 op, 4760820.00 ns, 1.1902 ms/op
WorkloadResult   5: 4 op, 4804650.00 ns, 1.2012 ms/op
WorkloadResult   6: 4 op, 4197109.00 ns, 1.0493 ms/op
// GC:  0 0 0 0 4
// Threading:  0 0 4

// AfterAll
// Benchmark Process 21246 has exited with code 0.

Mean = 1.112 ms, StdErr = 0.027 ms (2.42%), N = 6, StdDev = 0.066 ms
Min = 1.049 ms, Q1 = 1.070 ms, Median = 1.083 ms, Q3 = 1.165 ms, Max = 1.201 ms
IQR = 0.095 ms, LowerFence = 0.927 ms, UpperFence = 1.308 ms
ConfidenceInterval = [0.927 ms; 1.297 ms] (CI 99.9%), Margin = 0.185 ms (16.63% of Mean)
Skewness = 0.45, Kurtosis = 1.06, MValue = 2

// ** Remained 10 (83.3 %) benchmark(s) to run. Estimated finish 2026-10-10 8:41 (0h 0m from now) **
// **************************
// Benchmark: CodecSuite.Run: campaign(EvaluateOverhead=False, Clock=Armonik.Ffi.Bdn.CpuClock, IterationCount=6, IterationTime=40ms, LaunchCount=1, RunStrategy=Throughput, WarmupCount=25) [Case=core-(...)etain [42]]
// *** Execute ***
// Launch: 1 / 1
// Execute: dotnet BenchDotNet-campaign-1.dll --anonymousPipes 136 137 --benchmarkName "Armonik.Ffi.Bdn.CodecSuite.Run(Case: \"core-ffi|encode-core-hot|P2.4|ascii|retain\")" --job campaign --benchmarkId 2 in /home/user/ArmoniK.Api/ffi/poc/csharp/src/BenchDotNet/bin/Release/net8.0/BenchDotNet-campaign-1/bin/Release/net8.0
// BeforeAnythingElse

// Benchmark Process Environment Information:
// BenchmarkDotNet v0.15.8
// Runtime=.NET 8.0.31 (8.0.31, 8.0.3126.42015), X64 RyuJIT x86-64-v4
// GC=Concurrent Workstation
// HardwareIntrinsics=AVX512 IFMA+VBMI,AVX512 F+BW+CD+DQ+VL,AVX2+BMI1+BMI2+F16C+FMA+LZCNT+MOVBE,AVX,SSE3+SSSE3+SSE4.1+SSE4.2+POPCNT,X86Base+SSE+SSE2,AES+PCLMUL,AvxVnni,SERIALIZE VectorSize=256
// Job: campaign(EvaluateOverhead=False, Clock=Armonik.Ffi.Bdn.CpuClock, IterationCount=6, IterationTime=40ms, LaunchCount=1, RunStrategy=Throughput, WarmupCount=25)

OverheadJitting  1: 1 op, 324913.00 ns, 324.9130 us/op
WorkloadJitting  1: 1 op, 27322862.00 ns, 27.3229 ms/op

OverheadJitting  2: 1 op, 946.00 ns, 946.0000 ns/op
WorkloadJitting  2: 1 op, 17608781.00 ns, 17.6088 ms/op

WorkloadPilot    1: 4 op, 43934134.00 ns, 10.9835 ms/op

WorkloadWarmup   1: 4 op, 43470836.00 ns, 10.8677 ms/op
WorkloadWarmup   2: 4 op, 42989983.00 ns, 10.7475 ms/op
WorkloadWarmup   3: 4 op, 28795874.00 ns, 7.1990 ms/op
WorkloadWarmup   4: 4 op, 6769001.00 ns, 1.6923 ms/op
WorkloadWarmup   5: 4 op, 6413522.00 ns, 1.6034 ms/op
WorkloadWarmup   6: 4 op, 5790639.00 ns, 1.4477 ms/op
WorkloadWarmup   7: 4 op, 5906723.00 ns, 1.4767 ms/op
WorkloadWarmup   8: 4 op, 5755324.00 ns, 1.4388 ms/op
WorkloadWarmup   9: 4 op, 6070190.00 ns, 1.5175 ms/op
WorkloadWarmup  10: 4 op, 5832198.00 ns, 1.4580 ms/op
WorkloadWarmup  11: 4 op, 12558145.00 ns, 3.1395 ms/op
WorkloadWarmup  12: 4 op, 6162098.00 ns, 1.5405 ms/op
WorkloadWarmup  13: 4 op, 6095472.00 ns, 1.5239 ms/op
WorkloadWarmup  14: 4 op, 5996995.00 ns, 1.4992 ms/op
WorkloadWarmup  15: 4 op, 5961582.00 ns, 1.4904 ms/op
WorkloadWarmup  16: 4 op, 6183915.00 ns, 1.5460 ms/op
WorkloadWarmup  17: 4 op, 6407333.00 ns, 1.6018 ms/op
WorkloadWarmup  18: 4 op, 5947706.00 ns, 1.4869 ms/op
WorkloadWarmup  19: 4 op, 5903853.00 ns, 1.4760 ms/op
WorkloadWarmup  20: 4 op, 6596096.00 ns, 1.6490 ms/op
WorkloadWarmup  21: 4 op, 6488257.00 ns, 1.6221 ms/op
WorkloadWarmup  22: 4 op, 6194907.00 ns, 1.5487 ms/op
WorkloadWarmup  23: 4 op, 9628149.00 ns, 2.4070 ms/op
WorkloadWarmup  24: 4 op, 8597534.00 ns, 2.1494 ms/op
WorkloadWarmup  25: 4 op, 6384590.00 ns, 1.5961 ms/op

// BeforeActualRun
WorkloadActual   1: 4 op, 8337325.00 ns, 2.0843 ms/op
WorkloadActual   2: 4 op, 8693066.00 ns, 2.1733 ms/op
WorkloadActual   3: 4 op, 6256393.00 ns, 1.5641 ms/op
WorkloadActual   4: 4 op, 6857399.00 ns, 1.7143 ms/op
WorkloadActual   5: 4 op, 5900125.00 ns, 1.4750 ms/op
WorkloadActual   6: 4 op, 7794262.00 ns, 1.9486 ms/op

// AfterActualRun
WorkloadResult   1: 4 op, 8337325.00 ns, 2.0843 ms/op
WorkloadResult   2: 4 op, 8693066.00 ns, 2.1733 ms/op
WorkloadResult   3: 4 op, 6256393.00 ns, 1.5641 ms/op
WorkloadResult   4: 4 op, 6857399.00 ns, 1.7143 ms/op
WorkloadResult   5: 4 op, 5900125.00 ns, 1.4750 ms/op
WorkloadResult   6: 4 op, 7794262.00 ns, 1.9486 ms/op
// GC:  0 0 0 0 4
// Threading:  0 0 4

// AfterAll
// Benchmark Process 21255 has exited with code 0.

Mean = 1.827 ms, StdErr = 0.116 ms (6.37%), N = 6, StdDev = 0.285 ms
Min = 1.475 ms, Q1 = 1.602 ms, Median = 1.831 ms, Q3 = 2.050 ms, Max = 2.173 ms
IQR = 0.449 ms, LowerFence = 0.929 ms, UpperFence = 2.723 ms
ConfidenceInterval = [1.027 ms; 2.626 ms] (CI 99.9%), Margin = 0.800 ms (43.78% of Mean)
Skewness = -0.02, Kurtosis = 0.99, MValue = 2

// ** Remained 9 (75.0 %) benchmark(s) to run. Estimated finish 2026-10-10 8:41 (0h 0m from now) **
// **************************
// Benchmark: CodecSuite.Run: campaign(EvaluateOverhead=False, Clock=Armonik.Ffi.Bdn.CpuClock, IterationCount=6, IterationTime=40ms, LaunchCount=1, RunStrategy=Throughput, WarmupCount=25) [Case=core-(...)|drop [41]]
// *** Execute ***
// Launch: 1 / 1
// Execute: dotnet BenchDotNet-campaign-1.dll --anonymousPipes 136 137 --benchmarkName "Armonik.Ffi.Bdn.CodecSuite.Run(Case: \"core-ffi|encode-core-hot|P2.2|latin1|drop\")" --job campaign --benchmarkId 3 in /home/user/ArmoniK.Api/ffi/poc/csharp/src/BenchDotNet/bin/Release/net8.0/BenchDotNet-campaign-1/bin/Release/net8.0
// BeforeAnythingElse

// Benchmark Process Environment Information:
// BenchmarkDotNet v0.15.8
// Runtime=.NET 8.0.31 (8.0.31, 8.0.3126.42015), X64 RyuJIT x86-64-v4
// GC=Concurrent Workstation
// HardwareIntrinsics=AVX512 IFMA+VBMI,AVX512 F+BW+CD+DQ+VL,AVX2+BMI1+BMI2+F16C+FMA+LZCNT+MOVBE,AVX,SSE3+SSSE3+SSE4.1+SSE4.2+POPCNT,X86Base+SSE+SSE2,AES+PCLMUL,AvxVnni,SERIALIZE VectorSize=256
// Job: campaign(EvaluateOverhead=False, Clock=Armonik.Ffi.Bdn.CpuClock, IterationCount=6, IterationTime=40ms, LaunchCount=1, RunStrategy=Throughput, WarmupCount=25)

OverheadJitting  1: 1 op, 313488.00 ns, 313.4880 us/op
WorkloadJitting  1: 1 op, 19992270.00 ns, 19.9923 ms/op

WorkloadPilot    1: 4 op, 38387923.00 ns, 9.5970 ms/op

WorkloadWarmup   1: 4 op, 28610753.00 ns, 7.1527 ms/op
WorkloadWarmup   2: 4 op, 36246571.00 ns, 9.0616 ms/op
WorkloadWarmup   3: 4 op, 28609419.00 ns, 7.1524 ms/op
WorkloadWarmup   4: 4 op, 29659954.00 ns, 7.4150 ms/op
WorkloadWarmup   5: 4 op, 21674401.00 ns, 5.4186 ms/op
WorkloadWarmup   6: 4 op, 4803347.00 ns, 1.2008 ms/op
WorkloadWarmup   7: 4 op, 4518812.00 ns, 1.1297 ms/op
WorkloadWarmup   8: 4 op, 4618866.00 ns, 1.1547 ms/op
WorkloadWarmup   9: 4 op, 4498769.00 ns, 1.1247 ms/op
WorkloadWarmup  10: 4 op, 4534364.00 ns, 1.1336 ms/op
WorkloadWarmup  11: 4 op, 4348322.00 ns, 1.0871 ms/op
WorkloadWarmup  12: 4 op, 4578539.00 ns, 1.1446 ms/op
WorkloadWarmup  13: 4 op, 9547853.00 ns, 2.3870 ms/op
WorkloadWarmup  14: 4 op, 13893953.00 ns, 3.4735 ms/op
WorkloadWarmup  15: 4 op, 9756479.00 ns, 2.4391 ms/op
WorkloadWarmup  16: 4 op, 4214831.00 ns, 1.0537 ms/op
WorkloadWarmup  17: 4 op, 4171425.00 ns, 1.0429 ms/op
WorkloadWarmup  18: 4 op, 4199694.00 ns, 1.0499 ms/op
WorkloadWarmup  19: 4 op, 5032998.00 ns, 1.2582 ms/op
WorkloadWarmup  20: 4 op, 4448763.00 ns, 1.1122 ms/op
WorkloadWarmup  21: 4 op, 4254462.00 ns, 1.0636 ms/op
WorkloadWarmup  22: 4 op, 4253055.00 ns, 1.0633 ms/op
WorkloadWarmup  23: 4 op, 4431922.00 ns, 1.1080 ms/op
WorkloadWarmup  24: 4 op, 12170330.00 ns, 3.0426 ms/op
WorkloadWarmup  25: 4 op, 4346396.00 ns, 1.0866 ms/op

// BeforeActualRun
WorkloadActual   1: 4 op, 4343120.00 ns, 1.0858 ms/op
WorkloadActual   2: 4 op, 4230363.00 ns, 1.0576 ms/op
WorkloadActual   3: 4 op, 4375015.00 ns, 1.0938 ms/op
WorkloadActual   4: 4 op, 4299802.00 ns, 1.0750 ms/op
WorkloadActual   5: 4 op, 4505989.00 ns, 1.1265 ms/op
WorkloadActual   6: 4 op, 4558562.00 ns, 1.1396 ms/op

// AfterActualRun
WorkloadResult   1: 4 op, 4343120.00 ns, 1.0858 ms/op
WorkloadResult   2: 4 op, 4230363.00 ns, 1.0576 ms/op
WorkloadResult   3: 4 op, 4375015.00 ns, 1.0938 ms/op
WorkloadResult   4: 4 op, 4299802.00 ns, 1.0750 ms/op
WorkloadResult   5: 4 op, 4505989.00 ns, 1.1265 ms/op
WorkloadResult   6: 4 op, 4558562.00 ns, 1.1396 ms/op
// GC:  0 0 0 0 4
// Threading:  0 0 4

// AfterAll
// Benchmark Process 21264 has exited with code 0.

Mean = 1.096 ms, StdErr = 0.013 ms (1.16%), N = 6, StdDev = 0.031 ms
Min = 1.058 ms, Q1 = 1.078 ms, Median = 1.090 ms, Q3 = 1.118 ms, Max = 1.140 ms
IQR = 0.041 ms, LowerFence = 1.017 ms, UpperFence = 1.179 ms
ConfidenceInterval = [1.009 ms; 1.184 ms] (CI 99.9%), Margin = 0.087 ms (7.98% of Mean)
Skewness = 0.21, Kurtosis = 1.2, MValue = 2

// ** Remained 8 (66.7 %) benchmark(s) to run. Estimated finish 2026-10-10 8:41 (0h 0m from now) **
// **************************
// Benchmark: CodecSuite.Run: campaign(EvaluateOverhead=False, Clock=Armonik.Ffi.Bdn.CpuClock, IterationCount=6, IterationTime=40ms, LaunchCount=1, RunStrategy=Throughput, WarmupCount=25) [Case=core-(...)|drop [40]]
// *** Execute ***
// Launch: 1 / 1
// Execute: dotnet BenchDotNet-campaign-1.dll --anonymousPipes 136 137 --benchmarkName "Armonik.Ffi.Bdn.CodecSuite.Run(Case: \"core-ffi|encode-core-hot|P2.4|ascii|drop\")" --job campaign --benchmarkId 4 in /home/user/ArmoniK.Api/ffi/poc/csharp/src/BenchDotNet/bin/Release/net8.0/BenchDotNet-campaign-1/bin/Release/net8.0
// BeforeAnythingElse

// Benchmark Process Environment Information:
// BenchmarkDotNet v0.15.8
// Runtime=.NET 8.0.31 (8.0.31, 8.0.3126.42015), X64 RyuJIT x86-64-v4
// GC=Concurrent Workstation
// HardwareIntrinsics=AVX512 IFMA+VBMI,AVX512 F+BW+CD+DQ+VL,AVX2+BMI1+BMI2+F16C+FMA+LZCNT+MOVBE,AVX,SSE3+SSSE3+SSE4.1+SSE4.2+POPCNT,X86Base+SSE+SSE2,AES+PCLMUL,AvxVnni,SERIALIZE VectorSize=256
// Job: campaign(EvaluateOverhead=False, Clock=Armonik.Ffi.Bdn.CpuClock, IterationCount=6, IterationTime=40ms, LaunchCount=1, RunStrategy=Throughput, WarmupCount=25)

OverheadJitting  1: 1 op, 315411.00 ns, 315.4110 us/op
WorkloadJitting  1: 1 op, 24008518.00 ns, 24.0085 ms/op

WorkloadPilot    1: 4 op, 47939801.00 ns, 11.9850 ms/op

WorkloadWarmup   1: 4 op, 44134519.00 ns, 11.0336 ms/op
WorkloadWarmup   2: 4 op, 43938382.00 ns, 10.9846 ms/op
WorkloadWarmup   3: 4 op, 51764371.00 ns, 12.9411 ms/op
WorkloadWarmup   4: 4 op, 14741910.00 ns, 3.6855 ms/op
WorkloadWarmup   5: 4 op, 6305493.00 ns, 1.5764 ms/op
WorkloadWarmup   6: 4 op, 5662199.00 ns, 1.4155 ms/op
WorkloadWarmup   7: 4 op, 5978530.00 ns, 1.4946 ms/op
WorkloadWarmup   8: 4 op, 5664068.00 ns, 1.4160 ms/op
WorkloadWarmup   9: 4 op, 6114932.00 ns, 1.5287 ms/op
WorkloadWarmup  10: 4 op, 6028220.00 ns, 1.5071 ms/op
WorkloadWarmup  11: 4 op, 6487920.00 ns, 1.6220 ms/op
WorkloadWarmup  12: 4 op, 11253097.00 ns, 2.8133 ms/op
WorkloadWarmup  13: 4 op, 5821846.00 ns, 1.4555 ms/op
WorkloadWarmup  14: 4 op, 5680491.00 ns, 1.4201 ms/op
WorkloadWarmup  15: 4 op, 5658954.00 ns, 1.4147 ms/op
WorkloadWarmup  16: 4 op, 5696189.00 ns, 1.4240 ms/op
WorkloadWarmup  17: 4 op, 5671671.00 ns, 1.4179 ms/op
WorkloadWarmup  18: 4 op, 5889789.00 ns, 1.4724 ms/op
WorkloadWarmup  19: 4 op, 6092842.00 ns, 1.5232 ms/op
WorkloadWarmup  20: 4 op, 5762270.00 ns, 1.4406 ms/op
WorkloadWarmup  21: 4 op, 5871819.00 ns, 1.4680 ms/op
WorkloadWarmup  22: 4 op, 5724026.00 ns, 1.4310 ms/op
WorkloadWarmup  23: 4 op, 5885371.00 ns, 1.4713 ms/op
WorkloadWarmup  24: 4 op, 5860181.00 ns, 1.4650 ms/op
WorkloadWarmup  25: 4 op, 5657309.00 ns, 1.4143 ms/op

// BeforeActualRun
WorkloadActual   1: 4 op, 5666514.00 ns, 1.4166 ms/op
WorkloadActual   2: 4 op, 5987835.00 ns, 1.4970 ms/op
WorkloadActual   3: 4 op, 5910896.00 ns, 1.4777 ms/op
WorkloadActual   4: 4 op, 6040966.00 ns, 1.5102 ms/op
WorkloadActual   5: 4 op, 6052036.00 ns, 1.5130 ms/op
WorkloadActual   6: 4 op, 6046760.00 ns, 1.5117 ms/op

// AfterActualRun
WorkloadResult   1: 4 op, 5666514.00 ns, 1.4166 ms/op
WorkloadResult   2: 4 op, 5987835.00 ns, 1.4970 ms/op
WorkloadResult   3: 4 op, 5910896.00 ns, 1.4777 ms/op
WorkloadResult   4: 4 op, 6040966.00 ns, 1.5102 ms/op
WorkloadResult   5: 4 op, 6052036.00 ns, 1.5130 ms/op
WorkloadResult   6: 4 op, 6046760.00 ns, 1.5117 ms/op
// GC:  0 0 0 0 4
// Threading:  0 0 4

// AfterAll
// Benchmark Process 21273 has exited with code 0.

Mean = 1.488 ms, StdErr = 0.015 ms (1.02%), N = 6, StdDev = 0.037 ms
Min = 1.417 ms, Q1 = 1.483 ms, Median = 1.504 ms, Q3 = 1.511 ms, Max = 1.513 ms
IQR = 0.029 ms, LowerFence = 1.439 ms, UpperFence = 1.555 ms
ConfidenceInterval = [1.383 ms; 1.592 ms] (CI 99.9%), Margin = 0.105 ms (7.03% of Mean)
Skewness = -1.02, Kurtosis = 2.28, MValue = 2

// ** Remained 7 (58.3 %) benchmark(s) to run. Estimated finish 2026-10-10 8:41 (0h 0m from now) **
// **************************
// Benchmark: CodecSuite.Run: campaign(EvaluateOverhead=False, Clock=Armonik.Ffi.Bdn.CpuClock, IterationCount=6, IterationTime=40ms, LaunchCount=1, RunStrategy=Throughput, WarmupCount=25) [Case=core-(...)etain [41]]
// *** Execute ***
// Launch: 1 / 1
// Execute: dotnet BenchDotNet-campaign-1.dll --anonymousPipes 136 137 --benchmarkName "Armonik.Ffi.Bdn.CodecSuite.Run(Case: \"core-ffi|encode-core-hot|P2.2|wide|retain\")" --job campaign --benchmarkId 5 in /home/user/ArmoniK.Api/ffi/poc/csharp/src/BenchDotNet/bin/Release/net8.0/BenchDotNet-campaign-1/bin/Release/net8.0
// BeforeAnythingElse

// Benchmark Process Environment Information:
// BenchmarkDotNet v0.15.8
// Runtime=.NET 8.0.31 (8.0.31, 8.0.3126.42015), X64 RyuJIT x86-64-v4
// GC=Concurrent Workstation
// HardwareIntrinsics=AVX512 IFMA+VBMI,AVX512 F+BW+CD+DQ+VL,AVX2+BMI1+BMI2+F16C+FMA+LZCNT+MOVBE,AVX,SSE3+SSSE3+SSE4.1+SSE4.2+POPCNT,X86Base+SSE+SSE2,AES+PCLMUL,AvxVnni,SERIALIZE VectorSize=256
// Job: campaign(EvaluateOverhead=False, Clock=Armonik.Ffi.Bdn.CpuClock, IterationCount=6, IterationTime=40ms, LaunchCount=1, RunStrategy=Throughput, WarmupCount=25)

OverheadJitting  1: 1 op, 263295.00 ns, 263.2950 us/op
WorkloadJitting  1: 1 op, 20701605.00 ns, 20.7016 ms/op

WorkloadPilot    1: 4 op, 51754836.00 ns, 12.9387 ms/op

WorkloadWarmup   1: 4 op, 29849854.00 ns, 7.4625 ms/op
WorkloadWarmup   2: 4 op, 35119262.00 ns, 8.7798 ms/op
WorkloadWarmup   3: 4 op, 28807741.00 ns, 7.2019 ms/op
WorkloadWarmup   4: 4 op, 29175318.00 ns, 7.2938 ms/op
WorkloadWarmup   5: 4 op, 28606948.00 ns, 7.1517 ms/op
WorkloadWarmup   6: 4 op, 24363221.00 ns, 6.0908 ms/op
WorkloadWarmup   7: 4 op, 8004913.00 ns, 2.0012 ms/op
WorkloadWarmup   8: 4 op, 6199462.00 ns, 1.5499 ms/op
WorkloadWarmup   9: 4 op, 5568059.00 ns, 1.3920 ms/op
WorkloadWarmup  10: 4 op, 5148848.00 ns, 1.2872 ms/op
WorkloadWarmup  11: 4 op, 5320029.00 ns, 1.3300 ms/op
WorkloadWarmup  12: 4 op, 5350361.00 ns, 1.3376 ms/op
WorkloadWarmup  13: 4 op, 5677716.00 ns, 1.4194 ms/op
WorkloadWarmup  14: 4 op, 9951929.00 ns, 2.4880 ms/op
WorkloadWarmup  15: 4 op, 11094638.00 ns, 2.7737 ms/op
WorkloadWarmup  16: 4 op, 11223457.00 ns, 2.8059 ms/op
WorkloadWarmup  17: 4 op, 5391860.00 ns, 1.3480 ms/op
WorkloadWarmup  18: 4 op, 5483328.00 ns, 1.3708 ms/op
WorkloadWarmup  19: 4 op, 5541209.00 ns, 1.3853 ms/op
WorkloadWarmup  20: 4 op, 5359918.00 ns, 1.3400 ms/op
WorkloadWarmup  21: 4 op, 5485994.00 ns, 1.3715 ms/op
WorkloadWarmup  22: 4 op, 5347002.00 ns, 1.3368 ms/op
WorkloadWarmup  23: 4 op, 5324847.00 ns, 1.3312 ms/op
WorkloadWarmup  24: 4 op, 5372995.00 ns, 1.3432 ms/op
WorkloadWarmup  25: 4 op, 5273193.00 ns, 1.3183 ms/op

// BeforeActualRun
WorkloadActual   1: 4 op, 5262837.00 ns, 1.3157 ms/op
WorkloadActual   2: 4 op, 5232993.00 ns, 1.3082 ms/op
WorkloadActual   3: 4 op, 5249528.00 ns, 1.3124 ms/op
WorkloadActual   4: 4 op, 5290553.00 ns, 1.3226 ms/op
WorkloadActual   5: 4 op, 5168720.00 ns, 1.2922 ms/op
WorkloadActual   6: 4 op, 5290703.00 ns, 1.3227 ms/op

// AfterActualRun
WorkloadResult   1: 4 op, 5262837.00 ns, 1.3157 ms/op
WorkloadResult   2: 4 op, 5232993.00 ns, 1.3082 ms/op
WorkloadResult   3: 4 op, 5249528.00 ns, 1.3124 ms/op
WorkloadResult   4: 4 op, 5290553.00 ns, 1.3226 ms/op
WorkloadResult   5: 4 op, 5168720.00 ns, 1.2922 ms/op
WorkloadResult   6: 4 op, 5290703.00 ns, 1.3227 ms/op
// GC:  0 0 0 0 4
// Threading:  0 0 4

// AfterAll
// Benchmark Process 21282 has exited with code 0.

Mean = 1.312 ms, StdErr = 0.005 ms (0.35%), N = 6, StdDev = 0.011 ms
Min = 1.292 ms, Q1 = 1.309 ms, Median = 1.314 ms, Q3 = 1.321 ms, Max = 1.323 ms
IQR = 0.012 ms, LowerFence = 1.292 ms, UpperFence = 1.338 ms
ConfidenceInterval = [1.280 ms; 1.344 ms] (CI 99.9%), Margin = 0.032 ms (2.43% of Mean)
Skewness = -0.67, Kurtosis = 1.86, MValue = 2

// ** Remained 6 (50.0 %) benchmark(s) to run. Estimated finish 2026-10-10 8:41 (0h 0m from now) **
// **************************
// Benchmark: CodecSuite.Run: campaign(EvaluateOverhead=False, Clock=Armonik.Ffi.Bdn.CpuClock, IterationCount=6, IterationTime=40ms, LaunchCount=1, RunStrategy=Throughput, WarmupCount=25) [Case=core-(...)|drop [54]]
// *** Execute ***
// Launch: 1 / 1
// Execute: dotnet BenchDotNet-campaign-1.dll --anonymousPipes 136 137 --benchmarkName "Armonik.Ffi.Bdn.CodecSuite.Run(Case: \"core-ffi|encode-core-hot|U-deep-u-repeated|corpus|drop\")" --job campaign --benchmarkId 6 in /home/user/ArmoniK.Api/ffi/poc/csharp/src/BenchDotNet/bin/Release/net8.0/BenchDotNet-campaign-1/bin/Release/net8.0
// BeforeAnythingElse

// Benchmark Process Environment Information:
// BenchmarkDotNet v0.15.8
// Runtime=.NET 8.0.31 (8.0.31, 8.0.3126.42015), X64 RyuJIT x86-64-v4
// GC=Concurrent Workstation
// HardwareIntrinsics=AVX512 IFMA+VBMI,AVX512 F+BW+CD+DQ+VL,AVX2+BMI1+BMI2+F16C+FMA+LZCNT+MOVBE,AVX,SSE3+SSSE3+SSE4.1+SSE4.2+POPCNT,X86Base+SSE+SSE2,AES+PCLMUL,AvxVnni,SERIALIZE VectorSize=256
// Job: campaign(EvaluateOverhead=False, Clock=Armonik.Ffi.Bdn.CpuClock, IterationCount=6, IterationTime=40ms, LaunchCount=1, RunStrategy=Throughput, WarmupCount=25)

OverheadJitting  1: 1 op, 282845.00 ns, 282.8450 us/op
WorkloadJitting  1: 1 op, 10774919.00 ns, 10.7749 ms/op

WorkloadPilot    1: 4 op, 70307.00 ns, 17.5768 us/op
WorkloadPilot    2: 2276 op, 32604299.00 ns, 14.3253 us/op
WorkloadPilot    3: 2792 op, 37199239.00 ns, 13.3235 us/op
WorkloadPilot    4: 3002 op, 39856376.00 ns, 13.2766 us/op
WorkloadPilot    5: 3013 op, 41811968.00 ns, 13.8772 us/op
WorkloadPilot    6: 2882 op, 25611358.00 ns, 8.8867 us/op
WorkloadPilot    7: 4501 op, 12863432.00 ns, 2.8579 us/op
WorkloadPilot    8: 13996 op, 26498121.00 ns, 1.8933 us/op
WorkloadPilot    9: 21128 op, 36463106.00 ns, 1.7258 us/op
WorkloadPilot   10: 23177 op, 39169452.00 ns, 1.6900 us/op
WorkloadPilot   11: 23668 op, 39771641.00 ns, 1.6804 us/op
WorkloadPilot   12: 23804 op, 39906791.00 ns, 1.6765 us/op
WorkloadPilot   13: 23860 op, 40655561.00 ns, 1.7039 us/op
WorkloadPilot   14: 23475 op, 40190974.00 ns, 1.7121 us/op

WorkloadWarmup   1: 23475 op, 40693174.00 ns, 1.7335 us/op
WorkloadWarmup   2: 23475 op, 39859028.00 ns, 1.6979 us/op
WorkloadWarmup   3: 23475 op, 39576106.00 ns, 1.6859 us/op
WorkloadWarmup   4: 23475 op, 39777450.00 ns, 1.6945 us/op
WorkloadWarmup   5: 23475 op, 39411526.00 ns, 1.6789 us/op
WorkloadWarmup   6: 23475 op, 39500894.00 ns, 1.6827 us/op
WorkloadWarmup   7: 23475 op, 40524683.00 ns, 1.7263 us/op
WorkloadWarmup   8: 23475 op, 41037762.00 ns, 1.7481 us/op
WorkloadWarmup   9: 23475 op, 42343423.00 ns, 1.8038 us/op
WorkloadWarmup  10: 23475 op, 39877724.00 ns, 1.6987 us/op
WorkloadWarmup  11: 23475 op, 39370772.00 ns, 1.6771 us/op
WorkloadWarmup  12: 23475 op, 39826420.00 ns, 1.6965 us/op
WorkloadWarmup  13: 23475 op, 41004351.00 ns, 1.7467 us/op
WorkloadWarmup  14: 23475 op, 41244036.00 ns, 1.7569 us/op
WorkloadWarmup  15: 23475 op, 41484102.00 ns, 1.7672 us/op
WorkloadWarmup  16: 23475 op, 40952817.00 ns, 1.7445 us/op
WorkloadWarmup  17: 23475 op, 41766508.00 ns, 1.7792 us/op
WorkloadWarmup  18: 23475 op, 40686050.00 ns, 1.7332 us/op
WorkloadWarmup  19: 23475 op, 48205829.00 ns, 2.0535 us/op
WorkloadWarmup  20: 23475 op, 40807302.00 ns, 1.7383 us/op
WorkloadWarmup  21: 23475 op, 40635567.00 ns, 1.7310 us/op
WorkloadWarmup  22: 23475 op, 41766359.00 ns, 1.7792 us/op
WorkloadWarmup  23: 23475 op, 41245256.00 ns, 1.7570 us/op
WorkloadWarmup  24: 23475 op, 41149852.00 ns, 1.7529 us/op
WorkloadWarmup  25: 23475 op, 42762818.00 ns, 1.8216 us/op

// BeforeActualRun
WorkloadActual   1: 23475 op, 42949217.00 ns, 1.8296 us/op
WorkloadActual   2: 23475 op, 41703395.00 ns, 1.7765 us/op
WorkloadActual   3: 23475 op, 40166545.00 ns, 1.7110 us/op
WorkloadActual   4: 23475 op, 42463681.00 ns, 1.8089 us/op
WorkloadActual   5: 23475 op, 39910996.00 ns, 1.7001 us/op
WorkloadActual   6: 23475 op, 40141320.00 ns, 1.7100 us/op

// AfterActualRun
WorkloadResult   1: 23475 op, 42949217.00 ns, 1.8296 us/op
WorkloadResult   2: 23475 op, 41703395.00 ns, 1.7765 us/op
WorkloadResult   3: 23475 op, 40166545.00 ns, 1.7110 us/op
WorkloadResult   4: 23475 op, 42463681.00 ns, 1.8089 us/op
WorkloadResult   5: 23475 op, 39910996.00 ns, 1.7001 us/op
WorkloadResult   6: 23475 op, 40141320.00 ns, 1.7100 us/op
// GC:  0 0 0 0 23475
// Threading:  0 0 23475

// AfterAll
// Benchmark Process 21294 has exited with code 0.

Mean = 1.756 us, StdErr = 0.023 us (1.31%), N = 6, StdDev = 0.056 us
Min = 1.700 us, Q1 = 1.710 us, Median = 1.744 us, Q3 = 1.801 us, Max = 1.830 us
IQR = 0.091 us, LowerFence = 1.574 us, UpperFence = 1.937 us
ConfidenceInterval = [1.598 us; 1.914 us] (CI 99.9%), Margin = 0.158 us (9.00% of Mean)
Skewness = 0.18, Kurtosis = 0.92, MValue = 2

// ** Remained 5 (41.7 %) benchmark(s) to run. Estimated finish 2026-10-10 8:41 (0h 0m from now) **
// **************************
// Benchmark: CodecSuite.Run: campaign(EvaluateOverhead=False, Clock=Armonik.Ffi.Bdn.CpuClock, IterationCount=6, IterationTime=40ms, LaunchCount=1, RunStrategy=Throughput, WarmupCount=25) [Case=core-(...)|drop [39]]
// *** Execute ***
// Launch: 1 / 1
// Execute: dotnet BenchDotNet-campaign-1.dll --anonymousPipes 136 137 --benchmarkName "Armonik.Ffi.Bdn.CodecSuite.Run(Case: \"core-ffi|encode-core-hot|P2.2|wide|drop\")" --job campaign --benchmarkId 7 in /home/user/ArmoniK.Api/ffi/poc/csharp/src/BenchDotNet/bin/Release/net8.0/BenchDotNet-campaign-1/bin/Release/net8.0
// BeforeAnythingElse

// Benchmark Process Environment Information:
// BenchmarkDotNet v0.15.8
// Runtime=.NET 8.0.31 (8.0.31, 8.0.3126.42015), X64 RyuJIT x86-64-v4
// GC=Concurrent Workstation
// HardwareIntrinsics=AVX512 IFMA+VBMI,AVX512 F+BW+CD+DQ+VL,AVX2+BMI1+BMI2+F16C+FMA+LZCNT+MOVBE,AVX,SSE3+SSSE3+SSE4.1+SSE4.2+POPCNT,X86Base+SSE+SSE2,AES+PCLMUL,AvxVnni,SERIALIZE VectorSize=256
// Job: campaign(EvaluateOverhead=False, Clock=Armonik.Ffi.Bdn.CpuClock, IterationCount=6, IterationTime=40ms, LaunchCount=1, RunStrategy=Throughput, WarmupCount=25)

OverheadJitting  1: 1 op, 265465.00 ns, 265.4650 us/op
WorkloadJitting  1: 1 op, 20424679.00 ns, 20.4247 ms/op

WorkloadPilot    1: 4 op, 37670922.00 ns, 9.4177 ms/op

WorkloadWarmup   1: 4 op, 27789520.00 ns, 6.9474 ms/op
WorkloadWarmup   2: 4 op, 38123445.00 ns, 9.5309 ms/op
WorkloadWarmup   3: 4 op, 30152775.00 ns, 7.5382 ms/op
WorkloadWarmup   4: 4 op, 16877280.00 ns, 4.2193 ms/op
WorkloadWarmup   5: 4 op, 6316144.00 ns, 1.5790 ms/op
WorkloadWarmup   6: 4 op, 4332338.00 ns, 1.0831 ms/op
WorkloadWarmup   7: 4 op, 7137327.00 ns, 1.7843 ms/op
WorkloadWarmup   8: 4 op, 4242971.00 ns, 1.0607 ms/op
WorkloadWarmup   9: 4 op, 4191511.00 ns, 1.0479 ms/op
WorkloadWarmup  10: 4 op, 4185669.00 ns, 1.0464 ms/op
WorkloadWarmup  11: 4 op, 4165921.00 ns, 1.0415 ms/op
WorkloadWarmup  12: 4 op, 4637095.00 ns, 1.1593 ms/op
WorkloadWarmup  13: 4 op, 8712355.00 ns, 2.1781 ms/op
WorkloadWarmup  14: 4 op, 9984942.00 ns, 2.4962 ms/op
WorkloadWarmup  15: 4 op, 9583444.00 ns, 2.3959 ms/op
WorkloadWarmup  16: 4 op, 4410015.00 ns, 1.1025 ms/op
WorkloadWarmup  17: 4 op, 4173020.00 ns, 1.0433 ms/op
WorkloadWarmup  18: 4 op, 4241270.00 ns, 1.0603 ms/op
WorkloadWarmup  19: 4 op, 5285944.00 ns, 1.3215 ms/op
WorkloadWarmup  20: 4 op, 4400147.00 ns, 1.1000 ms/op
WorkloadWarmup  21: 4 op, 4287449.00 ns, 1.0719 ms/op
WorkloadWarmup  22: 4 op, 4078249.00 ns, 1.0196 ms/op
WorkloadWarmup  23: 4 op, 4266793.00 ns, 1.0667 ms/op
WorkloadWarmup  24: 4 op, 5178002.00 ns, 1.2945 ms/op
WorkloadWarmup  25: 4 op, 4746804.00 ns, 1.1867 ms/op

// BeforeActualRun
WorkloadActual   1: 4 op, 4346967.00 ns, 1.0867 ms/op
WorkloadActual   2: 4 op, 4279255.00 ns, 1.0698 ms/op
WorkloadActual   3: 4 op, 4066351.00 ns, 1.0166 ms/op
WorkloadActual   4: 4 op, 4118897.00 ns, 1.0297 ms/op
WorkloadActual   5: 4 op, 4089815.00 ns, 1.0225 ms/op
WorkloadActual   6: 4 op, 4191344.00 ns, 1.0478 ms/op

// AfterActualRun
WorkloadResult   1: 4 op, 4346967.00 ns, 1.0867 ms/op
WorkloadResult   2: 4 op, 4279255.00 ns, 1.0698 ms/op
WorkloadResult   3: 4 op, 4066351.00 ns, 1.0166 ms/op
WorkloadResult   4: 4 op, 4118897.00 ns, 1.0297 ms/op
WorkloadResult   5: 4 op, 4089815.00 ns, 1.0225 ms/op
WorkloadResult   6: 4 op, 4191344.00 ns, 1.0478 ms/op
// GC:  0 0 0 0 4
// Threading:  0 0 4

// AfterAll
// Benchmark Process 21303 has exited with code 0.

Mean = 1.046 ms, StdErr = 0.011 ms (1.09%), N = 6, StdDev = 0.028 ms
Min = 1.017 ms, Q1 = 1.024 ms, Median = 1.039 ms, Q3 = 1.064 ms, Max = 1.087 ms
IQR = 0.040 ms, LowerFence = 0.964 ms, UpperFence = 1.124 ms
ConfidenceInterval = [0.967 ms; 1.124 ms] (CI 99.9%), Margin = 0.078 ms (7.50% of Mean)
Skewness = 0.33, Kurtosis = 1.16, MValue = 2

// ** Remained 4 (33.3 %) benchmark(s) to run. Estimated finish 2026-10-10 8:41 (0h 0m from now) **
// **************************
// Benchmark: CodecSuite.Run: campaign(EvaluateOverhead=False, Clock=Armonik.Ffi.Bdn.CpuClock, IterationCount=6, IterationTime=40ms, LaunchCount=1, RunStrategy=Throughput, WarmupCount=25) [Case=core-(...)etain [42]]
// *** Execute ***
// Launch: 1 / 1
// Execute: dotnet BenchDotNet-campaign-1.dll --anonymousPipes 136 137 --benchmarkName "Armonik.Ffi.Bdn.CodecSuite.Run(Case: \"core-ffi|encode-core-hot|P2.2|ascii|retain\")" --job campaign --benchmarkId 8 in /home/user/ArmoniK.Api/ffi/poc/csharp/src/BenchDotNet/bin/Release/net8.0/BenchDotNet-campaign-1/bin/Release/net8.0
// BeforeAnythingElse

// Benchmark Process Environment Information:
// BenchmarkDotNet v0.15.8
// Runtime=.NET 8.0.31 (8.0.31, 8.0.3126.42015), X64 RyuJIT x86-64-v4
// GC=Concurrent Workstation
// HardwareIntrinsics=AVX512 IFMA+VBMI,AVX512 F+BW+CD+DQ+VL,AVX2+BMI1+BMI2+F16C+FMA+LZCNT+MOVBE,AVX,SSE3+SSSE3+SSE4.1+SSE4.2+POPCNT,X86Base+SSE+SSE2,AES+PCLMUL,AvxVnni,SERIALIZE VectorSize=256
// Job: campaign(EvaluateOverhead=False, Clock=Armonik.Ffi.Bdn.CpuClock, IterationCount=6, IterationTime=40ms, LaunchCount=1, RunStrategy=Throughput, WarmupCount=25)

OverheadJitting  1: 1 op, 308053.00 ns, 308.0530 us/op
WorkloadJitting  1: 1 op, 21627727.00 ns, 21.6277 ms/op

WorkloadPilot    1: 4 op, 40555516.00 ns, 10.1389 ms/op

WorkloadWarmup   1: 4 op, 29899737.00 ns, 7.4749 ms/op
WorkloadWarmup   2: 4 op, 37674764.00 ns, 9.4187 ms/op
WorkloadWarmup   3: 4 op, 29313185.00 ns, 7.3283 ms/op
WorkloadWarmup   4: 4 op, 28868027.00 ns, 7.2170 ms/op
WorkloadWarmup   5: 4 op, 40346585.00 ns, 10.0866 ms/op
WorkloadWarmup   6: 4 op, 20953454.00 ns, 5.2384 ms/op
WorkloadWarmup   7: 4 op, 5797453.00 ns, 1.4494 ms/op
WorkloadWarmup   8: 4 op, 5803168.00 ns, 1.4508 ms/op
WorkloadWarmup   9: 4 op, 5576740.00 ns, 1.3942 ms/op
WorkloadWarmup  10: 4 op, 5468349.00 ns, 1.3671 ms/op
WorkloadWarmup  11: 4 op, 6438351.00 ns, 1.6096 ms/op
WorkloadWarmup  12: 4 op, 5601557.00 ns, 1.4004 ms/op
WorkloadWarmup  13: 4 op, 9163263.00 ns, 2.2908 ms/op
WorkloadWarmup  14: 4 op, 10307587.00 ns, 2.5769 ms/op
WorkloadWarmup  15: 4 op, 12121150.00 ns, 3.0303 ms/op
WorkloadWarmup  16: 4 op, 11655393.00 ns, 2.9138 ms/op
WorkloadWarmup  17: 4 op, 5373609.00 ns, 1.3434 ms/op
WorkloadWarmup  18: 4 op, 5517650.00 ns, 1.3794 ms/op
WorkloadWarmup  19: 4 op, 5607072.00 ns, 1.4018 ms/op
WorkloadWarmup  20: 4 op, 5509777.00 ns, 1.3774 ms/op
WorkloadWarmup  21: 4 op, 5487947.00 ns, 1.3720 ms/op
WorkloadWarmup  22: 4 op, 5131787.00 ns, 1.2829 ms/op
WorkloadWarmup  23: 4 op, 5354135.00 ns, 1.3385 ms/op
WorkloadWarmup  24: 4 op, 5902944.00 ns, 1.4757 ms/op
WorkloadWarmup  25: 4 op, 5322024.00 ns, 1.3305 ms/op

// BeforeActualRun
WorkloadActual   1: 4 op, 5400168.00 ns, 1.3500 ms/op
WorkloadActual   2: 4 op, 5078525.00 ns, 1.2696 ms/op
WorkloadActual   3: 4 op, 5464764.00 ns, 1.3662 ms/op
WorkloadActual   4: 4 op, 5658641.00 ns, 1.4147 ms/op
WorkloadActual   5: 4 op, 5597214.00 ns, 1.3993 ms/op
WorkloadActual   6: 4 op, 10764664.00 ns, 2.6912 ms/op

// AfterActualRun
WorkloadResult   1: 4 op, 5400168.00 ns, 1.3500 ms/op
WorkloadResult   2: 4 op, 5078525.00 ns, 1.2696 ms/op
WorkloadResult   3: 4 op, 5464764.00 ns, 1.3662 ms/op
WorkloadResult   4: 4 op, 5658641.00 ns, 1.4147 ms/op
WorkloadResult   5: 4 op, 5597214.00 ns, 1.3993 ms/op
// GC:  0 0 0 0 4
// Threading:  0 0 4

// AfterAll
// Benchmark Process 21312 has exited with code 0.

Mean = 1.360 ms, StdErr = 0.025 ms (1.86%), N = 5, StdDev = 0.057 ms
Min = 1.270 ms, Q1 = 1.350 ms, Median = 1.366 ms, Q3 = 1.399 ms, Max = 1.415 ms
IQR = 0.049 ms, LowerFence = 1.276 ms, UpperFence = 1.473 ms
ConfidenceInterval = [1.142 ms; 1.578 ms] (CI 99.9%), Margin = 0.218 ms (16.04% of Mean)
Skewness = -0.56, Kurtosis = 1.51, MValue = 2

// ** Remained 3 (25.0 %) benchmark(s) to run. Estimated finish 2026-10-10 8:41 (0h 0m from now) **
// **************************
// Benchmark: CodecSuite.Run: campaign(EvaluateOverhead=False, Clock=Armonik.Ffi.Bdn.CpuClock, IterationCount=6, IterationTime=40ms, LaunchCount=1, RunStrategy=Throughput, WarmupCount=25) [Case=core-(...)|drop [40]]
// *** Execute ***
// Launch: 1 / 1
// Execute: dotnet BenchDotNet-campaign-1.dll --anonymousPipes 136 137 --benchmarkName "Armonik.Ffi.Bdn.CodecSuite.Run(Case: \"core-ffi|encode-core-hot|P2.2|ascii|drop\")" --job campaign --benchmarkId 9 in /home/user/ArmoniK.Api/ffi/poc/csharp/src/BenchDotNet/bin/Release/net8.0/BenchDotNet-campaign-1/bin/Release/net8.0
// BeforeAnythingElse

// Benchmark Process Environment Information:
// BenchmarkDotNet v0.15.8
// Runtime=.NET 8.0.31 (8.0.31, 8.0.3126.42015), X64 RyuJIT x86-64-v4
// GC=Concurrent Workstation
// HardwareIntrinsics=AVX512 IFMA+VBMI,AVX512 F+BW+CD+DQ+VL,AVX2+BMI1+BMI2+F16C+FMA+LZCNT+MOVBE,AVX,SSE3+SSSE3+SSE4.1+SSE4.2+POPCNT,X86Base+SSE+SSE2,AES+PCLMUL,AvxVnni,SERIALIZE VectorSize=256
// Job: campaign(EvaluateOverhead=False, Clock=Armonik.Ffi.Bdn.CpuClock, IterationCount=6, IterationTime=40ms, LaunchCount=1, RunStrategy=Throughput, WarmupCount=25)

OverheadJitting  1: 1 op, 295683.00 ns, 295.6830 us/op
WorkloadJitting  1: 1 op, 25415860.00 ns, 25.4159 ms/op

WorkloadPilot    1: 4 op, 43373893.00 ns, 10.8435 ms/op

WorkloadWarmup   1: 4 op, 28362836.00 ns, 7.0907 ms/op
WorkloadWarmup   2: 4 op, 36139886.00 ns, 9.0350 ms/op
WorkloadWarmup   3: 4 op, 27954789.00 ns, 6.9887 ms/op
WorkloadWarmup   4: 4 op, 28605119.00 ns, 7.1513 ms/op
WorkloadWarmup   5: 4 op, 8778657.00 ns, 2.1947 ms/op
WorkloadWarmup   6: 4 op, 4656794.00 ns, 1.1642 ms/op
WorkloadWarmup   7: 4 op, 4337695.00 ns, 1.0844 ms/op
WorkloadWarmup   8: 4 op, 4635014.00 ns, 1.1588 ms/op
WorkloadWarmup   9: 4 op, 5032468.00 ns, 1.2581 ms/op
WorkloadWarmup  10: 4 op, 4482108.00 ns, 1.1205 ms/op
WorkloadWarmup  11: 4 op, 4406655.00 ns, 1.1017 ms/op
WorkloadWarmup  12: 4 op, 8856663.00 ns, 2.2142 ms/op
WorkloadWarmup  13: 4 op, 18407940.00 ns, 4.6020 ms/op
WorkloadWarmup  14: 4 op, 10401098.00 ns, 2.6003 ms/op
WorkloadWarmup  15: 4 op, 4319524.00 ns, 1.0799 ms/op
WorkloadWarmup  16: 4 op, 4430076.00 ns, 1.1075 ms/op
WorkloadWarmup  17: 4 op, 4278157.00 ns, 1.0695 ms/op
WorkloadWarmup  18: 4 op, 4643675.00 ns, 1.1609 ms/op
WorkloadWarmup  19: 4 op, 4537046.00 ns, 1.1343 ms/op
WorkloadWarmup  20: 4 op, 8895893.00 ns, 2.2240 ms/op
WorkloadWarmup  21: 4 op, 4477898.00 ns, 1.1195 ms/op
WorkloadWarmup  22: 4 op, 4260470.00 ns, 1.0651 ms/op
WorkloadWarmup  23: 4 op, 4206940.00 ns, 1.0517 ms/op
WorkloadWarmup  24: 4 op, 4312593.00 ns, 1.0781 ms/op
WorkloadWarmup  25: 4 op, 4492592.00 ns, 1.1231 ms/op

// BeforeActualRun
WorkloadActual   1: 4 op, 4395831.00 ns, 1.0990 ms/op
WorkloadActual   2: 4 op, 4503975.00 ns, 1.1260 ms/op
WorkloadActual   3: 4 op, 5471688.00 ns, 1.3679 ms/op
WorkloadActual   4: 4 op, 4869585.00 ns, 1.2174 ms/op
WorkloadActual   5: 4 op, 5095707.00 ns, 1.2739 ms/op
WorkloadActual   6: 4 op, 6372443.00 ns, 1.5931 ms/op

// AfterActualRun
WorkloadResult   1: 4 op, 4395831.00 ns, 1.0990 ms/op
WorkloadResult   2: 4 op, 4503975.00 ns, 1.1260 ms/op
WorkloadResult   3: 4 op, 5471688.00 ns, 1.3679 ms/op
WorkloadResult   4: 4 op, 4869585.00 ns, 1.2174 ms/op
WorkloadResult   5: 4 op, 5095707.00 ns, 1.2739 ms/op
WorkloadResult   6: 4 op, 6372443.00 ns, 1.5931 ms/op
// GC:  0 0 0 0 4
// Threading:  0 0 4

// AfterAll
// Benchmark Process 21321 has exited with code 0.

Mean = 1.280 ms, StdErr = 0.074 ms (5.82%), N = 6, StdDev = 0.182 ms
Min = 1.099 ms, Q1 = 1.149 ms, Median = 1.246 ms, Q3 = 1.344 ms, Max = 1.593 ms
IQR = 0.196 ms, LowerFence = 0.855 ms, UpperFence = 1.638 ms
ConfidenceInterval = [0.768 ms; 1.791 ms] (CI 99.9%), Margin = 0.511 ms (39.96% of Mean)
Skewness = 0.6, Kurtosis = 1.71, MValue = 2

// ** Remained 2 (16.7 %) benchmark(s) to run. Estimated finish 2026-10-10 8:41 (0h 0m from now) **
// **************************
// Benchmark: CodecSuite.Run: campaign(EvaluateOverhead=False, Clock=Armonik.Ffi.Bdn.CpuClock, IterationCount=6, IterationTime=40ms, LaunchCount=1, RunStrategy=Throughput, WarmupCount=25) [Case=core-(...)etain [56]]
// *** Execute ***
// Launch: 1 / 1
// Execute: dotnet BenchDotNet-campaign-1.dll --anonymousPipes 136 137 --benchmarkName "Armonik.Ffi.Bdn.CodecSuite.Run(Case: \"core-ffi|encode-core-hot|U-deep-u-repeated|corpus|retain\")" --job campaign --benchmarkId 10 in /home/user/ArmoniK.Api/ffi/poc/csharp/src/BenchDotNet/bin/Release/net8.0/BenchDotNet-campaign-1/bin/Release/net8.0
// BeforeAnythingElse

// Benchmark Process Environment Information:
// BenchmarkDotNet v0.15.8
// Runtime=.NET 8.0.31 (8.0.31, 8.0.3126.42015), X64 RyuJIT x86-64-v4
// GC=Concurrent Workstation
// HardwareIntrinsics=AVX512 IFMA+VBMI,AVX512 F+BW+CD+DQ+VL,AVX2+BMI1+BMI2+F16C+FMA+LZCNT+MOVBE,AVX,SSE3+SSSE3+SSE4.1+SSE4.2+POPCNT,X86Base+SSE+SSE2,AES+PCLMUL,AvxVnni,SERIALIZE VectorSize=256
// Job: campaign(EvaluateOverhead=False, Clock=Armonik.Ffi.Bdn.CpuClock, IterationCount=6, IterationTime=40ms, LaunchCount=1, RunStrategy=Throughput, WarmupCount=25)

OverheadJitting  1: 1 op, 320548.00 ns, 320.5480 us/op
WorkloadJitting  1: 1 op, 16004985.00 ns, 16.0050 ms/op

WorkloadPilot    1: 4 op, 73329.00 ns, 18.3323 us/op
WorkloadPilot    2: 2182 op, 31279284.00 ns, 14.3351 us/op
WorkloadPilot    3: 2790 op, 36762297.00 ns, 13.1765 us/op
WorkloadPilot    4: 3036 op, 40858839.00 ns, 13.4581 us/op
WorkloadPilot    5: 2972 op, 42915357.00 ns, 14.4399 us/op
WorkloadPilot    6: 2770 op, 22404807.00 ns, 8.0884 us/op
WorkloadPilot    7: 4945 op, 19284248.00 ns, 3.8997 us/op
WorkloadPilot    8: 10257 op, 27559810.00 ns, 2.6869 us/op
WorkloadPilot    9: 14887 op, 39918681.00 ns, 2.6814 us/op
WorkloadPilot   10: 14917 op, 41645925.00 ns, 2.7918 us/op

WorkloadWarmup   1: 14917 op, 42771743.00 ns, 2.8673 us/op
WorkloadWarmup   2: 14917 op, 41948138.00 ns, 2.8121 us/op
WorkloadWarmup   3: 14917 op, 45248212.00 ns, 3.0333 us/op
WorkloadWarmup   4: 14917 op, 41740396.00 ns, 2.7982 us/op
WorkloadWarmup   5: 14917 op, 40362736.00 ns, 2.7058 us/op
WorkloadWarmup   6: 14917 op, 39438882.00 ns, 2.6439 us/op
WorkloadWarmup   7: 14917 op, 38945948.00 ns, 2.6108 us/op
WorkloadWarmup   8: 14917 op, 38450899.00 ns, 2.5777 us/op
WorkloadWarmup   9: 14917 op, 39103049.00 ns, 2.6214 us/op
WorkloadWarmup  10: 14917 op, 41802688.00 ns, 2.8024 us/op
WorkloadWarmup  11: 14917 op, 41060097.00 ns, 2.7526 us/op
WorkloadWarmup  12: 14917 op, 39567753.00 ns, 2.6525 us/op
WorkloadWarmup  13: 14917 op, 39318457.00 ns, 2.6358 us/op
WorkloadWarmup  14: 14917 op, 42196412.00 ns, 2.8287 us/op
WorkloadWarmup  15: 14917 op, 42551712.00 ns, 2.8526 us/op
WorkloadWarmup  16: 14917 op, 40717924.00 ns, 2.7296 us/op
WorkloadWarmup  17: 14917 op, 40337506.00 ns, 2.7041 us/op
WorkloadWarmup  18: 14917 op, 42695990.00 ns, 2.8622 us/op
WorkloadWarmup  19: 14917 op, 41570460.00 ns, 2.7868 us/op
WorkloadWarmup  20: 14917 op, 39058408.00 ns, 2.6184 us/op
WorkloadWarmup  21: 14917 op, 39660323.00 ns, 2.6587 us/op
WorkloadWarmup  22: 14917 op, 39551564.00 ns, 2.6514 us/op
WorkloadWarmup  23: 14917 op, 39823806.00 ns, 2.6697 us/op
WorkloadWarmup  24: 14917 op, 39435462.00 ns, 2.6437 us/op
WorkloadWarmup  25: 14917 op, 40825032.00 ns, 2.7368 us/op

// BeforeActualRun
WorkloadActual   1: 14917 op, 40167628.00 ns, 2.6927 us/op
WorkloadActual   2: 14917 op, 42538868.00 ns, 2.8517 us/op
WorkloadActual   3: 14917 op, 39488640.00 ns, 2.6472 us/op
WorkloadActual   4: 14917 op, 38722606.00 ns, 2.5959 us/op
WorkloadActual   5: 14917 op, 42096572.00 ns, 2.8221 us/op
WorkloadActual   6: 14917 op, 44762097.00 ns, 3.0007 us/op

// AfterActualRun
WorkloadResult   1: 14917 op, 40167628.00 ns, 2.6927 us/op
WorkloadResult   2: 14917 op, 42538868.00 ns, 2.8517 us/op
WorkloadResult   3: 14917 op, 39488640.00 ns, 2.6472 us/op
WorkloadResult   4: 14917 op, 38722606.00 ns, 2.5959 us/op
WorkloadResult   5: 14917 op, 42096572.00 ns, 2.8221 us/op
WorkloadResult   6: 14917 op, 44762097.00 ns, 3.0007 us/op
// GC:  0 0 0 0 14917
// Threading:  0 0 14917

// AfterAll
// Benchmark Process 21330 has exited with code 0.

Mean = 2.768 us, StdErr = 0.062 us (2.23%), N = 6, StdDev = 0.151 us
Min = 2.596 us, Q1 = 2.659 us, Median = 2.757 us, Q3 = 2.844 us, Max = 3.001 us
IQR = 0.186 us, LowerFence = 2.380 us, UpperFence = 3.123 us
ConfidenceInterval = [2.345 us; 3.192 us] (CI 99.9%), Margin = 0.423 us (15.29% of Mean)
Skewness = 0.29, Kurtosis = 1.32, MValue = 2

// ** Remained 1 (8.3 %) benchmark(s) to run. Estimated finish 2026-10-10 8:41 (0h 0m from now) **
// **************************
// Benchmark: CodecSuite.Run: campaign(EvaluateOverhead=False, Clock=Armonik.Ffi.Bdn.CpuClock, IterationCount=6, IterationTime=40ms, LaunchCount=1, RunStrategy=Throughput, WarmupCount=25) [Case=core-(...)etain [43]]
// *** Execute ***
// Launch: 1 / 1
// Execute: dotnet BenchDotNet-campaign-1.dll --anonymousPipes 136 137 --benchmarkName "Armonik.Ffi.Bdn.CodecSuite.Run(Case: \"core-ffi|encode-core-hot|P2.2|latin1|retain\")" --job campaign --benchmarkId 11 in /home/user/ArmoniK.Api/ffi/poc/csharp/src/BenchDotNet/bin/Release/net8.0/BenchDotNet-campaign-1/bin/Release/net8.0
// BeforeAnythingElse

// Benchmark Process Environment Information:
// BenchmarkDotNet v0.15.8
// Runtime=.NET 8.0.31 (8.0.31, 8.0.3126.42015), X64 RyuJIT x86-64-v4
// GC=Concurrent Workstation
// HardwareIntrinsics=AVX512 IFMA+VBMI,AVX512 F+BW+CD+DQ+VL,AVX2+BMI1+BMI2+F16C+FMA+LZCNT+MOVBE,AVX,SSE3+SSSE3+SSE4.1+SSE4.2+POPCNT,X86Base+SSE+SSE2,AES+PCLMUL,AvxVnni,SERIALIZE VectorSize=256
// Job: campaign(EvaluateOverhead=False, Clock=Armonik.Ffi.Bdn.CpuClock, IterationCount=6, IterationTime=40ms, LaunchCount=1, RunStrategy=Throughput, WarmupCount=25)

OverheadJitting  1: 1 op, 288816.00 ns, 288.8160 us/op
WorkloadJitting  1: 1 op, 32490280.00 ns, 32.4903 ms/op

OverheadJitting  2: 1 op, 1250.00 ns, 1.2500 us/op
WorkloadJitting  2: 1 op, 7979078.00 ns, 7.9791 ms/op

WorkloadPilot    1: 4 op, 41166185.00 ns, 10.2915 ms/op

WorkloadWarmup   1: 4 op, 36208992.00 ns, 9.0522 ms/op
WorkloadWarmup   2: 4 op, 29779181.00 ns, 7.4448 ms/op
WorkloadWarmup   3: 4 op, 37716352.00 ns, 9.4291 ms/op
WorkloadWarmup   4: 4 op, 12136897.00 ns, 3.0342 ms/op
WorkloadWarmup   5: 4 op, 5599366.00 ns, 1.3998 ms/op
WorkloadWarmup   6: 4 op, 5532927.00 ns, 1.3832 ms/op
WorkloadWarmup   7: 4 op, 5475977.00 ns, 1.3690 ms/op
WorkloadWarmup   8: 4 op, 5251709.00 ns, 1.3129 ms/op
WorkloadWarmup   9: 4 op, 6635030.00 ns, 1.6588 ms/op
WorkloadWarmup  10: 4 op, 5447896.00 ns, 1.3620 ms/op
WorkloadWarmup  11: 4 op, 10352033.00 ns, 2.5880 ms/op
WorkloadWarmup  12: 4 op, 10729184.00 ns, 2.6823 ms/op
WorkloadWarmup  13: 4 op, 11319832.00 ns, 2.8300 ms/op
WorkloadWarmup  14: 4 op, 5473537.00 ns, 1.3684 ms/op
WorkloadWarmup  15: 4 op, 5197358.00 ns, 1.2993 ms/op
WorkloadWarmup  16: 4 op, 5139219.00 ns, 1.2848 ms/op
WorkloadWarmup  17: 4 op, 5317193.00 ns, 1.3293 ms/op
WorkloadWarmup  18: 4 op, 5219082.00 ns, 1.3048 ms/op
WorkloadWarmup  19: 4 op, 5068399.00 ns, 1.2671 ms/op
WorkloadWarmup  20: 4 op, 5153899.00 ns, 1.2885 ms/op
WorkloadWarmup  21: 4 op, 5184072.00 ns, 1.2960 ms/op
WorkloadWarmup  22: 4 op, 5196679.00 ns, 1.2992 ms/op
WorkloadWarmup  23: 4 op, 5130972.00 ns, 1.2827 ms/op
WorkloadWarmup  24: 4 op, 5190028.00 ns, 1.2975 ms/op
WorkloadWarmup  25: 4 op, 5039235.00 ns, 1.2598 ms/op

// BeforeActualRun
WorkloadActual   1: 4 op, 5147650.00 ns, 1.2869 ms/op
WorkloadActual   2: 4 op, 5323232.00 ns, 1.3308 ms/op
WorkloadActual   3: 4 op, 5366967.00 ns, 1.3417 ms/op
WorkloadActual   4: 4 op, 5309227.00 ns, 1.3273 ms/op
WorkloadActual   5: 4 op, 5332216.00 ns, 1.3331 ms/op
WorkloadActual   6: 4 op, 5593251.00 ns, 1.3983 ms/op

// AfterActualRun
WorkloadResult   1: 4 op, 5147650.00 ns, 1.2869 ms/op
WorkloadResult   2: 4 op, 5323232.00 ns, 1.3308 ms/op
WorkloadResult   3: 4 op, 5366967.00 ns, 1.3417 ms/op
WorkloadResult   4: 4 op, 5309227.00 ns, 1.3273 ms/op
WorkloadResult   5: 4 op, 5332216.00 ns, 1.3331 ms/op
// GC:  0 0 0 0 4
// Threading:  0 0 4

// AfterAll
// Benchmark Process 21340 has exited with code 0.

Mean = 1.324 ms, StdErr = 0.010 ms (0.72%), N = 5, StdDev = 0.021 ms
Min = 1.287 ms, Q1 = 1.327 ms, Median = 1.331 ms, Q3 = 1.333 ms, Max = 1.342 ms
IQR = 0.006 ms, LowerFence = 1.319 ms, UpperFence = 1.342 ms
ConfidenceInterval = [1.242 ms; 1.406 ms] (CI 99.9%), Margin = 0.082 ms (6.22% of Mean)
Skewness = -0.9, Kurtosis = 1.91, MValue = 2

// ** Remained 0 (0.0 %) benchmark(s) to run. Estimated finish 2026-10-10 8:41 (0h 0m from now) **
Run time: 00:00:14 (14.8 sec), executed benchmarks: 12

// ***** BenchmarkRunner: Finish  *****

// * Export *
  home/user/ArmoniK.Api/ffi/logs/csharp/opt/s14/grid/r2-dflt-full-r3.jsonl

// * Detailed results *
CodecSuite.Run: campaign(EvaluateOverhead=False, Clock=Armonik.Ffi.Bdn.CpuClock, IterationCount=6, IterationTime=40ms, LaunchCount=1, RunStrategy=Throughput, WarmupCount=25) [Case=core-(...)etain [42]]
Runtime = .NET 8.0.31 (8.0.31, 8.0.3126.42015), X64 RyuJIT x86-64-v4; GC = Concurrent Workstation
Mean = 1.417 ms, StdErr = 0.015 ms (1.04%), N = 6, StdDev = 0.036 ms
Min = 1.387 ms, Q1 = 1.390 ms, Median = 1.401 ms, Q3 = 1.442 ms, Max = 1.471 ms
IQR = 0.052 ms, LowerFence = 1.312 ms, UpperFence = 1.520 ms
ConfidenceInterval = [1.315 ms; 1.518 ms] (CI 99.9%), Margin = 0.101 ms (7.16% of Mean)
Skewness = 0.5, Kurtosis = 1.16, MValue = 2
-------------------- Histogram --------------------
[1.371 ms ; 1.436 ms) | @@@@
[1.436 ms ; 1.497 ms) | @@
---------------------------------------------------

CodecSuite.Run: campaign(EvaluateOverhead=False, Clock=Armonik.Ffi.Bdn.CpuClock, IterationCount=6, IterationTime=40ms, LaunchCount=1, RunStrategy=Throughput, WarmupCount=25) [Case=core-(...)|drop [40]]
Runtime = .NET 8.0.31 (8.0.31, 8.0.3126.42015), X64 RyuJIT x86-64-v4; GC = Concurrent Workstation
Mean = 1.112 ms, StdErr = 0.027 ms (2.42%), N = 6, StdDev = 0.066 ms
Min = 1.049 ms, Q1 = 1.070 ms, Median = 1.083 ms, Q3 = 1.165 ms, Max = 1.201 ms
IQR = 0.095 ms, LowerFence = 0.927 ms, UpperFence = 1.308 ms
ConfidenceInterval = [0.927 ms; 1.297 ms] (CI 99.9%), Margin = 0.185 ms (16.63% of Mean)
Skewness = 0.45, Kurtosis = 1.06, MValue = 2
-------------------- Histogram --------------------
[1.022 ms ; 1.148 ms) | @@@@
[1.148 ms ; 1.249 ms) | @@
---------------------------------------------------

CodecSuite.Run: campaign(EvaluateOverhead=False, Clock=Armonik.Ffi.Bdn.CpuClock, IterationCount=6, IterationTime=40ms, LaunchCount=1, RunStrategy=Throughput, WarmupCount=25) [Case=core-(...)etain [42]]
Runtime = .NET 8.0.31 (8.0.31, 8.0.3126.42015), X64 RyuJIT x86-64-v4; GC = Concurrent Workstation
Mean = 1.827 ms, StdErr = 0.116 ms (6.37%), N = 6, StdDev = 0.285 ms
Min = 1.475 ms, Q1 = 1.602 ms, Median = 1.831 ms, Q3 = 2.050 ms, Max = 2.173 ms
IQR = 0.449 ms, LowerFence = 0.929 ms, UpperFence = 2.723 ms
ConfidenceInterval = [1.027 ms; 2.626 ms] (CI 99.9%), Margin = 0.800 ms (43.78% of Mean)
Skewness = -0.02, Kurtosis = 0.99, MValue = 2
-------------------- Histogram --------------------
[1.389 ms ; 1.855 ms) | @@@
[1.855 ms ; 2.267 ms) | @@@
---------------------------------------------------

CodecSuite.Run: campaign(EvaluateOverhead=False, Clock=Armonik.Ffi.Bdn.CpuClock, IterationCount=6, IterationTime=40ms, LaunchCount=1, RunStrategy=Throughput, WarmupCount=25) [Case=core-(...)etain [42]]
Runtime = .NET 8.0.31 (8.0.31, 8.0.3126.42015), X64 RyuJIT x86-64-v4; GC = Concurrent Workstation
Mean = 1.360 ms, StdErr = 0.025 ms (1.86%), N = 5, StdDev = 0.057 ms
Min = 1.270 ms, Q1 = 1.350 ms, Median = 1.366 ms, Q3 = 1.399 ms, Max = 1.415 ms
IQR = 0.049 ms, LowerFence = 1.276 ms, UpperFence = 1.473 ms
ConfidenceInterval = [1.142 ms; 1.578 ms] (CI 99.9%), Margin = 0.218 ms (16.04% of Mean)
Skewness = -0.56, Kurtosis = 1.51, MValue = 2
-------------------- Histogram --------------------
[1.226 ms ; 1.313 ms) | @
[1.313 ms ; 1.426 ms) | @@@@
---------------------------------------------------

CodecSuite.Run: campaign(EvaluateOverhead=False, Clock=Armonik.Ffi.Bdn.CpuClock, IterationCount=6, IterationTime=40ms, LaunchCount=1, RunStrategy=Throughput, WarmupCount=25) [Case=core-(...)|drop [41]]
Runtime = .NET 8.0.31 (8.0.31, 8.0.3126.42015), X64 RyuJIT x86-64-v4; GC = Concurrent Workstation
Mean = 1.096 ms, StdErr = 0.013 ms (1.16%), N = 6, StdDev = 0.031 ms
Min = 1.058 ms, Q1 = 1.078 ms, Median = 1.090 ms, Q3 = 1.118 ms, Max = 1.140 ms
IQR = 0.041 ms, LowerFence = 1.017 ms, UpperFence = 1.179 ms
ConfidenceInterval = [1.009 ms; 1.184 ms] (CI 99.9%), Margin = 0.087 ms (7.98% of Mean)
Skewness = 0.21, Kurtosis = 1.2, MValue = 2
-------------------- Histogram --------------------
[1.053 ms ; 1.111 ms) | @@@@
[1.111 ms ; 1.162 ms) | @@
---------------------------------------------------

CodecSuite.Run: campaign(EvaluateOverhead=False, Clock=Armonik.Ffi.Bdn.CpuClock, IterationCount=6, IterationTime=40ms, LaunchCount=1, RunStrategy=Throughput, WarmupCount=25) [Case=core-(...)|drop [54]]
Runtime = .NET 8.0.31 (8.0.31, 8.0.3126.42015), X64 RyuJIT x86-64-v4; GC = Concurrent Workstation
Mean = 1.756 us, StdErr = 0.023 us (1.31%), N = 6, StdDev = 0.056 us
Min = 1.700 us, Q1 = 1.710 us, Median = 1.744 us, Q3 = 1.801 us, Max = 1.830 us
IQR = 0.091 us, LowerFence = 1.574 us, UpperFence = 1.937 us
ConfidenceInterval = [1.598 us; 1.914 us] (CI 99.9%), Margin = 0.158 us (9.00% of Mean)
Skewness = 0.18, Kurtosis = 0.92, MValue = 2
-------------------- Histogram --------------------
[1.698 us ; 1.779 us) | @@@@
[1.779 us ; 1.870 us) | @@
---------------------------------------------------

CodecSuite.Run: campaign(EvaluateOverhead=False, Clock=Armonik.Ffi.Bdn.CpuClock, IterationCount=6, IterationTime=40ms, LaunchCount=1, RunStrategy=Throughput, WarmupCount=25) [Case=core-(...)etain [43]]
Runtime = .NET 8.0.31 (8.0.31, 8.0.3126.42015), X64 RyuJIT x86-64-v4; GC = Concurrent Workstation
Mean = 1.324 ms, StdErr = 0.010 ms (0.72%), N = 5, StdDev = 0.021 ms
Min = 1.287 ms, Q1 = 1.327 ms, Median = 1.331 ms, Q3 = 1.333 ms, Max = 1.342 ms
IQR = 0.006 ms, LowerFence = 1.319 ms, UpperFence = 1.342 ms
ConfidenceInterval = [1.242 ms; 1.406 ms] (CI 99.9%), Margin = 0.082 ms (6.22% of Mean)
Skewness = -0.9, Kurtosis = 1.91, MValue = 2
-------------------- Histogram --------------------
[1.270 ms ; 1.303 ms) | @
[1.303 ms ; 1.351 ms) | @@@@
---------------------------------------------------

CodecSuite.Run: campaign(EvaluateOverhead=False, Clock=Armonik.Ffi.Bdn.CpuClock, IterationCount=6, IterationTime=40ms, LaunchCount=1, RunStrategy=Throughput, WarmupCount=25) [Case=core-(...)etain [56]]
Runtime = .NET 8.0.31 (8.0.31, 8.0.3126.42015), X64 RyuJIT x86-64-v4; GC = Concurrent Workstation
Mean = 2.768 us, StdErr = 0.062 us (2.23%), N = 6, StdDev = 0.151 us
Min = 2.596 us, Q1 = 2.659 us, Median = 2.757 us, Q3 = 2.844 us, Max = 3.001 us
IQR = 0.186 us, LowerFence = 2.380 us, UpperFence = 3.123 us
ConfidenceInterval = [2.345 us; 3.192 us] (CI 99.9%), Margin = 0.423 us (15.29% of Mean)
Skewness = 0.29, Kurtosis = 1.32, MValue = 2
-------------------- Histogram --------------------
[2.487 us ; 2.640 us) | @
[2.640 us ; 2.859 us) | @@@@
[2.859 us ; 3.110 us) | @
---------------------------------------------------

CodecSuite.Run: campaign(EvaluateOverhead=False, Clock=Armonik.Ffi.Bdn.CpuClock, IterationCount=6, IterationTime=40ms, LaunchCount=1, RunStrategy=Throughput, WarmupCount=25) [Case=core-(...)|drop [40]]
Runtime = .NET 8.0.31 (8.0.31, 8.0.3126.42015), X64 RyuJIT x86-64-v4; GC = Concurrent Workstation
Mean = 1.488 ms, StdErr = 0.015 ms (1.02%), N = 6, StdDev = 0.037 ms
Min = 1.417 ms, Q1 = 1.483 ms, Median = 1.504 ms, Q3 = 1.511 ms, Max = 1.513 ms
IQR = 0.029 ms, LowerFence = 1.439 ms, UpperFence = 1.555 ms
ConfidenceInterval = [1.383 ms; 1.592 ms] (CI 99.9%), Margin = 0.105 ms (7.03% of Mean)
Skewness = -1.02, Kurtosis = 2.28, MValue = 2
-------------------- Histogram --------------------
[1.390 ms ; 1.444 ms) | @
[1.444 ms ; 1.522 ms) | @@@@@
---------------------------------------------------

CodecSuite.Run: campaign(EvaluateOverhead=False, Clock=Armonik.Ffi.Bdn.CpuClock, IterationCount=6, IterationTime=40ms, LaunchCount=1, RunStrategy=Throughput, WarmupCount=25) [Case=core-(...)|drop [40]]
Runtime = .NET 8.0.31 (8.0.31, 8.0.3126.42015), X64 RyuJIT x86-64-v4; GC = Concurrent Workstation
Mean = 1.280 ms, StdErr = 0.074 ms (5.82%), N = 6, StdDev = 0.182 ms
Min = 1.099 ms, Q1 = 1.149 ms, Median = 1.246 ms, Q3 = 1.344 ms, Max = 1.593 ms
IQR = 0.196 ms, LowerFence = 0.855 ms, UpperFence = 1.638 ms
ConfidenceInterval = [0.768 ms; 1.791 ms] (CI 99.9%), Margin = 0.511 ms (39.96% of Mean)
Skewness = 0.6, Kurtosis = 1.71, MValue = 2
-------------------- Histogram --------------------
[1.055 ms ; 1.318 ms) | @@@@
[1.318 ms ; 1.612 ms) | @@
---------------------------------------------------

CodecSuite.Run: campaign(EvaluateOverhead=False, Clock=Armonik.Ffi.Bdn.CpuClock, IterationCount=6, IterationTime=40ms, LaunchCount=1, RunStrategy=Throughput, WarmupCount=25) [Case=core-(...)etain [41]]
Runtime = .NET 8.0.31 (8.0.31, 8.0.3126.42015), X64 RyuJIT x86-64-v4; GC = Concurrent Workstation
Mean = 1.312 ms, StdErr = 0.005 ms (0.35%), N = 6, StdDev = 0.011 ms
Min = 1.292 ms, Q1 = 1.309 ms, Median = 1.314 ms, Q3 = 1.321 ms, Max = 1.323 ms
IQR = 0.012 ms, LowerFence = 1.292 ms, UpperFence = 1.338 ms
ConfidenceInterval = [1.280 ms; 1.344 ms] (CI 99.9%), Margin = 0.032 ms (2.43% of Mean)
Skewness = -0.67, Kurtosis = 1.86, MValue = 2
-------------------- Histogram --------------------
[1.284 ms ; 1.329 ms) | @@@@@@
---------------------------------------------------

CodecSuite.Run: campaign(EvaluateOverhead=False, Clock=Armonik.Ffi.Bdn.CpuClock, IterationCount=6, IterationTime=40ms, LaunchCount=1, RunStrategy=Throughput, WarmupCount=25) [Case=core-(...)|drop [39]]
Runtime = .NET 8.0.31 (8.0.31, 8.0.3126.42015), X64 RyuJIT x86-64-v4; GC = Concurrent Workstation
Mean = 1.046 ms, StdErr = 0.011 ms (1.09%), N = 6, StdDev = 0.028 ms
Min = 1.017 ms, Q1 = 1.024 ms, Median = 1.039 ms, Q3 = 1.064 ms, Max = 1.087 ms
IQR = 0.040 ms, LowerFence = 0.964 ms, UpperFence = 1.124 ms
ConfidenceInterval = [0.967 ms; 1.124 ms] (CI 99.9%), Margin = 0.078 ms (7.50% of Mean)
Skewness = 0.33, Kurtosis = 1.16, MValue = 2
-------------------- Histogram --------------------
[1.012 ms ; 1.052 ms) | @@@@
[1.052 ms ; 1.098 ms) | @@
---------------------------------------------------

// * Summary *

BenchmarkDotNet v0.15.8, Linux Ubuntu 24.04.4 LTS (Noble Numbat)
Intel Xeon Processor 2.10GHz, 1 CPU, 4 logical and 4 physical cores
.NET SDK 8.0.131
  [Host]   : .NET 8.0.31 (8.0.31, 8.0.3126.42015), X64 RyuJIT x86-64-v4
  campaign : .NET 8.0.31 (8.0.31, 8.0.3126.42015), X64 RyuJIT x86-64-v4

Job=campaign  EvaluateOverhead=False  Clock=Armonik.Ffi.Bdn.CpuClock  
IterationCount=6  IterationTime=40ms  LaunchCount=1  
RunStrategy=Throughput  WarmupCount=25  

| Method | Case                 | Mean         | Error       | StdDev      | Allocated |
|------- |--------------------- |-------------:|------------:|------------:|----------:|
| Run    | core-(...)etain [42] | 1,416.800 us | 101.4659 us |  36.1837 us |         - |
| Run    | core-(...)|drop [40] | 1,112.328 us | 184.9319 us |  65.9485 us |         - |
| Run    | core-(...)etain [42] | 1,826.607 us | 799.6472 us | 285.1619 us |         - |
| Run    | core-(...)etain [42] | 1,359.966 us | 218.1357 us |  56.6491 us |         - |
| Run    | core-(...)|drop [41] | 1,096.369 us |  87.4403 us |  31.1821 us |         - |
| Run    | core-(...)|drop [54] |     1.756 us |   0.1581 us |   0.0564 us |         - |
| Run    | core-(...)etain [43] | 1,323.965 us |  82.3512 us |  21.3864 us |         - |
| Run    | core-(...)etain [56] |     2.768 us |   0.4234 us |   0.1510 us |         - |
| Run    | core-(...)|drop [40] | 1,487.709 us | 104.6273 us |  37.3111 us |         - |
| Run    | core-(...)|drop [40] | 1,279.551 us | 511.2821 us | 182.3281 us |         - |
| Run    | core-(...)etain [41] | 1,312.306 us |  31.9085 us |  11.3789 us |         - |
| Run    | core-(...)|drop [39] | 1,045.526 us |  78.4513 us |  27.9765 us |         - |

// * Legends *
  Case      : Value of the 'Case' parameter
  Mean      : Arithmetic mean of all measurements
  Error     : Half of 99.9% confidence interval
  StdDev    : Standard deviation of all measurements
  Allocated : Allocated memory per single operation (managed only, inclusive, 1KB = 1024B)
  1 us      : 1 Microsecond (0.000001 sec)

// * Diagnostic Output - AkProcessCpu *

// * Diagnostic Output - MemoryDiagnoser *


// ***** BenchmarkRunner: End *****
Global total time: 00:00:35 (35.95 sec), executed benchmarks: 12
// * Artifacts cleanup *
Artifacts cleanup is finished
