# correctness:    SKIPPED: the loaded core is the s14 measurement stub (tc-measure-u16stub), whose UTF-16 output is wrong by design
# engine:         BenchmarkDotNet 0.15.8.0 (CAMPAIGN.md 22a), toolchain BDN's default, ONE CHILD PROCESS PER CASE (the campaign's native isolation, req 22a as amended e6c909630); process CPU per iteration from the child's clock reads, each pair checked against BDN's wall measurement; the JIT tier is NOT read back (the children's JIT events are not visible here), so the jit check below is vacuous in this mode, pinned by the runner
# grid:           core (CAMPAIGN section 4.0, D18; AK_CAMPAIGN_GRID=core): arms incumbent-prod (full build only), core-ffi (FSM decode, D24) and host-gen (retain in the full build, no-unknown in its build); encode-transport-hot (end state ii, one hot graph) and decode-read; the 16 shapes, P7.1 decode only; Latin-1 and wide on P2.2 only; U-* rows U-nested-before, U-deep-u-repeated, U-oneof-u-repeated, U-wire-ListTaskSummaryResponse-tasks-as-wt5, U-wire-UploadResultDataMessage-upload-as-wt5, U-wire-ListMetricsResponse-batches-as-wt0, U-wire-DualResponse-left-as-wt5 (encode-transport-hot and decode-read). Extras left out (AK_CAMPAIGN_GRID=full runs them): incumbent-best, core-ffi-push (push decode), core-ffi-pull, bare decode, encode at end state (i) and with a pool input, decode-reencode, the drop mode, the incumbent in the no-unknown build, content sets on P1.2 and P2.4, the other U-* rows timed (all stay in the correctness checks)
# allocator:      default (readback at process start: a 16 MiB malloc came from the mmapped (mallinfo2; the block kept, never freed); no heap pre-grow (owner, 2026-10-03): BDN's warm-up runs the real call path, and minflt per row shows whether it sufficed; under the default toolchain each child probes once, on its case's first row as alloc_probe; GLIBC_TUNABLES=unset; CAMPAIGN req 25 as amended 2026-10-03, D9: the main figures run glibc's default allocator as production does; the pinned pass (glibc.malloc.trim_threshold=268435456:glibc.malloc.mmap_threshold=33554432) is a labelled diagnostic; every row carries `alloc` and `minflt`, the process's minor page faults over the iteration (getrusage, read by the job's clock beside the CPU clock), so faults per call = minflt / iters)
# runtime:        .NET 8.0.31; TieredCompilation=default TieredPGO=0 (net8.0 defaults unless set); GC server=False, concurrent (default)
# incumbent:      Google.Protobuf 3.32.0
# build:          full (WP5 step 10; the loaded core checked to be the same variant by its u-family exports)
# managed codec:  plan utf8=reject unknown=drop
# job:            launch 2; 6 actual iterations (rounds) per case, 25 warm-up iterations (the same for every case) after BDN's jitting stage (1 overhead + 1 workload jitting invocation per case, logged by BDN in the .bdn.log, not exported) and pilot, iteration time 40 ms (the pilot picks the invocation count per case), strategy Throughput, EvaluateOverhead=false (no overhead subtraction anywhere)
# clocks:         per iteration (every row with round >= 1): wall (Stopwatch) AND process CPU (CLOCK_PROCESS_CPUTIME_ID of this process: every thread, GC and JIT included; CAMPAIGN req 21 as amended, R-H25), both read by the job's clock (CpuClock, Job.WithClock) at the start and end of the same iteration window, exported RAW (no outlier removal, no overhead subtraction); BDN's forced GCs between iterations are outside the window; the round-0 row of each case is a summary of the whole actual stage (span_cpu_ns, span_wall_ns), not a sample
# threads:        thread pool min 2 worker / 1 IO, max 32767 worker / 1000 IO, 0 pool thread(s) now; 2 logical CPUs visible; the codec suite creates no core runtime (no RPC call is made); the timed loop runs on BDN's one thread
# encode:         CAMPAIGN req 11 (R-H29): dir encode = pool input + reused buffer; encode-hot = one graph + reused buffer; encode-transport = pool + the Grpc.Net form; encode-transport-hot = one graph + the Grpc.Net form. Reused buffer: incumbent-prod CalculateSize + WriteTo(IBufferWriter) and incumbent-best WriteTo(IBufferWriter) into one BufWriter, host-gen into its one Enc, core-ffi into the core's encode buffer (ak_encode_*/ak_uencode_*; that buffer is also what cell C hands the core's transport, and host-gen's Enc what cell E hands it, so their transport forms on the core's transport ARE the buffer rows). Grpc.Net form (cells A, F, D): the serializer the RPC grid's marshaller runs (RootOps.SerInc/SerHost/SerFfi), into a frame like Grpc.Net.Client 2.71's GrpcCallSerializationContext: one ArrayPool array, the 5-byte gRPC header, the body, the array returned after (GrpcFrame.cs); incumbent-best has no gRPC path and no transport row. Pool: distinct graphs built in the case's setup whose RETAINED heap is >= 28835840 bytes (2 x AK_LLC_BYTES, default 13.75 MB; AK_POOL_BYTES overrides; per row pool_graphs and pool_bytes), round robin one graph per call; a hot input is a pool of one (the same Next() per call); graph construction is never in the timed window
# U-* rows:       CAMPAIGN req 7 (R-H27): the 92 accepted, non-disputed U-* rows at the shapes core's 7 ABI roots, through this timed shapes core: encode-hot (a graph the arm decoded from the row, untimed; retain arms re-emit the unknown fields, drop arms the dropped form), decode, decode-read, and decode-reencode (a labelled extra; no incumbent-best row)
# content sets:   CAMPAIGN req 7 (R-H26): ascii, latin1 and wide on P1.2, P2.2, P2.4; ascii only elsewhere
# order:          seeded shuffles (below); ratios, where the aggregation forms them, come from per-launch medians (CAMPAIGN req 30): every unit is its own process
# process unit:   all cases; this launch's unit order: core-ffi:drop, core-ffi:retain (a seeded shuffle, seed 15838; within this process the cases run in a seeded shuffle too, seed 209458, the 2 prime cases first; requirement 22 as amended, R-H23)
# warm-up:        BenchmarkDotNet's own, per case: its jitting stage, pilot and the warm-up iterations of the job line (req 24; WP9 addendum: no hand-written pre-warm and no settle wait; the 2 prime cases below are BDN cases); the JIT tier is read back per case and a case that measured hot code at tier 0 fails the unit outside --smoke (the jit check below)
# correctness:    SKIPPED (s14 measurement stub core; wrong UTF-16 output by design) pre-timing checks passed (byte identity of every encode arm per payload and content set; every arm accepts every unknown row; on every unknown row core-ffi retain and host-gen retain re-encode to the incumbent's bytes, i.e. the unknown fields are kept: requirement 10)
# cases:          10 exported, after 2 prime case(s) run first and not exported (copies of the first cases, content "prime"): BDN cases like any other, kept because without them the first case of a process measures BDN's own first-touched runtime helpers (SpanHelpers.Fill) at tier 0 (JOURNAL 51, 62)
# strings:        D21 string encode path AK_STR_ENC=E1R (K 64) (E0 .NET UTF-8 into native staging + ak_tc_bytes; E1 the string pinned + ak_tc_utf16; E2 the C# transcoder callback into the core's buffer; ETH:<n> E1 from n UTF-16 units, E0 below); Cases.Verify checks every path's bytes
# memory:         AK_BDN_MEMORY=1: BenchmarkDotNet's MemoryDiagnoser (an exploration switch, not a campaign setting): one extra workload iteration per case AFTER the actual stage, at the actual stage's invocation count, outside the job's clock (no exported sample is affected); on each case's first sample row mem_alloc_bytes_per_op (GC.GetTotalAllocatedBytes(precise), every thread, divided by its operations), mem_gen = [gen0, gen1, gen2] collections during it, mem_ops its operations, mem_alloc_bytes its total
# cpus:           this process: 2 CPU(s) in its affinity mask (sched_getaffinity), Environment.ProcessorCount 2; single-CPU guard (JOURNAL 73): a timed process (host or BDN child) with ONE CPU is refused unless AK_ALLOW_SINGLE_CPU=1 (here: unset); each case's first row carries cpus_affinity, cpus_runtime and single_cpu_override as its own process saw them
// Validating benchmarks:
// ***** BenchmarkRunner: Start   *****
// ***** Found 12 benchmark(s) in total *****
// ***** Building 1 exe(s) in Parallel: Start   *****
Unable to find .sln or .csproj file. Will use current directory /home/user/ArmoniK.Api/ffi/poc/csharp to search for project file. If you don't use .sln file on purpose it should not be a problem.
// start dotnet  restore --nodeReuse:false /p:UseSharedCompilation=false /p:Deterministic=true /p:Optimize=true /p:ArtifactsPath="/home/user/ArmoniK.Api/ffi/poc/csharp/src/BenchDotNet/bin/Release/net8.0/BenchDotNet-campaign-1/" /p:OutDir="/home/user/ArmoniK.Api/ffi/poc/csharp/src/BenchDotNet/bin/Release/net8.0/BenchDotNet-campaign-1/bin/Release/net8.0/" /p:OutputPath="/home/user/ArmoniK.Api/ffi/poc/csharp/src/BenchDotNet/bin/Release/net8.0/BenchDotNet-campaign-1/bin/Release/net8.0/" /p:PublishDir="/home/user/ArmoniK.Api/ffi/poc/csharp/src/BenchDotNet/bin/Release/net8.0/BenchDotNet-campaign-1/publish/" in /home/user/ArmoniK.Api/ffi/poc/csharp/src/BenchDotNet/bin/Release/net8.0/BenchDotNet-campaign-1
// command took 2.89 sec and exited with 0
// start dotnet  build -c Release --no-restore --nodeReuse:false /p:UseSharedCompilation=false /p:Deterministic=true /p:Optimize=true /p:ArtifactsPath="/home/user/ArmoniK.Api/ffi/poc/csharp/src/BenchDotNet/bin/Release/net8.0/BenchDotNet-campaign-1/" /p:OutDir="/home/user/ArmoniK.Api/ffi/poc/csharp/src/BenchDotNet/bin/Release/net8.0/BenchDotNet-campaign-1/bin/Release/net8.0/" /p:OutputPath="/home/user/ArmoniK.Api/ffi/poc/csharp/src/BenchDotNet/bin/Release/net8.0/BenchDotNet-campaign-1/bin/Release/net8.0/" /p:PublishDir="/home/user/ArmoniK.Api/ffi/poc/csharp/src/BenchDotNet/bin/Release/net8.0/BenchDotNet-campaign-1/publish/" --output "/home/user/ArmoniK.Api/ffi/poc/csharp/src/BenchDotNet/bin/Release/net8.0/BenchDotNet-campaign-1/bin/Release/net8.0/" in /home/user/ArmoniK.Api/ffi/poc/csharp/src/BenchDotNet/bin/Release/net8.0/BenchDotNet-campaign-1
// command took 17 sec and exited with 0
// ***** Done, took 00:00:19 (20 sec)   *****
// Found 12 benchmarks:
//   CodecSuite.Run: campaign(EvaluateOverhead=False, Clock=Armonik.Ffi.Bdn.CpuClock, IterationCount=6, IterationTime=40ms, LaunchCount=1, RunStrategy=Throughput, WarmupCount=25) [Case=core-(...)etain [42]]
//   CodecSuite.Run: campaign(EvaluateOverhead=False, Clock=Armonik.Ffi.Bdn.CpuClock, IterationCount=6, IterationTime=40ms, LaunchCount=1, RunStrategy=Throughput, WarmupCount=25) [Case=core-(...)|drop [40]]
//   CodecSuite.Run: campaign(EvaluateOverhead=False, Clock=Armonik.Ffi.Bdn.CpuClock, IterationCount=6, IterationTime=40ms, LaunchCount=1, RunStrategy=Throughput, WarmupCount=25) [Case=core-(...)etain [42]]
//   CodecSuite.Run: campaign(EvaluateOverhead=False, Clock=Armonik.Ffi.Bdn.CpuClock, IterationCount=6, IterationTime=40ms, LaunchCount=1, RunStrategy=Throughput, WarmupCount=25) [Case=core-(...)etain [41]]
//   CodecSuite.Run: campaign(EvaluateOverhead=False, Clock=Armonik.Ffi.Bdn.CpuClock, IterationCount=6, IterationTime=40ms, LaunchCount=1, RunStrategy=Throughput, WarmupCount=25) [Case=core-(...)etain [56]]
//   CodecSuite.Run: campaign(EvaluateOverhead=False, Clock=Armonik.Ffi.Bdn.CpuClock, IterationCount=6, IterationTime=40ms, LaunchCount=1, RunStrategy=Throughput, WarmupCount=25) [Case=core-(...)|drop [40]]
//   CodecSuite.Run: campaign(EvaluateOverhead=False, Clock=Armonik.Ffi.Bdn.CpuClock, IterationCount=6, IterationTime=40ms, LaunchCount=1, RunStrategy=Throughput, WarmupCount=25) [Case=core-(...)|drop [54]]
//   CodecSuite.Run: campaign(EvaluateOverhead=False, Clock=Armonik.Ffi.Bdn.CpuClock, IterationCount=6, IterationTime=40ms, LaunchCount=1, RunStrategy=Throughput, WarmupCount=25) [Case=core-(...)|drop [40]]
//   CodecSuite.Run: campaign(EvaluateOverhead=False, Clock=Armonik.Ffi.Bdn.CpuClock, IterationCount=6, IterationTime=40ms, LaunchCount=1, RunStrategy=Throughput, WarmupCount=25) [Case=core-(...)etain [43]]
//   CodecSuite.Run: campaign(EvaluateOverhead=False, Clock=Armonik.Ffi.Bdn.CpuClock, IterationCount=6, IterationTime=40ms, LaunchCount=1, RunStrategy=Throughput, WarmupCount=25) [Case=core-(...)|drop [41]]
//   CodecSuite.Run: campaign(EvaluateOverhead=False, Clock=Armonik.Ffi.Bdn.CpuClock, IterationCount=6, IterationTime=40ms, LaunchCount=1, RunStrategy=Throughput, WarmupCount=25) [Case=core-(...)etain [42]]
//   CodecSuite.Run: campaign(EvaluateOverhead=False, Clock=Armonik.Ffi.Bdn.CpuClock, IterationCount=6, IterationTime=40ms, LaunchCount=1, RunStrategy=Throughput, WarmupCount=25) [Case=core-(...)|drop [39]]

// **************************
// Benchmark: CodecSuite.Run: campaign(EvaluateOverhead=False, Clock=Armonik.Ffi.Bdn.CpuClock, IterationCount=6, IterationTime=40ms, LaunchCount=1, RunStrategy=Throughput, WarmupCount=25) [Case=core-(...)etain [42]]
// *** Execute ***
// Launch: 1 / 1
// Execute: dotnet BenchDotNet-campaign-1.dll --anonymousPipes 136 137 --benchmarkName "Armonik.Ffi.Bdn.CodecSuite.Run(Case: \"core-ffi|encode-core-hot|P2.2|prime|retain\")" --job campaign --benchmarkId 0 in /home/user/ArmoniK.Api/ffi/poc/csharp/src/BenchDotNet/bin/Release/net8.0/BenchDotNet-campaign-1/bin/Release/net8.0
// BeforeAnythingElse

// Benchmark Process Environment Information:
// BenchmarkDotNet v0.15.8
// Runtime=.NET 8.0.31 (8.0.31, 8.0.3126.42015), X64 RyuJIT x86-64-v4
// GC=Concurrent Workstation
// HardwareIntrinsics=AVX512 IFMA+VBMI,AVX512 F+BW+CD+DQ+VL,AVX2+BMI1+BMI2+F16C+FMA+LZCNT+MOVBE,AVX,SSE3+SSSE3+SSE4.1+SSE4.2+POPCNT,X86Base+SSE+SSE2,AES+PCLMUL,AvxVnni,SERIALIZE VectorSize=256
// Job: campaign(EvaluateOverhead=False, Clock=Armonik.Ffi.Bdn.CpuClock, IterationCount=6, IterationTime=40ms, LaunchCount=1, RunStrategy=Throughput, WarmupCount=25)

OverheadJitting  1: 1 op, 246234.00 ns, 246.2340 us/op
WorkloadJitting  1: 1 op, 20850544.00 ns, 20.8505 ms/op

WorkloadPilot    1: 4 op, 40195322.00 ns, 10.0488 ms/op

WorkloadWarmup   1: 4 op, 28689322.00 ns, 7.1723 ms/op
WorkloadWarmup   2: 4 op, 35278473.00 ns, 8.8196 ms/op
WorkloadWarmup   3: 4 op, 28183778.00 ns, 7.0459 ms/op
WorkloadWarmup   4: 4 op, 20981938.00 ns, 5.2455 ms/op
WorkloadWarmup   5: 4 op, 6174660.00 ns, 1.5437 ms/op
WorkloadWarmup   6: 4 op, 5900504.00 ns, 1.4751 ms/op
WorkloadWarmup   7: 4 op, 5920665.00 ns, 1.4802 ms/op
WorkloadWarmup   8: 4 op, 5749142.00 ns, 1.4373 ms/op
WorkloadWarmup   9: 4 op, 6050457.00 ns, 1.5126 ms/op
WorkloadWarmup  10: 4 op, 5857893.00 ns, 1.4645 ms/op
WorkloadWarmup  11: 4 op, 6803392.00 ns, 1.7008 ms/op
WorkloadWarmup  12: 4 op, 6236547.00 ns, 1.5591 ms/op
WorkloadWarmup  13: 4 op, 5943700.00 ns, 1.4859 ms/op
WorkloadWarmup  14: 4 op, 5787886.00 ns, 1.4470 ms/op
WorkloadWarmup  15: 4 op, 5830212.00 ns, 1.4576 ms/op
WorkloadWarmup  16: 4 op, 5889808.00 ns, 1.4725 ms/op
WorkloadWarmup  17: 4 op, 5809311.00 ns, 1.4523 ms/op
WorkloadWarmup  18: 4 op, 6057454.00 ns, 1.5144 ms/op
WorkloadWarmup  19: 4 op, 6144853.00 ns, 1.5362 ms/op
WorkloadWarmup  20: 4 op, 5795651.00 ns, 1.4489 ms/op
WorkloadWarmup  21: 4 op, 7916714.00 ns, 1.9792 ms/op
WorkloadWarmup  22: 4 op, 9701245.00 ns, 2.4253 ms/op
WorkloadWarmup  23: 4 op, 8477903.00 ns, 2.1195 ms/op
WorkloadWarmup  24: 4 op, 6041953.00 ns, 1.5105 ms/op
WorkloadWarmup  25: 4 op, 5902344.00 ns, 1.4756 ms/op

// BeforeActualRun
WorkloadActual   1: 4 op, 6327247.00 ns, 1.5818 ms/op
WorkloadActual   2: 4 op, 6590647.00 ns, 1.6477 ms/op
WorkloadActual   3: 4 op, 6035793.00 ns, 1.5089 ms/op
WorkloadActual   4: 4 op, 5974331.00 ns, 1.4936 ms/op
WorkloadActual   5: 4 op, 5981800.00 ns, 1.4955 ms/op
WorkloadActual   6: 4 op, 6023355.00 ns, 1.5058 ms/op

// AfterActualRun
WorkloadResult   1: 4 op, 6327247.00 ns, 1.5818 ms/op
WorkloadResult   2: 4 op, 6590647.00 ns, 1.6477 ms/op
WorkloadResult   3: 4 op, 6035793.00 ns, 1.5089 ms/op
WorkloadResult   4: 4 op, 5974331.00 ns, 1.4936 ms/op
WorkloadResult   5: 4 op, 5981800.00 ns, 1.4955 ms/op
WorkloadResult   6: 4 op, 6023355.00 ns, 1.5058 ms/op
// GC:  0 0 0 0 4
// Threading:  0 0 4

// AfterAll
// Benchmark Process 16831 has exited with code 0.

Mean = 1.539 ms, StdErr = 0.026 ms (1.66%), N = 6, StdDev = 0.063 ms
Min = 1.494 ms, Q1 = 1.498 ms, Median = 1.507 ms, Q3 = 1.564 ms, Max = 1.648 ms
IQR = 0.066 ms, LowerFence = 1.400 ms, UpperFence = 1.662 ms
ConfidenceInterval = [1.363 ms; 1.714 ms] (CI 99.9%), Margin = 0.176 ms (11.41% of Mean)
Skewness = 0.77, Kurtosis = 1.66, MValue = 2

// ** Remained 11 (91.7 %) benchmark(s) to run. Estimated finish 2026-10-10 8:23 (0h 0m from now) **
// **************************
// Benchmark: CodecSuite.Run: campaign(EvaluateOverhead=False, Clock=Armonik.Ffi.Bdn.CpuClock, IterationCount=6, IterationTime=40ms, LaunchCount=1, RunStrategy=Throughput, WarmupCount=25) [Case=core-(...)|drop [40]]
// *** Execute ***
// Launch: 1 / 1
// Execute: dotnet BenchDotNet-campaign-1.dll --anonymousPipes 136 137 --benchmarkName "Armonik.Ffi.Bdn.CodecSuite.Run(Case: \"core-ffi|encode-core-hot|P2.2|prime|drop\")" --job campaign --benchmarkId 1 in /home/user/ArmoniK.Api/ffi/poc/csharp/src/BenchDotNet/bin/Release/net8.0/BenchDotNet-campaign-1/bin/Release/net8.0
// BeforeAnythingElse

// Benchmark Process Environment Information:
// BenchmarkDotNet v0.15.8
// Runtime=.NET 8.0.31 (8.0.31, 8.0.3126.42015), X64 RyuJIT x86-64-v4
// GC=Concurrent Workstation
// HardwareIntrinsics=AVX512 IFMA+VBMI,AVX512 F+BW+CD+DQ+VL,AVX2+BMI1+BMI2+F16C+FMA+LZCNT+MOVBE,AVX,SSE3+SSSE3+SSE4.1+SSE4.2+POPCNT,X86Base+SSE+SSE2,AES+PCLMUL,AvxVnni,SERIALIZE VectorSize=256
// Job: campaign(EvaluateOverhead=False, Clock=Armonik.Ffi.Bdn.CpuClock, IterationCount=6, IterationTime=40ms, LaunchCount=1, RunStrategy=Throughput, WarmupCount=25)

OverheadJitting  1: 1 op, 291898.00 ns, 291.8980 us/op
WorkloadJitting  1: 1 op, 20306056.00 ns, 20.3061 ms/op

WorkloadPilot    1: 4 op, 37320940.00 ns, 9.3302 ms/op

WorkloadWarmup   1: 4 op, 27450662.00 ns, 6.8627 ms/op
WorkloadWarmup   2: 4 op, 33891055.00 ns, 8.4728 ms/op
WorkloadWarmup   3: 4 op, 27744344.00 ns, 6.9361 ms/op
WorkloadWarmup   4: 4 op, 28313410.00 ns, 7.0784 ms/op
WorkloadWarmup   5: 4 op, 27912325.00 ns, 6.9781 ms/op
WorkloadWarmup   6: 4 op, 12693700.00 ns, 3.1734 ms/op
WorkloadWarmup   7: 4 op, 5465810.00 ns, 1.3665 ms/op
WorkloadWarmup   8: 4 op, 5006528.00 ns, 1.2516 ms/op
WorkloadWarmup   9: 4 op, 5074241.00 ns, 1.2686 ms/op
WorkloadWarmup  10: 4 op, 5002447.00 ns, 1.2506 ms/op
WorkloadWarmup  11: 4 op, 5005118.00 ns, 1.2513 ms/op
WorkloadWarmup  12: 4 op, 5045626.00 ns, 1.2614 ms/op
WorkloadWarmup  13: 4 op, 5915675.00 ns, 1.4789 ms/op
WorkloadWarmup  14: 4 op, 5004212.00 ns, 1.2511 ms/op
WorkloadWarmup  15: 4 op, 5277007.00 ns, 1.3193 ms/op
WorkloadWarmup  16: 4 op, 4917443.00 ns, 1.2294 ms/op
WorkloadWarmup  17: 4 op, 4963282.00 ns, 1.2408 ms/op
WorkloadWarmup  18: 4 op, 5594462.00 ns, 1.3986 ms/op
WorkloadWarmup  19: 4 op, 4925180.00 ns, 1.2313 ms/op
WorkloadWarmup  20: 4 op, 5084641.00 ns, 1.2712 ms/op
WorkloadWarmup  21: 4 op, 5013640.00 ns, 1.2534 ms/op
WorkloadWarmup  22: 4 op, 4925547.00 ns, 1.2314 ms/op
WorkloadWarmup  23: 4 op, 5063596.00 ns, 1.2659 ms/op
WorkloadWarmup  24: 4 op, 5086417.00 ns, 1.2716 ms/op
WorkloadWarmup  25: 4 op, 5708917.00 ns, 1.4272 ms/op

// BeforeActualRun
WorkloadActual   1: 4 op, 5440198.00 ns, 1.3600 ms/op
WorkloadActual   2: 4 op, 4974255.00 ns, 1.2436 ms/op
WorkloadActual   3: 4 op, 21876766.00 ns, 5.4692 ms/op
WorkloadActual   4: 4 op, 5250074.00 ns, 1.3125 ms/op
WorkloadActual   5: 4 op, 5024913.00 ns, 1.2562 ms/op
WorkloadActual   6: 4 op, 4998095.00 ns, 1.2495 ms/op

// AfterActualRun
WorkloadResult   1: 4 op, 5440198.00 ns, 1.3600 ms/op
WorkloadResult   2: 4 op, 4974255.00 ns, 1.2436 ms/op
WorkloadResult   3: 4 op, 5250074.00 ns, 1.3125 ms/op
WorkloadResult   4: 4 op, 5024913.00 ns, 1.2562 ms/op
WorkloadResult   5: 4 op, 4998095.00 ns, 1.2495 ms/op
// GC:  0 0 0 0 4
// Threading:  0 0 4

// AfterAll
// Benchmark Process 16841 has exited with code 0.

Mean = 1.284 ms, StdErr = 0.023 ms (1.76%), N = 5, StdDev = 0.050 ms
Min = 1.244 ms, Q1 = 1.250 ms, Median = 1.256 ms, Q3 = 1.313 ms, Max = 1.360 ms
IQR = 0.063 ms, LowerFence = 1.155 ms, UpperFence = 1.407 ms
ConfidenceInterval = [1.090 ms; 1.479 ms] (CI 99.9%), Margin = 0.194 ms (15.13% of Mean)
Skewness = 0.5, Kurtosis = 1.18, MValue = 2

// ** Remained 10 (83.3 %) benchmark(s) to run. Estimated finish 2026-10-10 8:23 (0h 0m from now) **
// **************************
// Benchmark: CodecSuite.Run: campaign(EvaluateOverhead=False, Clock=Armonik.Ffi.Bdn.CpuClock, IterationCount=6, IterationTime=40ms, LaunchCount=1, RunStrategy=Throughput, WarmupCount=25) [Case=core-(...)etain [42]]
// *** Execute ***
// Launch: 1 / 1
// Execute: dotnet BenchDotNet-campaign-1.dll --anonymousPipes 136 137 --benchmarkName "Armonik.Ffi.Bdn.CodecSuite.Run(Case: \"core-ffi|encode-core-hot|P2.4|ascii|retain\")" --job campaign --benchmarkId 2 in /home/user/ArmoniK.Api/ffi/poc/csharp/src/BenchDotNet/bin/Release/net8.0/BenchDotNet-campaign-1/bin/Release/net8.0
// BeforeAnythingElse

// Benchmark Process Environment Information:
// BenchmarkDotNet v0.15.8
// Runtime=.NET 8.0.31 (8.0.31, 8.0.3126.42015), X64 RyuJIT x86-64-v4
// GC=Concurrent Workstation
// HardwareIntrinsics=AVX512 IFMA+VBMI,AVX512 F+BW+CD+DQ+VL,AVX2+BMI1+BMI2+F16C+FMA+LZCNT+MOVBE,AVX,SSE3+SSSE3+SSE4.1+SSE4.2+POPCNT,X86Base+SSE+SSE2,AES+PCLMUL,AvxVnni,SERIALIZE VectorSize=256
// Job: campaign(EvaluateOverhead=False, Clock=Armonik.Ffi.Bdn.CpuClock, IterationCount=6, IterationTime=40ms, LaunchCount=1, RunStrategy=Throughput, WarmupCount=25)

OverheadJitting  1: 1 op, 254765.00 ns, 254.7650 us/op
WorkloadJitting  1: 1 op, 25482624.00 ns, 25.4826 ms/op

WorkloadPilot    1: 4 op, 52285518.00 ns, 13.0714 ms/op

WorkloadWarmup   1: 4 op, 44394257.00 ns, 11.0986 ms/op
WorkloadWarmup   2: 4 op, 44343854.00 ns, 11.0860 ms/op
WorkloadWarmup   3: 4 op, 41762983.00 ns, 10.4407 ms/op
WorkloadWarmup   4: 4 op, 10887070.00 ns, 2.7218 ms/op
WorkloadWarmup   5: 4 op, 6738345.00 ns, 1.6846 ms/op
WorkloadWarmup   6: 4 op, 6786641.00 ns, 1.6967 ms/op
WorkloadWarmup   7: 4 op, 6830614.00 ns, 1.7077 ms/op
WorkloadWarmup   8: 4 op, 6850254.00 ns, 1.7126 ms/op
WorkloadWarmup   9: 4 op, 7018661.00 ns, 1.7547 ms/op
WorkloadWarmup  10: 4 op, 6675653.00 ns, 1.6689 ms/op
WorkloadWarmup  11: 4 op, 7398957.00 ns, 1.8497 ms/op
WorkloadWarmup  12: 4 op, 6954746.00 ns, 1.7387 ms/op
WorkloadWarmup  13: 4 op, 6512517.00 ns, 1.6281 ms/op
WorkloadWarmup  14: 4 op, 6417646.00 ns, 1.6044 ms/op
WorkloadWarmup  15: 4 op, 6533297.00 ns, 1.6333 ms/op
WorkloadWarmup  16: 4 op, 6515127.00 ns, 1.6288 ms/op
WorkloadWarmup  17: 4 op, 6538586.00 ns, 1.6346 ms/op
WorkloadWarmup  18: 4 op, 6545676.00 ns, 1.6364 ms/op
WorkloadWarmup  19: 4 op, 6884098.00 ns, 1.7210 ms/op
WorkloadWarmup  20: 4 op, 6948211.00 ns, 1.7371 ms/op
WorkloadWarmup  21: 4 op, 7533929.00 ns, 1.8835 ms/op
WorkloadWarmup  22: 4 op, 6834092.00 ns, 1.7085 ms/op
WorkloadWarmup  23: 4 op, 6460356.00 ns, 1.6151 ms/op
WorkloadWarmup  24: 4 op, 6435690.00 ns, 1.6089 ms/op
WorkloadWarmup  25: 4 op, 6489023.00 ns, 1.6223 ms/op

// BeforeActualRun
WorkloadActual   1: 4 op, 6745993.00 ns, 1.6865 ms/op
WorkloadActual   2: 4 op, 6675900.00 ns, 1.6690 ms/op
WorkloadActual   3: 4 op, 6664123.00 ns, 1.6660 ms/op
WorkloadActual   4: 4 op, 6695157.00 ns, 1.6738 ms/op
WorkloadActual   5: 4 op, 6759937.00 ns, 1.6900 ms/op
WorkloadActual   6: 4 op, 6924426.00 ns, 1.7311 ms/op

// AfterActualRun
WorkloadResult   1: 4 op, 6745993.00 ns, 1.6865 ms/op
WorkloadResult   2: 4 op, 6675900.00 ns, 1.6690 ms/op
WorkloadResult   3: 4 op, 6664123.00 ns, 1.6660 ms/op
WorkloadResult   4: 4 op, 6695157.00 ns, 1.6738 ms/op
WorkloadResult   5: 4 op, 6759937.00 ns, 1.6900 ms/op
// GC:  0 0 0 0 4
// Threading:  0 0 4

// AfterAll
// Benchmark Process 16850 has exited with code 0.

Mean = 1.677 ms, StdErr = 0.005 ms (0.28%), N = 5, StdDev = 0.011 ms
Min = 1.666 ms, Q1 = 1.669 ms, Median = 1.674 ms, Q3 = 1.686 ms, Max = 1.690 ms
IQR = 0.018 ms, LowerFence = 1.643 ms, UpperFence = 1.713 ms
ConfidenceInterval = [1.636 ms; 1.718 ms] (CI 99.9%), Margin = 0.041 ms (2.45% of Mean)
Skewness = 0.18, Kurtosis = 0.86, MValue = 2

// ** Remained 9 (75.0 %) benchmark(s) to run. Estimated finish 2026-10-10 8:23 (0h 0m from now) **
// **************************
// Benchmark: CodecSuite.Run: campaign(EvaluateOverhead=False, Clock=Armonik.Ffi.Bdn.CpuClock, IterationCount=6, IterationTime=40ms, LaunchCount=1, RunStrategy=Throughput, WarmupCount=25) [Case=core-(...)etain [41]]
// *** Execute ***
// Launch: 1 / 1
// Execute: dotnet BenchDotNet-campaign-1.dll --anonymousPipes 136 137 --benchmarkName "Armonik.Ffi.Bdn.CodecSuite.Run(Case: \"core-ffi|encode-core-hot|P2.2|wide|retain\")" --job campaign --benchmarkId 3 in /home/user/ArmoniK.Api/ffi/poc/csharp/src/BenchDotNet/bin/Release/net8.0/BenchDotNet-campaign-1/bin/Release/net8.0
// BeforeAnythingElse

// Benchmark Process Environment Information:
// BenchmarkDotNet v0.15.8
// Runtime=.NET 8.0.31 (8.0.31, 8.0.3126.42015), X64 RyuJIT x86-64-v4
// GC=Concurrent Workstation
// HardwareIntrinsics=AVX512 IFMA+VBMI,AVX512 F+BW+CD+DQ+VL,AVX2+BMI1+BMI2+F16C+FMA+LZCNT+MOVBE,AVX,SSE3+SSSE3+SSE4.1+SSE4.2+POPCNT,X86Base+SSE+SSE2,AES+PCLMUL,AvxVnni,SERIALIZE VectorSize=256
// Job: campaign(EvaluateOverhead=False, Clock=Armonik.Ffi.Bdn.CpuClock, IterationCount=6, IterationTime=40ms, LaunchCount=1, RunStrategy=Throughput, WarmupCount=25)

OverheadJitting  1: 1 op, 253555.00 ns, 253.5550 us/op
WorkloadJitting  1: 1 op, 20377807.00 ns, 20.3778 ms/op

WorkloadPilot    1: 4 op, 51795378.00 ns, 12.9488 ms/op

WorkloadWarmup   1: 4 op, 28491008.00 ns, 7.1228 ms/op
WorkloadWarmup   2: 4 op, 37829557.00 ns, 9.4574 ms/op
WorkloadWarmup   3: 4 op, 30418092.00 ns, 7.6045 ms/op
WorkloadWarmup   4: 4 op, 12281233.00 ns, 3.0703 ms/op
WorkloadWarmup   5: 4 op, 6969289.00 ns, 1.7423 ms/op
WorkloadWarmup   6: 4 op, 7555714.00 ns, 1.8889 ms/op
WorkloadWarmup   7: 4 op, 6588687.00 ns, 1.6472 ms/op
WorkloadWarmup   8: 4 op, 5983859.00 ns, 1.4960 ms/op
WorkloadWarmup   9: 4 op, 5855620.00 ns, 1.4639 ms/op
WorkloadWarmup  10: 4 op, 6150777.00 ns, 1.5377 ms/op
WorkloadWarmup  11: 4 op, 6481354.00 ns, 1.6203 ms/op
WorkloadWarmup  12: 4 op, 7433521.00 ns, 1.8584 ms/op
WorkloadWarmup  13: 4 op, 6191777.00 ns, 1.5479 ms/op
WorkloadWarmup  14: 4 op, 6284664.00 ns, 1.5712 ms/op
WorkloadWarmup  15: 4 op, 6060622.00 ns, 1.5152 ms/op
WorkloadWarmup  16: 4 op, 6230625.00 ns, 1.5577 ms/op
WorkloadWarmup  17: 4 op, 6197547.00 ns, 1.5494 ms/op
WorkloadWarmup  18: 4 op, 6168690.00 ns, 1.5422 ms/op
WorkloadWarmup  19: 4 op, 6170893.00 ns, 1.5427 ms/op
WorkloadWarmup  20: 4 op, 6512518.00 ns, 1.6281 ms/op
WorkloadWarmup  21: 4 op, 6120630.00 ns, 1.5302 ms/op
WorkloadWarmup  22: 4 op, 6112646.00 ns, 1.5282 ms/op
WorkloadWarmup  23: 4 op, 6321042.00 ns, 1.5803 ms/op
WorkloadWarmup  24: 4 op, 6657012.00 ns, 1.6643 ms/op
WorkloadWarmup  25: 4 op, 6916888.00 ns, 1.7292 ms/op

// BeforeActualRun
WorkloadActual   1: 4 op, 6230262.00 ns, 1.5576 ms/op
WorkloadActual   2: 4 op, 5979325.00 ns, 1.4948 ms/op
WorkloadActual   3: 4 op, 6050987.00 ns, 1.5127 ms/op
WorkloadActual   4: 4 op, 6210170.00 ns, 1.5525 ms/op
WorkloadActual   5: 4 op, 6106863.00 ns, 1.5267 ms/op
WorkloadActual   6: 4 op, 6064420.00 ns, 1.5161 ms/op

// AfterActualRun
WorkloadResult   1: 4 op, 6230262.00 ns, 1.5576 ms/op
WorkloadResult   2: 4 op, 5979325.00 ns, 1.4948 ms/op
WorkloadResult   3: 4 op, 6050987.00 ns, 1.5127 ms/op
WorkloadResult   4: 4 op, 6210170.00 ns, 1.5525 ms/op
WorkloadResult   5: 4 op, 6106863.00 ns, 1.5267 ms/op
WorkloadResult   6: 4 op, 6064420.00 ns, 1.5161 ms/op
// GC:  0 0 0 0 4
// Threading:  0 0 4

// AfterAll
// Benchmark Process 16860 has exited with code 0.

Mean = 1.527 ms, StdErr = 0.010 ms (0.65%), N = 6, StdDev = 0.024 ms
Min = 1.495 ms, Q1 = 1.514 ms, Median = 1.521 ms, Q3 = 1.546 ms, Max = 1.558 ms
IQR = 0.032 ms, LowerFence = 1.465 ms, UpperFence = 1.595 ms
ConfidenceInterval = [1.459 ms; 1.595 ms] (CI 99.9%), Margin = 0.068 ms (4.46% of Mean)
Skewness = 0.12, Kurtosis = 1.17, MValue = 2

// ** Remained 8 (66.7 %) benchmark(s) to run. Estimated finish 2026-10-10 8:23 (0h 0m from now) **
// **************************
// Benchmark: CodecSuite.Run: campaign(EvaluateOverhead=False, Clock=Armonik.Ffi.Bdn.CpuClock, IterationCount=6, IterationTime=40ms, LaunchCount=1, RunStrategy=Throughput, WarmupCount=25) [Case=core-(...)etain [56]]
// *** Execute ***
// Launch: 1 / 1
// Execute: dotnet BenchDotNet-campaign-1.dll --anonymousPipes 136 137 --benchmarkName "Armonik.Ffi.Bdn.CodecSuite.Run(Case: \"core-ffi|encode-core-hot|U-deep-u-repeated|corpus|retain\")" --job campaign --benchmarkId 4 in /home/user/ArmoniK.Api/ffi/poc/csharp/src/BenchDotNet/bin/Release/net8.0/BenchDotNet-campaign-1/bin/Release/net8.0
// BeforeAnythingElse

// Benchmark Process Environment Information:
// BenchmarkDotNet v0.15.8
// Runtime=.NET 8.0.31 (8.0.31, 8.0.3126.42015), X64 RyuJIT x86-64-v4
// GC=Concurrent Workstation
// HardwareIntrinsics=AVX512 IFMA+VBMI,AVX512 F+BW+CD+DQ+VL,AVX2+BMI1+BMI2+F16C+FMA+LZCNT+MOVBE,AVX,SSE3+SSSE3+SSE4.1+SSE4.2+POPCNT,X86Base+SSE+SSE2,AES+PCLMUL,AvxVnni,SERIALIZE VectorSize=256
// Job: campaign(EvaluateOverhead=False, Clock=Armonik.Ffi.Bdn.CpuClock, IterationCount=6, IterationTime=40ms, LaunchCount=1, RunStrategy=Throughput, WarmupCount=25)

OverheadJitting  1: 1 op, 247336.00 ns, 247.3360 us/op
WorkloadJitting  1: 1 op, 11421772.00 ns, 11.4218 ms/op

WorkloadPilot    1: 4 op, 97866.00 ns, 24.4665 us/op
WorkloadPilot    2: 1635 op, 21528666.00 ns, 13.1674 us/op
WorkloadPilot    3: 3038 op, 41758239.00 ns, 13.7453 us/op
WorkloadPilot    4: 2910 op, 38971166.00 ns, 13.3922 us/op
WorkloadPilot    5: 2987 op, 39156250.00 ns, 13.1089 us/op
WorkloadPilot    6: 3051 op, 32101629.00 ns, 10.5217 us/op
WorkloadPilot    7: 3802 op, 15906084.00 ns, 4.1836 us/op
WorkloadPilot    8: 9561 op, 27622861.00 ns, 2.8891 us/op
WorkloadPilot    9: 13845 op, 41309145.00 ns, 2.9837 us/op
WorkloadPilot   10: 13406 op, 39434633.00 ns, 2.9416 us/op
WorkloadPilot   11: 13598 op, 38750045.00 ns, 2.8497 us/op
WorkloadPilot   12: 14037 op, 39058215.00 ns, 2.7825 us/op
WorkloadPilot   13: 14375 op, 39540915.00 ns, 2.7507 us/op
WorkloadPilot   14: 14542 op, 42941771.00 ns, 2.9529 us/op

WorkloadWarmup   1: 14542 op, 40850515.00 ns, 2.8091 us/op
WorkloadWarmup   2: 14542 op, 40611522.00 ns, 2.7927 us/op
WorkloadWarmup   3: 14542 op, 40251473.00 ns, 2.7679 us/op
WorkloadWarmup   4: 14542 op, 41346958.00 ns, 2.8433 us/op
WorkloadWarmup   5: 14542 op, 42196984.00 ns, 2.9017 us/op
WorkloadWarmup   6: 14542 op, 53874939.00 ns, 3.7048 us/op
WorkloadWarmup   7: 14542 op, 45470242.00 ns, 3.1268 us/op
WorkloadWarmup   8: 14542 op, 41847531.00 ns, 2.8777 us/op
WorkloadWarmup   9: 14542 op, 41816999.00 ns, 2.8756 us/op
WorkloadWarmup  10: 14542 op, 42511251.00 ns, 2.9233 us/op
WorkloadWarmup  11: 14542 op, 41218302.00 ns, 2.8344 us/op
WorkloadWarmup  12: 14542 op, 44405378.00 ns, 3.0536 us/op
WorkloadWarmup  13: 14542 op, 41093763.00 ns, 2.8259 us/op
WorkloadWarmup  14: 14542 op, 42322575.00 ns, 2.9104 us/op
WorkloadWarmup  15: 14542 op, 42231956.00 ns, 2.9041 us/op
WorkloadWarmup  16: 14542 op, 41976317.00 ns, 2.8866 us/op
WorkloadWarmup  17: 14542 op, 43581681.00 ns, 2.9970 us/op
WorkloadWarmup  18: 14542 op, 44182012.00 ns, 3.0382 us/op
WorkloadWarmup  19: 14542 op, 49645933.00 ns, 3.4140 us/op
WorkloadWarmup  20: 14542 op, 45493262.00 ns, 3.1284 us/op
WorkloadWarmup  21: 14542 op, 43575328.00 ns, 2.9965 us/op
WorkloadWarmup  22: 14542 op, 43344498.00 ns, 2.9806 us/op
WorkloadWarmup  23: 14542 op, 46602022.00 ns, 3.2047 us/op
WorkloadWarmup  24: 14542 op, 53657190.00 ns, 3.6898 us/op
WorkloadWarmup  25: 14542 op, 41495770.00 ns, 2.8535 us/op

// BeforeActualRun
WorkloadActual   1: 14542 op, 41209862.00 ns, 2.8339 us/op
WorkloadActual   2: 14542 op, 42240163.00 ns, 2.9047 us/op
WorkloadActual   3: 14542 op, 45601679.00 ns, 3.1359 us/op
WorkloadActual   4: 14542 op, 52254743.00 ns, 3.5934 us/op
WorkloadActual   5: 14542 op, 47951698.00 ns, 3.2975 us/op
WorkloadActual   6: 14542 op, 46892533.00 ns, 3.2246 us/op

// AfterActualRun
WorkloadResult   1: 14542 op, 41209862.00 ns, 2.8339 us/op
WorkloadResult   2: 14542 op, 42240163.00 ns, 2.9047 us/op
WorkloadResult   3: 14542 op, 45601679.00 ns, 3.1359 us/op
WorkloadResult   4: 14542 op, 52254743.00 ns, 3.5934 us/op
WorkloadResult   5: 14542 op, 47951698.00 ns, 3.2975 us/op
WorkloadResult   6: 14542 op, 46892533.00 ns, 3.2246 us/op
// GC:  0 0 0 0 14542
// Threading:  0 0 14542

// AfterAll
// Benchmark Process 16869 has exited with code 0.

Mean = 3.165 us, StdErr = 0.113 us (3.57%), N = 6, StdDev = 0.277 us
Min = 2.834 us, Q1 = 2.962 us, Median = 3.180 us, Q3 = 3.279 us, Max = 3.593 us
IQR = 0.317 us, LowerFence = 2.487 us, UpperFence = 3.754 us
ConfidenceInterval = [2.389 us; 3.941 us] (CI 99.9%), Margin = 0.776 us (24.52% of Mean)
Skewness = 0.21, Kurtosis = 1.44, MValue = 2

// ** Remained 7 (58.3 %) benchmark(s) to run. Estimated finish 2026-10-10 8:23 (0h 0m from now) **
// **************************
// Benchmark: CodecSuite.Run: campaign(EvaluateOverhead=False, Clock=Armonik.Ffi.Bdn.CpuClock, IterationCount=6, IterationTime=40ms, LaunchCount=1, RunStrategy=Throughput, WarmupCount=25) [Case=core-(...)|drop [40]]
// *** Execute ***
// Launch: 1 / 1
// Execute: dotnet BenchDotNet-campaign-1.dll --anonymousPipes 136 137 --benchmarkName "Armonik.Ffi.Bdn.CodecSuite.Run(Case: \"core-ffi|encode-core-hot|P2.2|ascii|drop\")" --job campaign --benchmarkId 5 in /home/user/ArmoniK.Api/ffi/poc/csharp/src/BenchDotNet/bin/Release/net8.0/BenchDotNet-campaign-1/bin/Release/net8.0
// BeforeAnythingElse

// Benchmark Process Environment Information:
// BenchmarkDotNet v0.15.8
// Runtime=.NET 8.0.31 (8.0.31, 8.0.3126.42015), X64 RyuJIT x86-64-v4
// GC=Concurrent Workstation
// HardwareIntrinsics=AVX512 IFMA+VBMI,AVX512 F+BW+CD+DQ+VL,AVX2+BMI1+BMI2+F16C+FMA+LZCNT+MOVBE,AVX,SSE3+SSSE3+SSE4.1+SSE4.2+POPCNT,X86Base+SSE+SSE2,AES+PCLMUL,AvxVnni,SERIALIZE VectorSize=256
// Job: campaign(EvaluateOverhead=False, Clock=Armonik.Ffi.Bdn.CpuClock, IterationCount=6, IterationTime=40ms, LaunchCount=1, RunStrategy=Throughput, WarmupCount=25)

OverheadJitting  1: 1 op, 288056.00 ns, 288.0560 us/op
WorkloadJitting  1: 1 op, 22196940.00 ns, 22.1969 ms/op

WorkloadPilot    1: 4 op, 37498788.00 ns, 9.3747 ms/op

WorkloadWarmup   1: 4 op, 29125803.00 ns, 7.2815 ms/op
WorkloadWarmup   2: 4 op, 37153461.00 ns, 9.2884 ms/op
WorkloadWarmup   3: 4 op, 51106959.00 ns, 12.7767 ms/op
WorkloadWarmup   4: 4 op, 29585822.00 ns, 7.3965 ms/op
WorkloadWarmup   5: 4 op, 12195356.00 ns, 3.0488 ms/op
WorkloadWarmup   6: 4 op, 4851034.00 ns, 1.2128 ms/op
WorkloadWarmup   7: 4 op, 4848506.00 ns, 1.2121 ms/op
WorkloadWarmup   8: 4 op, 4973220.00 ns, 1.2433 ms/op
WorkloadWarmup   9: 4 op, 4849968.00 ns, 1.2125 ms/op
WorkloadWarmup  10: 4 op, 4863051.00 ns, 1.2158 ms/op
WorkloadWarmup  11: 4 op, 4821196.00 ns, 1.2053 ms/op
WorkloadWarmup  12: 4 op, 5024635.00 ns, 1.2562 ms/op
WorkloadWarmup  13: 4 op, 5025131.00 ns, 1.2563 ms/op
WorkloadWarmup  14: 4 op, 4925702.00 ns, 1.2314 ms/op
WorkloadWarmup  15: 4 op, 4864106.00 ns, 1.2160 ms/op
WorkloadWarmup  16: 4 op, 4854848.00 ns, 1.2137 ms/op
WorkloadWarmup  17: 4 op, 4843517.00 ns, 1.2109 ms/op
WorkloadWarmup  18: 4 op, 5151542.00 ns, 1.2879 ms/op
WorkloadWarmup  19: 4 op, 5191467.00 ns, 1.2979 ms/op
WorkloadWarmup  20: 4 op, 5185615.00 ns, 1.2964 ms/op
WorkloadWarmup  21: 4 op, 5049116.00 ns, 1.2623 ms/op
WorkloadWarmup  22: 4 op, 4811846.00 ns, 1.2030 ms/op
WorkloadWarmup  23: 4 op, 6259662.00 ns, 1.5649 ms/op
WorkloadWarmup  24: 4 op, 6130983.00 ns, 1.5327 ms/op
WorkloadWarmup  25: 4 op, 4986005.00 ns, 1.2465 ms/op

// BeforeActualRun
WorkloadActual   1: 4 op, 4875768.00 ns, 1.2189 ms/op
WorkloadActual   2: 4 op, 4789001.00 ns, 1.1973 ms/op
WorkloadActual   3: 4 op, 5667052.00 ns, 1.4168 ms/op
WorkloadActual   4: 4 op, 5540905.00 ns, 1.3852 ms/op
WorkloadActual   5: 4 op, 4969644.00 ns, 1.2424 ms/op
WorkloadActual   6: 4 op, 4928068.00 ns, 1.2320 ms/op

// AfterActualRun
WorkloadResult   1: 4 op, 4875768.00 ns, 1.2189 ms/op
WorkloadResult   2: 4 op, 4789001.00 ns, 1.1973 ms/op
WorkloadResult   3: 4 op, 5667052.00 ns, 1.4168 ms/op
WorkloadResult   4: 4 op, 5540905.00 ns, 1.3852 ms/op
WorkloadResult   5: 4 op, 4969644.00 ns, 1.2424 ms/op
WorkloadResult   6: 4 op, 4928068.00 ns, 1.2320 ms/op
// GC:  0 0 0 0 4
// Threading:  0 0 4

// AfterAll
// Benchmark Process 16878 has exited with code 0.

Mean = 1.282 ms, StdErr = 0.038 ms (2.99%), N = 6, StdDev = 0.094 ms
Min = 1.197 ms, Q1 = 1.222 ms, Median = 1.237 ms, Q3 = 1.350 ms, Max = 1.417 ms
IQR = 0.127 ms, LowerFence = 1.031 ms, UpperFence = 1.540 ms
ConfidenceInterval = [1.019 ms; 1.545 ms] (CI 99.9%), Margin = 0.263 ms (20.53% of Mean)
Skewness = 0.5, Kurtosis = 1.11, MValue = 3

// ** Remained 6 (50.0 %) benchmark(s) to run. Estimated finish 2026-10-10 8:23 (0h 0m from now) **
// **************************
// Benchmark: CodecSuite.Run: campaign(EvaluateOverhead=False, Clock=Armonik.Ffi.Bdn.CpuClock, IterationCount=6, IterationTime=40ms, LaunchCount=1, RunStrategy=Throughput, WarmupCount=25) [Case=core-(...)|drop [54]]
// *** Execute ***
// Launch: 1 / 1
// Execute: dotnet BenchDotNet-campaign-1.dll --anonymousPipes 136 137 --benchmarkName "Armonik.Ffi.Bdn.CodecSuite.Run(Case: \"core-ffi|encode-core-hot|U-deep-u-repeated|corpus|drop\")" --job campaign --benchmarkId 6 in /home/user/ArmoniK.Api/ffi/poc/csharp/src/BenchDotNet/bin/Release/net8.0/BenchDotNet-campaign-1/bin/Release/net8.0
// BeforeAnythingElse

// Benchmark Process Environment Information:
// BenchmarkDotNet v0.15.8
// Runtime=.NET 8.0.31 (8.0.31, 8.0.3126.42015), X64 RyuJIT x86-64-v4
// GC=Concurrent Workstation
// HardwareIntrinsics=AVX512 IFMA+VBMI,AVX512 F+BW+CD+DQ+VL,AVX2+BMI1+BMI2+F16C+FMA+LZCNT+MOVBE,AVX,SSE3+SSSE3+SSE4.1+SSE4.2+POPCNT,X86Base+SSE+SSE2,AES+PCLMUL,AvxVnni,SERIALIZE VectorSize=256
// Job: campaign(EvaluateOverhead=False, Clock=Armonik.Ffi.Bdn.CpuClock, IterationCount=6, IterationTime=40ms, LaunchCount=1, RunStrategy=Throughput, WarmupCount=25)

OverheadJitting  1: 1 op, 261448.00 ns, 261.4480 us/op
WorkloadJitting  1: 1 op, 11093883.00 ns, 11.0939 ms/op

WorkloadPilot    1: 4 op, 69798.00 ns, 17.4495 us/op
WorkloadPilot    2: 2292 op, 30976193.00 ns, 13.5149 us/op
WorkloadPilot    3: 2960 op, 40471717.00 ns, 13.6729 us/op
WorkloadPilot    4: 2925 op, 47425133.00 ns, 16.2137 us/op
WorkloadPilot    5: 2467 op, 35903348.00 ns, 14.5534 us/op
WorkloadPilot    6: 2748 op, 35709940.00 ns, 12.9949 us/op
WorkloadPilot    7: 3078 op, 45575917.00 ns, 14.8070 us/op

WorkloadWarmup   1: 3078 op, 46533890.00 ns, 15.1182 us/op
WorkloadWarmup   2: 3078 op, 42728957.00 ns, 13.8821 us/op
WorkloadWarmup   3: 3078 op, 28730428.00 ns, 9.3341 us/op
WorkloadWarmup   4: 3078 op, 9074922.00 ns, 2.9483 us/op
WorkloadWarmup   5: 3078 op, 6419293.00 ns, 2.0855 us/op
WorkloadWarmup   6: 3078 op, 6213622.00 ns, 2.0187 us/op
WorkloadWarmup   7: 3078 op, 6209735.00 ns, 2.0175 us/op
WorkloadWarmup   8: 3078 op, 6317007.00 ns, 2.0523 us/op
WorkloadWarmup   9: 3078 op, 6851746.00 ns, 2.2260 us/op
WorkloadWarmup  10: 3078 op, 7633730.00 ns, 2.4801 us/op
WorkloadWarmup  11: 3078 op, 6420204.00 ns, 2.0858 us/op
WorkloadWarmup  12: 3078 op, 6161543.00 ns, 2.0018 us/op
WorkloadWarmup  13: 3078 op, 6168017.00 ns, 2.0039 us/op
WorkloadWarmup  14: 3078 op, 6507926.00 ns, 2.1143 us/op
WorkloadWarmup  15: 3078 op, 6339636.00 ns, 2.0597 us/op
WorkloadWarmup  16: 3078 op, 6306628.00 ns, 2.0489 us/op
WorkloadWarmup  17: 3078 op, 7292407.00 ns, 2.3692 us/op
WorkloadWarmup  18: 3078 op, 7052813.00 ns, 2.2914 us/op
WorkloadWarmup  19: 3078 op, 7373635.00 ns, 2.3956 us/op
WorkloadWarmup  20: 3078 op, 8671063.00 ns, 2.8171 us/op
WorkloadWarmup  21: 3078 op, 10670095.00 ns, 3.4666 us/op
WorkloadWarmup  22: 3078 op, 11615352.00 ns, 3.7737 us/op
WorkloadWarmup  23: 3078 op, 11415581.00 ns, 3.7088 us/op
WorkloadWarmup  24: 3078 op, 6825763.00 ns, 2.2176 us/op
WorkloadWarmup  25: 3078 op, 6726551.00 ns, 2.1854 us/op

// BeforeActualRun
WorkloadActual   1: 3078 op, 6943000.00 ns, 2.2557 us/op
WorkloadActual   2: 3078 op, 6727555.00 ns, 2.1857 us/op
WorkloadActual   3: 3078 op, 6726387.00 ns, 2.1853 us/op
WorkloadActual   4: 3078 op, 6529632.00 ns, 2.1214 us/op
WorkloadActual   5: 3078 op, 6407291.00 ns, 2.0816 us/op
WorkloadActual   6: 3078 op, 6756908.00 ns, 2.1952 us/op

// AfterActualRun
WorkloadResult   1: 3078 op, 6943000.00 ns, 2.2557 us/op
WorkloadResult   2: 3078 op, 6727555.00 ns, 2.1857 us/op
WorkloadResult   3: 3078 op, 6726387.00 ns, 2.1853 us/op
WorkloadResult   4: 3078 op, 6529632.00 ns, 2.1214 us/op
WorkloadResult   5: 3078 op, 6407291.00 ns, 2.0816 us/op
WorkloadResult   6: 3078 op, 6756908.00 ns, 2.1952 us/op
// GC:  0 0 0 0 3078
// Threading:  0 0 3078

// AfterAll
// Benchmark Process 16887 has exited with code 0.

Mean = 2.171 us, StdErr = 0.025 us (1.15%), N = 6, StdDev = 0.061 us
Min = 2.082 us, Q1 = 2.137 us, Median = 2.186 us, Q3 = 2.193 us, Max = 2.256 us
IQR = 0.055 us, LowerFence = 2.054 us, UpperFence = 2.276 us
ConfidenceInterval = [2.000 us; 2.342 us] (CI 99.9%), Margin = 0.171 us (7.88% of Mean)
Skewness = -0.15, Kurtosis = 1.46, MValue = 2

// ** Remained 5 (41.7 %) benchmark(s) to run. Estimated finish 2026-10-10 8:23 (0h 0m from now) **
// **************************
// Benchmark: CodecSuite.Run: campaign(EvaluateOverhead=False, Clock=Armonik.Ffi.Bdn.CpuClock, IterationCount=6, IterationTime=40ms, LaunchCount=1, RunStrategy=Throughput, WarmupCount=25) [Case=core-(...)|drop [40]]
// *** Execute ***
// Launch: 1 / 1
// Execute: dotnet BenchDotNet-campaign-1.dll --anonymousPipes 136 137 --benchmarkName "Armonik.Ffi.Bdn.CodecSuite.Run(Case: \"core-ffi|encode-core-hot|P2.4|ascii|drop\")" --job campaign --benchmarkId 7 in /home/user/ArmoniK.Api/ffi/poc/csharp/src/BenchDotNet/bin/Release/net8.0/BenchDotNet-campaign-1/bin/Release/net8.0
// BeforeAnythingElse

// Benchmark Process Environment Information:
// BenchmarkDotNet v0.15.8
// Runtime=.NET 8.0.31 (8.0.31, 8.0.3126.42015), X64 RyuJIT x86-64-v4
// GC=Concurrent Workstation
// HardwareIntrinsics=AVX512 IFMA+VBMI,AVX512 F+BW+CD+DQ+VL,AVX2+BMI1+BMI2+F16C+FMA+LZCNT+MOVBE,AVX,SSE3+SSSE3+SSE4.1+SSE4.2+POPCNT,X86Base+SSE+SSE2,AES+PCLMUL,AvxVnni,SERIALIZE VectorSize=256
// Job: campaign(EvaluateOverhead=False, Clock=Armonik.Ffi.Bdn.CpuClock, IterationCount=6, IterationTime=40ms, LaunchCount=1, RunStrategy=Throughput, WarmupCount=25)

OverheadJitting  1: 1 op, 373910.00 ns, 373.9100 us/op
WorkloadJitting  1: 1 op, 25088815.00 ns, 25.0888 ms/op

WorkloadPilot    1: 4 op, 50951049.00 ns, 12.7378 ms/op

WorkloadWarmup   1: 4 op, 44846797.00 ns, 11.2117 ms/op
WorkloadWarmup   2: 4 op, 44491011.00 ns, 11.1228 ms/op
WorkloadWarmup   3: 4 op, 29983411.00 ns, 7.4959 ms/op
WorkloadWarmup   4: 4 op, 7249232.00 ns, 1.8123 ms/op
WorkloadWarmup   5: 4 op, 8225390.00 ns, 2.0563 ms/op
WorkloadWarmup   6: 4 op, 13654695.00 ns, 3.4137 ms/op
WorkloadWarmup   7: 4 op, 7047738.00 ns, 1.7619 ms/op
WorkloadWarmup   8: 4 op, 6970894.00 ns, 1.7427 ms/op
WorkloadWarmup   9: 4 op, 7169756.00 ns, 1.7924 ms/op
WorkloadWarmup  10: 4 op, 8680404.00 ns, 2.1701 ms/op
WorkloadWarmup  11: 4 op, 6750893.00 ns, 1.6877 ms/op
WorkloadWarmup  12: 4 op, 6652863.00 ns, 1.6632 ms/op
WorkloadWarmup  13: 4 op, 6570914.00 ns, 1.6427 ms/op
WorkloadWarmup  14: 4 op, 6479609.00 ns, 1.6199 ms/op
WorkloadWarmup  15: 4 op, 6911198.00 ns, 1.7278 ms/op
WorkloadWarmup  16: 4 op, 6561217.00 ns, 1.6403 ms/op
WorkloadWarmup  17: 4 op, 6520936.00 ns, 1.6302 ms/op
WorkloadWarmup  18: 4 op, 6709257.00 ns, 1.6773 ms/op
WorkloadWarmup  19: 4 op, 6769412.00 ns, 1.6924 ms/op
WorkloadWarmup  20: 4 op, 6590133.00 ns, 1.6475 ms/op
WorkloadWarmup  21: 4 op, 6945551.00 ns, 1.7364 ms/op
WorkloadWarmup  22: 4 op, 6569360.00 ns, 1.6423 ms/op
WorkloadWarmup  23: 4 op, 7075277.00 ns, 1.7688 ms/op
WorkloadWarmup  24: 4 op, 9082257.00 ns, 2.2706 ms/op
WorkloadWarmup  25: 4 op, 7334406.00 ns, 1.8336 ms/op

// BeforeActualRun
WorkloadActual   1: 4 op, 6463272.00 ns, 1.6158 ms/op
WorkloadActual   2: 4 op, 6891826.00 ns, 1.7230 ms/op
WorkloadActual   3: 4 op, 6522958.00 ns, 1.6307 ms/op
WorkloadActual   4: 4 op, 6813441.00 ns, 1.7034 ms/op
WorkloadActual   5: 4 op, 6949854.00 ns, 1.7375 ms/op
WorkloadActual   6: 4 op, 6577209.00 ns, 1.6443 ms/op

// AfterActualRun
WorkloadResult   1: 4 op, 6463272.00 ns, 1.6158 ms/op
WorkloadResult   2: 4 op, 6891826.00 ns, 1.7230 ms/op
WorkloadResult   3: 4 op, 6522958.00 ns, 1.6307 ms/op
WorkloadResult   4: 4 op, 6813441.00 ns, 1.7034 ms/op
WorkloadResult   5: 4 op, 6949854.00 ns, 1.7375 ms/op
WorkloadResult   6: 4 op, 6577209.00 ns, 1.6443 ms/op
// GC:  0 0 0 0 4
// Threading:  0 0 4

// AfterAll
// Benchmark Process 16896 has exited with code 0.

Mean = 1.676 ms, StdErr = 0.021 ms (1.26%), N = 6, StdDev = 0.052 ms
Min = 1.616 ms, Q1 = 1.634 ms, Median = 1.674 ms, Q3 = 1.718 ms, Max = 1.737 ms
IQR = 0.084 ms, LowerFence = 1.508 ms, UpperFence = 1.844 ms
ConfidenceInterval = [1.531 ms; 1.821 ms] (CI 99.9%), Margin = 0.145 ms (8.66% of Mean)
Skewness = 0.03, Kurtosis = 0.88, MValue = 2

// ** Remained 4 (33.3 %) benchmark(s) to run. Estimated finish 2026-10-10 8:23 (0h 0m from now) **
// **************************
// Benchmark: CodecSuite.Run: campaign(EvaluateOverhead=False, Clock=Armonik.Ffi.Bdn.CpuClock, IterationCount=6, IterationTime=40ms, LaunchCount=1, RunStrategy=Throughput, WarmupCount=25) [Case=core-(...)etain [43]]
// *** Execute ***
// Launch: 1 / 1
// Execute: dotnet BenchDotNet-campaign-1.dll --anonymousPipes 136 137 --benchmarkName "Armonik.Ffi.Bdn.CodecSuite.Run(Case: \"core-ffi|encode-core-hot|P2.2|latin1|retain\")" --job campaign --benchmarkId 8 in /home/user/ArmoniK.Api/ffi/poc/csharp/src/BenchDotNet/bin/Release/net8.0/BenchDotNet-campaign-1/bin/Release/net8.0
// BeforeAnythingElse

// Benchmark Process Environment Information:
// BenchmarkDotNet v0.15.8
// Runtime=.NET 8.0.31 (8.0.31, 8.0.3126.42015), X64 RyuJIT x86-64-v4
// GC=Concurrent Workstation
// HardwareIntrinsics=AVX512 IFMA+VBMI,AVX512 F+BW+CD+DQ+VL,AVX2+BMI1+BMI2+F16C+FMA+LZCNT+MOVBE,AVX,SSE3+SSSE3+SSE4.1+SSE4.2+POPCNT,X86Base+SSE+SSE2,AES+PCLMUL,AvxVnni,SERIALIZE VectorSize=256
// Job: campaign(EvaluateOverhead=False, Clock=Armonik.Ffi.Bdn.CpuClock, IterationCount=6, IterationTime=40ms, LaunchCount=1, RunStrategy=Throughput, WarmupCount=25)

OverheadJitting  1: 1 op, 273846.00 ns, 273.8460 us/op
WorkloadJitting  1: 1 op, 20703207.00 ns, 20.7032 ms/op

WorkloadPilot    1: 4 op, 38427869.00 ns, 9.6070 ms/op

WorkloadWarmup   1: 4 op, 29113736.00 ns, 7.2784 ms/op
WorkloadWarmup   2: 4 op, 39532419.00 ns, 9.8831 ms/op
WorkloadWarmup   3: 4 op, 28455534.00 ns, 7.1139 ms/op
WorkloadWarmup   4: 4 op, 10879154.00 ns, 2.7198 ms/op
WorkloadWarmup   5: 4 op, 6122446.00 ns, 1.5306 ms/op
WorkloadWarmup   6: 4 op, 6109484.00 ns, 1.5274 ms/op
WorkloadWarmup   7: 4 op, 6027195.00 ns, 1.5068 ms/op
WorkloadWarmup   8: 4 op, 6316846.00 ns, 1.5792 ms/op
WorkloadWarmup   9: 4 op, 5981507.00 ns, 1.4954 ms/op
WorkloadWarmup  10: 4 op, 6799358.00 ns, 1.6998 ms/op
WorkloadWarmup  11: 4 op, 6189287.00 ns, 1.5473 ms/op
WorkloadWarmup  12: 4 op, 5917329.00 ns, 1.4793 ms/op
WorkloadWarmup  13: 4 op, 5752639.00 ns, 1.4382 ms/op
WorkloadWarmup  14: 4 op, 5729252.00 ns, 1.4323 ms/op
WorkloadWarmup  15: 4 op, 6081932.00 ns, 1.5205 ms/op
WorkloadWarmup  16: 4 op, 5721533.00 ns, 1.4304 ms/op
WorkloadWarmup  17: 4 op, 9112218.00 ns, 2.2781 ms/op
WorkloadWarmup  18: 4 op, 7887513.00 ns, 1.9719 ms/op
WorkloadWarmup  19: 4 op, 6072292.00 ns, 1.5181 ms/op
WorkloadWarmup  20: 4 op, 5938748.00 ns, 1.4847 ms/op
WorkloadWarmup  21: 4 op, 5703336.00 ns, 1.4258 ms/op
WorkloadWarmup  22: 4 op, 5693579.00 ns, 1.4234 ms/op
WorkloadWarmup  23: 4 op, 5779979.00 ns, 1.4450 ms/op
WorkloadWarmup  24: 4 op, 5624889.00 ns, 1.4062 ms/op
WorkloadWarmup  25: 4 op, 6164313.00 ns, 1.5411 ms/op

// BeforeActualRun
WorkloadActual   1: 4 op, 6069258.00 ns, 1.5173 ms/op
WorkloadActual   2: 4 op, 10575858.00 ns, 2.6440 ms/op
WorkloadActual   3: 4 op, 8348994.00 ns, 2.0872 ms/op
WorkloadActual   4: 4 op, 9994082.00 ns, 2.4985 ms/op
WorkloadActual   5: 4 op, 7825760.00 ns, 1.9564 ms/op
WorkloadActual   6: 4 op, 6188713.00 ns, 1.5472 ms/op

// AfterActualRun
WorkloadResult   1: 4 op, 6069258.00 ns, 1.5173 ms/op
WorkloadResult   2: 4 op, 10575858.00 ns, 2.6440 ms/op
WorkloadResult   3: 4 op, 8348994.00 ns, 2.0872 ms/op
WorkloadResult   4: 4 op, 9994082.00 ns, 2.4985 ms/op
WorkloadResult   5: 4 op, 7825760.00 ns, 1.9564 ms/op
WorkloadResult   6: 4 op, 6188713.00 ns, 1.5472 ms/op
// GC:  0 0 0 0 4
// Threading:  0 0 4

// AfterAll
// Benchmark Process 16905 has exited with code 0.

Mean = 2.042 ms, StdErr = 0.192 ms (9.38%), N = 6, StdDev = 0.469 ms
Min = 1.517 ms, Q1 = 1.649 ms, Median = 2.022 ms, Q3 = 2.396 ms, Max = 2.644 ms
IQR = 0.746 ms, LowerFence = 0.530 ms, UpperFence = 3.515 ms
ConfidenceInterval = [0.726 ms; 3.357 ms] (CI 99.9%), Margin = 1.315 ms (64.43% of Mean)
Skewness = 0.08, Kurtosis = 1.07, MValue = 2

// ** Remained 3 (25.0 %) benchmark(s) to run. Estimated finish 2026-10-10 8:23 (0h 0m from now) **
// **************************
// Benchmark: CodecSuite.Run: campaign(EvaluateOverhead=False, Clock=Armonik.Ffi.Bdn.CpuClock, IterationCount=6, IterationTime=40ms, LaunchCount=1, RunStrategy=Throughput, WarmupCount=25) [Case=core-(...)|drop [41]]
// *** Execute ***
// Launch: 1 / 1
// Execute: dotnet BenchDotNet-campaign-1.dll --anonymousPipes 136 137 --benchmarkName "Armonik.Ffi.Bdn.CodecSuite.Run(Case: \"core-ffi|encode-core-hot|P2.2|latin1|drop\")" --job campaign --benchmarkId 9 in /home/user/ArmoniK.Api/ffi/poc/csharp/src/BenchDotNet/bin/Release/net8.0/BenchDotNet-campaign-1/bin/Release/net8.0
// BeforeAnythingElse

// Benchmark Process Environment Information:
// BenchmarkDotNet v0.15.8
// Runtime=.NET 8.0.31 (8.0.31, 8.0.3126.42015), X64 RyuJIT x86-64-v4
// GC=Concurrent Workstation
// HardwareIntrinsics=AVX512 IFMA+VBMI,AVX512 F+BW+CD+DQ+VL,AVX2+BMI1+BMI2+F16C+FMA+LZCNT+MOVBE,AVX,SSE3+SSSE3+SSE4.1+SSE4.2+POPCNT,X86Base+SSE+SSE2,AES+PCLMUL,AvxVnni,SERIALIZE VectorSize=256
// Job: campaign(EvaluateOverhead=False, Clock=Armonik.Ffi.Bdn.CpuClock, IterationCount=6, IterationTime=40ms, LaunchCount=1, RunStrategy=Throughput, WarmupCount=25)

OverheadJitting  1: 1 op, 270922.00 ns, 270.9220 us/op
WorkloadJitting  1: 1 op, 22145801.00 ns, 22.1458 ms/op

WorkloadPilot    1: 4 op, 38278681.00 ns, 9.5697 ms/op

WorkloadWarmup   1: 4 op, 27758358.00 ns, 6.9396 ms/op
WorkloadWarmup   2: 4 op, 33876997.00 ns, 8.4692 ms/op
WorkloadWarmup   3: 4 op, 27449413.00 ns, 6.8624 ms/op
WorkloadWarmup   4: 4 op, 27429394.00 ns, 6.8573 ms/op
WorkloadWarmup   5: 4 op, 27930412.00 ns, 6.9826 ms/op
WorkloadWarmup   6: 4 op, 21617445.00 ns, 5.4044 ms/op
WorkloadWarmup   7: 4 op, 4941008.00 ns, 1.2353 ms/op
WorkloadWarmup   8: 4 op, 4887048.00 ns, 1.2218 ms/op
WorkloadWarmup   9: 4 op, 4893261.00 ns, 1.2233 ms/op
WorkloadWarmup  10: 4 op, 5056467.00 ns, 1.2641 ms/op
WorkloadWarmup  11: 4 op, 4854892.00 ns, 1.2137 ms/op
WorkloadWarmup  12: 4 op, 4950941.00 ns, 1.2377 ms/op
WorkloadWarmup  13: 4 op, 4952729.00 ns, 1.2382 ms/op
WorkloadWarmup  14: 4 op, 4979296.00 ns, 1.2448 ms/op
WorkloadWarmup  15: 4 op, 4919935.00 ns, 1.2300 ms/op
WorkloadWarmup  16: 4 op, 5046540.00 ns, 1.2616 ms/op
WorkloadWarmup  17: 4 op, 4812201.00 ns, 1.2031 ms/op
WorkloadWarmup  18: 4 op, 5330477.00 ns, 1.3326 ms/op
WorkloadWarmup  19: 4 op, 4848789.00 ns, 1.2122 ms/op
WorkloadWarmup  20: 4 op, 5212448.00 ns, 1.3031 ms/op
WorkloadWarmup  21: 4 op, 4893087.00 ns, 1.2233 ms/op
WorkloadWarmup  22: 4 op, 4890701.00 ns, 1.2227 ms/op
WorkloadWarmup  23: 4 op, 4914600.00 ns, 1.2287 ms/op
WorkloadWarmup  24: 4 op, 5059307.00 ns, 1.2648 ms/op
WorkloadWarmup  25: 4 op, 4949699.00 ns, 1.2374 ms/op

// BeforeActualRun
WorkloadActual   1: 4 op, 4916588.00 ns, 1.2291 ms/op
WorkloadActual   2: 4 op, 4834761.00 ns, 1.2087 ms/op
WorkloadActual   3: 4 op, 4878455.00 ns, 1.2196 ms/op
WorkloadActual   4: 4 op, 4926698.00 ns, 1.2317 ms/op
WorkloadActual   5: 4 op, 5208090.00 ns, 1.3020 ms/op
WorkloadActual   6: 4 op, 4949055.00 ns, 1.2373 ms/op

// AfterActualRun
WorkloadResult   1: 4 op, 4916588.00 ns, 1.2291 ms/op
WorkloadResult   2: 4 op, 4834761.00 ns, 1.2087 ms/op
WorkloadResult   3: 4 op, 4878455.00 ns, 1.2196 ms/op
WorkloadResult   4: 4 op, 4926698.00 ns, 1.2317 ms/op
WorkloadResult   5: 4 op, 4949055.00 ns, 1.2373 ms/op
// GC:  0 0 0 0 4
// Threading:  0 0 4

// AfterAll
// Benchmark Process 16915 has exited with code 0.

Mean = 1.225 ms, StdErr = 0.005 ms (0.41%), N = 5, StdDev = 0.011 ms
Min = 1.209 ms, Q1 = 1.220 ms, Median = 1.229 ms, Q3 = 1.232 ms, Max = 1.237 ms
IQR = 0.012 ms, LowerFence = 1.202 ms, UpperFence = 1.250 ms
ConfidenceInterval = [1.182 ms; 1.269 ms] (CI 99.9%), Margin = 0.043 ms (3.54% of Mean)
Skewness = -0.38, Kurtosis = 1.24, MValue = 2

// ** Remained 2 (16.7 %) benchmark(s) to run. Estimated finish 2026-10-10 8:23 (0h 0m from now) **
// **************************
// Benchmark: CodecSuite.Run: campaign(EvaluateOverhead=False, Clock=Armonik.Ffi.Bdn.CpuClock, IterationCount=6, IterationTime=40ms, LaunchCount=1, RunStrategy=Throughput, WarmupCount=25) [Case=core-(...)etain [42]]
// *** Execute ***
// Launch: 1 / 1
// Execute: dotnet BenchDotNet-campaign-1.dll --anonymousPipes 136 137 --benchmarkName "Armonik.Ffi.Bdn.CodecSuite.Run(Case: \"core-ffi|encode-core-hot|P2.2|ascii|retain\")" --job campaign --benchmarkId 10 in /home/user/ArmoniK.Api/ffi/poc/csharp/src/BenchDotNet/bin/Release/net8.0/BenchDotNet-campaign-1/bin/Release/net8.0
// BeforeAnythingElse

// Benchmark Process Environment Information:
// BenchmarkDotNet v0.15.8
// Runtime=.NET 8.0.31 (8.0.31, 8.0.3126.42015), X64 RyuJIT x86-64-v4
// GC=Concurrent Workstation
// HardwareIntrinsics=AVX512 IFMA+VBMI,AVX512 F+BW+CD+DQ+VL,AVX2+BMI1+BMI2+F16C+FMA+LZCNT+MOVBE,AVX,SSE3+SSSE3+SSE4.1+SSE4.2+POPCNT,X86Base+SSE+SSE2,AES+PCLMUL,AvxVnni,SERIALIZE VectorSize=256
// Job: campaign(EvaluateOverhead=False, Clock=Armonik.Ffi.Bdn.CpuClock, IterationCount=6, IterationTime=40ms, LaunchCount=1, RunStrategy=Throughput, WarmupCount=25)

OverheadJitting  1: 1 op, 253568.00 ns, 253.5680 us/op
WorkloadJitting  1: 1 op, 20392141.00 ns, 20.3921 ms/op

WorkloadPilot    1: 4 op, 37030454.00 ns, 9.2576 ms/op

WorkloadWarmup   1: 4 op, 27450422.00 ns, 6.8626 ms/op
WorkloadWarmup   2: 4 op, 35190125.00 ns, 8.7975 ms/op
WorkloadWarmup   3: 4 op, 27717903.00 ns, 6.9295 ms/op
WorkloadWarmup   4: 4 op, 27500448.00 ns, 6.8751 ms/op
WorkloadWarmup   5: 4 op, 17179720.00 ns, 4.2949 ms/op
WorkloadWarmup   6: 4 op, 5754156.00 ns, 1.4385 ms/op
WorkloadWarmup   7: 4 op, 5657869.00 ns, 1.4145 ms/op
WorkloadWarmup   8: 4 op, 5827364.00 ns, 1.4568 ms/op
WorkloadWarmup   9: 4 op, 5663865.00 ns, 1.4160 ms/op
WorkloadWarmup  10: 4 op, 5835651.00 ns, 1.4589 ms/op
WorkloadWarmup  11: 4 op, 6035767.00 ns, 1.5089 ms/op
WorkloadWarmup  12: 4 op, 5763322.00 ns, 1.4408 ms/op
WorkloadWarmup  13: 4 op, 5667720.00 ns, 1.4169 ms/op
WorkloadWarmup  14: 4 op, 5975630.00 ns, 1.4939 ms/op
WorkloadWarmup  15: 4 op, 6341035.00 ns, 1.5853 ms/op
WorkloadWarmup  16: 4 op, 5790387.00 ns, 1.4476 ms/op
WorkloadWarmup  17: 4 op, 5907113.00 ns, 1.4768 ms/op
WorkloadWarmup  18: 4 op, 6612542.00 ns, 1.6531 ms/op
WorkloadWarmup  19: 4 op, 6659973.00 ns, 1.6650 ms/op
WorkloadWarmup  20: 4 op, 6367234.00 ns, 1.5918 ms/op
WorkloadWarmup  21: 4 op, 6588988.00 ns, 1.6472 ms/op
WorkloadWarmup  22: 4 op, 6035741.00 ns, 1.5089 ms/op
WorkloadWarmup  23: 4 op, 6250645.00 ns, 1.5627 ms/op
WorkloadWarmup  24: 4 op, 5830808.00 ns, 1.4577 ms/op
WorkloadWarmup  25: 4 op, 6165327.00 ns, 1.5413 ms/op

// BeforeActualRun
WorkloadActual   1: 4 op, 5670559.00 ns, 1.4176 ms/op
WorkloadActual   2: 4 op, 5705132.00 ns, 1.4263 ms/op
WorkloadActual   3: 4 op, 5718096.00 ns, 1.4295 ms/op
WorkloadActual   4: 4 op, 5943711.00 ns, 1.4859 ms/op
WorkloadActual   5: 4 op, 5858396.00 ns, 1.4646 ms/op
WorkloadActual   6: 4 op, 5640337.00 ns, 1.4101 ms/op

// AfterActualRun
WorkloadResult   1: 4 op, 5670559.00 ns, 1.4176 ms/op
WorkloadResult   2: 4 op, 5705132.00 ns, 1.4263 ms/op
WorkloadResult   3: 4 op, 5718096.00 ns, 1.4295 ms/op
WorkloadResult   4: 4 op, 5943711.00 ns, 1.4859 ms/op
WorkloadResult   5: 4 op, 5858396.00 ns, 1.4646 ms/op
WorkloadResult   6: 4 op, 5640337.00 ns, 1.4101 ms/op
// GC:  0 0 0 0 4
// Threading:  0 0 4

// AfterAll
// Benchmark Process 16924 has exited with code 0.

Mean = 1.439 ms, StdErr = 0.012 ms (0.84%), N = 6, StdDev = 0.030 ms
Min = 1.410 ms, Q1 = 1.420 ms, Median = 1.428 ms, Q3 = 1.456 ms, Max = 1.486 ms
IQR = 0.036 ms, LowerFence = 1.366 ms, UpperFence = 1.510 ms
ConfidenceInterval = [1.356 ms; 1.522 ms] (CI 99.9%), Margin = 0.083 ms (5.78% of Mean)
Skewness = 0.53, Kurtosis = 1.34, MValue = 2

// ** Remained 1 (8.3 %) benchmark(s) to run. Estimated finish 2026-10-10 8:23 (0h 0m from now) **
// **************************
// Benchmark: CodecSuite.Run: campaign(EvaluateOverhead=False, Clock=Armonik.Ffi.Bdn.CpuClock, IterationCount=6, IterationTime=40ms, LaunchCount=1, RunStrategy=Throughput, WarmupCount=25) [Case=core-(...)|drop [39]]
// *** Execute ***
// Launch: 1 / 1
// Execute: dotnet BenchDotNet-campaign-1.dll --anonymousPipes 136 137 --benchmarkName "Armonik.Ffi.Bdn.CodecSuite.Run(Case: \"core-ffi|encode-core-hot|P2.2|wide|drop\")" --job campaign --benchmarkId 11 in /home/user/ArmoniK.Api/ffi/poc/csharp/src/BenchDotNet/bin/Release/net8.0/BenchDotNet-campaign-1/bin/Release/net8.0
// BeforeAnythingElse

// Benchmark Process Environment Information:
// BenchmarkDotNet v0.15.8
// Runtime=.NET 8.0.31 (8.0.31, 8.0.3126.42015), X64 RyuJIT x86-64-v4
// GC=Concurrent Workstation
// HardwareIntrinsics=AVX512 IFMA+VBMI,AVX512 F+BW+CD+DQ+VL,AVX2+BMI1+BMI2+F16C+FMA+LZCNT+MOVBE,AVX,SSE3+SSSE3+SSE4.1+SSE4.2+POPCNT,X86Base+SSE+SSE2,AES+PCLMUL,AvxVnni,SERIALIZE VectorSize=256
// Job: campaign(EvaluateOverhead=False, Clock=Armonik.Ffi.Bdn.CpuClock, IterationCount=6, IterationTime=40ms, LaunchCount=1, RunStrategy=Throughput, WarmupCount=25)

OverheadJitting  1: 1 op, 298779.00 ns, 298.7790 us/op
WorkloadJitting  1: 1 op, 20427335.00 ns, 20.4273 ms/op

WorkloadPilot    1: 4 op, 40720222.00 ns, 10.1801 ms/op

WorkloadWarmup   1: 4 op, 29994640.00 ns, 7.4987 ms/op
WorkloadWarmup   2: 4 op, 38293588.00 ns, 9.5734 ms/op
WorkloadWarmup   3: 4 op, 28106610.00 ns, 7.0267 ms/op
WorkloadWarmup   4: 4 op, 7005799.00 ns, 1.7514 ms/op
WorkloadWarmup   5: 4 op, 5307494.00 ns, 1.3269 ms/op
WorkloadWarmup   6: 4 op, 5321394.00 ns, 1.3303 ms/op
WorkloadWarmup   7: 4 op, 5319864.00 ns, 1.3300 ms/op
WorkloadWarmup   8: 4 op, 5405315.00 ns, 1.3513 ms/op
WorkloadWarmup   9: 4 op, 5339853.00 ns, 1.3350 ms/op
WorkloadWarmup  10: 4 op, 5068771.00 ns, 1.2672 ms/op
WorkloadWarmup  11: 4 op, 4926481.00 ns, 1.2316 ms/op
WorkloadWarmup  12: 4 op, 5119712.00 ns, 1.2799 ms/op
WorkloadWarmup  13: 4 op, 5390332.00 ns, 1.3476 ms/op
WorkloadWarmup  14: 4 op, 5243498.00 ns, 1.3109 ms/op
WorkloadWarmup  15: 4 op, 5027225.00 ns, 1.2568 ms/op
WorkloadWarmup  16: 4 op, 4918267.00 ns, 1.2296 ms/op
WorkloadWarmup  17: 4 op, 4860805.00 ns, 1.2152 ms/op
WorkloadWarmup  18: 4 op, 5131443.00 ns, 1.2829 ms/op
WorkloadWarmup  19: 4 op, 7762512.00 ns, 1.9406 ms/op
WorkloadWarmup  20: 4 op, 5418148.00 ns, 1.3545 ms/op
WorkloadWarmup  21: 4 op, 5189023.00 ns, 1.2973 ms/op
WorkloadWarmup  22: 4 op, 5624750.00 ns, 1.4062 ms/op
WorkloadWarmup  23: 4 op, 5607016.00 ns, 1.4018 ms/op
WorkloadWarmup  24: 4 op, 5837479.00 ns, 1.4594 ms/op
WorkloadWarmup  25: 4 op, 4933424.00 ns, 1.2334 ms/op

// BeforeActualRun
WorkloadActual   1: 4 op, 4864365.00 ns, 1.2161 ms/op
WorkloadActual   2: 4 op, 5136972.00 ns, 1.2842 ms/op
WorkloadActual   3: 4 op, 5041302.00 ns, 1.2603 ms/op
WorkloadActual   4: 4 op, 5290344.00 ns, 1.3226 ms/op
WorkloadActual   5: 4 op, 7251331.00 ns, 1.8128 ms/op
WorkloadActual   6: 4 op, 5224661.00 ns, 1.3062 ms/op

// AfterActualRun
WorkloadResult   1: 4 op, 4864365.00 ns, 1.2161 ms/op
WorkloadResult   2: 4 op, 5136972.00 ns, 1.2842 ms/op
WorkloadResult   3: 4 op, 5041302.00 ns, 1.2603 ms/op
WorkloadResult   4: 4 op, 5290344.00 ns, 1.3226 ms/op
WorkloadResult   5: 4 op, 5224661.00 ns, 1.3062 ms/op
// GC:  0 0 0 0 4
// Threading:  0 0 4

// AfterAll
// Benchmark Process 16933 has exited with code 0.

Mean = 1.278 ms, StdErr = 0.019 ms (1.46%), N = 5, StdDev = 0.042 ms
Min = 1.216 ms, Q1 = 1.260 ms, Median = 1.284 ms, Q3 = 1.306 ms, Max = 1.323 ms
IQR = 0.046 ms, LowerFence = 1.192 ms, UpperFence = 1.375 ms
ConfidenceInterval = [1.117 ms; 1.439 ms] (CI 99.9%), Margin = 0.161 ms (12.57% of Mean)
Skewness = -0.36, Kurtosis = 1.27, MValue = 2

// ** Remained 0 (0.0 %) benchmark(s) to run. Estimated finish 2026-10-10 8:23 (0h 0m from now) **
Run time: 00:00:13 (13.45 sec), executed benchmarks: 12

// ***** BenchmarkRunner: Finish  *****

// * Export *
  home/user/ArmoniK.Api/ffi/logs/csharp/opt/s14/grid/r2-pgo0-full-r2.jsonl

// * Detailed results *
CodecSuite.Run: campaign(EvaluateOverhead=False, Clock=Armonik.Ffi.Bdn.CpuClock, IterationCount=6, IterationTime=40ms, LaunchCount=1, RunStrategy=Throughput, WarmupCount=25) [Case=core-(...)etain [42]]
Runtime = .NET 8.0.31 (8.0.31, 8.0.3126.42015), X64 RyuJIT x86-64-v4; GC = Concurrent Workstation
Mean = 1.539 ms, StdErr = 0.026 ms (1.66%), N = 6, StdDev = 0.063 ms
Min = 1.494 ms, Q1 = 1.498 ms, Median = 1.507 ms, Q3 = 1.564 ms, Max = 1.648 ms
IQR = 0.066 ms, LowerFence = 1.400 ms, UpperFence = 1.662 ms
ConfidenceInterval = [1.363 ms; 1.714 ms] (CI 99.9%), Margin = 0.176 ms (11.41% of Mean)
Skewness = 0.77, Kurtosis = 1.66, MValue = 2
-------------------- Histogram --------------------
[1.492 ms ; 1.602 ms) | @@@@@
[1.602 ms ; 1.693 ms) | @
---------------------------------------------------

CodecSuite.Run: campaign(EvaluateOverhead=False, Clock=Armonik.Ffi.Bdn.CpuClock, IterationCount=6, IterationTime=40ms, LaunchCount=1, RunStrategy=Throughput, WarmupCount=25) [Case=core-(...)|drop [40]]
Runtime = .NET 8.0.31 (8.0.31, 8.0.3126.42015), X64 RyuJIT x86-64-v4; GC = Concurrent Workstation
Mean = 1.284 ms, StdErr = 0.023 ms (1.76%), N = 5, StdDev = 0.050 ms
Min = 1.244 ms, Q1 = 1.250 ms, Median = 1.256 ms, Q3 = 1.313 ms, Max = 1.360 ms
IQR = 0.063 ms, LowerFence = 1.155 ms, UpperFence = 1.407 ms
ConfidenceInterval = [1.090 ms; 1.479 ms] (CI 99.9%), Margin = 0.194 ms (15.13% of Mean)
Skewness = 0.5, Kurtosis = 1.18, MValue = 2
-------------------- Histogram --------------------
[1.239 ms ; 1.317 ms) | @@@@
[1.317 ms ; 1.399 ms) | @
---------------------------------------------------

CodecSuite.Run: campaign(EvaluateOverhead=False, Clock=Armonik.Ffi.Bdn.CpuClock, IterationCount=6, IterationTime=40ms, LaunchCount=1, RunStrategy=Throughput, WarmupCount=25) [Case=core-(...)etain [56]]
Runtime = .NET 8.0.31 (8.0.31, 8.0.3126.42015), X64 RyuJIT x86-64-v4; GC = Concurrent Workstation
Mean = 3.165 us, StdErr = 0.113 us (3.57%), N = 6, StdDev = 0.277 us
Min = 2.834 us, Q1 = 2.962 us, Median = 3.180 us, Q3 = 3.279 us, Max = 3.593 us
IQR = 0.317 us, LowerFence = 2.487 us, UpperFence = 3.754 us
ConfidenceInterval = [2.389 us; 3.941 us] (CI 99.9%), Margin = 0.776 us (24.52% of Mean)
Skewness = 0.21, Kurtosis = 1.44, MValue = 2
-------------------- Histogram --------------------
[2.829 us ; 3.229 us) | @@@@
[3.229 us ; 3.645 us) | @@
---------------------------------------------------

CodecSuite.Run: campaign(EvaluateOverhead=False, Clock=Armonik.Ffi.Bdn.CpuClock, IterationCount=6, IterationTime=40ms, LaunchCount=1, RunStrategy=Throughput, WarmupCount=25) [Case=core-(...)etain [43]]
Runtime = .NET 8.0.31 (8.0.31, 8.0.3126.42015), X64 RyuJIT x86-64-v4; GC = Concurrent Workstation
Mean = 2.042 ms, StdErr = 0.192 ms (9.38%), N = 6, StdDev = 0.469 ms
Min = 1.517 ms, Q1 = 1.649 ms, Median = 2.022 ms, Q3 = 2.396 ms, Max = 2.644 ms
IQR = 0.746 ms, LowerFence = 0.530 ms, UpperFence = 3.515 ms
ConfidenceInterval = [0.726 ms; 3.357 ms] (CI 99.9%), Margin = 1.315 ms (64.43% of Mean)
Skewness = 0.08, Kurtosis = 1.07, MValue = 2
-------------------- Histogram --------------------
[1.463 ms ; 2.232 ms) | @@@@
[2.232 ms ; 2.983 ms) | @@
---------------------------------------------------

CodecSuite.Run: campaign(EvaluateOverhead=False, Clock=Armonik.Ffi.Bdn.CpuClock, IterationCount=6, IterationTime=40ms, LaunchCount=1, RunStrategy=Throughput, WarmupCount=25) [Case=core-(...)|drop [54]]
Runtime = .NET 8.0.31 (8.0.31, 8.0.3126.42015), X64 RyuJIT x86-64-v4; GC = Concurrent Workstation
Mean = 2.171 us, StdErr = 0.025 us (1.15%), N = 6, StdDev = 0.061 us
Min = 2.082 us, Q1 = 2.137 us, Median = 2.186 us, Q3 = 2.193 us, Max = 2.256 us
IQR = 0.055 us, LowerFence = 2.054 us, UpperFence = 2.276 us
ConfidenceInterval = [2.000 us; 2.342 us] (CI 99.9%), Margin = 0.171 us (7.88% of Mean)
Skewness = -0.15, Kurtosis = 1.46, MValue = 2
-------------------- Histogram --------------------
[2.057 us ; 2.176 us) | @@
[2.176 us ; 2.265 us) | @@@@
---------------------------------------------------

CodecSuite.Run: campaign(EvaluateOverhead=False, Clock=Armonik.Ffi.Bdn.CpuClock, IterationCount=6, IterationTime=40ms, LaunchCount=1, RunStrategy=Throughput, WarmupCount=25) [Case=core-(...)|drop [41]]
Runtime = .NET 8.0.31 (8.0.31, 8.0.3126.42015), X64 RyuJIT x86-64-v4; GC = Concurrent Workstation
Mean = 1.225 ms, StdErr = 0.005 ms (0.41%), N = 5, StdDev = 0.011 ms
Min = 1.209 ms, Q1 = 1.220 ms, Median = 1.229 ms, Q3 = 1.232 ms, Max = 1.237 ms
IQR = 0.012 ms, LowerFence = 1.202 ms, UpperFence = 1.250 ms
ConfidenceInterval = [1.182 ms; 1.269 ms] (CI 99.9%), Margin = 0.043 ms (3.54% of Mean)
Skewness = -0.38, Kurtosis = 1.24, MValue = 2
-------------------- Histogram --------------------
[1.200 ms ; 1.246 ms) | @@@@@
---------------------------------------------------

CodecSuite.Run: campaign(EvaluateOverhead=False, Clock=Armonik.Ffi.Bdn.CpuClock, IterationCount=6, IterationTime=40ms, LaunchCount=1, RunStrategy=Throughput, WarmupCount=25) [Case=core-(...)etain [41]]
Runtime = .NET 8.0.31 (8.0.31, 8.0.3126.42015), X64 RyuJIT x86-64-v4; GC = Concurrent Workstation
Mean = 1.527 ms, StdErr = 0.010 ms (0.65%), N = 6, StdDev = 0.024 ms
Min = 1.495 ms, Q1 = 1.514 ms, Median = 1.521 ms, Q3 = 1.546 ms, Max = 1.558 ms
IQR = 0.032 ms, LowerFence = 1.465 ms, UpperFence = 1.595 ms
ConfidenceInterval = [1.459 ms; 1.595 ms] (CI 99.9%), Margin = 0.068 ms (4.46% of Mean)
Skewness = 0.12, Kurtosis = 1.17, MValue = 2
-------------------- Histogram --------------------
[1.493 ms ; 1.538 ms) | @@@@
[1.538 ms ; 1.575 ms) | @@
---------------------------------------------------

CodecSuite.Run: campaign(EvaluateOverhead=False, Clock=Armonik.Ffi.Bdn.CpuClock, IterationCount=6, IterationTime=40ms, LaunchCount=1, RunStrategy=Throughput, WarmupCount=25) [Case=core-(...)|drop [40]]
Runtime = .NET 8.0.31 (8.0.31, 8.0.3126.42015), X64 RyuJIT x86-64-v4; GC = Concurrent Workstation
Mean = 1.282 ms, StdErr = 0.038 ms (2.99%), N = 6, StdDev = 0.094 ms
Min = 1.197 ms, Q1 = 1.222 ms, Median = 1.237 ms, Q3 = 1.350 ms, Max = 1.417 ms
IQR = 0.127 ms, LowerFence = 1.031 ms, UpperFence = 1.540 ms
ConfidenceInterval = [1.019 ms; 1.545 ms] (CI 99.9%), Margin = 0.263 ms (20.53% of Mean)
Skewness = 0.5, Kurtosis = 1.11, MValue = 3
-------------------- Histogram --------------------
[1.152 ms ; 1.288 ms) | @@@@
[1.288 ms ; 1.333 ms) | 
[1.333 ms ; 1.485 ms) | @@
---------------------------------------------------

CodecSuite.Run: campaign(EvaluateOverhead=False, Clock=Armonik.Ffi.Bdn.CpuClock, IterationCount=6, IterationTime=40ms, LaunchCount=1, RunStrategy=Throughput, WarmupCount=25) [Case=core-(...)etain [42]]
Runtime = .NET 8.0.31 (8.0.31, 8.0.3126.42015), X64 RyuJIT x86-64-v4; GC = Concurrent Workstation
Mean = 1.677 ms, StdErr = 0.005 ms (0.28%), N = 5, StdDev = 0.011 ms
Min = 1.666 ms, Q1 = 1.669 ms, Median = 1.674 ms, Q3 = 1.686 ms, Max = 1.690 ms
IQR = 0.018 ms, LowerFence = 1.643 ms, UpperFence = 1.713 ms
ConfidenceInterval = [1.636 ms; 1.718 ms] (CI 99.9%), Margin = 0.041 ms (2.45% of Mean)
Skewness = 0.18, Kurtosis = 0.86, MValue = 2
-------------------- Histogram --------------------
[1.658 ms ; 1.698 ms) | @@@@@
---------------------------------------------------

CodecSuite.Run: campaign(EvaluateOverhead=False, Clock=Armonik.Ffi.Bdn.CpuClock, IterationCount=6, IterationTime=40ms, LaunchCount=1, RunStrategy=Throughput, WarmupCount=25) [Case=core-(...)|drop [39]]
Runtime = .NET 8.0.31 (8.0.31, 8.0.3126.42015), X64 RyuJIT x86-64-v4; GC = Concurrent Workstation
Mean = 1.278 ms, StdErr = 0.019 ms (1.46%), N = 5, StdDev = 0.042 ms
Min = 1.216 ms, Q1 = 1.260 ms, Median = 1.284 ms, Q3 = 1.306 ms, Max = 1.323 ms
IQR = 0.046 ms, LowerFence = 1.192 ms, UpperFence = 1.375 ms
ConfidenceInterval = [1.117 ms; 1.439 ms] (CI 99.9%), Margin = 0.161 ms (12.57% of Mean)
Skewness = -0.36, Kurtosis = 1.27, MValue = 2
-------------------- Histogram --------------------
[1.184 ms ; 1.259 ms) | @
[1.259 ms ; 1.323 ms) | @@@@
---------------------------------------------------

CodecSuite.Run: campaign(EvaluateOverhead=False, Clock=Armonik.Ffi.Bdn.CpuClock, IterationCount=6, IterationTime=40ms, LaunchCount=1, RunStrategy=Throughput, WarmupCount=25) [Case=core-(...)|drop [40]]
Runtime = .NET 8.0.31 (8.0.31, 8.0.3126.42015), X64 RyuJIT x86-64-v4; GC = Concurrent Workstation
Mean = 1.676 ms, StdErr = 0.021 ms (1.26%), N = 6, StdDev = 0.052 ms
Min = 1.616 ms, Q1 = 1.634 ms, Median = 1.674 ms, Q3 = 1.718 ms, Max = 1.737 ms
IQR = 0.084 ms, LowerFence = 1.508 ms, UpperFence = 1.844 ms
ConfidenceInterval = [1.531 ms; 1.821 ms] (CI 99.9%), Margin = 0.145 ms (8.66% of Mean)
Skewness = 0.03, Kurtosis = 0.88, MValue = 2
-------------------- Histogram --------------------
[1.593 ms ; 1.683 ms) | @@@
[1.683 ms ; 1.758 ms) | @@@
---------------------------------------------------

CodecSuite.Run: campaign(EvaluateOverhead=False, Clock=Armonik.Ffi.Bdn.CpuClock, IterationCount=6, IterationTime=40ms, LaunchCount=1, RunStrategy=Throughput, WarmupCount=25) [Case=core-(...)etain [42]]
Runtime = .NET 8.0.31 (8.0.31, 8.0.3126.42015), X64 RyuJIT x86-64-v4; GC = Concurrent Workstation
Mean = 1.439 ms, StdErr = 0.012 ms (0.84%), N = 6, StdDev = 0.030 ms
Min = 1.410 ms, Q1 = 1.420 ms, Median = 1.428 ms, Q3 = 1.456 ms, Max = 1.486 ms
IQR = 0.036 ms, LowerFence = 1.366 ms, UpperFence = 1.510 ms
ConfidenceInterval = [1.356 ms; 1.522 ms] (CI 99.9%), Margin = 0.083 ms (5.78% of Mean)
Skewness = 0.53, Kurtosis = 1.34, MValue = 2
-------------------- Histogram --------------------
[1.398 ms ; 1.441 ms) | @@@@
[1.441 ms ; 1.497 ms) | @@
---------------------------------------------------

// * Summary *

BenchmarkDotNet v0.15.8, Linux Ubuntu 24.04.4 LTS (Noble Numbat)
Intel Xeon Processor 2.10GHz, 1 CPU, 4 logical and 4 physical cores
.NET SDK 8.0.131
  [Host]   : .NET 8.0.31 (8.0.31, 8.0.3126.42015), X64 RyuJIT x86-64-v4
  campaign : .NET 8.0.31 (8.0.31, 8.0.3126.42015), X64 RyuJIT x86-64-v4

Job=campaign  EvaluateOverhead=False  Clock=Armonik.Ffi.Bdn.CpuClock  
IterationCount=6  IterationTime=40ms  LaunchCount=1  
RunStrategy=Throughput  WarmupCount=25  

| Method | Case                 | Mean         | Error         | StdDev      | Allocated |
|------- |--------------------- |-------------:|--------------:|------------:|----------:|
| Run    | core-(...)etain [42] | 1,538.882 us |   175.5799 us |  62.6135 us |         - |
| Run    | core-(...)|drop [40] | 1,284.377 us |   194.3631 us |  50.4755 us |         - |
| Run    | core-(...)etain [56] |     3.165 us |     0.7760 us |   0.2767 us |         - |
| Run    | core-(...)etain [43] | 2,041.778 us | 1,315.4495 us | 469.1020 us |         - |
| Run    | core-(...)|drop [54] |     2.171 us |     0.1711 us |   0.0610 us |         - |
| Run    | core-(...)|drop [41] | 1,225.278 us |    43.3424 us |  11.2559 us |         - |
| Run    | core-(...)etain [41] | 1,526.751 us |    68.0333 us |  24.2613 us |         - |
| Run    | core-(...)|drop [40] | 1,282.102 us |   263.1788 us |  93.8521 us |         - |
| Run    | core-(...)etain [42] | 1,677.055 us |    41.0155 us |  10.6516 us |         - |
| Run    | core-(...)|drop [39] | 1,277.882 us |   160.6828 us |  41.7288 us |         - |
| Run    | core-(...)|drop [40] | 1,675.773 us |   145.2021 us |  51.7805 us |         - |
| Run    | core-(...)etain [42] | 1,439.010 us |    83.1990 us |  29.6696 us |         - |

// * Legends *
  Case      : Value of the 'Case' parameter
  Mean      : Arithmetic mean of all measurements
  Error     : Half of 99.9% confidence interval
  StdDev    : Standard deviation of all measurements
  Allocated : Allocated memory per single operation (managed only, inclusive, 1KB = 1024B)
  1 us      : 1 Microsecond (0.000001 sec)

// * Diagnostic Output - AkProcessCpu *

// * Diagnostic Output - MemoryDiagnoser *


// ***** BenchmarkRunner: End *****
Global total time: 00:00:34 (34.14 sec), executed benchmarks: 12
// * Artifacts cleanup *
Artifacts cleanup is finished
