# engine:         BenchmarkDotNet 0.15.8.0 (CAMPAIGN.md 22a), toolchain BDN's default, ONE CHILD PROCESS PER CASE (the campaign's native isolation, req 22a as amended e6c909630); process CPU per iteration from the child's clock reads, each pair checked against BDN's wall measurement; the JIT tier is NOT read back (the children's JIT events are not visible here), so the jit check below is vacuous in this mode, pinned by the runner
# grid:           core (CAMPAIGN section 4.0, D18; AK_CAMPAIGN_GRID=core): arms incumbent-prod (full build only), core-ffi (FSM decode, D24) and host-gen (retain in the full build, no-unknown in its build); encode-transport-hot (end state ii, one hot graph) and decode-read; the 16 shapes, P7.1 decode only; Latin-1 and wide on P2.2 only; U-* rows U-nested-before, U-deep-u-repeated, U-oneof-u-repeated, U-wire-ListTaskSummaryResponse-tasks-as-wt5, U-wire-UploadResultDataMessage-upload-as-wt5, U-wire-ListMetricsResponse-batches-as-wt0, U-wire-DualResponse-left-as-wt5 (encode-transport-hot and decode-read). Extras left out (AK_CAMPAIGN_GRID=full runs them): incumbent-best, core-ffi-push (push decode), core-ffi-pull, bare decode, encode at end state (i) and with a pool input, decode-reencode, the drop mode, the incumbent in the no-unknown build, content sets on P1.2 and P2.4, the other U-* rows timed (all stay in the correctness checks)
# allocator:      default (readback at process start: a 16 MiB malloc came from the mmapped (mallinfo2; the block kept, never freed); no heap pre-grow (owner, 2026-10-03): BDN's warm-up runs the real call path, and minflt per row shows whether it sufficed; under the default toolchain each child probes once, on its case's first row as alloc_probe; GLIBC_TUNABLES=unset; CAMPAIGN req 25 as amended 2026-10-03, D9: the main figures run glibc's default allocator as production does; the pinned pass (glibc.malloc.trim_threshold=268435456:glibc.malloc.mmap_threshold=33554432) is a labelled diagnostic; every row carries `alloc` and `minflt`, the process's minor page faults over the iteration (getrusage, read by the job's clock beside the CPU clock), so faults per call = minflt / iters)
# runtime:        .NET 8.0.31; TieredCompilation=default TieredPGO=default (net8.0 defaults unless set); GC server=False, concurrent (default)
# incumbent:      Google.Protobuf 3.32.0
# build:          full (WP5 step 10; the loaded core checked to be the same variant by its u-family exports)
# managed codec:  plan utf8=reject unknown=drop
# job:            launch 2; 6 actual iterations (rounds) per case, 25 warm-up iterations (the same for every case) after BDN's jitting stage (1 overhead + 1 workload jitting invocation per case, logged by BDN in the .bdn.log, not exported) and pilot, iteration time 40 ms (the pilot picks the invocation count per case), strategy Throughput, EvaluateOverhead=false (no overhead subtraction anywhere)
# clocks:         per iteration (every row with round >= 1): wall (Stopwatch) AND process CPU (CLOCK_PROCESS_CPUTIME_ID of this process: every thread, GC and JIT included; CAMPAIGN req 21 as amended, R-H25), both read by the job's clock (CpuClock, Job.WithClock) at the start and end of the same iteration window, exported RAW (no outlier removal, no overhead subtraction); BDN's forced GCs between iterations are outside the window; the round-0 row of each case is a summary of the whole actual stage (span_cpu_ns, span_wall_ns), not a sample
# threads:        thread pool min 2 worker / 1 IO, max 32767 worker / 1000 IO, 0 pool thread(s) now; 2 logical CPUs visible; the codec suite creates no core runtime (no RPC call is made); the timed loop runs on BDN's one thread
# encode:         CAMPAIGN req 11 (R-H29): dir encode = pool input + reused buffer; encode-hot = one graph + reused buffer; encode-transport = pool + the Grpc.Net form; encode-transport-hot = one graph + the Grpc.Net form. Reused buffer: incumbent-prod CalculateSize + WriteTo(IBufferWriter) and incumbent-best WriteTo(IBufferWriter) into one BufWriter, host-gen into its one Enc, core-ffi into the core's encode buffer (ak_encode_*/ak_uencode_*; that buffer is also what cell C hands the core's transport, and host-gen's Enc what cell E hands it, so their transport forms on the core's transport ARE the buffer rows). Grpc.Net form (cells A, F, D): the serializer the RPC grid's marshaller runs (RootOps.SerInc/SerHost/SerFfi), into a frame like Grpc.Net.Client 2.71's GrpcCallSerializationContext: one ArrayPool array, the 5-byte gRPC header, the body, the array returned after (GrpcFrame.cs); incumbent-best has no gRPC path and no transport row. Pool: distinct graphs built in the case's setup whose RETAINED heap is >= 28835840 bytes (2 x AK_LLC_BYTES, default 13.75 MB; AK_POOL_BYTES overrides; per row pool_graphs and pool_bytes), round robin one graph per call; a hot input is a pool of one (the same Next() per call); graph construction is never in the timed window
# U-* rows:       CAMPAIGN req 7 (R-H27): the 92 accepted, non-disputed U-* rows at the shapes core's 7 ABI roots, through this timed shapes core: encode-hot (a graph the arm decoded from the row, untimed; retain arms re-emit the unknown fields, drop arms the dropped form), decode, decode-read, and decode-reencode (a labelled extra; no incumbent-best row)
# content sets:   CAMPAIGN req 7 (R-H26): ascii, latin1 and wide on P1.2, P2.2, P2.4; ascii only elsewhere
# order:          seeded shuffles (below); ratios, where the aggregation forms them, come from per-launch medians (CAMPAIGN req 30): every unit is its own process
# process unit:   all cases; this launch's unit order: core-ffi:drop, core-ffi:retain (a seeded shuffle, seed 15838; within this process the cases run in a seeded shuffle too, seed 209458, the 2 prime cases first; requirement 22 as amended, R-H23)
# warm-up:        BenchmarkDotNet's own, per case: its jitting stage, pilot and the warm-up iterations of the job line (req 24; WP9 addendum: no hand-written pre-warm and no settle wait; the 2 prime cases below are BDN cases); the JIT tier is read back per case and a case that measured hot code at tier 0 fails the unit outside --smoke (the jit check below)
# correctness:    4525 pre-timing checks passed (byte identity of every encode arm per payload and content set; every arm accepts every unknown row; on every unknown row core-ffi retain and host-gen retain re-encode to the incumbent's bytes, i.e. the unknown fields are kept: requirement 10)
# cases:          10 exported, after 2 prime case(s) run first and not exported (copies of the first cases, content "prime"): BDN cases like any other, kept because without them the first case of a process measures BDN's own first-touched runtime helpers (SpanHelpers.Fill) at tier 0 (JOURNAL 51, 62)
# strings:        D21 string encode path AK_STR_ENC=E1R (K 64) (E0 .NET UTF-8 into native staging + ak_tc_bytes; E1 the string pinned + ak_tc_utf16; E2 the C# transcoder callback into the core's buffer; ETH:<n> E1 from n UTF-16 units, E0 below); Cases.Verify checks every path's bytes
# memory:         AK_BDN_MEMORY=1: BenchmarkDotNet's MemoryDiagnoser (an exploration switch, not a campaign setting): one extra workload iteration per case AFTER the actual stage, at the actual stage's invocation count, outside the job's clock (no exported sample is affected); on each case's first sample row mem_alloc_bytes_per_op (GC.GetTotalAllocatedBytes(precise), every thread, divided by its operations), mem_gen = [gen0, gen1, gen2] collections during it, mem_ops its operations, mem_alloc_bytes its total
# cpus:           this process: 2 CPU(s) in its affinity mask (sched_getaffinity), Environment.ProcessorCount 2; single-CPU guard (JOURNAL 73): a timed process (host or BDN child) with ONE CPU is refused unless AK_ALLOW_SINGLE_CPU=1 (here: unset); each case's first row carries cpus_affinity, cpus_runtime and single_cpu_override as its own process saw them
// Validating benchmarks:
// ***** BenchmarkRunner: Start   *****
// ***** Found 12 benchmark(s) in total *****
// ***** Building 1 exe(s) in Parallel: Start   *****
Unable to find .sln or .csproj file. Will use current directory /home/user/ArmoniK.Api/ffi/poc/csharp to search for project file. If you don't use .sln file on purpose it should not be a problem.
// start dotnet  restore --nodeReuse:false /p:UseSharedCompilation=false /p:Deterministic=true /p:Optimize=true /p:ArtifactsPath="/home/user/ArmoniK.Api/ffi/poc/csharp/src/BenchDotNet/bin/Release/net8.0/BenchDotNet-campaign-1/" /p:OutDir="/home/user/ArmoniK.Api/ffi/poc/csharp/src/BenchDotNet/bin/Release/net8.0/BenchDotNet-campaign-1/bin/Release/net8.0/" /p:OutputPath="/home/user/ArmoniK.Api/ffi/poc/csharp/src/BenchDotNet/bin/Release/net8.0/BenchDotNet-campaign-1/bin/Release/net8.0/" /p:PublishDir="/home/user/ArmoniK.Api/ffi/poc/csharp/src/BenchDotNet/bin/Release/net8.0/BenchDotNet-campaign-1/publish/" in /home/user/ArmoniK.Api/ffi/poc/csharp/src/BenchDotNet/bin/Release/net8.0/BenchDotNet-campaign-1
// command took 2.07 sec and exited with 0
// start dotnet  build -c Release --no-restore --nodeReuse:false /p:UseSharedCompilation=false /p:Deterministic=true /p:Optimize=true /p:ArtifactsPath="/home/user/ArmoniK.Api/ffi/poc/csharp/src/BenchDotNet/bin/Release/net8.0/BenchDotNet-campaign-1/" /p:OutDir="/home/user/ArmoniK.Api/ffi/poc/csharp/src/BenchDotNet/bin/Release/net8.0/BenchDotNet-campaign-1/bin/Release/net8.0/" /p:OutputPath="/home/user/ArmoniK.Api/ffi/poc/csharp/src/BenchDotNet/bin/Release/net8.0/BenchDotNet-campaign-1/bin/Release/net8.0/" /p:PublishDir="/home/user/ArmoniK.Api/ffi/poc/csharp/src/BenchDotNet/bin/Release/net8.0/BenchDotNet-campaign-1/publish/" --output "/home/user/ArmoniK.Api/ffi/poc/csharp/src/BenchDotNet/bin/Release/net8.0/BenchDotNet-campaign-1/bin/Release/net8.0/" in /home/user/ArmoniK.Api/ffi/poc/csharp/src/BenchDotNet/bin/Release/net8.0/BenchDotNet-campaign-1
// command took 20.49 sec and exited with 0
// ***** Done, took 00:00:22 (22.69 sec)   *****
// Found 12 benchmarks:
//   CodecSuite.Run: campaign(EvaluateOverhead=False, Clock=Armonik.Ffi.Bdn.CpuClock, IterationCount=6, IterationTime=40ms, LaunchCount=1, RunStrategy=Throughput, WarmupCount=25) [Case=core-(...)etain [42]]
//   CodecSuite.Run: campaign(EvaluateOverhead=False, Clock=Armonik.Ffi.Bdn.CpuClock, IterationCount=6, IterationTime=40ms, LaunchCount=1, RunStrategy=Throughput, WarmupCount=25) [Case=core-(...)|drop [40]]
//   CodecSuite.Run: campaign(EvaluateOverhead=False, Clock=Armonik.Ffi.Bdn.CpuClock, IterationCount=6, IterationTime=40ms, LaunchCount=1, RunStrategy=Throughput, WarmupCount=25) [Case=core-(...)etain [42]]
//   CodecSuite.Run: campaign(EvaluateOverhead=False, Clock=Armonik.Ffi.Bdn.CpuClock, IterationCount=6, IterationTime=40ms, LaunchCount=1, RunStrategy=Throughput, WarmupCount=25) [Case=core-(...)etain [41]]
//   CodecSuite.Run: campaign(EvaluateOverhead=False, Clock=Armonik.Ffi.Bdn.CpuClock, IterationCount=6, IterationTime=40ms, LaunchCount=1, RunStrategy=Throughput, WarmupCount=25) [Case=core-(...)etain [56]]
//   CodecSuite.Run: campaign(EvaluateOverhead=False, Clock=Armonik.Ffi.Bdn.CpuClock, IterationCount=6, IterationTime=40ms, LaunchCount=1, RunStrategy=Throughput, WarmupCount=25) [Case=core-(...)|drop [40]]
//   CodecSuite.Run: campaign(EvaluateOverhead=False, Clock=Armonik.Ffi.Bdn.CpuClock, IterationCount=6, IterationTime=40ms, LaunchCount=1, RunStrategy=Throughput, WarmupCount=25) [Case=core-(...)|drop [54]]
//   CodecSuite.Run: campaign(EvaluateOverhead=False, Clock=Armonik.Ffi.Bdn.CpuClock, IterationCount=6, IterationTime=40ms, LaunchCount=1, RunStrategy=Throughput, WarmupCount=25) [Case=core-(...)|drop [40]]
//   CodecSuite.Run: campaign(EvaluateOverhead=False, Clock=Armonik.Ffi.Bdn.CpuClock, IterationCount=6, IterationTime=40ms, LaunchCount=1, RunStrategy=Throughput, WarmupCount=25) [Case=core-(...)etain [43]]
//   CodecSuite.Run: campaign(EvaluateOverhead=False, Clock=Armonik.Ffi.Bdn.CpuClock, IterationCount=6, IterationTime=40ms, LaunchCount=1, RunStrategy=Throughput, WarmupCount=25) [Case=core-(...)|drop [41]]
//   CodecSuite.Run: campaign(EvaluateOverhead=False, Clock=Armonik.Ffi.Bdn.CpuClock, IterationCount=6, IterationTime=40ms, LaunchCount=1, RunStrategy=Throughput, WarmupCount=25) [Case=core-(...)etain [42]]
//   CodecSuite.Run: campaign(EvaluateOverhead=False, Clock=Armonik.Ffi.Bdn.CpuClock, IterationCount=6, IterationTime=40ms, LaunchCount=1, RunStrategy=Throughput, WarmupCount=25) [Case=core-(...)|drop [39]]

// **************************
// Benchmark: CodecSuite.Run: campaign(EvaluateOverhead=False, Clock=Armonik.Ffi.Bdn.CpuClock, IterationCount=6, IterationTime=40ms, LaunchCount=1, RunStrategy=Throughput, WarmupCount=25) [Case=core-(...)etain [42]]
// *** Execute ***
// Launch: 1 / 1
// Execute: dotnet BenchDotNet-campaign-1.dll --anonymousPipes 138 139 --benchmarkName "Armonik.Ffi.Bdn.CodecSuite.Run(Case: \"core-ffi|encode-core-hot|P2.2|prime|retain\")" --job campaign --benchmarkId 0 in /home/user/ArmoniK.Api/ffi/poc/csharp/src/BenchDotNet/bin/Release/net8.0/BenchDotNet-campaign-1/bin/Release/net8.0
// BeforeAnythingElse

// Benchmark Process Environment Information:
// BenchmarkDotNet v0.15.8
// Runtime=.NET 8.0.31 (8.0.31, 8.0.3126.42015), X64 RyuJIT x86-64-v4
// GC=Concurrent Workstation
// HardwareIntrinsics=AVX512 IFMA+VBMI,AVX512 F+BW+CD+DQ+VL,AVX2+BMI1+BMI2+F16C+FMA+LZCNT+MOVBE,AVX,SSE3+SSSE3+SSE4.1+SSE4.2+POPCNT,X86Base+SSE+SSE2,AES+PCLMUL,AvxVnni,SERIALIZE VectorSize=256
// Job: campaign(EvaluateOverhead=False, Clock=Armonik.Ffi.Bdn.CpuClock, IterationCount=6, IterationTime=40ms, LaunchCount=1, RunStrategy=Throughput, WarmupCount=25)

OverheadJitting  1: 1 op, 254367.00 ns, 254.3670 us/op
WorkloadJitting  1: 1 op, 20672837.00 ns, 20.6728 ms/op

WorkloadPilot    1: 4 op, 41264443.00 ns, 10.3161 ms/op

WorkloadWarmup   1: 4 op, 31681014.00 ns, 7.9203 ms/op
WorkloadWarmup   2: 4 op, 36802111.00 ns, 9.2005 ms/op
WorkloadWarmup   3: 4 op, 31942383.00 ns, 7.9856 ms/op
WorkloadWarmup   4: 4 op, 31270781.00 ns, 7.8177 ms/op
WorkloadWarmup   5: 4 op, 34020690.00 ns, 8.5052 ms/op
WorkloadWarmup   6: 4 op, 17830582.00 ns, 4.4576 ms/op
WorkloadWarmup   7: 4 op, 7011015.00 ns, 1.7528 ms/op
WorkloadWarmup   8: 4 op, 5826404.00 ns, 1.4566 ms/op
WorkloadWarmup   9: 4 op, 7038018.00 ns, 1.7595 ms/op
WorkloadWarmup  10: 4 op, 5287147.00 ns, 1.3218 ms/op
WorkloadWarmup  11: 4 op, 7125858.00 ns, 1.7815 ms/op
WorkloadWarmup  12: 4 op, 5299797.00 ns, 1.3249 ms/op
WorkloadWarmup  13: 4 op, 8748142.00 ns, 2.1870 ms/op
WorkloadWarmup  14: 4 op, 7952119.00 ns, 1.9880 ms/op
WorkloadWarmup  15: 4 op, 15709606.00 ns, 3.9274 ms/op
WorkloadWarmup  16: 4 op, 11092389.00 ns, 2.7731 ms/op
WorkloadWarmup  17: 4 op, 8021826.00 ns, 2.0055 ms/op
WorkloadWarmup  18: 4 op, 5590162.00 ns, 1.3975 ms/op
WorkloadWarmup  19: 4 op, 5372270.00 ns, 1.3431 ms/op
WorkloadWarmup  20: 4 op, 8842596.00 ns, 2.2106 ms/op
WorkloadWarmup  21: 4 op, 8719112.00 ns, 2.1798 ms/op
WorkloadWarmup  22: 4 op, 5315036.00 ns, 1.3288 ms/op
WorkloadWarmup  23: 4 op, 5331171.00 ns, 1.3328 ms/op
WorkloadWarmup  24: 4 op, 5680709.00 ns, 1.4202 ms/op
WorkloadWarmup  25: 4 op, 5586613.00 ns, 1.3967 ms/op

// BeforeActualRun
WorkloadActual   1: 4 op, 5339334.00 ns, 1.3348 ms/op
WorkloadActual   2: 4 op, 5219070.00 ns, 1.3048 ms/op
WorkloadActual   3: 4 op, 5476091.00 ns, 1.3690 ms/op
WorkloadActual   4: 4 op, 5866117.00 ns, 1.4665 ms/op
WorkloadActual   5: 4 op, 5229525.00 ns, 1.3074 ms/op
WorkloadActual   6: 4 op, 5566850.00 ns, 1.3917 ms/op

// AfterActualRun
WorkloadResult   1: 4 op, 5339334.00 ns, 1.3348 ms/op
WorkloadResult   2: 4 op, 5219070.00 ns, 1.3048 ms/op
WorkloadResult   3: 4 op, 5476091.00 ns, 1.3690 ms/op
WorkloadResult   4: 4 op, 5866117.00 ns, 1.4665 ms/op
WorkloadResult   5: 4 op, 5229525.00 ns, 1.3074 ms/op
WorkloadResult   6: 4 op, 5566850.00 ns, 1.3917 ms/op
// GC:  0 0 0 0 4
// Threading:  0 0 4

// AfterAll
// Benchmark Process 13593 has exited with code 0.

Mean = 1.362 ms, StdErr = 0.025 ms (1.84%), N = 6, StdDev = 0.061 ms
Min = 1.305 ms, Q1 = 1.314 ms, Median = 1.352 ms, Q3 = 1.386 ms, Max = 1.467 ms
IQR = 0.072 ms, LowerFence = 1.207 ms, UpperFence = 1.494 ms
ConfidenceInterval = [1.190 ms; 1.535 ms] (CI 99.9%), Margin = 0.172 ms (12.64% of Mean)
Skewness = 0.56, Kurtosis = 1.63, MValue = 2.4

// ** Remained 11 (91.7 %) benchmark(s) to run. Estimated finish 2026-10-10 8:12 (0h 0m from now) **
// **************************
// Benchmark: CodecSuite.Run: campaign(EvaluateOverhead=False, Clock=Armonik.Ffi.Bdn.CpuClock, IterationCount=6, IterationTime=40ms, LaunchCount=1, RunStrategy=Throughput, WarmupCount=25) [Case=core-(...)|drop [40]]
// *** Execute ***
// Launch: 1 / 1
// Execute: dotnet BenchDotNet-campaign-1.dll --anonymousPipes 138 139 --benchmarkName "Armonik.Ffi.Bdn.CodecSuite.Run(Case: \"core-ffi|encode-core-hot|P2.2|prime|drop\")" --job campaign --benchmarkId 1 in /home/user/ArmoniK.Api/ffi/poc/csharp/src/BenchDotNet/bin/Release/net8.0/BenchDotNet-campaign-1/bin/Release/net8.0
// BeforeAnythingElse

// Benchmark Process Environment Information:
// BenchmarkDotNet v0.15.8
// Runtime=.NET 8.0.31 (8.0.31, 8.0.3126.42015), X64 RyuJIT x86-64-v4
// GC=Concurrent Workstation
// HardwareIntrinsics=AVX512 IFMA+VBMI,AVX512 F+BW+CD+DQ+VL,AVX2+BMI1+BMI2+F16C+FMA+LZCNT+MOVBE,AVX,SSE3+SSSE3+SSE4.1+SSE4.2+POPCNT,X86Base+SSE+SSE2,AES+PCLMUL,AvxVnni,SERIALIZE VectorSize=256
// Job: campaign(EvaluateOverhead=False, Clock=Armonik.Ffi.Bdn.CpuClock, IterationCount=6, IterationTime=40ms, LaunchCount=1, RunStrategy=Throughput, WarmupCount=25)

OverheadJitting  1: 1 op, 253745.00 ns, 253.7450 us/op
WorkloadJitting  1: 1 op, 20419099.00 ns, 20.4191 ms/op

WorkloadPilot    1: 4 op, 42190445.00 ns, 10.5476 ms/op

WorkloadWarmup   1: 4 op, 35434555.00 ns, 8.8586 ms/op
WorkloadWarmup   2: 4 op, 36106798.00 ns, 9.0267 ms/op
WorkloadWarmup   3: 4 op, 29635909.00 ns, 7.4090 ms/op
WorkloadWarmup   4: 4 op, 7868311.00 ns, 1.9671 ms/op
WorkloadWarmup   5: 4 op, 4875849.00 ns, 1.2190 ms/op
WorkloadWarmup   6: 4 op, 4965585.00 ns, 1.2414 ms/op
WorkloadWarmup   7: 4 op, 6276454.00 ns, 1.5691 ms/op
WorkloadWarmup   8: 4 op, 7341340.00 ns, 1.8353 ms/op
WorkloadWarmup   9: 4 op, 5729634.00 ns, 1.4324 ms/op
WorkloadWarmup  10: 4 op, 5119294.00 ns, 1.2798 ms/op
WorkloadWarmup  11: 4 op, 9656151.00 ns, 2.4140 ms/op
WorkloadWarmup  12: 4 op, 11720764.00 ns, 2.9302 ms/op
WorkloadWarmup  13: 4 op, 12056586.00 ns, 3.0141 ms/op
WorkloadWarmup  14: 4 op, 4996864.00 ns, 1.2492 ms/op
WorkloadWarmup  15: 4 op, 5350074.00 ns, 1.3375 ms/op
WorkloadWarmup  16: 4 op, 4865184.00 ns, 1.2163 ms/op
WorkloadWarmup  17: 4 op, 5047309.00 ns, 1.2618 ms/op
WorkloadWarmup  18: 4 op, 5337396.00 ns, 1.3343 ms/op
WorkloadWarmup  19: 4 op, 5651035.00 ns, 1.4128 ms/op
WorkloadWarmup  20: 4 op, 4993959.00 ns, 1.2485 ms/op
WorkloadWarmup  21: 4 op, 5034822.00 ns, 1.2587 ms/op
WorkloadWarmup  22: 4 op, 6034888.00 ns, 1.5087 ms/op
WorkloadWarmup  23: 4 op, 5115109.00 ns, 1.2788 ms/op
WorkloadWarmup  24: 4 op, 4897858.00 ns, 1.2245 ms/op
WorkloadWarmup  25: 4 op, 4838417.00 ns, 1.2096 ms/op

// BeforeActualRun
WorkloadActual   1: 4 op, 4954917.00 ns, 1.2387 ms/op
WorkloadActual   2: 4 op, 5617422.00 ns, 1.4044 ms/op
WorkloadActual   3: 4 op, 5065756.00 ns, 1.2664 ms/op
WorkloadActual   4: 4 op, 4802192.00 ns, 1.2005 ms/op
WorkloadActual   5: 4 op, 4949189.00 ns, 1.2373 ms/op
WorkloadActual   6: 4 op, 5115594.00 ns, 1.2789 ms/op

// AfterActualRun
WorkloadResult   1: 4 op, 4954917.00 ns, 1.2387 ms/op
WorkloadResult   2: 4 op, 5065756.00 ns, 1.2664 ms/op
WorkloadResult   3: 4 op, 4802192.00 ns, 1.2005 ms/op
WorkloadResult   4: 4 op, 4949189.00 ns, 1.2373 ms/op
WorkloadResult   5: 4 op, 5115594.00 ns, 1.2789 ms/op
// GC:  0 0 0 0 4
// Threading:  0 0 4

// AfterAll
// Benchmark Process 13603 has exited with code 0.

Mean = 1.244 ms, StdErr = 0.014 ms (1.09%), N = 5, StdDev = 0.030 ms
Min = 1.201 ms, Q1 = 1.237 ms, Median = 1.239 ms, Q3 = 1.266 ms, Max = 1.279 ms
IQR = 0.029 ms, LowerFence = 1.194 ms, UpperFence = 1.310 ms
ConfidenceInterval = [1.128 ms; 1.361 ms] (CI 99.9%), Margin = 0.117 ms (9.39% of Mean)
Skewness = -0.24, Kurtosis = 1.26, MValue = 2

// ** Remained 10 (83.3 %) benchmark(s) to run. Estimated finish 2026-10-10 8:12 (0h 0m from now) **
// **************************
// Benchmark: CodecSuite.Run: campaign(EvaluateOverhead=False, Clock=Armonik.Ffi.Bdn.CpuClock, IterationCount=6, IterationTime=40ms, LaunchCount=1, RunStrategy=Throughput, WarmupCount=25) [Case=core-(...)etain [42]]
// *** Execute ***
// Launch: 1 / 1
// Execute: dotnet BenchDotNet-campaign-1.dll --anonymousPipes 138 139 --benchmarkName "Armonik.Ffi.Bdn.CodecSuite.Run(Case: \"core-ffi|encode-core-hot|P2.4|ascii|retain\")" --job campaign --benchmarkId 2 in /home/user/ArmoniK.Api/ffi/poc/csharp/src/BenchDotNet/bin/Release/net8.0/BenchDotNet-campaign-1/bin/Release/net8.0
// BeforeAnythingElse

// Benchmark Process Environment Information:
// BenchmarkDotNet v0.15.8
// Runtime=.NET 8.0.31 (8.0.31, 8.0.3126.42015), X64 RyuJIT x86-64-v4
// GC=Concurrent Workstation
// HardwareIntrinsics=AVX512 IFMA+VBMI,AVX512 F+BW+CD+DQ+VL,AVX2+BMI1+BMI2+F16C+FMA+LZCNT+MOVBE,AVX,SSE3+SSSE3+SSE4.1+SSE4.2+POPCNT,X86Base+SSE+SSE2,AES+PCLMUL,AvxVnni,SERIALIZE VectorSize=256
// Job: campaign(EvaluateOverhead=False, Clock=Armonik.Ffi.Bdn.CpuClock, IterationCount=6, IterationTime=40ms, LaunchCount=1, RunStrategy=Throughput, WarmupCount=25)

OverheadJitting  1: 1 op, 260798.00 ns, 260.7980 us/op
WorkloadJitting  1: 1 op, 25459416.00 ns, 25.4594 ms/op

WorkloadPilot    1: 4 op, 52948789.00 ns, 13.2372 ms/op

WorkloadWarmup   1: 4 op, 52752303.00 ns, 13.1881 ms/op
WorkloadWarmup   2: 4 op, 45298881.00 ns, 11.3247 ms/op
WorkloadWarmup   3: 4 op, 17546027.00 ns, 4.3865 ms/op
WorkloadWarmup   4: 4 op, 7282501.00 ns, 1.8206 ms/op
WorkloadWarmup   5: 4 op, 6867832.00 ns, 1.7170 ms/op
WorkloadWarmup   6: 4 op, 10031488.00 ns, 2.5079 ms/op
WorkloadWarmup   7: 4 op, 7921178.00 ns, 1.9803 ms/op
WorkloadWarmup   8: 4 op, 7754052.00 ns, 1.9385 ms/op
WorkloadWarmup   9: 4 op, 7618546.00 ns, 1.9046 ms/op
WorkloadWarmup  10: 4 op, 7825748.00 ns, 1.9564 ms/op
WorkloadWarmup  11: 4 op, 16486397.00 ns, 4.1216 ms/op
WorkloadWarmup  12: 4 op, 7312764.00 ns, 1.8282 ms/op
WorkloadWarmup  13: 4 op, 7678669.00 ns, 1.9197 ms/op
WorkloadWarmup  14: 4 op, 7421590.00 ns, 1.8554 ms/op
WorkloadWarmup  15: 4 op, 7069409.00 ns, 1.7674 ms/op
WorkloadWarmup  16: 4 op, 6937173.00 ns, 1.7343 ms/op
WorkloadWarmup  17: 4 op, 7777636.00 ns, 1.9444 ms/op
WorkloadWarmup  18: 4 op, 7208639.00 ns, 1.8022 ms/op
WorkloadWarmup  19: 4 op, 7658518.00 ns, 1.9146 ms/op
WorkloadWarmup  20: 4 op, 7093396.00 ns, 1.7733 ms/op
WorkloadWarmup  21: 4 op, 7434628.00 ns, 1.8587 ms/op
WorkloadWarmup  22: 4 op, 7649423.00 ns, 1.9124 ms/op
WorkloadWarmup  23: 4 op, 7149461.00 ns, 1.7874 ms/op
WorkloadWarmup  24: 4 op, 7457949.00 ns, 1.8645 ms/op
WorkloadWarmup  25: 4 op, 7066878.00 ns, 1.7667 ms/op

// BeforeActualRun
WorkloadActual   1: 4 op, 7197540.00 ns, 1.7994 ms/op
WorkloadActual   2: 4 op, 7256118.00 ns, 1.8140 ms/op
WorkloadActual   3: 4 op, 6886361.00 ns, 1.7216 ms/op
WorkloadActual   4: 4 op, 7057204.00 ns, 1.7643 ms/op
WorkloadActual   5: 4 op, 7067310.00 ns, 1.7668 ms/op
WorkloadActual   6: 4 op, 6999544.00 ns, 1.7499 ms/op

// AfterActualRun
WorkloadResult   1: 4 op, 7197540.00 ns, 1.7994 ms/op
WorkloadResult   2: 4 op, 7256118.00 ns, 1.8140 ms/op
WorkloadResult   3: 4 op, 6886361.00 ns, 1.7216 ms/op
WorkloadResult   4: 4 op, 7057204.00 ns, 1.7643 ms/op
WorkloadResult   5: 4 op, 7067310.00 ns, 1.7668 ms/op
WorkloadResult   6: 4 op, 6999544.00 ns, 1.7499 ms/op
// GC:  0 0 0 0 4
// Threading:  0 0 4

// AfterAll
// Benchmark Process 13615 has exited with code 0.

Mean = 1.769 ms, StdErr = 0.014 ms (0.77%), N = 6, StdDev = 0.033 ms
Min = 1.722 ms, Q1 = 1.753 ms, Median = 1.766 ms, Q3 = 1.791 ms, Max = 1.814 ms
IQR = 0.038 ms, LowerFence = 1.697 ms, UpperFence = 1.848 ms
ConfidenceInterval = [1.676 ms; 1.863 ms] (CI 99.9%), Margin = 0.094 ms (5.30% of Mean)
Skewness = 0, Kurtosis = 1.35, MValue = 2

// ** Remained 9 (75.0 %) benchmark(s) to run. Estimated finish 2026-10-10 8:12 (0h 0m from now) **
// **************************
// Benchmark: CodecSuite.Run: campaign(EvaluateOverhead=False, Clock=Armonik.Ffi.Bdn.CpuClock, IterationCount=6, IterationTime=40ms, LaunchCount=1, RunStrategy=Throughput, WarmupCount=25) [Case=core-(...)etain [41]]
// *** Execute ***
// Launch: 1 / 1
// Execute: dotnet BenchDotNet-campaign-1.dll --anonymousPipes 138 139 --benchmarkName "Armonik.Ffi.Bdn.CodecSuite.Run(Case: \"core-ffi|encode-core-hot|P2.2|wide|retain\")" --job campaign --benchmarkId 3 in /home/user/ArmoniK.Api/ffi/poc/csharp/src/BenchDotNet/bin/Release/net8.0/BenchDotNet-campaign-1/bin/Release/net8.0
// BeforeAnythingElse

// Benchmark Process Environment Information:
// BenchmarkDotNet v0.15.8
// Runtime=.NET 8.0.31 (8.0.31, 8.0.3126.42015), X64 RyuJIT x86-64-v4
// GC=Concurrent Workstation
// HardwareIntrinsics=AVX512 IFMA+VBMI,AVX512 F+BW+CD+DQ+VL,AVX2+BMI1+BMI2+F16C+FMA+LZCNT+MOVBE,AVX,SSE3+SSSE3+SSE4.1+SSE4.2+POPCNT,X86Base+SSE+SSE2,AES+PCLMUL,AvxVnni,SERIALIZE VectorSize=256
// Job: campaign(EvaluateOverhead=False, Clock=Armonik.Ffi.Bdn.CpuClock, IterationCount=6, IterationTime=40ms, LaunchCount=1, RunStrategy=Throughput, WarmupCount=25)

OverheadJitting  1: 1 op, 354159.00 ns, 354.1590 us/op
WorkloadJitting  1: 1 op, 22511962.00 ns, 22.5120 ms/op

WorkloadPilot    1: 4 op, 41746567.00 ns, 10.4366 ms/op

WorkloadWarmup   1: 4 op, 29904034.00 ns, 7.4760 ms/op
WorkloadWarmup   2: 4 op, 36205730.00 ns, 9.0514 ms/op
WorkloadWarmup   3: 4 op, 29694867.00 ns, 7.4237 ms/op
WorkloadWarmup   4: 4 op, 33613849.00 ns, 8.4035 ms/op
WorkloadWarmup   5: 4 op, 31458248.00 ns, 7.8646 ms/op
WorkloadWarmup   6: 4 op, 38714284.00 ns, 9.6786 ms/op
WorkloadWarmup   7: 4 op, 39426292.00 ns, 9.8566 ms/op
WorkloadWarmup   8: 4 op, 16068841.00 ns, 4.0172 ms/op
WorkloadWarmup   9: 4 op, 7203231.00 ns, 1.8008 ms/op
WorkloadWarmup  10: 4 op, 6651015.00 ns, 1.6628 ms/op
WorkloadWarmup  11: 4 op, 7810936.00 ns, 1.9527 ms/op
WorkloadWarmup  12: 4 op, 6246435.00 ns, 1.5616 ms/op
WorkloadWarmup  13: 4 op, 6311552.00 ns, 1.5779 ms/op
WorkloadWarmup  14: 4 op, 6301504.00 ns, 1.5754 ms/op
WorkloadWarmup  15: 4 op, 9918888.00 ns, 2.4797 ms/op
WorkloadWarmup  16: 4 op, 8567765.00 ns, 2.1419 ms/op
WorkloadWarmup  17: 4 op, 16798671.00 ns, 4.1997 ms/op
WorkloadWarmup  18: 4 op, 12179447.00 ns, 3.0449 ms/op
WorkloadWarmup  19: 4 op, 6059601.00 ns, 1.5149 ms/op
WorkloadWarmup  20: 4 op, 6365667.00 ns, 1.5914 ms/op
WorkloadWarmup  21: 4 op, 6206661.00 ns, 1.5517 ms/op
WorkloadWarmup  22: 4 op, 9966887.00 ns, 2.4917 ms/op
WorkloadWarmup  23: 4 op, 6020955.00 ns, 1.5052 ms/op
WorkloadWarmup  24: 4 op, 6252375.00 ns, 1.5631 ms/op
WorkloadWarmup  25: 4 op, 5886078.00 ns, 1.4715 ms/op

// BeforeActualRun
WorkloadActual   1: 4 op, 5912952.00 ns, 1.4782 ms/op
WorkloadActual   2: 4 op, 5958278.00 ns, 1.4896 ms/op
WorkloadActual   3: 4 op, 5915662.00 ns, 1.4789 ms/op
WorkloadActual   4: 4 op, 6790135.00 ns, 1.6975 ms/op
WorkloadActual   5: 4 op, 5853076.00 ns, 1.4633 ms/op
WorkloadActual   6: 4 op, 5792235.00 ns, 1.4481 ms/op

// AfterActualRun
WorkloadResult   1: 4 op, 5912952.00 ns, 1.4782 ms/op
WorkloadResult   2: 4 op, 5958278.00 ns, 1.4896 ms/op
WorkloadResult   3: 4 op, 5915662.00 ns, 1.4789 ms/op
WorkloadResult   4: 4 op, 5853076.00 ns, 1.4633 ms/op
WorkloadResult   5: 4 op, 5792235.00 ns, 1.4481 ms/op
// GC:  0 0 0 0 4
// Threading:  0 0 4

// AfterAll
// Benchmark Process 13624 has exited with code 0.

Mean = 1.472 ms, StdErr = 0.007 ms (0.49%), N = 5, StdDev = 0.016 ms
Min = 1.448 ms, Q1 = 1.463 ms, Median = 1.478 ms, Q3 = 1.479 ms, Max = 1.490 ms
IQR = 0.016 ms, LowerFence = 1.440 ms, UpperFence = 1.502 ms
ConfidenceInterval = [1.409 ms; 1.534 ms] (CI 99.9%), Margin = 0.062 ms (4.23% of Mean)
Skewness = -0.34, Kurtosis = 1.24, MValue = 2

// ** Remained 8 (66.7 %) benchmark(s) to run. Estimated finish 2026-10-10 8:12 (0h 0m from now) **
// **************************
// Benchmark: CodecSuite.Run: campaign(EvaluateOverhead=False, Clock=Armonik.Ffi.Bdn.CpuClock, IterationCount=6, IterationTime=40ms, LaunchCount=1, RunStrategy=Throughput, WarmupCount=25) [Case=core-(...)etain [56]]
// *** Execute ***
// Launch: 1 / 1
// Execute: dotnet BenchDotNet-campaign-1.dll --anonymousPipes 138 139 --benchmarkName "Armonik.Ffi.Bdn.CodecSuite.Run(Case: \"core-ffi|encode-core-hot|U-deep-u-repeated|corpus|retain\")" --job campaign --benchmarkId 4 in /home/user/ArmoniK.Api/ffi/poc/csharp/src/BenchDotNet/bin/Release/net8.0/BenchDotNet-campaign-1/bin/Release/net8.0
// BeforeAnythingElse

// Benchmark Process Environment Information:
// BenchmarkDotNet v0.15.8
// Runtime=.NET 8.0.31 (8.0.31, 8.0.3126.42015), X64 RyuJIT x86-64-v4
// GC=Concurrent Workstation
// HardwareIntrinsics=AVX512 IFMA+VBMI,AVX512 F+BW+CD+DQ+VL,AVX2+BMI1+BMI2+F16C+FMA+LZCNT+MOVBE,AVX,SSE3+SSSE3+SSE4.1+SSE4.2+POPCNT,X86Base+SSE+SSE2,AES+PCLMUL,AvxVnni,SERIALIZE VectorSize=256
// Job: campaign(EvaluateOverhead=False, Clock=Armonik.Ffi.Bdn.CpuClock, IterationCount=6, IterationTime=40ms, LaunchCount=1, RunStrategy=Throughput, WarmupCount=25)

OverheadJitting  1: 1 op, 308001.00 ns, 308.0010 us/op
WorkloadJitting  1: 1 op, 14583319.00 ns, 14.5833 ms/op

WorkloadPilot    1: 4 op, 107448.00 ns, 26.8620 us/op
WorkloadPilot    2: 1489 op, 21335948.00 ns, 14.3290 us/op
WorkloadPilot    3: 2792 op, 41029153.00 ns, 14.6953 us/op
WorkloadPilot    4: 2722 op, 40167291.00 ns, 14.7565 us/op
WorkloadPilot    5: 2711 op, 45335957.00 ns, 16.7230 us/op

WorkloadWarmup   1: 2711 op, 12831212.00 ns, 4.7330 us/op
WorkloadWarmup   2: 2711 op, 12685925.00 ns, 4.6794 us/op
WorkloadWarmup   3: 2711 op, 12891887.00 ns, 4.7554 us/op
WorkloadWarmup   4: 2711 op, 12835470.00 ns, 4.7346 us/op
WorkloadWarmup   5: 2711 op, 12857408.00 ns, 4.7427 us/op
WorkloadWarmup   6: 2711 op, 12689091.00 ns, 4.6806 us/op
WorkloadWarmup   7: 2711 op, 12767160.00 ns, 4.7094 us/op
WorkloadWarmup   8: 2711 op, 12553542.00 ns, 4.6306 us/op
WorkloadWarmup   9: 2711 op, 13167646.00 ns, 4.8571 us/op
WorkloadWarmup  10: 2711 op, 12596570.00 ns, 4.6465 us/op
WorkloadWarmup  11: 2711 op, 14206711.00 ns, 5.2404 us/op
WorkloadWarmup  12: 2711 op, 12593363.00 ns, 4.6453 us/op
WorkloadWarmup  13: 2711 op, 12134071.00 ns, 4.4759 us/op
WorkloadWarmup  14: 2711 op, 12519468.00 ns, 4.6180 us/op
WorkloadWarmup  15: 2711 op, 19321591.00 ns, 7.1271 us/op
WorkloadWarmup  16: 2711 op, 14743205.00 ns, 5.4383 us/op
WorkloadWarmup  17: 2711 op, 10648069.00 ns, 3.9277 us/op
WorkloadWarmup  18: 2711 op, 8015162.00 ns, 2.9565 us/op
WorkloadWarmup  19: 2711 op, 8840512.00 ns, 3.2610 us/op
WorkloadWarmup  20: 2711 op, 7775773.00 ns, 2.8682 us/op
WorkloadWarmup  21: 2711 op, 7633421.00 ns, 2.8157 us/op
WorkloadWarmup  22: 2711 op, 7501179.00 ns, 2.7669 us/op
WorkloadWarmup  23: 2711 op, 7455771.00 ns, 2.7502 us/op
WorkloadWarmup  24: 2711 op, 7365045.00 ns, 2.7167 us/op
WorkloadWarmup  25: 2711 op, 9057354.00 ns, 3.3410 us/op

// BeforeActualRun
WorkloadActual   1: 2711 op, 7470403.00 ns, 2.7556 us/op
WorkloadActual   2: 2711 op, 7817714.00 ns, 2.8837 us/op
WorkloadActual   3: 2711 op, 7368590.00 ns, 2.7180 us/op
WorkloadActual   4: 2711 op, 7349295.00 ns, 2.7109 us/op
WorkloadActual   5: 2711 op, 9141949.00 ns, 3.3722 us/op
WorkloadActual   6: 2711 op, 7896034.00 ns, 2.9126 us/op

// AfterActualRun
WorkloadResult   1: 2711 op, 7470403.00 ns, 2.7556 us/op
WorkloadResult   2: 2711 op, 7817714.00 ns, 2.8837 us/op
WorkloadResult   3: 2711 op, 7368590.00 ns, 2.7180 us/op
WorkloadResult   4: 2711 op, 7349295.00 ns, 2.7109 us/op
WorkloadResult   5: 2711 op, 7896034.00 ns, 2.9126 us/op
// GC:  0 0 0 0 2711
// Threading:  0 0 2711

// AfterAll
// Benchmark Process 13633 has exited with code 0.

Mean = 2.796 us, StdErr = 0.043 us (1.52%), N = 5, StdDev = 0.095 us
Min = 2.711 us, Q1 = 2.718 us, Median = 2.756 us, Q3 = 2.884 us, Max = 2.913 us
IQR = 0.166 us, LowerFence = 2.470 us, UpperFence = 3.132 us
ConfidenceInterval = [2.430 us; 3.163 us] (CI 99.9%), Margin = 0.366 us (13.11% of Mean)
Skewness = 0.25, Kurtosis = 0.82, MValue = 2

// ** Remained 7 (58.3 %) benchmark(s) to run. Estimated finish 2026-10-10 8:12 (0h 0m from now) **
// **************************
// Benchmark: CodecSuite.Run: campaign(EvaluateOverhead=False, Clock=Armonik.Ffi.Bdn.CpuClock, IterationCount=6, IterationTime=40ms, LaunchCount=1, RunStrategy=Throughput, WarmupCount=25) [Case=core-(...)|drop [40]]
// *** Execute ***
// Launch: 1 / 1
// Execute: dotnet BenchDotNet-campaign-1.dll --anonymousPipes 138 139 --benchmarkName "Armonik.Ffi.Bdn.CodecSuite.Run(Case: \"core-ffi|encode-core-hot|P2.2|ascii|drop\")" --job campaign --benchmarkId 5 in /home/user/ArmoniK.Api/ffi/poc/csharp/src/BenchDotNet/bin/Release/net8.0/BenchDotNet-campaign-1/bin/Release/net8.0
// BeforeAnythingElse

// Benchmark Process Environment Information:
// BenchmarkDotNet v0.15.8
// Runtime=.NET 8.0.31 (8.0.31, 8.0.3126.42015), X64 RyuJIT x86-64-v4
// GC=Concurrent Workstation
// HardwareIntrinsics=AVX512 IFMA+VBMI,AVX512 F+BW+CD+DQ+VL,AVX2+BMI1+BMI2+F16C+FMA+LZCNT+MOVBE,AVX,SSE3+SSSE3+SSE4.1+SSE4.2+POPCNT,X86Base+SSE+SSE2,AES+PCLMUL,AvxVnni,SERIALIZE VectorSize=256
// Job: campaign(EvaluateOverhead=False, Clock=Armonik.Ffi.Bdn.CpuClock, IterationCount=6, IterationTime=40ms, LaunchCount=1, RunStrategy=Throughput, WarmupCount=25)

OverheadJitting  1: 1 op, 268704.00 ns, 268.7040 us/op
WorkloadJitting  1: 1 op, 21237956.00 ns, 21.2380 ms/op

WorkloadPilot    1: 4 op, 38388686.00 ns, 9.5972 ms/op

WorkloadWarmup   1: 4 op, 28694209.00 ns, 7.1736 ms/op
WorkloadWarmup   2: 4 op, 35390733.00 ns, 8.8477 ms/op
WorkloadWarmup   3: 4 op, 28146513.00 ns, 7.0366 ms/op
WorkloadWarmup   4: 4 op, 21889236.00 ns, 5.4723 ms/op
WorkloadWarmup   5: 4 op, 11193459.00 ns, 2.7984 ms/op
WorkloadWarmup   6: 4 op, 5291924.00 ns, 1.3230 ms/op
WorkloadWarmup   7: 4 op, 5213656.00 ns, 1.3034 ms/op
WorkloadWarmup   8: 4 op, 5579846.00 ns, 1.3950 ms/op
WorkloadWarmup   9: 4 op, 4941344.00 ns, 1.2353 ms/op
WorkloadWarmup  10: 4 op, 4938768.00 ns, 1.2347 ms/op
WorkloadWarmup  11: 4 op, 5031574.00 ns, 1.2579 ms/op
WorkloadWarmup  12: 4 op, 4898653.00 ns, 1.2247 ms/op
WorkloadWarmup  13: 4 op, 20938424.00 ns, 5.2346 ms/op
WorkloadWarmup  14: 4 op, 10518545.00 ns, 2.6296 ms/op
WorkloadWarmup  15: 4 op, 10031218.00 ns, 2.5078 ms/op
WorkloadWarmup  16: 4 op, 5108035.00 ns, 1.2770 ms/op
WorkloadWarmup  17: 4 op, 5013151.00 ns, 1.2533 ms/op
WorkloadWarmup  18: 4 op, 5147503.00 ns, 1.2869 ms/op
WorkloadWarmup  19: 4 op, 5006662.00 ns, 1.2517 ms/op
WorkloadWarmup  20: 4 op, 4942048.00 ns, 1.2355 ms/op
WorkloadWarmup  21: 4 op, 4949912.00 ns, 1.2375 ms/op
WorkloadWarmup  22: 4 op, 4871937.00 ns, 1.2180 ms/op
WorkloadWarmup  23: 4 op, 4833608.00 ns, 1.2084 ms/op
WorkloadWarmup  24: 4 op, 5055147.00 ns, 1.2638 ms/op
WorkloadWarmup  25: 4 op, 5140648.00 ns, 1.2852 ms/op

// BeforeActualRun
WorkloadActual   1: 4 op, 5167927.00 ns, 1.2920 ms/op
WorkloadActual   2: 4 op, 5264405.00 ns, 1.3161 ms/op
WorkloadActual   3: 4 op, 5487709.00 ns, 1.3719 ms/op
WorkloadActual   4: 4 op, 5057773.00 ns, 1.2644 ms/op
WorkloadActual   5: 4 op, 5037909.00 ns, 1.2595 ms/op
WorkloadActual   6: 4 op, 5563797.00 ns, 1.3909 ms/op

// AfterActualRun
WorkloadResult   1: 4 op, 5167927.00 ns, 1.2920 ms/op
WorkloadResult   2: 4 op, 5264405.00 ns, 1.3161 ms/op
WorkloadResult   3: 4 op, 5487709.00 ns, 1.3719 ms/op
WorkloadResult   4: 4 op, 5057773.00 ns, 1.2644 ms/op
WorkloadResult   5: 4 op, 5037909.00 ns, 1.2595 ms/op
WorkloadResult   6: 4 op, 5563797.00 ns, 1.3909 ms/op
// GC:  0 0 0 0 4
// Threading:  0 0 4

// AfterAll
// Benchmark Process 13642 has exited with code 0.

Mean = 1.316 ms, StdErr = 0.022 ms (1.71%), N = 6, StdDev = 0.055 ms
Min = 1.259 ms, Q1 = 1.271 ms, Median = 1.304 ms, Q3 = 1.358 ms, Max = 1.391 ms
IQR = 0.087 ms, LowerFence = 1.141 ms, UpperFence = 1.488 ms
ConfidenceInterval = [1.161 ms; 1.470 ms] (CI 99.9%), Margin = 0.154 ms (11.74% of Mean)
Skewness = 0.27, Kurtosis = 1.07, MValue = 2

// ** Remained 6 (50.0 %) benchmark(s) to run. Estimated finish 2026-10-10 8:12 (0h 0m from now) **
// **************************
// Benchmark: CodecSuite.Run: campaign(EvaluateOverhead=False, Clock=Armonik.Ffi.Bdn.CpuClock, IterationCount=6, IterationTime=40ms, LaunchCount=1, RunStrategy=Throughput, WarmupCount=25) [Case=core-(...)|drop [54]]
// *** Execute ***
// Launch: 1 / 1
// Execute: dotnet BenchDotNet-campaign-1.dll --anonymousPipes 138 139 --benchmarkName "Armonik.Ffi.Bdn.CodecSuite.Run(Case: \"core-ffi|encode-core-hot|U-deep-u-repeated|corpus|drop\")" --job campaign --benchmarkId 6 in /home/user/ArmoniK.Api/ffi/poc/csharp/src/BenchDotNet/bin/Release/net8.0/BenchDotNet-campaign-1/bin/Release/net8.0
// BeforeAnythingElse

// Benchmark Process Environment Information:
// BenchmarkDotNet v0.15.8
// Runtime=.NET 8.0.31 (8.0.31, 8.0.3126.42015), X64 RyuJIT x86-64-v4
// GC=Concurrent Workstation
// HardwareIntrinsics=AVX512 IFMA+VBMI,AVX512 F+BW+CD+DQ+VL,AVX2+BMI1+BMI2+F16C+FMA+LZCNT+MOVBE,AVX,SSE3+SSSE3+SSE4.1+SSE4.2+POPCNT,X86Base+SSE+SSE2,AES+PCLMUL,AvxVnni,SERIALIZE VectorSize=256
// Job: campaign(EvaluateOverhead=False, Clock=Armonik.Ffi.Bdn.CpuClock, IterationCount=6, IterationTime=40ms, LaunchCount=1, RunStrategy=Throughput, WarmupCount=25)

OverheadJitting  1: 1 op, 262970.00 ns, 262.9700 us/op
WorkloadJitting  1: 1 op, 12090097.00 ns, 12.0901 ms/op

WorkloadPilot    1: 4 op, 74582.00 ns, 18.6455 us/op
WorkloadPilot    2: 2145 op, 38166738.00 ns, 17.7934 us/op
WorkloadPilot    3: 2248 op, 31420369.00 ns, 13.9770 us/op
WorkloadPilot    4: 2862 op, 38896152.00 ns, 13.5905 us/op
WorkloadPilot    5: 2943 op, 36450012.00 ns, 12.3853 us/op
WorkloadPilot    6: 3230 op, 12009221.00 ns, 3.7180 us/op
WorkloadPilot    7: 10758 op, 24448229.00 ns, 2.2726 us/op
WorkloadPilot    8: 17601 op, 38638749.00 ns, 2.1953 us/op
WorkloadPilot    9: 18221 op, 42635321.00 ns, 2.3399 us/op
WorkloadPilot   10: 17095 op, 38344929.00 ns, 2.2430 us/op
WorkloadPilot   11: 17833 op, 42003137.00 ns, 2.3554 us/op
WorkloadPilot   12: 16983 op, 38466967.00 ns, 2.2650 us/op
WorkloadPilot   13: 17660 op, 40429748.00 ns, 2.2893 us/op

WorkloadWarmup   1: 17660 op, 38542174.00 ns, 2.1825 us/op
WorkloadWarmup   2: 17660 op, 38987368.00 ns, 2.2077 us/op
WorkloadWarmup   3: 17660 op, 42393180.00 ns, 2.4005 us/op
WorkloadWarmup   4: 17660 op, 37910568.00 ns, 2.1467 us/op
WorkloadWarmup   5: 17660 op, 39191854.00 ns, 2.2192 us/op
WorkloadWarmup   6: 17660 op, 40433464.00 ns, 2.2896 us/op
WorkloadWarmup   7: 17660 op, 38018672.00 ns, 2.1528 us/op
WorkloadWarmup   8: 17660 op, 39282514.00 ns, 2.2244 us/op
WorkloadWarmup   9: 17660 op, 41305175.00 ns, 2.3389 us/op
WorkloadWarmup  10: 17660 op, 40354499.00 ns, 2.2851 us/op
WorkloadWarmup  11: 17660 op, 39482188.00 ns, 2.2357 us/op
WorkloadWarmup  12: 17660 op, 39139370.00 ns, 2.2163 us/op
WorkloadWarmup  13: 17660 op, 45588830.00 ns, 2.5815 us/op
WorkloadWarmup  14: 17660 op, 41640372.00 ns, 2.3579 us/op
WorkloadWarmup  15: 17660 op, 40533507.00 ns, 2.2952 us/op
WorkloadWarmup  16: 17660 op, 43187271.00 ns, 2.4455 us/op
WorkloadWarmup  17: 17660 op, 44339007.00 ns, 2.5107 us/op
WorkloadWarmup  18: 17660 op, 39005595.00 ns, 2.2087 us/op
WorkloadWarmup  19: 17660 op, 47332296.00 ns, 2.6802 us/op
WorkloadWarmup  20: 17660 op, 41623673.00 ns, 2.3569 us/op
WorkloadWarmup  21: 17660 op, 39203322.00 ns, 2.2199 us/op
WorkloadWarmup  22: 17660 op, 50794302.00 ns, 2.8762 us/op
WorkloadWarmup  23: 17660 op, 60721545.00 ns, 3.4384 us/op
WorkloadWarmup  24: 17660 op, 39909104.00 ns, 2.2599 us/op
WorkloadWarmup  25: 17660 op, 46551120.00 ns, 2.6360 us/op

// BeforeActualRun
WorkloadActual   1: 17660 op, 38609207.00 ns, 2.1863 us/op
WorkloadActual   2: 17660 op, 39480884.00 ns, 2.2356 us/op
WorkloadActual   3: 17660 op, 48803356.00 ns, 2.7635 us/op
WorkloadActual   4: 17660 op, 40605153.00 ns, 2.2993 us/op
WorkloadActual   5: 17660 op, 37537040.00 ns, 2.1255 us/op
WorkloadActual   6: 17660 op, 58284888.00 ns, 3.3004 us/op

// AfterActualRun
WorkloadResult   1: 17660 op, 38609207.00 ns, 2.1863 us/op
WorkloadResult   2: 17660 op, 39480884.00 ns, 2.2356 us/op
WorkloadResult   3: 17660 op, 48803356.00 ns, 2.7635 us/op
WorkloadResult   4: 17660 op, 40605153.00 ns, 2.2993 us/op
WorkloadResult   5: 17660 op, 37537040.00 ns, 2.1255 us/op
WorkloadResult   6: 17660 op, 58284888.00 ns, 3.3004 us/op
// GC:  0 0 0 0 17660
// Threading:  0 0 17660

// AfterAll
// Benchmark Process 13651 has exited with code 0.

Mean = 2.485 us, StdErr = 0.188 us (7.56%), N = 6, StdDev = 0.460 us
Min = 2.126 us, Q1 = 2.199 us, Median = 2.267 us, Q3 = 2.647 us, Max = 3.300 us
IQR = 0.449 us, LowerFence = 1.525 us, UpperFence = 3.321 us
ConfidenceInterval = [1.195 us; 3.775 us] (CI 99.9%), Margin = 1.290 us (51.90% of Mean)
Skewness = 0.8, Kurtosis = 1.78, MValue = 2

// ** Remained 5 (41.7 %) benchmark(s) to run. Estimated finish 2026-10-10 8:12 (0h 0m from now) **
// **************************
// Benchmark: CodecSuite.Run: campaign(EvaluateOverhead=False, Clock=Armonik.Ffi.Bdn.CpuClock, IterationCount=6, IterationTime=40ms, LaunchCount=1, RunStrategy=Throughput, WarmupCount=25) [Case=core-(...)|drop [40]]
// *** Execute ***
// Launch: 1 / 1
// Execute: dotnet BenchDotNet-campaign-1.dll --anonymousPipes 138 139 --benchmarkName "Armonik.Ffi.Bdn.CodecSuite.Run(Case: \"core-ffi|encode-core-hot|P2.4|ascii|drop\")" --job campaign --benchmarkId 7 in /home/user/ArmoniK.Api/ffi/poc/csharp/src/BenchDotNet/bin/Release/net8.0/BenchDotNet-campaign-1/bin/Release/net8.0
// BeforeAnythingElse

// Benchmark Process Environment Information:
// BenchmarkDotNet v0.15.8
// Runtime=.NET 8.0.31 (8.0.31, 8.0.3126.42015), X64 RyuJIT x86-64-v4
// GC=Concurrent Workstation
// HardwareIntrinsics=AVX512 IFMA+VBMI,AVX512 F+BW+CD+DQ+VL,AVX2+BMI1+BMI2+F16C+FMA+LZCNT+MOVBE,AVX,SSE3+SSSE3+SSE4.1+SSE4.2+POPCNT,X86Base+SSE+SSE2,AES+PCLMUL,AvxVnni,SERIALIZE VectorSize=256
// Job: campaign(EvaluateOverhead=False, Clock=Armonik.Ffi.Bdn.CpuClock, IterationCount=6, IterationTime=40ms, LaunchCount=1, RunStrategy=Throughput, WarmupCount=25)

OverheadJitting  1: 1 op, 396295.00 ns, 396.2950 us/op
WorkloadJitting  1: 1 op, 25498403.00 ns, 25.4984 ms/op

WorkloadPilot    1: 4 op, 52324416.00 ns, 13.0811 ms/op

WorkloadWarmup   1: 4 op, 46876303.00 ns, 11.7191 ms/op
WorkloadWarmup   2: 4 op, 46298483.00 ns, 11.5746 ms/op
WorkloadWarmup   3: 4 op, 40022418.00 ns, 10.0056 ms/op
WorkloadWarmup   4: 4 op, 10088178.00 ns, 2.5220 ms/op
WorkloadWarmup   5: 4 op, 6946904.00 ns, 1.7367 ms/op
WorkloadWarmup   6: 4 op, 7470970.00 ns, 1.8677 ms/op
WorkloadWarmup   7: 4 op, 7410889.00 ns, 1.8527 ms/op
WorkloadWarmup   8: 4 op, 8162410.00 ns, 2.0406 ms/op
WorkloadWarmup   9: 4 op, 8057441.00 ns, 2.0144 ms/op
WorkloadWarmup  10: 4 op, 6841424.00 ns, 1.7104 ms/op
WorkloadWarmup  11: 4 op, 12162125.00 ns, 3.0405 ms/op
WorkloadWarmup  12: 4 op, 7413229.00 ns, 1.8533 ms/op
WorkloadWarmup  13: 4 op, 7020988.00 ns, 1.7552 ms/op
WorkloadWarmup  14: 4 op, 9108960.00 ns, 2.2772 ms/op
WorkloadWarmup  15: 4 op, 6903571.00 ns, 1.7259 ms/op
WorkloadWarmup  16: 4 op, 6842409.00 ns, 1.7106 ms/op
WorkloadWarmup  17: 4 op, 6974418.00 ns, 1.7436 ms/op
WorkloadWarmup  18: 4 op, 7019232.00 ns, 1.7548 ms/op
WorkloadWarmup  19: 4 op, 7043073.00 ns, 1.7608 ms/op
WorkloadWarmup  20: 4 op, 6841976.00 ns, 1.7105 ms/op
WorkloadWarmup  21: 4 op, 7108552.00 ns, 1.7771 ms/op
WorkloadWarmup  22: 4 op, 7117859.00 ns, 1.7795 ms/op
WorkloadWarmup  23: 4 op, 7265124.00 ns, 1.8163 ms/op
WorkloadWarmup  24: 4 op, 7292056.00 ns, 1.8230 ms/op
WorkloadWarmup  25: 4 op, 7338078.00 ns, 1.8345 ms/op

// BeforeActualRun
WorkloadActual   1: 4 op, 7600467.00 ns, 1.9001 ms/op
WorkloadActual   2: 4 op, 7695117.00 ns, 1.9238 ms/op
WorkloadActual   3: 4 op, 8852125.00 ns, 2.2130 ms/op
WorkloadActual   4: 4 op, 7232518.00 ns, 1.8081 ms/op
WorkloadActual   5: 4 op, 7617989.00 ns, 1.9045 ms/op
WorkloadActual   6: 4 op, 7417382.00 ns, 1.8543 ms/op

// AfterActualRun
WorkloadResult   1: 4 op, 7600467.00 ns, 1.9001 ms/op
WorkloadResult   2: 4 op, 7695117.00 ns, 1.9238 ms/op
WorkloadResult   3: 4 op, 7232518.00 ns, 1.8081 ms/op
WorkloadResult   4: 4 op, 7617989.00 ns, 1.9045 ms/op
WorkloadResult   5: 4 op, 7417382.00 ns, 1.8543 ms/op
// GC:  0 0 0 336 4
// Threading:  0 0 4

// AfterAll
// Benchmark Process 13660 has exited with code 0.

Mean = 1.878 ms, StdErr = 0.021 ms (1.11%), N = 5, StdDev = 0.047 ms
Min = 1.808 ms, Q1 = 1.854 ms, Median = 1.900 ms, Q3 = 1.904 ms, Max = 1.924 ms
IQR = 0.050 ms, LowerFence = 1.779 ms, UpperFence = 1.980 ms
ConfidenceInterval = [1.698 ms; 2.058 ms] (CI 99.9%), Margin = 0.180 ms (9.58% of Mean)
Skewness = -0.46, Kurtosis = 1.24, MValue = 2

// ** Remained 4 (33.3 %) benchmark(s) to run. Estimated finish 2026-10-10 8:12 (0h 0m from now) **
// **************************
// Benchmark: CodecSuite.Run: campaign(EvaluateOverhead=False, Clock=Armonik.Ffi.Bdn.CpuClock, IterationCount=6, IterationTime=40ms, LaunchCount=1, RunStrategy=Throughput, WarmupCount=25) [Case=core-(...)etain [43]]
// *** Execute ***
// Launch: 1 / 1
// Execute: dotnet BenchDotNet-campaign-1.dll --anonymousPipes 138 139 --benchmarkName "Armonik.Ffi.Bdn.CodecSuite.Run(Case: \"core-ffi|encode-core-hot|P2.2|latin1|retain\")" --job campaign --benchmarkId 8 in /home/user/ArmoniK.Api/ffi/poc/csharp/src/BenchDotNet/bin/Release/net8.0/BenchDotNet-campaign-1/bin/Release/net8.0
// BeforeAnythingElse

// Benchmark Process Environment Information:
// BenchmarkDotNet v0.15.8
// Runtime=.NET 8.0.31 (8.0.31, 8.0.3126.42015), X64 RyuJIT x86-64-v4
// GC=Concurrent Workstation
// HardwareIntrinsics=AVX512 IFMA+VBMI,AVX512 F+BW+CD+DQ+VL,AVX2+BMI1+BMI2+F16C+FMA+LZCNT+MOVBE,AVX,SSE3+SSSE3+SSE4.1+SSE4.2+POPCNT,X86Base+SSE+SSE2,AES+PCLMUL,AvxVnni,SERIALIZE VectorSize=256
// Job: campaign(EvaluateOverhead=False, Clock=Armonik.Ffi.Bdn.CpuClock, IterationCount=6, IterationTime=40ms, LaunchCount=1, RunStrategy=Throughput, WarmupCount=25)

OverheadJitting  1: 1 op, 302972.00 ns, 302.9720 us/op
WorkloadJitting  1: 1 op, 20961907.00 ns, 20.9619 ms/op

WorkloadPilot    1: 4 op, 38767958.00 ns, 9.6920 ms/op

WorkloadWarmup   1: 4 op, 28475905.00 ns, 7.1190 ms/op
WorkloadWarmup   2: 4 op, 35250673.00 ns, 8.8127 ms/op
WorkloadWarmup   3: 4 op, 28520302.00 ns, 7.1301 ms/op
WorkloadWarmup   4: 4 op, 19465021.00 ns, 4.8663 ms/op
WorkloadWarmup   5: 4 op, 6441345.00 ns, 1.6103 ms/op
WorkloadWarmup   6: 4 op, 5264499.00 ns, 1.3161 ms/op
WorkloadWarmup   7: 4 op, 5366529.00 ns, 1.3416 ms/op
WorkloadWarmup   8: 4 op, 5770153.00 ns, 1.4425 ms/op
WorkloadWarmup   9: 4 op, 9462030.00 ns, 2.3655 ms/op
WorkloadWarmup  10: 4 op, 5764301.00 ns, 1.4411 ms/op
WorkloadWarmup  11: 4 op, 7657417.00 ns, 1.9144 ms/op
WorkloadWarmup  12: 4 op, 30897368.00 ns, 7.7243 ms/op
WorkloadWarmup  13: 4 op, 5404982.00 ns, 1.3512 ms/op
WorkloadWarmup  14: 4 op, 12105764.00 ns, 3.0264 ms/op
WorkloadWarmup  15: 4 op, 5610472.00 ns, 1.4026 ms/op
WorkloadWarmup  16: 4 op, 5983761.00 ns, 1.4959 ms/op
WorkloadWarmup  17: 4 op, 5358953.00 ns, 1.3397 ms/op
WorkloadWarmup  18: 4 op, 5410181.00 ns, 1.3525 ms/op
WorkloadWarmup  19: 4 op, 5395163.00 ns, 1.3488 ms/op
WorkloadWarmup  20: 4 op, 6110029.00 ns, 1.5275 ms/op
WorkloadWarmup  21: 4 op, 5345668.00 ns, 1.3364 ms/op
WorkloadWarmup  22: 4 op, 5316583.00 ns, 1.3291 ms/op
WorkloadWarmup  23: 4 op, 5338255.00 ns, 1.3346 ms/op
WorkloadWarmup  24: 4 op, 5500355.00 ns, 1.3751 ms/op
WorkloadWarmup  25: 4 op, 6232664.00 ns, 1.5582 ms/op

// BeforeActualRun
WorkloadActual   1: 4 op, 5363419.00 ns, 1.3409 ms/op
WorkloadActual   2: 4 op, 5291451.00 ns, 1.3229 ms/op
WorkloadActual   3: 4 op, 5322302.00 ns, 1.3306 ms/op
WorkloadActual   4: 4 op, 5252762.00 ns, 1.3132 ms/op
WorkloadActual   5: 4 op, 5841393.00 ns, 1.4603 ms/op
WorkloadActual   6: 4 op, 5316155.00 ns, 1.3290 ms/op

// AfterActualRun
WorkloadResult   1: 4 op, 5363419.00 ns, 1.3409 ms/op
WorkloadResult   2: 4 op, 5291451.00 ns, 1.3229 ms/op
WorkloadResult   3: 4 op, 5322302.00 ns, 1.3306 ms/op
WorkloadResult   4: 4 op, 5252762.00 ns, 1.3132 ms/op
WorkloadResult   5: 4 op, 5316155.00 ns, 1.3290 ms/op
// GC:  0 0 0 0 4
// Threading:  0 0 4

// AfterAll
// Benchmark Process 13669 has exited with code 0.

Mean = 1.327 ms, StdErr = 0.005 ms (0.34%), N = 5, StdDev = 0.010 ms
Min = 1.313 ms, Q1 = 1.323 ms, Median = 1.329 ms, Q3 = 1.331 ms, Max = 1.341 ms
IQR = 0.008 ms, LowerFence = 1.311 ms, UpperFence = 1.342 ms
ConfidenceInterval = [1.288 ms; 1.367 ms] (CI 99.9%), Margin = 0.039 ms (2.96% of Mean)
Skewness = -0.07, Kurtosis = 1.36, MValue = 2

// ** Remained 3 (25.0 %) benchmark(s) to run. Estimated finish 2026-10-10 8:12 (0h 0m from now) **
// **************************
// Benchmark: CodecSuite.Run: campaign(EvaluateOverhead=False, Clock=Armonik.Ffi.Bdn.CpuClock, IterationCount=6, IterationTime=40ms, LaunchCount=1, RunStrategy=Throughput, WarmupCount=25) [Case=core-(...)|drop [41]]
// *** Execute ***
// Launch: 1 / 1
// Execute: dotnet BenchDotNet-campaign-1.dll --anonymousPipes 138 139 --benchmarkName "Armonik.Ffi.Bdn.CodecSuite.Run(Case: \"core-ffi|encode-core-hot|P2.2|latin1|drop\")" --job campaign --benchmarkId 9 in /home/user/ArmoniK.Api/ffi/poc/csharp/src/BenchDotNet/bin/Release/net8.0/BenchDotNet-campaign-1/bin/Release/net8.0
// BeforeAnythingElse

// Benchmark Process Environment Information:
// BenchmarkDotNet v0.15.8
// Runtime=.NET 8.0.31 (8.0.31, 8.0.3126.42015), X64 RyuJIT x86-64-v4
// GC=Concurrent Workstation
// HardwareIntrinsics=AVX512 IFMA+VBMI,AVX512 F+BW+CD+DQ+VL,AVX2+BMI1+BMI2+F16C+FMA+LZCNT+MOVBE,AVX,SSE3+SSSE3+SSE4.1+SSE4.2+POPCNT,X86Base+SSE+SSE2,AES+PCLMUL,AvxVnni,SERIALIZE VectorSize=256
// Job: campaign(EvaluateOverhead=False, Clock=Armonik.Ffi.Bdn.CpuClock, IterationCount=6, IterationTime=40ms, LaunchCount=1, RunStrategy=Throughput, WarmupCount=25)

OverheadJitting  1: 1 op, 344818.00 ns, 344.8180 us/op
WorkloadJitting  1: 1 op, 21037383.00 ns, 21.0374 ms/op

WorkloadPilot    1: 4 op, 38734831.00 ns, 9.6837 ms/op

WorkloadWarmup   1: 4 op, 29622358.00 ns, 7.4056 ms/op
WorkloadWarmup   2: 4 op, 47799038.00 ns, 11.9498 ms/op
WorkloadWarmup   3: 4 op, 32326241.00 ns, 8.0816 ms/op
WorkloadWarmup   4: 4 op, 30275401.00 ns, 7.5689 ms/op
WorkloadWarmup   5: 4 op, 30775816.00 ns, 7.6940 ms/op
WorkloadWarmup   6: 4 op, 17403077.00 ns, 4.3508 ms/op
WorkloadWarmup   7: 4 op, 5815509.00 ns, 1.4539 ms/op
WorkloadWarmup   8: 4 op, 5028228.00 ns, 1.2571 ms/op
WorkloadWarmup   9: 4 op, 5502467.00 ns, 1.3756 ms/op
WorkloadWarmup  10: 4 op, 5450534.00 ns, 1.3626 ms/op
WorkloadWarmup  11: 4 op, 9172183.00 ns, 2.2930 ms/op
WorkloadWarmup  12: 4 op, 5177595.00 ns, 1.2944 ms/op
WorkloadWarmup  13: 4 op, 5416764.00 ns, 1.3542 ms/op
WorkloadWarmup  14: 4 op, 9691263.00 ns, 2.4228 ms/op
WorkloadWarmup  15: 4 op, 11707648.00 ns, 2.9269 ms/op
WorkloadWarmup  16: 4 op, 11148472.00 ns, 2.7871 ms/op
WorkloadWarmup  17: 4 op, 5107453.00 ns, 1.2769 ms/op
WorkloadWarmup  18: 4 op, 6030741.00 ns, 1.5077 ms/op
WorkloadWarmup  19: 4 op, 5085739.00 ns, 1.2714 ms/op
WorkloadWarmup  20: 4 op, 5195990.00 ns, 1.2990 ms/op
WorkloadWarmup  21: 4 op, 5871084.00 ns, 1.4678 ms/op
WorkloadWarmup  22: 4 op, 5210661.00 ns, 1.3027 ms/op
WorkloadWarmup  23: 4 op, 5040386.00 ns, 1.2601 ms/op
WorkloadWarmup  24: 4 op, 10159241.00 ns, 2.5398 ms/op
WorkloadWarmup  25: 4 op, 6455041.00 ns, 1.6138 ms/op

// BeforeActualRun
WorkloadActual   1: 4 op, 5478135.00 ns, 1.3695 ms/op
WorkloadActual   2: 4 op, 6175912.00 ns, 1.5440 ms/op
WorkloadActual   3: 4 op, 8542052.00 ns, 2.1355 ms/op
WorkloadActual   4: 4 op, 5308802.00 ns, 1.3272 ms/op
WorkloadActual   5: 4 op, 5180038.00 ns, 1.2950 ms/op
WorkloadActual   6: 4 op, 5433547.00 ns, 1.3584 ms/op

// AfterActualRun
WorkloadResult   1: 4 op, 5478135.00 ns, 1.3695 ms/op
WorkloadResult   2: 4 op, 6175912.00 ns, 1.5440 ms/op
WorkloadResult   3: 4 op, 5308802.00 ns, 1.3272 ms/op
WorkloadResult   4: 4 op, 5180038.00 ns, 1.2950 ms/op
WorkloadResult   5: 4 op, 5433547.00 ns, 1.3584 ms/op
// GC:  0 0 0 0 4
// Threading:  0 0 4

// AfterAll
// Benchmark Process 13678 has exited with code 0.

Mean = 1.379 ms, StdErr = 0.043 ms (3.14%), N = 5, StdDev = 0.097 ms
Min = 1.295 ms, Q1 = 1.327 ms, Median = 1.358 ms, Q3 = 1.370 ms, Max = 1.544 ms
IQR = 0.042 ms, LowerFence = 1.264 ms, UpperFence = 1.433 ms
ConfidenceInterval = [1.006 ms; 1.752 ms] (CI 99.9%), Margin = 0.373 ms (27.03% of Mean)
Skewness = 0.83, Kurtosis = 1.82, MValue = 2

// ** Remained 2 (16.7 %) benchmark(s) to run. Estimated finish 2026-10-10 8:12 (0h 0m from now) **
// **************************
// Benchmark: CodecSuite.Run: campaign(EvaluateOverhead=False, Clock=Armonik.Ffi.Bdn.CpuClock, IterationCount=6, IterationTime=40ms, LaunchCount=1, RunStrategy=Throughput, WarmupCount=25) [Case=core-(...)etain [42]]
// *** Execute ***
// Launch: 1 / 1
// Execute: dotnet BenchDotNet-campaign-1.dll --anonymousPipes 138 139 --benchmarkName "Armonik.Ffi.Bdn.CodecSuite.Run(Case: \"core-ffi|encode-core-hot|P2.2|ascii|retain\")" --job campaign --benchmarkId 10 in /home/user/ArmoniK.Api/ffi/poc/csharp/src/BenchDotNet/bin/Release/net8.0/BenchDotNet-campaign-1/bin/Release/net8.0
// BeforeAnythingElse

// Benchmark Process Environment Information:
// BenchmarkDotNet v0.15.8
// Runtime=.NET 8.0.31 (8.0.31, 8.0.3126.42015), X64 RyuJIT x86-64-v4
// GC=Concurrent Workstation
// HardwareIntrinsics=AVX512 IFMA+VBMI,AVX512 F+BW+CD+DQ+VL,AVX2+BMI1+BMI2+F16C+FMA+LZCNT+MOVBE,AVX,SSE3+SSSE3+SSE4.1+SSE4.2+POPCNT,X86Base+SSE+SSE2,AES+PCLMUL,AvxVnni,SERIALIZE VectorSize=256
// Job: campaign(EvaluateOverhead=False, Clock=Armonik.Ffi.Bdn.CpuClock, IterationCount=6, IterationTime=40ms, LaunchCount=1, RunStrategy=Throughput, WarmupCount=25)

OverheadJitting  1: 1 op, 343704.00 ns, 343.7040 us/op
WorkloadJitting  1: 1 op, 25792149.00 ns, 25.7921 ms/op

WorkloadPilot    1: 4 op, 40719690.00 ns, 10.1799 ms/op

WorkloadWarmup   1: 4 op, 34294603.00 ns, 8.5737 ms/op
WorkloadWarmup   2: 4 op, 41883314.00 ns, 10.4708 ms/op
WorkloadWarmup   3: 4 op, 31720011.00 ns, 7.9300 ms/op
WorkloadWarmup   4: 4 op, 50260469.00 ns, 12.5651 ms/op
WorkloadWarmup   5: 4 op, 32246646.00 ns, 8.0617 ms/op
WorkloadWarmup   6: 4 op, 8078844.00 ns, 2.0197 ms/op
WorkloadWarmup   7: 4 op, 6308351.00 ns, 1.5771 ms/op
WorkloadWarmup   8: 4 op, 10861393.00 ns, 2.7153 ms/op
WorkloadWarmup   9: 4 op, 6135164.00 ns, 1.5338 ms/op
WorkloadWarmup  10: 4 op, 6418798.00 ns, 1.6047 ms/op
WorkloadWarmup  11: 4 op, 5600674.00 ns, 1.4002 ms/op
WorkloadWarmup  12: 4 op, 9488426.00 ns, 2.3721 ms/op
WorkloadWarmup  13: 4 op, 11794626.00 ns, 2.9487 ms/op
WorkloadWarmup  14: 4 op, 11649807.00 ns, 2.9125 ms/op
WorkloadWarmup  15: 4 op, 11961608.00 ns, 2.9904 ms/op
WorkloadWarmup  16: 4 op, 5675161.00 ns, 1.4188 ms/op
WorkloadWarmup  17: 4 op, 10135808.00 ns, 2.5340 ms/op
WorkloadWarmup  18: 4 op, 10405946.00 ns, 2.6015 ms/op
WorkloadWarmup  19: 4 op, 5403469.00 ns, 1.3509 ms/op
WorkloadWarmup  20: 4 op, 34122461.00 ns, 8.5306 ms/op
WorkloadWarmup  21: 4 op, 13849763.00 ns, 3.4624 ms/op
WorkloadWarmup  22: 4 op, 6075934.00 ns, 1.5190 ms/op
WorkloadWarmup  23: 4 op, 5704420.00 ns, 1.4261 ms/op
WorkloadWarmup  24: 4 op, 5594282.00 ns, 1.3986 ms/op
WorkloadWarmup  25: 4 op, 43729732.00 ns, 10.9324 ms/op

// BeforeActualRun
WorkloadActual   1: 4 op, 9545220.00 ns, 2.3863 ms/op
WorkloadActual   2: 4 op, 6720470.00 ns, 1.6801 ms/op
WorkloadActual   3: 4 op, 8544446.00 ns, 2.1361 ms/op
WorkloadActual   4: 4 op, 40360262.00 ns, 10.0901 ms/op
WorkloadActual   5: 4 op, 6600277.00 ns, 1.6501 ms/op
WorkloadActual   6: 4 op, 8562040.00 ns, 2.1405 ms/op

// AfterActualRun
WorkloadResult   1: 4 op, 9545220.00 ns, 2.3863 ms/op
WorkloadResult   2: 4 op, 6720470.00 ns, 1.6801 ms/op
WorkloadResult   3: 4 op, 8544446.00 ns, 2.1361 ms/op
WorkloadResult   4: 4 op, 6600277.00 ns, 1.6501 ms/op
WorkloadResult   5: 4 op, 8562040.00 ns, 2.1405 ms/op
// GC:  0 0 0 0 4
// Threading:  0 0 4

// AfterAll
// Benchmark Process 13687 has exited with code 0.

Mean = 1.999 ms, StdErr = 0.144 ms (7.18%), N = 5, StdDev = 0.321 ms
Min = 1.650 ms, Q1 = 1.680 ms, Median = 2.136 ms, Q3 = 2.141 ms, Max = 2.386 ms
IQR = 0.460 ms, LowerFence = 0.990 ms, UpperFence = 2.831 ms
ConfidenceInterval = [0.762 ms; 3.235 ms] (CI 99.9%), Margin = 1.236 ms (61.85% of Mean)
Skewness = -0.07, Kurtosis = 0.91, MValue = 2

// ** Remained 1 (8.3 %) benchmark(s) to run. Estimated finish 2026-10-10 8:12 (0h 0m from now) **
// **************************
// Benchmark: CodecSuite.Run: campaign(EvaluateOverhead=False, Clock=Armonik.Ffi.Bdn.CpuClock, IterationCount=6, IterationTime=40ms, LaunchCount=1, RunStrategy=Throughput, WarmupCount=25) [Case=core-(...)|drop [39]]
// *** Execute ***
// Launch: 1 / 1
// Execute: dotnet BenchDotNet-campaign-1.dll --anonymousPipes 138 139 --benchmarkName "Armonik.Ffi.Bdn.CodecSuite.Run(Case: \"core-ffi|encode-core-hot|P2.2|wide|drop\")" --job campaign --benchmarkId 11 in /home/user/ArmoniK.Api/ffi/poc/csharp/src/BenchDotNet/bin/Release/net8.0/BenchDotNet-campaign-1/bin/Release/net8.0
// BeforeAnythingElse

// Benchmark Process Environment Information:
// BenchmarkDotNet v0.15.8
// Runtime=.NET 8.0.31 (8.0.31, 8.0.3126.42015), X64 RyuJIT x86-64-v4
// GC=Concurrent Workstation
// HardwareIntrinsics=AVX512 IFMA+VBMI,AVX512 F+BW+CD+DQ+VL,AVX2+BMI1+BMI2+F16C+FMA+LZCNT+MOVBE,AVX,SSE3+SSSE3+SSE4.1+SSE4.2+POPCNT,X86Base+SSE+SSE2,AES+PCLMUL,AvxVnni,SERIALIZE VectorSize=256
// Job: campaign(EvaluateOverhead=False, Clock=Armonik.Ffi.Bdn.CpuClock, IterationCount=6, IterationTime=40ms, LaunchCount=1, RunStrategy=Throughput, WarmupCount=25)

OverheadJitting  1: 1 op, 306417.00 ns, 306.4170 us/op
WorkloadJitting  1: 1 op, 26509655.00 ns, 26.5097 ms/op

WorkloadPilot    1: 4 op, 39834500.00 ns, 9.9586 ms/op

WorkloadWarmup   1: 4 op, 30124206.00 ns, 7.5311 ms/op
WorkloadWarmup   2: 4 op, 37702434.00 ns, 9.4256 ms/op
WorkloadWarmup   3: 4 op, 32759568.00 ns, 8.1899 ms/op
WorkloadWarmup   4: 4 op, 29121305.00 ns, 7.2803 ms/op
WorkloadWarmup   5: 4 op, 10918778.00 ns, 2.7297 ms/op
WorkloadWarmup   6: 4 op, 5982582.00 ns, 1.4956 ms/op
WorkloadWarmup   7: 4 op, 5908453.00 ns, 1.4771 ms/op
WorkloadWarmup   8: 4 op, 5941798.00 ns, 1.4854 ms/op
WorkloadWarmup   9: 4 op, 5880253.00 ns, 1.4701 ms/op
WorkloadWarmup  10: 4 op, 5559205.00 ns, 1.3898 ms/op
WorkloadWarmup  11: 4 op, 5518369.00 ns, 1.3796 ms/op
WorkloadWarmup  12: 4 op, 5631146.00 ns, 1.4078 ms/op
WorkloadWarmup  13: 4 op, 6320976.00 ns, 1.5802 ms/op
WorkloadWarmup  14: 4 op, 10690233.00 ns, 2.6726 ms/op
WorkloadWarmup  15: 4 op, 12734824.00 ns, 3.1837 ms/op
WorkloadWarmup  16: 4 op, 11432058.00 ns, 2.8580 ms/op
WorkloadWarmup  17: 4 op, 5773876.00 ns, 1.4435 ms/op
WorkloadWarmup  18: 4 op, 5633172.00 ns, 1.4083 ms/op
WorkloadWarmup  19: 4 op, 5812198.00 ns, 1.4530 ms/op
WorkloadWarmup  20: 4 op, 5620574.00 ns, 1.4051 ms/op
WorkloadWarmup  21: 4 op, 5664843.00 ns, 1.4162 ms/op
WorkloadWarmup  22: 4 op, 5510239.00 ns, 1.3776 ms/op
WorkloadWarmup  23: 4 op, 5551738.00 ns, 1.3879 ms/op
WorkloadWarmup  24: 4 op, 5626311.00 ns, 1.4066 ms/op
WorkloadWarmup  25: 4 op, 5570036.00 ns, 1.3925 ms/op

// BeforeActualRun
WorkloadActual   1: 4 op, 5814892.00 ns, 1.4537 ms/op
WorkloadActual   2: 4 op, 5529785.00 ns, 1.3824 ms/op
WorkloadActual   3: 4 op, 5606345.00 ns, 1.4016 ms/op
WorkloadActual   4: 4 op, 5607805.00 ns, 1.4020 ms/op
WorkloadActual   5: 4 op, 5496182.00 ns, 1.3740 ms/op
WorkloadActual   6: 4 op, 5721606.00 ns, 1.4304 ms/op

// AfterActualRun
WorkloadResult   1: 4 op, 5814892.00 ns, 1.4537 ms/op
WorkloadResult   2: 4 op, 5529785.00 ns, 1.3824 ms/op
WorkloadResult   3: 4 op, 5606345.00 ns, 1.4016 ms/op
WorkloadResult   4: 4 op, 5607805.00 ns, 1.4020 ms/op
WorkloadResult   5: 4 op, 5496182.00 ns, 1.3740 ms/op
WorkloadResult   6: 4 op, 5721606.00 ns, 1.4304 ms/op
// GC:  0 0 0 0 4
// Threading:  0 0 4

// AfterAll
// Benchmark Process 13696 has exited with code 0.

Mean = 1.407 ms, StdErr = 0.012 ms (0.87%), N = 6, StdDev = 0.030 ms
Min = 1.374 ms, Q1 = 1.387 ms, Median = 1.402 ms, Q3 = 1.423 ms, Max = 1.454 ms
IQR = 0.036 ms, LowerFence = 1.333 ms, UpperFence = 1.477 ms
ConfidenceInterval = [1.323 ms; 1.491 ms] (CI 99.9%), Margin = 0.084 ms (5.96% of Mean)
Skewness = 0.37, Kurtosis = 1.36, MValue = 2

// ** Remained 0 (0.0 %) benchmark(s) to run. Estimated finish 2026-10-10 8:12 (0h 0m from now) **
Run time: 00:00:14 (14.46 sec), executed benchmarks: 12

// ***** BenchmarkRunner: Finish  *****

// * Export *
  home/user/ArmoniK.Api/ffi/logs/csharp/opt/s14/grid/r3-dflt-full-r2.jsonl

// * Detailed results *
CodecSuite.Run: campaign(EvaluateOverhead=False, Clock=Armonik.Ffi.Bdn.CpuClock, IterationCount=6, IterationTime=40ms, LaunchCount=1, RunStrategy=Throughput, WarmupCount=25) [Case=core-(...)etain [42]]
Runtime = .NET 8.0.31 (8.0.31, 8.0.3126.42015), X64 RyuJIT x86-64-v4; GC = Concurrent Workstation
Mean = 1.362 ms, StdErr = 0.025 ms (1.84%), N = 6, StdDev = 0.061 ms
Min = 1.305 ms, Q1 = 1.314 ms, Median = 1.352 ms, Q3 = 1.386 ms, Max = 1.467 ms
IQR = 0.072 ms, LowerFence = 1.207 ms, UpperFence = 1.494 ms
ConfidenceInterval = [1.190 ms; 1.535 ms] (CI 99.9%), Margin = 0.172 ms (12.64% of Mean)
Skewness = 0.56, Kurtosis = 1.63, MValue = 2.4
-------------------- Histogram --------------------
[1.304 ms ; 1.393 ms) | @@@@@
[1.393 ms ; 1.422 ms) | 
[1.422 ms ; 1.511 ms) | @
---------------------------------------------------

CodecSuite.Run: campaign(EvaluateOverhead=False, Clock=Armonik.Ffi.Bdn.CpuClock, IterationCount=6, IterationTime=40ms, LaunchCount=1, RunStrategy=Throughput, WarmupCount=25) [Case=core-(...)|drop [40]]
Runtime = .NET 8.0.31 (8.0.31, 8.0.3126.42015), X64 RyuJIT x86-64-v4; GC = Concurrent Workstation
Mean = 1.244 ms, StdErr = 0.014 ms (1.09%), N = 5, StdDev = 0.030 ms
Min = 1.201 ms, Q1 = 1.237 ms, Median = 1.239 ms, Q3 = 1.266 ms, Max = 1.279 ms
IQR = 0.029 ms, LowerFence = 1.194 ms, UpperFence = 1.310 ms
ConfidenceInterval = [1.128 ms; 1.361 ms] (CI 99.9%), Margin = 0.117 ms (9.39% of Mean)
Skewness = -0.24, Kurtosis = 1.26, MValue = 2
-------------------- Histogram --------------------
[1.177 ms ; 1.224 ms) | @
[1.224 ms ; 1.281 ms) | @@@@
---------------------------------------------------

CodecSuite.Run: campaign(EvaluateOverhead=False, Clock=Armonik.Ffi.Bdn.CpuClock, IterationCount=6, IterationTime=40ms, LaunchCount=1, RunStrategy=Throughput, WarmupCount=25) [Case=core-(...)etain [56]]
Runtime = .NET 8.0.31 (8.0.31, 8.0.3126.42015), X64 RyuJIT x86-64-v4; GC = Concurrent Workstation
Mean = 2.796 us, StdErr = 0.043 us (1.52%), N = 5, StdDev = 0.095 us
Min = 2.711 us, Q1 = 2.718 us, Median = 2.756 us, Q3 = 2.884 us, Max = 2.913 us
IQR = 0.166 us, LowerFence = 2.470 us, UpperFence = 3.132 us
ConfidenceInterval = [2.430 us; 3.163 us] (CI 99.9%), Margin = 0.366 us (13.11% of Mean)
Skewness = 0.25, Kurtosis = 0.82, MValue = 2
-------------------- Histogram --------------------
[2.660 us ; 2.825 us) | @@@
[2.825 us ; 2.986 us) | @@
---------------------------------------------------

CodecSuite.Run: campaign(EvaluateOverhead=False, Clock=Armonik.Ffi.Bdn.CpuClock, IterationCount=6, IterationTime=40ms, LaunchCount=1, RunStrategy=Throughput, WarmupCount=25) [Case=core-(...)etain [43]]
Runtime = .NET 8.0.31 (8.0.31, 8.0.3126.42015), X64 RyuJIT x86-64-v4; GC = Concurrent Workstation
Mean = 1.327 ms, StdErr = 0.005 ms (0.34%), N = 5, StdDev = 0.010 ms
Min = 1.313 ms, Q1 = 1.323 ms, Median = 1.329 ms, Q3 = 1.331 ms, Max = 1.341 ms
IQR = 0.008 ms, LowerFence = 1.311 ms, UpperFence = 1.342 ms
ConfidenceInterval = [1.288 ms; 1.367 ms] (CI 99.9%), Margin = 0.039 ms (2.96% of Mean)
Skewness = -0.07, Kurtosis = 1.36, MValue = 2
-------------------- Histogram --------------------
[1.305 ms ; 1.349 ms) | @@@@@
---------------------------------------------------

CodecSuite.Run: campaign(EvaluateOverhead=False, Clock=Armonik.Ffi.Bdn.CpuClock, IterationCount=6, IterationTime=40ms, LaunchCount=1, RunStrategy=Throughput, WarmupCount=25) [Case=core-(...)|drop [54]]
Runtime = .NET 8.0.31 (8.0.31, 8.0.3126.42015), X64 RyuJIT x86-64-v4; GC = Concurrent Workstation
Mean = 2.485 us, StdErr = 0.188 us (7.56%), N = 6, StdDev = 0.460 us
Min = 2.126 us, Q1 = 2.199 us, Median = 2.267 us, Q3 = 2.647 us, Max = 3.300 us
IQR = 0.449 us, LowerFence = 1.525 us, UpperFence = 3.321 us
ConfidenceInterval = [1.195 us; 3.775 us] (CI 99.9%), Margin = 1.290 us (51.90% of Mean)
Skewness = 0.8, Kurtosis = 1.78, MValue = 2
-------------------- Histogram --------------------
[2.112 us ; 2.968 us) | @@@@@
[2.968 us ; 3.633 us) | @
---------------------------------------------------

CodecSuite.Run: campaign(EvaluateOverhead=False, Clock=Armonik.Ffi.Bdn.CpuClock, IterationCount=6, IterationTime=40ms, LaunchCount=1, RunStrategy=Throughput, WarmupCount=25) [Case=core-(...)|drop [41]]
Runtime = .NET 8.0.31 (8.0.31, 8.0.3126.42015), X64 RyuJIT x86-64-v4; GC = Concurrent Workstation
Mean = 1.379 ms, StdErr = 0.043 ms (3.14%), N = 5, StdDev = 0.097 ms
Min = 1.295 ms, Q1 = 1.327 ms, Median = 1.358 ms, Q3 = 1.370 ms, Max = 1.544 ms
IQR = 0.042 ms, LowerFence = 1.264 ms, UpperFence = 1.433 ms
ConfidenceInterval = [1.006 ms; 1.752 ms] (CI 99.9%), Margin = 0.373 ms (27.03% of Mean)
Skewness = 0.83, Kurtosis = 1.82, MValue = 2
-------------------- Histogram --------------------
[1.258 ms ; 1.407 ms) | @@@@
[1.407 ms ; 1.470 ms) | 
[1.470 ms ; 1.618 ms) | @
---------------------------------------------------

CodecSuite.Run: campaign(EvaluateOverhead=False, Clock=Armonik.Ffi.Bdn.CpuClock, IterationCount=6, IterationTime=40ms, LaunchCount=1, RunStrategy=Throughput, WarmupCount=25) [Case=core-(...)etain [41]]
Runtime = .NET 8.0.31 (8.0.31, 8.0.3126.42015), X64 RyuJIT x86-64-v4; GC = Concurrent Workstation
Mean = 1.472 ms, StdErr = 0.007 ms (0.49%), N = 5, StdDev = 0.016 ms
Min = 1.448 ms, Q1 = 1.463 ms, Median = 1.478 ms, Q3 = 1.479 ms, Max = 1.490 ms
IQR = 0.016 ms, LowerFence = 1.440 ms, UpperFence = 1.502 ms
ConfidenceInterval = [1.409 ms; 1.534 ms] (CI 99.9%), Margin = 0.062 ms (4.23% of Mean)
Skewness = -0.34, Kurtosis = 1.24, MValue = 2
-------------------- Histogram --------------------
[1.441 ms ; 1.499 ms) | @@@@@
---------------------------------------------------

CodecSuite.Run: campaign(EvaluateOverhead=False, Clock=Armonik.Ffi.Bdn.CpuClock, IterationCount=6, IterationTime=40ms, LaunchCount=1, RunStrategy=Throughput, WarmupCount=25) [Case=core-(...)|drop [40]]
Runtime = .NET 8.0.31 (8.0.31, 8.0.3126.42015), X64 RyuJIT x86-64-v4; GC = Concurrent Workstation
Mean = 1.316 ms, StdErr = 0.022 ms (1.71%), N = 6, StdDev = 0.055 ms
Min = 1.259 ms, Q1 = 1.271 ms, Median = 1.304 ms, Q3 = 1.358 ms, Max = 1.391 ms
IQR = 0.087 ms, LowerFence = 1.141 ms, UpperFence = 1.488 ms
ConfidenceInterval = [1.161 ms; 1.470 ms] (CI 99.9%), Margin = 0.154 ms (11.74% of Mean)
Skewness = 0.27, Kurtosis = 1.07, MValue = 2
-------------------- Histogram --------------------
[1.248 ms ; 1.342 ms) | @@@@
[1.342 ms ; 1.431 ms) | @@
---------------------------------------------------

CodecSuite.Run: campaign(EvaluateOverhead=False, Clock=Armonik.Ffi.Bdn.CpuClock, IterationCount=6, IterationTime=40ms, LaunchCount=1, RunStrategy=Throughput, WarmupCount=25) [Case=core-(...)etain [42]]
Runtime = .NET 8.0.31 (8.0.31, 8.0.3126.42015), X64 RyuJIT x86-64-v4; GC = Concurrent Workstation
Mean = 1.769 ms, StdErr = 0.014 ms (0.77%), N = 6, StdDev = 0.033 ms
Min = 1.722 ms, Q1 = 1.753 ms, Median = 1.766 ms, Q3 = 1.791 ms, Max = 1.814 ms
IQR = 0.038 ms, LowerFence = 1.697 ms, UpperFence = 1.848 ms
ConfidenceInterval = [1.676 ms; 1.863 ms] (CI 99.9%), Margin = 0.094 ms (5.30% of Mean)
Skewness = 0, Kurtosis = 1.35, MValue = 2
-------------------- Histogram --------------------
[1.720 ms ; 1.783 ms) | @@@@
[1.783 ms ; 1.838 ms) | @@
---------------------------------------------------

CodecSuite.Run: campaign(EvaluateOverhead=False, Clock=Armonik.Ffi.Bdn.CpuClock, IterationCount=6, IterationTime=40ms, LaunchCount=1, RunStrategy=Throughput, WarmupCount=25) [Case=core-(...)|drop [39]]
Runtime = .NET 8.0.31 (8.0.31, 8.0.3126.42015), X64 RyuJIT x86-64-v4; GC = Concurrent Workstation
Mean = 1.407 ms, StdErr = 0.012 ms (0.87%), N = 6, StdDev = 0.030 ms
Min = 1.374 ms, Q1 = 1.387 ms, Median = 1.402 ms, Q3 = 1.423 ms, Max = 1.454 ms
IQR = 0.036 ms, LowerFence = 1.333 ms, UpperFence = 1.477 ms
ConfidenceInterval = [1.323 ms; 1.491 ms] (CI 99.9%), Margin = 0.084 ms (5.96% of Mean)
Skewness = 0.37, Kurtosis = 1.36, MValue = 2
-------------------- Histogram --------------------
[1.366 ms ; 1.410 ms) | @@@@
[1.410 ms ; 1.464 ms) | @@
---------------------------------------------------

CodecSuite.Run: campaign(EvaluateOverhead=False, Clock=Armonik.Ffi.Bdn.CpuClock, IterationCount=6, IterationTime=40ms, LaunchCount=1, RunStrategy=Throughput, WarmupCount=25) [Case=core-(...)|drop [40]]
Runtime = .NET 8.0.31 (8.0.31, 8.0.3126.42015), X64 RyuJIT x86-64-v4; GC = Concurrent Workstation
Mean = 1.878 ms, StdErr = 0.021 ms (1.11%), N = 5, StdDev = 0.047 ms
Min = 1.808 ms, Q1 = 1.854 ms, Median = 1.900 ms, Q3 = 1.904 ms, Max = 1.924 ms
IQR = 0.050 ms, LowerFence = 1.779 ms, UpperFence = 1.980 ms
ConfidenceInterval = [1.698 ms; 2.058 ms] (CI 99.9%), Margin = 0.180 ms (9.58% of Mean)
Skewness = -0.46, Kurtosis = 1.24, MValue = 2
-------------------- Histogram --------------------
[1.772 ms ; 1.853 ms) | @
[1.853 ms ; 1.925 ms) | @@@@
---------------------------------------------------

CodecSuite.Run: campaign(EvaluateOverhead=False, Clock=Armonik.Ffi.Bdn.CpuClock, IterationCount=6, IterationTime=40ms, LaunchCount=1, RunStrategy=Throughput, WarmupCount=25) [Case=core-(...)etain [42]]
Runtime = .NET 8.0.31 (8.0.31, 8.0.3126.42015), X64 RyuJIT x86-64-v4; GC = Concurrent Workstation
Mean = 1.999 ms, StdErr = 0.144 ms (7.18%), N = 5, StdDev = 0.321 ms
Min = 1.650 ms, Q1 = 1.680 ms, Median = 2.136 ms, Q3 = 2.141 ms, Max = 2.386 ms
IQR = 0.460 ms, LowerFence = 0.990 ms, UpperFence = 2.831 ms
ConfidenceInterval = [0.762 ms; 3.235 ms] (CI 99.9%), Margin = 1.236 ms (61.85% of Mean)
Skewness = -0.07, Kurtosis = 0.91, MValue = 2
-------------------- Histogram --------------------
[1.649 ms ; 2.142 ms) | @@@@
[2.142 ms ; 2.633 ms) | @
---------------------------------------------------

// * Summary *

BenchmarkDotNet v0.15.8, Linux Ubuntu 24.04.4 LTS (Noble Numbat)
Intel Xeon Processor 2.10GHz, 1 CPU, 4 logical and 4 physical cores
.NET SDK 8.0.131
  [Host]   : .NET 8.0.31 (8.0.31, 8.0.3126.42015), X64 RyuJIT x86-64-v4
  campaign : .NET 8.0.31 (8.0.31, 8.0.3126.42015), X64 RyuJIT x86-64-v4

Job=campaign  EvaluateOverhead=False  Clock=Armonik.Ffi.Bdn.CpuClock  
IterationCount=6  IterationTime=40ms  LaunchCount=1  
RunStrategy=Throughput  WarmupCount=25  

| Method | Case                 | Mean         | Error         | StdDev      | Allocated |
|------- |--------------------- |-------------:|--------------:|------------:|----------:|
| Run    | core-(...)etain [42] | 1,362.374 us |   172.1983 us |  61.4076 us |         - |
| Run    | core-(...)|drop [40] | 1,244.382 us |   116.8191 us |  30.3375 us |         - |
| Run    | core-(...)etain [56] |     2.796 us |     0.3665 us |   0.0952 us |         - |
| Run    | core-(...)etain [43] | 1,327.304 us |    39.2808 us |  10.2011 us |         - |
| Run    | core-(...)|drop [54] |     2.485 us |     1.2897 us |   0.4599 us |         - |
| Run    | core-(...)|drop [41] | 1,378.822 us |   372.6863 us |  96.7854 us |         - |
| Run    | core-(...)etain [41] | 1,471.610 us |    62.2114 us |  16.1561 us |         - |
| Run    | core-(...)|drop [40] | 1,315.813 us |   154.4842 us |  55.0906 us |         - |
| Run    | core-(...)etain [42] | 1,769.337 us |    93.7627 us |  33.4367 us |         - |
| Run    | core-(...)|drop [39] | 1,407.359 us |    83.8783 us |  29.9118 us |         - |
| Run    | core-(...)|drop [40] | 1,878.174 us |   179.8736 us |  46.7126 us |      84 B |
| Run    | core-(...)etain [42] | 1,998.623 us | 1,236.2124 us | 321.0404 us |         - |

// * Legends *
  Case      : Value of the 'Case' parameter
  Mean      : Arithmetic mean of all measurements
  Error     : Half of 99.9% confidence interval
  StdDev    : Standard deviation of all measurements
  Allocated : Allocated memory per single operation (managed only, inclusive, 1KB = 1024B)
  1 us      : 1 Microsecond (0.000001 sec)

// * Diagnostic Output - AkProcessCpu *

// * Diagnostic Output - MemoryDiagnoser *


// ***** BenchmarkRunner: End *****
Global total time: 00:00:38 (38.09 sec), executed benchmarks: 12
// * Artifacts cleanup *
Artifacts cleanup is finished
