# engine:         BenchmarkDotNet 0.15.8.0 (CAMPAIGN.md 22a), toolchain BDN's default, ONE CHILD PROCESS PER CASE (the campaign's native isolation, req 22a as amended e6c909630); process CPU per iteration from the child's clock reads, each pair checked against BDN's wall measurement; the JIT tier is NOT read back (the children's JIT events are not visible here), so the jit check below is vacuous in this mode, pinned by the runner
# grid:           core (CAMPAIGN section 4.0, D18; AK_CAMPAIGN_GRID=core): arms incumbent-prod (full build only), core-ffi (FSM decode, D24) and host-gen (retain in the full build, no-unknown in its build); encode-transport-hot (end state ii, one hot graph) and decode-read; the 16 shapes, P7.1 decode only; Latin-1 and wide on P2.2 only; U-* rows U-nested-before, U-deep-u-repeated, U-oneof-u-repeated, U-wire-ListTaskSummaryResponse-tasks-as-wt5, U-wire-UploadResultDataMessage-upload-as-wt5, U-wire-ListMetricsResponse-batches-as-wt0, U-wire-DualResponse-left-as-wt5 (encode-transport-hot and decode-read). Extras left out (AK_CAMPAIGN_GRID=full runs them): incumbent-best, core-ffi-push (push decode), core-ffi-pull, bare decode, encode at end state (i) and with a pool input, decode-reencode, the drop mode, the incumbent in the no-unknown build, content sets on P1.2 and P2.4, the other U-* rows timed (all stay in the correctness checks)
# allocator:      default (readback at process start: a 16 MiB malloc came from the mmapped (mallinfo2; the block kept, never freed); no heap pre-grow (owner, 2026-10-03): BDN's warm-up runs the real call path, and minflt per row shows whether it sufficed; under the default toolchain each child probes once, on its case's first row as alloc_probe; GLIBC_TUNABLES=unset; CAMPAIGN req 25 as amended 2026-10-03, D9: the main figures run glibc's default allocator as production does; the pinned pass (glibc.malloc.trim_threshold=268435456:glibc.malloc.mmap_threshold=33554432) is a labelled diagnostic; every row carries `alloc` and `minflt`, the process's minor page faults over the iteration (getrusage, read by the job's clock beside the CPU clock), so faults per call = minflt / iters)
# runtime:        .NET 8.0.31; TieredCompilation=default TieredPGO=0 (net8.0 defaults unless set); GC server=False, concurrent (default)
# incumbent:      Google.Protobuf 3.32.0
# build:          full (WP5 step 10; the loaded core checked to be the same variant by its u-family exports)
# managed codec:  plan utf8=reject unknown=drop
# job:            launch 1; 6 actual iterations (rounds) per case, 25 warm-up iterations (the same for every case) after BDN's jitting stage (1 overhead + 1 workload jitting invocation per case, logged by BDN in the .bdn.log, not exported) and pilot, iteration time 40 ms (the pilot picks the invocation count per case), strategy Throughput, EvaluateOverhead=false (no overhead subtraction anywhere)
# clocks:         per iteration (every row with round >= 1): wall (Stopwatch) AND process CPU (CLOCK_PROCESS_CPUTIME_ID of this process: every thread, GC and JIT included; CAMPAIGN req 21 as amended, R-H25), both read by the job's clock (CpuClock, Job.WithClock) at the start and end of the same iteration window, exported RAW (no outlier removal, no overhead subtraction); BDN's forced GCs between iterations are outside the window; the round-0 row of each case is a summary of the whole actual stage (span_cpu_ns, span_wall_ns), not a sample
# threads:        thread pool min 2 worker / 1 IO, max 32767 worker / 1000 IO, 0 pool thread(s) now; 2 logical CPUs visible; the codec suite creates no core runtime (no RPC call is made); the timed loop runs on BDN's one thread
# encode:         CAMPAIGN req 11 (R-H29): dir encode = pool input + reused buffer; encode-hot = one graph + reused buffer; encode-transport = pool + the Grpc.Net form; encode-transport-hot = one graph + the Grpc.Net form. Reused buffer: incumbent-prod CalculateSize + WriteTo(IBufferWriter) and incumbent-best WriteTo(IBufferWriter) into one BufWriter, host-gen into its one Enc, core-ffi into the core's encode buffer (ak_encode_*/ak_uencode_*; that buffer is also what cell C hands the core's transport, and host-gen's Enc what cell E hands it, so their transport forms on the core's transport ARE the buffer rows). Grpc.Net form (cells A, F, D): the serializer the RPC grid's marshaller runs (RootOps.SerInc/SerHost/SerFfi), into a frame like Grpc.Net.Client 2.71's GrpcCallSerializationContext: one ArrayPool array, the 5-byte gRPC header, the body, the array returned after (GrpcFrame.cs); incumbent-best has no gRPC path and no transport row. Pool: distinct graphs built in the case's setup whose RETAINED heap is >= 28835840 bytes (2 x AK_LLC_BYTES, default 13.75 MB; AK_POOL_BYTES overrides; per row pool_graphs and pool_bytes), round robin one graph per call; a hot input is a pool of one (the same Next() per call); graph construction is never in the timed window
# U-* rows:       CAMPAIGN req 7 (R-H27): the 92 accepted, non-disputed U-* rows at the shapes core's 7 ABI roots, through this timed shapes core: encode-hot (a graph the arm decoded from the row, untimed; retain arms re-emit the unknown fields, drop arms the dropped form), decode, decode-read, and decode-reencode (a labelled extra; no incumbent-best row)
# content sets:   CAMPAIGN req 7 (R-H26): ascii, latin1 and wide on P1.2, P2.2, P2.4; ascii only elsewhere
# order:          seeded shuffles (below); ratios, where the aggregation forms them, come from per-launch medians (CAMPAIGN req 30): every unit is its own process
# process unit:   all cases; this launch's unit order: core-ffi:retain, core-ffi:drop (a seeded shuffle, seed 7919; within this process the cases run in a seeded shuffle too, seed 104729, the 2 prime cases first; requirement 22 as amended, R-H23)
# warm-up:        BenchmarkDotNet's own, per case: its jitting stage, pilot and the warm-up iterations of the job line (req 24; WP9 addendum: no hand-written pre-warm and no settle wait; the 2 prime cases below are BDN cases); the JIT tier is read back per case and a case that measured hot code at tier 0 fails the unit outside --smoke (the jit check below)
# correctness:    4525 pre-timing checks passed (byte identity of every encode arm per payload and content set; every arm accepts every unknown row; on every unknown row core-ffi retain and host-gen retain re-encode to the incumbent's bytes, i.e. the unknown fields are kept: requirement 10)
# cases:          10 exported, after 2 prime case(s) run first and not exported (copies of the first cases, content "prime"): BDN cases like any other, kept because without them the first case of a process measures BDN's own first-touched runtime helpers (SpanHelpers.Fill) at tier 0 (JOURNAL 51, 62)
# strings:        D21 string encode path AK_STR_ENC=E1R (K 64) (E0 .NET UTF-8 into native staging + ak_tc_bytes; E1 the string pinned + ak_tc_utf16; E2 the C# transcoder callback into the core's buffer; ETH:<n> E1 from n UTF-16 units, E0 below); Cases.Verify checks every path's bytes
# memory:         AK_BDN_MEMORY=1: BenchmarkDotNet's MemoryDiagnoser (an exploration switch, not a campaign setting): one extra workload iteration per case AFTER the actual stage, at the actual stage's invocation count, outside the job's clock (no exported sample is affected); on each case's first sample row mem_alloc_bytes_per_op (GC.GetTotalAllocatedBytes(precise), every thread, divided by its operations), mem_gen = [gen0, gen1, gen2] collections during it, mem_ops its operations, mem_alloc_bytes its total
# cpus:           this process: 2 CPU(s) in its affinity mask (sched_getaffinity), Environment.ProcessorCount 2; single-CPU guard (JOURNAL 73): a timed process (host or BDN child) with ONE CPU is refused unless AK_ALLOW_SINGLE_CPU=1 (here: unset); each case's first row carries cpus_affinity, cpus_runtime and single_cpu_override as its own process saw them
// Validating benchmarks:
// ***** BenchmarkRunner: Start   *****
// ***** Found 12 benchmark(s) in total *****
// ***** Building 1 exe(s) in Parallel: Start   *****
Unable to find .sln or .csproj file. Will use current directory /home/user/ArmoniK.Api/ffi/poc/csharp to search for project file. If you don't use .sln file on purpose it should not be a problem.
// start dotnet  restore --nodeReuse:false /p:UseSharedCompilation=false /p:Deterministic=true /p:Optimize=true /p:ArtifactsPath="/home/user/ArmoniK.Api/ffi/poc/csharp/src/BenchDotNet/bin/Release/net8.0/BenchDotNet-campaign-1/" /p:OutDir="/home/user/ArmoniK.Api/ffi/poc/csharp/src/BenchDotNet/bin/Release/net8.0/BenchDotNet-campaign-1/bin/Release/net8.0/" /p:OutputPath="/home/user/ArmoniK.Api/ffi/poc/csharp/src/BenchDotNet/bin/Release/net8.0/BenchDotNet-campaign-1/bin/Release/net8.0/" /p:PublishDir="/home/user/ArmoniK.Api/ffi/poc/csharp/src/BenchDotNet/bin/Release/net8.0/BenchDotNet-campaign-1/publish/" in /home/user/ArmoniK.Api/ffi/poc/csharp/src/BenchDotNet/bin/Release/net8.0/BenchDotNet-campaign-1
// command took 2.07 sec and exited with 0
// start dotnet  build -c Release --no-restore --nodeReuse:false /p:UseSharedCompilation=false /p:Deterministic=true /p:Optimize=true /p:ArtifactsPath="/home/user/ArmoniK.Api/ffi/poc/csharp/src/BenchDotNet/bin/Release/net8.0/BenchDotNet-campaign-1/" /p:OutDir="/home/user/ArmoniK.Api/ffi/poc/csharp/src/BenchDotNet/bin/Release/net8.0/BenchDotNet-campaign-1/bin/Release/net8.0/" /p:OutputPath="/home/user/ArmoniK.Api/ffi/poc/csharp/src/BenchDotNet/bin/Release/net8.0/BenchDotNet-campaign-1/bin/Release/net8.0/" /p:PublishDir="/home/user/ArmoniK.Api/ffi/poc/csharp/src/BenchDotNet/bin/Release/net8.0/BenchDotNet-campaign-1/publish/" --output "/home/user/ArmoniK.Api/ffi/poc/csharp/src/BenchDotNet/bin/Release/net8.0/BenchDotNet-campaign-1/bin/Release/net8.0/" in /home/user/ArmoniK.Api/ffi/poc/csharp/src/BenchDotNet/bin/Release/net8.0/BenchDotNet-campaign-1
// command took 17.17 sec and exited with 0
// ***** Done, took 00:00:19 (19.35 sec)   *****
// Found 12 benchmarks:
//   CodecSuite.Run: campaign(EvaluateOverhead=False, Clock=Armonik.Ffi.Bdn.CpuClock, IterationCount=6, IterationTime=40ms, LaunchCount=1, RunStrategy=Throughput, WarmupCount=25) [Case=core-(...)etain [42]]
//   CodecSuite.Run: campaign(EvaluateOverhead=False, Clock=Armonik.Ffi.Bdn.CpuClock, IterationCount=6, IterationTime=40ms, LaunchCount=1, RunStrategy=Throughput, WarmupCount=25) [Case=core-(...)|drop [40]]
//   CodecSuite.Run: campaign(EvaluateOverhead=False, Clock=Armonik.Ffi.Bdn.CpuClock, IterationCount=6, IterationTime=40ms, LaunchCount=1, RunStrategy=Throughput, WarmupCount=25) [Case=core-(...)etain [43]]
//   CodecSuite.Run: campaign(EvaluateOverhead=False, Clock=Armonik.Ffi.Bdn.CpuClock, IterationCount=6, IterationTime=40ms, LaunchCount=1, RunStrategy=Throughput, WarmupCount=25) [Case=core-(...)|drop [40]]
//   CodecSuite.Run: campaign(EvaluateOverhead=False, Clock=Armonik.Ffi.Bdn.CpuClock, IterationCount=6, IterationTime=40ms, LaunchCount=1, RunStrategy=Throughput, WarmupCount=25) [Case=core-(...)etain [42]]
//   CodecSuite.Run: campaign(EvaluateOverhead=False, Clock=Armonik.Ffi.Bdn.CpuClock, IterationCount=6, IterationTime=40ms, LaunchCount=1, RunStrategy=Throughput, WarmupCount=25) [Case=core-(...)etain [42]]
//   CodecSuite.Run: campaign(EvaluateOverhead=False, Clock=Armonik.Ffi.Bdn.CpuClock, IterationCount=6, IterationTime=40ms, LaunchCount=1, RunStrategy=Throughput, WarmupCount=25) [Case=core-(...)|drop [54]]
//   CodecSuite.Run: campaign(EvaluateOverhead=False, Clock=Armonik.Ffi.Bdn.CpuClock, IterationCount=6, IterationTime=40ms, LaunchCount=1, RunStrategy=Throughput, WarmupCount=25) [Case=core-(...)etain [41]]
//   CodecSuite.Run: campaign(EvaluateOverhead=False, Clock=Armonik.Ffi.Bdn.CpuClock, IterationCount=6, IterationTime=40ms, LaunchCount=1, RunStrategy=Throughput, WarmupCount=25) [Case=core-(...)|drop [39]]
//   CodecSuite.Run: campaign(EvaluateOverhead=False, Clock=Armonik.Ffi.Bdn.CpuClock, IterationCount=6, IterationTime=40ms, LaunchCount=1, RunStrategy=Throughput, WarmupCount=25) [Case=core-(...)|drop [40]]
//   CodecSuite.Run: campaign(EvaluateOverhead=False, Clock=Armonik.Ffi.Bdn.CpuClock, IterationCount=6, IterationTime=40ms, LaunchCount=1, RunStrategy=Throughput, WarmupCount=25) [Case=core-(...)|drop [41]]
//   CodecSuite.Run: campaign(EvaluateOverhead=False, Clock=Armonik.Ffi.Bdn.CpuClock, IterationCount=6, IterationTime=40ms, LaunchCount=1, RunStrategy=Throughput, WarmupCount=25) [Case=core-(...)etain [56]]

// **************************
// Benchmark: CodecSuite.Run: campaign(EvaluateOverhead=False, Clock=Armonik.Ffi.Bdn.CpuClock, IterationCount=6, IterationTime=40ms, LaunchCount=1, RunStrategy=Throughput, WarmupCount=25) [Case=core-(...)etain [42]]
// *** Execute ***
// Launch: 1 / 1
// Execute: dotnet BenchDotNet-campaign-1.dll --anonymousPipes 138 139 --benchmarkName "Armonik.Ffi.Bdn.CodecSuite.Run(Case: \"core-ffi|encode-core-hot|P2.2|prime|retain\")" --job campaign --benchmarkId 0 in /home/user/ArmoniK.Api/ffi/poc/csharp/src/BenchDotNet/bin/Release/net8.0/BenchDotNet-campaign-1/bin/Release/net8.0
// BeforeAnythingElse

// Benchmark Process Environment Information:
// BenchmarkDotNet v0.15.8
// Runtime=.NET 8.0.31 (8.0.31, 8.0.3126.42015), X64 RyuJIT x86-64-v4
// GC=Concurrent Workstation
// HardwareIntrinsics=AVX512 IFMA+VBMI,AVX512 F+BW+CD+DQ+VL,AVX2+BMI1+BMI2+F16C+FMA+LZCNT+MOVBE,AVX,SSE3+SSSE3+SSE4.1+SSE4.2+POPCNT,X86Base+SSE+SSE2,AES+PCLMUL,AvxVnni,SERIALIZE VectorSize=256
// Job: campaign(EvaluateOverhead=False, Clock=Armonik.Ffi.Bdn.CpuClock, IterationCount=6, IterationTime=40ms, LaunchCount=1, RunStrategy=Throughput, WarmupCount=25)

OverheadJitting  1: 1 op, 323799.00 ns, 323.7990 us/op
WorkloadJitting  1: 1 op, 18001531.00 ns, 18.0015 ms/op

WorkloadPilot    1: 4 op, 26110963.00 ns, 6.5277 ms/op
WorkloadPilot    2: 6 op, 36109376.00 ns, 6.0182 ms/op

WorkloadWarmup   1: 6 op, 24271579.00 ns, 4.0453 ms/op
WorkloadWarmup   2: 6 op, 23521858.00 ns, 3.9203 ms/op
WorkloadWarmup   3: 6 op, 26868509.00 ns, 4.4781 ms/op
WorkloadWarmup   4: 6 op, 23452086.00 ns, 3.9087 ms/op
WorkloadWarmup   5: 6 op, 25094759.00 ns, 4.1825 ms/op
WorkloadWarmup   6: 6 op, 9341894.00 ns, 1.5570 ms/op
WorkloadWarmup   7: 6 op, 9037072.00 ns, 1.5062 ms/op
WorkloadWarmup   8: 6 op, 8267554.00 ns, 1.3779 ms/op
WorkloadWarmup   9: 6 op, 8965539.00 ns, 1.4943 ms/op
WorkloadWarmup  10: 6 op, 8282274.00 ns, 1.3804 ms/op
WorkloadWarmup  11: 6 op, 8321339.00 ns, 1.3869 ms/op
WorkloadWarmup  12: 6 op, 8152866.00 ns, 1.3588 ms/op
WorkloadWarmup  13: 6 op, 8186823.00 ns, 1.3645 ms/op
WorkloadWarmup  14: 6 op, 13465046.00 ns, 2.2442 ms/op
WorkloadWarmup  15: 6 op, 10052653.00 ns, 1.6754 ms/op
WorkloadWarmup  16: 6 op, 8379456.00 ns, 1.3966 ms/op
WorkloadWarmup  17: 6 op, 9130348.00 ns, 1.5217 ms/op
WorkloadWarmup  18: 6 op, 8106635.00 ns, 1.3511 ms/op
WorkloadWarmup  19: 6 op, 8227939.00 ns, 1.3713 ms/op
WorkloadWarmup  20: 6 op, 8770031.00 ns, 1.4617 ms/op
WorkloadWarmup  21: 6 op, 14719327.00 ns, 2.4532 ms/op
WorkloadWarmup  22: 6 op, 8289563.00 ns, 1.3816 ms/op
WorkloadWarmup  23: 6 op, 8166601.00 ns, 1.3611 ms/op
WorkloadWarmup  24: 6 op, 18090522.00 ns, 3.0151 ms/op
WorkloadWarmup  25: 6 op, 9423596.00 ns, 1.5706 ms/op

// BeforeActualRun
WorkloadActual   1: 6 op, 11955405.00 ns, 1.9926 ms/op
WorkloadActual   2: 6 op, 9070945.00 ns, 1.5118 ms/op
WorkloadActual   3: 6 op, 9084726.00 ns, 1.5141 ms/op
WorkloadActual   4: 6 op, 8462101.00 ns, 1.4104 ms/op
WorkloadActual   5: 6 op, 8245812.00 ns, 1.3743 ms/op
WorkloadActual   6: 6 op, 10463581.00 ns, 1.7439 ms/op

// AfterActualRun
WorkloadResult   1: 6 op, 11955405.00 ns, 1.9926 ms/op
WorkloadResult   2: 6 op, 9070945.00 ns, 1.5118 ms/op
WorkloadResult   3: 6 op, 9084726.00 ns, 1.5141 ms/op
WorkloadResult   4: 6 op, 8462101.00 ns, 1.4104 ms/op
WorkloadResult   5: 6 op, 8245812.00 ns, 1.3743 ms/op
WorkloadResult   6: 6 op, 10463581.00 ns, 1.7439 ms/op
// GC:  0 0 0 0 6
// Threading:  0 0 6

// AfterAll
// Benchmark Process 9305 has exited with code 0.

Mean = 1.591 ms, StdErr = 0.096 ms (6.03%), N = 6, StdDev = 0.235 ms
Min = 1.374 ms, Q1 = 1.436 ms, Median = 1.513 ms, Q3 = 1.686 ms, Max = 1.993 ms
IQR = 0.251 ms, LowerFence = 1.060 ms, UpperFence = 2.063 ms
ConfidenceInterval = [0.932 ms; 2.251 ms] (CI 99.9%), Margin = 0.659 ms (41.44% of Mean)
Skewness = 0.66, Kurtosis = 1.63, MValue = 2

// ** Remained 11 (91.7 %) benchmark(s) to run. Estimated finish 2026-10-10 7:59 (0h 0m from now) **
// **************************
// Benchmark: CodecSuite.Run: campaign(EvaluateOverhead=False, Clock=Armonik.Ffi.Bdn.CpuClock, IterationCount=6, IterationTime=40ms, LaunchCount=1, RunStrategy=Throughput, WarmupCount=25) [Case=core-(...)|drop [40]]
// *** Execute ***
// Launch: 1 / 1
// Execute: dotnet BenchDotNet-campaign-1.dll --anonymousPipes 138 139 --benchmarkName "Armonik.Ffi.Bdn.CodecSuite.Run(Case: \"core-ffi|encode-core-hot|P2.2|prime|drop\")" --job campaign --benchmarkId 1 in /home/user/ArmoniK.Api/ffi/poc/csharp/src/BenchDotNet/bin/Release/net8.0/BenchDotNet-campaign-1/bin/Release/net8.0
// BeforeAnythingElse

// Benchmark Process Environment Information:
// BenchmarkDotNet v0.15.8
// Runtime=.NET 8.0.31 (8.0.31, 8.0.3126.42015), X64 RyuJIT x86-64-v4
// GC=Concurrent Workstation
// HardwareIntrinsics=AVX512 IFMA+VBMI,AVX512 F+BW+CD+DQ+VL,AVX2+BMI1+BMI2+F16C+FMA+LZCNT+MOVBE,AVX,SSE3+SSSE3+SSE4.1+SSE4.2+POPCNT,X86Base+SSE+SSE2,AES+PCLMUL,AvxVnni,SERIALIZE VectorSize=256
// Job: campaign(EvaluateOverhead=False, Clock=Armonik.Ffi.Bdn.CpuClock, IterationCount=6, IterationTime=40ms, LaunchCount=1, RunStrategy=Throughput, WarmupCount=25)

OverheadJitting  1: 1 op, 254998.00 ns, 254.9980 us/op
WorkloadJitting  1: 1 op, 31331345.00 ns, 31.3313 ms/op

OverheadJitting  2: 1 op, 865.00 ns, 865.0000 ns/op
WorkloadJitting  2: 1 op, 4361408.00 ns, 4.3614 ms/op

WorkloadPilot    1: 4 op, 26502619.00 ns, 6.6257 ms/op
WorkloadPilot    2: 6 op, 31380069.00 ns, 5.2300 ms/op
WorkloadPilot    3: 8 op, 36285136.00 ns, 4.5356 ms/op

WorkloadWarmup   1: 8 op, 32444667.00 ns, 4.0556 ms/op
WorkloadWarmup   2: 8 op, 32509180.00 ns, 4.0636 ms/op
WorkloadWarmup   3: 8 op, 33575650.00 ns, 4.1970 ms/op
WorkloadWarmup   4: 8 op, 31559927.00 ns, 3.9450 ms/op
WorkloadWarmup   5: 8 op, 28238952.00 ns, 3.5299 ms/op
WorkloadWarmup   6: 8 op, 12865677.00 ns, 1.6082 ms/op
WorkloadWarmup   7: 8 op, 23782082.00 ns, 2.9728 ms/op
WorkloadWarmup   8: 8 op, 17215048.00 ns, 2.1519 ms/op
WorkloadWarmup   9: 8 op, 11260038.00 ns, 1.4075 ms/op
WorkloadWarmup  10: 8 op, 10886515.00 ns, 1.3608 ms/op
WorkloadWarmup  11: 8 op, 11079448.00 ns, 1.3849 ms/op
WorkloadWarmup  12: 8 op, 11029646.00 ns, 1.3787 ms/op
WorkloadWarmup  13: 8 op, 11940072.00 ns, 1.4925 ms/op
WorkloadWarmup  14: 8 op, 10744473.00 ns, 1.3431 ms/op
WorkloadWarmup  15: 8 op, 11130418.00 ns, 1.3913 ms/op
WorkloadWarmup  16: 8 op, 11228989.00 ns, 1.4036 ms/op
WorkloadWarmup  17: 8 op, 11238210.00 ns, 1.4048 ms/op
WorkloadWarmup  18: 8 op, 11048174.00 ns, 1.3810 ms/op
WorkloadWarmup  19: 8 op, 12065683.00 ns, 1.5082 ms/op
WorkloadWarmup  20: 8 op, 11522490.00 ns, 1.4403 ms/op
WorkloadWarmup  21: 8 op, 11635423.00 ns, 1.4544 ms/op
WorkloadWarmup  22: 8 op, 11306358.00 ns, 1.4133 ms/op
WorkloadWarmup  23: 8 op, 11734578.00 ns, 1.4668 ms/op
WorkloadWarmup  24: 8 op, 10551394.00 ns, 1.3189 ms/op
WorkloadWarmup  25: 8 op, 10661053.00 ns, 1.3326 ms/op

// BeforeActualRun
WorkloadActual   1: 8 op, 11066327.00 ns, 1.3833 ms/op
WorkloadActual   2: 8 op, 10942624.00 ns, 1.3678 ms/op
WorkloadActual   3: 8 op, 10774162.00 ns, 1.3468 ms/op
WorkloadActual   4: 8 op, 11358705.00 ns, 1.4198 ms/op
WorkloadActual   5: 8 op, 10849642.00 ns, 1.3562 ms/op
WorkloadActual   6: 8 op, 10865715.00 ns, 1.3582 ms/op

// AfterActualRun
WorkloadResult   1: 8 op, 11066327.00 ns, 1.3833 ms/op
WorkloadResult   2: 8 op, 10942624.00 ns, 1.3678 ms/op
WorkloadResult   3: 8 op, 10774162.00 ns, 1.3468 ms/op
WorkloadResult   4: 8 op, 10849642.00 ns, 1.3562 ms/op
WorkloadResult   5: 8 op, 10865715.00 ns, 1.3582 ms/op
// GC:  0 0 0 0 8
// Threading:  0 0 8

// AfterAll
// Benchmark Process 9315 has exited with code 0.

Mean = 1.362 ms, StdErr = 0.006 ms (0.45%), N = 5, StdDev = 0.014 ms
Min = 1.347 ms, Q1 = 1.356 ms, Median = 1.358 ms, Q3 = 1.368 ms, Max = 1.383 ms
IQR = 0.012 ms, LowerFence = 1.339 ms, UpperFence = 1.385 ms
ConfidenceInterval = [1.309 ms; 1.416 ms] (CI 99.9%), Margin = 0.053 ms (3.91% of Mean)
Skewness = 0.38, Kurtosis = 1.37, MValue = 2

// ** Remained 10 (83.3 %) benchmark(s) to run. Estimated finish 2026-10-10 7:59 (0h 0m from now) **
// **************************
// Benchmark: CodecSuite.Run: campaign(EvaluateOverhead=False, Clock=Armonik.Ffi.Bdn.CpuClock, IterationCount=6, IterationTime=40ms, LaunchCount=1, RunStrategy=Throughput, WarmupCount=25) [Case=core-(...)etain [43]]
// *** Execute ***
// Launch: 1 / 1
// Execute: dotnet BenchDotNet-campaign-1.dll --anonymousPipes 138 139 --benchmarkName "Armonik.Ffi.Bdn.CodecSuite.Run(Case: \"core-ffi|encode-core-hot|P2.2|latin1|retain\")" --job campaign --benchmarkId 2 in /home/user/ArmoniK.Api/ffi/poc/csharp/src/BenchDotNet/bin/Release/net8.0/BenchDotNet-campaign-1/bin/Release/net8.0
// BeforeAnythingElse

// Benchmark Process Environment Information:
// BenchmarkDotNet v0.15.8
// Runtime=.NET 8.0.31 (8.0.31, 8.0.3126.42015), X64 RyuJIT x86-64-v4
// GC=Concurrent Workstation
// HardwareIntrinsics=AVX512 IFMA+VBMI,AVX512 F+BW+CD+DQ+VL,AVX2+BMI1+BMI2+F16C+FMA+LZCNT+MOVBE,AVX,SSE3+SSSE3+SSE4.1+SSE4.2+POPCNT,X86Base+SSE+SSE2,AES+PCLMUL,AvxVnni,SERIALIZE VectorSize=256
// Job: campaign(EvaluateOverhead=False, Clock=Armonik.Ffi.Bdn.CpuClock, IterationCount=6, IterationTime=40ms, LaunchCount=1, RunStrategy=Throughput, WarmupCount=25)

OverheadJitting  1: 1 op, 269148.00 ns, 269.1480 us/op
WorkloadJitting  1: 1 op, 23806446.00 ns, 23.8064 ms/op

WorkloadPilot    1: 4 op, 26715394.00 ns, 6.6788 ms/op
WorkloadPilot    2: 6 op, 38568341.00 ns, 6.4281 ms/op

WorkloadWarmup   1: 6 op, 25040623.00 ns, 4.1734 ms/op
WorkloadWarmup   2: 6 op, 23597790.00 ns, 3.9330 ms/op
WorkloadWarmup   3: 6 op, 32700018.00 ns, 5.4500 ms/op
WorkloadWarmup   4: 6 op, 24246093.00 ns, 4.0410 ms/op
WorkloadWarmup   5: 6 op, 18541387.00 ns, 3.0902 ms/op
WorkloadWarmup   6: 6 op, 9106672.00 ns, 1.5178 ms/op
WorkloadWarmup   7: 6 op, 11044244.00 ns, 1.8407 ms/op
WorkloadWarmup   8: 6 op, 10366995.00 ns, 1.7278 ms/op
WorkloadWarmup   9: 6 op, 10957009.00 ns, 1.8262 ms/op
WorkloadWarmup  10: 6 op, 10561775.00 ns, 1.7603 ms/op
WorkloadWarmup  11: 6 op, 10197507.00 ns, 1.6996 ms/op
WorkloadWarmup  12: 6 op, 9010157.00 ns, 1.5017 ms/op
WorkloadWarmup  13: 6 op, 8995284.00 ns, 1.4992 ms/op
WorkloadWarmup  14: 6 op, 8853032.00 ns, 1.4755 ms/op
WorkloadWarmup  15: 6 op, 9080683.00 ns, 1.5134 ms/op
WorkloadWarmup  16: 6 op, 10967425.00 ns, 1.8279 ms/op
WorkloadWarmup  17: 6 op, 8914058.00 ns, 1.4857 ms/op
WorkloadWarmup  18: 6 op, 13049724.00 ns, 2.1750 ms/op
WorkloadWarmup  19: 6 op, 9262360.00 ns, 1.5437 ms/op
WorkloadWarmup  20: 6 op, 9391004.00 ns, 1.5652 ms/op
WorkloadWarmup  21: 6 op, 8895773.00 ns, 1.4826 ms/op
WorkloadWarmup  22: 6 op, 9039387.00 ns, 1.5066 ms/op
WorkloadWarmup  23: 6 op, 9704838.00 ns, 1.6175 ms/op
WorkloadWarmup  24: 6 op, 8628320.00 ns, 1.4381 ms/op
WorkloadWarmup  25: 6 op, 8709496.00 ns, 1.4516 ms/op

// BeforeActualRun
WorkloadActual   1: 6 op, 9069564.00 ns, 1.5116 ms/op
WorkloadActual   2: 6 op, 19258232.00 ns, 3.2097 ms/op
WorkloadActual   3: 6 op, 9319884.00 ns, 1.5533 ms/op
WorkloadActual   4: 6 op, 9069816.00 ns, 1.5116 ms/op
WorkloadActual   5: 6 op, 8757031.00 ns, 1.4595 ms/op
WorkloadActual   6: 6 op, 8463702.00 ns, 1.4106 ms/op

// AfterActualRun
WorkloadResult   1: 6 op, 9069564.00 ns, 1.5116 ms/op
WorkloadResult   2: 6 op, 9319884.00 ns, 1.5533 ms/op
WorkloadResult   3: 6 op, 9069816.00 ns, 1.5116 ms/op
WorkloadResult   4: 6 op, 8757031.00 ns, 1.4595 ms/op
WorkloadResult   5: 6 op, 8463702.00 ns, 1.4106 ms/op
// GC:  0 0 0 0 6
// Threading:  0 0 6

// AfterAll
// Benchmark Process 9324 has exited with code 0.

Mean = 1.489 ms, StdErr = 0.025 ms (1.66%), N = 5, StdDev = 0.055 ms
Min = 1.411 ms, Q1 = 1.460 ms, Median = 1.512 ms, Q3 = 1.512 ms, Max = 1.553 ms
IQR = 0.052 ms, LowerFence = 1.381 ms, UpperFence = 1.590 ms
ConfidenceInterval = [1.277 ms; 1.702 ms] (CI 99.9%), Margin = 0.212 ms (14.26% of Mean)
Skewness = -0.27, Kurtosis = 1.22, MValue = 2

// ** Remained 9 (75.0 %) benchmark(s) to run. Estimated finish 2026-10-10 7:59 (0h 0m from now) **
// **************************
// Benchmark: CodecSuite.Run: campaign(EvaluateOverhead=False, Clock=Armonik.Ffi.Bdn.CpuClock, IterationCount=6, IterationTime=40ms, LaunchCount=1, RunStrategy=Throughput, WarmupCount=25) [Case=core-(...)|drop [40]]
// *** Execute ***
// Launch: 1 / 1
// Execute: dotnet BenchDotNet-campaign-1.dll --anonymousPipes 138 139 --benchmarkName "Armonik.Ffi.Bdn.CodecSuite.Run(Case: \"core-ffi|encode-core-hot|P2.2|ascii|drop\")" --job campaign --benchmarkId 3 in /home/user/ArmoniK.Api/ffi/poc/csharp/src/BenchDotNet/bin/Release/net8.0/BenchDotNet-campaign-1/bin/Release/net8.0
// BeforeAnythingElse

// Benchmark Process Environment Information:
// BenchmarkDotNet v0.15.8
// Runtime=.NET 8.0.31 (8.0.31, 8.0.3126.42015), X64 RyuJIT x86-64-v4
// GC=Concurrent Workstation
// HardwareIntrinsics=AVX512 IFMA+VBMI,AVX512 F+BW+CD+DQ+VL,AVX2+BMI1+BMI2+F16C+FMA+LZCNT+MOVBE,AVX,SSE3+SSSE3+SSE4.1+SSE4.2+POPCNT,X86Base+SSE+SSE2,AES+PCLMUL,AvxVnni,SERIALIZE VectorSize=256
// Job: campaign(EvaluateOverhead=False, Clock=Armonik.Ffi.Bdn.CpuClock, IterationCount=6, IterationTime=40ms, LaunchCount=1, RunStrategy=Throughput, WarmupCount=25)

OverheadJitting  1: 1 op, 319323.00 ns, 319.3230 us/op
WorkloadJitting  1: 1 op, 23046909.00 ns, 23.0469 ms/op

WorkloadPilot    1: 4 op, 29496518.00 ns, 7.3741 ms/op

WorkloadWarmup   1: 4 op, 16735863.00 ns, 4.1840 ms/op
WorkloadWarmup   2: 4 op, 25441506.00 ns, 6.3604 ms/op
WorkloadWarmup   3: 4 op, 18856511.00 ns, 4.7141 ms/op
WorkloadWarmup   4: 4 op, 59284643.00 ns, 14.8212 ms/op
WorkloadWarmup   5: 4 op, 6730670.00 ns, 1.6827 ms/op
WorkloadWarmup   6: 4 op, 5503976.00 ns, 1.3760 ms/op
WorkloadWarmup   7: 4 op, 6858946.00 ns, 1.7147 ms/op
WorkloadWarmup   8: 4 op, 7100797.00 ns, 1.7752 ms/op
WorkloadWarmup   9: 4 op, 5747585.00 ns, 1.4369 ms/op
WorkloadWarmup  10: 4 op, 6537771.00 ns, 1.6344 ms/op
WorkloadWarmup  11: 4 op, 7748410.00 ns, 1.9371 ms/op
WorkloadWarmup  12: 4 op, 8838726.00 ns, 2.2097 ms/op
WorkloadWarmup  13: 4 op, 5472878.00 ns, 1.3682 ms/op
WorkloadWarmup  14: 4 op, 6373351.00 ns, 1.5933 ms/op
WorkloadWarmup  15: 4 op, 5552344.00 ns, 1.3881 ms/op
WorkloadWarmup  16: 4 op, 5482930.00 ns, 1.3707 ms/op
WorkloadWarmup  17: 4 op, 5529911.00 ns, 1.3825 ms/op
WorkloadWarmup  18: 4 op, 5768751.00 ns, 1.4422 ms/op
WorkloadWarmup  19: 4 op, 5687986.00 ns, 1.4220 ms/op
WorkloadWarmup  20: 4 op, 9227585.00 ns, 2.3069 ms/op
WorkloadWarmup  21: 4 op, 9364990.00 ns, 2.3412 ms/op
WorkloadWarmup  22: 4 op, 9673319.00 ns, 2.4183 ms/op
WorkloadWarmup  23: 4 op, 6970328.00 ns, 1.7426 ms/op
WorkloadWarmup  24: 4 op, 5563818.00 ns, 1.3910 ms/op
WorkloadWarmup  25: 4 op, 5510980.00 ns, 1.3777 ms/op

// BeforeActualRun
WorkloadActual   1: 4 op, 5560761.00 ns, 1.3902 ms/op
WorkloadActual   2: 4 op, 6225238.00 ns, 1.5563 ms/op
WorkloadActual   3: 4 op, 5688420.00 ns, 1.4221 ms/op
WorkloadActual   4: 4 op, 5853898.00 ns, 1.4635 ms/op
WorkloadActual   5: 4 op, 5928005.00 ns, 1.4820 ms/op
WorkloadActual   6: 4 op, 6055424.00 ns, 1.5139 ms/op

// AfterActualRun
WorkloadResult   1: 4 op, 5560761.00 ns, 1.3902 ms/op
WorkloadResult   2: 4 op, 6225238.00 ns, 1.5563 ms/op
WorkloadResult   3: 4 op, 5688420.00 ns, 1.4221 ms/op
WorkloadResult   4: 4 op, 5853898.00 ns, 1.4635 ms/op
WorkloadResult   5: 4 op, 5928005.00 ns, 1.4820 ms/op
WorkloadResult   6: 4 op, 6055424.00 ns, 1.5139 ms/op
// GC:  0 0 0 0 4
// Threading:  0 0 4

// AfterAll
// Benchmark Process 9333 has exited with code 0.

Mean = 1.471 ms, StdErr = 0.025 ms (1.67%), N = 6, StdDev = 0.060 ms
Min = 1.390 ms, Q1 = 1.432 ms, Median = 1.473 ms, Q3 = 1.506 ms, Max = 1.556 ms
IQR = 0.073 ms, LowerFence = 1.322 ms, UpperFence = 1.616 ms
ConfidenceInterval = [1.302 ms; 1.641 ms] (CI 99.9%), Margin = 0.169 ms (11.50% of Mean)
Skewness = 0.03, Kurtosis = 1.31, MValue = 2

// ** Remained 8 (66.7 %) benchmark(s) to run. Estimated finish 2026-10-10 7:59 (0h 0m from now) **
// **************************
// Benchmark: CodecSuite.Run: campaign(EvaluateOverhead=False, Clock=Armonik.Ffi.Bdn.CpuClock, IterationCount=6, IterationTime=40ms, LaunchCount=1, RunStrategy=Throughput, WarmupCount=25) [Case=core-(...)etain [42]]
// *** Execute ***
// Launch: 1 / 1
// Execute: dotnet BenchDotNet-campaign-1.dll --anonymousPipes 138 139 --benchmarkName "Armonik.Ffi.Bdn.CodecSuite.Run(Case: \"core-ffi|encode-core-hot|P2.4|ascii|retain\")" --job campaign --benchmarkId 4 in /home/user/ArmoniK.Api/ffi/poc/csharp/src/BenchDotNet/bin/Release/net8.0/BenchDotNet-campaign-1/bin/Release/net8.0
// BeforeAnythingElse

// Benchmark Process Environment Information:
// BenchmarkDotNet v0.15.8
// Runtime=.NET 8.0.31 (8.0.31, 8.0.3126.42015), X64 RyuJIT x86-64-v4
// GC=Concurrent Workstation
// HardwareIntrinsics=AVX512 IFMA+VBMI,AVX512 F+BW+CD+DQ+VL,AVX2+BMI1+BMI2+F16C+FMA+LZCNT+MOVBE,AVX,SSE3+SSSE3+SSE4.1+SSE4.2+POPCNT,X86Base+SSE+SSE2,AES+PCLMUL,AvxVnni,SERIALIZE VectorSize=256
// Job: campaign(EvaluateOverhead=False, Clock=Armonik.Ffi.Bdn.CpuClock, IterationCount=6, IterationTime=40ms, LaunchCount=1, RunStrategy=Throughput, WarmupCount=25)

OverheadJitting  1: 1 op, 302337.00 ns, 302.3370 us/op
WorkloadJitting  1: 1 op, 19603805.00 ns, 19.6038 ms/op

WorkloadPilot    1: 4 op, 28368246.00 ns, 7.0921 ms/op
WorkloadPilot    2: 6 op, 32027429.00 ns, 5.3379 ms/op

WorkloadWarmup   1: 6 op, 33102171.00 ns, 5.5170 ms/op
WorkloadWarmup   2: 6 op, 33229049.00 ns, 5.5382 ms/op
WorkloadWarmup   3: 6 op, 32412085.00 ns, 5.4020 ms/op
WorkloadWarmup   4: 6 op, 14730527.00 ns, 2.4551 ms/op
WorkloadWarmup   5: 6 op, 12700541.00 ns, 2.1168 ms/op
WorkloadWarmup   6: 6 op, 12172194.00 ns, 2.0287 ms/op
WorkloadWarmup   7: 6 op, 11407250.00 ns, 1.9012 ms/op
WorkloadWarmup   8: 6 op, 12617361.00 ns, 2.1029 ms/op
WorkloadWarmup   9: 6 op, 11551732.00 ns, 1.9253 ms/op
WorkloadWarmup  10: 6 op, 11480135.00 ns, 1.9134 ms/op
WorkloadWarmup  11: 6 op, 11475950.00 ns, 1.9127 ms/op
WorkloadWarmup  12: 6 op, 11034411.00 ns, 1.8391 ms/op
WorkloadWarmup  13: 6 op, 11799480.00 ns, 1.9666 ms/op
WorkloadWarmup  14: 6 op, 11741068.00 ns, 1.9568 ms/op
WorkloadWarmup  15: 6 op, 11336637.00 ns, 1.8894 ms/op
WorkloadWarmup  16: 6 op, 11269035.00 ns, 1.8782 ms/op
WorkloadWarmup  17: 6 op, 18563207.00 ns, 3.0939 ms/op
WorkloadWarmup  18: 6 op, 19510657.00 ns, 3.2518 ms/op
WorkloadWarmup  19: 6 op, 14170399.00 ns, 2.3617 ms/op
WorkloadWarmup  20: 6 op, 15091565.00 ns, 2.5153 ms/op
WorkloadWarmup  21: 6 op, 13151297.00 ns, 2.1919 ms/op
WorkloadWarmup  22: 6 op, 13178694.00 ns, 2.1964 ms/op
WorkloadWarmup  23: 6 op, 24836845.00 ns, 4.1395 ms/op
WorkloadWarmup  24: 6 op, 11851495.00 ns, 1.9752 ms/op
WorkloadWarmup  25: 6 op, 11348804.00 ns, 1.8915 ms/op

// BeforeActualRun
WorkloadActual   1: 6 op, 12897625.00 ns, 2.1496 ms/op
WorkloadActual   2: 6 op, 11693025.00 ns, 1.9488 ms/op
WorkloadActual   3: 6 op, 12305769.00 ns, 2.0510 ms/op
WorkloadActual   4: 6 op, 13417779.00 ns, 2.2363 ms/op
WorkloadActual   5: 6 op, 11638007.00 ns, 1.9397 ms/op
WorkloadActual   6: 6 op, 11104540.00 ns, 1.8508 ms/op

// AfterActualRun
WorkloadResult   1: 6 op, 12897625.00 ns, 2.1496 ms/op
WorkloadResult   2: 6 op, 11693025.00 ns, 1.9488 ms/op
WorkloadResult   3: 6 op, 12305769.00 ns, 2.0510 ms/op
WorkloadResult   4: 6 op, 13417779.00 ns, 2.2363 ms/op
WorkloadResult   5: 6 op, 11638007.00 ns, 1.9397 ms/op
WorkloadResult   6: 6 op, 11104540.00 ns, 1.8508 ms/op
// GC:  0 0 0 0 6
// Threading:  0 0 6

// AfterAll
// Benchmark Process 9342 has exited with code 0.

Mean = 2.029 ms, StdErr = 0.059 ms (2.90%), N = 6, StdDev = 0.144 ms
Min = 1.851 ms, Q1 = 1.942 ms, Median = 2.000 ms, Q3 = 2.125 ms, Max = 2.236 ms
IQR = 0.183 ms, LowerFence = 1.667 ms, UpperFence = 2.399 ms
ConfidenceInterval = [1.625 ms; 2.434 ms] (CI 99.9%), Margin = 0.405 ms (19.95% of Mean)
Skewness = 0.2, Kurtosis = 1.22, MValue = 2

// ** Remained 7 (58.3 %) benchmark(s) to run. Estimated finish 2026-10-10 7:59 (0h 0m from now) **
// **************************
// Benchmark: CodecSuite.Run: campaign(EvaluateOverhead=False, Clock=Armonik.Ffi.Bdn.CpuClock, IterationCount=6, IterationTime=40ms, LaunchCount=1, RunStrategy=Throughput, WarmupCount=25) [Case=core-(...)etain [42]]
// *** Execute ***
// Launch: 1 / 1
// Execute: dotnet BenchDotNet-campaign-1.dll --anonymousPipes 138 139 --benchmarkName "Armonik.Ffi.Bdn.CodecSuite.Run(Case: \"core-ffi|encode-core-hot|P2.2|ascii|retain\")" --job campaign --benchmarkId 5 in /home/user/ArmoniK.Api/ffi/poc/csharp/src/BenchDotNet/bin/Release/net8.0/BenchDotNet-campaign-1/bin/Release/net8.0
// BeforeAnythingElse

// Benchmark Process Environment Information:
// BenchmarkDotNet v0.15.8
// Runtime=.NET 8.0.31 (8.0.31, 8.0.3126.42015), X64 RyuJIT x86-64-v4
// GC=Concurrent Workstation
// HardwareIntrinsics=AVX512 IFMA+VBMI,AVX512 F+BW+CD+DQ+VL,AVX2+BMI1+BMI2+F16C+FMA+LZCNT+MOVBE,AVX,SSE3+SSSE3+SSE4.1+SSE4.2+POPCNT,X86Base+SSE+SSE2,AES+PCLMUL,AvxVnni,SERIALIZE VectorSize=256
// Job: campaign(EvaluateOverhead=False, Clock=Armonik.Ffi.Bdn.CpuClock, IterationCount=6, IterationTime=40ms, LaunchCount=1, RunStrategy=Throughput, WarmupCount=25)

OverheadJitting  1: 1 op, 257943.00 ns, 257.9430 us/op
WorkloadJitting  1: 1 op, 17328143.00 ns, 17.3281 ms/op

WorkloadPilot    1: 4 op, 26465424.00 ns, 6.6164 ms/op
WorkloadPilot    2: 6 op, 32954761.00 ns, 5.4925 ms/op

WorkloadWarmup   1: 6 op, 25075943.00 ns, 4.1793 ms/op
WorkloadWarmup   2: 6 op, 28463438.00 ns, 4.7439 ms/op
WorkloadWarmup   3: 6 op, 25209357.00 ns, 4.2016 ms/op
WorkloadWarmup   4: 6 op, 29683862.00 ns, 4.9473 ms/op
WorkloadWarmup   5: 6 op, 27796378.00 ns, 4.6327 ms/op
WorkloadWarmup   6: 6 op, 25726147.00 ns, 4.2877 ms/op
WorkloadWarmup   7: 6 op, 12574980.00 ns, 2.0958 ms/op
WorkloadWarmup   8: 6 op, 9045161.00 ns, 1.5075 ms/op
WorkloadWarmup   9: 6 op, 9215635.00 ns, 1.5359 ms/op
WorkloadWarmup  10: 6 op, 9480021.00 ns, 1.5800 ms/op
WorkloadWarmup  11: 6 op, 12149594.00 ns, 2.0249 ms/op
WorkloadWarmup  12: 6 op, 12742455.00 ns, 2.1237 ms/op
WorkloadWarmup  13: 6 op, 10274717.00 ns, 1.7125 ms/op
WorkloadWarmup  14: 6 op, 8548875.00 ns, 1.4248 ms/op
WorkloadWarmup  15: 6 op, 8720876.00 ns, 1.4535 ms/op
WorkloadWarmup  16: 6 op, 15656008.00 ns, 2.6093 ms/op
WorkloadWarmup  17: 6 op, 8289644.00 ns, 1.3816 ms/op
WorkloadWarmup  18: 6 op, 13671137.00 ns, 2.2785 ms/op
WorkloadWarmup  19: 6 op, 8181633.00 ns, 1.3636 ms/op
WorkloadWarmup  20: 6 op, 8500604.00 ns, 1.4168 ms/op
WorkloadWarmup  21: 6 op, 8797029.00 ns, 1.4662 ms/op
WorkloadWarmup  22: 6 op, 8696775.00 ns, 1.4495 ms/op
WorkloadWarmup  23: 6 op, 14975870.00 ns, 2.4960 ms/op
WorkloadWarmup  24: 6 op, 13466341.00 ns, 2.2444 ms/op
WorkloadWarmup  25: 6 op, 8428257.00 ns, 1.4047 ms/op

// BeforeActualRun
WorkloadActual   1: 6 op, 8656095.00 ns, 1.4427 ms/op
WorkloadActual   2: 6 op, 8265490.00 ns, 1.3776 ms/op
WorkloadActual   3: 6 op, 9081211.00 ns, 1.5135 ms/op
WorkloadActual   4: 6 op, 8669742.00 ns, 1.4450 ms/op
WorkloadActual   5: 6 op, 9603570.00 ns, 1.6006 ms/op
WorkloadActual   6: 6 op, 10313145.00 ns, 1.7189 ms/op

// AfterActualRun
WorkloadResult   1: 6 op, 8656095.00 ns, 1.4427 ms/op
WorkloadResult   2: 6 op, 8265490.00 ns, 1.3776 ms/op
WorkloadResult   3: 6 op, 9081211.00 ns, 1.5135 ms/op
WorkloadResult   4: 6 op, 8669742.00 ns, 1.4450 ms/op
WorkloadResult   5: 6 op, 9603570.00 ns, 1.6006 ms/op
WorkloadResult   6: 6 op, 10313145.00 ns, 1.7189 ms/op
// GC:  0 0 0 0 6
// Threading:  0 0 6

// AfterAll
// Benchmark Process 9351 has exited with code 0.

Mean = 1.516 ms, StdErr = 0.051 ms (3.36%), N = 6, StdDev = 0.125 ms
Min = 1.378 ms, Q1 = 1.443 ms, Median = 1.479 ms, Q3 = 1.579 ms, Max = 1.719 ms
IQR = 0.136 ms, LowerFence = 1.240 ms, UpperFence = 1.782 ms
ConfidenceInterval = [1.166 ms; 1.866 ms] (CI 99.9%), Margin = 0.350 ms (23.08% of Mean)
Skewness = 0.47, Kurtosis = 1.48, MValue = 2

// ** Remained 6 (50.0 %) benchmark(s) to run. Estimated finish 2026-10-10 7:59 (0h 0m from now) **
// **************************
// Benchmark: CodecSuite.Run: campaign(EvaluateOverhead=False, Clock=Armonik.Ffi.Bdn.CpuClock, IterationCount=6, IterationTime=40ms, LaunchCount=1, RunStrategy=Throughput, WarmupCount=25) [Case=core-(...)|drop [54]]
// *** Execute ***
// Launch: 1 / 1
// Execute: dotnet BenchDotNet-campaign-1.dll --anonymousPipes 138 139 --benchmarkName "Armonik.Ffi.Bdn.CodecSuite.Run(Case: \"core-ffi|encode-core-hot|U-deep-u-repeated|corpus|drop\")" --job campaign --benchmarkId 6 in /home/user/ArmoniK.Api/ffi/poc/csharp/src/BenchDotNet/bin/Release/net8.0/BenchDotNet-campaign-1/bin/Release/net8.0
// BeforeAnythingElse

// Benchmark Process Environment Information:
// BenchmarkDotNet v0.15.8
// Runtime=.NET 8.0.31 (8.0.31, 8.0.3126.42015), X64 RyuJIT x86-64-v4
// GC=Concurrent Workstation
// HardwareIntrinsics=AVX512 IFMA+VBMI,AVX512 F+BW+CD+DQ+VL,AVX2+BMI1+BMI2+F16C+FMA+LZCNT+MOVBE,AVX,SSE3+SSSE3+SSE4.1+SSE4.2+POPCNT,X86Base+SSE+SSE2,AES+PCLMUL,AvxVnni,SERIALIZE VectorSize=256
// Job: campaign(EvaluateOverhead=False, Clock=Armonik.Ffi.Bdn.CpuClock, IterationCount=6, IterationTime=40ms, LaunchCount=1, RunStrategy=Throughput, WarmupCount=25)

OverheadJitting  1: 1 op, 286497.00 ns, 286.4970 us/op
WorkloadJitting  1: 1 op, 11407630.00 ns, 11.4076 ms/op

WorkloadPilot    1: 4 op, 49446.00 ns, 12.3615 us/op
WorkloadPilot    2: 3236 op, 24402002.00 ns, 7.5408 us/op
WorkloadPilot    3: 5304 op, 40249572.00 ns, 7.5885 us/op
WorkloadPilot    4: 5271 op, 39084897.00 ns, 7.4151 us/op
WorkloadPilot    5: 5394 op, 30505870.00 ns, 5.6555 us/op
WorkloadPilot    6: 7073 op, 19173285.00 ns, 2.7108 us/op
WorkloadPilot    7: 14756 op, 33642753.00 ns, 2.2799 us/op
WorkloadPilot    8: 17544 op, 40401299.00 ns, 2.3029 us/op
WorkloadPilot    9: 17370 op, 40219456.00 ns, 2.3155 us/op

WorkloadWarmup   1: 17370 op, 51028360.00 ns, 2.9377 us/op
WorkloadWarmup   2: 17370 op, 48927066.00 ns, 2.8168 us/op
WorkloadWarmup   3: 17370 op, 39939636.00 ns, 2.2993 us/op
WorkloadWarmup   4: 17370 op, 39599146.00 ns, 2.2797 us/op
WorkloadWarmup   5: 17370 op, 39627837.00 ns, 2.2814 us/op
WorkloadWarmup   6: 17370 op, 39653006.00 ns, 2.2828 us/op
WorkloadWarmup   7: 17370 op, 39177278.00 ns, 2.2555 us/op
WorkloadWarmup   8: 17370 op, 40951940.00 ns, 2.3576 us/op
WorkloadWarmup   9: 17370 op, 39481470.00 ns, 2.2730 us/op
WorkloadWarmup  10: 17370 op, 39195482.00 ns, 2.2565 us/op
WorkloadWarmup  11: 17370 op, 39321256.00 ns, 2.2637 us/op
WorkloadWarmup  12: 17370 op, 39621886.00 ns, 2.2811 us/op
WorkloadWarmup  13: 17370 op, 39356297.00 ns, 2.2658 us/op
WorkloadWarmup  14: 17370 op, 44935646.00 ns, 2.5870 us/op
WorkloadWarmup  15: 17370 op, 40475649.00 ns, 2.3302 us/op
WorkloadWarmup  16: 17370 op, 40460213.00 ns, 2.3293 us/op
WorkloadWarmup  17: 17370 op, 40449688.00 ns, 2.3287 us/op
WorkloadWarmup  18: 17370 op, 39807888.00 ns, 2.2918 us/op
WorkloadWarmup  19: 17370 op, 40653680.00 ns, 2.3405 us/op
WorkloadWarmup  20: 17370 op, 42482473.00 ns, 2.4457 us/op
WorkloadWarmup  21: 17370 op, 51390880.00 ns, 2.9586 us/op
WorkloadWarmup  22: 17370 op, 44471277.00 ns, 2.5602 us/op
WorkloadWarmup  23: 17370 op, 43322408.00 ns, 2.4941 us/op
WorkloadWarmup  24: 17370 op, 42278835.00 ns, 2.4340 us/op
WorkloadWarmup  25: 17370 op, 45942313.00 ns, 2.6449 us/op

// BeforeActualRun
WorkloadActual   1: 17370 op, 44095752.00 ns, 2.5386 us/op
WorkloadActual   2: 17370 op, 42801261.00 ns, 2.4641 us/op
WorkloadActual   3: 17370 op, 41299800.00 ns, 2.3777 us/op
WorkloadActual   4: 17370 op, 40044424.00 ns, 2.3054 us/op
WorkloadActual   5: 17370 op, 39489661.00 ns, 2.2734 us/op
WorkloadActual   6: 17370 op, 42551640.00 ns, 2.4497 us/op

// AfterActualRun
WorkloadResult   1: 17370 op, 44095752.00 ns, 2.5386 us/op
WorkloadResult   2: 17370 op, 42801261.00 ns, 2.4641 us/op
WorkloadResult   3: 17370 op, 41299800.00 ns, 2.3777 us/op
WorkloadResult   4: 17370 op, 40044424.00 ns, 2.3054 us/op
WorkloadResult   5: 17370 op, 39489661.00 ns, 2.2734 us/op
WorkloadResult   6: 17370 op, 42551640.00 ns, 2.4497 us/op
// GC:  0 0 0 0 17370
// Threading:  0 0 17370

// AfterAll
// Benchmark Process 9360 has exited with code 0.

Mean = 2.401 us, StdErr = 0.041 us (1.72%), N = 6, StdDev = 0.101 us
Min = 2.273 us, Q1 = 2.323 us, Median = 2.414 us, Q3 = 2.460 us, Max = 2.539 us
IQR = 0.137 us, LowerFence = 2.118 us, UpperFence = 2.666 us
ConfidenceInterval = [2.118 us; 2.685 us] (CI 99.9%), Margin = 0.284 us (11.82% of Mean)
Skewness = -0.01, Kurtosis = 1.16, MValue = 2

// ** Remained 5 (41.7 %) benchmark(s) to run. Estimated finish 2026-10-10 7:59 (0h 0m from now) **
// **************************
// Benchmark: CodecSuite.Run: campaign(EvaluateOverhead=False, Clock=Armonik.Ffi.Bdn.CpuClock, IterationCount=6, IterationTime=40ms, LaunchCount=1, RunStrategy=Throughput, WarmupCount=25) [Case=core-(...)etain [41]]
// *** Execute ***
// Launch: 1 / 1
// Execute: dotnet BenchDotNet-campaign-1.dll --anonymousPipes 138 139 --benchmarkName "Armonik.Ffi.Bdn.CodecSuite.Run(Case: \"core-ffi|encode-core-hot|P2.2|wide|retain\")" --job campaign --benchmarkId 7 in /home/user/ArmoniK.Api/ffi/poc/csharp/src/BenchDotNet/bin/Release/net8.0/BenchDotNet-campaign-1/bin/Release/net8.0
// BeforeAnythingElse

// Benchmark Process Environment Information:
// BenchmarkDotNet v0.15.8
// Runtime=.NET 8.0.31 (8.0.31, 8.0.3126.42015), X64 RyuJIT x86-64-v4
// GC=Concurrent Workstation
// HardwareIntrinsics=AVX512 IFMA+VBMI,AVX512 F+BW+CD+DQ+VL,AVX2+BMI1+BMI2+F16C+FMA+LZCNT+MOVBE,AVX,SSE3+SSSE3+SSE4.1+SSE4.2+POPCNT,X86Base+SSE+SSE2,AES+PCLMUL,AvxVnni,SERIALIZE VectorSize=256
// Job: campaign(EvaluateOverhead=False, Clock=Armonik.Ffi.Bdn.CpuClock, IterationCount=6, IterationTime=40ms, LaunchCount=1, RunStrategy=Throughput, WarmupCount=25)

OverheadJitting  1: 1 op, 310398.00 ns, 310.3980 us/op
WorkloadJitting  1: 1 op, 18867237.00 ns, 18.8672 ms/op

WorkloadPilot    1: 4 op, 27326259.00 ns, 6.8316 ms/op
WorkloadPilot    2: 6 op, 32781962.00 ns, 5.4637 ms/op

WorkloadWarmup   1: 6 op, 28628276.00 ns, 4.7714 ms/op
WorkloadWarmup   2: 6 op, 38273645.00 ns, 6.3789 ms/op
WorkloadWarmup   3: 6 op, 27962576.00 ns, 4.6604 ms/op
WorkloadWarmup   4: 6 op, 36406643.00 ns, 6.0678 ms/op
WorkloadWarmup   5: 6 op, 9697400.00 ns, 1.6162 ms/op
WorkloadWarmup   6: 6 op, 10227448.00 ns, 1.7046 ms/op
WorkloadWarmup   7: 6 op, 11128278.00 ns, 1.8547 ms/op
WorkloadWarmup   8: 6 op, 13838945.00 ns, 2.3065 ms/op
WorkloadWarmup   9: 6 op, 9712083.00 ns, 1.6187 ms/op
WorkloadWarmup  10: 6 op, 10712553.00 ns, 1.7854 ms/op
WorkloadWarmup  11: 6 op, 10236872.00 ns, 1.7061 ms/op
WorkloadWarmup  12: 6 op, 11051174.00 ns, 1.8419 ms/op
WorkloadWarmup  13: 6 op, 10805184.00 ns, 1.8009 ms/op
WorkloadWarmup  14: 6 op, 11207585.00 ns, 1.8679 ms/op
WorkloadWarmup  15: 6 op, 10742603.00 ns, 1.7904 ms/op
WorkloadWarmup  16: 6 op, 9726374.00 ns, 1.6211 ms/op
WorkloadWarmup  17: 6 op, 10856703.00 ns, 1.8095 ms/op
WorkloadWarmup  18: 6 op, 9977264.00 ns, 1.6629 ms/op
WorkloadWarmup  19: 6 op, 10542927.00 ns, 1.7572 ms/op
WorkloadWarmup  20: 6 op, 11768261.00 ns, 1.9614 ms/op
WorkloadWarmup  21: 6 op, 10414272.00 ns, 1.7357 ms/op
WorkloadWarmup  22: 6 op, 10300781.00 ns, 1.7168 ms/op
WorkloadWarmup  23: 6 op, 10417400.00 ns, 1.7362 ms/op
WorkloadWarmup  24: 6 op, 10939191.00 ns, 1.8232 ms/op
WorkloadWarmup  25: 6 op, 11672503.00 ns, 1.9454 ms/op

// BeforeActualRun
WorkloadActual   1: 6 op, 10527478.00 ns, 1.7546 ms/op
WorkloadActual   2: 6 op, 10581028.00 ns, 1.7635 ms/op
WorkloadActual   3: 6 op, 16978794.00 ns, 2.8298 ms/op
WorkloadActual   4: 6 op, 10142228.00 ns, 1.6904 ms/op
WorkloadActual   5: 6 op, 9696857.00 ns, 1.6161 ms/op
WorkloadActual   6: 6 op, 9556453.00 ns, 1.5927 ms/op

// AfterActualRun
WorkloadResult   1: 6 op, 10527478.00 ns, 1.7546 ms/op
WorkloadResult   2: 6 op, 10581028.00 ns, 1.7635 ms/op
WorkloadResult   3: 6 op, 10142228.00 ns, 1.6904 ms/op
WorkloadResult   4: 6 op, 9696857.00 ns, 1.6161 ms/op
WorkloadResult   5: 6 op, 9556453.00 ns, 1.5927 ms/op
// GC:  0 0 0 336 6
// Threading:  0 0 6

// AfterAll
// Benchmark Process 9369 has exited with code 0.

Mean = 1.683 ms, StdErr = 0.035 ms (2.07%), N = 5, StdDev = 0.078 ms
Min = 1.593 ms, Q1 = 1.616 ms, Median = 1.690 ms, Q3 = 1.755 ms, Max = 1.764 ms
IQR = 0.138 ms, LowerFence = 1.408 ms, UpperFence = 1.962 ms
ConfidenceInterval = [1.383 ms; 1.983 ms] (CI 99.9%), Margin = 0.300 ms (17.82% of Mean)
Skewness = -0.08, Kurtosis = 0.84, MValue = 2

// ** Remained 4 (33.3 %) benchmark(s) to run. Estimated finish 2026-10-10 7:59 (0h 0m from now) **
// **************************
// Benchmark: CodecSuite.Run: campaign(EvaluateOverhead=False, Clock=Armonik.Ffi.Bdn.CpuClock, IterationCount=6, IterationTime=40ms, LaunchCount=1, RunStrategy=Throughput, WarmupCount=25) [Case=core-(...)|drop [39]]
// *** Execute ***
// Launch: 1 / 1
// Execute: dotnet BenchDotNet-campaign-1.dll --anonymousPipes 138 139 --benchmarkName "Armonik.Ffi.Bdn.CodecSuite.Run(Case: \"core-ffi|encode-core-hot|P2.2|wide|drop\")" --job campaign --benchmarkId 8 in /home/user/ArmoniK.Api/ffi/poc/csharp/src/BenchDotNet/bin/Release/net8.0/BenchDotNet-campaign-1/bin/Release/net8.0
// BeforeAnythingElse

// Benchmark Process Environment Information:
// BenchmarkDotNet v0.15.8
// Runtime=.NET 8.0.31 (8.0.31, 8.0.3126.42015), X64 RyuJIT x86-64-v4
// GC=Concurrent Workstation
// HardwareIntrinsics=AVX512 IFMA+VBMI,AVX512 F+BW+CD+DQ+VL,AVX2+BMI1+BMI2+F16C+FMA+LZCNT+MOVBE,AVX,SSE3+SSSE3+SSE4.1+SSE4.2+POPCNT,X86Base+SSE+SSE2,AES+PCLMUL,AvxVnni,SERIALIZE VectorSize=256
// Job: campaign(EvaluateOverhead=False, Clock=Armonik.Ffi.Bdn.CpuClock, IterationCount=6, IterationTime=40ms, LaunchCount=1, RunStrategy=Throughput, WarmupCount=25)

OverheadJitting  1: 1 op, 275320.00 ns, 275.3200 us/op
WorkloadJitting  1: 1 op, 18298865.00 ns, 18.2989 ms/op

WorkloadPilot    1: 4 op, 26210448.00 ns, 6.5526 ms/op
WorkloadPilot    2: 6 op, 29916173.00 ns, 4.9860 ms/op
WorkloadPilot    3: 8 op, 32004447.00 ns, 4.0006 ms/op
WorkloadPilot    4: 10 op, 40257913.00 ns, 4.0258 ms/op

WorkloadWarmup   1: 10 op, 39533447.00 ns, 3.9533 ms/op
WorkloadWarmup   2: 10 op, 39674968.00 ns, 3.9675 ms/op
WorkloadWarmup   3: 10 op, 29006484.00 ns, 2.9006 ms/op
WorkloadWarmup   4: 10 op, 16299254.00 ns, 1.6299 ms/op
WorkloadWarmup   5: 10 op, 15799904.00 ns, 1.5800 ms/op
WorkloadWarmup   6: 10 op, 15300721.00 ns, 1.5301 ms/op
WorkloadWarmup   7: 10 op, 15968921.00 ns, 1.5969 ms/op
WorkloadWarmup   8: 10 op, 15264258.00 ns, 1.5264 ms/op
WorkloadWarmup   9: 10 op, 15322216.00 ns, 1.5322 ms/op
WorkloadWarmup  10: 10 op, 15456466.00 ns, 1.5456 ms/op
WorkloadWarmup  11: 10 op, 14980721.00 ns, 1.4981 ms/op
WorkloadWarmup  12: 10 op, 14882022.00 ns, 1.4882 ms/op
WorkloadWarmup  13: 10 op, 15080849.00 ns, 1.5081 ms/op
WorkloadWarmup  14: 10 op, 14983857.00 ns, 1.4984 ms/op
WorkloadWarmup  15: 10 op, 15111831.00 ns, 1.5112 ms/op
WorkloadWarmup  16: 10 op, 15037050.00 ns, 1.5037 ms/op
WorkloadWarmup  17: 10 op, 14920599.00 ns, 1.4921 ms/op
WorkloadWarmup  18: 10 op, 15267132.00 ns, 1.5267 ms/op
WorkloadWarmup  19: 10 op, 15178463.00 ns, 1.5178 ms/op
WorkloadWarmup  20: 10 op, 15105297.00 ns, 1.5105 ms/op
WorkloadWarmup  21: 10 op, 14909574.00 ns, 1.4910 ms/op
WorkloadWarmup  22: 10 op, 15034780.00 ns, 1.5035 ms/op
WorkloadWarmup  23: 10 op, 15253457.00 ns, 1.5253 ms/op
WorkloadWarmup  24: 10 op, 15140306.00 ns, 1.5140 ms/op
WorkloadWarmup  25: 10 op, 14901469.00 ns, 1.4901 ms/op

// BeforeActualRun
WorkloadActual   1: 10 op, 15636237.00 ns, 1.5636 ms/op
WorkloadActual   2: 10 op, 15104059.00 ns, 1.5104 ms/op
WorkloadActual   3: 10 op, 15300125.00 ns, 1.5300 ms/op
WorkloadActual   4: 10 op, 15318637.00 ns, 1.5319 ms/op
WorkloadActual   5: 10 op, 14909172.00 ns, 1.4909 ms/op
WorkloadActual   6: 10 op, 15294410.00 ns, 1.5294 ms/op

// AfterActualRun
WorkloadResult   1: 10 op, 15104059.00 ns, 1.5104 ms/op
WorkloadResult   2: 10 op, 15300125.00 ns, 1.5300 ms/op
WorkloadResult   3: 10 op, 15318637.00 ns, 1.5319 ms/op
WorkloadResult   4: 10 op, 14909172.00 ns, 1.4909 ms/op
WorkloadResult   5: 10 op, 15294410.00 ns, 1.5294 ms/op
// GC:  0 0 0 0 10
// Threading:  0 0 10

// AfterAll
// Benchmark Process 9378 has exited with code 0.

Mean = 1.519 ms, StdErr = 0.008 ms (0.52%), N = 5, StdDev = 0.018 ms
Min = 1.491 ms, Q1 = 1.510 ms, Median = 1.529 ms, Q3 = 1.530 ms, Max = 1.532 ms
IQR = 0.020 ms, LowerFence = 1.481 ms, UpperFence = 1.559 ms
ConfidenceInterval = [1.450 ms; 1.587 ms] (CI 99.9%), Margin = 0.068 ms (4.50% of Mean)
Skewness = -0.59, Kurtosis = 1.31, MValue = 2

// ** Remained 3 (25.0 %) benchmark(s) to run. Estimated finish 2026-10-10 7:59 (0h 0m from now) **
// **************************
// Benchmark: CodecSuite.Run: campaign(EvaluateOverhead=False, Clock=Armonik.Ffi.Bdn.CpuClock, IterationCount=6, IterationTime=40ms, LaunchCount=1, RunStrategy=Throughput, WarmupCount=25) [Case=core-(...)|drop [40]]
// *** Execute ***
// Launch: 1 / 1
// Execute: dotnet BenchDotNet-campaign-1.dll --anonymousPipes 138 139 --benchmarkName "Armonik.Ffi.Bdn.CodecSuite.Run(Case: \"core-ffi|encode-core-hot|P2.4|ascii|drop\")" --job campaign --benchmarkId 9 in /home/user/ArmoniK.Api/ffi/poc/csharp/src/BenchDotNet/bin/Release/net8.0/BenchDotNet-campaign-1/bin/Release/net8.0
// BeforeAnythingElse

// Benchmark Process Environment Information:
// BenchmarkDotNet v0.15.8
// Runtime=.NET 8.0.31 (8.0.31, 8.0.3126.42015), X64 RyuJIT x86-64-v4
// GC=Concurrent Workstation
// HardwareIntrinsics=AVX512 IFMA+VBMI,AVX512 F+BW+CD+DQ+VL,AVX2+BMI1+BMI2+F16C+FMA+LZCNT+MOVBE,AVX,SSE3+SSSE3+SSE4.1+SSE4.2+POPCNT,X86Base+SSE+SSE2,AES+PCLMUL,AvxVnni,SERIALIZE VectorSize=256
// Job: campaign(EvaluateOverhead=False, Clock=Armonik.Ffi.Bdn.CpuClock, IterationCount=6, IterationTime=40ms, LaunchCount=1, RunStrategy=Throughput, WarmupCount=25)

OverheadJitting  1: 1 op, 259841.00 ns, 259.8410 us/op
WorkloadJitting  1: 1 op, 19483267.00 ns, 19.4833 ms/op

WorkloadPilot    1: 4 op, 27131985.00 ns, 6.7830 ms/op
WorkloadPilot    2: 6 op, 31240788.00 ns, 5.2068 ms/op
WorkloadPilot    3: 8 op, 42928899.00 ns, 5.3661 ms/op

WorkloadWarmup   1: 8 op, 40918415.00 ns, 5.1148 ms/op
WorkloadWarmup   2: 8 op, 42230933.00 ns, 5.2789 ms/op
WorkloadWarmup   3: 8 op, 40645187.00 ns, 5.0806 ms/op
WorkloadWarmup   4: 8 op, 42467111.00 ns, 5.3084 ms/op
WorkloadWarmup   5: 8 op, 20520012.00 ns, 2.5650 ms/op
WorkloadWarmup   6: 8 op, 15466926.00 ns, 1.9334 ms/op
WorkloadWarmup   7: 8 op, 14929162.00 ns, 1.8661 ms/op
WorkloadWarmup   8: 8 op, 19340686.00 ns, 2.4176 ms/op
WorkloadWarmup   9: 8 op, 15087785.00 ns, 1.8860 ms/op
WorkloadWarmup  10: 8 op, 14610988.00 ns, 1.8264 ms/op
WorkloadWarmup  11: 8 op, 15863732.00 ns, 1.9830 ms/op
WorkloadWarmup  12: 8 op, 17241720.00 ns, 2.1552 ms/op
WorkloadWarmup  13: 8 op, 14780308.00 ns, 1.8475 ms/op
WorkloadWarmup  14: 8 op, 17034807.00 ns, 2.1294 ms/op
WorkloadWarmup  15: 8 op, 14690284.00 ns, 1.8363 ms/op
WorkloadWarmup  16: 8 op, 14938320.00 ns, 1.8673 ms/op
WorkloadWarmup  17: 8 op, 14539039.00 ns, 1.8174 ms/op
WorkloadWarmup  18: 8 op, 15275479.00 ns, 1.9094 ms/op
WorkloadWarmup  19: 8 op, 24084664.00 ns, 3.0106 ms/op
WorkloadWarmup  20: 8 op, 23723989.00 ns, 2.9655 ms/op
WorkloadWarmup  21: 8 op, 14958724.00 ns, 1.8698 ms/op
WorkloadWarmup  22: 8 op, 14906511.00 ns, 1.8633 ms/op
WorkloadWarmup  23: 8 op, 14618057.00 ns, 1.8273 ms/op
WorkloadWarmup  24: 8 op, 14644082.00 ns, 1.8305 ms/op
WorkloadWarmup  25: 8 op, 14694589.00 ns, 1.8368 ms/op

// BeforeActualRun
WorkloadActual   1: 8 op, 15829729.00 ns, 1.9787 ms/op
WorkloadActual   2: 8 op, 14579209.00 ns, 1.8224 ms/op
WorkloadActual   3: 8 op, 14592135.00 ns, 1.8240 ms/op
WorkloadActual   4: 8 op, 14723606.00 ns, 1.8405 ms/op
WorkloadActual   5: 8 op, 14548886.00 ns, 1.8186 ms/op
WorkloadActual   6: 8 op, 14960952.00 ns, 1.8701 ms/op

// AfterActualRun
WorkloadResult   1: 8 op, 14579209.00 ns, 1.8224 ms/op
WorkloadResult   2: 8 op, 14592135.00 ns, 1.8240 ms/op
WorkloadResult   3: 8 op, 14723606.00 ns, 1.8405 ms/op
WorkloadResult   4: 8 op, 14548886.00 ns, 1.8186 ms/op
WorkloadResult   5: 8 op, 14960952.00 ns, 1.8701 ms/op
// GC:  0 0 0 0 8
// Threading:  0 0 8

// AfterAll
// Benchmark Process 9387 has exited with code 0.

Mean = 1.835 ms, StdErr = 0.010 ms (0.52%), N = 5, StdDev = 0.021 ms
Min = 1.819 ms, Q1 = 1.822 ms, Median = 1.824 ms, Q3 = 1.840 ms, Max = 1.870 ms
IQR = 0.018 ms, LowerFence = 1.795 ms, UpperFence = 1.868 ms
ConfidenceInterval = [1.753 ms; 1.917 ms] (CI 99.9%), Margin = 0.082 ms (4.46% of Mean)
Skewness = 0.73, Kurtosis = 1.58, MValue = 2

// ** Remained 2 (16.7 %) benchmark(s) to run. Estimated finish 2026-10-10 7:59 (0h 0m from now) **
// **************************
// Benchmark: CodecSuite.Run: campaign(EvaluateOverhead=False, Clock=Armonik.Ffi.Bdn.CpuClock, IterationCount=6, IterationTime=40ms, LaunchCount=1, RunStrategy=Throughput, WarmupCount=25) [Case=core-(...)|drop [41]]
// *** Execute ***
// Launch: 1 / 1
// Execute: dotnet BenchDotNet-campaign-1.dll --anonymousPipes 138 139 --benchmarkName "Armonik.Ffi.Bdn.CodecSuite.Run(Case: \"core-ffi|encode-core-hot|P2.2|latin1|drop\")" --job campaign --benchmarkId 10 in /home/user/ArmoniK.Api/ffi/poc/csharp/src/BenchDotNet/bin/Release/net8.0/BenchDotNet-campaign-1/bin/Release/net8.0
// BeforeAnythingElse

// Benchmark Process Environment Information:
// BenchmarkDotNet v0.15.8
// Runtime=.NET 8.0.31 (8.0.31, 8.0.3126.42015), X64 RyuJIT x86-64-v4
// GC=Concurrent Workstation
// HardwareIntrinsics=AVX512 IFMA+VBMI,AVX512 F+BW+CD+DQ+VL,AVX2+BMI1+BMI2+F16C+FMA+LZCNT+MOVBE,AVX,SSE3+SSSE3+SSE4.1+SSE4.2+POPCNT,X86Base+SSE+SSE2,AES+PCLMUL,AvxVnni,SERIALIZE VectorSize=256
// Job: campaign(EvaluateOverhead=False, Clock=Armonik.Ffi.Bdn.CpuClock, IterationCount=6, IterationTime=40ms, LaunchCount=1, RunStrategy=Throughput, WarmupCount=25)

OverheadJitting  1: 1 op, 394427.00 ns, 394.4270 us/op
WorkloadJitting  1: 1 op, 17111898.00 ns, 17.1119 ms/op

WorkloadPilot    1: 4 op, 24380937.00 ns, 6.0952 ms/op
WorkloadPilot    2: 7 op, 32923226.00 ns, 4.7033 ms/op
WorkloadPilot    3: 9 op, 34473160.00 ns, 3.8304 ms/op

WorkloadWarmup   1: 9 op, 34837867.00 ns, 3.8709 ms/op
WorkloadWarmup   2: 9 op, 34624420.00 ns, 3.8472 ms/op
WorkloadWarmup   3: 9 op, 34535407.00 ns, 3.8373 ms/op
WorkloadWarmup   4: 9 op, 36769903.00 ns, 4.0855 ms/op
WorkloadWarmup   5: 9 op, 15556321.00 ns, 1.7285 ms/op
WorkloadWarmup   6: 9 op, 13764999.00 ns, 1.5294 ms/op
WorkloadWarmup   7: 9 op, 12730611.00 ns, 1.4145 ms/op
WorkloadWarmup   8: 9 op, 19312995.00 ns, 2.1459 ms/op
WorkloadWarmup   9: 9 op, 12522419.00 ns, 1.3914 ms/op
WorkloadWarmup  10: 9 op, 12802467.00 ns, 1.4225 ms/op
WorkloadWarmup  11: 9 op, 12248190.00 ns, 1.3609 ms/op
WorkloadWarmup  12: 9 op, 12449610.00 ns, 1.3833 ms/op
WorkloadWarmup  13: 9 op, 12684614.00 ns, 1.4094 ms/op
WorkloadWarmup  14: 9 op, 12771264.00 ns, 1.4190 ms/op
WorkloadWarmup  15: 9 op, 12411327.00 ns, 1.3790 ms/op
WorkloadWarmup  16: 9 op, 12392083.00 ns, 1.3769 ms/op
WorkloadWarmup  17: 9 op, 12687523.00 ns, 1.4097 ms/op
WorkloadWarmup  18: 9 op, 12973262.00 ns, 1.4415 ms/op
WorkloadWarmup  19: 9 op, 12560749.00 ns, 1.3956 ms/op
WorkloadWarmup  20: 9 op, 12610951.00 ns, 1.4012 ms/op
WorkloadWarmup  21: 9 op, 12720927.00 ns, 1.4134 ms/op
WorkloadWarmup  22: 9 op, 12713859.00 ns, 1.4127 ms/op
WorkloadWarmup  23: 9 op, 12815809.00 ns, 1.4240 ms/op
WorkloadWarmup  24: 9 op, 12056675.00 ns, 1.3396 ms/op
WorkloadWarmup  25: 9 op, 12484445.00 ns, 1.3872 ms/op

// BeforeActualRun
WorkloadActual   1: 9 op, 12455626.00 ns, 1.3840 ms/op
WorkloadActual   2: 9 op, 13356979.00 ns, 1.4841 ms/op
WorkloadActual   3: 9 op, 12786541.00 ns, 1.4207 ms/op
WorkloadActual   4: 9 op, 12981044.00 ns, 1.4423 ms/op
WorkloadActual   5: 9 op, 13161359.00 ns, 1.4624 ms/op
WorkloadActual   6: 9 op, 12618073.00 ns, 1.4020 ms/op

// AfterActualRun
WorkloadResult   1: 9 op, 12455626.00 ns, 1.3840 ms/op
WorkloadResult   2: 9 op, 13356979.00 ns, 1.4841 ms/op
WorkloadResult   3: 9 op, 12786541.00 ns, 1.4207 ms/op
WorkloadResult   4: 9 op, 12981044.00 ns, 1.4423 ms/op
WorkloadResult   5: 9 op, 13161359.00 ns, 1.4624 ms/op
WorkloadResult   6: 9 op, 12618073.00 ns, 1.4020 ms/op
// GC:  0 0 0 0 9
// Threading:  0 0 9

// AfterAll
// Benchmark Process 9397 has exited with code 0.

Mean = 1.433 ms, StdErr = 0.015 ms (1.07%), N = 6, StdDev = 0.038 ms
Min = 1.384 ms, Q1 = 1.407 ms, Median = 1.432 ms, Q3 = 1.457 ms, Max = 1.484 ms
IQR = 0.051 ms, LowerFence = 1.331 ms, UpperFence = 1.533 ms
ConfidenceInterval = [1.327 ms; 1.538 ms] (CI 99.9%), Margin = 0.106 ms (7.36% of Mean)
Skewness = 0.06, Kurtosis = 1.19, MValue = 2

// ** Remained 1 (8.3 %) benchmark(s) to run. Estimated finish 2026-10-10 7:59 (0h 0m from now) **
// **************************
// Benchmark: CodecSuite.Run: campaign(EvaluateOverhead=False, Clock=Armonik.Ffi.Bdn.CpuClock, IterationCount=6, IterationTime=40ms, LaunchCount=1, RunStrategy=Throughput, WarmupCount=25) [Case=core-(...)etain [56]]
// *** Execute ***
// Launch: 1 / 1
// Execute: dotnet BenchDotNet-campaign-1.dll --anonymousPipes 138 139 --benchmarkName "Armonik.Ffi.Bdn.CodecSuite.Run(Case: \"core-ffi|encode-core-hot|U-deep-u-repeated|corpus|retain\")" --job campaign --benchmarkId 11 in /home/user/ArmoniK.Api/ffi/poc/csharp/src/BenchDotNet/bin/Release/net8.0/BenchDotNet-campaign-1/bin/Release/net8.0
// BeforeAnythingElse

// Benchmark Process Environment Information:
// BenchmarkDotNet v0.15.8
// Runtime=.NET 8.0.31 (8.0.31, 8.0.3126.42015), X64 RyuJIT x86-64-v4
// GC=Concurrent Workstation
// HardwareIntrinsics=AVX512 IFMA+VBMI,AVX512 F+BW+CD+DQ+VL,AVX2+BMI1+BMI2+F16C+FMA+LZCNT+MOVBE,AVX,SSE3+SSSE3+SSE4.1+SSE4.2+POPCNT,X86Base+SSE+SSE2,AES+PCLMUL,AvxVnni,SERIALIZE VectorSize=256
// Job: campaign(EvaluateOverhead=False, Clock=Armonik.Ffi.Bdn.CpuClock, IterationCount=6, IterationTime=40ms, LaunchCount=1, RunStrategy=Throughput, WarmupCount=25)

OverheadJitting  1: 1 op, 348963.00 ns, 348.9630 us/op
WorkloadJitting  1: 1 op, 12108687.00 ns, 12.1087 ms/op

WorkloadPilot    1: 4 op, 50780.00 ns, 12.6950 us/op
WorkloadPilot    2: 3151 op, 26359345.00 ns, 8.3654 us/op
WorkloadPilot    3: 4782 op, 40600849.00 ns, 8.4903 us/op
WorkloadPilot    4: 4711 op, 38772058.00 ns, 8.2301 us/op
WorkloadPilot    5: 4860 op, 42698742.00 ns, 8.7857 us/op
WorkloadPilot    6: 4553 op, 18488258.00 ns, 4.0607 us/op
WorkloadPilot    7: 9851 op, 29061291.00 ns, 2.9501 us/op
WorkloadPilot    8: 13559 op, 38453163.00 ns, 2.8360 us/op
WorkloadPilot    9: 14104 op, 42267037.00 ns, 2.9968 us/op

WorkloadWarmup   1: 14104 op, 40269429.00 ns, 2.8552 us/op
WorkloadWarmup   2: 14104 op, 39990581.00 ns, 2.8354 us/op
WorkloadWarmup   3: 14104 op, 40340830.00 ns, 2.8602 us/op
WorkloadWarmup   4: 14104 op, 40641757.00 ns, 2.8816 us/op
WorkloadWarmup   5: 14104 op, 43007119.00 ns, 3.0493 us/op
WorkloadWarmup   6: 14104 op, 40731116.00 ns, 2.8879 us/op
WorkloadWarmup   7: 14104 op, 41865830.00 ns, 2.9684 us/op
WorkloadWarmup   8: 14104 op, 40109099.00 ns, 2.8438 us/op
WorkloadWarmup   9: 14104 op, 41590548.00 ns, 2.9488 us/op
WorkloadWarmup  10: 14104 op, 41694262.00 ns, 2.9562 us/op
WorkloadWarmup  11: 14104 op, 41473858.00 ns, 2.9406 us/op
WorkloadWarmup  12: 14104 op, 46104090.00 ns, 3.2689 us/op
WorkloadWarmup  13: 14104 op, 39956108.00 ns, 2.8330 us/op
WorkloadWarmup  14: 14104 op, 40037581.00 ns, 2.8387 us/op
WorkloadWarmup  15: 14104 op, 40193698.00 ns, 2.8498 us/op
WorkloadWarmup  16: 14104 op, 39429339.00 ns, 2.7956 us/op
WorkloadWarmup  17: 14104 op, 41056314.00 ns, 2.9110 us/op
WorkloadWarmup  18: 14104 op, 43699935.00 ns, 3.0984 us/op
WorkloadWarmup  19: 14104 op, 40597286.00 ns, 2.8784 us/op
WorkloadWarmup  20: 14104 op, 40381426.00 ns, 2.8631 us/op
WorkloadWarmup  21: 14104 op, 39676962.00 ns, 2.8132 us/op
WorkloadWarmup  22: 14104 op, 40105126.00 ns, 2.8435 us/op
WorkloadWarmup  23: 14104 op, 39990940.00 ns, 2.8354 us/op
WorkloadWarmup  24: 14104 op, 41502620.00 ns, 2.9426 us/op
WorkloadWarmup  25: 14104 op, 40678910.00 ns, 2.8842 us/op

// BeforeActualRun
WorkloadActual   1: 14104 op, 40400974.00 ns, 2.8645 us/op
WorkloadActual   2: 14104 op, 41642849.00 ns, 2.9526 us/op
WorkloadActual   3: 14104 op, 49416335.00 ns, 3.5037 us/op
WorkloadActual   4: 14104 op, 48180488.00 ns, 3.4161 us/op
WorkloadActual   5: 14104 op, 39496686.00 ns, 2.8004 us/op
WorkloadActual   6: 14104 op, 39907714.00 ns, 2.8295 us/op

// AfterActualRun
WorkloadResult   1: 14104 op, 40400974.00 ns, 2.8645 us/op
WorkloadResult   2: 14104 op, 41642849.00 ns, 2.9526 us/op
WorkloadResult   3: 14104 op, 49416335.00 ns, 3.5037 us/op
WorkloadResult   4: 14104 op, 48180488.00 ns, 3.4161 us/op
WorkloadResult   5: 14104 op, 39496686.00 ns, 2.8004 us/op
WorkloadResult   6: 14104 op, 39907714.00 ns, 2.8295 us/op
// GC:  0 0 0 0 14104
// Threading:  0 0 14104

// AfterAll
// Benchmark Process 9406 has exited with code 0.

Mean = 3.061 us, StdErr = 0.128 us (4.19%), N = 6, StdDev = 0.314 us
Min = 2.800 us, Q1 = 2.838 us, Median = 2.909 us, Q3 = 3.300 us, Max = 3.504 us
IQR = 0.462 us, LowerFence = 2.145 us, UpperFence = 3.993 us
ConfidenceInterval = [2.180 us; 3.943 us] (CI 99.9%), Margin = 0.881 us (28.79% of Mean)
Skewness = 0.5, Kurtosis = 1.08, MValue = 2

// ** Remained 0 (0.0 %) benchmark(s) to run. Estimated finish 2026-10-10 7:59 (0h 0m from now) **
Run time: 00:00:16 (16.51 sec), executed benchmarks: 12

// ***** BenchmarkRunner: Finish  *****

// * Export *
  home/user/ArmoniK.Api/ffi/logs/csharp/opt/s14/grid/r3g-pgo0-full-r1.jsonl

// * Detailed results *
CodecSuite.Run: campaign(EvaluateOverhead=False, Clock=Armonik.Ffi.Bdn.CpuClock, IterationCount=6, IterationTime=40ms, LaunchCount=1, RunStrategy=Throughput, WarmupCount=25) [Case=core-(...)etain [42]]
Runtime = .NET 8.0.31 (8.0.31, 8.0.3126.42015), X64 RyuJIT x86-64-v4; GC = Concurrent Workstation
Mean = 1.591 ms, StdErr = 0.096 ms (6.03%), N = 6, StdDev = 0.235 ms
Min = 1.374 ms, Q1 = 1.436 ms, Median = 1.513 ms, Q3 = 1.686 ms, Max = 1.993 ms
IQR = 0.251 ms, LowerFence = 1.060 ms, UpperFence = 2.063 ms
ConfidenceInterval = [0.932 ms; 2.251 ms] (CI 99.9%), Margin = 0.659 ms (41.44% of Mean)
Skewness = 0.66, Kurtosis = 1.63, MValue = 2
-------------------- Histogram --------------------
[1.274 ms ; 1.698 ms) | @@@@
[1.698 ms ; 2.038 ms) | @@
---------------------------------------------------

CodecSuite.Run: campaign(EvaluateOverhead=False, Clock=Armonik.Ffi.Bdn.CpuClock, IterationCount=6, IterationTime=40ms, LaunchCount=1, RunStrategy=Throughput, WarmupCount=25) [Case=core-(...)|drop [40]]
Runtime = .NET 8.0.31 (8.0.31, 8.0.3126.42015), X64 RyuJIT x86-64-v4; GC = Concurrent Workstation
Mean = 1.362 ms, StdErr = 0.006 ms (0.45%), N = 5, StdDev = 0.014 ms
Min = 1.347 ms, Q1 = 1.356 ms, Median = 1.358 ms, Q3 = 1.368 ms, Max = 1.383 ms
IQR = 0.012 ms, LowerFence = 1.339 ms, UpperFence = 1.385 ms
ConfidenceInterval = [1.309 ms; 1.416 ms] (CI 99.9%), Margin = 0.053 ms (3.91% of Mean)
Skewness = 0.38, Kurtosis = 1.37, MValue = 2
-------------------- Histogram --------------------
[1.344 ms ; 1.394 ms) | @@@@@
---------------------------------------------------

CodecSuite.Run: campaign(EvaluateOverhead=False, Clock=Armonik.Ffi.Bdn.CpuClock, IterationCount=6, IterationTime=40ms, LaunchCount=1, RunStrategy=Throughput, WarmupCount=25) [Case=core-(...)|drop [40]]
Runtime = .NET 8.0.31 (8.0.31, 8.0.3126.42015), X64 RyuJIT x86-64-v4; GC = Concurrent Workstation
Mean = 1.471 ms, StdErr = 0.025 ms (1.67%), N = 6, StdDev = 0.060 ms
Min = 1.390 ms, Q1 = 1.432 ms, Median = 1.473 ms, Q3 = 1.506 ms, Max = 1.556 ms
IQR = 0.073 ms, LowerFence = 1.322 ms, UpperFence = 1.616 ms
ConfidenceInterval = [1.302 ms; 1.641 ms] (CI 99.9%), Margin = 0.169 ms (11.50% of Mean)
Skewness = 0.03, Kurtosis = 1.31, MValue = 2
-------------------- Histogram --------------------
[1.347 ms ; 1.445 ms) | @@
[1.445 ms ; 1.532 ms) | @@@
[1.532 ms ; 1.600 ms) | @
---------------------------------------------------

CodecSuite.Run: campaign(EvaluateOverhead=False, Clock=Armonik.Ffi.Bdn.CpuClock, IterationCount=6, IterationTime=40ms, LaunchCount=1, RunStrategy=Throughput, WarmupCount=25) [Case=core-(...)etain [42]]
Runtime = .NET 8.0.31 (8.0.31, 8.0.3126.42015), X64 RyuJIT x86-64-v4; GC = Concurrent Workstation
Mean = 1.516 ms, StdErr = 0.051 ms (3.36%), N = 6, StdDev = 0.125 ms
Min = 1.378 ms, Q1 = 1.443 ms, Median = 1.479 ms, Q3 = 1.579 ms, Max = 1.719 ms
IQR = 0.136 ms, LowerFence = 1.240 ms, UpperFence = 1.782 ms
ConfidenceInterval = [1.166 ms; 1.866 ms] (CI 99.9%), Margin = 0.350 ms (23.08% of Mean)
Skewness = 0.47, Kurtosis = 1.48, MValue = 2
-------------------- Histogram --------------------
[1.355 ms ; 1.536 ms) | @@@@
[1.536 ms ; 1.750 ms) | @@
---------------------------------------------------

CodecSuite.Run: campaign(EvaluateOverhead=False, Clock=Armonik.Ffi.Bdn.CpuClock, IterationCount=6, IterationTime=40ms, LaunchCount=1, RunStrategy=Throughput, WarmupCount=25) [Case=core-(...)|drop [39]]
Runtime = .NET 8.0.31 (8.0.31, 8.0.3126.42015), X64 RyuJIT x86-64-v4; GC = Concurrent Workstation
Mean = 1.519 ms, StdErr = 0.008 ms (0.52%), N = 5, StdDev = 0.018 ms
Min = 1.491 ms, Q1 = 1.510 ms, Median = 1.529 ms, Q3 = 1.530 ms, Max = 1.532 ms
IQR = 0.020 ms, LowerFence = 1.481 ms, UpperFence = 1.559 ms
ConfidenceInterval = [1.450 ms; 1.587 ms] (CI 99.9%), Margin = 0.068 ms (4.50% of Mean)
Skewness = -0.59, Kurtosis = 1.31, MValue = 2
-------------------- Histogram --------------------
[1.477 ms ; 1.536 ms) | @@@@@
---------------------------------------------------

CodecSuite.Run: campaign(EvaluateOverhead=False, Clock=Armonik.Ffi.Bdn.CpuClock, IterationCount=6, IterationTime=40ms, LaunchCount=1, RunStrategy=Throughput, WarmupCount=25) [Case=core-(...)etain [43]]
Runtime = .NET 8.0.31 (8.0.31, 8.0.3126.42015), X64 RyuJIT x86-64-v4; GC = Concurrent Workstation
Mean = 1.489 ms, StdErr = 0.025 ms (1.66%), N = 5, StdDev = 0.055 ms
Min = 1.411 ms, Q1 = 1.460 ms, Median = 1.512 ms, Q3 = 1.512 ms, Max = 1.553 ms
IQR = 0.052 ms, LowerFence = 1.381 ms, UpperFence = 1.590 ms
ConfidenceInterval = [1.277 ms; 1.702 ms] (CI 99.9%), Margin = 0.212 ms (14.26% of Mean)
Skewness = -0.27, Kurtosis = 1.22, MValue = 2
-------------------- Histogram --------------------
[1.393 ms ; 1.490 ms) | @@
[1.490 ms ; 1.575 ms) | @@@
---------------------------------------------------

CodecSuite.Run: campaign(EvaluateOverhead=False, Clock=Armonik.Ffi.Bdn.CpuClock, IterationCount=6, IterationTime=40ms, LaunchCount=1, RunStrategy=Throughput, WarmupCount=25) [Case=core-(...)etain [42]]
Runtime = .NET 8.0.31 (8.0.31, 8.0.3126.42015), X64 RyuJIT x86-64-v4; GC = Concurrent Workstation
Mean = 2.029 ms, StdErr = 0.059 ms (2.90%), N = 6, StdDev = 0.144 ms
Min = 1.851 ms, Q1 = 1.942 ms, Median = 2.000 ms, Q3 = 2.125 ms, Max = 2.236 ms
IQR = 0.183 ms, LowerFence = 1.667 ms, UpperFence = 2.399 ms
ConfidenceInterval = [1.625 ms; 2.434 ms] (CI 99.9%), Margin = 0.405 ms (19.95% of Mean)
Skewness = 0.2, Kurtosis = 1.22, MValue = 2
-------------------- Histogram --------------------
[1.847 ms ; 2.055 ms) | @@@@
[2.055 ms ; 2.297 ms) | @@
---------------------------------------------------

CodecSuite.Run: campaign(EvaluateOverhead=False, Clock=Armonik.Ffi.Bdn.CpuClock, IterationCount=6, IterationTime=40ms, LaunchCount=1, RunStrategy=Throughput, WarmupCount=25) [Case=core-(...)etain [41]]
Runtime = .NET 8.0.31 (8.0.31, 8.0.3126.42015), X64 RyuJIT x86-64-v4; GC = Concurrent Workstation
Mean = 1.683 ms, StdErr = 0.035 ms (2.07%), N = 5, StdDev = 0.078 ms
Min = 1.593 ms, Q1 = 1.616 ms, Median = 1.690 ms, Q3 = 1.755 ms, Max = 1.764 ms
IQR = 0.138 ms, LowerFence = 1.408 ms, UpperFence = 1.962 ms
ConfidenceInterval = [1.383 ms; 1.983 ms] (CI 99.9%), Margin = 0.300 ms (17.82% of Mean)
Skewness = -0.08, Kurtosis = 0.84, MValue = 2
-------------------- Histogram --------------------
[1.533 ms ; 1.667 ms) | @@
[1.667 ms ; 1.787 ms) | @@@
---------------------------------------------------

CodecSuite.Run: campaign(EvaluateOverhead=False, Clock=Armonik.Ffi.Bdn.CpuClock, IterationCount=6, IterationTime=40ms, LaunchCount=1, RunStrategy=Throughput, WarmupCount=25) [Case=core-(...)|drop [41]]
Runtime = .NET 8.0.31 (8.0.31, 8.0.3126.42015), X64 RyuJIT x86-64-v4; GC = Concurrent Workstation
Mean = 1.433 ms, StdErr = 0.015 ms (1.07%), N = 6, StdDev = 0.038 ms
Min = 1.384 ms, Q1 = 1.407 ms, Median = 1.432 ms, Q3 = 1.457 ms, Max = 1.484 ms
IQR = 0.051 ms, LowerFence = 1.331 ms, UpperFence = 1.533 ms
ConfidenceInterval = [1.327 ms; 1.538 ms] (CI 99.9%), Margin = 0.106 ms (7.36% of Mean)
Skewness = 0.06, Kurtosis = 1.19, MValue = 2
-------------------- Histogram --------------------
[1.375 ms ; 1.436 ms) | @@@
[1.436 ms ; 1.490 ms) | @@@
---------------------------------------------------

CodecSuite.Run: campaign(EvaluateOverhead=False, Clock=Armonik.Ffi.Bdn.CpuClock, IterationCount=6, IterationTime=40ms, LaunchCount=1, RunStrategy=Throughput, WarmupCount=25) [Case=core-(...)|drop [54]]
Runtime = .NET 8.0.31 (8.0.31, 8.0.3126.42015), X64 RyuJIT x86-64-v4; GC = Concurrent Workstation
Mean = 2.401 us, StdErr = 0.041 us (1.72%), N = 6, StdDev = 0.101 us
Min = 2.273 us, Q1 = 2.323 us, Median = 2.414 us, Q3 = 2.460 us, Max = 2.539 us
IQR = 0.137 us, LowerFence = 2.118 us, UpperFence = 2.666 us
ConfidenceInterval = [2.118 us; 2.685 us] (CI 99.9%), Margin = 0.284 us (11.82% of Mean)
Skewness = -0.01, Kurtosis = 1.16, MValue = 2
-------------------- Histogram --------------------
[2.200 us ; 2.348 us) | @@
[2.348 us ; 2.494 us) | @@@
[2.494 us ; 2.612 us) | @
---------------------------------------------------

CodecSuite.Run: campaign(EvaluateOverhead=False, Clock=Armonik.Ffi.Bdn.CpuClock, IterationCount=6, IterationTime=40ms, LaunchCount=1, RunStrategy=Throughput, WarmupCount=25) [Case=core-(...)|drop [40]]
Runtime = .NET 8.0.31 (8.0.31, 8.0.3126.42015), X64 RyuJIT x86-64-v4; GC = Concurrent Workstation
Mean = 1.835 ms, StdErr = 0.010 ms (0.52%), N = 5, StdDev = 0.021 ms
Min = 1.819 ms, Q1 = 1.822 ms, Median = 1.824 ms, Q3 = 1.840 ms, Max = 1.870 ms
IQR = 0.018 ms, LowerFence = 1.795 ms, UpperFence = 1.868 ms
ConfidenceInterval = [1.753 ms; 1.917 ms] (CI 99.9%), Margin = 0.082 ms (4.46% of Mean)
Skewness = 0.73, Kurtosis = 1.58, MValue = 2
-------------------- Histogram --------------------
[1.811 ms ; 1.886 ms) | @@@@@
---------------------------------------------------

CodecSuite.Run: campaign(EvaluateOverhead=False, Clock=Armonik.Ffi.Bdn.CpuClock, IterationCount=6, IterationTime=40ms, LaunchCount=1, RunStrategy=Throughput, WarmupCount=25) [Case=core-(...)etain [56]]
Runtime = .NET 8.0.31 (8.0.31, 8.0.3126.42015), X64 RyuJIT x86-64-v4; GC = Concurrent Workstation
Mean = 3.061 us, StdErr = 0.128 us (4.19%), N = 6, StdDev = 0.314 us
Min = 2.800 us, Q1 = 2.838 us, Median = 2.909 us, Q3 = 3.300 us, Max = 3.504 us
IQR = 0.462 us, LowerFence = 2.145 us, UpperFence = 3.993 us
ConfidenceInterval = [2.180 us; 3.943 us] (CI 99.9%), Margin = 0.881 us (28.79% of Mean)
Skewness = 0.5, Kurtosis = 1.08, MValue = 2
-------------------- Histogram --------------------
[2.649 us ; 3.233 us) | @@@@
[3.233 us ; 3.731 us) | @@
---------------------------------------------------

// * Summary *

BenchmarkDotNet v0.15.8, Linux Ubuntu 24.04.4 LTS (Noble Numbat)
Intel Xeon Processor 2.10GHz, 1 CPU, 4 logical and 4 physical cores
.NET SDK 8.0.131
  [Host]   : .NET 8.0.31 (8.0.31, 8.0.3126.42015), X64 RyuJIT x86-64-v4
  campaign : .NET 8.0.31 (8.0.31, 8.0.3126.42015), X64 RyuJIT x86-64-v4

Job=campaign  EvaluateOverhead=False  Clock=Armonik.Ffi.Bdn.CpuClock  
IterationCount=6  IterationTime=40ms  LaunchCount=1  
RunStrategy=Throughput  WarmupCount=25  

| Method | Case                 | Mean         | Error       | StdDev      | Allocated |
|------- |--------------------- |-------------:|------------:|------------:|----------:|
| Run    | core-(...)etain [42] | 1,591.182 us | 659.3304 us | 235.1236 us |         - |
| Run    | core-(...)|drop [40] | 1,362.462 us |  53.2885 us |  13.8389 us |         - |
| Run    | core-(...)|drop [40] | 1,471.323 us | 169.2406 us |  60.3528 us |         - |
| Run    | core-(...)etain [42] | 1,516.368 us | 350.0069 us | 124.8158 us |         - |
| Run    | core-(...)|drop [39] | 1,518.528 us |  68.2649 us |  17.7282 us |         - |
| Run    | core-(...)etain [43] | 1,489.333 us | 212.4185 us |  55.1644 us |         - |
| Run    | core-(...)etain [42] | 2,029.354 us | 404.7671 us | 144.3438 us |         - |
| Run    | core-(...)etain [41] | 1,683.468 us | 299.9689 us |  77.9010 us |      56 B |
| Run    | core-(...)|drop [41] | 1,432.586 us | 105.5006 us |  37.6225 us |         - |
| Run    | core-(...)|drop [54] |     2.401 us |   0.2839 us |   0.1012 us |         - |
| Run    | core-(...)|drop [40] | 1,835.120 us |  81.9326 us |  21.2776 us |         - |
| Run    | core-(...)etain [56] |     3.061 us |   0.8814 us |   0.3143 us |         - |

// * Legends *
  Case      : Value of the 'Case' parameter
  Mean      : Arithmetic mean of all measurements
  Error     : Half of 99.9% confidence interval
  StdDev    : Standard deviation of all measurements
  Allocated : Allocated memory per single operation (managed only, inclusive, 1KB = 1024B)
  1 us      : 1 Microsecond (0.000001 sec)

// * Diagnostic Output - AkProcessCpu *

// * Diagnostic Output - MemoryDiagnoser *


// ***** BenchmarkRunner: End *****
Global total time: 00:00:36 (36.53 sec), executed benchmarks: 12
// * Artifacts cleanup *
Artifacts cleanup is finished
