# engine:         BenchmarkDotNet 0.15.8.0 (CAMPAIGN.md 22a), toolchain BDN's default, ONE CHILD PROCESS PER CASE (the campaign's native isolation, req 22a as amended e6c909630); process CPU per iteration from the child's clock reads, each pair checked against BDN's wall measurement; the JIT tier is NOT read back (the children's JIT events are not visible here), so the jit check below is vacuous in this mode, pinned by the runner
# grid:           core (CAMPAIGN section 4.0, D18; AK_CAMPAIGN_GRID=core): arms incumbent-prod (full build only), core-ffi (FSM decode, D24) and host-gen (retain in the full build, no-unknown in its build); encode-transport-hot (end state ii, one hot graph) and decode-read; the 16 shapes, P7.1 decode only; Latin-1 and wide on P2.2 only; U-* rows U-nested-before, U-deep-u-repeated, U-oneof-u-repeated, U-wire-ListTaskSummaryResponse-tasks-as-wt5, U-wire-UploadResultDataMessage-upload-as-wt5, U-wire-ListMetricsResponse-batches-as-wt0, U-wire-DualResponse-left-as-wt5 (encode-transport-hot and decode-read). Extras left out (AK_CAMPAIGN_GRID=full runs them): incumbent-best, core-ffi-push (push decode), core-ffi-pull, bare decode, encode at end state (i) and with a pool input, decode-reencode, the drop mode, the incumbent in the no-unknown build, content sets on P1.2 and P2.4, the other U-* rows timed (all stay in the correctness checks)
# allocator:      default (readback at process start: a 16 MiB malloc came from the mmapped (mallinfo2; the block kept, never freed); no heap pre-grow (owner, 2026-10-03): BDN's warm-up runs the real call path, and minflt per row shows whether it sufficed; under the default toolchain each child probes once, on its case's first row as alloc_probe; GLIBC_TUNABLES=unset; CAMPAIGN req 25 as amended 2026-10-03, D9: the main figures run glibc's default allocator as production does; the pinned pass (glibc.malloc.trim_threshold=268435456:glibc.malloc.mmap_threshold=33554432) is a labelled diagnostic; every row carries `alloc` and `minflt`, the process's minor page faults over the iteration (getrusage, read by the job's clock beside the CPU clock), so faults per call = minflt / iters)
# runtime:        .NET 8.0.31; TieredCompilation=default TieredPGO=default (net8.0 defaults unless set); GC server=False, concurrent (default)
# incumbent:      Google.Protobuf 3.32.0
# build:          full (WP5 step 10; the loaded core checked to be the same variant by its u-family exports)
# managed codec:  plan utf8=reject unknown=drop
# job:            launch 1; 6 actual iterations (rounds) per case, 25 warm-up iterations (the same for every case) after BDN's jitting stage (1 overhead + 1 workload jitting invocation per case, logged by BDN in the .bdn.log, not exported) and pilot, iteration time 40 ms (the pilot picks the invocation count per case), strategy Throughput, EvaluateOverhead=false (no overhead subtraction anywhere)
# clocks:         per iteration (every row with round >= 1): wall (Stopwatch) AND process CPU (CLOCK_PROCESS_CPUTIME_ID of this process: every thread, GC and JIT included; CAMPAIGN req 21 as amended, R-H25), both read by the job's clock (CpuClock, Job.WithClock) at the start and end of the same iteration window, exported RAW (no outlier removal, no overhead subtraction); BDN's forced GCs between iterations are outside the window; the round-0 row of each case is a summary of the whole actual stage (span_cpu_ns, span_wall_ns), not a sample
# threads:        thread pool min 2 worker / 1 IO, max 32767 worker / 1000 IO, 0 pool thread(s) now; 2 logical CPUs visible; the codec suite creates no core runtime (no RPC call is made); the timed loop runs on BDN's one thread
# encode:         CAMPAIGN req 11 (R-H29): dir encode = pool input + reused buffer; encode-hot = one graph + reused buffer; encode-transport = pool + the Grpc.Net form; encode-transport-hot = one graph + the Grpc.Net form. Reused buffer: incumbent-prod CalculateSize + WriteTo(IBufferWriter) and incumbent-best WriteTo(IBufferWriter) into one BufWriter, host-gen into its one Enc, core-ffi into the core's encode buffer (ak_encode_*/ak_uencode_*; that buffer is also what cell C hands the core's transport, and host-gen's Enc what cell E hands it, so their transport forms on the core's transport ARE the buffer rows). Grpc.Net form (cells A, F, D): the serializer the RPC grid's marshaller runs (RootOps.SerInc/SerHost/SerFfi), into a frame like Grpc.Net.Client 2.71's GrpcCallSerializationContext: one ArrayPool array, the 5-byte gRPC header, the body, the array returned after (GrpcFrame.cs); incumbent-best has no gRPC path and no transport row. Pool: distinct graphs built in the case's setup whose RETAINED heap is >= 28835840 bytes (2 x AK_LLC_BYTES, default 13.75 MB; AK_POOL_BYTES overrides; per row pool_graphs and pool_bytes), round robin one graph per call; a hot input is a pool of one (the same Next() per call); graph construction is never in the timed window
# U-* rows:       CAMPAIGN req 7 (R-H27): the 92 accepted, non-disputed U-* rows at the shapes core's 7 ABI roots, through this timed shapes core: encode-hot (a graph the arm decoded from the row, untimed; retain arms re-emit the unknown fields, drop arms the dropped form), decode, decode-read, and decode-reencode (a labelled extra; no incumbent-best row)
# content sets:   CAMPAIGN req 7 (R-H26): ascii, latin1 and wide on P1.2, P2.2, P2.4; ascii only elsewhere
# order:          seeded shuffles (below); ratios, where the aggregation forms them, come from per-launch medians (CAMPAIGN req 30): every unit is its own process
# process unit:   all cases; this launch's unit order: core-ffi:retain, core-ffi:drop (a seeded shuffle, seed 7919; within this process the cases run in a seeded shuffle too, seed 104729, the 2 prime cases first; requirement 22 as amended, R-H23)
# warm-up:        BenchmarkDotNet's own, per case: its jitting stage, pilot and the warm-up iterations of the job line (req 24; WP9 addendum: no hand-written pre-warm and no settle wait; the 2 prime cases below are BDN cases); the JIT tier is read back per case and a case that measured hot code at tier 0 fails the unit outside --smoke (the jit check below)
# correctness:    4525 pre-timing checks passed (byte identity of every encode arm per payload and content set; every arm accepts every unknown row; on every unknown row core-ffi retain and host-gen retain re-encode to the incumbent's bytes, i.e. the unknown fields are kept: requirement 10)
# cases:          10 exported, after 2 prime case(s) run first and not exported (copies of the first cases, content "prime"): BDN cases like any other, kept because without them the first case of a process measures BDN's own first-touched runtime helpers (SpanHelpers.Fill) at tier 0 (JOURNAL 51, 62)
# strings:        D21 string encode path AK_STR_ENC=E1R (K 64) (E0 .NET UTF-8 into native staging + ak_tc_bytes; E1 the string pinned + ak_tc_utf16; E2 the C# transcoder callback into the core's buffer; ETH:<n> E1 from n UTF-16 units, E0 below); Cases.Verify checks every path's bytes
# memory:         AK_BDN_MEMORY=1: BenchmarkDotNet's MemoryDiagnoser (an exploration switch, not a campaign setting): one extra workload iteration per case AFTER the actual stage, at the actual stage's invocation count, outside the job's clock (no exported sample is affected); on each case's first sample row mem_alloc_bytes_per_op (GC.GetTotalAllocatedBytes(precise), every thread, divided by its operations), mem_gen = [gen0, gen1, gen2] collections during it, mem_ops its operations, mem_alloc_bytes its total
# cpus:           this process: 2 CPU(s) in its affinity mask (sched_getaffinity), Environment.ProcessorCount 2; single-CPU guard (JOURNAL 73): a timed process (host or BDN child) with ONE CPU is refused unless AK_ALLOW_SINGLE_CPU=1 (here: unset); each case's first row carries cpus_affinity, cpus_runtime and single_cpu_override as its own process saw them
// Validating benchmarks:
// ***** BenchmarkRunner: Start   *****
// ***** Found 12 benchmark(s) in total *****
// ***** Building 1 exe(s) in Parallel: Start   *****
Unable to find .sln or .csproj file. Will use current directory /home/user/ArmoniK.Api/ffi/poc/csharp to search for project file. If you don't use .sln file on purpose it should not be a problem.
// start dotnet  restore --nodeReuse:false /p:UseSharedCompilation=false /p:Deterministic=true /p:Optimize=true /p:ArtifactsPath="/home/user/ArmoniK.Api/ffi/poc/csharp/src/BenchDotNet/bin/Release/net8.0/BenchDotNet-campaign-1/" /p:OutDir="/home/user/ArmoniK.Api/ffi/poc/csharp/src/BenchDotNet/bin/Release/net8.0/BenchDotNet-campaign-1/bin/Release/net8.0/" /p:OutputPath="/home/user/ArmoniK.Api/ffi/poc/csharp/src/BenchDotNet/bin/Release/net8.0/BenchDotNet-campaign-1/bin/Release/net8.0/" /p:PublishDir="/home/user/ArmoniK.Api/ffi/poc/csharp/src/BenchDotNet/bin/Release/net8.0/BenchDotNet-campaign-1/publish/" in /home/user/ArmoniK.Api/ffi/poc/csharp/src/BenchDotNet/bin/Release/net8.0/BenchDotNet-campaign-1
// command took 2.11 sec and exited with 0
// start dotnet  build -c Release --no-restore --nodeReuse:false /p:UseSharedCompilation=false /p:Deterministic=true /p:Optimize=true /p:ArtifactsPath="/home/user/ArmoniK.Api/ffi/poc/csharp/src/BenchDotNet/bin/Release/net8.0/BenchDotNet-campaign-1/" /p:OutDir="/home/user/ArmoniK.Api/ffi/poc/csharp/src/BenchDotNet/bin/Release/net8.0/BenchDotNet-campaign-1/bin/Release/net8.0/" /p:OutputPath="/home/user/ArmoniK.Api/ffi/poc/csharp/src/BenchDotNet/bin/Release/net8.0/BenchDotNet-campaign-1/bin/Release/net8.0/" /p:PublishDir="/home/user/ArmoniK.Api/ffi/poc/csharp/src/BenchDotNet/bin/Release/net8.0/BenchDotNet-campaign-1/publish/" --output "/home/user/ArmoniK.Api/ffi/poc/csharp/src/BenchDotNet/bin/Release/net8.0/BenchDotNet-campaign-1/bin/Release/net8.0/" in /home/user/ArmoniK.Api/ffi/poc/csharp/src/BenchDotNet/bin/Release/net8.0/BenchDotNet-campaign-1
// command took 19.37 sec and exited with 0
// ***** Done, took 00:00:21 (21.59 sec)   *****
// Found 12 benchmarks:
//   CodecSuite.Run: campaign(EvaluateOverhead=False, Clock=Armonik.Ffi.Bdn.CpuClock, IterationCount=6, IterationTime=40ms, LaunchCount=1, RunStrategy=Throughput, WarmupCount=25) [Case=core-(...)etain [42]]
//   CodecSuite.Run: campaign(EvaluateOverhead=False, Clock=Armonik.Ffi.Bdn.CpuClock, IterationCount=6, IterationTime=40ms, LaunchCount=1, RunStrategy=Throughput, WarmupCount=25) [Case=core-(...)|drop [40]]
//   CodecSuite.Run: campaign(EvaluateOverhead=False, Clock=Armonik.Ffi.Bdn.CpuClock, IterationCount=6, IterationTime=40ms, LaunchCount=1, RunStrategy=Throughput, WarmupCount=25) [Case=core-(...)etain [43]]
//   CodecSuite.Run: campaign(EvaluateOverhead=False, Clock=Armonik.Ffi.Bdn.CpuClock, IterationCount=6, IterationTime=40ms, LaunchCount=1, RunStrategy=Throughput, WarmupCount=25) [Case=core-(...)|drop [40]]
//   CodecSuite.Run: campaign(EvaluateOverhead=False, Clock=Armonik.Ffi.Bdn.CpuClock, IterationCount=6, IterationTime=40ms, LaunchCount=1, RunStrategy=Throughput, WarmupCount=25) [Case=core-(...)etain [42]]
//   CodecSuite.Run: campaign(EvaluateOverhead=False, Clock=Armonik.Ffi.Bdn.CpuClock, IterationCount=6, IterationTime=40ms, LaunchCount=1, RunStrategy=Throughput, WarmupCount=25) [Case=core-(...)etain [42]]
//   CodecSuite.Run: campaign(EvaluateOverhead=False, Clock=Armonik.Ffi.Bdn.CpuClock, IterationCount=6, IterationTime=40ms, LaunchCount=1, RunStrategy=Throughput, WarmupCount=25) [Case=core-(...)|drop [54]]
//   CodecSuite.Run: campaign(EvaluateOverhead=False, Clock=Armonik.Ffi.Bdn.CpuClock, IterationCount=6, IterationTime=40ms, LaunchCount=1, RunStrategy=Throughput, WarmupCount=25) [Case=core-(...)etain [41]]
//   CodecSuite.Run: campaign(EvaluateOverhead=False, Clock=Armonik.Ffi.Bdn.CpuClock, IterationCount=6, IterationTime=40ms, LaunchCount=1, RunStrategy=Throughput, WarmupCount=25) [Case=core-(...)|drop [39]]
//   CodecSuite.Run: campaign(EvaluateOverhead=False, Clock=Armonik.Ffi.Bdn.CpuClock, IterationCount=6, IterationTime=40ms, LaunchCount=1, RunStrategy=Throughput, WarmupCount=25) [Case=core-(...)|drop [40]]
//   CodecSuite.Run: campaign(EvaluateOverhead=False, Clock=Armonik.Ffi.Bdn.CpuClock, IterationCount=6, IterationTime=40ms, LaunchCount=1, RunStrategy=Throughput, WarmupCount=25) [Case=core-(...)|drop [41]]
//   CodecSuite.Run: campaign(EvaluateOverhead=False, Clock=Armonik.Ffi.Bdn.CpuClock, IterationCount=6, IterationTime=40ms, LaunchCount=1, RunStrategy=Throughput, WarmupCount=25) [Case=core-(...)etain [56]]

// **************************
// Benchmark: CodecSuite.Run: campaign(EvaluateOverhead=False, Clock=Armonik.Ffi.Bdn.CpuClock, IterationCount=6, IterationTime=40ms, LaunchCount=1, RunStrategy=Throughput, WarmupCount=25) [Case=core-(...)etain [42]]
// *** Execute ***
// Launch: 1 / 1
// Execute: dotnet BenchDotNet-campaign-1.dll --anonymousPipes 138 139 --benchmarkName "Armonik.Ffi.Bdn.CodecSuite.Run(Case: \"core-ffi|encode-core-hot|P2.2|prime|retain\")" --job campaign --benchmarkId 0 in /home/user/ArmoniK.Api/ffi/poc/csharp/src/BenchDotNet/bin/Release/net8.0/BenchDotNet-campaign-1/bin/Release/net8.0
// BeforeAnythingElse

// Benchmark Process Environment Information:
// BenchmarkDotNet v0.15.8
// Runtime=.NET 8.0.31 (8.0.31, 8.0.3126.42015), X64 RyuJIT x86-64-v4
// GC=Concurrent Workstation
// HardwareIntrinsics=AVX512 IFMA+VBMI,AVX512 F+BW+CD+DQ+VL,AVX2+BMI1+BMI2+F16C+FMA+LZCNT+MOVBE,AVX,SSE3+SSSE3+SSE4.1+SSE4.2+POPCNT,X86Base+SSE+SSE2,AES+PCLMUL,AvxVnni,SERIALIZE VectorSize=256
// Job: campaign(EvaluateOverhead=False, Clock=Armonik.Ffi.Bdn.CpuClock, IterationCount=6, IterationTime=40ms, LaunchCount=1, RunStrategy=Throughput, WarmupCount=25)

OverheadJitting  1: 1 op, 245975.00 ns, 245.9750 us/op
WorkloadJitting  1: 1 op, 17689680.00 ns, 17.6897 ms/op

WorkloadPilot    1: 4 op, 26827453.00 ns, 6.7069 ms/op
WorkloadPilot    2: 6 op, 30259670.00 ns, 5.0433 ms/op
WorkloadPilot    3: 8 op, 34541098.00 ns, 4.3176 ms/op

WorkloadWarmup   1: 8 op, 36462302.00 ns, 4.5578 ms/op
WorkloadWarmup   2: 8 op, 36335022.00 ns, 4.5419 ms/op
WorkloadWarmup   3: 8 op, 32814725.00 ns, 4.1018 ms/op
WorkloadWarmup   4: 8 op, 37284379.00 ns, 4.6605 ms/op
WorkloadWarmup   5: 8 op, 17806314.00 ns, 2.2258 ms/op
WorkloadWarmup   6: 8 op, 10358458.00 ns, 1.2948 ms/op
WorkloadWarmup   7: 8 op, 9858610.00 ns, 1.2323 ms/op
WorkloadWarmup   8: 8 op, 14762319.00 ns, 1.8453 ms/op
WorkloadWarmup   9: 8 op, 22047514.00 ns, 2.7559 ms/op
WorkloadWarmup  10: 8 op, 11376978.00 ns, 1.4221 ms/op
WorkloadWarmup  11: 8 op, 11332285.00 ns, 1.4165 ms/op
WorkloadWarmup  12: 8 op, 16823121.00 ns, 2.1029 ms/op
WorkloadWarmup  13: 8 op, 10713768.00 ns, 1.3392 ms/op
WorkloadWarmup  14: 8 op, 9803009.00 ns, 1.2254 ms/op
WorkloadWarmup  15: 8 op, 9997589.00 ns, 1.2497 ms/op
WorkloadWarmup  16: 8 op, 9880158.00 ns, 1.2350 ms/op
WorkloadWarmup  17: 8 op, 9474944.00 ns, 1.1844 ms/op
WorkloadWarmup  18: 8 op, 9493428.00 ns, 1.1867 ms/op
WorkloadWarmup  19: 8 op, 10953833.00 ns, 1.3692 ms/op
WorkloadWarmup  20: 8 op, 12001721.00 ns, 1.5002 ms/op
WorkloadWarmup  21: 8 op, 10678288.00 ns, 1.3348 ms/op
WorkloadWarmup  22: 8 op, 11251781.00 ns, 1.4065 ms/op
WorkloadWarmup  23: 8 op, 9523154.00 ns, 1.1904 ms/op
WorkloadWarmup  24: 8 op, 9777208.00 ns, 1.2222 ms/op
WorkloadWarmup  25: 8 op, 9377569.00 ns, 1.1722 ms/op

// BeforeActualRun
WorkloadActual   1: 8 op, 9679984.00 ns, 1.2100 ms/op
WorkloadActual   2: 8 op, 15259849.00 ns, 1.9075 ms/op
WorkloadActual   3: 8 op, 9566943.00 ns, 1.1959 ms/op
WorkloadActual   4: 8 op, 9968343.00 ns, 1.2460 ms/op
WorkloadActual   5: 8 op, 13317447.00 ns, 1.6647 ms/op
WorkloadActual   6: 8 op, 17550585.00 ns, 2.1938 ms/op

// AfterActualRun
WorkloadResult   1: 8 op, 9679984.00 ns, 1.2100 ms/op
WorkloadResult   2: 8 op, 15259849.00 ns, 1.9075 ms/op
WorkloadResult   3: 8 op, 9566943.00 ns, 1.1959 ms/op
WorkloadResult   4: 8 op, 9968343.00 ns, 1.2460 ms/op
WorkloadResult   5: 8 op, 13317447.00 ns, 1.6647 ms/op
WorkloadResult   6: 8 op, 17550585.00 ns, 2.1938 ms/op
// GC:  0 0 0 0 8
// Threading:  0 0 8

// AfterAll
// Benchmark Process 12017 has exited with code 0.

Mean = 1.570 ms, StdErr = 0.172 ms (10.95%), N = 6, StdDev = 0.421 ms
Min = 1.196 ms, Q1 = 1.219 ms, Median = 1.455 ms, Q3 = 1.847 ms, Max = 2.194 ms
IQR = 0.628 ms, LowerFence = 0.277 ms, UpperFence = 2.788 ms
ConfidenceInterval = [0.389 ms; 2.750 ms] (CI 99.9%), Margin = 1.181 ms (75.23% of Mean)
Skewness = 0.33, Kurtosis = 1.12, MValue = 2

// ** Remained 11 (91.7 %) benchmark(s) to run. Estimated finish 2026-10-10 8:08 (0h 0m from now) **
// **************************
// Benchmark: CodecSuite.Run: campaign(EvaluateOverhead=False, Clock=Armonik.Ffi.Bdn.CpuClock, IterationCount=6, IterationTime=40ms, LaunchCount=1, RunStrategy=Throughput, WarmupCount=25) [Case=core-(...)|drop [40]]
// *** Execute ***
// Launch: 1 / 1
// Execute: dotnet BenchDotNet-campaign-1.dll --anonymousPipes 138 139 --benchmarkName "Armonik.Ffi.Bdn.CodecSuite.Run(Case: \"core-ffi|encode-core-hot|P2.2|prime|drop\")" --job campaign --benchmarkId 1 in /home/user/ArmoniK.Api/ffi/poc/csharp/src/BenchDotNet/bin/Release/net8.0/BenchDotNet-campaign-1/bin/Release/net8.0
// BeforeAnythingElse

// Benchmark Process Environment Information:
// BenchmarkDotNet v0.15.8
// Runtime=.NET 8.0.31 (8.0.31, 8.0.3126.42015), X64 RyuJIT x86-64-v4
// GC=Concurrent Workstation
// HardwareIntrinsics=AVX512 IFMA+VBMI,AVX512 F+BW+CD+DQ+VL,AVX2+BMI1+BMI2+F16C+FMA+LZCNT+MOVBE,AVX,SSE3+SSSE3+SSE4.1+SSE4.2+POPCNT,X86Base+SSE+SSE2,AES+PCLMUL,AvxVnni,SERIALIZE VectorSize=256
// Job: campaign(EvaluateOverhead=False, Clock=Armonik.Ffi.Bdn.CpuClock, IterationCount=6, IterationTime=40ms, LaunchCount=1, RunStrategy=Throughput, WarmupCount=25)

OverheadJitting  1: 1 op, 304905.00 ns, 304.9050 us/op
WorkloadJitting  1: 1 op, 16947451.00 ns, 16.9475 ms/op

WorkloadPilot    1: 4 op, 26470576.00 ns, 6.6176 ms/op
WorkloadPilot    2: 6 op, 30625258.00 ns, 5.1042 ms/op
WorkloadPilot    3: 8 op, 33219745.00 ns, 4.1525 ms/op
WorkloadPilot    4: 10 op, 47172189.00 ns, 4.7172 ms/op
WorkloadPilot    5: 8 op, 19760495.00 ns, 2.4701 ms/op
WorkloadPilot    6: 16 op, 20755262.00 ns, 1.2972 ms/op
WorkloadPilot    7: 31 op, 55528703.00 ns, 1.7912 ms/op
WorkloadPilot    8: 22 op, 28647695.00 ns, 1.3022 ms/op
WorkloadPilot    9: 31 op, 35659424.00 ns, 1.1503 ms/op
WorkloadPilot   10: 35 op, 41938719.00 ns, 1.1982 ms/op

WorkloadWarmup   1: 35 op, 41058082.00 ns, 1.1731 ms/op
WorkloadWarmup   2: 35 op, 40421652.00 ns, 1.1549 ms/op
WorkloadWarmup   3: 35 op, 40368259.00 ns, 1.1534 ms/op
WorkloadWarmup   4: 35 op, 41287225.00 ns, 1.1796 ms/op
WorkloadWarmup   5: 35 op, 48870599.00 ns, 1.3963 ms/op
WorkloadWarmup   6: 35 op, 44237517.00 ns, 1.2639 ms/op
WorkloadWarmup   7: 35 op, 42239083.00 ns, 1.2068 ms/op
WorkloadWarmup   8: 35 op, 41149597.00 ns, 1.1757 ms/op
WorkloadWarmup   9: 35 op, 43706023.00 ns, 1.2487 ms/op
WorkloadWarmup  10: 35 op, 41744361.00 ns, 1.1927 ms/op
WorkloadWarmup  11: 35 op, 42689792.00 ns, 1.2197 ms/op
WorkloadWarmup  12: 35 op, 47408277.00 ns, 1.3545 ms/op
WorkloadWarmup  13: 35 op, 41324368.00 ns, 1.1807 ms/op
WorkloadWarmup  14: 35 op, 47872227.00 ns, 1.3678 ms/op
WorkloadWarmup  15: 35 op, 41184800.00 ns, 1.1767 ms/op
WorkloadWarmup  16: 35 op, 40930207.00 ns, 1.1694 ms/op
WorkloadWarmup  17: 35 op, 42513720.00 ns, 1.2147 ms/op
WorkloadWarmup  18: 35 op, 49588423.00 ns, 1.4168 ms/op
WorkloadWarmup  19: 35 op, 40885122.00 ns, 1.1681 ms/op
WorkloadWarmup  20: 35 op, 40784490.00 ns, 1.1653 ms/op
WorkloadWarmup  21: 35 op, 43703283.00 ns, 1.2487 ms/op
WorkloadWarmup  22: 35 op, 46135407.00 ns, 1.3182 ms/op
WorkloadWarmup  23: 35 op, 45318040.00 ns, 1.2948 ms/op
WorkloadWarmup  24: 35 op, 44164426.00 ns, 1.2618 ms/op
WorkloadWarmup  25: 35 op, 60006575.00 ns, 1.7145 ms/op

// BeforeActualRun
WorkloadActual   1: 35 op, 42084532.00 ns, 1.2024 ms/op
WorkloadActual   2: 35 op, 41195157.00 ns, 1.1770 ms/op
WorkloadActual   3: 35 op, 50055107.00 ns, 1.4301 ms/op
WorkloadActual   4: 35 op, 50254016.00 ns, 1.4358 ms/op
WorkloadActual   5: 35 op, 41856199.00 ns, 1.1959 ms/op
WorkloadActual   6: 35 op, 53595774.00 ns, 1.5313 ms/op

// AfterActualRun
WorkloadResult   1: 35 op, 42084532.00 ns, 1.2024 ms/op
WorkloadResult   2: 35 op, 41195157.00 ns, 1.1770 ms/op
WorkloadResult   3: 35 op, 50055107.00 ns, 1.4301 ms/op
WorkloadResult   4: 35 op, 50254016.00 ns, 1.4358 ms/op
WorkloadResult   5: 35 op, 41856199.00 ns, 1.1959 ms/op
WorkloadResult   6: 35 op, 53595774.00 ns, 1.5313 ms/op
// GC:  0 0 0 0 35
// Threading:  0 0 35

// AfterAll
// Benchmark Process 12030 has exited with code 0.

Mean = 1.329 ms, StdErr = 0.063 ms (4.75%), N = 6, StdDev = 0.155 ms
Min = 1.177 ms, Q1 = 1.198 ms, Median = 1.316 ms, Q3 = 1.434 ms, Max = 1.531 ms
IQR = 0.237 ms, LowerFence = 0.842 ms, UpperFence = 1.790 ms
ConfidenceInterval = [0.895 ms; 1.762 ms] (CI 99.9%), Margin = 0.433 ms (32.61% of Mean)
Skewness = 0.12, Kurtosis = 0.88, MValue = 2

// ** Remained 10 (83.3 %) benchmark(s) to run. Estimated finish 2026-10-10 8:08 (0h 0m from now) **
// **************************
// Benchmark: CodecSuite.Run: campaign(EvaluateOverhead=False, Clock=Armonik.Ffi.Bdn.CpuClock, IterationCount=6, IterationTime=40ms, LaunchCount=1, RunStrategy=Throughput, WarmupCount=25) [Case=core-(...)etain [43]]
// *** Execute ***
// Launch: 1 / 1
// Execute: dotnet BenchDotNet-campaign-1.dll --anonymousPipes 138 139 --benchmarkName "Armonik.Ffi.Bdn.CodecSuite.Run(Case: \"core-ffi|encode-core-hot|P2.2|latin1|retain\")" --job campaign --benchmarkId 2 in /home/user/ArmoniK.Api/ffi/poc/csharp/src/BenchDotNet/bin/Release/net8.0/BenchDotNet-campaign-1/bin/Release/net8.0
// BeforeAnythingElse

// Benchmark Process Environment Information:
// BenchmarkDotNet v0.15.8
// Runtime=.NET 8.0.31 (8.0.31, 8.0.3126.42015), X64 RyuJIT x86-64-v4
// GC=Concurrent Workstation
// HardwareIntrinsics=AVX512 IFMA+VBMI,AVX512 F+BW+CD+DQ+VL,AVX2+BMI1+BMI2+F16C+FMA+LZCNT+MOVBE,AVX,SSE3+SSSE3+SSE4.1+SSE4.2+POPCNT,X86Base+SSE+SSE2,AES+PCLMUL,AvxVnni,SERIALIZE VectorSize=256
// Job: campaign(EvaluateOverhead=False, Clock=Armonik.Ffi.Bdn.CpuClock, IterationCount=6, IterationTime=40ms, LaunchCount=1, RunStrategy=Throughput, WarmupCount=25)

OverheadJitting  1: 1 op, 323484.00 ns, 323.4840 us/op
WorkloadJitting  1: 1 op, 17711797.00 ns, 17.7118 ms/op

WorkloadPilot    1: 4 op, 26309863.00 ns, 6.5775 ms/op
WorkloadPilot    2: 6 op, 35437904.00 ns, 5.9063 ms/op

WorkloadWarmup   1: 6 op, 25709290.00 ns, 4.2849 ms/op
WorkloadWarmup   2: 6 op, 26232901.00 ns, 4.3722 ms/op
WorkloadWarmup   3: 6 op, 26651050.00 ns, 4.4418 ms/op
WorkloadWarmup   4: 6 op, 25638905.00 ns, 4.2732 ms/op
WorkloadWarmup   5: 6 op, 27053674.00 ns, 4.5089 ms/op
WorkloadWarmup   6: 6 op, 21290349.00 ns, 3.5484 ms/op
WorkloadWarmup   7: 6 op, 8795252.00 ns, 1.4659 ms/op
WorkloadWarmup   8: 6 op, 7884579.00 ns, 1.3141 ms/op
WorkloadWarmup   9: 6 op, 7683175.00 ns, 1.2805 ms/op
WorkloadWarmup  10: 6 op, 8169388.00 ns, 1.3616 ms/op
WorkloadWarmup  11: 6 op, 13533193.00 ns, 2.2555 ms/op
WorkloadWarmup  12: 6 op, 18702445.00 ns, 3.1171 ms/op
WorkloadWarmup  13: 6 op, 7773571.00 ns, 1.2956 ms/op
WorkloadWarmup  14: 6 op, 8886649.00 ns, 1.4811 ms/op
WorkloadWarmup  15: 6 op, 9141497.00 ns, 1.5236 ms/op
WorkloadWarmup  16: 6 op, 8056612.00 ns, 1.3428 ms/op
WorkloadWarmup  17: 6 op, 8431517.00 ns, 1.4053 ms/op
WorkloadWarmup  18: 6 op, 8140679.00 ns, 1.3568 ms/op
WorkloadWarmup  19: 6 op, 7877419.00 ns, 1.3129 ms/op
WorkloadWarmup  20: 6 op, 8011234.00 ns, 1.3352 ms/op
WorkloadWarmup  21: 6 op, 7784817.00 ns, 1.2975 ms/op
WorkloadWarmup  22: 6 op, 7714653.00 ns, 1.2858 ms/op
WorkloadWarmup  23: 6 op, 7607537.00 ns, 1.2679 ms/op
WorkloadWarmup  24: 6 op, 8152450.00 ns, 1.3587 ms/op
WorkloadWarmup  25: 6 op, 7474985.00 ns, 1.2458 ms/op

// BeforeActualRun
WorkloadActual   1: 6 op, 7801942.00 ns, 1.3003 ms/op
WorkloadActual   2: 6 op, 9341878.00 ns, 1.5570 ms/op
WorkloadActual   3: 6 op, 7572050.00 ns, 1.2620 ms/op
WorkloadActual   4: 6 op, 8386091.00 ns, 1.3977 ms/op
WorkloadActual   5: 6 op, 8543176.00 ns, 1.4239 ms/op
WorkloadActual   6: 6 op, 8425892.00 ns, 1.4043 ms/op

// AfterActualRun
WorkloadResult   1: 6 op, 7801942.00 ns, 1.3003 ms/op
WorkloadResult   2: 6 op, 9341878.00 ns, 1.5570 ms/op
WorkloadResult   3: 6 op, 7572050.00 ns, 1.2620 ms/op
WorkloadResult   4: 6 op, 8386091.00 ns, 1.3977 ms/op
WorkloadResult   5: 6 op, 8543176.00 ns, 1.4239 ms/op
WorkloadResult   6: 6 op, 8425892.00 ns, 1.4043 ms/op
// GC:  0 0 0 0 6
// Threading:  0 0 6

// AfterAll
// Benchmark Process 12039 has exited with code 0.

Mean = 1.391 ms, StdErr = 0.042 ms (3.04%), N = 6, StdDev = 0.104 ms
Min = 1.262 ms, Q1 = 1.325 ms, Median = 1.401 ms, Q3 = 1.419 ms, Max = 1.557 ms
IQR = 0.094 ms, LowerFence = 1.183 ms, UpperFence = 1.560 ms
ConfidenceInterval = [1.100 ms; 1.682 ms] (CI 99.9%), Margin = 0.291 ms (20.90% of Mean)
Skewness = 0.26, Kurtosis = 1.6, MValue = 2

// ** Remained 9 (75.0 %) benchmark(s) to run. Estimated finish 2026-10-10 8:08 (0h 0m from now) **
// **************************
// Benchmark: CodecSuite.Run: campaign(EvaluateOverhead=False, Clock=Armonik.Ffi.Bdn.CpuClock, IterationCount=6, IterationTime=40ms, LaunchCount=1, RunStrategy=Throughput, WarmupCount=25) [Case=core-(...)|drop [40]]
// *** Execute ***
// Launch: 1 / 1
// Execute: dotnet BenchDotNet-campaign-1.dll --anonymousPipes 138 139 --benchmarkName "Armonik.Ffi.Bdn.CodecSuite.Run(Case: \"core-ffi|encode-core-hot|P2.2|ascii|drop\")" --job campaign --benchmarkId 3 in /home/user/ArmoniK.Api/ffi/poc/csharp/src/BenchDotNet/bin/Release/net8.0/BenchDotNet-campaign-1/bin/Release/net8.0
// BeforeAnythingElse

// Benchmark Process Environment Information:
// BenchmarkDotNet v0.15.8
// Runtime=.NET 8.0.31 (8.0.31, 8.0.3126.42015), X64 RyuJIT x86-64-v4
// GC=Concurrent Workstation
// HardwareIntrinsics=AVX512 IFMA+VBMI,AVX512 F+BW+CD+DQ+VL,AVX2+BMI1+BMI2+F16C+FMA+LZCNT+MOVBE,AVX,SSE3+SSSE3+SSE4.1+SSE4.2+POPCNT,X86Base+SSE+SSE2,AES+PCLMUL,AvxVnni,SERIALIZE VectorSize=256
// Job: campaign(EvaluateOverhead=False, Clock=Armonik.Ffi.Bdn.CpuClock, IterationCount=6, IterationTime=40ms, LaunchCount=1, RunStrategy=Throughput, WarmupCount=25)

OverheadJitting  1: 1 op, 284949.00 ns, 284.9490 us/op
WorkloadJitting  1: 1 op, 17565627.00 ns, 17.5656 ms/op

WorkloadPilot    1: 4 op, 28854538.00 ns, 7.2136 ms/op
WorkloadPilot    2: 6 op, 30028437.00 ns, 5.0047 ms/op
WorkloadPilot    3: 8 op, 30934581.00 ns, 3.8668 ms/op
WorkloadPilot    4: 10 op, 39083937.00 ns, 3.9084 ms/op

WorkloadWarmup   1: 10 op, 41139035.00 ns, 4.1139 ms/op
WorkloadWarmup   2: 10 op, 39116749.00 ns, 3.9117 ms/op
WorkloadWarmup   3: 10 op, 38821831.00 ns, 3.8822 ms/op
WorkloadWarmup   4: 10 op, 40119440.00 ns, 4.0119 ms/op
WorkloadWarmup   5: 10 op, 23540063.00 ns, 2.3540 ms/op
WorkloadWarmup   6: 10 op, 12641184.00 ns, 1.2641 ms/op
WorkloadWarmup   7: 10 op, 12053232.00 ns, 1.2053 ms/op
WorkloadWarmup   8: 10 op, 27839424.00 ns, 2.7839 ms/op
WorkloadWarmup   9: 10 op, 12494755.00 ns, 1.2495 ms/op
WorkloadWarmup  10: 10 op, 11994442.00 ns, 1.1994 ms/op
WorkloadWarmup  11: 10 op, 11815469.00 ns, 1.1815 ms/op
WorkloadWarmup  12: 10 op, 12156513.00 ns, 1.2157 ms/op
WorkloadWarmup  13: 10 op, 12359533.00 ns, 1.2360 ms/op
WorkloadWarmup  14: 10 op, 12320627.00 ns, 1.2321 ms/op
WorkloadWarmup  15: 10 op, 12044927.00 ns, 1.2045 ms/op
WorkloadWarmup  16: 10 op, 14238209.00 ns, 1.4238 ms/op
WorkloadWarmup  17: 10 op, 12265294.00 ns, 1.2265 ms/op
WorkloadWarmup  18: 10 op, 13165817.00 ns, 1.3166 ms/op
WorkloadWarmup  19: 10 op, 13914897.00 ns, 1.3915 ms/op
WorkloadWarmup  20: 10 op, 13405111.00 ns, 1.3405 ms/op
WorkloadWarmup  21: 10 op, 13528519.00 ns, 1.3529 ms/op
WorkloadWarmup  22: 10 op, 14739407.00 ns, 1.4739 ms/op
WorkloadWarmup  23: 10 op, 16251072.00 ns, 1.6251 ms/op
WorkloadWarmup  24: 10 op, 14550916.00 ns, 1.4551 ms/op
WorkloadWarmup  25: 10 op, 21122583.00 ns, 2.1123 ms/op

// BeforeActualRun
WorkloadActual   1: 10 op, 13655555.00 ns, 1.3656 ms/op
WorkloadActual   2: 10 op, 12606005.00 ns, 1.2606 ms/op
WorkloadActual   3: 10 op, 12513186.00 ns, 1.2513 ms/op
WorkloadActual   4: 10 op, 13501720.00 ns, 1.3502 ms/op
WorkloadActual   5: 10 op, 12494844.00 ns, 1.2495 ms/op
WorkloadActual   6: 10 op, 12930513.00 ns, 1.2931 ms/op

// AfterActualRun
WorkloadResult   1: 10 op, 13655555.00 ns, 1.3656 ms/op
WorkloadResult   2: 10 op, 12606005.00 ns, 1.2606 ms/op
WorkloadResult   3: 10 op, 12513186.00 ns, 1.2513 ms/op
WorkloadResult   4: 10 op, 13501720.00 ns, 1.3502 ms/op
WorkloadResult   5: 10 op, 12494844.00 ns, 1.2495 ms/op
WorkloadResult   6: 10 op, 12930513.00 ns, 1.2931 ms/op
// GC:  0 0 0 0 10
// Threading:  0 0 10

// AfterAll
// Benchmark Process 12049 has exited with code 0.

Mean = 1.295 ms, StdErr = 0.021 ms (1.62%), N = 6, StdDev = 0.051 ms
Min = 1.249 ms, Q1 = 1.254 ms, Median = 1.277 ms, Q3 = 1.336 ms, Max = 1.366 ms
IQR = 0.082 ms, LowerFence = 1.130 ms, UpperFence = 1.459 ms
ConfidenceInterval = [1.151 ms; 1.439 ms] (CI 99.9%), Margin = 0.144 ms (11.12% of Mean)
Skewness = 0.37, Kurtosis = 1.04, MValue = 2

// ** Remained 8 (66.7 %) benchmark(s) to run. Estimated finish 2026-10-10 8:08 (0h 0m from now) **
// **************************
// Benchmark: CodecSuite.Run: campaign(EvaluateOverhead=False, Clock=Armonik.Ffi.Bdn.CpuClock, IterationCount=6, IterationTime=40ms, LaunchCount=1, RunStrategy=Throughput, WarmupCount=25) [Case=core-(...)etain [42]]
// *** Execute ***
// Launch: 1 / 1
// Execute: dotnet BenchDotNet-campaign-1.dll --anonymousPipes 138 139 --benchmarkName "Armonik.Ffi.Bdn.CodecSuite.Run(Case: \"core-ffi|encode-core-hot|P2.4|ascii|retain\")" --job campaign --benchmarkId 4 in /home/user/ArmoniK.Api/ffi/poc/csharp/src/BenchDotNet/bin/Release/net8.0/BenchDotNet-campaign-1/bin/Release/net8.0
// BeforeAnythingElse

// Benchmark Process Environment Information:
// BenchmarkDotNet v0.15.8
// Runtime=.NET 8.0.31 (8.0.31, 8.0.3126.42015), X64 RyuJIT x86-64-v4
// GC=Concurrent Workstation
// HardwareIntrinsics=AVX512 IFMA+VBMI,AVX512 F+BW+CD+DQ+VL,AVX2+BMI1+BMI2+F16C+FMA+LZCNT+MOVBE,AVX,SSE3+SSSE3+SSE4.1+SSE4.2+POPCNT,X86Base+SSE+SSE2,AES+PCLMUL,AvxVnni,SERIALIZE VectorSize=256
// Job: campaign(EvaluateOverhead=False, Clock=Armonik.Ffi.Bdn.CpuClock, IterationCount=6, IterationTime=40ms, LaunchCount=1, RunStrategy=Throughput, WarmupCount=25)

OverheadJitting  1: 1 op, 257522.00 ns, 257.5220 us/op
WorkloadJitting  1: 1 op, 19649366.00 ns, 19.6494 ms/op

WorkloadPilot    1: 4 op, 28292583.00 ns, 7.0731 ms/op
WorkloadPilot    2: 6 op, 31801084.00 ns, 5.3002 ms/op
WorkloadPilot    3: 8 op, 42868072.00 ns, 5.3585 ms/op

WorkloadWarmup   1: 8 op, 46301662.00 ns, 5.7877 ms/op
WorkloadWarmup   2: 8 op, 49638164.00 ns, 6.2048 ms/op
WorkloadWarmup   3: 8 op, 44506517.00 ns, 5.5633 ms/op
WorkloadWarmup   4: 8 op, 27913424.00 ns, 3.4892 ms/op
WorkloadWarmup   5: 8 op, 15451840.00 ns, 1.9315 ms/op
WorkloadWarmup   6: 8 op, 14206862.00 ns, 1.7759 ms/op
WorkloadWarmup   7: 8 op, 14577561.00 ns, 1.8222 ms/op
WorkloadWarmup   8: 8 op, 21329706.00 ns, 2.6662 ms/op
WorkloadWarmup   9: 8 op, 14121082.00 ns, 1.7651 ms/op
WorkloadWarmup  10: 8 op, 14672492.00 ns, 1.8341 ms/op
WorkloadWarmup  11: 8 op, 14281967.00 ns, 1.7852 ms/op
WorkloadWarmup  12: 8 op, 13678287.00 ns, 1.7098 ms/op
WorkloadWarmup  13: 8 op, 13525159.00 ns, 1.6906 ms/op
WorkloadWarmup  14: 8 op, 14059167.00 ns, 1.7574 ms/op
WorkloadWarmup  15: 8 op, 14662846.00 ns, 1.8329 ms/op
WorkloadWarmup  16: 8 op, 13843239.00 ns, 1.7304 ms/op
WorkloadWarmup  17: 8 op, 13661690.00 ns, 1.7077 ms/op
WorkloadWarmup  18: 8 op, 14844751.00 ns, 1.8556 ms/op
WorkloadWarmup  19: 8 op, 13478160.00 ns, 1.6848 ms/op
WorkloadWarmup  20: 8 op, 13748420.00 ns, 1.7186 ms/op
WorkloadWarmup  21: 8 op, 13044453.00 ns, 1.6306 ms/op
WorkloadWarmup  22: 8 op, 14538473.00 ns, 1.8173 ms/op
WorkloadWarmup  23: 8 op, 13074956.00 ns, 1.6344 ms/op
WorkloadWarmup  24: 8 op, 16179134.00 ns, 2.0224 ms/op
WorkloadWarmup  25: 8 op, 14158862.00 ns, 1.7699 ms/op

// BeforeActualRun
WorkloadActual   1: 8 op, 16030832.00 ns, 2.0039 ms/op
WorkloadActual   2: 8 op, 13392504.00 ns, 1.6741 ms/op
WorkloadActual   3: 8 op, 13287913.00 ns, 1.6610 ms/op
WorkloadActual   4: 8 op, 13345049.00 ns, 1.6681 ms/op
WorkloadActual   5: 8 op, 13970766.00 ns, 1.7463 ms/op
WorkloadActual   6: 8 op, 17170541.00 ns, 2.1463 ms/op

// AfterActualRun
WorkloadResult   1: 8 op, 16030832.00 ns, 2.0039 ms/op
WorkloadResult   2: 8 op, 13392504.00 ns, 1.6741 ms/op
WorkloadResult   3: 8 op, 13287913.00 ns, 1.6610 ms/op
WorkloadResult   4: 8 op, 13345049.00 ns, 1.6681 ms/op
WorkloadResult   5: 8 op, 13970766.00 ns, 1.7463 ms/op
WorkloadResult   6: 8 op, 17170541.00 ns, 2.1463 ms/op
// GC:  0 0 0 0 8
// Threading:  0 0 8

// AfterAll
// Benchmark Process 12058 has exited with code 0.

Mean = 1.817 ms, StdErr = 0.085 ms (4.66%), N = 6, StdDev = 0.208 ms
Min = 1.661 ms, Q1 = 1.670 ms, Median = 1.710 ms, Q3 = 1.939 ms, Max = 2.146 ms
IQR = 0.270 ms, LowerFence = 1.265 ms, UpperFence = 2.344 ms
ConfidenceInterval = [1.235 ms; 2.398 ms] (CI 99.9%), Margin = 0.582 ms (32.03% of Mean)
Skewness = 0.6, Kurtosis = 1.31, MValue = 2

// ** Remained 7 (58.3 %) benchmark(s) to run. Estimated finish 2026-10-10 8:08 (0h 0m from now) **
// **************************
// Benchmark: CodecSuite.Run: campaign(EvaluateOverhead=False, Clock=Armonik.Ffi.Bdn.CpuClock, IterationCount=6, IterationTime=40ms, LaunchCount=1, RunStrategy=Throughput, WarmupCount=25) [Case=core-(...)etain [42]]
// *** Execute ***
// Launch: 1 / 1
// Execute: dotnet BenchDotNet-campaign-1.dll --anonymousPipes 138 139 --benchmarkName "Armonik.Ffi.Bdn.CodecSuite.Run(Case: \"core-ffi|encode-core-hot|P2.2|ascii|retain\")" --job campaign --benchmarkId 5 in /home/user/ArmoniK.Api/ffi/poc/csharp/src/BenchDotNet/bin/Release/net8.0/BenchDotNet-campaign-1/bin/Release/net8.0
// BeforeAnythingElse

// Benchmark Process Environment Information:
// BenchmarkDotNet v0.15.8
// Runtime=.NET 8.0.31 (8.0.31, 8.0.3126.42015), X64 RyuJIT x86-64-v4
// GC=Concurrent Workstation
// HardwareIntrinsics=AVX512 IFMA+VBMI,AVX512 F+BW+CD+DQ+VL,AVX2+BMI1+BMI2+F16C+FMA+LZCNT+MOVBE,AVX,SSE3+SSSE3+SSE4.1+SSE4.2+POPCNT,X86Base+SSE+SSE2,AES+PCLMUL,AvxVnni,SERIALIZE VectorSize=256
// Job: campaign(EvaluateOverhead=False, Clock=Armonik.Ffi.Bdn.CpuClock, IterationCount=6, IterationTime=40ms, LaunchCount=1, RunStrategy=Throughput, WarmupCount=25)

OverheadJitting  1: 1 op, 327035.00 ns, 327.0350 us/op
WorkloadJitting  1: 1 op, 17971877.00 ns, 17.9719 ms/op

WorkloadPilot    1: 4 op, 26832159.00 ns, 6.7080 ms/op
WorkloadPilot    2: 6 op, 56264794.00 ns, 9.3775 ms/op
WorkloadPilot    3: 4 op, 18700299.00 ns, 4.6751 ms/op
WorkloadPilot    4: 9 op, 29481851.00 ns, 3.2758 ms/op
WorkloadPilot    5: 12 op, 17451495.00 ns, 1.4543 ms/op
WorkloadPilot    6: 28 op, 53360586.00 ns, 1.9057 ms/op
WorkloadPilot    7: 21 op, 32703593.00 ns, 1.5573 ms/op
WorkloadPilot    8: 26 op, 33024883.00 ns, 1.2702 ms/op
WorkloadPilot    9: 31 op, 45796794.00 ns, 1.4773 ms/op

WorkloadWarmup   1: 31 op, 39795828.00 ns, 1.2837 ms/op
WorkloadWarmup   2: 31 op, 39496729.00 ns, 1.2741 ms/op
WorkloadWarmup   3: 31 op, 39793995.00 ns, 1.2837 ms/op
WorkloadWarmup   4: 31 op, 42682503.00 ns, 1.3769 ms/op
WorkloadWarmup   5: 31 op, 39760050.00 ns, 1.2826 ms/op
WorkloadWarmup   6: 31 op, 52552104.00 ns, 1.6952 ms/op
WorkloadWarmup   7: 31 op, 45835523.00 ns, 1.4786 ms/op
WorkloadWarmup   8: 31 op, 48577425.00 ns, 1.5670 ms/op
WorkloadWarmup   9: 31 op, 42992392.00 ns, 1.3869 ms/op
WorkloadWarmup  10: 31 op, 56822339.00 ns, 1.8330 ms/op
WorkloadWarmup  11: 31 op, 40405191.00 ns, 1.3034 ms/op
WorkloadWarmup  12: 31 op, 42983363.00 ns, 1.3866 ms/op
WorkloadWarmup  13: 31 op, 46598599.00 ns, 1.5032 ms/op
WorkloadWarmup  14: 31 op, 46806909.00 ns, 1.5099 ms/op
WorkloadWarmup  15: 31 op, 38803257.00 ns, 1.2517 ms/op
WorkloadWarmup  16: 31 op, 37056570.00 ns, 1.1954 ms/op
WorkloadWarmup  17: 31 op, 44167628.00 ns, 1.4248 ms/op
WorkloadWarmup  18: 31 op, 40917390.00 ns, 1.3199 ms/op
WorkloadWarmup  19: 31 op, 36760662.00 ns, 1.1858 ms/op
WorkloadWarmup  20: 31 op, 37266593.00 ns, 1.2021 ms/op
WorkloadWarmup  21: 31 op, 36242941.00 ns, 1.1691 ms/op
WorkloadWarmup  22: 31 op, 36742057.00 ns, 1.1852 ms/op
WorkloadWarmup  23: 31 op, 36506979.00 ns, 1.1776 ms/op
WorkloadWarmup  24: 31 op, 37373387.00 ns, 1.2056 ms/op
WorkloadWarmup  25: 31 op, 38634428.00 ns, 1.2463 ms/op

// BeforeActualRun
WorkloadActual   1: 31 op, 39910517.00 ns, 1.2874 ms/op
WorkloadActual   2: 31 op, 37914521.00 ns, 1.2230 ms/op
WorkloadActual   3: 31 op, 37215507.00 ns, 1.2005 ms/op
WorkloadActual   4: 31 op, 36959276.00 ns, 1.1922 ms/op
WorkloadActual   5: 31 op, 39359485.00 ns, 1.2697 ms/op
WorkloadActual   6: 31 op, 37351342.00 ns, 1.2049 ms/op

// AfterActualRun
WorkloadResult   1: 31 op, 39910517.00 ns, 1.2874 ms/op
WorkloadResult   2: 31 op, 37914521.00 ns, 1.2230 ms/op
WorkloadResult   3: 31 op, 37215507.00 ns, 1.2005 ms/op
WorkloadResult   4: 31 op, 36959276.00 ns, 1.1922 ms/op
WorkloadResult   5: 31 op, 39359485.00 ns, 1.2697 ms/op
WorkloadResult   6: 31 op, 37351342.00 ns, 1.2049 ms/op
// GC:  0 0 0 0 31
// Threading:  0 0 31

// AfterAll
// Benchmark Process 12067 has exited with code 0.

Mean = 1.230 ms, StdErr = 0.016 ms (1.32%), N = 6, StdDev = 0.040 ms
Min = 1.192 ms, Q1 = 1.202 ms, Median = 1.214 ms, Q3 = 1.258 ms, Max = 1.287 ms
IQR = 0.056 ms, LowerFence = 1.117 ms, UpperFence = 1.343 ms
ConfidenceInterval = [1.119 ms; 1.341 ms] (CI 99.9%), Margin = 0.111 ms (9.03% of Mean)
Skewness = 0.44, Kurtosis = 1.14, MValue = 2

// ** Remained 6 (50.0 %) benchmark(s) to run. Estimated finish 2026-10-10 8:08 (0h 0m from now) **
// **************************
// Benchmark: CodecSuite.Run: campaign(EvaluateOverhead=False, Clock=Armonik.Ffi.Bdn.CpuClock, IterationCount=6, IterationTime=40ms, LaunchCount=1, RunStrategy=Throughput, WarmupCount=25) [Case=core-(...)|drop [54]]
// *** Execute ***
// Launch: 1 / 1
// Execute: dotnet BenchDotNet-campaign-1.dll --anonymousPipes 138 139 --benchmarkName "Armonik.Ffi.Bdn.CodecSuite.Run(Case: \"core-ffi|encode-core-hot|U-deep-u-repeated|corpus|drop\")" --job campaign --benchmarkId 6 in /home/user/ArmoniK.Api/ffi/poc/csharp/src/BenchDotNet/bin/Release/net8.0/BenchDotNet-campaign-1/bin/Release/net8.0
// BeforeAnythingElse

// Benchmark Process Environment Information:
// BenchmarkDotNet v0.15.8
// Runtime=.NET 8.0.31 (8.0.31, 8.0.3126.42015), X64 RyuJIT x86-64-v4
// GC=Concurrent Workstation
// HardwareIntrinsics=AVX512 IFMA+VBMI,AVX512 F+BW+CD+DQ+VL,AVX2+BMI1+BMI2+F16C+FMA+LZCNT+MOVBE,AVX,SSE3+SSSE3+SSE4.1+SSE4.2+POPCNT,X86Base+SSE+SSE2,AES+PCLMUL,AvxVnni,SERIALIZE VectorSize=256
// Job: campaign(EvaluateOverhead=False, Clock=Armonik.Ffi.Bdn.CpuClock, IterationCount=6, IterationTime=40ms, LaunchCount=1, RunStrategy=Throughput, WarmupCount=25)

OverheadJitting  1: 1 op, 297086.00 ns, 297.0860 us/op
WorkloadJitting  1: 1 op, 11003173.00 ns, 11.0032 ms/op

WorkloadPilot    1: 4 op, 49262.00 ns, 12.3155 us/op
WorkloadPilot    2: 3248 op, 26351811.00 ns, 8.1132 us/op
WorkloadPilot    3: 4930 op, 40577572.00 ns, 8.2307 us/op
WorkloadPilot    4: 4860 op, 42821454.00 ns, 8.8110 us/op
WorkloadPilot    5: 4540 op, 40138727.00 ns, 8.8411 us/op

WorkloadWarmup   1: 4540 op, 40106677.00 ns, 8.8341 us/op
WorkloadWarmup   2: 4540 op, 39999007.00 ns, 8.8104 us/op
WorkloadWarmup   3: 4540 op, 45967425.00 ns, 10.1250 us/op
WorkloadWarmup   4: 4540 op, 16363339.00 ns, 3.6043 us/op
WorkloadWarmup   5: 4540 op, 10047107.00 ns, 2.2130 us/op
WorkloadWarmup   6: 4540 op, 9906532.00 ns, 2.1821 us/op
WorkloadWarmup   7: 4540 op, 9422113.00 ns, 2.0754 us/op
WorkloadWarmup   8: 4540 op, 9136698.00 ns, 2.0125 us/op
WorkloadWarmup   9: 4540 op, 9237064.00 ns, 2.0346 us/op
WorkloadWarmup  10: 4540 op, 10353690.00 ns, 2.2805 us/op
WorkloadWarmup  11: 4540 op, 14680032.00 ns, 3.2335 us/op
WorkloadWarmup  12: 4540 op, 9312669.00 ns, 2.0512 us/op
WorkloadWarmup  13: 4540 op, 9171863.00 ns, 2.0202 us/op
WorkloadWarmup  14: 4540 op, 9667835.00 ns, 2.1295 us/op
WorkloadWarmup  15: 4540 op, 16359867.00 ns, 3.6035 us/op
WorkloadWarmup  16: 4540 op, 18600865.00 ns, 4.0971 us/op
WorkloadWarmup  17: 4540 op, 20977543.00 ns, 4.6206 us/op
WorkloadWarmup  18: 4540 op, 49783431.00 ns, 10.9655 us/op
WorkloadWarmup  19: 4540 op, 9386985.00 ns, 2.0676 us/op
WorkloadWarmup  20: 4540 op, 9386022.00 ns, 2.0674 us/op
WorkloadWarmup  21: 4540 op, 9266578.00 ns, 2.0411 us/op
WorkloadWarmup  22: 4540 op, 10111188.00 ns, 2.2271 us/op
WorkloadWarmup  23: 4540 op, 10003233.00 ns, 2.2034 us/op
WorkloadWarmup  24: 4540 op, 9805508.00 ns, 2.1598 us/op
WorkloadWarmup  25: 4540 op, 9532681.00 ns, 2.0997 us/op

// BeforeActualRun
WorkloadActual   1: 4540 op, 12658582.00 ns, 2.7882 us/op
WorkloadActual   2: 4540 op, 10075011.00 ns, 2.2192 us/op
WorkloadActual   3: 4540 op, 10011333.00 ns, 2.2051 us/op
WorkloadActual   4: 4540 op, 13046567.00 ns, 2.8737 us/op
WorkloadActual   5: 4540 op, 13970629.00 ns, 3.0772 us/op
WorkloadActual   6: 4540 op, 10423560.00 ns, 2.2959 us/op

// AfterActualRun
WorkloadResult   1: 4540 op, 12658582.00 ns, 2.7882 us/op
WorkloadResult   2: 4540 op, 10075011.00 ns, 2.2192 us/op
WorkloadResult   3: 4540 op, 10011333.00 ns, 2.2051 us/op
WorkloadResult   4: 4540 op, 13046567.00 ns, 2.8737 us/op
WorkloadResult   5: 4540 op, 13970629.00 ns, 3.0772 us/op
WorkloadResult   6: 4540 op, 10423560.00 ns, 2.2959 us/op
// GC:  0 0 0 336 4540
// Threading:  0 0 4540

// AfterAll
// Benchmark Process 12076 has exited with code 0.

Mean = 2.577 us, StdErr = 0.156 us (6.05%), N = 6, StdDev = 0.382 us
Min = 2.205 us, Q1 = 2.238 us, Median = 2.542 us, Q3 = 2.852 us, Max = 3.077 us
IQR = 0.614 us, LowerFence = 1.317 us, UpperFence = 3.773 us
ConfidenceInterval = [1.506 us; 3.647 us] (CI 99.9%), Margin = 1.070 us (41.53% of Mean)
Skewness = 0.13, Kurtosis = 0.9, MValue = 2

// ** Remained 5 (41.7 %) benchmark(s) to run. Estimated finish 2026-10-10 8:08 (0h 0m from now) **
// **************************
// Benchmark: CodecSuite.Run: campaign(EvaluateOverhead=False, Clock=Armonik.Ffi.Bdn.CpuClock, IterationCount=6, IterationTime=40ms, LaunchCount=1, RunStrategy=Throughput, WarmupCount=25) [Case=core-(...)etain [41]]
// *** Execute ***
// Launch: 1 / 1
// Execute: dotnet BenchDotNet-campaign-1.dll --anonymousPipes 138 139 --benchmarkName "Armonik.Ffi.Bdn.CodecSuite.Run(Case: \"core-ffi|encode-core-hot|P2.2|wide|retain\")" --job campaign --benchmarkId 7 in /home/user/ArmoniK.Api/ffi/poc/csharp/src/BenchDotNet/bin/Release/net8.0/BenchDotNet-campaign-1/bin/Release/net8.0
// BeforeAnythingElse

// Benchmark Process Environment Information:
// BenchmarkDotNet v0.15.8
// Runtime=.NET 8.0.31 (8.0.31, 8.0.3126.42015), X64 RyuJIT x86-64-v4
// GC=Concurrent Workstation
// HardwareIntrinsics=AVX512 IFMA+VBMI,AVX512 F+BW+CD+DQ+VL,AVX2+BMI1+BMI2+F16C+FMA+LZCNT+MOVBE,AVX,SSE3+SSSE3+SSE4.1+SSE4.2+POPCNT,X86Base+SSE+SSE2,AES+PCLMUL,AvxVnni,SERIALIZE VectorSize=256
// Job: campaign(EvaluateOverhead=False, Clock=Armonik.Ffi.Bdn.CpuClock, IterationCount=6, IterationTime=40ms, LaunchCount=1, RunStrategy=Throughput, WarmupCount=25)

OverheadJitting  1: 1 op, 280269.00 ns, 280.2690 us/op
WorkloadJitting  1: 1 op, 18171464.00 ns, 18.1715 ms/op

WorkloadPilot    1: 4 op, 26553057.00 ns, 6.6383 ms/op
WorkloadPilot    2: 6 op, 31659473.00 ns, 5.2766 ms/op
WorkloadPilot    3: 8 op, 35537125.00 ns, 4.4421 ms/op

WorkloadWarmup   1: 8 op, 36002671.00 ns, 4.5003 ms/op
WorkloadWarmup   2: 8 op, 33475560.00 ns, 4.1844 ms/op
WorkloadWarmup   3: 8 op, 34601490.00 ns, 4.3252 ms/op
WorkloadWarmup   4: 8 op, 34330315.00 ns, 4.2913 ms/op
WorkloadWarmup   5: 8 op, 11519602.00 ns, 1.4400 ms/op
WorkloadWarmup   6: 8 op, 12340771.00 ns, 1.5426 ms/op
WorkloadWarmup   7: 8 op, 14552596.00 ns, 1.8191 ms/op
WorkloadWarmup   8: 8 op, 16161911.00 ns, 2.0202 ms/op
WorkloadWarmup   9: 8 op, 22369813.00 ns, 2.7962 ms/op
WorkloadWarmup  10: 8 op, 11290085.00 ns, 1.4113 ms/op
WorkloadWarmup  11: 8 op, 11428636.00 ns, 1.4286 ms/op
WorkloadWarmup  12: 8 op, 11517678.00 ns, 1.4397 ms/op
WorkloadWarmup  13: 8 op, 11626338.00 ns, 1.4533 ms/op
WorkloadWarmup  14: 8 op, 11275013.00 ns, 1.4094 ms/op
WorkloadWarmup  15: 8 op, 15869717.00 ns, 1.9837 ms/op
WorkloadWarmup  16: 8 op, 10624031.00 ns, 1.3280 ms/op
WorkloadWarmup  17: 8 op, 11185932.00 ns, 1.3982 ms/op
WorkloadWarmup  18: 8 op, 10823201.00 ns, 1.3529 ms/op
WorkloadWarmup  19: 8 op, 10839257.00 ns, 1.3549 ms/op
WorkloadWarmup  20: 8 op, 10625349.00 ns, 1.3282 ms/op
WorkloadWarmup  21: 8 op, 11183591.00 ns, 1.3979 ms/op
WorkloadWarmup  22: 8 op, 10978221.00 ns, 1.3723 ms/op
WorkloadWarmup  23: 8 op, 12832910.00 ns, 1.6041 ms/op
WorkloadWarmup  24: 8 op, 11148478.00 ns, 1.3936 ms/op
WorkloadWarmup  25: 8 op, 10749289.00 ns, 1.3437 ms/op

// BeforeActualRun
WorkloadActual   1: 8 op, 10703610.00 ns, 1.3380 ms/op
WorkloadActual   2: 8 op, 10709947.00 ns, 1.3387 ms/op
WorkloadActual   3: 8 op, 10947021.00 ns, 1.3684 ms/op
WorkloadActual   4: 8 op, 11896099.00 ns, 1.4870 ms/op
WorkloadActual   5: 8 op, 10766448.00 ns, 1.3458 ms/op
WorkloadActual   6: 8 op, 11094597.00 ns, 1.3868 ms/op

// AfterActualRun
WorkloadResult   1: 8 op, 10703610.00 ns, 1.3380 ms/op
WorkloadResult   2: 8 op, 10709947.00 ns, 1.3387 ms/op
WorkloadResult   3: 8 op, 10947021.00 ns, 1.3684 ms/op
WorkloadResult   4: 8 op, 10766448.00 ns, 1.3458 ms/op
WorkloadResult   5: 8 op, 11094597.00 ns, 1.3868 ms/op
// GC:  0 0 0 0 8
// Threading:  0 0 8

// AfterAll
// Benchmark Process 12085 has exited with code 0.

Mean = 1.356 ms, StdErr = 0.010 ms (0.71%), N = 5, StdDev = 0.021 ms
Min = 1.338 ms, Q1 = 1.339 ms, Median = 1.346 ms, Q3 = 1.368 ms, Max = 1.387 ms
IQR = 0.030 ms, LowerFence = 1.294 ms, UpperFence = 1.413 ms
ConfidenceInterval = [1.273 ms; 1.438 ms] (CI 99.9%), Margin = 0.082 ms (6.08% of Mean)
Skewness = 0.44, Kurtosis = 1.12, MValue = 2

// ** Remained 4 (33.3 %) benchmark(s) to run. Estimated finish 2026-10-10 8:08 (0h 0m from now) **
// **************************
// Benchmark: CodecSuite.Run: campaign(EvaluateOverhead=False, Clock=Armonik.Ffi.Bdn.CpuClock, IterationCount=6, IterationTime=40ms, LaunchCount=1, RunStrategy=Throughput, WarmupCount=25) [Case=core-(...)|drop [39]]
// *** Execute ***
// Launch: 1 / 1
// Execute: dotnet BenchDotNet-campaign-1.dll --anonymousPipes 138 139 --benchmarkName "Armonik.Ffi.Bdn.CodecSuite.Run(Case: \"core-ffi|encode-core-hot|P2.2|wide|drop\")" --job campaign --benchmarkId 8 in /home/user/ArmoniK.Api/ffi/poc/csharp/src/BenchDotNet/bin/Release/net8.0/BenchDotNet-campaign-1/bin/Release/net8.0
// BeforeAnythingElse

// Benchmark Process Environment Information:
// BenchmarkDotNet v0.15.8
// Runtime=.NET 8.0.31 (8.0.31, 8.0.3126.42015), X64 RyuJIT x86-64-v4
// GC=Concurrent Workstation
// HardwareIntrinsics=AVX512 IFMA+VBMI,AVX512 F+BW+CD+DQ+VL,AVX2+BMI1+BMI2+F16C+FMA+LZCNT+MOVBE,AVX,SSE3+SSSE3+SSE4.1+SSE4.2+POPCNT,X86Base+SSE+SSE2,AES+PCLMUL,AvxVnni,SERIALIZE VectorSize=256
// Job: campaign(EvaluateOverhead=False, Clock=Armonik.Ffi.Bdn.CpuClock, IterationCount=6, IterationTime=40ms, LaunchCount=1, RunStrategy=Throughput, WarmupCount=25)

OverheadJitting  1: 1 op, 281910.00 ns, 281.9100 us/op
WorkloadJitting  1: 1 op, 17800910.00 ns, 17.8009 ms/op

WorkloadPilot    1: 4 op, 25440934.00 ns, 6.3602 ms/op
WorkloadPilot    2: 6 op, 31557082.00 ns, 5.2595 ms/op
WorkloadPilot    3: 8 op, 32161286.00 ns, 4.0202 ms/op
WorkloadPilot    4: 10 op, 41492299.00 ns, 4.1492 ms/op

WorkloadWarmup   1: 10 op, 43515673.00 ns, 4.3516 ms/op
WorkloadWarmup   2: 10 op, 42322340.00 ns, 4.2322 ms/op
WorkloadWarmup   3: 10 op, 44165178.00 ns, 4.4165 ms/op
WorkloadWarmup   4: 10 op, 45281184.00 ns, 4.5281 ms/op
WorkloadWarmup   5: 10 op, 31988449.00 ns, 3.1988 ms/op
WorkloadWarmup   6: 10 op, 14025907.00 ns, 1.4026 ms/op
WorkloadWarmup   7: 10 op, 13932340.00 ns, 1.3932 ms/op
WorkloadWarmup   8: 10 op, 14199632.00 ns, 1.4200 ms/op
WorkloadWarmup   9: 10 op, 13408447.00 ns, 1.3408 ms/op
WorkloadWarmup  10: 10 op, 14803820.00 ns, 1.4804 ms/op
WorkloadWarmup  11: 10 op, 20305559.00 ns, 2.0306 ms/op
WorkloadWarmup  12: 10 op, 18567915.00 ns, 1.8568 ms/op
WorkloadWarmup  13: 10 op, 14705608.00 ns, 1.4706 ms/op
WorkloadWarmup  14: 10 op, 16231062.00 ns, 1.6231 ms/op
WorkloadWarmup  15: 10 op, 24249939.00 ns, 2.4250 ms/op
WorkloadWarmup  16: 10 op, 13127146.00 ns, 1.3127 ms/op
WorkloadWarmup  17: 10 op, 13895452.00 ns, 1.3895 ms/op
WorkloadWarmup  18: 10 op, 14908298.00 ns, 1.4908 ms/op
WorkloadWarmup  19: 10 op, 13475456.00 ns, 1.3475 ms/op
WorkloadWarmup  20: 10 op, 17950448.00 ns, 1.7950 ms/op
WorkloadWarmup  21: 10 op, 13192667.00 ns, 1.3193 ms/op
WorkloadWarmup  22: 10 op, 13735173.00 ns, 1.3735 ms/op
WorkloadWarmup  23: 10 op, 13872860.00 ns, 1.3873 ms/op
WorkloadWarmup  24: 10 op, 13394893.00 ns, 1.3395 ms/op
WorkloadWarmup  25: 10 op, 13244564.00 ns, 1.3245 ms/op

// BeforeActualRun
WorkloadActual   1: 10 op, 13910585.00 ns, 1.3911 ms/op
WorkloadActual   2: 10 op, 13178790.00 ns, 1.3179 ms/op
WorkloadActual   3: 10 op, 13498961.00 ns, 1.3499 ms/op
WorkloadActual   4: 10 op, 14230779.00 ns, 1.4231 ms/op
WorkloadActual   5: 10 op, 13705348.00 ns, 1.3705 ms/op
WorkloadActual   6: 10 op, 13209165.00 ns, 1.3209 ms/op

// AfterActualRun
WorkloadResult   1: 10 op, 13910585.00 ns, 1.3911 ms/op
WorkloadResult   2: 10 op, 13178790.00 ns, 1.3179 ms/op
WorkloadResult   3: 10 op, 13498961.00 ns, 1.3499 ms/op
WorkloadResult   4: 10 op, 14230779.00 ns, 1.4231 ms/op
WorkloadResult   5: 10 op, 13705348.00 ns, 1.3705 ms/op
WorkloadResult   6: 10 op, 13209165.00 ns, 1.3209 ms/op
// GC:  0 0 0 336 10
// Threading:  0 0 10

// AfterAll
// Benchmark Process 12094 has exited with code 0.

Mean = 1.362 ms, StdErr = 0.017 ms (1.23%), N = 6, StdDev = 0.041 ms
Min = 1.318 ms, Q1 = 1.328 ms, Median = 1.360 ms, Q3 = 1.386 ms, Max = 1.423 ms
IQR = 0.058 ms, LowerFence = 1.242 ms, UpperFence = 1.473 ms
ConfidenceInterval = [1.247 ms; 1.477 ms] (CI 99.9%), Margin = 0.115 ms (8.45% of Mean)
Skewness = 0.22, Kurtosis = 1.24, MValue = 2

// ** Remained 3 (25.0 %) benchmark(s) to run. Estimated finish 2026-10-10 8:08 (0h 0m from now) **
// **************************
// Benchmark: CodecSuite.Run: campaign(EvaluateOverhead=False, Clock=Armonik.Ffi.Bdn.CpuClock, IterationCount=6, IterationTime=40ms, LaunchCount=1, RunStrategy=Throughput, WarmupCount=25) [Case=core-(...)|drop [40]]
// *** Execute ***
// Launch: 1 / 1
// Execute: dotnet BenchDotNet-campaign-1.dll --anonymousPipes 138 139 --benchmarkName "Armonik.Ffi.Bdn.CodecSuite.Run(Case: \"core-ffi|encode-core-hot|P2.4|ascii|drop\")" --job campaign --benchmarkId 9 in /home/user/ArmoniK.Api/ffi/poc/csharp/src/BenchDotNet/bin/Release/net8.0/BenchDotNet-campaign-1/bin/Release/net8.0
// BeforeAnythingElse

// Benchmark Process Environment Information:
// BenchmarkDotNet v0.15.8
// Runtime=.NET 8.0.31 (8.0.31, 8.0.3126.42015), X64 RyuJIT x86-64-v4
// GC=Concurrent Workstation
// HardwareIntrinsics=AVX512 IFMA+VBMI,AVX512 F+BW+CD+DQ+VL,AVX2+BMI1+BMI2+F16C+FMA+LZCNT+MOVBE,AVX,SSE3+SSSE3+SSE4.1+SSE4.2+POPCNT,X86Base+SSE+SSE2,AES+PCLMUL,AvxVnni,SERIALIZE VectorSize=256
// Job: campaign(EvaluateOverhead=False, Clock=Armonik.Ffi.Bdn.CpuClock, IterationCount=6, IterationTime=40ms, LaunchCount=1, RunStrategy=Throughput, WarmupCount=25)

OverheadJitting  1: 1 op, 272523.00 ns, 272.5230 us/op
WorkloadJitting  1: 1 op, 21193812.00 ns, 21.1938 ms/op

WorkloadPilot    1: 4 op, 26700555.00 ns, 6.6751 ms/op
WorkloadPilot    2: 6 op, 37126428.00 ns, 6.1877 ms/op

WorkloadWarmup   1: 6 op, 35084016.00 ns, 5.8473 ms/op
WorkloadWarmup   2: 6 op, 33697241.00 ns, 5.6162 ms/op
WorkloadWarmup   3: 6 op, 31156834.00 ns, 5.1928 ms/op
WorkloadWarmup   4: 6 op, 31230414.00 ns, 5.2051 ms/op
WorkloadWarmup   5: 6 op, 32127039.00 ns, 5.3545 ms/op
WorkloadWarmup   6: 6 op, 13786367.00 ns, 2.2977 ms/op
WorkloadWarmup   7: 6 op, 10526680.00 ns, 1.7544 ms/op
WorkloadWarmup   8: 6 op, 11976345.00 ns, 1.9961 ms/op
WorkloadWarmup   9: 6 op, 10721062.00 ns, 1.7868 ms/op
WorkloadWarmup  10: 6 op, 10566987.00 ns, 1.7612 ms/op
WorkloadWarmup  11: 6 op, 16070673.00 ns, 2.6784 ms/op
WorkloadWarmup  12: 6 op, 10719100.00 ns, 1.7865 ms/op
WorkloadWarmup  13: 6 op, 13174170.00 ns, 2.1957 ms/op
WorkloadWarmup  14: 6 op, 10962319.00 ns, 1.8271 ms/op
WorkloadWarmup  15: 6 op, 11301245.00 ns, 1.8835 ms/op
WorkloadWarmup  16: 6 op, 11493657.00 ns, 1.9156 ms/op
WorkloadWarmup  17: 6 op, 10321883.00 ns, 1.7203 ms/op
WorkloadWarmup  18: 6 op, 11973834.00 ns, 1.9956 ms/op
WorkloadWarmup  19: 6 op, 10519471.00 ns, 1.7532 ms/op
WorkloadWarmup  20: 6 op, 10507287.00 ns, 1.7512 ms/op
WorkloadWarmup  21: 6 op, 19145409.00 ns, 3.1909 ms/op
WorkloadWarmup  22: 6 op, 10117187.00 ns, 1.6862 ms/op
WorkloadWarmup  23: 6 op, 17525740.00 ns, 2.9210 ms/op
WorkloadWarmup  24: 6 op, 10138876.00 ns, 1.6898 ms/op
WorkloadWarmup  25: 6 op, 10146038.00 ns, 1.6910 ms/op

// BeforeActualRun
WorkloadActual   1: 6 op, 10084818.00 ns, 1.6808 ms/op
WorkloadActual   2: 6 op, 11462321.00 ns, 1.9104 ms/op
WorkloadActual   3: 6 op, 17234861.00 ns, 2.8725 ms/op
WorkloadActual   4: 6 op, 10057009.00 ns, 1.6762 ms/op
WorkloadActual   5: 6 op, 10890963.00 ns, 1.8152 ms/op
WorkloadActual   6: 6 op, 9840994.00 ns, 1.6402 ms/op

// AfterActualRun
WorkloadResult   1: 6 op, 10084818.00 ns, 1.6808 ms/op
WorkloadResult   2: 6 op, 11462321.00 ns, 1.9104 ms/op
WorkloadResult   3: 6 op, 10057009.00 ns, 1.6762 ms/op
WorkloadResult   4: 6 op, 10890963.00 ns, 1.8152 ms/op
WorkloadResult   5: 6 op, 9840994.00 ns, 1.6402 ms/op
// GC:  0 0 0 0 6
// Threading:  0 0 6

// AfterAll
// Benchmark Process 12103 has exited with code 0.

Mean = 1.745 ms, StdErr = 0.051 ms (2.93%), N = 5, StdDev = 0.114 ms
Min = 1.640 ms, Q1 = 1.676 ms, Median = 1.681 ms, Q3 = 1.815 ms, Max = 1.910 ms
IQR = 0.139 ms, LowerFence = 1.468 ms, UpperFence = 2.024 ms
ConfidenceInterval = [1.305 ms; 2.184 ms] (CI 99.9%), Margin = 0.440 ms (25.20% of Mean)
Skewness = 0.43, Kurtosis = 1.11, MValue = 2

// ** Remained 2 (16.7 %) benchmark(s) to run. Estimated finish 2026-10-10 8:08 (0h 0m from now) **
// **************************
// Benchmark: CodecSuite.Run: campaign(EvaluateOverhead=False, Clock=Armonik.Ffi.Bdn.CpuClock, IterationCount=6, IterationTime=40ms, LaunchCount=1, RunStrategy=Throughput, WarmupCount=25) [Case=core-(...)|drop [41]]
// *** Execute ***
// Launch: 1 / 1
// Execute: dotnet BenchDotNet-campaign-1.dll --anonymousPipes 138 139 --benchmarkName "Armonik.Ffi.Bdn.CodecSuite.Run(Case: \"core-ffi|encode-core-hot|P2.2|latin1|drop\")" --job campaign --benchmarkId 10 in /home/user/ArmoniK.Api/ffi/poc/csharp/src/BenchDotNet/bin/Release/net8.0/BenchDotNet-campaign-1/bin/Release/net8.0
// BeforeAnythingElse

// Benchmark Process Environment Information:
// BenchmarkDotNet v0.15.8
// Runtime=.NET 8.0.31 (8.0.31, 8.0.3126.42015), X64 RyuJIT x86-64-v4
// GC=Concurrent Workstation
// HardwareIntrinsics=AVX512 IFMA+VBMI,AVX512 F+BW+CD+DQ+VL,AVX2+BMI1+BMI2+F16C+FMA+LZCNT+MOVBE,AVX,SSE3+SSSE3+SSE4.1+SSE4.2+POPCNT,X86Base+SSE+SSE2,AES+PCLMUL,AvxVnni,SERIALIZE VectorSize=256
// Job: campaign(EvaluateOverhead=False, Clock=Armonik.Ffi.Bdn.CpuClock, IterationCount=6, IterationTime=40ms, LaunchCount=1, RunStrategy=Throughput, WarmupCount=25)

OverheadJitting  1: 1 op, 264742.00 ns, 264.7420 us/op
WorkloadJitting  1: 1 op, 17749085.00 ns, 17.7491 ms/op

WorkloadPilot    1: 4 op, 25571743.00 ns, 6.3929 ms/op
WorkloadPilot    2: 6 op, 30891426.00 ns, 5.1486 ms/op
WorkloadPilot    3: 8 op, 32102357.00 ns, 4.0128 ms/op
WorkloadPilot    4: 10 op, 47961872.00 ns, 4.7962 ms/op
WorkloadPilot    5: 8 op, 10756816.00 ns, 1.3446 ms/op
WorkloadPilot    6: 30 op, 59698543.00 ns, 1.9900 ms/op
WorkloadPilot    7: 20 op, 29632875.00 ns, 1.4816 ms/op
WorkloadPilot    8: 27 op, 40583041.00 ns, 1.5031 ms/op

WorkloadWarmup   1: 27 op, 32963580.00 ns, 1.2209 ms/op
WorkloadWarmup   2: 27 op, 33047129.00 ns, 1.2240 ms/op
WorkloadWarmup   3: 27 op, 33419038.00 ns, 1.2377 ms/op
WorkloadWarmup   4: 27 op, 32881039.00 ns, 1.2178 ms/op
WorkloadWarmup   5: 27 op, 37754805.00 ns, 1.3983 ms/op
WorkloadWarmup   6: 27 op, 46923533.00 ns, 1.7379 ms/op
WorkloadWarmup   7: 27 op, 35746780.00 ns, 1.3240 ms/op
WorkloadWarmup   8: 27 op, 34817679.00 ns, 1.2895 ms/op
WorkloadWarmup   9: 27 op, 35026982.00 ns, 1.2973 ms/op
WorkloadWarmup  10: 27 op, 35543771.00 ns, 1.3164 ms/op
WorkloadWarmup  11: 27 op, 38689635.00 ns, 1.4329 ms/op
WorkloadWarmup  12: 27 op, 38809843.00 ns, 1.4374 ms/op
WorkloadWarmup  13: 27 op, 38181842.00 ns, 1.4141 ms/op
WorkloadWarmup  14: 27 op, 38598851.00 ns, 1.4296 ms/op
WorkloadWarmup  15: 27 op, 41331195.00 ns, 1.5308 ms/op
WorkloadWarmup  16: 27 op, 36509435.00 ns, 1.3522 ms/op
WorkloadWarmup  17: 27 op, 38748318.00 ns, 1.4351 ms/op
WorkloadWarmup  18: 27 op, 39914908.00 ns, 1.4783 ms/op
WorkloadWarmup  19: 27 op, 34178374.00 ns, 1.2659 ms/op
WorkloadWarmup  20: 27 op, 35806636.00 ns, 1.3262 ms/op
WorkloadWarmup  21: 27 op, 32924928.00 ns, 1.2194 ms/op
WorkloadWarmup  22: 27 op, 40046211.00 ns, 1.4832 ms/op
WorkloadWarmup  23: 27 op, 32736587.00 ns, 1.2125 ms/op
WorkloadWarmup  24: 27 op, 34044732.00 ns, 1.2609 ms/op
WorkloadWarmup  25: 27 op, 36155103.00 ns, 1.3391 ms/op

// BeforeActualRun
WorkloadActual   1: 27 op, 35262184.00 ns, 1.3060 ms/op
WorkloadActual   2: 27 op, 37388826.00 ns, 1.3848 ms/op
WorkloadActual   3: 27 op, 37481322.00 ns, 1.3882 ms/op
WorkloadActual   4: 27 op, 39497820.00 ns, 1.4629 ms/op
WorkloadActual   5: 27 op, 43103079.00 ns, 1.5964 ms/op
WorkloadActual   6: 27 op, 45977485.00 ns, 1.7029 ms/op

// AfterActualRun
WorkloadResult   1: 27 op, 35262184.00 ns, 1.3060 ms/op
WorkloadResult   2: 27 op, 37388826.00 ns, 1.3848 ms/op
WorkloadResult   3: 27 op, 37481322.00 ns, 1.3882 ms/op
WorkloadResult   4: 27 op, 39497820.00 ns, 1.4629 ms/op
WorkloadResult   5: 27 op, 43103079.00 ns, 1.5964 ms/op
WorkloadResult   6: 27 op, 45977485.00 ns, 1.7029 ms/op
// GC:  0 0 0 0 27
// Threading:  0 0 27

// AfterAll
// Benchmark Process 12112 has exited with code 0.

Mean = 1.474 ms, StdErr = 0.061 ms (4.13%), N = 6, StdDev = 0.149 ms
Min = 1.306 ms, Q1 = 1.386 ms, Median = 1.426 ms, Q3 = 1.563 ms, Max = 1.703 ms
IQR = 0.177 ms, LowerFence = 1.120 ms, UpperFence = 1.829 ms
ConfidenceInterval = [1.056 ms; 1.891 ms] (CI 99.9%), Margin = 0.418 ms (28.36% of Mean)
Skewness = 0.4, Kurtosis = 1.32, MValue = 2

// ** Remained 1 (8.3 %) benchmark(s) to run. Estimated finish 2026-10-10 8:08 (0h 0m from now) **
// **************************
// Benchmark: CodecSuite.Run: campaign(EvaluateOverhead=False, Clock=Armonik.Ffi.Bdn.CpuClock, IterationCount=6, IterationTime=40ms, LaunchCount=1, RunStrategy=Throughput, WarmupCount=25) [Case=core-(...)etain [56]]
// *** Execute ***
// Launch: 1 / 1
// Execute: dotnet BenchDotNet-campaign-1.dll --anonymousPipes 138 139 --benchmarkName "Armonik.Ffi.Bdn.CodecSuite.Run(Case: \"core-ffi|encode-core-hot|U-deep-u-repeated|corpus|retain\")" --job campaign --benchmarkId 11 in /home/user/ArmoniK.Api/ffi/poc/csharp/src/BenchDotNet/bin/Release/net8.0/BenchDotNet-campaign-1/bin/Release/net8.0
// BeforeAnythingElse

// Benchmark Process Environment Information:
// BenchmarkDotNet v0.15.8
// Runtime=.NET 8.0.31 (8.0.31, 8.0.3126.42015), X64 RyuJIT x86-64-v4
// GC=Concurrent Workstation
// HardwareIntrinsics=AVX512 IFMA+VBMI,AVX512 F+BW+CD+DQ+VL,AVX2+BMI1+BMI2+F16C+FMA+LZCNT+MOVBE,AVX,SSE3+SSSE3+SSE4.1+SSE4.2+POPCNT,X86Base+SSE+SSE2,AES+PCLMUL,AvxVnni,SERIALIZE VectorSize=256
// Job: campaign(EvaluateOverhead=False, Clock=Armonik.Ffi.Bdn.CpuClock, IterationCount=6, IterationTime=40ms, LaunchCount=1, RunStrategy=Throughput, WarmupCount=25)

OverheadJitting  1: 1 op, 302665.00 ns, 302.6650 us/op
WorkloadJitting  1: 1 op, 14060334.00 ns, 14.0603 ms/op

WorkloadPilot    1: 4 op, 51259.00 ns, 12.8148 us/op
WorkloadPilot    2: 3121 op, 27490961.00 ns, 8.8084 us/op
WorkloadPilot    3: 4541 op, 43074086.00 ns, 9.4856 us/op
WorkloadPilot    4: 4217 op, 35779539.00 ns, 8.4846 us/op
WorkloadPilot    5: 4714 op, 42357111.00 ns, 8.9854 us/op
WorkloadPilot    6: 4452 op, 20459284.00 ns, 4.5955 us/op
WorkloadPilot    7: 8704 op, 22869570.00 ns, 2.6275 us/op
WorkloadPilot    8: 15224 op, 38965159.00 ns, 2.5595 us/op
WorkloadPilot    9: 15628 op, 42027218.00 ns, 2.6892 us/op

WorkloadWarmup   1: 15628 op, 51243264.00 ns, 3.2789 us/op
WorkloadWarmup   2: 15628 op, 40715148.00 ns, 2.6053 us/op
WorkloadWarmup   3: 15628 op, 41749375.00 ns, 2.6714 us/op
WorkloadWarmup   4: 15628 op, 40691005.00 ns, 2.6037 us/op
WorkloadWarmup   5: 15628 op, 41581541.00 ns, 2.6607 us/op
WorkloadWarmup   6: 15628 op, 41300849.00 ns, 2.6427 us/op
WorkloadWarmup   7: 15628 op, 42258801.00 ns, 2.7040 us/op
WorkloadWarmup   8: 15628 op, 40445581.00 ns, 2.5880 us/op
WorkloadWarmup   9: 15628 op, 42530300.00 ns, 2.7214 us/op
WorkloadWarmup  10: 15628 op, 55191011.00 ns, 3.5315 us/op
WorkloadWarmup  11: 15628 op, 60970115.00 ns, 3.9013 us/op
WorkloadWarmup  12: 15628 op, 39960293.00 ns, 2.5570 us/op
WorkloadWarmup  13: 15628 op, 39889047.00 ns, 2.5524 us/op
WorkloadWarmup  14: 15628 op, 41568896.00 ns, 2.6599 us/op
WorkloadWarmup  15: 15628 op, 50464516.00 ns, 3.2291 us/op
WorkloadWarmup  16: 15628 op, 40466227.00 ns, 2.5893 us/op
WorkloadWarmup  17: 15628 op, 40826090.00 ns, 2.6124 us/op
WorkloadWarmup  18: 15628 op, 42030371.00 ns, 2.6894 us/op
WorkloadWarmup  19: 15628 op, 43185877.00 ns, 2.7634 us/op
WorkloadWarmup  20: 15628 op, 44482642.00 ns, 2.8463 us/op
WorkloadWarmup  21: 15628 op, 40588560.00 ns, 2.5972 us/op
WorkloadWarmup  22: 15628 op, 39679216.00 ns, 2.5390 us/op
WorkloadWarmup  23: 15628 op, 42411796.00 ns, 2.7138 us/op
WorkloadWarmup  24: 15628 op, 41655875.00 ns, 2.6655 us/op
WorkloadWarmup  25: 15628 op, 40579819.00 ns, 2.5966 us/op

// BeforeActualRun
WorkloadActual   1: 15628 op, 43494423.00 ns, 2.7831 us/op
WorkloadActual   2: 15628 op, 41237620.00 ns, 2.6387 us/op
WorkloadActual   3: 15628 op, 40483528.00 ns, 2.5904 us/op
WorkloadActual   4: 15628 op, 42053304.00 ns, 2.6909 us/op
WorkloadActual   5: 15628 op, 50651032.00 ns, 3.2410 us/op
WorkloadActual   6: 15628 op, 41535843.00 ns, 2.6578 us/op

// AfterActualRun
WorkloadResult   1: 15628 op, 43494423.00 ns, 2.7831 us/op
WorkloadResult   2: 15628 op, 41237620.00 ns, 2.6387 us/op
WorkloadResult   3: 15628 op, 40483528.00 ns, 2.5904 us/op
WorkloadResult   4: 15628 op, 42053304.00 ns, 2.6909 us/op
WorkloadResult   5: 15628 op, 41535843.00 ns, 2.6578 us/op
// GC:  0 0 0 0 15628
// Threading:  0 0 15628

// AfterAll
// Benchmark Process 12121 has exited with code 0.

Mean = 2.672 us, StdErr = 0.032 us (1.20%), N = 5, StdDev = 0.072 us
Min = 2.590 us, Q1 = 2.639 us, Median = 2.658 us, Q3 = 2.691 us, Max = 2.783 us
IQR = 0.052 us, LowerFence = 2.560 us, UpperFence = 2.769 us
ConfidenceInterval = [2.395 us; 2.949 us] (CI 99.9%), Margin = 0.277 us (10.36% of Mean)
Skewness = 0.42, Kurtosis = 1.48, MValue = 2

// ** Remained 0 (0.0 %) benchmark(s) to run. Estimated finish 2026-10-10 8:08 (0h 0m from now) **
Run time: 00:00:19 (19.75 sec), executed benchmarks: 12

// ***** BenchmarkRunner: Finish  *****

// * Export *
  home/user/ArmoniK.Api/ffi/logs/csharp/opt/s14/grid/r3g-dflt-full-r1.jsonl

// * Detailed results *
CodecSuite.Run: campaign(EvaluateOverhead=False, Clock=Armonik.Ffi.Bdn.CpuClock, IterationCount=6, IterationTime=40ms, LaunchCount=1, RunStrategy=Throughput, WarmupCount=25) [Case=core-(...)etain [42]]
Runtime = .NET 8.0.31 (8.0.31, 8.0.3126.42015), X64 RyuJIT x86-64-v4; GC = Concurrent Workstation
Mean = 1.570 ms, StdErr = 0.172 ms (10.95%), N = 6, StdDev = 0.421 ms
Min = 1.196 ms, Q1 = 1.219 ms, Median = 1.455 ms, Q3 = 1.847 ms, Max = 2.194 ms
IQR = 0.628 ms, LowerFence = 0.277 ms, UpperFence = 2.788 ms
ConfidenceInterval = [0.389 ms; 2.750 ms] (CI 99.9%), Margin = 1.181 ms (75.23% of Mean)
Skewness = 0.33, Kurtosis = 1.12, MValue = 2
-------------------- Histogram --------------------
[1.126 ms ; 1.734 ms) | @@@@
[1.734 ms ; 2.355 ms) | @@
---------------------------------------------------

CodecSuite.Run: campaign(EvaluateOverhead=False, Clock=Armonik.Ffi.Bdn.CpuClock, IterationCount=6, IterationTime=40ms, LaunchCount=1, RunStrategy=Throughput, WarmupCount=25) [Case=core-(...)|drop [40]]
Runtime = .NET 8.0.31 (8.0.31, 8.0.3126.42015), X64 RyuJIT x86-64-v4; GC = Concurrent Workstation
Mean = 1.329 ms, StdErr = 0.063 ms (4.75%), N = 6, StdDev = 0.155 ms
Min = 1.177 ms, Q1 = 1.198 ms, Median = 1.316 ms, Q3 = 1.434 ms, Max = 1.531 ms
IQR = 0.237 ms, LowerFence = 0.842 ms, UpperFence = 1.790 ms
ConfidenceInterval = [0.895 ms; 1.762 ms] (CI 99.9%), Margin = 0.433 ms (32.61% of Mean)
Skewness = 0.12, Kurtosis = 0.88, MValue = 2
-------------------- Histogram --------------------
[1.065 ms ; 1.301 ms) | @@@
[1.301 ms ; 1.592 ms) | @@@
---------------------------------------------------

CodecSuite.Run: campaign(EvaluateOverhead=False, Clock=Armonik.Ffi.Bdn.CpuClock, IterationCount=6, IterationTime=40ms, LaunchCount=1, RunStrategy=Throughput, WarmupCount=25) [Case=core-(...)|drop [40]]
Runtime = .NET 8.0.31 (8.0.31, 8.0.3126.42015), X64 RyuJIT x86-64-v4; GC = Concurrent Workstation
Mean = 1.295 ms, StdErr = 0.021 ms (1.62%), N = 6, StdDev = 0.051 ms
Min = 1.249 ms, Q1 = 1.254 ms, Median = 1.277 ms, Q3 = 1.336 ms, Max = 1.366 ms
IQR = 0.082 ms, LowerFence = 1.130 ms, UpperFence = 1.459 ms
ConfidenceInterval = [1.151 ms; 1.439 ms] (CI 99.9%), Margin = 0.144 ms (11.12% of Mean)
Skewness = 0.37, Kurtosis = 1.04, MValue = 2
-------------------- Histogram --------------------
[1.234 ms ; 1.321 ms) | @@@@
[1.321 ms ; 1.403 ms) | @@
---------------------------------------------------

CodecSuite.Run: campaign(EvaluateOverhead=False, Clock=Armonik.Ffi.Bdn.CpuClock, IterationCount=6, IterationTime=40ms, LaunchCount=1, RunStrategy=Throughput, WarmupCount=25) [Case=core-(...)etain [42]]
Runtime = .NET 8.0.31 (8.0.31, 8.0.3126.42015), X64 RyuJIT x86-64-v4; GC = Concurrent Workstation
Mean = 1.230 ms, StdErr = 0.016 ms (1.32%), N = 6, StdDev = 0.040 ms
Min = 1.192 ms, Q1 = 1.202 ms, Median = 1.214 ms, Q3 = 1.258 ms, Max = 1.287 ms
IQR = 0.056 ms, LowerFence = 1.117 ms, UpperFence = 1.343 ms
ConfidenceInterval = [1.119 ms; 1.341 ms] (CI 99.9%), Margin = 0.111 ms (9.03% of Mean)
Skewness = 0.44, Kurtosis = 1.14, MValue = 2
-------------------- Histogram --------------------
[1.179 ms ; 1.250 ms) | @@@@
[1.250 ms ; 1.316 ms) | @@
---------------------------------------------------

CodecSuite.Run: campaign(EvaluateOverhead=False, Clock=Armonik.Ffi.Bdn.CpuClock, IterationCount=6, IterationTime=40ms, LaunchCount=1, RunStrategy=Throughput, WarmupCount=25) [Case=core-(...)|drop [39]]
Runtime = .NET 8.0.31 (8.0.31, 8.0.3126.42015), X64 RyuJIT x86-64-v4; GC = Concurrent Workstation
Mean = 1.362 ms, StdErr = 0.017 ms (1.23%), N = 6, StdDev = 0.041 ms
Min = 1.318 ms, Q1 = 1.328 ms, Median = 1.360 ms, Q3 = 1.386 ms, Max = 1.423 ms
IQR = 0.058 ms, LowerFence = 1.242 ms, UpperFence = 1.473 ms
ConfidenceInterval = [1.247 ms; 1.477 ms] (CI 99.9%), Margin = 0.115 ms (8.45% of Mean)
Skewness = 0.22, Kurtosis = 1.24, MValue = 2
-------------------- Histogram --------------------
[1.315 ms ; 1.374 ms) | @@@@
[1.374 ms ; 1.437 ms) | @@
---------------------------------------------------

CodecSuite.Run: campaign(EvaluateOverhead=False, Clock=Armonik.Ffi.Bdn.CpuClock, IterationCount=6, IterationTime=40ms, LaunchCount=1, RunStrategy=Throughput, WarmupCount=25) [Case=core-(...)etain [43]]
Runtime = .NET 8.0.31 (8.0.31, 8.0.3126.42015), X64 RyuJIT x86-64-v4; GC = Concurrent Workstation
Mean = 1.391 ms, StdErr = 0.042 ms (3.04%), N = 6, StdDev = 0.104 ms
Min = 1.262 ms, Q1 = 1.325 ms, Median = 1.401 ms, Q3 = 1.419 ms, Max = 1.557 ms
IQR = 0.094 ms, LowerFence = 1.183 ms, UpperFence = 1.560 ms
ConfidenceInterval = [1.100 ms; 1.682 ms] (CI 99.9%), Margin = 0.291 ms (20.90% of Mean)
Skewness = 0.26, Kurtosis = 1.6, MValue = 2
-------------------- Histogram --------------------
[1.187 ms ; 1.287 ms) | @
[1.287 ms ; 1.482 ms) | @@@@
[1.482 ms ; 1.632 ms) | @
---------------------------------------------------

CodecSuite.Run: campaign(EvaluateOverhead=False, Clock=Armonik.Ffi.Bdn.CpuClock, IterationCount=6, IterationTime=40ms, LaunchCount=1, RunStrategy=Throughput, WarmupCount=25) [Case=core-(...)etain [42]]
Runtime = .NET 8.0.31 (8.0.31, 8.0.3126.42015), X64 RyuJIT x86-64-v4; GC = Concurrent Workstation
Mean = 1.817 ms, StdErr = 0.085 ms (4.66%), N = 6, StdDev = 0.208 ms
Min = 1.661 ms, Q1 = 1.670 ms, Median = 1.710 ms, Q3 = 1.939 ms, Max = 2.146 ms
IQR = 0.270 ms, LowerFence = 1.265 ms, UpperFence = 2.344 ms
ConfidenceInterval = [1.235 ms; 2.398 ms] (CI 99.9%), Margin = 0.582 ms (32.03% of Mean)
Skewness = 0.6, Kurtosis = 1.31, MValue = 2
-------------------- Histogram --------------------
[1.554 ms ; 1.925 ms) | @@@@
[1.925 ms ; 2.225 ms) | @@
---------------------------------------------------

CodecSuite.Run: campaign(EvaluateOverhead=False, Clock=Armonik.Ffi.Bdn.CpuClock, IterationCount=6, IterationTime=40ms, LaunchCount=1, RunStrategy=Throughput, WarmupCount=25) [Case=core-(...)etain [41]]
Runtime = .NET 8.0.31 (8.0.31, 8.0.3126.42015), X64 RyuJIT x86-64-v4; GC = Concurrent Workstation
Mean = 1.356 ms, StdErr = 0.010 ms (0.71%), N = 5, StdDev = 0.021 ms
Min = 1.338 ms, Q1 = 1.339 ms, Median = 1.346 ms, Q3 = 1.368 ms, Max = 1.387 ms
IQR = 0.030 ms, LowerFence = 1.294 ms, UpperFence = 1.413 ms
ConfidenceInterval = [1.273 ms; 1.438 ms] (CI 99.9%), Margin = 0.082 ms (6.08% of Mean)
Skewness = 0.44, Kurtosis = 1.12, MValue = 2
-------------------- Histogram --------------------
[1.337 ms ; 1.370 ms) | @@@@
[1.370 ms ; 1.403 ms) | @
---------------------------------------------------

CodecSuite.Run: campaign(EvaluateOverhead=False, Clock=Armonik.Ffi.Bdn.CpuClock, IterationCount=6, IterationTime=40ms, LaunchCount=1, RunStrategy=Throughput, WarmupCount=25) [Case=core-(...)|drop [41]]
Runtime = .NET 8.0.31 (8.0.31, 8.0.3126.42015), X64 RyuJIT x86-64-v4; GC = Concurrent Workstation
Mean = 1.474 ms, StdErr = 0.061 ms (4.13%), N = 6, StdDev = 0.149 ms
Min = 1.306 ms, Q1 = 1.386 ms, Median = 1.426 ms, Q3 = 1.563 ms, Max = 1.703 ms
IQR = 0.177 ms, LowerFence = 1.120 ms, UpperFence = 1.829 ms
ConfidenceInterval = [1.056 ms; 1.891 ms] (CI 99.9%), Margin = 0.418 ms (28.36% of Mean)
Skewness = 0.4, Kurtosis = 1.32, MValue = 2
-------------------- Histogram --------------------
[1.277 ms ; 1.492 ms) | @@@@
[1.492 ms ; 1.757 ms) | @@
---------------------------------------------------

CodecSuite.Run: campaign(EvaluateOverhead=False, Clock=Armonik.Ffi.Bdn.CpuClock, IterationCount=6, IterationTime=40ms, LaunchCount=1, RunStrategy=Throughput, WarmupCount=25) [Case=core-(...)|drop [54]]
Runtime = .NET 8.0.31 (8.0.31, 8.0.3126.42015), X64 RyuJIT x86-64-v4; GC = Concurrent Workstation
Mean = 2.577 us, StdErr = 0.156 us (6.05%), N = 6, StdDev = 0.382 us
Min = 2.205 us, Q1 = 2.238 us, Median = 2.542 us, Q3 = 2.852 us, Max = 3.077 us
IQR = 0.614 us, LowerFence = 1.317 us, UpperFence = 3.773 us
ConfidenceInterval = [1.506 us; 3.647 us] (CI 99.9%), Margin = 1.070 us (41.53% of Mean)
Skewness = 0.13, Kurtosis = 0.9, MValue = 2
-------------------- Histogram --------------------
[1.929 us ; 2.526 us) | @@@
[2.526 us ; 3.208 us) | @@@
---------------------------------------------------

CodecSuite.Run: campaign(EvaluateOverhead=False, Clock=Armonik.Ffi.Bdn.CpuClock, IterationCount=6, IterationTime=40ms, LaunchCount=1, RunStrategy=Throughput, WarmupCount=25) [Case=core-(...)|drop [40]]
Runtime = .NET 8.0.31 (8.0.31, 8.0.3126.42015), X64 RyuJIT x86-64-v4; GC = Concurrent Workstation
Mean = 1.745 ms, StdErr = 0.051 ms (2.93%), N = 5, StdDev = 0.114 ms
Min = 1.640 ms, Q1 = 1.676 ms, Median = 1.681 ms, Q3 = 1.815 ms, Max = 1.910 ms
IQR = 0.139 ms, LowerFence = 1.468 ms, UpperFence = 2.024 ms
ConfidenceInterval = [1.305 ms; 2.184 ms] (CI 99.9%), Margin = 0.440 ms (25.20% of Mean)
Skewness = 0.43, Kurtosis = 1.11, MValue = 2
-------------------- Histogram --------------------
[1.640 ms ; 1.815 ms) | @@@@
[1.815 ms ; 1.998 ms) | @
---------------------------------------------------

CodecSuite.Run: campaign(EvaluateOverhead=False, Clock=Armonik.Ffi.Bdn.CpuClock, IterationCount=6, IterationTime=40ms, LaunchCount=1, RunStrategy=Throughput, WarmupCount=25) [Case=core-(...)etain [56]]
Runtime = .NET 8.0.31 (8.0.31, 8.0.3126.42015), X64 RyuJIT x86-64-v4; GC = Concurrent Workstation
Mean = 2.672 us, StdErr = 0.032 us (1.20%), N = 5, StdDev = 0.072 us
Min = 2.590 us, Q1 = 2.639 us, Median = 2.658 us, Q3 = 2.691 us, Max = 2.783 us
IQR = 0.052 us, LowerFence = 2.560 us, UpperFence = 2.769 us
ConfidenceInterval = [2.395 us; 2.949 us] (CI 99.9%), Margin = 0.277 us (10.36% of Mean)
Skewness = 0.42, Kurtosis = 1.48, MValue = 2
-------------------- Histogram --------------------
[2.586 us ; 2.728 us) | @@@@
[2.728 us ; 2.838 us) | @
---------------------------------------------------

// * Summary *

BenchmarkDotNet v0.15.8, Linux Ubuntu 24.04.4 LTS (Noble Numbat)
Intel Xeon Processor 2.10GHz, 1 CPU, 4 logical and 4 physical cores
.NET SDK 8.0.131
  [Host]   : .NET 8.0.31 (8.0.31, 8.0.3126.42015), X64 RyuJIT x86-64-v4
  campaign : .NET 8.0.31 (8.0.31, 8.0.3126.42015), X64 RyuJIT x86-64-v4

Job=campaign  EvaluateOverhead=False  Clock=Armonik.Ffi.Bdn.CpuClock  
IterationCount=6  IterationTime=40ms  LaunchCount=1  
RunStrategy=Throughput  WarmupCount=25  

| Method | Case                 | Mean         | Error         | StdDev      | Allocated |
|------- |--------------------- |-------------:|--------------:|------------:|----------:|
| Run    | core-(...)etain [42] | 1,569.649 us | 1,180.7838 us | 421.0789 us |         - |
| Run    | core-(...)|drop [40] | 1,328.766 us |   433.3631 us | 154.5415 us |         - |
| Run    | core-(...)|drop [40] | 1,295.030 us |   144.0210 us |  51.3593 us |         - |
| Run    | core-(...)etain [42] | 1,229.627 us |   111.0878 us |  39.6150 us |         - |
| Run    | core-(...)|drop [39] | 1,362.227 us |   115.1320 us |  41.0572 us |      34 B |
| Run    | core-(...)etain [43] | 1,390.862 us |   290.6417 us | 103.6456 us |         - |
| Run    | core-(...)etain [42] | 1,816.617 us |   581.8778 us | 207.5032 us |         - |
| Run    | core-(...)etain [41] | 1,355.541 us |    82.3573 us |  21.3879 us |         - |
| Run    | core-(...)|drop [41] | 1,473.523 us |   417.8775 us | 149.0191 us |         - |
| Run    | core-(...)|drop [54] |     2.577 us |     1.0702 us |   0.3816 us |         - |
| Run    | core-(...)|drop [40] | 1,744.537 us |   439.5622 us | 114.1529 us |         - |
| Run    | core-(...)etain [56] |     2.672 us |     0.2768 us |   0.0719 us |         - |

// * Legends *
  Case      : Value of the 'Case' parameter
  Mean      : Arithmetic mean of all measurements
  Error     : Half of 99.9% confidence interval
  StdDev    : Standard deviation of all measurements
  Allocated : Allocated memory per single operation (managed only, inclusive, 1KB = 1024B)
  1 us      : 1 Microsecond (0.000001 sec)

// * Diagnostic Output - AkProcessCpu *

// * Diagnostic Output - MemoryDiagnoser *


// ***** BenchmarkRunner: End *****
Global total time: 00:00:42 (42.28 sec), executed benchmarks: 12
// * Artifacts cleanup *
Artifacts cleanup is finished
