# campaign suite rpc: raw samples, one JSON object per line; nothing summarised here
# runtime:        .NET 8.0.31
# incumbent:      Google.Protobuf 3.32.0; Grpc.Net.Client 2.71.0
# server:         the Rust slice's tonic rpc_server, the campaign's one server for every slice (FIX-PLAN WP10, CAMPAIGN req 13 as amended; poc/rust/SERVER.md): service armonik.ffi.campaign.v1.Grid, P2.2 pre-serialised with prost, requests decoded with prost, receive limit 8 MiB; shipped socket = tonic's server defaults, pinned socket = 4 MiB stream and connection windows, adaptive off; its configuration and worker count are in its own log (rpc-server.log)
# JIT:            TieredCompilation default(on), TieredPGO default(on), ReadyToRun default(on) (net8.0 defaults unless set)
# GC:             server=False, concurrent=default(on), latency=Interactive
# managed codec:  plan utf8=reject unknown=drop limit=100
# process CPUs:   affinity mask 0x3 (2 logical CPUs visible)
# build full; launch 1; unit A,Cf-retain (one process per cell, WP9); transport armonik (the client's configuration: Grpc.Net ArmoniK's channel (packages/csharp GrpcChannelFactory.CreateChannel, package defaults; see '# armonik'); server: its TCP listener, the pinned server configuration (4 MiB windows, adaptive off, TCP_NODELAY on accept); core: ak_client_opts stream 0 connection 0 adaptive 0 nagle 0); endpoint tcp:127.0.0.1:37647; in flight 1/8 (c and d at 1 and 8 only)
# engine:         BenchmarkDotNet 0.15.8.0 (CAMPAIGN req 22a as amended 2026-09-27, WP9), toolchain BDN's default, ONE CHILD PROCESS PER CASE (the campaign's native isolation, req 22a as amended e6c909630), pinned by the runner, StopOnFirstError; one invocation = one batch of k calls in flight (OperationsPerInvoke = k; `iters` = calls, `invocations` = batches); the benchmark classes RpcK1, RpcK8, RpcK16 hold the k = 1, 8, 16 cases
# job:            6 actual iterations (rounds) per case, 10 warm-up iterations (the same for every case) after BDN's jitting stage and pilot, iteration time 100 ms (the pilot picks the invocation count, unroll factor 1), strategy Throughput, EvaluateOverhead=false
# clocks:         per iteration, read by the job's clock (CpuClock) at the same iteration boundaries: wall (Stopwatch); cpu_ns = perf task-clock of the WHOLE client process (req 21 as amended 2026-10-01: a counter per thread this process opens itself with perf_event_open, PERF_COUNT_SW_TASK_CLOCK, new threads picked up at the next read; softirq-inclusive while the process runs); proc_cpu_ns = CLOCK_PROCESS_CPUTIME_ID beside it (misses softirq time with IRQ_TIME_ACCOUNTING); per case, client_softirq_ticks / client_irq_ticks = /proc/stat on the CLIENT CPUs (0,1) across the actual stage, USER_HZ ticks; the server is another process
# network:        TCP 127.0.0.1:37647 (D10; CAMPAIGN 4.0 as amended b58543f7b): transport armonik, the core grid's one configuration (see '# armonik'); Nagle off on every client socket (Grpc.Net: SocketsHttpHandler's default TCP_NODELAY, nothing set by ArmoniK or by this harness; the core: ak_client_opts.tcp_nagle = 0), READ BACK on the live sockets before timing (one without it fails the case) and after each case; the server's TCP listener sets TCP_NODELAY on every accepted socket (SERVER.md; not readable from this process)
# grid:           core (CAMPAIGN section 4.0, D18; AK_CAMPAIGN_GRID=core): cells A, Bf, Cf-retain, Ef-retain, full build, the host's idiomatic delivery; a+read and b (P2.2), c at P5.4, d at 16 MiB, k = 1 and 8; the framed cells' a+read is the reference cell's (B, C-retain, E-retain: a has an empty request, so the send path is the same), run in the framed cell's process under its own name; this process narrowed to directions c,d at k = 1. Extras left out (AK_CAMPAIGN_GRID=full runs them): cells B, C, D, E, F as cells of their own, Cc, the drop mode, the callback and queue deliveries, direction a, k = 16, P5.3, d at 4 MiB, the RPC grid in the no-unknown build, the second transport configuration, h2-batch beyond Cf on c and d, the pinned allocator pass beyond A and Cf on c and d at k = 1
# allocator:      pinned (readback at process start: a 16 MiB malloc came from the heap (mallinfo2; the block kept, never freed); no heap pre-grow (owner, 2026-10-03): BDN's warm-up runs the real call path on every thread, and minflt per row shows whether it sufficed; under the default toolchain each child probes once, on its case's first row as alloc_probe; GLIBC_TUNABLES=glibc.malloc.trim_threshold=268435456:glibc.malloc.mmap_threshold=33554432; CAMPAIGN req 25 as amended 2026-10-03, D9: the main figures run glibc's default allocator as production does; the pinned pass (glibc.malloc.trim_threshold=268435456:glibc.malloc.mmap_threshold=33554432) is a labelled diagnostic; the core's buffers and transport allocate through glibc malloc in this process; every row carries `alloc` and `minflt`, the client process's minor page faults over the iteration, so faults per call = minflt / iters)
# h2:             the loaded core's h2 = stock (D11 as amended: read from the core library; the runner's AK_H2 = stock); every row carries it
# pools:          D8 / D14: AK_WORKERS = 8; the core runtime 8 worker thread(s) (ak_runtime_new, shared by every core channel of the process); the .NET thread pool's worker minimum and maximum set to 8 (ThreadPool.SetMin/MaxThreads); the caller pool is the in-flight level (k dedicated caller threads for the blocking cells, not a worker pool); grpc-core is not used by this slice (Grpc.Net is managed)
# order:          this launch's unit order: Ef-retain, A, Cf-retain, Bf (seed 7907); the cases of this process in a seeded shuffle (seed 112381); ratios, where the aggregation forms them, from per-launch medians (req 30)
# cells:          A incumbent over Grpc.Net; B incumbent over the core's transport (Bf its framed send path); C core-ffi over the core's transport on the MOVE path (ak_call_unary_enc / ak_call_send_enc; Cf framed, Cc the copy path, a labelled extra); D core-ffi over Grpc.Net (a copy into the call's buffer: Grpc.Net's serializer cannot take a core buffer); E host-gen over the core's transport (Ef framed); F host-gen over Grpc.Net; B/C .callback/.queue the core's other deliveries (labelled extras); -retain/-drop/-nounk the unknown-field mode (req 10, 12)
# directions:     a empty request, P2.2 response decoded; a+read the same then every field read; b P2.2 request decoded by the server; c unary upload of P5.3 / P5.4 (M5, 1 MB / 4 MB); d the streamed upload, M5 messages of 2 MiB (ids on the first), 4 MiB / 16 MiB (req 14); every call checked: status, response length or the server's byte count (req 18); the upload cells' count and SHA-256 checked once in setup before timing
# warm-up/thread: CAMPAIGN req 24 as amended 8c02e7c58 (>= 20 calls per calling thread at the cell's payload before the first measured value, same process, same threads): B, C, E (and Bf, Cf, Cc, Ef) call from k dedicated caller threads, created in this process before BDN's first stage and kept to its end (under the default toolchain one case per child process, so the warm-up and the measurement share the process and its threads); one invocation = k calls, one on each caller thread; BDN runs at least 4 invocations per iteration (its minimum invoke count), so the 10 warm-up iteration(s) give every caller thread >= 40 calls at the case's payload, after 1 jitting invocation and >= 4 pilot invocations (checked: d/16 MiB at k = 8, BDN child mode, iteration 100 ms: 1 + 4 + 40 = 45 per thread). A, D, F and the callback/queue extras start k async loops (one call each per invocation) on the .NET thread pool (worker min = max = AK_WORKERS): >= 40 calls per loop, but which pool thread runs a call is not controlled, so the per-thread count is not guaranteed for them
# delivery:       B, C, E the core's BLOCKING call on k caller threads (a CallerPool created before BDN starts); A, D, F Grpc.Net's idiomatic async call (AsyncUnaryCall / AsyncClientStreamingCall awaited), k concurrent async calls per invocation; the core's cells share one core runtime with 8 worker thread(s) (req 16)
# armonik:        cell A's channel = packages/csharp ArmoniK.Api.Client GrpcChannelFactory.CreateChannel(new GrpcClient { Endpoint = "http://127.0.0.1:37647" }), called directly (the assembly built from packages/csharp, unchanged), every other option at its package default: HandlerType Http = HttpClientHandler (SocketsHttpHandler underneath) wrapped in the package's logging DelegatingHandler (logger null), proxy type Undefined (UseProxy true: the system proxy for this endpoint is none (bypassed)); GrpcChannelOptions: Credentials Insecure, DisposeHttpClient true, ServiceConfig retry MaxAttempts 5, InitialBackoff 1 s, MaxBackoff 5 s, BackoffMultiplier 1.5 on Unavailable, Aborted, Unknown (so Grpc.Net buffers requests for retry), MaxReceiveMessageSize and MaxSendMessageSize at Grpc.Net's defaults (receive 4 MiB, send unlimited), EnableMultipleHttp2Connections false (the HttpClientHandler default); ServicePointManager.ReusePort = true and ServicePoint SetTcpKeepAlive(true, 30 s, 30 s), MaxIdleTime 5 min, read back on the live sockets per case (so_keepalive_after, so_reuseport_after on each case's first row: 0 = the ServicePoint settings did not reach SocketsHttpHandler's socket); process-wide switches observed: Http2FlowControl.DisableDynamicWindowSizing not set (the worker channel provider's, not set on the control plane's path), Http2UnencryptedSupport not set (the factory sets it only for https with AllowUnsafeConnection); Nagle: SocketsHttpHandler's own default sets TCP_NODELAY, read back before timing and after each case (tcp_nodelay_after), the HTTP/2 connections per cell after each case's run on its first row (tcp_sockets_after); the core cells: the core's client configuration of `shipped` (windows at the stack's defaults, adaptive off, tcp_nagle 0)
# limits:         the client's max send and receive 64 MiB on both transports (D44, enforced); the server's receive limit 8 MiB per message (SERVER.md)
# channels:       each benchmark process builds only the cell of its case, from the case key, with its own channel(s) (one per cell and direction group, opened in the case's setup and kept to the process's end); each row's cell is checked against the cell the process ran (refused on a mismatch); this BDN run merges units A,Cf-retain (owner, 2026-10-03), every case in its own child process
# threads:        .NET thread pool min 8 worker / 8 IO, max 8 worker / 1000 IO, 0 pool thread(s) now; 2 logical CPUs visible; caller threads 8; core runtime 1, 8 worker thread(s)
# memory:         AK_BDN_MEMORY=1: BenchmarkDotNet's MemoryDiagnoser (an exploration switch, not a campaign setting): one extra workload iteration per case AFTER the actual stage, at the actual stage's invocation count, outside the job's clock (no exported sample is affected); on each case's first sample row mem_alloc_bytes_per_op (GC.GetTotalAllocatedBytes(precise), every thread, divided by its operations), mem_gen = [gen0, gen1, gen2] collections during it, mem_ops its operations, mem_alloc_bytes its total
# cpus:           this process: 2 CPU(s) in its affinity mask (sched_getaffinity), Environment.ProcessorCount 2; single-CPU guard (JOURNAL 73): a timed process (host or BDN child) with ONE CPU is refused unless AK_ALLOW_SINGLE_CPU=1 (here: unset); each case's first row carries cpus_affinity, cpus_runtime and single_cpu_override as its own process saw them
// Validating benchmarks:
// ***** BenchmarkRunner: Start   *****
// ***** Found 4 benchmark(s) in total *****
// ***** Building 1 exe(s) in Parallel: Start   *****
Unable to find .sln or .csproj file. Will use current directory /home/user/ArmoniK.Api/ffi/poc/csharp to search for project file. If you don't use .sln file on purpose it should not be a problem.
// start dotnet  restore --nodeReuse:false /p:UseSharedCompilation=false /p:Deterministic=true /p:Optimize=true /p:ArtifactsPath="/home/user/ArmoniK.Api/ffi/poc/csharp/src/Rpc/bin/Release/net8.0/akrpc-rpc-1/" /p:OutDir="/home/user/ArmoniK.Api/ffi/poc/csharp/src/Rpc/bin/Release/net8.0/akrpc-rpc-1/bin/Release/net8.0/" /p:OutputPath="/home/user/ArmoniK.Api/ffi/poc/csharp/src/Rpc/bin/Release/net8.0/akrpc-rpc-1/bin/Release/net8.0/" /p:PublishDir="/home/user/ArmoniK.Api/ffi/poc/csharp/src/Rpc/bin/Release/net8.0/akrpc-rpc-1/publish/" in /home/user/ArmoniK.Api/ffi/poc/csharp/src/Rpc/bin/Release/net8.0/akrpc-rpc-1
// command took 2.43 sec and exited with 0
// start dotnet  build -c Release --no-restore --nodeReuse:false /p:UseSharedCompilation=false /p:Deterministic=true /p:Optimize=true /p:ArtifactsPath="/home/user/ArmoniK.Api/ffi/poc/csharp/src/Rpc/bin/Release/net8.0/akrpc-rpc-1/" /p:OutDir="/home/user/ArmoniK.Api/ffi/poc/csharp/src/Rpc/bin/Release/net8.0/akrpc-rpc-1/bin/Release/net8.0/" /p:OutputPath="/home/user/ArmoniK.Api/ffi/poc/csharp/src/Rpc/bin/Release/net8.0/akrpc-rpc-1/bin/Release/net8.0/" /p:PublishDir="/home/user/ArmoniK.Api/ffi/poc/csharp/src/Rpc/bin/Release/net8.0/akrpc-rpc-1/publish/" --output "/home/user/ArmoniK.Api/ffi/poc/csharp/src/Rpc/bin/Release/net8.0/akrpc-rpc-1/bin/Release/net8.0/" in /home/user/ArmoniK.Api/ffi/poc/csharp/src/Rpc/bin/Release/net8.0/akrpc-rpc-1
// command took 19.48 sec and exited with 0
// ***** Done, took 00:00:22 (22.01 sec)   *****
// Found 4 benchmarks:
//   RpcK1.Run: rpc(EvaluateOverhead=False, Clock=Armonik.Ffi.Bdn.CpuClock, IterationCount=6, IterationTime=100ms, LaunchCount=1, RunStrategy=Throughput, UnrollFactor=1, WarmupCount=10) [Case=A|c|P5.4|1]
//   RpcK1.Run: rpc(EvaluateOverhead=False, Clock=Armonik.Ffi.Bdn.CpuClock, IterationCount=6, IterationTime=100ms, LaunchCount=1, RunStrategy=Throughput, UnrollFactor=1, WarmupCount=10) [Case=Cf-re(...)MiB|1 [26]]
//   RpcK1.Run: rpc(EvaluateOverhead=False, Clock=Armonik.Ffi.Bdn.CpuClock, IterationCount=6, IterationTime=100ms, LaunchCount=1, RunStrategy=Throughput, UnrollFactor=1, WarmupCount=10) [Case=A|d|stream-16MiB|1]
//   RpcK1.Run: rpc(EvaluateOverhead=False, Clock=Armonik.Ffi.Bdn.CpuClock, IterationCount=6, IterationTime=100ms, LaunchCount=1, RunStrategy=Throughput, UnrollFactor=1, WarmupCount=10) [Case=Cf-retain|c|P5.4|1]

// **************************
// Benchmark: RpcK1.Run: rpc(EvaluateOverhead=False, Clock=Armonik.Ffi.Bdn.CpuClock, IterationCount=6, IterationTime=100ms, LaunchCount=1, RunStrategy=Throughput, UnrollFactor=1, WarmupCount=10) [Case=A|c|P5.4|1]
// *** Execute ***
// Launch: 1 / 1
// Execute: dotnet akrpc-rpc-1.dll --anonymousPipes 136 137 --benchmarkName "Armonik.Ffi.Campaign.RpcK1.Run(Case: \"A|c|P5.4|1\")" --job rpc --benchmarkId 0 in /home/user/ArmoniK.Api/ffi/poc/csharp/src/Rpc/bin/Release/net8.0/akrpc-rpc-1/bin/Release/net8.0
// BeforeAnythingElse

// Benchmark Process Environment Information:
// BenchmarkDotNet v0.15.8
// Runtime=.NET 8.0.31 (8.0.31, 8.0.3126.42015), X64 RyuJIT x86-64-v4
// GC=Concurrent Workstation
// HardwareIntrinsics=AVX512 F+BW+CD+DQ+VL,AVX2+BMI1+BMI2+F16C+FMA+LZCNT+MOVBE,AVX,SSE3+SSSE3+SSE4.1+SSE4.2+POPCNT,X86Base+SSE+SSE2,AES+PCLMUL VectorSize=256
// Job: rpc(EvaluateOverhead=False, Clock=Armonik.Ffi.Bdn.CpuClock, IterationCount=6, IterationTime=100ms, LaunchCount=1, RunStrategy=Throughput, UnrollFactor=1, WarmupCount=10)

OverheadJitting  1: 1 op, 205981.00 ns, 205.9810 us/op
WorkloadJitting  1: 1 op, 16620159.00 ns, 16.6202 ms/op

WorkloadPilot    1: 4 op, 52878101.00 ns, 13.2195 ms/op
WorkloadPilot    2: 8 op, 88438977.00 ns, 11.0549 ms/op

WorkloadWarmup   1: 8 op, 83902486.00 ns, 10.4878 ms/op
WorkloadWarmup   2: 8 op, 95512436.00 ns, 11.9391 ms/op
WorkloadWarmup   3: 8 op, 113782285.00 ns, 14.2228 ms/op
WorkloadWarmup   4: 8 op, 93167258.00 ns, 11.6459 ms/op
WorkloadWarmup   5: 8 op, 89826429.00 ns, 11.2283 ms/op
WorkloadWarmup   6: 8 op, 91880740.00 ns, 11.4851 ms/op
WorkloadWarmup   7: 8 op, 86628366.00 ns, 10.8285 ms/op
WorkloadWarmup   8: 8 op, 81657860.00 ns, 10.2072 ms/op
WorkloadWarmup   9: 8 op, 95600773.00 ns, 11.9501 ms/op
WorkloadWarmup  10: 8 op, 78081837.00 ns, 9.7602 ms/op

// BeforeActualRun
WorkloadActual   1: 8 op, 93740248.00 ns, 11.7175 ms/op
WorkloadActual   2: 8 op, 134948342.00 ns, 16.8685 ms/op
WorkloadActual   3: 8 op, 99407256.00 ns, 12.4259 ms/op
WorkloadActual   4: 8 op, 99977844.00 ns, 12.4972 ms/op
WorkloadActual   5: 8 op, 83858769.00 ns, 10.4823 ms/op
WorkloadActual   6: 8 op, 88530574.00 ns, 11.0663 ms/op

// AfterActualRun
WorkloadResult   1: 8 op, 93740248.00 ns, 11.7175 ms/op
WorkloadResult   2: 8 op, 99407256.00 ns, 12.4259 ms/op
WorkloadResult   3: 8 op, 99977844.00 ns, 12.4972 ms/op
WorkloadResult   4: 8 op, 83858769.00 ns, 10.4823 ms/op
WorkloadResult   5: 8 op, 88530574.00 ns, 11.0663 ms/op
// GC:  0 0 0 33936776 8
// Threading:  4254 2 8

// AfterAll
// Benchmark Process 3424 has exited with code 0.

Mean = 11.638 ms, StdErr = 0.389 ms (3.34%), N = 5, StdDev = 0.870 ms
Min = 10.482 ms, Q1 = 11.066 ms, Median = 11.718 ms, Q3 = 12.426 ms, Max = 12.497 ms
IQR = 1.360 ms, LowerFence = 9.027 ms, UpperFence = 14.465 ms
ConfidenceInterval = [8.288 ms; 14.988 ms] (CI 99.9%), Margin = 3.350 ms (28.79% of Mean)
Skewness = -0.18, Kurtosis = 0.98, MValue = 2

// ** Remained 3 (75.0 %) benchmark(s) to run. Estimated finish 2026-10-04 9:02 (0h 0m from now) **
// **************************
// Benchmark: RpcK1.Run: rpc(EvaluateOverhead=False, Clock=Armonik.Ffi.Bdn.CpuClock, IterationCount=6, IterationTime=100ms, LaunchCount=1, RunStrategy=Throughput, UnrollFactor=1, WarmupCount=10) [Case=Cf-re(...)MiB|1 [26]]
// *** Execute ***
// Launch: 1 / 1
// Execute: dotnet akrpc-rpc-1.dll --anonymousPipes 138 139 --benchmarkName "Armonik.Ffi.Campaign.RpcK1.Run(Case: \"Cf-retain|d|stream-16MiB|1\")" --job rpc --benchmarkId 1 in /home/user/ArmoniK.Api/ffi/poc/csharp/src/Rpc/bin/Release/net8.0/akrpc-rpc-1/bin/Release/net8.0
// BeforeAnythingElse

// Benchmark Process Environment Information:
// BenchmarkDotNet v0.15.8
// Runtime=.NET 8.0.31 (8.0.31, 8.0.3126.42015), X64 RyuJIT x86-64-v4
// GC=Concurrent Workstation
// HardwareIntrinsics=AVX512 F+BW+CD+DQ+VL,AVX2+BMI1+BMI2+F16C+FMA+LZCNT+MOVBE,AVX,SSE3+SSSE3+SSE4.1+SSE4.2+POPCNT,X86Base+SSE+SSE2,AES+PCLMUL VectorSize=256
// Job: rpc(EvaluateOverhead=False, Clock=Armonik.Ffi.Bdn.CpuClock, IterationCount=6, IterationTime=100ms, LaunchCount=1, RunStrategy=Throughput, UnrollFactor=1, WarmupCount=10)

OverheadJitting  1: 1 op, 159406.00 ns, 159.4060 us/op
WorkloadJitting  1: 1 op, 19538249.00 ns, 19.5382 ms/op

WorkloadPilot    1: 4 op, 75130745.00 ns, 18.7827 ms/op

WorkloadWarmup   1: 4 op, 78509521.00 ns, 19.6274 ms/op
WorkloadWarmup   2: 4 op, 73752241.00 ns, 18.4381 ms/op
WorkloadWarmup   3: 4 op, 92703192.00 ns, 23.1758 ms/op
WorkloadWarmup   4: 4 op, 72614358.00 ns, 18.1536 ms/op
WorkloadWarmup   5: 4 op, 60974533.00 ns, 15.2436 ms/op
WorkloadWarmup   6: 4 op, 63822397.00 ns, 15.9556 ms/op
WorkloadWarmup   7: 4 op, 68075816.00 ns, 17.0190 ms/op
WorkloadWarmup   8: 4 op, 65552579.00 ns, 16.3881 ms/op
WorkloadWarmup   9: 4 op, 72272436.00 ns, 18.0681 ms/op
WorkloadWarmup  10: 4 op, 63133437.00 ns, 15.7834 ms/op

// BeforeActualRun
WorkloadActual   1: 4 op, 73285679.00 ns, 18.3214 ms/op
WorkloadActual   2: 4 op, 70092850.00 ns, 17.5232 ms/op
WorkloadActual   3: 4 op, 86774683.00 ns, 21.6937 ms/op
WorkloadActual   4: 4 op, 64086818.00 ns, 16.0217 ms/op
WorkloadActual   5: 4 op, 66954795.00 ns, 16.7387 ms/op
WorkloadActual   6: 4 op, 69724836.00 ns, 17.4312 ms/op

// AfterActualRun
WorkloadResult   1: 4 op, 73285679.00 ns, 18.3214 ms/op
WorkloadResult   2: 4 op, 70092850.00 ns, 17.5232 ms/op
WorkloadResult   3: 4 op, 64086818.00 ns, 16.0217 ms/op
WorkloadResult   4: 4 op, 66954795.00 ns, 16.7387 ms/op
WorkloadResult   5: 4 op, 69724836.00 ns, 17.4312 ms/op
// GC:  0 0 0 1344 4
// Threading:  0 0 4

// AfterAll
// Benchmark Process 3470 has exited with code 0.

Mean = 17.207 ms, StdErr = 0.388 ms (2.26%), N = 5, StdDev = 0.868 ms
Min = 16.022 ms, Q1 = 16.739 ms, Median = 17.431 ms, Q3 = 17.523 ms, Max = 18.321 ms
IQR = 0.785 ms, LowerFence = 15.562 ms, UpperFence = 18.700 ms
ConfidenceInterval = [13.863 ms; 20.551 ms] (CI 99.9%), Margin = 3.344 ms (19.43% of Mean)
Skewness = -0.1, Kurtosis = 1.26, MValue = 2

// ** Remained 2 (50.0 %) benchmark(s) to run. Estimated finish 2026-10-04 9:02 (0h 0m from now) **
// **************************
// Benchmark: RpcK1.Run: rpc(EvaluateOverhead=False, Clock=Armonik.Ffi.Bdn.CpuClock, IterationCount=6, IterationTime=100ms, LaunchCount=1, RunStrategy=Throughput, UnrollFactor=1, WarmupCount=10) [Case=A|d|stream-16MiB|1]
// *** Execute ***
// Launch: 1 / 1
// Execute: dotnet akrpc-rpc-1.dll --anonymousPipes 138 139 --benchmarkName "Armonik.Ffi.Campaign.RpcK1.Run(Case: \"A|d|stream-16MiB|1\")" --job rpc --benchmarkId 2 in /home/user/ArmoniK.Api/ffi/poc/csharp/src/Rpc/bin/Release/net8.0/akrpc-rpc-1/bin/Release/net8.0
// BeforeAnythingElse

// Benchmark Process Environment Information:
// BenchmarkDotNet v0.15.8
// Runtime=.NET 8.0.31 (8.0.31, 8.0.3126.42015), X64 RyuJIT x86-64-v4
// GC=Concurrent Workstation
// HardwareIntrinsics=AVX512 F+BW+CD+DQ+VL,AVX2+BMI1+BMI2+F16C+FMA+LZCNT+MOVBE,AVX,SSE3+SSSE3+SSE4.1+SSE4.2+POPCNT,X86Base+SSE+SSE2,AES+PCLMUL VectorSize=256
// Job: rpc(EvaluateOverhead=False, Clock=Armonik.Ffi.Bdn.CpuClock, IterationCount=6, IterationTime=100ms, LaunchCount=1, RunStrategy=Throughput, UnrollFactor=1, WarmupCount=10)

OverheadJitting  1: 1 op, 250442.00 ns, 250.4420 us/op
WorkloadJitting  1: 1 op, 50331102.00 ns, 50.3311 ms/op

WorkloadPilot    1: 4 op, 172614577.00 ns, 43.1536 ms/op

WorkloadWarmup   1: 4 op, 168257098.00 ns, 42.0643 ms/op
WorkloadWarmup   2: 4 op, 166369292.00 ns, 41.5923 ms/op
WorkloadWarmup   3: 4 op, 155470577.00 ns, 38.8676 ms/op
WorkloadWarmup   4: 4 op, 109110909.00 ns, 27.2777 ms/op
WorkloadWarmup   5: 4 op, 135838809.00 ns, 33.9597 ms/op
WorkloadWarmup   6: 4 op, 131879183.00 ns, 32.9698 ms/op
WorkloadWarmup   7: 4 op, 135651361.00 ns, 33.9128 ms/op
WorkloadWarmup   8: 4 op, 163124418.00 ns, 40.7811 ms/op
WorkloadWarmup   9: 4 op, 146086309.00 ns, 36.5216 ms/op
WorkloadWarmup  10: 4 op, 129993776.00 ns, 32.4984 ms/op

// BeforeActualRun
WorkloadActual   1: 4 op, 112950881.00 ns, 28.2377 ms/op
WorkloadActual   2: 4 op, 113562337.00 ns, 28.3906 ms/op
WorkloadActual   3: 4 op, 107571710.00 ns, 26.8929 ms/op
WorkloadActual   4: 4 op, 100447147.00 ns, 25.1118 ms/op
WorkloadActual   5: 4 op, 103487322.00 ns, 25.8718 ms/op
WorkloadActual   6: 4 op, 138595698.00 ns, 34.6489 ms/op

// AfterActualRun
WorkloadResult   1: 4 op, 112950881.00 ns, 28.2377 ms/op
WorkloadResult   2: 4 op, 113562337.00 ns, 28.3906 ms/op
WorkloadResult   3: 4 op, 107571710.00 ns, 26.8929 ms/op
WorkloadResult   4: 4 op, 100447147.00 ns, 25.1118 ms/op
WorkloadResult   5: 4 op, 103487322.00 ns, 25.8718 ms/op
// GC:  0 0 0 67825680 4
// Threading:  8477 1 4

// AfterAll
// Benchmark Process 3504 has exited with code 0.

Mean = 26.901 ms, StdErr = 0.643 ms (2.39%), N = 5, StdDev = 1.438 ms
Min = 25.112 ms, Q1 = 25.872 ms, Median = 26.893 ms, Q3 = 28.238 ms, Max = 28.391 ms
IQR = 2.366 ms, LowerFence = 22.323 ms, UpperFence = 31.787 ms
ConfidenceInterval = [21.365 ms; 32.436 ms] (CI 99.9%), Margin = 5.536 ms (20.58% of Mean)
Skewness = -0.08, Kurtosis = 0.91, MValue = 2

// ** Remained 1 (25.0 %) benchmark(s) to run. Estimated finish 2026-10-04 9:02 (0h 0m from now) **
// **************************
// Benchmark: RpcK1.Run: rpc(EvaluateOverhead=False, Clock=Armonik.Ffi.Bdn.CpuClock, IterationCount=6, IterationTime=100ms, LaunchCount=1, RunStrategy=Throughput, UnrollFactor=1, WarmupCount=10) [Case=Cf-retain|c|P5.4|1]
// *** Execute ***
// Launch: 1 / 1
// Execute: dotnet akrpc-rpc-1.dll --anonymousPipes 138 139 --benchmarkName "Armonik.Ffi.Campaign.RpcK1.Run(Case: \"Cf-retain|c|P5.4|1\")" --job rpc --benchmarkId 3 in /home/user/ArmoniK.Api/ffi/poc/csharp/src/Rpc/bin/Release/net8.0/akrpc-rpc-1/bin/Release/net8.0
// BeforeAnythingElse

// Benchmark Process Environment Information:
// BenchmarkDotNet v0.15.8
// Runtime=.NET 8.0.31 (8.0.31, 8.0.3126.42015), X64 RyuJIT x86-64-v4
// GC=Concurrent Workstation
// HardwareIntrinsics=AVX512 F+BW+CD+DQ+VL,AVX2+BMI1+BMI2+F16C+FMA+LZCNT+MOVBE,AVX,SSE3+SSSE3+SSE4.1+SSE4.2+POPCNT,X86Base+SSE+SSE2,AES+PCLMUL VectorSize=256
// Job: rpc(EvaluateOverhead=False, Clock=Armonik.Ffi.Bdn.CpuClock, IterationCount=6, IterationTime=100ms, LaunchCount=1, RunStrategy=Throughput, UnrollFactor=1, WarmupCount=10)

OverheadJitting  1: 1 op, 374188.00 ns, 374.1880 us/op
WorkloadJitting  1: 1 op, 12671883.00 ns, 12.6719 ms/op

WorkloadPilot    1: 4 op, 30185046.00 ns, 7.5463 ms/op
WorkloadPilot    2: 13 op, 83264517.00 ns, 6.4050 ms/op
WorkloadPilot    3: 16 op, 145543628.00 ns, 9.0965 ms/op
WorkloadPilot    4: 11 op, 84153587.00 ns, 7.6503 ms/op
WorkloadPilot    5: 13 op, 106120893.00 ns, 8.1631 ms/op

WorkloadWarmup   1: 13 op, 82763577.00 ns, 6.3664 ms/op
WorkloadWarmup   2: 13 op, 84462937.00 ns, 6.4971 ms/op
WorkloadWarmup   3: 13 op, 93517379.00 ns, 7.1936 ms/op
WorkloadWarmup   4: 13 op, 96852285.00 ns, 7.4502 ms/op
WorkloadWarmup   5: 13 op, 70358409.00 ns, 5.4122 ms/op
WorkloadWarmup   6: 13 op, 108686757.00 ns, 8.3605 ms/op
WorkloadWarmup   7: 13 op, 112307062.00 ns, 8.6390 ms/op
WorkloadWarmup   8: 13 op, 79339517.00 ns, 6.1030 ms/op
WorkloadWarmup   9: 13 op, 84677404.00 ns, 6.5136 ms/op
WorkloadWarmup  10: 13 op, 102720468.00 ns, 7.9016 ms/op

// BeforeActualRun
WorkloadActual   1: 13 op, 90466154.00 ns, 6.9589 ms/op
WorkloadActual   2: 13 op, 83858867.00 ns, 6.4507 ms/op
WorkloadActual   3: 13 op, 155047613.00 ns, 11.9267 ms/op
WorkloadActual   4: 13 op, 99416707.00 ns, 7.6474 ms/op
WorkloadActual   5: 13 op, 120353713.00 ns, 9.2580 ms/op
WorkloadActual   6: 13 op, 85631295.00 ns, 6.5870 ms/op

// AfterActualRun
WorkloadResult   1: 13 op, 90466154.00 ns, 6.9589 ms/op
WorkloadResult   2: 13 op, 83858867.00 ns, 6.4507 ms/op
WorkloadResult   3: 13 op, 155047613.00 ns, 11.9267 ms/op
WorkloadResult   4: 13 op, 99416707.00 ns, 7.6474 ms/op
WorkloadResult   5: 13 op, 120353713.00 ns, 9.2580 ms/op
WorkloadResult   6: 13 op, 85631295.00 ns, 6.5870 ms/op
// GC:  0 0 0 936 13
// Threading:  0 0 13

// AfterAll
// Benchmark Process 3551 has exited with code 0.

Mean = 8.138 ms, StdErr = 0.866 ms (10.64%), N = 6, StdDev = 2.121 ms
Min = 6.451 ms, Q1 = 6.680 ms, Median = 7.303 ms, Q3 = 8.855 ms, Max = 11.927 ms
IQR = 2.175 ms, LowerFence = 3.417 ms, UpperFence = 12.118 ms
ConfidenceInterval = [2.191 ms; 14.086 ms] (CI 99.9%), Margin = 5.948 ms (73.08% of Mean)
Skewness = 0.79, Kurtosis = 1.84, MValue = 2

// ** Remained 0 (0.0 %) benchmark(s) to run. Estimated finish 2026-10-04 9:02 (0h 0m from now) **
Run time: 00:00:14 (14.91 sec), executed benchmarks: 4

// ***** BenchmarkRunner: Finish  *****

// * Export *
  home/user/ArmoniK.Api/ffi/logs/csharp/opt/baseline/rpc-stock.alloc-pinned.jsonl

// * Detailed results *
RpcK1.Run: rpc(EvaluateOverhead=False, Clock=Armonik.Ffi.Bdn.CpuClock, IterationCount=6, IterationTime=100ms, LaunchCount=1, RunStrategy=Throughput, UnrollFactor=1, WarmupCount=10) [Case=A|c|P5.4|1]
Runtime = .NET 8.0.31 (8.0.31, 8.0.3126.42015), X64 RyuJIT x86-64-v4; GC = Concurrent Workstation
Mean = 11.638 ms, StdErr = 0.389 ms (3.34%), N = 5, StdDev = 0.870 ms
Min = 10.482 ms, Q1 = 11.066 ms, Median = 11.718 ms, Q3 = 12.426 ms, Max = 12.497 ms
IQR = 1.360 ms, LowerFence = 9.027 ms, UpperFence = 14.465 ms
ConfidenceInterval = [8.288 ms; 14.988 ms] (CI 99.9%), Margin = 3.350 ms (28.79% of Mean)
Skewness = -0.18, Kurtosis = 0.98, MValue = 2
-------------------- Histogram --------------------
[10.107 ms ; 11.440 ms) | @@
[11.440 ms ; 12.775 ms) | @@@
---------------------------------------------------

RpcK1.Run: rpc(EvaluateOverhead=False, Clock=Armonik.Ffi.Bdn.CpuClock, IterationCount=6, IterationTime=100ms, LaunchCount=1, RunStrategy=Throughput, UnrollFactor=1, WarmupCount=10) [Case=Cf-re(...)MiB|1 [26]]
Runtime = .NET 8.0.31 (8.0.31, 8.0.3126.42015), X64 RyuJIT x86-64-v4; GC = Concurrent Workstation
Mean = 17.207 ms, StdErr = 0.388 ms (2.26%), N = 5, StdDev = 0.868 ms
Min = 16.022 ms, Q1 = 16.739 ms, Median = 17.431 ms, Q3 = 17.523 ms, Max = 18.321 ms
IQR = 0.785 ms, LowerFence = 15.562 ms, UpperFence = 18.700 ms
ConfidenceInterval = [13.863 ms; 20.551 ms] (CI 99.9%), Margin = 3.344 ms (19.43% of Mean)
Skewness = -0.1, Kurtosis = 1.26, MValue = 2
-------------------- Histogram --------------------
[15.355 ms ; 16.464 ms) | @
[16.464 ms ; 17.797 ms) | @@@
[17.797 ms ; 18.988 ms) | @
---------------------------------------------------

RpcK1.Run: rpc(EvaluateOverhead=False, Clock=Armonik.Ffi.Bdn.CpuClock, IterationCount=6, IterationTime=100ms, LaunchCount=1, RunStrategy=Throughput, UnrollFactor=1, WarmupCount=10) [Case=A|d|stream-16MiB|1]
Runtime = .NET 8.0.31 (8.0.31, 8.0.3126.42015), X64 RyuJIT x86-64-v4; GC = Concurrent Workstation
Mean = 26.901 ms, StdErr = 0.643 ms (2.39%), N = 5, StdDev = 1.438 ms
Min = 25.112 ms, Q1 = 25.872 ms, Median = 26.893 ms, Q3 = 28.238 ms, Max = 28.391 ms
IQR = 2.366 ms, LowerFence = 22.323 ms, UpperFence = 31.787 ms
ConfidenceInterval = [21.365 ms; 32.436 ms] (CI 99.9%), Margin = 5.536 ms (20.58% of Mean)
Skewness = -0.08, Kurtosis = 0.91, MValue = 2
-------------------- Histogram --------------------
[24.008 ms ; 26.538 ms) | @@
[26.538 ms ; 28.745 ms) | @@@
---------------------------------------------------

RpcK1.Run: rpc(EvaluateOverhead=False, Clock=Armonik.Ffi.Bdn.CpuClock, IterationCount=6, IterationTime=100ms, LaunchCount=1, RunStrategy=Throughput, UnrollFactor=1, WarmupCount=10) [Case=Cf-retain|c|P5.4|1]
Runtime = .NET 8.0.31 (8.0.31, 8.0.3126.42015), X64 RyuJIT x86-64-v4; GC = Concurrent Workstation
Mean = 8.138 ms, StdErr = 0.866 ms (10.64%), N = 6, StdDev = 2.121 ms
Min = 6.451 ms, Q1 = 6.680 ms, Median = 7.303 ms, Q3 = 8.855 ms, Max = 11.927 ms
IQR = 2.175 ms, LowerFence = 3.417 ms, UpperFence = 12.118 ms
ConfidenceInterval = [2.191 ms; 14.086 ms] (CI 99.9%), Margin = 5.948 ms (73.08% of Mean)
Skewness = 0.79, Kurtosis = 1.84, MValue = 2
-------------------- Histogram --------------------
[ 6.322 ms ; 10.395 ms) | @@@@@
[10.395 ms ; 13.459 ms) | @
---------------------------------------------------

// * Summary *

BenchmarkDotNet v0.15.8, Linux Ubuntu 24.04.4 LTS (Noble Numbat)
Intel Xeon Processor 2.80GHz, 1 CPU, 4 logical and 4 physical cores
.NET SDK 8.0.131
  [Host] : .NET 8.0.31 (8.0.31, 8.0.3126.42015), X64 RyuJIT x86-64-v4
  rpc    : .NET 8.0.31 (8.0.31, 8.0.3126.42015), X64 RyuJIT x86-64-v4

Job=rpc  EvaluateOverhead=False  Clock=Armonik.Ffi.Bdn.CpuClock  
IterationCount=6  IterationTime=100ms  LaunchCount=1  
RunStrategy=Throughput  UnrollFactor=1  WarmupCount=10  

| Method | Case                 | Mean      | Error    | StdDev    | Allocated  |
|------- |--------------------- |----------:|---------:|----------:|-----------:|
| Run    | A|c|P5.4|1           | 11.638 ms | 3.350 ms | 0.8700 ms |  4242097 B |
| Run    | Cf-re(...)MiB|1 [26] | 17.207 ms | 3.344 ms | 0.8684 ms |      336 B |
| Run    | A|d|stream-16MiB|1   | 26.901 ms | 5.536 ms | 1.4376 ms | 16956420 B |
| Run    | Cf-retain|c|P5.4|1   |  8.138 ms | 5.948 ms | 2.1210 ms |       72 B |

// * Legends *
  Case      : Value of the 'Case' parameter
  Mean      : Arithmetic mean of all measurements
  Error     : Half of 99.9% confidence interval
  StdDev    : Standard deviation of all measurements
  Allocated : Allocated memory per single operation (managed only, inclusive, 1KB = 1024B)
  1 ms      : 1 Millisecond (0.001 sec)

// * Diagnostic Output - AkRpcProcessCpu *

// * Diagnostic Output - MemoryDiagnoser *


// ***** BenchmarkRunner: End *****
Global total time: 00:00:37 (37.87 sec), executed benchmarks: 4
// * Artifacts cleanup *
Artifacts cleanup is finished
