# campaign suite rpc: raw samples, one JSON object per line; nothing summarised here
# runtime:        .NET 8.0.31
# incumbent:      Google.Protobuf 3.32.0; Grpc.Net.Client 2.71.0
# server:         the Rust slice's tonic rpc_server, the campaign's one server for every slice (FIX-PLAN WP10, CAMPAIGN req 13 as amended; poc/rust/SERVER.md): service armonik.ffi.campaign.v1.Grid, P2.2 pre-serialised with prost, requests decoded with prost, receive limit 8 MiB; shipped socket = tonic's server defaults, pinned socket = 4 MiB stream and connection windows, adaptive off; its configuration and worker count are in its own log (rpc-server.log)
# JIT:            TieredCompilation default(on), TieredPGO default(on), ReadyToRun default(on) (net8.0 defaults unless set)
# GC:             server=False, concurrent=default(on), latency=Interactive
# managed codec:  plan utf8=reject unknown=drop limit=100
# process CPUs:   affinity mask 0x3 (2 logical CPUs visible)
# build full; launch 1; unit Cf-retain (one process per cell, WP9); transport armonik (the client's configuration: Grpc.Net ArmoniK's channel (packages/csharp GrpcChannelFactory.CreateChannel, package defaults; see '# armonik'); server: its TCP listener, the pinned server configuration (4 MiB windows, adaptive off, TCP_NODELAY on accept); core: ak_client_opts stream 0 connection 0 adaptive 0 nagle 0); endpoint tcp:127.0.0.1:37647; in flight 1/8 (c and d at 1 and 8 only)
# engine:         BenchmarkDotNet 0.15.8.0 (CAMPAIGN req 22a as amended 2026-09-27, WP9), toolchain BDN's default, ONE CHILD PROCESS PER CASE (the campaign's native isolation, req 22a as amended e6c909630), pinned by the runner, StopOnFirstError; one invocation = one batch of k calls in flight (OperationsPerInvoke = k; `iters` = calls, `invocations` = batches); the benchmark classes RpcK1, RpcK8, RpcK16 hold the k = 1, 8, 16 cases
# job:            6 actual iterations (rounds) per case, 10 warm-up iterations (the same for every case) after BDN's jitting stage and pilot, iteration time 100 ms (the pilot picks the invocation count, unroll factor 1), strategy Throughput, EvaluateOverhead=false
# clocks:         per iteration, read by the job's clock (CpuClock) at the same iteration boundaries: wall (Stopwatch); cpu_ns = perf task-clock of the WHOLE client process (req 21 as amended 2026-10-01: a counter per thread this process opens itself with perf_event_open, PERF_COUNT_SW_TASK_CLOCK, new threads picked up at the next read; softirq-inclusive while the process runs); proc_cpu_ns = CLOCK_PROCESS_CPUTIME_ID beside it (misses softirq time with IRQ_TIME_ACCOUNTING); per case, client_softirq_ticks / client_irq_ticks = /proc/stat on the CLIENT CPUs (0,1) across the actual stage, USER_HZ ticks; the server is another process
# network:        TCP 127.0.0.1:37647 (D10; CAMPAIGN 4.0 as amended b58543f7b): transport armonik, the core grid's one configuration (see '# armonik'); Nagle off on every client socket (Grpc.Net: SocketsHttpHandler's default TCP_NODELAY, nothing set by ArmoniK or by this harness; the core: ak_client_opts.tcp_nagle = 0), READ BACK on the live sockets before timing (one without it fails the case) and after each case; the server's TCP listener sets TCP_NODELAY on every accepted socket (SERVER.md; not readable from this process)
# grid:           core (CAMPAIGN section 4.0, D18; AK_CAMPAIGN_GRID=core): cells A, Bf, Cf-retain, Ef-retain, full build, the host's idiomatic delivery; a+read and b (P2.2), c at P5.4, d at 16 MiB, k = 1 and 8; the framed cells' a+read is the reference cell's (B, C-retain, E-retain: a has an empty request, so the send path is the same), run in the framed cell's process under its own name; this process narrowed to directions c,d. Extras left out (AK_CAMPAIGN_GRID=full runs them): cells B, C, D, E, F as cells of their own, Cc, the drop mode, the callback and queue deliveries, direction a, k = 16, P5.3, d at 4 MiB, the RPC grid in the no-unknown build, the second transport configuration, h2-batch beyond Cf on c and d, the pinned allocator pass beyond A and Cf on c and d at k = 1
# allocator:      default (readback at process start: a 16 MiB malloc came from the mmapped (mallinfo2; the block kept, never freed); no heap pre-grow (owner, 2026-10-03): BDN's warm-up runs the real call path on every thread, and minflt per row shows whether it sufficed; under the default toolchain each child probes once, on its case's first row as alloc_probe; GLIBC_TUNABLES=unset; CAMPAIGN req 25 as amended 2026-10-03, D9: the main figures run glibc's default allocator as production does; the pinned pass (glibc.malloc.trim_threshold=268435456:glibc.malloc.mmap_threshold=33554432) is a labelled diagnostic; the core's buffers and transport allocate through glibc malloc in this process; every row carries `alloc` and `minflt`, the client process's minor page faults over the iteration, so faults per call = minflt / iters)
# h2:             the loaded core's h2 = h2-batch (D11 as amended: read from the core library; the runner's AK_H2 = h2-batch); every row carries it
# pools:          D8 / D14: AK_WORKERS = 8; the core runtime 8 worker thread(s) (ak_runtime_new, shared by every core channel of the process); the .NET thread pool's worker minimum and maximum set to 8 (ThreadPool.SetMin/MaxThreads); the caller pool is the in-flight level (k dedicated caller threads for the blocking cells, not a worker pool); grpc-core is not used by this slice (Grpc.Net is managed)
# order:          this launch's unit order: Ef-retain, A, Cf-retain, Bf (seed 7907); the cases of this process in a seeded shuffle (seed 123560); ratios, where the aggregation forms them, from per-launch medians (req 30)
# cells:          A incumbent over Grpc.Net; B incumbent over the core's transport (Bf its framed send path); C core-ffi over the core's transport on the MOVE path (ak_call_unary_enc / ak_call_send_enc; Cf framed, Cc the copy path, a labelled extra); D core-ffi over Grpc.Net (a copy into the call's buffer: Grpc.Net's serializer cannot take a core buffer); E host-gen over the core's transport (Ef framed); F host-gen over Grpc.Net; B/C .callback/.queue the core's other deliveries (labelled extras); -retain/-drop/-nounk the unknown-field mode (req 10, 12)
# directions:     a empty request, P2.2 response decoded; a+read the same then every field read; b P2.2 request decoded by the server; c unary upload of P5.3 / P5.4 (M5, 1 MB / 4 MB); d the streamed upload, M5 messages of 2 MiB (ids on the first), 4 MiB / 16 MiB (req 14); every call checked: status, response length or the server's byte count (req 18); the upload cells' count and SHA-256 checked once in setup before timing
# warm-up/thread: CAMPAIGN req 24 as amended 8c02e7c58 (>= 20 calls per calling thread at the cell's payload before the first measured value, same process, same threads): B, C, E (and Bf, Cf, Cc, Ef) call from k dedicated caller threads, created in this process before BDN's first stage and kept to its end (under the default toolchain one case per child process, so the warm-up and the measurement share the process and its threads); one invocation = k calls, one on each caller thread; BDN runs at least 4 invocations per iteration (its minimum invoke count), so the 10 warm-up iteration(s) give every caller thread >= 40 calls at the case's payload, after 1 jitting invocation and >= 4 pilot invocations (checked: d/16 MiB at k = 8, BDN child mode, iteration 100 ms: 1 + 4 + 40 = 45 per thread). A, D, F and the callback/queue extras start k async loops (one call each per invocation) on the .NET thread pool (worker min = max = AK_WORKERS): >= 40 calls per loop, but which pool thread runs a call is not controlled, so the per-thread count is not guaranteed for them
# delivery:       B, C, E the core's BLOCKING call on k caller threads (a CallerPool created before BDN starts); A, D, F Grpc.Net's idiomatic async call (AsyncUnaryCall / AsyncClientStreamingCall awaited), k concurrent async calls per invocation; the core's cells share one core runtime with 8 worker thread(s) (req 16)
# armonik:        cell A's channel = packages/csharp ArmoniK.Api.Client GrpcChannelFactory.CreateChannel(new GrpcClient { Endpoint = "http://127.0.0.1:37647" }), called directly (the assembly built from packages/csharp, unchanged), every other option at its package default: HandlerType Http = HttpClientHandler (SocketsHttpHandler underneath) wrapped in the package's logging DelegatingHandler (logger null), proxy type Undefined (UseProxy true: the system proxy for this endpoint is none (bypassed)); GrpcChannelOptions: Credentials Insecure, DisposeHttpClient true, ServiceConfig retry MaxAttempts 5, InitialBackoff 1 s, MaxBackoff 5 s, BackoffMultiplier 1.5 on Unavailable, Aborted, Unknown (so Grpc.Net buffers requests for retry), MaxReceiveMessageSize and MaxSendMessageSize at Grpc.Net's defaults (receive 4 MiB, send unlimited), EnableMultipleHttp2Connections false (the HttpClientHandler default); ServicePointManager.ReusePort = true and ServicePoint SetTcpKeepAlive(true, 30 s, 30 s), MaxIdleTime 5 min, read back on the live sockets per case (so_keepalive_after, so_reuseport_after on each case's first row: 0 = the ServicePoint settings did not reach SocketsHttpHandler's socket); process-wide switches observed: Http2FlowControl.DisableDynamicWindowSizing not set (the worker channel provider's, not set on the control plane's path), Http2UnencryptedSupport not set (the factory sets it only for https with AllowUnsafeConnection); Nagle: SocketsHttpHandler's own default sets TCP_NODELAY, read back before timing and after each case (tcp_nodelay_after), the HTTP/2 connections per cell after each case's run on its first row (tcp_sockets_after); the core cells: the core's client configuration of `shipped` (windows at the stack's defaults, adaptive off, tcp_nagle 0)
# limits:         the client's max send and receive 64 MiB on both transports (D44, enforced); the server's receive limit 8 MiB per message (SERVER.md)
# channels:       each benchmark process builds only the cell of its case, from the case key, with its own channel(s) (one per cell and direction group, opened in the case's setup and kept to the process's end); each row's cell is checked against the cell the process ran (refused on a mismatch)
# threads:        .NET thread pool min 8 worker / 8 IO, max 8 worker / 1000 IO, 0 pool thread(s) now; 2 logical CPUs visible; caller threads 8; core runtime 1, 8 worker thread(s)
# memory:         AK_BDN_MEMORY=1: BenchmarkDotNet's MemoryDiagnoser (an exploration switch, not a campaign setting): one extra workload iteration per case AFTER the actual stage, at the actual stage's invocation count, outside the job's clock (no exported sample is affected); on each case's first sample row mem_alloc_bytes_per_op (GC.GetTotalAllocatedBytes(precise), every thread, divided by its operations), mem_gen = [gen0, gen1, gen2] collections during it, mem_ops its operations, mem_alloc_bytes its total
# cpus:           this process: 2 CPU(s) in its affinity mask (sched_getaffinity), Environment.ProcessorCount 2; single-CPU guard (JOURNAL 73): a timed process (host or BDN child) with ONE CPU is refused unless AK_ALLOW_SINGLE_CPU=1 (here: unset); each case's first row carries cpus_affinity, cpus_runtime and single_cpu_override as its own process saw them
// Validating benchmarks:
// ***** BenchmarkRunner: Start   *****
// ***** Found 4 benchmark(s) in total *****
// ***** Building 1 exe(s) in Parallel: Start   *****
Unable to find .sln or .csproj file. Will use current directory /home/user/ArmoniK.Api/ffi/poc/csharp to search for project file. If you don't use .sln file on purpose it should not be a problem.
// start dotnet  restore --nodeReuse:false /p:UseSharedCompilation=false /p:Deterministic=true /p:Optimize=true /p:ArtifactsPath="/home/user/ArmoniK.Api/ffi/poc/csharp/src/Rpc/bin/Release/net8.0/akrpc-rpc-1/" /p:OutDir="/home/user/ArmoniK.Api/ffi/poc/csharp/src/Rpc/bin/Release/net8.0/akrpc-rpc-1/bin/Release/net8.0/" /p:OutputPath="/home/user/ArmoniK.Api/ffi/poc/csharp/src/Rpc/bin/Release/net8.0/akrpc-rpc-1/bin/Release/net8.0/" /p:PublishDir="/home/user/ArmoniK.Api/ffi/poc/csharp/src/Rpc/bin/Release/net8.0/akrpc-rpc-1/publish/" in /home/user/ArmoniK.Api/ffi/poc/csharp/src/Rpc/bin/Release/net8.0/akrpc-rpc-1
// command took 2.79 sec and exited with 0
// start dotnet  build -c Release --no-restore --nodeReuse:false /p:UseSharedCompilation=false /p:Deterministic=true /p:Optimize=true /p:ArtifactsPath="/home/user/ArmoniK.Api/ffi/poc/csharp/src/Rpc/bin/Release/net8.0/akrpc-rpc-1/" /p:OutDir="/home/user/ArmoniK.Api/ffi/poc/csharp/src/Rpc/bin/Release/net8.0/akrpc-rpc-1/bin/Release/net8.0/" /p:OutputPath="/home/user/ArmoniK.Api/ffi/poc/csharp/src/Rpc/bin/Release/net8.0/akrpc-rpc-1/bin/Release/net8.0/" /p:PublishDir="/home/user/ArmoniK.Api/ffi/poc/csharp/src/Rpc/bin/Release/net8.0/akrpc-rpc-1/publish/" --output "/home/user/ArmoniK.Api/ffi/poc/csharp/src/Rpc/bin/Release/net8.0/akrpc-rpc-1/bin/Release/net8.0/" in /home/user/ArmoniK.Api/ffi/poc/csharp/src/Rpc/bin/Release/net8.0/akrpc-rpc-1
// command took 20.5 sec and exited with 0
// ***** Done, took 00:00:23 (23.42 sec)   *****
// Found 2 benchmarks:
//   RpcK1.Run: rpc(EvaluateOverhead=False, Clock=Armonik.Ffi.Bdn.CpuClock, IterationCount=6, IterationTime=100ms, LaunchCount=1, RunStrategy=Throughput, UnrollFactor=1, WarmupCount=10) [Case=Cf-retain|c|P5.4|1]
//   RpcK1.Run: rpc(EvaluateOverhead=False, Clock=Armonik.Ffi.Bdn.CpuClock, IterationCount=6, IterationTime=100ms, LaunchCount=1, RunStrategy=Throughput, UnrollFactor=1, WarmupCount=10) [Case=Cf-re(...)MiB|1 [26]]

// **************************
// Benchmark: RpcK1.Run: rpc(EvaluateOverhead=False, Clock=Armonik.Ffi.Bdn.CpuClock, IterationCount=6, IterationTime=100ms, LaunchCount=1, RunStrategy=Throughput, UnrollFactor=1, WarmupCount=10) [Case=Cf-retain|c|P5.4|1]
// *** Execute ***
// Launch: 1 / 1
// Execute: dotnet akrpc-rpc-1.dll --anonymousPipes 136 137 --benchmarkName "Armonik.Ffi.Campaign.RpcK1.Run(Case: \"Cf-retain|c|P5.4|1\")" --job rpc --benchmarkId 0 in /home/user/ArmoniK.Api/ffi/poc/csharp/src/Rpc/bin/Release/net8.0/akrpc-rpc-1/bin/Release/net8.0
// BeforeAnythingElse

// Benchmark Process Environment Information:
// BenchmarkDotNet v0.15.8
// Runtime=.NET 8.0.31 (8.0.31, 8.0.3126.42015), X64 RyuJIT x86-64-v4
// GC=Concurrent Workstation
// HardwareIntrinsics=AVX512 F+BW+CD+DQ+VL,AVX2+BMI1+BMI2+F16C+FMA+LZCNT+MOVBE,AVX,SSE3+SSSE3+SSE4.1+SSE4.2+POPCNT,X86Base+SSE+SSE2,AES+PCLMUL VectorSize=256
// Job: rpc(EvaluateOverhead=False, Clock=Armonik.Ffi.Bdn.CpuClock, IterationCount=6, IterationTime=100ms, LaunchCount=1, RunStrategy=Throughput, UnrollFactor=1, WarmupCount=10)

OverheadJitting  1: 1 op, 189904.00 ns, 189.9040 us/op
WorkloadJitting  1: 1 op, 13370492.00 ns, 13.3705 ms/op

WorkloadPilot    1: 4 op, 42837058.00 ns, 10.7093 ms/op
WorkloadPilot    2: 9 op, 52523055.00 ns, 5.8359 ms/op
WorkloadPilot    3: 17 op, 108608367.00 ns, 6.3887 ms/op

WorkloadWarmup   1: 17 op, 126128757.00 ns, 7.4193 ms/op
WorkloadWarmup   2: 17 op, 128358395.00 ns, 7.5505 ms/op
WorkloadWarmup   3: 17 op, 96365525.00 ns, 5.6686 ms/op
WorkloadWarmup   4: 17 op, 131640621.00 ns, 7.7436 ms/op
WorkloadWarmup   5: 17 op, 124866789.00 ns, 7.3451 ms/op
WorkloadWarmup   6: 17 op, 124617152.00 ns, 7.3304 ms/op
WorkloadWarmup   7: 17 op, 131723071.00 ns, 7.7484 ms/op
WorkloadWarmup   8: 17 op, 120440976.00 ns, 7.0848 ms/op
WorkloadWarmup   9: 17 op, 144222389.00 ns, 8.4837 ms/op
WorkloadWarmup  10: 17 op, 102170055.00 ns, 6.0100 ms/op

// BeforeActualRun
WorkloadActual   1: 17 op, 130325898.00 ns, 7.6662 ms/op
WorkloadActual   2: 17 op, 150315816.00 ns, 8.8421 ms/op
WorkloadActual   3: 17 op, 128160110.00 ns, 7.5388 ms/op
WorkloadActual   4: 17 op, 113485351.00 ns, 6.6756 ms/op
WorkloadActual   5: 17 op, 138714289.00 ns, 8.1597 ms/op
WorkloadActual   6: 17 op, 108746712.00 ns, 6.3969 ms/op

// AfterActualRun
WorkloadResult   1: 17 op, 130325898.00 ns, 7.6662 ms/op
WorkloadResult   2: 17 op, 150315816.00 ns, 8.8421 ms/op
WorkloadResult   3: 17 op, 128160110.00 ns, 7.5388 ms/op
WorkloadResult   4: 17 op, 113485351.00 ns, 6.6756 ms/op
WorkloadResult   5: 17 op, 138714289.00 ns, 8.1597 ms/op
WorkloadResult   6: 17 op, 108746712.00 ns, 6.3969 ms/op
// GC:  0 0 0 1224 17
// Threading:  0 0 17

// AfterAll
// Benchmark Process 3077 has exited with code 0.

Mean = 7.547 ms, StdErr = 0.372 ms (4.93%), N = 6, StdDev = 0.911 ms
Min = 6.397 ms, Q1 = 6.891 ms, Median = 7.603 ms, Q3 = 8.036 ms, Max = 8.842 ms
IQR = 1.145 ms, LowerFence = 5.174 ms, UpperFence = 9.754 ms
ConfidenceInterval = [4.992 ms; 10.101 ms] (CI 99.9%), Margin = 2.554 ms (33.85% of Mean)
Skewness = 0.05, Kurtosis = 1.28, MValue = 2

// ** Remained 3 (75.0 %) benchmark(s) to run. Estimated finish 2026-10-04 9:01 (0h 0m from now) **
// **************************
// Benchmark: RpcK1.Run: rpc(EvaluateOverhead=False, Clock=Armonik.Ffi.Bdn.CpuClock, IterationCount=6, IterationTime=100ms, LaunchCount=1, RunStrategy=Throughput, UnrollFactor=1, WarmupCount=10) [Case=Cf-re(...)MiB|1 [26]]
// *** Execute ***
// Launch: 1 / 1
// Execute: dotnet akrpc-rpc-1.dll --anonymousPipes 138 139 --benchmarkName "Armonik.Ffi.Campaign.RpcK1.Run(Case: \"Cf-retain|d|stream-16MiB|1\")" --job rpc --benchmarkId 1 in /home/user/ArmoniK.Api/ffi/poc/csharp/src/Rpc/bin/Release/net8.0/akrpc-rpc-1/bin/Release/net8.0
// BeforeAnythingElse

// Benchmark Process Environment Information:
// BenchmarkDotNet v0.15.8
// Runtime=.NET 8.0.31 (8.0.31, 8.0.3126.42015), X64 RyuJIT x86-64-v4
// GC=Concurrent Workstation
// HardwareIntrinsics=AVX512 F+BW+CD+DQ+VL,AVX2+BMI1+BMI2+F16C+FMA+LZCNT+MOVBE,AVX,SSE3+SSSE3+SSE4.1+SSE4.2+POPCNT,X86Base+SSE+SSE2,AES+PCLMUL VectorSize=256
// Job: rpc(EvaluateOverhead=False, Clock=Armonik.Ffi.Bdn.CpuClock, IterationCount=6, IterationTime=100ms, LaunchCount=1, RunStrategy=Throughput, UnrollFactor=1, WarmupCount=10)

OverheadJitting  1: 1 op, 173610.00 ns, 173.6100 us/op
WorkloadJitting  1: 1 op, 21473279.00 ns, 21.4733 ms/op

WorkloadPilot    1: 4 op, 64162032.00 ns, 16.0405 ms/op
WorkloadPilot    2: 6 op, 98125300.00 ns, 16.3542 ms/op

WorkloadWarmup   1: 6 op, 92136684.00 ns, 15.3561 ms/op
WorkloadWarmup   2: 6 op, 102892770.00 ns, 17.1488 ms/op
WorkloadWarmup   3: 6 op, 115299069.00 ns, 19.2165 ms/op
WorkloadWarmup   4: 6 op, 105021285.00 ns, 17.5035 ms/op
WorkloadWarmup   5: 6 op, 107601246.00 ns, 17.9335 ms/op
WorkloadWarmup   6: 6 op, 95080176.00 ns, 15.8467 ms/op
WorkloadWarmup   7: 6 op, 96663991.00 ns, 16.1107 ms/op
WorkloadWarmup   8: 6 op, 83037503.00 ns, 13.8396 ms/op
WorkloadWarmup   9: 6 op, 89189664.00 ns, 14.8649 ms/op
WorkloadWarmup  10: 6 op, 86941685.00 ns, 14.4903 ms/op

// BeforeActualRun
WorkloadActual   1: 6 op, 98267783.00 ns, 16.3780 ms/op
WorkloadActual   2: 6 op, 93363032.00 ns, 15.5605 ms/op
WorkloadActual   3: 6 op, 93603554.00 ns, 15.6006 ms/op
WorkloadActual   4: 6 op, 111129636.00 ns, 18.5216 ms/op
WorkloadActual   5: 6 op, 93002964.00 ns, 15.5005 ms/op
WorkloadActual   6: 6 op, 85263671.00 ns, 14.2106 ms/op

// AfterActualRun
WorkloadResult   1: 6 op, 98267783.00 ns, 16.3780 ms/op
WorkloadResult   2: 6 op, 93363032.00 ns, 15.5605 ms/op
WorkloadResult   3: 6 op, 93603554.00 ns, 15.6006 ms/op
WorkloadResult   4: 6 op, 93002964.00 ns, 15.5005 ms/op
WorkloadResult   5: 6 op, 85263671.00 ns, 14.2106 ms/op
// GC:  0 0 0 2016 6
// Threading:  0 0 6

// AfterAll
// Benchmark Process 3116 has exited with code 0.

Mean = 15.450 ms, StdErr = 0.349 ms (2.26%), N = 5, StdDev = 0.780 ms
Min = 14.211 ms, Q1 = 15.500 ms, Median = 15.561 ms, Q3 = 15.601 ms, Max = 16.378 ms
IQR = 0.100 ms, LowerFence = 15.350 ms, UpperFence = 15.751 ms
ConfidenceInterval = [12.446 ms; 18.454 ms] (CI 99.9%), Margin = 3.004 ms (19.44% of Mean)
Skewness = -0.46, Kurtosis = 1.67, MValue = 2

// ** Remained 2 (50.0 %) benchmark(s) to run. Estimated finish 2026-10-04 9:01 (0h 0m from now) **
Run time: 00:00:07 (7.31 sec), executed benchmarks: 2

// Found 2 benchmarks:
//   RpcK8.Run: rpc(EvaluateOverhead=False, Clock=Armonik.Ffi.Bdn.CpuClock, IterationCount=6, IterationTime=100ms, LaunchCount=1, RunStrategy=Throughput, UnrollFactor=1, WarmupCount=10) [Case=Cf-retain|c|P5.4|8]
//   RpcK8.Run: rpc(EvaluateOverhead=False, Clock=Armonik.Ffi.Bdn.CpuClock, IterationCount=6, IterationTime=100ms, LaunchCount=1, RunStrategy=Throughput, UnrollFactor=1, WarmupCount=10) [Case=Cf-re(...)MiB|8 [26]]

// **************************
// Benchmark: RpcK8.Run: rpc(EvaluateOverhead=False, Clock=Armonik.Ffi.Bdn.CpuClock, IterationCount=6, IterationTime=100ms, LaunchCount=1, RunStrategy=Throughput, UnrollFactor=1, WarmupCount=10) [Case=Cf-retain|c|P5.4|8]
// *** Execute ***
// Launch: 1 / 1
// Execute: dotnet akrpc-rpc-1.dll --anonymousPipes 138 139 --benchmarkName "Armonik.Ffi.Campaign.RpcK8.Run(Case: \"Cf-retain|c|P5.4|8\")" --job rpc --benchmarkId 2 in /home/user/ArmoniK.Api/ffi/poc/csharp/src/Rpc/bin/Release/net8.0/akrpc-rpc-1/bin/Release/net8.0
// BeforeAnythingElse

// Benchmark Process Environment Information:
// BenchmarkDotNet v0.15.8
// Runtime=.NET 8.0.31 (8.0.31, 8.0.3126.42015), X64 RyuJIT x86-64-v4
// GC=Concurrent Workstation
// HardwareIntrinsics=AVX512 F+BW+CD+DQ+VL,AVX2+BMI1+BMI2+F16C+FMA+LZCNT+MOVBE,AVX,SSE3+SSSE3+SSE4.1+SSE4.2+POPCNT,X86Base+SSE+SSE2,AES+PCLMUL VectorSize=256
// Job: rpc(EvaluateOverhead=False, Clock=Armonik.Ffi.Bdn.CpuClock, IterationCount=6, IterationTime=100ms, LaunchCount=1, RunStrategy=Throughput, UnrollFactor=1, WarmupCount=10)

OverheadJitting  1: 8 op, 193125.00 ns, 24.1406 us/op
WorkloadJitting  1: 8 op, 69637195.00 ns, 8.7046 ms/op

WorkloadPilot    1: 32 op, 215550161.00 ns, 6.7359 ms/op

WorkloadWarmup   1: 32 op, 199434838.00 ns, 6.2323 ms/op
WorkloadWarmup   2: 32 op, 178201600.00 ns, 5.5688 ms/op
WorkloadWarmup   3: 32 op, 208003704.00 ns, 6.5001 ms/op
WorkloadWarmup   4: 32 op, 174375518.00 ns, 5.4492 ms/op
WorkloadWarmup   5: 32 op, 209945608.00 ns, 6.5608 ms/op
WorkloadWarmup   6: 32 op, 169003753.00 ns, 5.2814 ms/op
WorkloadWarmup   7: 32 op, 152627480.00 ns, 4.7696 ms/op
WorkloadWarmup   8: 32 op, 158305128.00 ns, 4.9470 ms/op
WorkloadWarmup   9: 32 op, 159534563.00 ns, 4.9855 ms/op
WorkloadWarmup  10: 32 op, 169759108.00 ns, 5.3050 ms/op

// BeforeActualRun
WorkloadActual   1: 32 op, 161393245.00 ns, 5.0435 ms/op
WorkloadActual   2: 32 op, 177805846.00 ns, 5.5564 ms/op
WorkloadActual   3: 32 op, 188692675.00 ns, 5.8966 ms/op
WorkloadActual   4: 32 op, 182977304.00 ns, 5.7180 ms/op
WorkloadActual   5: 32 op, 167635565.00 ns, 5.2386 ms/op
WorkloadActual   6: 32 op, 183324698.00 ns, 5.7289 ms/op

// AfterActualRun
WorkloadResult   1: 32 op, 161393245.00 ns, 5.0435 ms/op
WorkloadResult   2: 32 op, 177805846.00 ns, 5.5564 ms/op
WorkloadResult   3: 32 op, 188692675.00 ns, 5.8966 ms/op
WorkloadResult   4: 32 op, 182977304.00 ns, 5.7180 ms/op
WorkloadResult   5: 32 op, 167635565.00 ns, 5.2386 ms/op
WorkloadResult   6: 32 op, 183324698.00 ns, 5.7289 ms/op
// GC:  0 0 0 1632 32
// Threading:  0 2 32

// AfterAll
// Benchmark Process 3150 has exited with code 0.

Mean = 5.530 ms, StdErr = 0.133 ms (2.41%), N = 6, StdDev = 0.326 ms
Min = 5.044 ms, Q1 = 5.318 ms, Median = 5.637 ms, Q3 = 5.726 ms, Max = 5.897 ms
IQR = 0.408 ms, LowerFence = 4.706 ms, UpperFence = 6.338 ms
ConfidenceInterval = [4.616 ms; 6.445 ms] (CI 99.9%), Margin = 0.914 ms (16.53% of Mean)
Skewness = -0.37, Kurtosis = 1.24, MValue = 2

// ** Remained 1 (25.0 %) benchmark(s) to run. Estimated finish 2026-10-04 9:01 (0h 0m from now) **
// **************************
// Benchmark: RpcK8.Run: rpc(EvaluateOverhead=False, Clock=Armonik.Ffi.Bdn.CpuClock, IterationCount=6, IterationTime=100ms, LaunchCount=1, RunStrategy=Throughput, UnrollFactor=1, WarmupCount=10) [Case=Cf-re(...)MiB|8 [26]]
// *** Execute ***
// Launch: 1 / 1
// Execute: dotnet akrpc-rpc-1.dll --anonymousPipes 138 139 --benchmarkName "Armonik.Ffi.Campaign.RpcK8.Run(Case: \"Cf-retain|d|stream-16MiB|8\")" --job rpc --benchmarkId 3 in /home/user/ArmoniK.Api/ffi/poc/csharp/src/Rpc/bin/Release/net8.0/akrpc-rpc-1/bin/Release/net8.0
// BeforeAnythingElse

// Benchmark Process Environment Information:
// BenchmarkDotNet v0.15.8
// Runtime=.NET 8.0.31 (8.0.31, 8.0.3126.42015), X64 RyuJIT x86-64-v4
// GC=Concurrent Workstation
// HardwareIntrinsics=AVX512 F+BW+CD+DQ+VL,AVX2+BMI1+BMI2+F16C+FMA+LZCNT+MOVBE,AVX,SSE3+SSSE3+SSE4.1+SSE4.2+POPCNT,X86Base+SSE+SSE2,AES+PCLMUL VectorSize=256
// Job: rpc(EvaluateOverhead=False, Clock=Armonik.Ffi.Bdn.CpuClock, IterationCount=6, IterationTime=100ms, LaunchCount=1, RunStrategy=Throughput, UnrollFactor=1, WarmupCount=10)

OverheadJitting  1: 8 op, 329192.00 ns, 41.1490 us/op
WorkloadJitting  1: 8 op, 146281409.00 ns, 18.2852 ms/op

WorkloadPilot    1: 32 op, 559816024.00 ns, 17.4943 ms/op

WorkloadWarmup   1: 32 op, 536589926.00 ns, 16.7684 ms/op
WorkloadWarmup   2: 32 op, 523031160.00 ns, 16.3447 ms/op
WorkloadWarmup   3: 32 op, 490382970.00 ns, 15.3245 ms/op
WorkloadWarmup   4: 32 op, 547059143.00 ns, 17.0956 ms/op
WorkloadWarmup   5: 32 op, 543010407.00 ns, 16.9691 ms/op
WorkloadWarmup   6: 32 op, 541458713.00 ns, 16.9206 ms/op
WorkloadWarmup   7: 32 op, 553013488.00 ns, 17.2817 ms/op
WorkloadWarmup   8: 32 op, 507443898.00 ns, 15.8576 ms/op
WorkloadWarmup   9: 32 op, 571617793.00 ns, 17.8631 ms/op
WorkloadWarmup  10: 32 op, 539944831.00 ns, 16.8733 ms/op

// BeforeActualRun
WorkloadActual   1: 32 op, 601249792.00 ns, 18.7891 ms/op
WorkloadActual   2: 32 op, 523710277.00 ns, 16.3659 ms/op
WorkloadActual   3: 32 op, 595873617.00 ns, 18.6211 ms/op
WorkloadActual   4: 32 op, 577465626.00 ns, 18.0458 ms/op
WorkloadActual   5: 32 op, 651541450.00 ns, 20.3607 ms/op
WorkloadActual   6: 32 op, 578401187.00 ns, 18.0750 ms/op

// AfterActualRun
WorkloadResult   1: 32 op, 601249792.00 ns, 18.7891 ms/op
WorkloadResult   2: 32 op, 523710277.00 ns, 16.3659 ms/op
WorkloadResult   3: 32 op, 595873617.00 ns, 18.6211 ms/op
WorkloadResult   4: 32 op, 577465626.00 ns, 18.0458 ms/op
WorkloadResult   5: 32 op, 578401187.00 ns, 18.0750 ms/op
// GC:  0 0 0 10080 32
// Threading:  0 1 32

// AfterAll
// Benchmark Process 3186 has exited with code 0.

Mean = 17.979 ms, StdErr = 0.429 ms (2.39%), N = 5, StdDev = 0.960 ms
Min = 16.366 ms, Q1 = 18.046 ms, Median = 18.075 ms, Q3 = 18.621 ms, Max = 18.789 ms
IQR = 0.575 ms, LowerFence = 17.183 ms, UpperFence = 19.484 ms
ConfidenceInterval = [14.284 ms; 21.675 ms] (CI 99.9%), Margin = 3.695 ms (20.55% of Mean)
Skewness = -0.77, Kurtosis = 1.74, MValue = 2

// ** Remained 0 (0.0 %) benchmark(s) to run. Estimated finish 2026-10-04 9:01 (0h 0m from now) **
Run time: 00:00:16 (16.6 sec), executed benchmarks: 2

// ***** BenchmarkRunner: Finish  *****

// * Export *
  home/user/ArmoniK.Api/ffi/logs/csharp/opt/baseline/rpc-h2-batch.jsonl

// * Detailed results *
RpcK8.Run: rpc(EvaluateOverhead=False, Clock=Armonik.Ffi.Bdn.CpuClock, IterationCount=6, IterationTime=100ms, LaunchCount=1, RunStrategy=Throughput, UnrollFactor=1, WarmupCount=10) [Case=Cf-re(...)MiB|8 [26]]
Runtime = .NET 8.0.31 (8.0.31, 8.0.3126.42015), X64 RyuJIT x86-64-v4; GC = Concurrent Workstation
Mean = 17.979 ms, StdErr = 0.429 ms (2.39%), N = 5, StdDev = 0.960 ms
Min = 16.366 ms, Q1 = 18.046 ms, Median = 18.075 ms, Q3 = 18.621 ms, Max = 18.789 ms
IQR = 0.575 ms, LowerFence = 17.183 ms, UpperFence = 19.484 ms
ConfidenceInterval = [14.284 ms; 21.675 ms] (CI 99.9%), Margin = 3.695 ms (20.55% of Mean)
Skewness = -0.77, Kurtosis = 1.74, MValue = 2
-------------------- Histogram --------------------
[15.629 ms ; 17.103 ms) | @
[17.103 ms ; 17.681 ms) | 
[17.681 ms ; 19.154 ms) | @@@@
---------------------------------------------------

RpcK1.Run: rpc(EvaluateOverhead=False, Clock=Armonik.Ffi.Bdn.CpuClock, IterationCount=6, IterationTime=100ms, LaunchCount=1, RunStrategy=Throughput, UnrollFactor=1, WarmupCount=10) [Case=Cf-retain|c|P5.4|1]
Runtime = .NET 8.0.31 (8.0.31, 8.0.3126.42015), X64 RyuJIT x86-64-v4; GC = Concurrent Workstation
Mean = 7.547 ms, StdErr = 0.372 ms (4.93%), N = 6, StdDev = 0.911 ms
Min = 6.397 ms, Q1 = 6.891 ms, Median = 7.603 ms, Q3 = 8.036 ms, Max = 8.842 ms
IQR = 1.145 ms, LowerFence = 5.174 ms, UpperFence = 9.754 ms
ConfidenceInterval = [4.992 ms; 10.101 ms] (CI 99.9%), Margin = 2.554 ms (33.85% of Mean)
Skewness = 0.05, Kurtosis = 1.28, MValue = 2
-------------------- Histogram --------------------
[6.374 ms ; 7.690 ms) | @@@@
[7.690 ms ; 9.159 ms) | @@
---------------------------------------------------

RpcK1.Run: rpc(EvaluateOverhead=False, Clock=Armonik.Ffi.Bdn.CpuClock, IterationCount=6, IterationTime=100ms, LaunchCount=1, RunStrategy=Throughput, UnrollFactor=1, WarmupCount=10) [Case=Cf-re(...)MiB|1 [26]]
Runtime = .NET 8.0.31 (8.0.31, 8.0.3126.42015), X64 RyuJIT x86-64-v4; GC = Concurrent Workstation
Mean = 15.450 ms, StdErr = 0.349 ms (2.26%), N = 5, StdDev = 0.780 ms
Min = 14.211 ms, Q1 = 15.500 ms, Median = 15.561 ms, Q3 = 15.601 ms, Max = 16.378 ms
IQR = 0.100 ms, LowerFence = 15.350 ms, UpperFence = 15.751 ms
ConfidenceInterval = [12.446 ms; 18.454 ms] (CI 99.9%), Margin = 3.004 ms (19.44% of Mean)
Skewness = -0.46, Kurtosis = 1.67, MValue = 2
-------------------- Histogram --------------------
[13.612 ms ; 14.809 ms) | @
[14.809 ms ; 15.340 ms) | 
[15.340 ms ; 16.538 ms) | @@@@
---------------------------------------------------

RpcK8.Run: rpc(EvaluateOverhead=False, Clock=Armonik.Ffi.Bdn.CpuClock, IterationCount=6, IterationTime=100ms, LaunchCount=1, RunStrategy=Throughput, UnrollFactor=1, WarmupCount=10) [Case=Cf-retain|c|P5.4|8]
Runtime = .NET 8.0.31 (8.0.31, 8.0.3126.42015), X64 RyuJIT x86-64-v4; GC = Concurrent Workstation
Mean = 5.530 ms, StdErr = 0.133 ms (2.41%), N = 6, StdDev = 0.326 ms
Min = 5.044 ms, Q1 = 5.318 ms, Median = 5.637 ms, Q3 = 5.726 ms, Max = 5.897 ms
IQR = 0.408 ms, LowerFence = 4.706 ms, UpperFence = 6.338 ms
ConfidenceInterval = [4.616 ms; 6.445 ms] (CI 99.9%), Margin = 0.914 ms (16.53% of Mean)
Skewness = -0.37, Kurtosis = 1.24, MValue = 2
-------------------- Histogram --------------------
[4.906 ms ; 5.491 ms) | @@
[5.491 ms ; 5.962 ms) | @@@@
---------------------------------------------------

// * Summary *

BenchmarkDotNet v0.15.8, Linux Ubuntu 24.04.4 LTS (Noble Numbat)
Intel Xeon Processor 2.80GHz, 1 CPU, 4 logical and 4 physical cores
.NET SDK 8.0.131
  [Host] : .NET 8.0.31 (8.0.31, 8.0.3126.42015), X64 RyuJIT x86-64-v4
  rpc    : .NET 8.0.31 (8.0.31, 8.0.3126.42015), X64 RyuJIT x86-64-v4

Job=rpc  EvaluateOverhead=False  Clock=Armonik.Ffi.Bdn.CpuClock  
IterationCount=6  IterationTime=100ms  LaunchCount=1  
RunStrategy=Throughput  UnrollFactor=1  WarmupCount=10  

| Type  | Method | Case                 | Mean      | Error     | StdDev    | Allocated |
|------ |------- |--------------------- |----------:|----------:|----------:|----------:|
| RpcK8 | Run    | Cf-re(...)MiB|8 [26] | 17.979 ms | 3.6954 ms | 0.9597 ms |     315 B |
| RpcK1 | Run    | Cf-retain|c|P5.4|1   |  7.547 ms | 2.5545 ms | 0.9109 ms |      72 B |
| RpcK1 | Run    | Cf-re(...)MiB|1 [26] | 15.450 ms | 3.0041 ms | 0.7802 ms |     336 B |
| RpcK8 | Run    | Cf-retain|c|P5.4|8   |  5.530 ms | 0.9144 ms | 0.3261 ms |      51 B |

// * Legends *
  Case      : Value of the 'Case' parameter
  Mean      : Arithmetic mean of all measurements
  Error     : Half of 99.9% confidence interval
  StdDev    : Standard deviation of all measurements
  Allocated : Allocated memory per single operation (managed only, inclusive, 1KB = 1024B)
  1 ms      : 1 Millisecond (0.001 sec)

// * Diagnostic Output - AkRpcProcessCpu *

// * Diagnostic Output - MemoryDiagnoser *


// ***** BenchmarkRunner: End *****
Global total time: 00:00:48 (48.29 sec), executed benchmarks: 4
// * Artifacts cleanup *
Artifacts cleanup is finished
