# narrowed: arms [core-ffi,core-native] dirs [encode] end states [reused-buffer,transport-ready-tonic] inputs [hot]: 8 cases kept
# precheck: 32 checks, 0 failures, 1 inputs, 8 cases

Warning: It is not recommended to reduce nresamples below 1000.
Benchmarking codec/00000
Benchmarking codec/00000: Warming up for 100.00 ms
Benchmarking codec/00000: Collecting 10 samples in estimated 250.08 ms (4370 iterations)
Benchmarking codec/00000: Analyzing
Benchmarking codec/00004
Benchmarking codec/00004: Warming up for 100.00 ms
Benchmarking codec/00004: Collecting 10 samples in estimated 250.11 ms (4100 iterations)
Benchmarking codec/00004: Analyzing
Benchmarking codec/00005
Benchmarking codec/00005: Warming up for 100.00 ms
Benchmarking codec/00005: Collecting 10 samples in estimated 250.07 ms (4070 iterations)
Benchmarking codec/00005: Analyzing
Benchmarking codec/00001
Benchmarking codec/00001: Warming up for 100.00 ms
Benchmarking codec/00001: Collecting 10 samples in estimated 250.42 ms (4430 iterations)
Benchmarking codec/00001: Analyzing
Benchmarking codec/00002
Benchmarking codec/00002: Warming up for 100.00 ms
Benchmarking codec/00002: Collecting 10 samples in estimated 250.15 ms (3260 iterations)
Benchmarking codec/00002: Analyzing
Benchmarking codec/00007
Benchmarking codec/00007: Warming up for 100.00 ms
Benchmarking codec/00007: Collecting 10 samples in estimated 250.19 ms (3230 iterations)
Benchmarking codec/00007: Analyzing
Benchmarking codec/00006
Benchmarking codec/00006: Warming up for 100.00 ms
Benchmarking codec/00006: Collecting 10 samples in estimated 250.24 ms (3220 iterations)
Benchmarking codec/00006: Analyzing
Benchmarking codec/00003
Benchmarking codec/00003: Warming up for 100.00 ms
Benchmarking codec/00003: Collecting 10 samples in estimated 250.36 ms (3230 iterations)
Benchmarking codec/00003: Analyzing
# wrote 80 sample rows to /home/user/ArmoniK.Api/ffi/logs/rust/opt/patches/backward-encode/bench-p6-v2/codec-v1-1.jsonl
