unknown|U-enum-value-999|ascii|encode|incumbent-prod|incumbent-default: 185 ns
unknown|U-enum-value-999|ascii|encode|core-ffi|drop: 364 ns
unknown|U-enum-value-999|ascii|encode|core-ffi|retain: 409 ns
unknown|U-enum-value-999|ascii|encode|host-gen|drop: 1.14 us
unknown|U-enum-value-999|ascii|encode|host-gen|retain: 1.24 us
unknown|U-enum-value-999|ascii|decode|incumbent-prod|incumbent-default: 389 ns
unknown|U-enum-value-999|ascii|decode|core-ffi|drop: 770 ns
unknown|U-enum-value-999|ascii|decode|core-ffi|retain: 833 ns
unknown|U-enum-value-999|ascii|decode|host-gen|drop: 1.90 us
unknown|U-enum-value-999|ascii|decode|host-gen|retain: 2.01 us
unknown|U-enum-value-999|ascii|decode+read|incumbent-prod|incumbent-default: 3.87 us
unknown|U-enum-value-999|ascii|decode+read|core-ffi|drop: 2.77 us
unknown|U-enum-value-999|ascii|decode+read|core-ffi|retain: 2.91 us
unknown|U-enum-value-999|ascii|decode+read|host-gen|drop: 3.87 us
unknown|U-enum-value-999|ascii|decode+read|host-gen|retain: 4.13 us
unknown|U-nested-all|ascii|encode|incumbent-prod|incumbent-default: 325 ns
unknown|U-nested-all|ascii|encode|core-ffi|drop: 518 ns
unknown|U-nested-all|ascii|encode|core-ffi|retain: 555 ns
unknown|U-nested-all|ascii|encode|host-gen|drop: 4.18 us
unknown|U-nested-all|ascii|encode|host-gen|retain: 4.20 us
unknown|U-nested-all|ascii|decode|incumbent-prod|incumbent-default: 690 ns
unknown|U-nested-all|ascii|decode|core-ffi|drop: 1.30 us
unknown|U-nested-all|ascii|decode|core-ffi|retain: 1.51 us
unknown|U-nested-all|ascii|decode|host-gen|drop: 12.4 us
unknown|U-nested-all|ascii|decode|host-gen|retain: 13.9 us
unknown|U-nested-all|ascii|decode+read|incumbent-prod|incumbent-default: 6.08 us
unknown|U-nested-all|ascii|decode+read|core-ffi|drop: 4.10 us
unknown|U-nested-all|ascii|decode+read|core-ffi|retain: 4.46 us
unknown|U-nested-all|ascii|decode+read|host-gen|drop: 16.0 us
unknown|U-nested-all|ascii|decode+read|host-gen|retain: 16.9 us
unknown|U-oneof-all|ascii|encode|incumbent-prod|incumbent-default: 200 ns
unknown|U-oneof-all|ascii|encode|core-ffi|drop: 386 ns
unknown|U-oneof-all|ascii|encode|core-ffi|retain: 451 ns
unknown|U-oneof-all|ascii|encode|host-gen|drop: 2.07 us
unknown|U-oneof-all|ascii|encode|host-gen|retain: 2.16 us
unknown|U-oneof-all|ascii|decode|incumbent-prod|incumbent-default: 578 ns
unknown|U-oneof-all|ascii|decode|core-ffi|drop: 848 ns
unknown|U-oneof-all|ascii|decode|core-ffi|retain: 1.10 us
unknown|U-oneof-all|ascii|decode|host-gen|drop: 8.29 us
unknown|U-oneof-all|ascii|decode|host-gen|retain: 9.44 us
unknown|U-oneof-all|ascii|decode+read|incumbent-prod|incumbent-default: 3.50 us
unknown|U-oneof-all|ascii|decode+read|core-ffi|drop: 1.93 us
unknown|U-oneof-all|ascii|decode+read|core-ffi|retain: 2.21 us
unknown|U-oneof-all|ascii|decode+read|host-gen|drop: 9.80 us
unknown|U-oneof-all|ascii|decode+read|host-gen|retain: 10.4 us
unknown|U-root-all|ascii|encode|incumbent-prod|incumbent-default: 595 ns
unknown|U-root-all|ascii|encode|core-ffi|drop: 741 ns
unknown|U-root-all|ascii|encode|core-ffi|retain: 779 ns
unknown|U-root-all|ascii|encode|host-gen|drop: 9.09 us
unknown|U-root-all|ascii|encode|host-gen|retain: 8.54 us
unknown|U-root-all|ascii|decode|incumbent-prod|incumbent-default: 961 ns
unknown|U-root-all|ascii|decode|core-ffi|drop: 1.85 us
unknown|U-root-all|ascii|decode|core-ffi|retain: 2.08 us
unknown|U-root-all|ascii|decode|host-gen|drop: 21.7 us
unknown|U-root-all|ascii|decode|host-gen|retain: 23.3 us
unknown|U-root-all|ascii|decode+read|incumbent-prod|incumbent-default: 9.63 us
unknown|U-root-all|ascii|decode+read|core-ffi|drop: 6.75 us
unknown|U-root-all|ascii|decode+read|core-ffi|retain: 7.24 us
unknown|U-root-all|ascii|decode+read|host-gen|drop: 27.9 us
unknown|U-root-all|ascii|decode+read|host-gen|retain: 29.9 us
