# FIGURES STRIPPED; the raw pyperf JSON is not committed
shapes|P1.1|ascii|encode|incumbent-prod|incumbent-default: [stripped]
shapes|P1.1|ascii|encode|incumbent-best|incumbent-default: [stripped]
shapes|P1.1|ascii|encode|core-ffi|drop: [stripped]
shapes|P1.1|ascii|encode|core-ffi|retain: [stripped]
shapes|P1.1|ascii|encode|core-ffi-attr|drop: [stripped]
shapes|P1.1|ascii|encode|host-gen|drop: [stripped]
shapes|P1.1|ascii|encode|host-gen|retain: [stripped]
shapes|P1.1|ascii|encode|host-gen-plain|drop: [stripped]
shapes|P1.1|ascii|encode-pool|incumbent-prod|incumbent-default: [stripped]
shapes|P1.1|ascii|encode-pool|incumbent-best|incumbent-default: [stripped]
shapes|P1.1|ascii|encode-pool|core-ffi|drop: [stripped]
shapes|P1.1|ascii|encode-pool|core-ffi|retain: [stripped]
shapes|P1.1|ascii|encode-pool|core-ffi-attr|drop: [stripped]
shapes|P1.1|ascii|encode-pool|host-gen|drop: [stripped]
shapes|P1.1|ascii|encode-pool|host-gen|retain: [stripped]
shapes|P1.1|ascii|encode-pool|host-gen-plain|drop: [stripped]
shapes|P1.1|ascii|encode-reused|core-ffi|drop: [stripped]
shapes|P1.1|ascii|encode-reused|core-ffi|retain: [stripped]
shapes|P1.1|ascii|encode-reused|core-ffi-attr|drop: [stripped]
shapes|P1.1|ascii|encode-pool-reused|core-ffi|drop: [stripped]
shapes|P1.1|ascii|encode-pool-reused|core-ffi|retain: [stripped]
shapes|P1.1|ascii|encode-pool-reused|core-ffi-attr|drop: [stripped]
shapes|P1.1|ascii|decode|incumbent-prod|incumbent-default: [stripped]
shapes|P1.1|ascii|decode|incumbent-best|incumbent-default: [stripped]
shapes|P1.1|ascii|decode|core-ffi|drop: [stripped]
shapes|P1.1|ascii|decode|core-ffi|retain: [stripped]
shapes|P1.1|ascii|decode|core-ffi-attr|drop: [stripped]
shapes|P1.1|ascii|decode|host-gen|drop: [stripped]
shapes|P1.1|ascii|decode|host-gen|retain: [stripped]
shapes|P1.1|ascii|decode|host-gen-plain|drop: [stripped]
shapes|P1.1|ascii|decode+read|incumbent-prod|incumbent-default: [stripped]
shapes|P1.1|ascii|decode+read|incumbent-best|incumbent-default: [stripped]
shapes|P1.1|ascii|decode+read|core-ffi|drop: [stripped]
shapes|P1.1|ascii|decode+read|core-ffi|retain: [stripped]
shapes|P1.1|ascii|decode+read|core-ffi-attr|drop: [stripped]
shapes|P1.1|ascii|decode+read|host-gen|drop: [stripped]
shapes|P1.1|ascii|decode+read|host-gen|retain: [stripped]
shapes|P1.1|ascii|decode+read|host-gen-plain|drop: [stripped]
