# FIGURES STRIPPED (FIX-PLAN WP6); the raw pyperf JSON is not committed
unknown-corpus|U-deep-all|ascii|encode|incumbent-prod|incumbent-default: [stripped]
unknown-corpus|U-deep-all|ascii|encode|core-ffi|drop: [stripped]
unknown-corpus|U-deep-all|ascii|encode|core-ffi|retain: [stripped]
unknown-corpus|U-deep-all|ascii|encode|host-gen|drop: [stripped]
unknown-corpus|U-deep-all|ascii|encode|host-gen|retain: [stripped]
unknown-corpus|U-deep-all|ascii|encode|host-gen-plain|drop: [stripped]
unknown-corpus|U-deep-all|ascii|decode|incumbent-prod|incumbent-default: [stripped]
unknown-corpus|U-deep-all|ascii|decode|core-ffi|drop: [stripped]
unknown-corpus|U-deep-all|ascii|decode|core-ffi|retain: [stripped]
unknown-corpus|U-deep-all|ascii|decode|host-gen|drop: [stripped]
unknown-corpus|U-deep-all|ascii|decode|host-gen|retain: [stripped]
unknown-corpus|U-deep-all|ascii|decode|host-gen-plain|drop: [stripped]
unknown-corpus|U-deep-all|ascii|decode+read|incumbent-prod|incumbent-default: [stripped]
unknown-corpus|U-deep-all|ascii|decode+read|core-ffi|drop: [stripped]
unknown-corpus|U-deep-all|ascii|decode+read|core-ffi|retain: [stripped]
unknown-corpus|U-deep-all|ascii|decode+read|host-gen|drop: [stripped]
unknown-corpus|U-deep-all|ascii|decode+read|host-gen|retain: [stripped]
unknown-corpus|U-deep-all|ascii|decode+read|host-gen-plain|drop: [stripped]
unknown-corpus|U-enum-value-999|ascii|encode|incumbent-prod|incumbent-default: [stripped]
unknown-corpus|U-enum-value-999|ascii|encode|core-ffi|drop: [stripped]
unknown-corpus|U-enum-value-999|ascii|encode|core-ffi|retain: [stripped]
unknown-corpus|U-enum-value-999|ascii|encode|host-gen|drop: [stripped]
unknown-corpus|U-enum-value-999|ascii|encode|host-gen|retain: [stripped]
unknown-corpus|U-enum-value-999|ascii|encode|host-gen-plain|drop: [stripped]
unknown-corpus|U-enum-value-999|ascii|decode|incumbent-prod|incumbent-default: [stripped]
unknown-corpus|U-enum-value-999|ascii|decode|core-ffi|drop: [stripped]
unknown-corpus|U-enum-value-999|ascii|decode|core-ffi|retain: [stripped]
unknown-corpus|U-enum-value-999|ascii|decode|host-gen|drop: [stripped]
unknown-corpus|U-enum-value-999|ascii|decode|host-gen|retain: [stripped]
unknown-corpus|U-enum-value-999|ascii|decode|host-gen-plain|drop: [stripped]
unknown-corpus|U-enum-value-999|ascii|decode+read|incumbent-prod|incumbent-default: [stripped]
unknown-corpus|U-enum-value-999|ascii|decode+read|core-ffi|drop: [stripped]
unknown-corpus|U-enum-value-999|ascii|decode+read|core-ffi|retain: [stripped]
unknown-corpus|U-enum-value-999|ascii|decode+read|host-gen|drop: [stripped]
unknown-corpus|U-enum-value-999|ascii|decode+read|host-gen|retain: [stripped]
unknown-corpus|U-enum-value-999|ascii|decode+read|host-gen-plain|drop: [stripped]
unknown-corpus|U-nested-all|ascii|encode|incumbent-prod|incumbent-default: [stripped]
unknown-corpus|U-nested-all|ascii|encode|core-ffi|drop: [stripped]
unknown-corpus|U-nested-all|ascii|encode|core-ffi|retain: [stripped]
unknown-corpus|U-nested-all|ascii|encode|host-gen|drop: [stripped]
unknown-corpus|U-nested-all|ascii|encode|host-gen|retain: [stripped]
unknown-corpus|U-nested-all|ascii|encode|host-gen-plain|drop: [stripped]
unknown-corpus|U-nested-all|ascii|decode|incumbent-prod|incumbent-default: [stripped]
unknown-corpus|U-nested-all|ascii|decode|core-ffi|drop: [stripped]
unknown-corpus|U-nested-all|ascii|decode|core-ffi|retain: [stripped]
unknown-corpus|U-nested-all|ascii|decode|host-gen|drop: [stripped]
unknown-corpus|U-nested-all|ascii|decode|host-gen|retain: [stripped]
unknown-corpus|U-nested-all|ascii|decode|host-gen-plain|drop: [stripped]
unknown-corpus|U-nested-all|ascii|decode+read|incumbent-prod|incumbent-default: [stripped]
unknown-corpus|U-nested-all|ascii|decode+read|core-ffi|drop: [stripped]
unknown-corpus|U-nested-all|ascii|decode+read|core-ffi|retain: [stripped]
unknown-corpus|U-nested-all|ascii|decode+read|host-gen|drop: [stripped]
unknown-corpus|U-nested-all|ascii|decode+read|host-gen|retain: [stripped]
unknown-corpus|U-nested-all|ascii|decode+read|host-gen-plain|drop: [stripped]
unknown-corpus|U-oneof-all|ascii|encode|incumbent-prod|incumbent-default: [stripped]
unknown-corpus|U-oneof-all|ascii|encode|core-ffi|drop: [stripped]
unknown-corpus|U-oneof-all|ascii|encode|core-ffi|retain: [stripped]
unknown-corpus|U-oneof-all|ascii|encode|host-gen|drop: [stripped]
unknown-corpus|U-oneof-all|ascii|encode|host-gen|retain: [stripped]
unknown-corpus|U-oneof-all|ascii|encode|host-gen-plain|drop: [stripped]
unknown-corpus|U-oneof-all|ascii|decode|incumbent-prod|incumbent-default: [stripped]
unknown-corpus|U-oneof-all|ascii|decode|core-ffi|drop: [stripped]
unknown-corpus|U-oneof-all|ascii|decode|core-ffi|retain: [stripped]
unknown-corpus|U-oneof-all|ascii|decode|host-gen|drop: [stripped]
unknown-corpus|U-oneof-all|ascii|decode|host-gen|retain: [stripped]
unknown-corpus|U-oneof-all|ascii|decode|host-gen-plain|drop: [stripped]
unknown-corpus|U-oneof-all|ascii|decode+read|incumbent-prod|incumbent-default: [stripped]
unknown-corpus|U-oneof-all|ascii|decode+read|core-ffi|drop: [stripped]
unknown-corpus|U-oneof-all|ascii|decode+read|core-ffi|retain: [stripped]
unknown-corpus|U-oneof-all|ascii|decode+read|host-gen|drop: [stripped]
unknown-corpus|U-oneof-all|ascii|decode+read|host-gen|retain: [stripped]
unknown-corpus|U-oneof-all|ascii|decode+read|host-gen-plain|drop: [stripped]
unknown-corpus|U-root-all|ascii|encode|incumbent-prod|incumbent-default: [stripped]
unknown-corpus|U-root-all|ascii|encode|core-ffi|drop: [stripped]
unknown-corpus|U-root-all|ascii|encode|core-ffi|retain: [stripped]
unknown-corpus|U-root-all|ascii|encode|host-gen|drop: [stripped]
unknown-corpus|U-root-all|ascii|encode|host-gen|retain: [stripped]
unknown-corpus|U-root-all|ascii|encode|host-gen-plain|drop: [stripped]
unknown-corpus|U-root-all|ascii|decode|incumbent-prod|incumbent-default: [stripped]
unknown-corpus|U-root-all|ascii|decode|core-ffi|drop: [stripped]
unknown-corpus|U-root-all|ascii|decode|core-ffi|retain: [stripped]
unknown-corpus|U-root-all|ascii|decode|host-gen|drop: [stripped]
unknown-corpus|U-root-all|ascii|decode|host-gen|retain: [stripped]
unknown-corpus|U-root-all|ascii|decode|host-gen-plain|drop: [stripped]
unknown-corpus|U-root-all|ascii|decode+read|incumbent-prod|incumbent-default: [stripped]
unknown-corpus|U-root-all|ascii|decode+read|core-ffi|drop: [stripped]
unknown-corpus|U-root-all|ascii|decode+read|core-ffi|retain: [stripped]
unknown-corpus|U-root-all|ascii|decode+read|host-gen|drop: [stripped]
unknown-corpus|U-root-all|ascii|decode+read|host-gen|retain: [stripped]
unknown-corpus|U-root-all|ascii|decode+read|host-gen-plain|drop: [stripped]
