# FIGURES STRIPPED (FIX-PLAN WP6); the raw pyperf JSON is not committed
rpc|nounk|shipped|d|4MiB|A|1: [stripped]
rpc|nounk|shipped|d|4MiB|B|1: [stripped]
rpc|nounk|shipped|d|4MiB|Bf|1: [stripped]
rpc|nounk|shipped|d|4MiB|C-nounk|1: [stripped]
rpc|nounk|shipped|d|4MiB|Cf-nounk|1: [stripped]
rpc|nounk|shipped|d|4MiB|D-nounk|1: [stripped]
rpc|nounk|shipped|d|4MiB|Cc-nounk|1: [stripped]
rpc|nounk|shipped|d|4MiB|E-nounk|1: [stripped]
rpc|nounk|shipped|d|4MiB|Ef-nounk|1: [stripped]
rpc|nounk|shipped|d|4MiB|F-nounk|1: [stripped]
rpc|nounk|shipped|d|4MiB|A|8: [stripped]
rpc|nounk|shipped|d|4MiB|B|8: [stripped]
rpc|nounk|shipped|d|4MiB|Bf|8: [stripped]
rpc|nounk|shipped|d|4MiB|C-nounk|8: [stripped]
rpc|nounk|shipped|d|4MiB|Cf-nounk|8: [stripped]
rpc|nounk|shipped|d|4MiB|D-nounk|8: [stripped]
rpc|nounk|shipped|d|4MiB|Cc-nounk|8: [stripped]
rpc|nounk|shipped|d|4MiB|E-nounk|8: [stripped]
rpc|nounk|shipped|d|4MiB|Ef-nounk|8: [stripped]
rpc|nounk|shipped|d|4MiB|F-nounk|8: [stripped]
rpc|nounk|shipped|d|16MiB|A|1: [stripped]
rpc|nounk|shipped|d|16MiB|B|1: [stripped]
rpc|nounk|shipped|d|16MiB|Bf|1: [stripped]
rpc|nounk|shipped|d|16MiB|C-nounk|1: [stripped]
rpc|nounk|shipped|d|16MiB|Cf-nounk|1: [stripped]
rpc|nounk|shipped|d|16MiB|D-nounk|1: [stripped]
rpc|nounk|shipped|d|16MiB|Cc-nounk|1: [stripped]
rpc|nounk|shipped|d|16MiB|E-nounk|1: [stripped]
rpc|nounk|shipped|d|16MiB|Ef-nounk|1: [stripped]
rpc|nounk|shipped|d|16MiB|F-nounk|1: [stripped]
rpc|nounk|shipped|d|16MiB|A|8: [stripped]
rpc|nounk|shipped|d|16MiB|B|8: [stripped]
rpc|nounk|shipped|d|16MiB|Bf|8: [stripped]
rpc|nounk|shipped|d|16MiB|C-nounk|8: [stripped]
rpc|nounk|shipped|d|16MiB|Cf-nounk|8: [stripped]
rpc|nounk|shipped|d|16MiB|D-nounk|8: [stripped]
rpc|nounk|shipped|d|16MiB|Cc-nounk|8: [stripped]
rpc|nounk|shipped|d|16MiB|E-nounk|8: [stripped]
rpc|nounk|shipped|d|16MiB|Ef-nounk|8: [stripped]
rpc|nounk|shipped|d|16MiB|F-nounk|8: [stripped]
