# FIGURES STRIPPED (FIX-PLAN WP6); the raw pyperf JSON is not committed
rpc|nounk|shipped|c|P5.3|A|1: [stripped]
rpc|nounk|shipped|c|P5.3|B|1: [stripped]
rpc|nounk|shipped|c|P5.3|Bf|1: [stripped]
rpc|nounk|shipped|c|P5.3|C-nounk|1: [stripped]
rpc|nounk|shipped|c|P5.3|Cf-nounk|1: [stripped]
rpc|nounk|shipped|c|P5.3|D-nounk|1: [stripped]
rpc|nounk|shipped|c|P5.3|Cc-nounk|1: [stripped]
rpc|nounk|shipped|c|P5.3|E-nounk|1: [stripped]
rpc|nounk|shipped|c|P5.3|Ef-nounk|1: [stripped]
rpc|nounk|shipped|c|P5.3|F-nounk|1: [stripped]
rpc|nounk|shipped|c|P5.3|A|8: [stripped]
rpc|nounk|shipped|c|P5.3|B|8: [stripped]
rpc|nounk|shipped|c|P5.3|Bf|8: [stripped]
rpc|nounk|shipped|c|P5.3|C-nounk|8: [stripped]
rpc|nounk|shipped|c|P5.3|Cf-nounk|8: [stripped]
rpc|nounk|shipped|c|P5.3|D-nounk|8: [stripped]
rpc|nounk|shipped|c|P5.3|Cc-nounk|8: [stripped]
rpc|nounk|shipped|c|P5.3|E-nounk|8: [stripped]
rpc|nounk|shipped|c|P5.3|Ef-nounk|8: [stripped]
rpc|nounk|shipped|c|P5.3|F-nounk|8: [stripped]
rpc|nounk|shipped|c|P5.4|A|1: [stripped]
rpc|nounk|shipped|c|P5.4|B|1: [stripped]
rpc|nounk|shipped|c|P5.4|Bf|1: [stripped]
rpc|nounk|shipped|c|P5.4|C-nounk|1: [stripped]
rpc|nounk|shipped|c|P5.4|Cf-nounk|1: [stripped]
rpc|nounk|shipped|c|P5.4|D-nounk|1: [stripped]
rpc|nounk|shipped|c|P5.4|Cc-nounk|1: [stripped]
rpc|nounk|shipped|c|P5.4|E-nounk|1: [stripped]
rpc|nounk|shipped|c|P5.4|Ef-nounk|1: [stripped]
rpc|nounk|shipped|c|P5.4|F-nounk|1: [stripped]
rpc|nounk|shipped|c|P5.4|A|8: [stripped]
rpc|nounk|shipped|c|P5.4|B|8: [stripped]
rpc|nounk|shipped|c|P5.4|Bf|8: [stripped]
rpc|nounk|shipped|c|P5.4|C-nounk|8: [stripped]
rpc|nounk|shipped|c|P5.4|Cf-nounk|8: [stripped]
rpc|nounk|shipped|c|P5.4|D-nounk|8: [stripped]
rpc|nounk|shipped|c|P5.4|Cc-nounk|8: [stripped]
rpc|nounk|shipped|c|P5.4|E-nounk|8: [stripped]
rpc|nounk|shipped|c|P5.4|Ef-nounk|8: [stripped]
rpc|nounk|shipped|c|P5.4|F-nounk|8: [stripped]
