# FIGURES STRIPPED (FIX-PLAN WP6); the raw pyperf JSON is not committed
rpc|nounk|shipped|a|P2.2|A|1: [stripped]
rpc|nounk|shipped|a|P2.2|B|1: [stripped]
rpc|nounk|shipped|a|P2.2|C-nounk|1: [stripped]
rpc|nounk|shipped|a|P2.2|D-nounk|1: [stripped]
rpc|nounk|shipped|a|P2.2|E-nounk|1: [stripped]
rpc|nounk|shipped|a|P2.2|F-nounk|1: [stripped]
rpc|nounk|shipped|a|P2.2|A|8: [stripped]
rpc|nounk|shipped|a|P2.2|B|8: [stripped]
rpc|nounk|shipped|a|P2.2|C-nounk|8: [stripped]
rpc|nounk|shipped|a|P2.2|D-nounk|8: [stripped]
rpc|nounk|shipped|a|P2.2|E-nounk|8: [stripped]
rpc|nounk|shipped|a|P2.2|F-nounk|8: [stripped]
rpc|nounk|shipped|a|P2.2|A|16: [stripped]
rpc|nounk|shipped|a|P2.2|B|16: [stripped]
rpc|nounk|shipped|a|P2.2|C-nounk|16: [stripped]
rpc|nounk|shipped|a|P2.2|D-nounk|16: [stripped]
rpc|nounk|shipped|a|P2.2|E-nounk|16: [stripped]
rpc|nounk|shipped|a|P2.2|F-nounk|16: [stripped]
rpc|nounk|shipped|a+read|P2.2|A|1: [stripped]
rpc|nounk|shipped|a+read|P2.2|B|1: [stripped]
rpc|nounk|shipped|a+read|P2.2|C-nounk|1: [stripped]
rpc|nounk|shipped|a+read|P2.2|D-nounk|1: [stripped]
rpc|nounk|shipped|a+read|P2.2|E-nounk|1: [stripped]
rpc|nounk|shipped|a+read|P2.2|F-nounk|1: [stripped]
rpc|nounk|shipped|a+read|P2.2|A|8: [stripped]
rpc|nounk|shipped|a+read|P2.2|B|8: [stripped]
rpc|nounk|shipped|a+read|P2.2|C-nounk|8: [stripped]
rpc|nounk|shipped|a+read|P2.2|D-nounk|8: [stripped]
rpc|nounk|shipped|a+read|P2.2|E-nounk|8: [stripped]
rpc|nounk|shipped|a+read|P2.2|F-nounk|8: [stripped]
rpc|nounk|shipped|a+read|P2.2|A|16: [stripped]
rpc|nounk|shipped|a+read|P2.2|B|16: [stripped]
rpc|nounk|shipped|a+read|P2.2|C-nounk|16: [stripped]
rpc|nounk|shipped|a+read|P2.2|D-nounk|16: [stripped]
rpc|nounk|shipped|a+read|P2.2|E-nounk|16: [stripped]
rpc|nounk|shipped|a+read|P2.2|F-nounk|16: [stripped]
rpc|nounk|shipped|b|P2.2|A|1: [stripped]
rpc|nounk|shipped|b|P2.2|B|1: [stripped]
rpc|nounk|shipped|b|P2.2|C-nounk|1: [stripped]
rpc|nounk|shipped|b|P2.2|D-nounk|1: [stripped]
rpc|nounk|shipped|b|P2.2|Cc-nounk|1: [stripped]
rpc|nounk|shipped|b|P2.2|E-nounk|1: [stripped]
rpc|nounk|shipped|b|P2.2|F-nounk|1: [stripped]
rpc|nounk|shipped|b|P2.2|Bf|1: [stripped]
rpc|nounk|shipped|b|P2.2|Cf-nounk|1: [stripped]
rpc|nounk|shipped|b|P2.2|Ef-nounk|1: [stripped]
rpc|nounk|shipped|b|P2.2|A|8: [stripped]
rpc|nounk|shipped|b|P2.2|B|8: [stripped]
rpc|nounk|shipped|b|P2.2|C-nounk|8: [stripped]
rpc|nounk|shipped|b|P2.2|D-nounk|8: [stripped]
rpc|nounk|shipped|b|P2.2|Cc-nounk|8: [stripped]
rpc|nounk|shipped|b|P2.2|E-nounk|8: [stripped]
rpc|nounk|shipped|b|P2.2|F-nounk|8: [stripped]
rpc|nounk|shipped|b|P2.2|Bf|8: [stripped]
rpc|nounk|shipped|b|P2.2|Cf-nounk|8: [stripped]
rpc|nounk|shipped|b|P2.2|Ef-nounk|8: [stripped]
rpc|nounk|shipped|b|P2.2|A|16: [stripped]
rpc|nounk|shipped|b|P2.2|B|16: [stripped]
rpc|nounk|shipped|b|P2.2|C-nounk|16: [stripped]
rpc|nounk|shipped|b|P2.2|D-nounk|16: [stripped]
rpc|nounk|shipped|b|P2.2|Cc-nounk|16: [stripped]
rpc|nounk|shipped|b|P2.2|E-nounk|16: [stripped]
rpc|nounk|shipped|b|P2.2|F-nounk|16: [stripped]
rpc|nounk|shipped|b|P2.2|Bf|16: [stripped]
rpc|nounk|shipped|b|P2.2|Cf-nounk|16: [stripped]
rpc|nounk|shipped|b|P2.2|Ef-nounk|16: [stripped]
