[0s] build: full (target/) and no-unknown (target-nounk/)
  variant ok: /home/user/ArmoniK.Api/ffi/poc/rust/target/release/deps/codec_suite-e61aaf60c9627b13 -> /home/user/ArmoniK.Api/ffi/poc/rust/target/release/deps/libak_core.so (7 ak_uencode_* exports)
  variant ok: /home/user/ArmoniK.Api/ffi/poc/rust/target-nounk/release/deps/codec_suite-3705c753bc5960b7 -> /home/user/ArmoniK.Api/ffi/poc/rust/target-nounk/release/deps/libak_core.so (0 ak_uencode_* exports)
  variant ok: target/release/rpc_client -> /home/user/ArmoniK.Api/ffi/poc/rust/target/release/deps/libak_core.so (7 ak_uencode_* exports)
  variant ok: target-nounk/release/rpc_client -> /home/user/ArmoniK.Api/ffi/poc/rust/target-nounk/release/deps/libak_core.so (0 ak_uencode_* exports)
[0s] crossings: counting builds, both variants
  crossings: 766 rows identical to gen/crossings.txt
  crossings-nounk: 389 rows identical to gen/crossings-nounk.txt
[8s] codec: payloads, full build
  codec codec-P: precheck: 1172 checks, 0 failures, 22 inputs, 1040 cases; 10400 sample rows; 144s -> codec-P.jsonl
[152s] codec: payloads, no-unknown build
  codec codec-nounk-P: precheck: 713 checks, 0 failures, 22 inputs, 648 cases; 6480 sample rows; 90s -> codec-nounk-P.jsonl
[242s] codec: U-* rows, full build (reduced settings)
  codec codec-U: precheck: 4568 checks, 0 failures, 92 inputs, 4092 cases; 40920 sample rows; 115s -> codec-U.jsonl
[357s] codec: U-* rows, no-unknown build (reduced settings)
  codec codec-nounk-U: precheck: 2544 checks, 0 failures, 92 inputs, 2436 cases; 24360 sample rows; 72s -> codec-nounk-U.jsonl
[429s] calib
  calib: 10 rows
[429s] rpc: transport shipped
  rpc shipped (full client, cell A, dir a): control aborted with no output: ABORT (requirement 18): server warm-up: cell A response 540422 B, expected 540423
  rpc shipped (full client, cell A, dir c): control aborted with no output: ABORT (requirement 18): server warm-up: cell A upload response 0 B, expected 1
  rpc shipped (full client, cell A, dir d): control aborted with no output: ABORT (requirement 18): server warm-up: cell A: the server received 4194304 data bytes, expected 4194305
  rpc shipped (full client, cell B, dir a): control aborted with no output: ABORT (requirement 18): server warm-up: cell B response 540422 B, expected 540423
  rpc shipped (full client, cell B, dir c): control aborted with no output: ABORT (requirement 18): server warm-up: cell B upload response 0 B, expected 1
  rpc shipped (full client, cell B, dir d): control aborted with no output: ABORT (requirement 18): server warm-up: cell B: the server received 4194304 data bytes, expected 4194305
  rpc shipped (full client, cell Bf, dir a): control aborted with no output: ABORT (requirement 18): server warm-up: cell Bf response 540422 B, expected 540423
  rpc shipped (full client, cell Bf, dir c): control aborted with no output: ABORT (requirement 18): server warm-up: cell Bf upload response 0 B, expected 1
  rpc shipped (full client, cell Bf, dir d): control aborted with no output: ABORT (requirement 18): server warm-up: cell Bf: the server received 4194304 data bytes, expected 4194305
  rpc shipped (full client, cell Df, dir a): control aborted with no output: ABORT (requirement 18): server warm-up: cell Df-retain response 540422 B, expected 540423
  rpc shipped (full client, cell Df, dir c): control aborted with no output: ABORT (requirement 18): server warm-up: cell Df-retain upload response 0 B, expected 1
  rpc shipped (full client, cell Df, dir d): control aborted with no output: ABORT (requirement 18): server warm-up: cell Df-retain: the server received 4194304 data bytes, expected 4194305
  rpc shipped (nounk client, cell A, dir a): control aborted with no output: ABORT (requirement 18): server warm-up: cell A response 540422 B, expected 540423
  rpc shipped (nounk client, cell A, dir c): control aborted with no output: ABORT (requirement 18): server warm-up: cell A upload response 0 B, expected 1
  rpc shipped (nounk client, cell A, dir d): control aborted with no output: ABORT (requirement 18): server warm-up: cell A: the server received 4194304 data bytes, expected 4194305
  rpc shipped (nounk client, cell B, dir a): control aborted with no output: ABORT (requirement 18): server warm-up: cell B response 540422 B, expected 540423
  rpc shipped (nounk client, cell B, dir c): control aborted with no output: ABORT (requirement 18): server warm-up: cell B upload response 0 B, expected 1
  rpc shipped (nounk client, cell B, dir d): control aborted with no output: ABORT (requirement 18): server warm-up: cell B: the server received 4194304 data bytes, expected 4194305
  rpc shipped (nounk client, cell Bf, dir a): control aborted with no output: ABORT (requirement 18): server warm-up: cell Bf response 540422 B, expected 540423
  rpc shipped (nounk client, cell Bf, dir c): control aborted with no output: ABORT (requirement 18): server warm-up: cell Bf upload response 0 B, expected 1
  rpc shipped (nounk client, cell Bf, dir d): control aborted with no output: ABORT (requirement 18): server warm-up: cell Bf: the server received 4194304 data bytes, expected 4194305
  rpc shipped (nounk client, cell Df, dir a): control aborted with no output: ABORT (requirement 18): server warm-up: cell Df-nounk response 540422 B, expected 540423
  rpc shipped (nounk client, cell Df, dir c): control aborted with no output: ABORT (requirement 18): server warm-up: cell Df-nounk upload response 0 B, expected 1
  rpc shipped (nounk client, cell Df, dir d): control aborted with no output: ABORT (requirement 18): server warm-up: cell Df-nounk: the server received 4194304 data bytes, expected 4194305
  rpc shipped (full client): 969 rows -> rpc-shipped.jsonl
  rpc shipped (nounk client): 561 rows -> rpc-shipped-nounk.jsonl
[568s] rpc: transport pinned
  rpc pinned (full client, cell A, dir a): control aborted with no output: ABORT (requirement 18): server warm-up: cell A response 540422 B, expected 540423
  rpc pinned (full client, cell A, dir c): control aborted with no output: ABORT (requirement 18): server warm-up: cell A upload response 0 B, expected 1
  rpc pinned (full client, cell A, dir d): control aborted with no output: ABORT (requirement 18): server warm-up: cell A: the server received 4194304 data bytes, expected 4194305
  rpc pinned (full client, cell B, dir a): control aborted with no output: ABORT (requirement 18): server warm-up: cell B response 540422 B, expected 540423
  rpc pinned (full client, cell B, dir c): control aborted with no output: ABORT (requirement 18): server warm-up: cell B upload response 0 B, expected 1
  rpc pinned (full client, cell B, dir d): control aborted with no output: ABORT (requirement 18): server warm-up: cell B: the server received 4194304 data bytes, expected 4194305
  rpc pinned (full client, cell Bf, dir a): control aborted with no output: ABORT (requirement 18): server warm-up: cell Bf response 540422 B, expected 540423
  rpc pinned (full client, cell Bf, dir c): control aborted with no output: ABORT (requirement 18): server warm-up: cell Bf upload response 0 B, expected 1
  rpc pinned (full client, cell Bf, dir d): control aborted with no output: ABORT (requirement 18): server warm-up: cell Bf: the server received 4194304 data bytes, expected 4194305
  rpc pinned (full client, cell Df, dir a): control aborted with no output: ABORT (requirement 18): server warm-up: cell Df-retain response 540422 B, expected 540423
  rpc pinned (full client, cell Df, dir c): control aborted with no output: ABORT (requirement 18): server warm-up: cell Df-retain upload response 0 B, expected 1
  rpc pinned (full client, cell Df, dir d): control aborted with no output: ABORT (requirement 18): server warm-up: cell Df-retain: the server received 4194304 data bytes, expected 4194305
  rpc pinned (nounk client, cell A, dir a): control aborted with no output: ABORT (requirement 18): server warm-up: cell A response 540422 B, expected 540423
  rpc pinned (nounk client, cell A, dir c): control aborted with no output: ABORT (requirement 18): server warm-up: cell A upload response 0 B, expected 1
  rpc pinned (nounk client, cell A, dir d): control aborted with no output: ABORT (requirement 18): server warm-up: cell A: the server received 4194304 data bytes, expected 4194305
  rpc pinned (nounk client, cell B, dir a): control aborted with no output: ABORT (requirement 18): server warm-up: cell B response 540422 B, expected 540423
  rpc pinned (nounk client, cell B, dir c): control aborted with no output: ABORT (requirement 18): server warm-up: cell B upload response 0 B, expected 1
  rpc pinned (nounk client, cell B, dir d): control aborted with no output: ABORT (requirement 18): server warm-up: cell B: the server received 4194304 data bytes, expected 4194305
  rpc pinned (nounk client, cell Bf, dir a): control aborted with no output: ABORT (requirement 18): server warm-up: cell Bf response 540422 B, expected 540423
  rpc pinned (nounk client, cell Bf, dir c): control aborted with no output: ABORT (requirement 18): server warm-up: cell Bf upload response 0 B, expected 1
  rpc pinned (nounk client, cell Bf, dir d): control aborted with no output: ABORT (requirement 18): server warm-up: cell Bf: the server received 4194304 data bytes, expected 4194305
  rpc pinned (nounk client, cell Df, dir a): control aborted with no output: ABORT (requirement 18): server warm-up: cell Df-nounk response 540422 B, expected 540423
  rpc pinned (nounk client, cell Df, dir c): control aborted with no output: ABORT (requirement 18): server warm-up: cell Df-nounk upload response 0 B, expected 1
  rpc pinned (nounk client, cell Df, dir d): control aborted with no output: ABORT (requirement 18): server warm-up: cell Df-nounk: the server received 4194304 data bytes, expected 4194305
  rpc pinned (full client): 969 rows -> rpc-pinned.jsonl
  rpc pinned (nounk client): 561 rows -> rpc-pinned-nounk.jsonl
[706s] summary
summary-codec.tsv: 8216 cases
variants-codec.tsv / .txt: 170 rows
unknown-retain-vs-drop.tsv written
summary-rpc.tsv: 1020 rows
summary-calib.tsv: 2 arms
[706s] done
