# alloc: default (16 MiB malloc mmapped)
# narrowed: arms [core-ffi,core-native] dirs [decode-read] end states [] inputs []: 50 cases kept
# precheck: 552 checks, 0 failures, 25 inputs, 50 cases

Warning: It is not recommended to reduce nresamples below 1000.
Benchmarking codec/00032
Benchmarking codec/00032: Warming up for 100.00 ms
Benchmarking codec/00032: Collecting 10 samples in estimated 251.53 ms (1490 iterations)
Benchmarking codec/00032: Analyzing
Benchmarking codec/00020
Benchmarking codec/00020: Warming up for 100.00 ms
Benchmarking codec/00020: Collecting 10 samples in estimated 250.09 ms (7490 iterations)
Benchmarking codec/00020: Analyzing
Benchmarking codec/00008
Benchmarking codec/00008: Warming up for 100.00 ms
Benchmarking codec/00008: Collecting 10 samples in estimated 263.84 ms (150 iterations)
Benchmarking codec/00008: Analyzing
Benchmarking codec/00026
Benchmarking codec/00026: Warming up for 100.00 ms
Benchmarking codec/00026: Collecting 10 samples in estimated 250.00 ms (153k iterations)
Benchmarking codec/00026: Analyzing
Benchmarking codec/00018
Benchmarking codec/00018: Warming up for 100.00 ms
Benchmarking codec/00018: Collecting 10 samples in estimated 250.18 ms (4650 iterations)
Benchmarking codec/00018: Analyzing
Benchmarking codec/00038
Benchmarking codec/00038: Warming up for 100.00 ms
Benchmarking codec/00038: Collecting 10 samples in estimated 250.00 ms (511k iterations)
Benchmarking codec/00038: Analyzing
Benchmarking codec/00036
Benchmarking codec/00036: Warming up for 100.00 ms
Benchmarking codec/00036: Collecting 10 samples in estimated 250.02 ms (102k iterations)
Benchmarking codec/00036: Analyzing
Benchmarking codec/00042
Benchmarking codec/00042: Warming up for 100.00 ms
Benchmarking codec/00042: Collecting 10 samples in estimated 250.00 ms (1.1M iterations)
Benchmarking codec/00042: Analyzing
Benchmarking codec/00044
Benchmarking codec/00044: Warming up for 100.00 ms
Benchmarking codec/00044: Collecting 10 samples in estimated 250.01 ms (198k iterations)
Benchmarking codec/00044: Analyzing
Benchmarking codec/00006
Benchmarking codec/00006: Warming up for 100.00 ms
Benchmarking codec/00006: Collecting 10 samples in estimated 250.02 ms (94k iterations)
Benchmarking codec/00006: Analyzing
Benchmarking codec/00046
Benchmarking codec/00046: Warming up for 100.00 ms
Benchmarking codec/00046: Collecting 10 samples in estimated 250.01 ms (144k iterations)
Benchmarking codec/00046: Analyzing
Benchmarking codec/00012
Benchmarking codec/00012: Warming up for 100.00 ms
Benchmarking codec/00012: Collecting 10 samples in estimated 267.97 ms (130 iterations)
Benchmarking codec/00012: Analyzing
Benchmarking codec/00030
Benchmarking codec/00030: Warming up for 100.00 ms
Benchmarking codec/00030: Collecting 10 samples in estimated 252.34 ms (810 iterations)
Benchmarking codec/00030: Analyzing
Benchmarking codec/00040
Benchmarking codec/00040: Warming up for 100.00 ms
Benchmarking codec/00040: Collecting 10 samples in estimated 250.00 ms (1.5M iterations)
Benchmarking codec/00040: Analyzing
Benchmarking codec/00048
Benchmarking codec/00048: Warming up for 100.00 ms
Benchmarking codec/00048: Collecting 10 samples in estimated 250.00 ms (2.0M iterations)
Benchmarking codec/00048: Analyzing
Benchmarking codec/00002
Benchmarking codec/00002: Warming up for 100.00 ms
Benchmarking codec/00002: Collecting 10 samples in estimated 251.52 ms (560 iterations)
Benchmarking codec/00002: Analyzing
Benchmarking codec/00010
Benchmarking codec/00010: Warming up for 100.00 ms
Benchmarking codec/00010: Collecting 10 samples in estimated 251.51 ms (130 iterations)
Benchmarking codec/00010: Analyzing
Benchmarking codec/00000
Benchmarking codec/00000: Warming up for 100.00 ms
Benchmarking codec/00000: Collecting 10 samples in estimated 250.01 ms (161k iterations)
Benchmarking codec/00000: Analyzing
Benchmarking codec/00004
Benchmarking codec/00004: Warming up for 100.00 ms
Benchmarking codec/00004: Collecting 10 samples in estimated 250.06 ms (19k iterations)
Benchmarking codec/00004: Analyzing
Benchmarking codec/00028
Benchmarking codec/00028: Warming up for 100.00 ms
Benchmarking codec/00028: Collecting 10 samples in estimated 250.55 ms (3870 iterations)
Benchmarking codec/00028: Analyzing
Benchmarking codec/00034
Benchmarking codec/00034: Warming up for 100.00 ms
Benchmarking codec/00034: Collecting 10 samples in estimated 250.00 ms (868k iterations)
Benchmarking codec/00034: Analyzing
Benchmarking codec/00016
Benchmarking codec/00016: Warming up for 100.00 ms
Benchmarking codec/00016: Collecting 10 samples in estimated 263.28 ms (150 iterations)
Benchmarking codec/00016: Analyzing
Benchmarking codec/00022
Benchmarking codec/00022: Warming up for 100.00 ms
Benchmarking codec/00022: Collecting 10 samples in estimated 250.03 ms (810 iterations)
Benchmarking codec/00022: Analyzing
Benchmarking codec/00024
Benchmarking codec/00024: Warming up for 100.00 ms
Benchmarking codec/00024: Collecting 10 samples in estimated 250.00 ms (2.7M iterations)
Benchmarking codec/00024: Analyzing
Benchmarking codec/00014
Benchmarking codec/00014: Warming up for 100.00 ms
Benchmarking codec/00014: Collecting 10 samples in estimated 260.63 ms (210 iterations)
Benchmarking codec/00014: Analyzing
Benchmarking codec/00009
Benchmarking codec/00009: Warming up for 100.00 ms
Benchmarking codec/00009: Collecting 10 samples in estimated 255.55 ms (130 iterations)
Benchmarking codec/00009: Analyzing
Benchmarking codec/00049
Benchmarking codec/00049: Warming up for 100.00 ms
Benchmarking codec/00049: Collecting 10 samples in estimated 250.00 ms (1.5M iterations)
Benchmarking codec/00049: Analyzing
Benchmarking codec/00005
Benchmarking codec/00005: Warming up for 100.00 ms
Benchmarking codec/00005: Collecting 10 samples in estimated 250.11 ms (15k iterations)
Benchmarking codec/00005: Analyzing
Benchmarking codec/00029
Benchmarking codec/00029: Warming up for 100.00 ms
Benchmarking codec/00029: Collecting 10 samples in estimated 250.37 ms (3670 iterations)
Benchmarking codec/00029: Analyzing
Benchmarking codec/00025
Benchmarking codec/00025: Warming up for 100.00 ms
Benchmarking codec/00025: Collecting 10 samples in estimated 250.00 ms (2.1M iterations)
Benchmarking codec/00025: Analyzing
Benchmarking codec/00013
Benchmarking codec/00013: Warming up for 100.00 ms
Benchmarking codec/00013: Collecting 10 samples in estimated 254.11 ms (100 iterations)
Benchmarking codec/00013: Analyzing
Benchmarking codec/00027
Benchmarking codec/00027: Warming up for 100.00 ms
Benchmarking codec/00027: Collecting 10 samples in estimated 250.01 ms (140k iterations)
Benchmarking codec/00027: Analyzing
Benchmarking codec/00023
Benchmarking codec/00023: Warming up for 100.00 ms
Benchmarking codec/00023: Collecting 10 samples in estimated 253.43 ms (710 iterations)
Benchmarking codec/00023: Analyzing
Benchmarking codec/00015
Benchmarking codec/00015: Warming up for 100.00 ms
Benchmarking codec/00015: Collecting 10 samples in estimated 255.59 ms (170 iterations)
Benchmarking codec/00015: Analyzing
Benchmarking codec/00035
Benchmarking codec/00035: Warming up for 100.00 ms
Benchmarking codec/00035: Collecting 10 samples in estimated 250.00 ms (607k iterations)
Benchmarking codec/00035: Analyzing
Benchmarking codec/00007
Benchmarking codec/00007: Warming up for 100.00 ms
Benchmarking codec/00007: Collecting 10 samples in estimated 250.00 ms (82k iterations)
Benchmarking codec/00007: Analyzing
Benchmarking codec/00039
Benchmarking codec/00039: Warming up for 100.00 ms
Benchmarking codec/00039: Collecting 10 samples in estimated 250.01 ms (349k iterations)
Benchmarking codec/00039: Analyzing
Benchmarking codec/00017
Benchmarking codec/00017: Warming up for 100.00 ms
Benchmarking codec/00017: Collecting 10 samples in estimated 256.96 ms (160 iterations)
Benchmarking codec/00017: Analyzing
Benchmarking codec/00011
Benchmarking codec/00011: Warming up for 100.00 ms
Benchmarking codec/00011: Collecting 10 samples in estimated 261.03 ms (130 iterations)
Benchmarking codec/00011: Analyzing
Benchmarking codec/00019
Benchmarking codec/00019: Warming up for 100.00 ms
Benchmarking codec/00019: Collecting 10 samples in estimated 250.04 ms (4010 iterations)
Benchmarking codec/00019: Analyzing
Benchmarking codec/00037
Benchmarking codec/00037: Warming up for 100.00 ms
Benchmarking codec/00037: Collecting 10 samples in estimated 250.03 ms (74k iterations)
Benchmarking codec/00037: Analyzing
Benchmarking codec/00031
Benchmarking codec/00031: Warming up for 100.00 ms
Benchmarking codec/00031: Collecting 10 samples in estimated 252.30 ms (590 iterations)
Benchmarking codec/00031: Analyzing
Benchmarking codec/00041
Benchmarking codec/00041: Warming up for 100.00 ms
Benchmarking codec/00041: Collecting 10 samples in estimated 250.00 ms (1.1M iterations)
Benchmarking codec/00041: Analyzing
Benchmarking codec/00043
Benchmarking codec/00043: Warming up for 100.00 ms
Benchmarking codec/00043: Collecting 10 samples in estimated 250.00 ms (773k iterations)
Benchmarking codec/00043: Analyzing
Benchmarking codec/00001
Benchmarking codec/00001: Warming up for 100.00 ms
Benchmarking codec/00001: Collecting 10 samples in estimated 250.01 ms (136k iterations)
Benchmarking codec/00001: Analyzing
Benchmarking codec/00033
Benchmarking codec/00033: Warming up for 100.00 ms
Benchmarking codec/00033: Collecting 10 samples in estimated 252.05 ms (1230 iterations)
Benchmarking codec/00033: Analyzing
Benchmarking codec/00045
Benchmarking codec/00045: Warming up for 100.00 ms
Benchmarking codec/00045: Collecting 10 samples in estimated 250.01 ms (134k iterations)
Benchmarking codec/00045: Analyzing
Benchmarking codec/00047
Benchmarking codec/00047: Warming up for 100.00 ms
Benchmarking codec/00047: Collecting 10 samples in estimated 250.01 ms (91k iterations)
Benchmarking codec/00047: Analyzing
Benchmarking codec/00021
Benchmarking codec/00021: Warming up for 100.00 ms
Benchmarking codec/00021: Collecting 10 samples in estimated 250.27 ms (7680 iterations)
Benchmarking codec/00021: Analyzing
Benchmarking codec/00003
Benchmarking codec/00003: Warming up for 100.00 ms
Benchmarking codec/00003: Collecting 10 samples in estimated 251.71 ms (550 iterations)
Benchmarking codec/00003: Analyzing
# wrote 500 sample rows to /home/user/ArmoniK.Api/ffi/logs/rust/opt/d20-utf8-bits/bench/codec-before-full-3.jsonl
