# alloc: default (16 MiB malloc mmapped)
# narrowed: arms [core-ffi,core-native] dirs [decode-read] end states [] inputs []: 50 cases kept
# precheck: 311 checks, 0 failures, 25 inputs, 50 cases

Warning: It is not recommended to reduce nresamples below 1000.
Benchmarking codec/00003
Benchmarking codec/00003: Warming up for 100.00 ms
Benchmarking codec/00003: Collecting 10 samples in estimated 253.42 ms (710 iterations)
Benchmarking codec/00003: Analyzing
Benchmarking codec/00019
Benchmarking codec/00019: Warming up for 100.00 ms
Benchmarking codec/00019: Collecting 10 samples in estimated 250.07 ms (4720 iterations)
Benchmarking codec/00019: Analyzing
Benchmarking codec/00017
Benchmarking codec/00017: Warming up for 100.00 ms
Benchmarking codec/00017: Collecting 10 samples in estimated 259.16 ms (200 iterations)
Benchmarking codec/00017: Analyzing
Benchmarking codec/00023
Benchmarking codec/00023: Warming up for 100.00 ms
Benchmarking codec/00023: Collecting 10 samples in estimated 250.98 ms (900 iterations)
Benchmarking codec/00023: Analyzing
Benchmarking codec/00001
Benchmarking codec/00001: Warming up for 100.00 ms
Benchmarking codec/00001: Collecting 10 samples in estimated 250.00 ms (253k iterations)
Benchmarking codec/00001: Analyzing
Benchmarking codec/00031
Benchmarking codec/00031: Warming up for 100.00 ms
Benchmarking codec/00031: Collecting 10 samples in estimated 250.77 ms (890 iterations)
Benchmarking codec/00031: Analyzing
Benchmarking codec/00029
Benchmarking codec/00029: Warming up for 100.00 ms
Benchmarking codec/00029: Collecting 10 samples in estimated 250.38 ms (3300 iterations)
Benchmarking codec/00029: Analyzing
Benchmarking codec/00049
Benchmarking codec/00049: Warming up for 100.00 ms
Benchmarking codec/00049: Collecting 10 samples in estimated 250.00 ms (3.1M iterations)
Benchmarking codec/00049: Analyzing
Benchmarking codec/00041
Benchmarking codec/00041: Warming up for 100.00 ms
Benchmarking codec/00041: Collecting 10 samples in estimated 250.00 ms (2.1M iterations)
Benchmarking codec/00041: Analyzing
Benchmarking codec/00007
Benchmarking codec/00007: Warming up for 100.00 ms
Benchmarking codec/00007: Collecting 10 samples in estimated 250.01 ms (110k iterations)
Benchmarking codec/00007: Analyzing
Benchmarking codec/00025
Benchmarking codec/00025: Warming up for 100.00 ms
Benchmarking codec/00025: Collecting 10 samples in estimated 250.00 ms (3.3M iterations)
Benchmarking codec/00025: Analyzing
Benchmarking codec/00037
Benchmarking codec/00037: Warming up for 100.00 ms
Benchmarking codec/00037: Collecting 10 samples in estimated 250.01 ms (114k iterations)
Benchmarking codec/00037: Analyzing
Benchmarking codec/00009
Benchmarking codec/00009: Warming up for 100.00 ms
Benchmarking codec/00009: Collecting 10 samples in estimated 264.43 ms (180 iterations)
Benchmarking codec/00009: Analyzing
Benchmarking codec/00027
Benchmarking codec/00027: Warming up for 100.00 ms
Benchmarking codec/00027: Collecting 10 samples in estimated 250.01 ms (137k iterations)
Benchmarking codec/00027: Analyzing
Benchmarking codec/00033
Benchmarking codec/00033: Warming up for 100.00 ms
Benchmarking codec/00033: Collecting 10 samples in estimated 250.86 ms (1210 iterations)
Benchmarking codec/00033: Analyzing
Benchmarking codec/00005
Benchmarking codec/00005: Warming up for 100.00 ms
Benchmarking codec/00005: Collecting 10 samples in estimated 250.06 ms (17k iterations)
Benchmarking codec/00005: Analyzing
Benchmarking codec/00035
Benchmarking codec/00035: Warming up for 100.00 ms
Benchmarking codec/00035: Collecting 10 samples in estimated 250.00 ms (968k iterations)
Benchmarking codec/00035: Analyzing
Benchmarking codec/00015
Benchmarking codec/00015: Warming up for 100.00 ms
Benchmarking codec/00015: Collecting 10 samples in estimated 256.31 ms (270 iterations)
Benchmarking codec/00015: Analyzing
Benchmarking codec/00021
Benchmarking codec/00021: Warming up for 100.00 ms
Benchmarking codec/00021: Collecting 10 samples in estimated 250.12 ms (9460 iterations)
Benchmarking codec/00021: Analyzing
Benchmarking codec/00013
Benchmarking codec/00013: Warming up for 100.00 ms
Benchmarking codec/00013: Collecting 10 samples in estimated 254.37 ms (140 iterations)
Benchmarking codec/00013: Analyzing
Benchmarking codec/00011
Benchmarking codec/00011: Warming up for 100.00 ms
Benchmarking codec/00011: Collecting 10 samples in estimated 255.78 ms (170 iterations)
Benchmarking codec/00011: Analyzing
Benchmarking codec/00047
Benchmarking codec/00047: Warming up for 100.00 ms
Benchmarking codec/00047: Collecting 10 samples in estimated 250.01 ms (114k iterations)
Benchmarking codec/00047: Analyzing
Benchmarking codec/00043
Benchmarking codec/00043: Warming up for 100.00 ms
Benchmarking codec/00043: Collecting 10 samples in estimated 250.00 ms (1.3M iterations)
Benchmarking codec/00043: Analyzing
Benchmarking codec/00039
Benchmarking codec/00039: Warming up for 100.00 ms
Benchmarking codec/00039: Collecting 10 samples in estimated 250.00 ms (905k iterations)
Benchmarking codec/00039: Analyzing
Benchmarking codec/00045
Benchmarking codec/00045: Warming up for 100.00 ms
Benchmarking codec/00045: Collecting 10 samples in estimated 250.01 ms (150k iterations)
Benchmarking codec/00045: Analyzing
Benchmarking codec/00008
Benchmarking codec/00008: Warming up for 100.00 ms
Benchmarking codec/00008: Collecting 10 samples in estimated 253.40 ms (150 iterations)
Benchmarking codec/00008: Analyzing
Benchmarking codec/00002
Benchmarking codec/00002: Warming up for 100.00 ms
Benchmarking codec/00002: Collecting 10 samples in estimated 252.65 ms (650 iterations)
Benchmarking codec/00002: Analyzing
Benchmarking codec/00032
Benchmarking codec/00032: Warming up for 100.00 ms
Benchmarking codec/00032: Collecting 10 samples in estimated 251.38 ms (1480 iterations)
Benchmarking codec/00032: Analyzing
Benchmarking codec/00006
Benchmarking codec/00006: Warming up for 100.00 ms
Benchmarking codec/00006: Collecting 10 samples in estimated 250.00 ms (123k iterations)
Benchmarking codec/00006: Analyzing
Benchmarking codec/00038
Benchmarking codec/00038: Warming up for 100.00 ms
Benchmarking codec/00038: Collecting 10 samples in estimated 250.00 ms (847k iterations)
Benchmarking codec/00038: Analyzing
Benchmarking codec/00024
Benchmarking codec/00024: Warming up for 100.00 ms
Benchmarking codec/00024: Collecting 10 samples in estimated 250.00 ms (2.6M iterations)
Benchmarking codec/00024: Analyzing
Benchmarking codec/00036
Benchmarking codec/00036: Warming up for 100.00 ms
Benchmarking codec/00036: Collecting 10 samples in estimated 250.01 ms (133k iterations)
Benchmarking codec/00036: Analyzing
Benchmarking codec/00030
Benchmarking codec/00030: Warming up for 100.00 ms
Benchmarking codec/00030: Collecting 10 samples in estimated 250.84 ms (920 iterations)
Benchmarking codec/00030: Analyzing
Benchmarking codec/00040
Benchmarking codec/00040: Warming up for 100.00 ms
Benchmarking codec/00040: Collecting 10 samples in estimated 250.00 ms (2.3M iterations)
Benchmarking codec/00040: Analyzing
Benchmarking codec/00016
Benchmarking codec/00016: Warming up for 100.00 ms
Benchmarking codec/00016: Collecting 10 samples in estimated 251.00 ms (170 iterations)
Benchmarking codec/00016: Analyzing
Benchmarking codec/00010
Benchmarking codec/00010: Warming up for 100.00 ms
Benchmarking codec/00010: Collecting 10 samples in estimated 267.82 ms (150 iterations)
Benchmarking codec/00010: Analyzing
Benchmarking codec/00018
Benchmarking codec/00018: Warming up for 100.00 ms
Benchmarking codec/00018: Collecting 10 samples in estimated 250.01 ms (4750 iterations)
Benchmarking codec/00018: Analyzing
Benchmarking codec/00044
Benchmarking codec/00044: Warming up for 100.00 ms
Benchmarking codec/00044: Collecting 10 samples in estimated 250.01 ms (184k iterations)
Benchmarking codec/00044: Analyzing
Benchmarking codec/00048
Benchmarking codec/00048: Warming up for 100.00 ms
Benchmarking codec/00048: Collecting 10 samples in estimated 250.00 ms (2.5M iterations)
Benchmarking codec/00048: Analyzing
Benchmarking codec/00004
Benchmarking codec/00004: Warming up for 100.00 ms
Benchmarking codec/00004: Collecting 10 samples in estimated 250.03 ms (27k iterations)
Benchmarking codec/00004: Analyzing
Benchmarking codec/00012
Benchmarking codec/00012: Warming up for 100.00 ms
Benchmarking codec/00012: Collecting 10 samples in estimated 260.09 ms (130 iterations)
Benchmarking codec/00012: Analyzing
Benchmarking codec/00046
Benchmarking codec/00046: Warming up for 100.00 ms
Benchmarking codec/00046: Collecting 10 samples in estimated 250.00 ms (145k iterations)
Benchmarking codec/00046: Analyzing
Benchmarking codec/00042
Benchmarking codec/00042: Warming up for 100.00 ms
Benchmarking codec/00042: Collecting 10 samples in estimated 250.00 ms (1.2M iterations)
Benchmarking codec/00042: Analyzing
Benchmarking codec/00020
Benchmarking codec/00020: Warming up for 100.00 ms
Benchmarking codec/00020: Collecting 10 samples in estimated 250.23 ms (8430 iterations)
Benchmarking codec/00020: Analyzing
Benchmarking codec/00028
Benchmarking codec/00028: Warming up for 100.00 ms
Benchmarking codec/00028: Collecting 10 samples in estimated 250.05 ms (4010 iterations)
Benchmarking codec/00028: Analyzing
Benchmarking codec/00034
Benchmarking codec/00034: Warming up for 100.00 ms
Benchmarking codec/00034: Collecting 10 samples in estimated 250.00 ms (812k iterations)
Benchmarking codec/00034: Analyzing
Benchmarking codec/00026
Benchmarking codec/00026: Warming up for 100.00 ms
Benchmarking codec/00026: Collecting 10 samples in estimated 250.01 ms (130k iterations)
Benchmarking codec/00026: Analyzing
Benchmarking codec/00000
Benchmarking codec/00000: Warming up for 100.00 ms
Benchmarking codec/00000: Collecting 10 samples in estimated 250.00 ms (239k iterations)
Benchmarking codec/00000: Analyzing
Benchmarking codec/00014
Benchmarking codec/00014: Warming up for 100.00 ms
Benchmarking codec/00014: Collecting 10 samples in estimated 253.51 ms (220 iterations)
Benchmarking codec/00014: Analyzing
Benchmarking codec/00022
Benchmarking codec/00022: Warming up for 100.00 ms
Benchmarking codec/00022: Collecting 10 samples in estimated 252.03 ms (790 iterations)
Benchmarking codec/00022: Analyzing
# wrote 500 sample rows to /home/user/ArmoniK.Api/ffi/logs/rust/opt/d20-utf8-bits/bench/codec-skipall-nounk-2.jsonl
