# alloc: default (16 MiB malloc mmapped)
# narrowed: arms [core-ffi,core-native] dirs [decode-read] end states [] inputs []: 50 cases kept
# precheck: 552 checks, 0 failures, 25 inputs, 50 cases

Warning: It is not recommended to reduce nresamples below 1000.
Benchmarking codec/00003
Benchmarking codec/00003: Warming up for 100.00 ms
Benchmarking codec/00003: Collecting 10 samples in estimated 251.21 ms (690 iterations)
Benchmarking codec/00003: Analyzing
Benchmarking codec/00019
Benchmarking codec/00019: Warming up for 100.00 ms
Benchmarking codec/00019: Collecting 10 samples in estimated 250.34 ms (4690 iterations)
Benchmarking codec/00019: Analyzing
Benchmarking codec/00017
Benchmarking codec/00017: Warming up for 100.00 ms
Benchmarking codec/00017: Collecting 10 samples in estimated 261.54 ms (190 iterations)
Benchmarking codec/00017: Analyzing
Benchmarking codec/00023
Benchmarking codec/00023: Warming up for 100.00 ms
Benchmarking codec/00023: Collecting 10 samples in estimated 251.48 ms (1050 iterations)
Benchmarking codec/00023: Analyzing
Benchmarking codec/00001
Benchmarking codec/00001: Warming up for 100.00 ms
Benchmarking codec/00001: Collecting 10 samples in estimated 250.01 ms (159k iterations)
Benchmarking codec/00001: Analyzing
Benchmarking codec/00031
Benchmarking codec/00031: Warming up for 100.00 ms
Benchmarking codec/00031: Collecting 10 samples in estimated 250.05 ms (830 iterations)
Benchmarking codec/00031: Analyzing
Benchmarking codec/00029
Benchmarking codec/00029: Warming up for 100.00 ms
Benchmarking codec/00029: Collecting 10 samples in estimated 250.68 ms (3620 iterations)
Benchmarking codec/00029: Analyzing
Benchmarking codec/00049
Benchmarking codec/00049: Warming up for 100.00 ms
Benchmarking codec/00049: Collecting 10 samples in estimated 250.00 ms (1.7M iterations)
Benchmarking codec/00049: Analyzing
Benchmarking codec/00041
Benchmarking codec/00041: Warming up for 100.00 ms
Benchmarking codec/00041: Collecting 10 samples in estimated 250.00 ms (1.2M iterations)
Benchmarking codec/00041: Analyzing
Benchmarking codec/00007
Benchmarking codec/00007: Warming up for 100.00 ms
Benchmarking codec/00007: Collecting 10 samples in estimated 250.02 ms (91k iterations)
Benchmarking codec/00007: Analyzing
Benchmarking codec/00025
Benchmarking codec/00025: Warming up for 100.00 ms
Benchmarking codec/00025: Collecting 10 samples in estimated 250.00 ms (2.3M iterations)
Benchmarking codec/00025: Analyzing
Benchmarking codec/00037
Benchmarking codec/00037: Warming up for 100.00 ms
Benchmarking codec/00037: Collecting 10 samples in estimated 250.01 ms (93k iterations)
Benchmarking codec/00037: Analyzing
Benchmarking codec/00009
Benchmarking codec/00009: Warming up for 100.00 ms
Benchmarking codec/00009: Collecting 10 samples in estimated 262.20 ms (160 iterations)
Benchmarking codec/00009: Analyzing
Benchmarking codec/00027
Benchmarking codec/00027: Warming up for 100.00 ms
Benchmarking codec/00027: Collecting 10 samples in estimated 250.00 ms (149k iterations)
Benchmarking codec/00027: Analyzing
Benchmarking codec/00033
Benchmarking codec/00033: Warming up for 100.00 ms
Benchmarking codec/00033: Collecting 10 samples in estimated 251.30 ms (1250 iterations)
Benchmarking codec/00033: Analyzing
Benchmarking codec/00005
Benchmarking codec/00005: Warming up for 100.00 ms
Benchmarking codec/00005: Collecting 10 samples in estimated 250.01 ms (15k iterations)
Benchmarking codec/00005: Analyzing
Benchmarking codec/00035
Benchmarking codec/00035: Warming up for 100.00 ms
Benchmarking codec/00035: Collecting 10 samples in estimated 250.00 ms (818k iterations)
Benchmarking codec/00035: Analyzing
Benchmarking codec/00015
Benchmarking codec/00015: Warming up for 100.00 ms
Benchmarking codec/00015: Collecting 10 samples in estimated 255.83 ms (250 iterations)
Benchmarking codec/00015: Analyzing
Benchmarking codec/00021
Benchmarking codec/00021: Warming up for 100.00 ms
Benchmarking codec/00021: Collecting 10 samples in estimated 250.21 ms (8610 iterations)
Benchmarking codec/00021: Analyzing
Benchmarking codec/00013
Benchmarking codec/00013: Warming up for 100.00 ms
Benchmarking codec/00013: Collecting 10 samples in estimated 250.51 ms (130 iterations)
Benchmarking codec/00013: Analyzing
Benchmarking codec/00011
Benchmarking codec/00011: Warming up for 100.00 ms
Benchmarking codec/00011: Collecting 10 samples in estimated 251.14 ms (150 iterations)
Benchmarking codec/00011: Analyzing
Benchmarking codec/00047
Benchmarking codec/00047: Warming up for 100.00 ms
Benchmarking codec/00047: Collecting 10 samples in estimated 250.01 ms (103k iterations)
Benchmarking codec/00047: Analyzing
Benchmarking codec/00043
Benchmarking codec/00043: Warming up for 100.00 ms
Benchmarking codec/00043: Collecting 10 samples in estimated 250.00 ms (896k iterations)
Benchmarking codec/00043: Analyzing
Benchmarking codec/00039
Benchmarking codec/00039: Warming up for 100.00 ms
Benchmarking codec/00039: Collecting 10 samples in estimated 250.01 ms (404k iterations)
Benchmarking codec/00039: Analyzing
Benchmarking codec/00045
Benchmarking codec/00045: Warming up for 100.00 ms
Benchmarking codec/00045: Collecting 10 samples in estimated 250.01 ms (143k iterations)
Benchmarking codec/00045: Analyzing
Benchmarking codec/00008
Benchmarking codec/00008: Warming up for 100.00 ms
Benchmarking codec/00008: Collecting 10 samples in estimated 250.36 ms (140 iterations)
Benchmarking codec/00008: Analyzing
Benchmarking codec/00002
Benchmarking codec/00002: Warming up for 100.00 ms
Benchmarking codec/00002: Collecting 10 samples in estimated 250.24 ms (590 iterations)
Benchmarking codec/00002: Analyzing
Benchmarking codec/00032
Benchmarking codec/00032: Warming up for 100.00 ms
Benchmarking codec/00032: Collecting 10 samples in estimated 251.33 ms (1470 iterations)
Benchmarking codec/00032: Analyzing
Benchmarking codec/00006
Benchmarking codec/00006: Warming up for 100.00 ms
Benchmarking codec/00006: Collecting 10 samples in estimated 250.02 ms (93k iterations)
Benchmarking codec/00006: Analyzing
Benchmarking codec/00038
Benchmarking codec/00038: Warming up for 100.00 ms
Benchmarking codec/00038: Collecting 10 samples in estimated 250.00 ms (502k iterations)
Benchmarking codec/00038: Analyzing
Benchmarking codec/00024
Benchmarking codec/00024: Warming up for 100.00 ms
Benchmarking codec/00024: Collecting 10 samples in estimated 250.00 ms (2.6M iterations)
Benchmarking codec/00024: Analyzing
Benchmarking codec/00036
Benchmarking codec/00036: Warming up for 100.00 ms
Benchmarking codec/00036: Collecting 10 samples in estimated 250.01 ms (98k iterations)
Benchmarking codec/00036: Analyzing
Benchmarking codec/00030
Benchmarking codec/00030: Warming up for 100.00 ms
Benchmarking codec/00030: Collecting 10 samples in estimated 251.81 ms (900 iterations)
Benchmarking codec/00030: Analyzing
Benchmarking codec/00040
Benchmarking codec/00040: Warming up for 100.00 ms
Benchmarking codec/00040: Collecting 10 samples in estimated 250.00 ms (1.5M iterations)
Benchmarking codec/00040: Analyzing
Benchmarking codec/00016
Benchmarking codec/00016: Warming up for 100.00 ms
Benchmarking codec/00016: Collecting 10 samples in estimated 264.44 ms (170 iterations)
Benchmarking codec/00016: Analyzing
Benchmarking codec/00010
Benchmarking codec/00010: Warming up for 100.00 ms
Benchmarking codec/00010: Collecting 10 samples in estimated 259.82 ms (140 iterations)
Benchmarking codec/00010: Analyzing
Benchmarking codec/00018
Benchmarking codec/00018: Warming up for 100.00 ms
Benchmarking codec/00018: Collecting 10 samples in estimated 250.55 ms (4330 iterations)
Benchmarking codec/00018: Analyzing
Benchmarking codec/00044
Benchmarking codec/00044: Warming up for 100.00 ms
Benchmarking codec/00044: Collecting 10 samples in estimated 250.01 ms (183k iterations)
Benchmarking codec/00044: Analyzing
Benchmarking codec/00048
Benchmarking codec/00048: Warming up for 100.00 ms
Benchmarking codec/00048: Collecting 10 samples in estimated 250.00 ms (2.1M iterations)
Benchmarking codec/00048: Analyzing
Benchmarking codec/00004
Benchmarking codec/00004: Warming up for 100.00 ms
Benchmarking codec/00004: Collecting 10 samples in estimated 250.10 ms (21k iterations)
Benchmarking codec/00004: Analyzing
Benchmarking codec/00012
Benchmarking codec/00012: Warming up for 100.00 ms
Benchmarking codec/00012: Collecting 10 samples in estimated 265.45 ms (120 iterations)
Benchmarking codec/00012: Analyzing
Benchmarking codec/00046
Benchmarking codec/00046: Warming up for 100.00 ms
Benchmarking codec/00046: Collecting 10 samples in estimated 250.01 ms (143k iterations)
Benchmarking codec/00046: Analyzing
Benchmarking codec/00042
Benchmarking codec/00042: Warming up for 100.00 ms
Benchmarking codec/00042: Collecting 10 samples in estimated 250.00 ms (1.1M iterations)
Benchmarking codec/00042: Analyzing
Benchmarking codec/00020
Benchmarking codec/00020: Warming up for 100.00 ms
Benchmarking codec/00020: Collecting 10 samples in estimated 250.22 ms (8130 iterations)
Benchmarking codec/00020: Analyzing
Benchmarking codec/00028
Benchmarking codec/00028: Warming up for 100.00 ms
Benchmarking codec/00028: Collecting 10 samples in estimated 250.64 ms (3800 iterations)
Benchmarking codec/00028: Analyzing
Benchmarking codec/00034
Benchmarking codec/00034: Warming up for 100.00 ms
Benchmarking codec/00034: Collecting 10 samples in estimated 250.00 ms (904k iterations)
Benchmarking codec/00034: Analyzing
Benchmarking codec/00026
Benchmarking codec/00026: Warming up for 100.00 ms
Benchmarking codec/00026: Collecting 10 samples in estimated 250.00 ms (151k iterations)
Benchmarking codec/00026: Analyzing
Benchmarking codec/00000
Benchmarking codec/00000: Warming up for 100.00 ms
Benchmarking codec/00000: Collecting 10 samples in estimated 250.01 ms (163k iterations)
Benchmarking codec/00000: Analyzing
Benchmarking codec/00014
Benchmarking codec/00014: Warming up for 100.00 ms
Benchmarking codec/00014: Collecting 10 samples in estimated 253.05 ms (180 iterations)
Benchmarking codec/00014: Analyzing
Benchmarking codec/00022
Benchmarking codec/00022: Warming up for 100.00 ms
Benchmarking codec/00022: Collecting 10 samples in estimated 251.48 ms (760 iterations)
Benchmarking codec/00022: Analyzing
# wrote 500 sample rows to /home/user/ArmoniK.Api/ffi/logs/rust/opt/d20-utf8-bits/bench/codec-skipall-full-2.jsonl
