codec/00290             time:   [379.33 ns (process CPU) 384.38 ns (process CPU) 390.47 ns (process CPU)]
Found 1 outliers among 10 measurements (10.00%)
  1 (10.00%) high mild
codec/00596             time:   [852.97 ns (process CPU) 866.35 ns (process CPU) 878.91 ns (process CPU)]
codec/00455             time:   [1133.2 ns (process CPU) 1147.8 ns (process CPU) 1167.6 ns (process CPU)]
Found 1 outliers among 10 measurements (10.00%)
  1 (10.00%) high severe
codec/00434             time:   [157.31 ns (process CPU) 158.82 ns (process CPU) 160.54 ns (process CPU)]
Found 2 outliers among 10 measurements (20.00%)
  2 (20.00%) high mild
codec/00125             time:   [308749 ns (process CPU) 312040 ns (process CPU) 315449 ns (process CPU)]
codec/00233             time:   [168.05 ns (process CPU) 169.30 ns (process CPU) 170.96 ns (process CPU)]
Found 1 outliers among 10 measurements (10.00%)
  1 (10.00%) high mild
codec/00341             time:   [424.96 ns (process CPU) 431.36 ns (process CPU) 440.03 ns (process CPU)]
Found 1 outliers among 10 measurements (10.00%)
  1 (10.00%) high mild
codec/00506             time:   [848.98 ns (process CPU) 855.16 ns (process CPU) 862.49 ns (process CPU)]
Found 2 outliers among 10 measurements (20.00%)
  1 (10.00%) high mild
  1 (10.00%) high severe
codec/00287             time:   [482.43 ns (process CPU) 489.38 ns (process CPU) 497.10 ns (process CPU)]
codec/00134             time:   [2789.3 ns (process CPU) 2854.8 ns (process CPU) 2922.1 ns (process CPU)]
codec/00029             time:   [ 16244 ns (process CPU)  16454 ns (process CPU)  16683 ns (process CPU)]
Found 1 outliers among 10 measurements (10.00%)
  1 (10.00%) high mild
codec/00263             time:   [477.77 ns (process CPU) 480.35 ns (process CPU) 484.64 ns (process CPU)]
Found 1 outliers among 10 measurements (10.00%)
  1 (10.00%) high severe
codec/00194             time:   [2616.3 ns (process CPU) 2638.2 ns (process CPU) 2662.1 ns (process CPU)]
codec/00071             time:   [2775632 ns (process CPU) 2856302 ns (process CPU) 2937990 ns (process CPU)]
Found 1 outliers among 10 measurements (10.00%)
  1 (10.00%) high mild
codec/00017             time:   [547221 ns (process CPU) 564570 ns (process CPU) 587190 ns (process CPU)]
Found 1 outliers among 10 measurements (10.00%)
  1 (10.00%) high severe
codec/00620             time:   [2471.7 ns (process CPU) 2492.6 ns (process CPU) 2516.2 ns (process CPU)]
codec/00590             time:   [862.02 ns (process CPU) 871.63 ns (process CPU) 880.93 ns (process CPU)]
codec/00140             time:   [2592.8 ns (process CPU) 2620.1 ns (process CPU) 2655.9 ns (process CPU)]
Found 1 outliers among 10 measurements (10.00%)
  1 (10.00%) high severe
codec/00479             time:   [934.33 ns (process CPU) 948.12 ns (process CPU) 963.10 ns (process CPU)]
codec/00155             time:   [2805.0 ns (process CPU) 2856.0 ns (process CPU) 2930.5 ns (process CPU)]
Found 1 outliers among 10 measurements (10.00%)
  1 (10.00%) high severe
codec/00410             time:   [156.86 ns (process CPU) 158.79 ns (process CPU) 160.90 ns (process CPU)]
codec/00401             time:   [212.87 ns (process CPU) 216.51 ns (process CPU) 221.67 ns (process CPU)]
Found 1 outliers among 10 measurements (10.00%)
  1 (10.00%) high severe
codec/00497             time:   [925.87 ns (process CPU) 932.05 ns (process CPU) 940.34 ns (process CPU)]
Found 1 outliers among 10 measurements (10.00%)
  1 (10.00%) high mild
codec/00299             time:   [583.15 ns (process CPU) 584.25 ns (process CPU) 585.32 ns (process CPU)]
codec/00617             time:   [2869.0 ns (process CPU) 2946.6 ns (process CPU) 3028.9 ns (process CPU)]
codec/00347             time:   [544.01 ns (process CPU) 564.33 ns (process CPU) 588.67 ns (process CPU)]
codec/00482             time:   [937.48 ns (process CPU) 961.72 ns (process CPU) 988.45 ns (process CPU)]
codec/00563             time:   [360.08 ns (process CPU) 363.65 ns (process CPU) 368.46 ns (process CPU)]
Found 1 outliers among 10 measurements (10.00%)
  1 (10.00%) high mild
codec/00677             time:   [188.35 ns (process CPU) 189.22 ns (process CPU) 190.31 ns (process CPU)]
Found 1 outliers among 10 measurements (10.00%)
  1 (10.00%) high mild
codec/00371             time:   [378.01 ns (process CPU) 382.85 ns (process CPU) 389.25 ns (process CPU)]
Found 1 outliers among 10 measurements (10.00%)
  1 (10.00%) high severe
codec/00545             time:   [2809.4 ns (process CPU) 2986.2 ns (process CPU) 3169.9 ns (process CPU)]
codec/00284             time:   [470.20 ns (process CPU) 479.25 ns (process CPU) 488.56 ns (process CPU)]
codec/00272             time:   [476.36 ns (process CPU) 484.87 ns (process CPU) 494.24 ns (process CPU)]
codec/00593             time:   [1023.8 ns (process CPU) 1037.9 ns (process CPU) 1052.8 ns (process CPU)]
codec/00641             time:   [5919.1 ns (process CPU) 5997.9 ns (process CPU) 6087.6 ns (process CPU)]
codec/00311             time:   [681.94 ns (process CPU) 695.78 ns (process CPU) 716.91 ns (process CPU)]
Found 2 outliers among 10 measurements (20.00%)
  1 (10.00%) high mild
  1 (10.00%) high severe
codec/00527             time:   [350.14 ns (process CPU) 355.59 ns (process CPU) 361.73 ns (process CPU)]
codec/00038             time:   [2790270 ns (process CPU) 2861295 ns (process CPU) 2919686 ns (process CPU)]
codec/00467             time:   [1021.6 ns (process CPU) 1037.2 ns (process CPU) 1059.8 ns (process CPU)]
Found 1 outliers among 10 measurements (10.00%)
  1 (10.00%) high severe
codec/00398             time:   [139.89 ns (process CPU) 140.50 ns (process CPU) 141.19 ns (process CPU)]
Found 2 outliers among 10 measurements (20.00%)
  2 (20.00%) high mild
codec/00380             time:   [188.54 ns (process CPU) 191.29 ns (process CPU) 194.79 ns (process CPU)]
Found 2 outliers among 10 measurements (20.00%)
  1 (10.00%) high mild
  1 (10.00%) high severe
codec/00521             time:   [997.61 ns (process CPU) 1001.4 ns (process CPU) 1004.9 ns (process CPU)]
codec/00227             time:   [2916.5 ns (process CPU) 2949.4 ns (process CPU) 2991.5 ns (process CPU)]
Found 1 outliers among 10 measurements (10.00%)
  1 (10.00%) high severe
codec/00536             time:   [271.41 ns (process CPU) 272.21 ns (process CPU) 273.07 ns (process CPU)]
codec/00269             time:   [574.18 ns (process CPU) 575.75 ns (process CPU) 577.37 ns (process CPU)]
codec/00635             time:   [5836.2 ns (process CPU) 5856.9 ns (process CPU) 5890.5 ns (process CPU)]
Found 1 outliers among 10 measurements (10.00%)
  1 (10.00%) high severe
codec/00026             time:   [ 15749 ns (process CPU)  15782 ns (process CPU)  15817 ns (process CPU)]
codec/00023             time:   [581133 ns (process CPU) 582152 ns (process CPU) 583111 ns (process CPU)]
Found 1 outliers among 10 measurements (10.00%)
  1 (10.00%) low mild
codec/00110             time:   [ 68826 ns (process CPU)  69084 ns (process CPU)  69390 ns (process CPU)]
Found 1 outliers among 10 measurements (10.00%)
  1 (10.00%) high mild
codec/00146             time:   [2742.1 ns (process CPU) 2749.5 ns (process CPU) 2757.3 ns (process CPU)]
codec/00059             time:   [1533889 ns (process CPU) 1544109 ns (process CPU) 1557575 ns (process CPU)]
Found 1 outliers among 10 measurements (10.00%)
  1 (10.00%) high mild
codec/00260             time:   [452.59 ns (process CPU) 453.54 ns (process CPU) 454.59 ns (process CPU)]
codec/00335             time:   [516.93 ns (process CPU) 518.08 ns (process CPU) 519.40 ns (process CPU)]
codec/00653             time:   [5864.9 ns (process CPU) 5890.3 ns (process CPU) 5915.1 ns (process CPU)]
Found 1 outliers among 10 measurements (10.00%)
  1 (10.00%) high mild
codec/00650             time:   [5719.8 ns (process CPU) 5865.4 ns (process CPU) 6041.0 ns (process CPU)]
Found 2 outliers among 10 measurements (20.00%)
  1 (10.00%) high mild
  1 (10.00%) high severe
codec/00452             time:   [984.76 ns (process CPU) 999.31 ns (process CPU) 1014.5 ns (process CPU)]
codec/00005             time:   [1701.5 ns (process CPU) 1718.8 ns (process CPU) 1740.6 ns (process CPU)]
Found 1 outliers among 10 measurements (10.00%)
  1 (10.00%) high mild
codec/00587             time:   [1003.2 ns (process CPU) 1016.1 ns (process CPU) 1029.2 ns (process CPU)]
Found 1 outliers among 10 measurements (10.00%)
  1 (10.00%) high mild
codec/00245             time:   [239.14 ns (process CPU) 240.92 ns (process CPU) 243.27 ns (process CPU)]
Found 1 outliers among 10 measurements (10.00%)
  1 (10.00%) high mild
codec/00485             time:   [987.85 ns (process CPU) 998.96 ns (process CPU) 1011.1 ns (process CPU)]
codec/00500             time:   [909.95 ns (process CPU) 914.63 ns (process CPU) 921.10 ns (process CPU)]
Found 1 outliers among 10 measurements (10.00%)
  1 (10.00%) high severe
codec/00107             time:   [1698.4 ns (process CPU) 1703.7 ns (process CPU) 1711.5 ns (process CPU)]
Found 2 outliers among 10 measurements (20.00%)
  1 (10.00%) high mild
  1 (10.00%) high severe
codec/00575             time:   [356.83 ns (process CPU) 360.51 ns (process CPU) 365.42 ns (process CPU)]
Found 2 outliers among 10 measurements (20.00%)
  2 (20.00%) high severe
codec/00383             time:   [259.12 ns (process CPU) 265.40 ns (process CPU) 274.93 ns (process CPU)]
Found 1 outliers among 10 measurements (10.00%)
  1 (10.00%) high severe
codec/00338             time:   [495.37 ns (process CPU) 535.00 ns (process CPU) 579.71 ns (process CPU)]
codec/00386             time:   [204.20 ns (process CPU) 208.77 ns (process CPU) 215.00 ns (process CPU)]
Found 1 outliers among 10 measurements (10.00%)
  1 (10.00%) high severe
codec/00068             time:   [2676754 ns (process CPU) 2732181 ns (process CPU) 2789284 ns (process CPU)]
codec/00569             time:   [356.81 ns (process CPU) 357.60 ns (process CPU) 358.45 ns (process CPU)]
codec/00512             time:   [940.57 ns (process CPU) 948.73 ns (process CPU) 956.51 ns (process CPU)]
codec/00191             time:   [2976.7 ns (process CPU) 3045.8 ns (process CPU) 3135.8 ns (process CPU)]
Found 1 outliers among 10 measurements (10.00%)
  1 (10.00%) high mild
codec/00404             time:   [155.08 ns (process CPU) 155.46 ns (process CPU) 155.87 ns (process CPU)]
codec/00344             time:   [448.51 ns (process CPU) 451.24 ns (process CPU) 454.56 ns (process CPU)]
Found 2 outliers among 10 measurements (20.00%)
  1 (10.00%) high mild
  1 (10.00%) high severe
codec/00368             time:   [196.01 ns (process CPU) 198.74 ns (process CPU) 201.93 ns (process CPU)]
Found 1 outliers among 10 measurements (10.00%)
  1 (10.00%) high mild
codec/00614             time:   [2721.6 ns (process CPU) 2756.2 ns (process CPU) 2792.1 ns (process CPU)]
codec/00458             time:   [1084.3 ns (process CPU) 1138.2 ns (process CPU) 1194.4 ns (process CPU)]
codec/00476             time:   [1019.8 ns (process CPU) 1051.0 ns (process CPU) 1085.1 ns (process CPU)]
Found 2 outliers among 10 measurements (20.00%)
  1 (10.00%) low mild
  1 (10.00%) high severe
codec/00002             time:   [1647.4 ns (process CPU) 1655.3 ns (process CPU) 1663.9 ns (process CPU)]
codec/00314             time:   [476.43 ns (process CPU) 477.80 ns (process CPU) 479.18 ns (process CPU)]
codec/00542             time:   [2520.6 ns (process CPU) 2528.4 ns (process CPU) 2537.4 ns (process CPU)]
Found 1 outliers among 10 measurements (10.00%)
  1 (10.00%) high mild
codec/00359             time:   [533.78 ns (process CPU) 535.69 ns (process CPU) 537.74 ns (process CPU)]
codec/00533             time:   [342.93 ns (process CPU) 344.35 ns (process CPU) 345.37 ns (process CPU)]
Found 1 outliers among 10 measurements (10.00%)
  1 (10.00%) low mild
codec/00242             time:   [219.61 ns (process CPU) 220.39 ns (process CPU) 221.28 ns (process CPU)]
Found 1 outliers among 10 measurements (10.00%)
  1 (10.00%) high mild
codec/00524             time:   [277.83 ns (process CPU) 281.21 ns (process CPU) 284.54 ns (process CPU)]
Found 2 outliers among 10 measurements (20.00%)
  1 (10.00%) low mild
  1 (10.00%) high mild
codec/00119             time:   [290241 ns (process CPU) 293509 ns (process CPU) 296611 ns (process CPU)]
Found 4 outliers among 10 measurements (40.00%)
  1 (10.00%) low severe
  1 (10.00%) low mild
  2 (20.00%) high mild
codec/00053             time:   [2852346 ns (process CPU) 2939358 ns (process CPU) 3030209 ns (process CPU)]
codec/00443             time:   [238.69 ns (process CPU) 239.05 ns (process CPU) 239.41 ns (process CPU)]
codec/00326             time:   [503.74 ns (process CPU) 539.89 ns (process CPU) 572.90 ns (process CPU)]
codec/00554             time:   [2521.4 ns (process CPU) 2532.5 ns (process CPU) 2550.1 ns (process CPU)]
Found 1 outliers among 10 measurements (10.00%)
  1 (10.00%) high severe
codec/00377             time:   [378.59 ns (process CPU) 381.58 ns (process CPU) 384.94 ns (process CPU)]
codec/00374             time:   [197.51 ns (process CPU) 198.03 ns (process CPU) 198.59 ns (process CPU)]
codec/00518             time:   [925.00 ns (process CPU) 933.87 ns (process CPU) 946.84 ns (process CPU)]
Found 1 outliers among 10 measurements (10.00%)
  1 (10.00%) high severe
codec/00302             time:   [500.57 ns (process CPU) 514.32 ns (process CPU) 529.69 ns (process CPU)]
codec/00050             time:   [2927458 ns (process CPU) 2980963 ns (process CPU) 3038201 ns (process CPU)]
Found 2 outliers among 10 measurements (20.00%)
  1 (10.00%) low mild
  1 (10.00%) high severe
codec/00098             time:   [128.21 ns (process CPU) 130.10 ns (process CPU) 132.75 ns (process CPU)]
Found 1 outliers among 10 measurements (10.00%)
  1 (10.00%) high severe
codec/00626             time:   [2755.4 ns (process CPU) 2819.0 ns (process CPU) 2894.2 ns (process CPU)]
Found 1 outliers among 10 measurements (10.00%)
  1 (10.00%) high mild
codec/00089             time:   [ 33865 ns (process CPU)  34681 ns (process CPU)  35577 ns (process CPU)]
codec/00131             time:   [428.48 ns (process CPU) 429.20 ns (process CPU) 430.24 ns (process CPU)]
Found 1 outliers among 10 measurements (10.00%)
  1 (10.00%) high severe
codec/00362             time:   [448.95 ns (process CPU) 452.79 ns (process CPU) 458.82 ns (process CPU)]
Found 1 outliers among 10 measurements (10.00%)
  1 (10.00%) high severe
codec/00560             time:   [294.18 ns (process CPU) 297.32 ns (process CPU) 300.42 ns (process CPU)]
codec/00428             time:   [156.20 ns (process CPU) 156.43 ns (process CPU) 156.70 ns (process CPU)]
codec/00011             time:   [474749 ns (process CPU) 486357 ns (process CPU) 499355 ns (process CPU)]
codec/00329             time:   [518.22 ns (process CPU) 519.80 ns (process CPU) 521.44 ns (process CPU)]
codec/00578             time:   [908.55 ns (process CPU) 914.32 ns (process CPU) 921.08 ns (process CPU)]
Found 1 outliers among 10 measurements (10.00%)
  1 (10.00%) high mild
codec/00332             time:   [451.36 ns (process CPU) 461.99 ns (process CPU) 476.68 ns (process CPU)]
Found 1 outliers among 10 measurements (10.00%)
  1 (10.00%) high severe
codec/00164             time:   [2854.4 ns (process CPU) 2900.7 ns (process CPU) 2951.7 ns (process CPU)]
codec/00248             time:   [179.37 ns (process CPU) 180.77 ns (process CPU) 182.77 ns (process CPU)]
Found 1 outliers among 10 measurements (10.00%)
  1 (10.00%) high severe
codec/00461             time:   [1184.5 ns (process CPU) 1195.0 ns (process CPU) 1208.0 ns (process CPU)]
Found 2 outliers among 10 measurements (20.00%)
  2 (20.00%) high mild
codec/00407             time:   [225.94 ns (process CPU) 227.23 ns (process CPU) 228.51 ns (process CPU)]
codec/00446             time:   [160.24 ns (process CPU) 162.29 ns (process CPU) 164.69 ns (process CPU)]
Found 1 outliers among 10 measurements (10.00%)
  1 (10.00%) high mild
codec/00548             time:   [2508.3 ns (process CPU) 2512.4 ns (process CPU) 2517.0 ns (process CPU)]
Found 1 outliers among 10 measurements (10.00%)
  1 (10.00%) high mild
codec/00539             time:   [341.44 ns (process CPU) 341.92 ns (process CPU) 342.36 ns (process CPU)]
codec/00623             time:   [2759.2 ns (process CPU) 2779.3 ns (process CPU) 2808.0 ns (process CPU)]
Found 1 outliers among 10 measurements (10.00%)
  1 (10.00%) high severe
codec/00632             time:   [5688.8 ns (process CPU) 5702.3 ns (process CPU) 5715.4 ns (process CPU)]
codec/00209             time:   [2897.8 ns (process CPU) 2933.7 ns (process CPU) 2981.7 ns (process CPU)]
Found 2 outliers among 10 measurements (20.00%)
  2 (20.00%) high severe
codec/00113             time:   [ 66248 ns (process CPU)  66475 ns (process CPU)  66729 ns (process CPU)]
codec/00173             time:   [2885.1 ns (process CPU) 2894.1 ns (process CPU) 2903.1 ns (process CPU)]
codec/00416             time:   [155.06 ns (process CPU) 155.38 ns (process CPU) 155.73 ns (process CPU)]
codec/00572             time:   [285.37 ns (process CPU) 286.47 ns (process CPU) 287.55 ns (process CPU)]
codec/00320             time:   [490.60 ns (process CPU) 495.21 ns (process CPU) 501.09 ns (process CPU)]
codec/00200             time:   [2827.9 ns (process CPU) 2938.7 ns (process CPU) 3076.7 ns (process CPU)]
Found 1 outliers among 10 measurements (10.00%)
  1 (10.00%) high mild
codec/00224             time:   [2863.8 ns (process CPU) 2957.2 ns (process CPU) 3055.9 ns (process CPU)]
codec/00218             time:   [2876.1 ns (process CPU) 2926.3 ns (process CPU) 2985.6 ns (process CPU)]
Found 2 outliers among 10 measurements (20.00%)
  2 (20.00%) high mild
codec/00296             time:   [468.85 ns (process CPU) 472.23 ns (process CPU) 476.20 ns (process CPU)]
Found 2 outliers among 10 measurements (20.00%)
  2 (20.00%) high mild
codec/00047             time:   [2715119 ns (process CPU) 2768590 ns (process CPU) 2827257 ns (process CPU)]
codec/00437             time:   [229.52 ns (process CPU) 231.18 ns (process CPU) 232.91 ns (process CPU)]
codec/00659             time:   [5866.5 ns (process CPU) 5929.4 ns (process CPU) 6009.5 ns (process CPU)]
Found 1 outliers among 10 measurements (10.00%)
  1 (10.00%) high severe
codec/00353             time:   [546.87 ns (process CPU) 559.95 ns (process CPU) 576.41 ns (process CPU)]
Found 1 outliers among 10 measurements (10.00%)
  1 (10.00%) high mild
codec/00128             time:   [408.00 ns (process CPU) 425.53 ns (process CPU) 446.77 ns (process CPU)]
Found 2 outliers among 10 measurements (20.00%)
  2 (20.00%) high mild
codec/00422             time:   [161.22 ns (process CPU) 165.34 ns (process CPU) 170.23 ns (process CPU)]
Found 1 outliers among 10 measurements (10.00%)
  1 (10.00%) high severe
codec/00188             time:   [3027.6 ns (process CPU) 3155.4 ns (process CPU) 3299.0 ns (process CPU)]
codec/00602             time:   [951.24 ns (process CPU) 988.89 ns (process CPU) 1046.0 ns (process CPU)]
Found 1 outliers among 10 measurements (10.00%)
  1 (10.00%) high severe
codec/00566             time:   [292.28 ns (process CPU) 305.69 ns (process CPU) 329.94 ns (process CPU)]
Found 1 outliers among 10 measurements (10.00%)
  1 (10.00%) high severe
codec/00095             time:   [341162 ns (process CPU) 345643 ns (process CPU) 349674 ns (process CPU)]
codec/00116             time:   [299894 ns (process CPU) 306389 ns (process CPU) 311491 ns (process CPU)]
codec/00665             time:   [5841.3 ns (process CPU) 5875.2 ns (process CPU) 5921.4 ns (process CPU)]
Found 1 outliers among 10 measurements (10.00%)
  1 (10.00%) high mild
codec/00020             time:   [576902 ns (process CPU) 578711 ns (process CPU) 580616 ns (process CPU)]
codec/00491             time:   [984.66 ns (process CPU) 998.89 ns (process CPU) 1019.3 ns (process CPU)]
Found 1 outliers among 10 measurements (10.00%)
  1 (10.00%) high severe
codec/00161             time:   [2940.4 ns (process CPU) 3126.0 ns (process CPU) 3372.3 ns (process CPU)]
Found 1 outliers among 10 measurements (10.00%)
  1 (10.00%) high severe
codec/00062             time:   [2288158 ns (process CPU) 2359284 ns (process CPU) 2436523 ns (process CPU)]
codec/00638             time:   [5689.7 ns (process CPU) 5710.0 ns (process CPU) 5729.4 ns (process CPU)]
Found 1 outliers among 10 measurements (10.00%)
  1 (10.00%) low mild
codec/00662             time:   [5724.9 ns (process CPU) 5758.8 ns (process CPU) 5785.9 ns (process CPU)]
codec/00278             time:   [448.17 ns (process CPU) 450.37 ns (process CPU) 452.85 ns (process CPU)]
Found 1 outliers among 10 measurements (10.00%)
  1 (10.00%) high mild
codec/00530             time:   [273.16 ns (process CPU) 277.50 ns (process CPU) 284.50 ns (process CPU)]
Found 1 outliers among 10 measurements (10.00%)
  1 (10.00%) high severe
codec/00143             time:   [2900.0 ns (process CPU) 2943.1 ns (process CPU) 2993.6 ns (process CPU)]
Found 1 outliers among 10 measurements (10.00%)
  1 (10.00%) high mild
codec/00257             time:   [1082.1 ns (process CPU) 1093.9 ns (process CPU) 1106.5 ns (process CPU)]
codec/00206             time:   [2764.5 ns (process CPU) 2802.0 ns (process CPU) 2840.2 ns (process CPU)]
codec/00149             time:   [2920.9 ns (process CPU) 2962.8 ns (process CPU) 3007.6 ns (process CPU)]
codec/00440             time:   [168.64 ns (process CPU) 172.88 ns (process CPU) 177.08 ns (process CPU)]
codec/00317             time:   [575.03 ns (process CPU) 578.41 ns (process CPU) 582.31 ns (process CPU)]
codec/00275             time:   [596.13 ns (process CPU) 599.70 ns (process CPU) 603.51 ns (process CPU)]
codec/00674             time:   [132.09 ns (process CPU) 132.52 ns (process CPU) 133.04 ns (process CPU)]
Found 1 outliers among 10 measurements (10.00%)
  1 (10.00%) high mild
codec/00515             time:   [1095.0 ns (process CPU) 1131.8 ns (process CPU) 1171.8 ns (process CPU)]
codec/00509             time:   [1053.3 ns (process CPU) 1153.4 ns (process CPU) 1256.6 ns (process CPU)]
codec/00503             time:   [1015.5 ns (process CPU) 1017.5 ns (process CPU) 1019.6 ns (process CPU)]
codec/00122             time:   [303675 ns (process CPU) 313702 ns (process CPU) 325293 ns (process CPU)]
codec/00185             time:   [3147.5 ns (process CPU) 3216.0 ns (process CPU) 3296.5 ns (process CPU)]
Found 2 outliers among 10 measurements (20.00%)
  1 (10.00%) high mild
  1 (10.00%) high severe
codec/00077             time:   [2975196 ns (process CPU) 3091678 ns (process CPU) 3219339 ns (process CPU)]
codec/00074             time:   [3036905 ns (process CPU) 3124139 ns (process CPU) 3212015 ns (process CPU)]
codec/00599             time:   [1073.1 ns (process CPU) 1120.7 ns (process CPU) 1175.7 ns (process CPU)]
codec/00608             time:   [953.84 ns (process CPU) 963.03 ns (process CPU) 972.70 ns (process CPU)]
codec/00611             time:   [1022.3 ns (process CPU) 1033.9 ns (process CPU) 1046.5 ns (process CPU)]
codec/00215             time:   [2907.8 ns (process CPU) 2952.9 ns (process CPU) 3007.8 ns (process CPU)]
codec/00101             time:   [143.07 ns (process CPU) 144.73 ns (process CPU) 146.70 ns (process CPU)]
Found 1 outliers among 10 measurements (10.00%)
  1 (10.00%) high mild
codec/00137             time:   [3192.9 ns (process CPU) 3237.0 ns (process CPU) 3281.0 ns (process CPU)]
codec/00008             time:   [473019 ns (process CPU) 482810 ns (process CPU) 493988 ns (process CPU)]
Found 1 outliers among 10 measurements (10.00%)
  1 (10.00%) high mild
codec/00671             time:   [190.00 ns (process CPU) 192.18 ns (process CPU) 195.65 ns (process CPU)]
Found 1 outliers among 10 measurements (10.00%)
  1 (10.00%) high severe
codec/00629             time:   [2779.8 ns (process CPU) 2800.3 ns (process CPU) 2825.7 ns (process CPU)]
Found 1 outliers among 10 measurements (10.00%)
  1 (10.00%) high mild
codec/00413             time:   [228.70 ns (process CPU) 231.18 ns (process CPU) 233.76 ns (process CPU)]
Found 1 outliers among 10 measurements (10.00%)
  1 (10.00%) high mild
codec/00041             time:   [2536665 ns (process CPU) 2573235 ns (process CPU) 2610694 ns (process CPU)]
codec/00308             time:   [538.95 ns (process CPU) 546.56 ns (process CPU) 556.34 ns (process CPU)]
Found 1 outliers among 10 measurements (10.00%)
  1 (10.00%) high mild
codec/00419             time:   [227.40 ns (process CPU) 228.99 ns (process CPU) 230.78 ns (process CPU)]
codec/00644             time:   [5848.4 ns (process CPU) 5900.0 ns (process CPU) 5956.7 ns (process CPU)]
codec/00230             time:   [243.42 ns (process CPU) 244.35 ns (process CPU) 245.33 ns (process CPU)]
Found 1 outliers among 10 measurements (10.00%)
  1 (10.00%) high mild
codec/00152             time:   [2791.4 ns (process CPU) 2823.4 ns (process CPU) 2864.9 ns (process CPU)]
Found 1 outliers among 10 measurements (10.00%)
  1 (10.00%) high severe
codec/00236             time:   [263.30 ns (process CPU) 269.70 ns (process CPU) 276.74 ns (process CPU)]
codec/00473             time:   [1213.7 ns (process CPU) 1228.2 ns (process CPU) 1246.5 ns (process CPU)]
Found 1 outliers among 10 measurements (10.00%)
  1 (10.00%) high severe
codec/00488             time:   [973.89 ns (process CPU) 1204.7 ns (process CPU) 1514.2 ns (process CPU)]
Found 2 outliers among 10 measurements (20.00%)
  2 (20.00%) high severe
codec/00083             time:   [ 65312 ns (process CPU)  66963 ns (process CPU)  68748 ns (process CPU)]
codec/00494             time:   [941.67 ns (process CPU) 948.35 ns (process CPU) 956.92 ns (process CPU)]
Found 1 outliers among 10 measurements (10.00%)
  1 (10.00%) high mild
codec/00182             time:   [2820.7 ns (process CPU) 2826.4 ns (process CPU) 2834.5 ns (process CPU)]
Found 1 outliers among 10 measurements (10.00%)
  1 (10.00%) high severe
codec/00014             time:   [526215 ns (process CPU) 528769 ns (process CPU) 531774 ns (process CPU)]
Found 1 outliers among 10 measurements (10.00%)
  1 (10.00%) high mild
codec/00212             time:   [2758.7 ns (process CPU) 2764.8 ns (process CPU) 2772.6 ns (process CPU)]
codec/00683             time:   [187.46 ns (process CPU) 187.71 ns (process CPU) 187.94 ns (process CPU)]
codec/00065             time:   [2460956 ns (process CPU) 2514701 ns (process CPU) 2566360 ns (process CPU)]
codec/00557             time:   [2627.8 ns (process CPU) 2640.3 ns (process CPU) 2656.1 ns (process CPU)]
Found 1 outliers among 10 measurements (10.00%)
  1 (10.00%) high mild
codec/00179             time:   [3219.3 ns (process CPU) 3506.3 ns (process CPU) 3812.6 ns (process CPU)]
codec/00035             time:   [3250.3 ns (process CPU) 3431.2 ns (process CPU) 3614.2 ns (process CPU)]
codec/00293             time:   [627.44 ns (process CPU) 629.21 ns (process CPU) 631.35 ns (process CPU)]
codec/00086             time:   [ 33558 ns (process CPU)  33642 ns (process CPU)  33725 ns (process CPU)]
codec/00449             time:   [228.75 ns (process CPU) 229.11 ns (process CPU) 229.53 ns (process CPU)]
Found 1 outliers among 10 measurements (10.00%)
  1 (10.00%) high mild
codec/00104             time:   [1684.2 ns (process CPU) 1688.1 ns (process CPU) 1692.7 ns (process CPU)]
Found 2 outliers among 10 measurements (20.00%)
  2 (20.00%) high mild
codec/00581             time:   [1006.5 ns (process CPU) 1007.5 ns (process CPU) 1008.5 ns (process CPU)]
codec/00158             time:   [2782.6 ns (process CPU) 2800.2 ns (process CPU) 2823.0 ns (process CPU)]
Found 1 outliers among 10 measurements (10.00%)
  1 (10.00%) high mild
codec/00032             time:   [2934.2 ns (process CPU) 2992.7 ns (process CPU) 3072.4 ns (process CPU)]
Found 1 outliers among 10 measurements (10.00%)
  1 (10.00%) high mild
codec/00080             time:   [ 63830 ns (process CPU)  64120 ns (process CPU)  64451 ns (process CPU)]
codec/00197             time:   [2906.5 ns (process CPU) 2913.0 ns (process CPU) 2920.1 ns (process CPU)]
codec/00266             time:   [478.66 ns (process CPU) 480.33 ns (process CPU) 482.01 ns (process CPU)]
codec/00239             time:   [266.83 ns (process CPU) 267.49 ns (process CPU) 268.06 ns (process CPU)]
codec/00647             time:   [5862.4 ns (process CPU) 5882.6 ns (process CPU) 5907.8 ns (process CPU)]
codec/00551             time:   [2625.1 ns (process CPU) 2639.6 ns (process CPU) 2663.9 ns (process CPU)]
Found 1 outliers among 10 measurements (10.00%)
  1 (10.00%) high severe
codec/00365             time:   [548.28 ns (process CPU) 550.39 ns (process CPU) 552.65 ns (process CPU)]
codec/00605             time:   [1009.3 ns (process CPU) 1012.0 ns (process CPU) 1015.0 ns (process CPU)]
codec/00464             time:   [968.28 ns (process CPU) 974.41 ns (process CPU) 983.48 ns (process CPU)]
Found 3 outliers among 10 measurements (30.00%)
  1 (10.00%) low mild
  2 (20.00%) high severe
codec/00323             time:   [704.84 ns (process CPU) 706.17 ns (process CPU) 707.75 ns (process CPU)]
codec/00470             time:   [1001.1 ns (process CPU) 1007.2 ns (process CPU) 1015.3 ns (process CPU)]
Found 1 outliers among 10 measurements (10.00%)
  1 (10.00%) high mild
codec/00668             time:   [131.60 ns (process CPU) 132.21 ns (process CPU) 133.28 ns (process CPU)]
Found 2 outliers among 10 measurements (20.00%)
  1 (10.00%) high mild
  1 (10.00%) high severe
codec/00170             time:   [2786.7 ns (process CPU) 2802.3 ns (process CPU) 2820.9 ns (process CPU)]
codec/00251             time:   [197.16 ns (process CPU) 197.47 ns (process CPU) 197.75 ns (process CPU)]
codec/00203             time:   [2924.3 ns (process CPU) 2946.8 ns (process CPU) 2969.9 ns (process CPU)]
Found 1 outliers among 10 measurements (10.00%)
  1 (10.00%) high mild
codec/00176             time:   [2754.2 ns (process CPU) 2759.5 ns (process CPU) 2764.4 ns (process CPU)]
codec/00584             time:   [931.86 ns (process CPU) 936.23 ns (process CPU) 944.05 ns (process CPU)]
Found 1 outliers among 10 measurements (10.00%)
  1 (10.00%) high severe
codec/00356             time:   [485.14 ns (process CPU) 487.30 ns (process CPU) 489.72 ns (process CPU)]
Found 1 outliers among 10 measurements (10.00%)
  1 (10.00%) high mild
codec/00305             time:   [706.17 ns (process CPU) 716.71 ns (process CPU) 729.67 ns (process CPU)]
Found 2 outliers among 10 measurements (20.00%)
  2 (20.00%) high severe
codec/00389             time:   [373.90 ns (process CPU) 375.05 ns (process CPU) 376.33 ns (process CPU)]
Found 1 outliers among 10 measurements (10.00%)
  1 (10.00%) high mild
codec/00350             time:   [476.98 ns (process CPU) 477.60 ns (process CPU) 478.34 ns (process CPU)]
Found 1 outliers among 10 measurements (10.00%)
  1 (10.00%) high mild
codec/00431             time:   [227.04 ns (process CPU) 227.37 ns (process CPU) 227.86 ns (process CPU)]
Found 1 outliers among 10 measurements (10.00%)
  1 (10.00%) high severe
codec/00221             time:   [2899.2 ns (process CPU) 2926.1 ns (process CPU) 2957.1 ns (process CPU)]
codec/00281             time:   [590.98 ns (process CPU) 592.15 ns (process CPU) 593.42 ns (process CPU)]
codec/00395             time:   [224.53 ns (process CPU) 224.85 ns (process CPU) 225.20 ns (process CPU)]
Found 1 outliers among 10 measurements (10.00%)
  1 (10.00%) high mild
codec/00056             time:   [1399671 ns (process CPU) 1410595 ns (process CPU) 1426740 ns (process CPU)]
Found 1 outliers among 10 measurements (10.00%)
  1 (10.00%) high severe
codec/00167             time:   [2894.6 ns (process CPU) 2908.3 ns (process CPU) 2927.5 ns (process CPU)]
Found 1 outliers among 10 measurements (10.00%)
  1 (10.00%) high mild
codec/00656             time:   [5714.0 ns (process CPU) 5727.6 ns (process CPU) 5744.2 ns (process CPU)]
Found 4 outliers among 10 measurements (40.00%)
  2 (20.00%) low mild
  1 (10.00%) high mild
  1 (10.00%) high severe
codec/00392             time:   [154.84 ns (process CPU) 155.20 ns (process CPU) 155.69 ns (process CPU)]
Found 2 outliers among 10 measurements (20.00%)
  1 (10.00%) low mild
  1 (10.00%) high severe
codec/00254             time:   [576.39 ns (process CPU) 578.46 ns (process CPU) 581.93 ns (process CPU)]
Found 1 outliers among 10 measurements (10.00%)
  1 (10.00%) high severe
codec/00680             time:   [130.72 ns (process CPU) 130.96 ns (process CPU) 131.15 ns (process CPU)]
Found 2 outliers among 10 measurements (20.00%)
  1 (10.00%) low mild
  1 (10.00%) high mild
codec/00044             time:   [2527043 ns (process CPU) 2558868 ns (process CPU) 2588690 ns (process CPU)]
codec/00425             time:   [226.48 ns (process CPU) 226.77 ns (process CPU) 227.04 ns (process CPU)]
Found 2 outliers among 10 measurements (20.00%)
  1 (10.00%) low mild
  1 (10.00%) high mild
codec/00092             time:   [349662 ns (process CPU) 350779 ns (process CPU) 351887 ns (process CPU)]
codec/00090             time:   [345857 ns (process CPU) 350170 ns (process CPU) 356955 ns (process CPU)]
Found 1 outliers among 10 measurements (10.00%)
  1 (10.00%) high severe
codec/00069             time:   [2515606 ns (process CPU) 2616438 ns (process CPU) 2718947 ns (process CPU)]
codec/00006             time:   [442009 ns (process CPU) 442548 ns (process CPU) 443046 ns (process CPU)]
codec/00075             time:   [2731498 ns (process CPU) 2827734 ns (process CPU) 2937526 ns (process CPU)]
codec/00405             time:   [206.90 ns (process CPU) 207.11 ns (process CPU) 207.31 ns (process CPU)]
codec/00207             time:   [2872.8 ns (process CPU) 2885.3 ns (process CPU) 2902.8 ns (process CPU)]
Found 1 outliers among 10 measurements (10.00%)
  1 (10.00%) high severe
codec/00216             time:   [2718.5 ns (process CPU) 2726.7 ns (process CPU) 2734.4 ns (process CPU)]
codec/00249             time:   [155.60 ns (process CPU) 156.08 ns (process CPU) 156.76 ns (process CPU)]
Found 1 outliers among 10 measurements (10.00%)
  1 (10.00%) high severe
codec/00267             time:   [574.26 ns (process CPU) 575.30 ns (process CPU) 576.22 ns (process CPU)]
Found 2 outliers among 10 measurements (20.00%)
  1 (10.00%) low severe
  1 (10.00%) low mild
codec/00159             time:   [2885.0 ns (process CPU) 2893.0 ns (process CPU) 2903.7 ns (process CPU)]
Found 1 outliers among 10 measurements (10.00%)
  1 (10.00%) high mild
codec/00045             time:   [2501492 ns (process CPU) 2552528 ns (process CPU) 2603596 ns (process CPU)]
codec/00099             time:   [122.40 ns (process CPU) 122.73 ns (process CPU) 123.02 ns (process CPU)]
codec/00678             time:   [114.95 ns (process CPU) 115.33 ns (process CPU) 115.69 ns (process CPU)]
codec/00432             time:   [144.41 ns (process CPU) 144.93 ns (process CPU) 145.42 ns (process CPU)]
codec/00171             time:   [2892.2 ns (process CPU) 2905.1 ns (process CPU) 2919.0 ns (process CPU)]
codec/00000             time:   [1626.6 ns (process CPU) 1630.8 ns (process CPU) 1635.8 ns (process CPU)]
Found 1 outliers among 10 measurements (10.00%)
  1 (10.00%) high mild
codec/00372             time:   [180.06 ns (process CPU) 181.33 ns (process CPU) 182.66 ns (process CPU)]
codec/00147             time:   [2868.4 ns (process CPU) 2878.2 ns (process CPU) 2890.1 ns (process CPU)]
Found 1 outliers among 10 measurements (10.00%)
  1 (10.00%) high mild
codec/00369             time:   [381.74 ns (process CPU) 383.23 ns (process CPU) 384.91 ns (process CPU)]
codec/00318             time:   [497.68 ns (process CPU) 499.38 ns (process CPU) 501.10 ns (process CPU)]
codec/00111             time:   [ 75185 ns (process CPU)  75654 ns (process CPU)  76378 ns (process CPU)]
Found 3 outliers among 10 measurements (30.00%)
  1 (10.00%) low mild
  2 (20.00%) high severe
codec/00255             time:   [1069.2 ns (process CPU) 1072.8 ns (process CPU) 1077.3 ns (process CPU)]
Found 1 outliers among 10 measurements (10.00%)
  1 (10.00%) high severe
codec/00531             time:   [326.18 ns (process CPU) 329.90 ns (process CPU) 335.23 ns (process CPU)]
Found 2 outliers among 10 measurements (20.00%)
  2 (20.00%) high severe
codec/00522             time:   [262.73 ns (process CPU) 263.33 ns (process CPU) 264.02 ns (process CPU)]
Found 1 outliers among 10 measurements (10.00%)
  1 (10.00%) high mild
codec/00168             time:   [2707.9 ns (process CPU) 2716.7 ns (process CPU) 2724.5 ns (process CPU)]
codec/00558             time:   [267.88 ns (process CPU) 268.26 ns (process CPU) 268.65 ns (process CPU)]
codec/00597             time:   [984.95 ns (process CPU) 986.50 ns (process CPU) 988.17 ns (process CPU)]
codec/00675             time:   [171.20 ns (process CPU) 172.28 ns (process CPU) 173.60 ns (process CPU)]
Found 1 outliers among 10 measurements (10.00%)
  1 (10.00%) high mild
codec/00357             time:   [546.00 ns (process CPU) 548.85 ns (process CPU) 551.82 ns (process CPU)]
codec/00408             time:   [143.37 ns (process CPU) 143.98 ns (process CPU) 144.70 ns (process CPU)]
codec/00375             time:   [358.57 ns (process CPU) 362.73 ns (process CPU) 370.46 ns (process CPU)]
Found 1 outliers among 10 measurements (10.00%)
  1 (10.00%) high severe
codec/00252             time:   [553.81 ns (process CPU) 559.86 ns (process CPU) 566.61 ns (process CPU)]
codec/00543             time:   [1999.2 ns (process CPU) 2019.5 ns (process CPU) 2039.7 ns (process CPU)]
codec/00105             time:   [1683.5 ns (process CPU) 1694.0 ns (process CPU) 1705.8 ns (process CPU)]
Found 1 outliers among 10 measurements (10.00%)
  1 (10.00%) high mild
codec/00018             time:   [563448 ns (process CPU) 573590 ns (process CPU) 584081 ns (process CPU)]
codec/00567             time:   [334.99 ns (process CPU) 336.72 ns (process CPU) 338.69 ns (process CPU)]
Found 1 outliers among 10 measurements (10.00%)
  1 (10.00%) high mild
codec/00309             time:   [696.68 ns (process CPU) 702.07 ns (process CPU) 708.68 ns (process CPU)]
Found 2 outliers among 10 measurements (20.00%)
  2 (20.00%) high severe
codec/00381             time:   [234.61 ns (process CPU) 238.32 ns (process CPU) 243.25 ns (process CPU)]
Found 1 outliers among 10 measurements (10.00%)
  1 (10.00%) high severe
codec/00627             time:   [2714.3 ns (process CPU) 2760.3 ns (process CPU) 2825.0 ns (process CPU)]
Found 1 outliers among 10 measurements (10.00%)
  1 (10.00%) high severe
codec/00486             time:   [899.54 ns (process CPU) 906.22 ns (process CPU) 915.25 ns (process CPU)]
Found 1 outliers among 10 measurements (10.00%)
  1 (10.00%) high mild
codec/00117             time:   [304953 ns (process CPU) 305657 ns (process CPU) 306360 ns (process CPU)]
codec/00195             time:   [2853.9 ns (process CPU) 2865.2 ns (process CPU) 2877.9 ns (process CPU)]
codec/00447             time:   [213.75 ns (process CPU) 215.57 ns (process CPU) 217.40 ns (process CPU)]
codec/00327             time:   [526.91 ns (process CPU) 528.61 ns (process CPU) 531.22 ns (process CPU)]
Found 1 outliers among 10 measurements (10.00%)
  1 (10.00%) high severe
codec/00135             time:   [3057.6 ns (process CPU) 3073.9 ns (process CPU) 3089.4 ns (process CPU)]
codec/00186             time:   [2685.1 ns (process CPU) 2692.3 ns (process CPU) 2700.3 ns (process CPU)]
codec/00201             time:   [2861.0 ns (process CPU) 2871.2 ns (process CPU) 2884.1 ns (process CPU)]
Found 2 outliers among 10 measurements (20.00%)
  1 (10.00%) low mild
  1 (10.00%) high severe
codec/00027             time:   [ 16444 ns (process CPU)  16500 ns (process CPU)  16570 ns (process CPU)]
Found 1 outliers among 10 measurements (10.00%)
  1 (10.00%) high severe
codec/00222             time:   [2674.7 ns (process CPU) 2683.1 ns (process CPU) 2692.4 ns (process CPU)]
Found 2 outliers among 10 measurements (20.00%)
  1 (10.00%) low mild
  1 (10.00%) high mild
codec/00219             time:   [2836.6 ns (process CPU) 2846.3 ns (process CPU) 2860.0 ns (process CPU)]
Found 1 outliers among 10 measurements (10.00%)
  1 (10.00%) high severe
codec/00003             time:   [1599.9 ns (process CPU) 1608.2 ns (process CPU) 1615.3 ns (process CPU)]
Found 1 outliers among 10 measurements (10.00%)
  1 (10.00%) low mild
codec/00669             time:   [172.38 ns (process CPU) 172.92 ns (process CPU) 173.59 ns (process CPU)]
Found 1 outliers among 10 measurements (10.00%)
  1 (10.00%) high mild
codec/00177             time:   [2851.5 ns (process CPU) 2866.2 ns (process CPU) 2879.3 ns (process CPU)]
codec/00039             time:   [2475076 ns (process CPU) 2506191 ns (process CPU) 2545790 ns (process CPU)]
Found 1 outliers among 10 measurements (10.00%)
  1 (10.00%) high mild
codec/00321             time:   [690.87 ns (process CPU) 692.92 ns (process CPU) 694.92 ns (process CPU)]
codec/00294             time:   [463.88 ns (process CPU) 465.53 ns (process CPU) 467.46 ns (process CPU)]
Found 1 outliers among 10 measurements (10.00%)
  1 (10.00%) high mild
codec/00480             time:   [881.71 ns (process CPU) 882.94 ns (process CPU) 884.33 ns (process CPU)]
codec/00672             time:   [115.89 ns (process CPU) 116.42 ns (process CPU) 116.91 ns (process CPU)]
codec/00240             time:   [238.30 ns (process CPU) 238.50 ns (process CPU) 238.71 ns (process CPU)]
codec/00189             time:   [2659.2 ns (process CPU) 2670.2 ns (process CPU) 2682.5 ns (process CPU)]
Found 1 outliers among 10 measurements (10.00%)
  1 (10.00%) high mild
codec/00552             time:   [1898.8 ns (process CPU) 1906.3 ns (process CPU) 1913.1 ns (process CPU)]
codec/00654             time:   [5578.2 ns (process CPU) 5608.8 ns (process CPU) 5646.6 ns (process CPU)]
Found 1 outliers among 10 measurements (10.00%)
  1 (10.00%) high mild
codec/00300             time:   [488.44 ns (process CPU) 489.74 ns (process CPU) 491.10 ns (process CPU)]
Found 1 outliers among 10 measurements (10.00%)
  1 (10.00%) high mild
codec/00081             time:   [ 63628 ns (process CPU)  63712 ns (process CPU)  63801 ns (process CPU)]
codec/00360             time:   [458.03 ns (process CPU) 459.54 ns (process CPU) 460.95 ns (process CPU)]
codec/00138             time:   [2495.3 ns (process CPU) 2510.2 ns (process CPU) 2526.5 ns (process CPU)]
Found 1 outliers among 10 measurements (10.00%)
  1 (10.00%) high mild
codec/00468             time:   [884.38 ns (process CPU) 886.79 ns (process CPU) 889.55 ns (process CPU)]
Found 1 outliers among 10 measurements (10.00%)
  1 (10.00%) high mild
codec/00021             time:   [526358 ns (process CPU) 527897 ns (process CPU) 529428 ns (process CPU)]
Found 1 outliers among 10 measurements (10.00%)
  1 (10.00%) low mild
codec/00645             time:   [5661.9 ns (process CPU) 5669.6 ns (process CPU) 5676.6 ns (process CPU)]
codec/00387             time:   [356.89 ns (process CPU) 357.34 ns (process CPU) 357.78 ns (process CPU)]
codec/00660             time:   [5601.1 ns (process CPU) 5616.4 ns (process CPU) 5630.4 ns (process CPU)]
codec/00213             time:   [2704.6 ns (process CPU) 2714.3 ns (process CPU) 2723.4 ns (process CPU)]
codec/00153             time:   [2726.6 ns (process CPU) 2808.0 ns (process CPU) 2936.1 ns (process CPU)]
Found 2 outliers among 10 measurements (20.00%)
  2 (20.00%) high severe
codec/00402             time:   [143.47 ns (process CPU) 144.88 ns (process CPU) 147.26 ns (process CPU)]
Found 1 outliers among 10 measurements (10.00%)
  1 (10.00%) high severe
codec/00423             time:   [209.68 ns (process CPU) 213.47 ns (process CPU) 218.40 ns (process CPU)]
Found 2 outliers among 10 measurements (20.00%)
  2 (20.00%) high severe
codec/00279             time:   [469.06 ns (process CPU) 471.36 ns (process CPU) 474.09 ns (process CPU)]
Found 2 outliers among 10 measurements (20.00%)
  2 (20.00%) high mild
codec/00096             time:   [111.72 ns (process CPU) 113.76 ns (process CPU) 117.36 ns (process CPU)]
Found 1 outliers among 10 measurements (10.00%)
  1 (10.00%) high severe
codec/00555             time:   [1970.2 ns (process CPU) 1987.3 ns (process CPU) 2010.4 ns (process CPU)]
Found 2 outliers among 10 measurements (20.00%)
  2 (20.00%) high severe
codec/00036             time:   [2391971 ns (process CPU) 2451100 ns (process CPU) 2518153 ns (process CPU)]
codec/00165             time:   [2736.7 ns (process CPU) 2761.7 ns (process CPU) 2790.5 ns (process CPU)]
Found 1 outliers among 10 measurements (10.00%)
  1 (10.00%) high mild
codec/00084             time:   [ 33535 ns (process CPU)  33685 ns (process CPU)  33852 ns (process CPU)]
Found 1 outliers among 10 measurements (10.00%)
  1 (10.00%) high mild
codec/00354             time:   [366.50 ns (process CPU) 381.45 ns (process CPU) 409.22 ns (process CPU)]
Found 1 outliers among 10 measurements (10.00%)
  1 (10.00%) high severe
codec/00114             time:   [306648 ns (process CPU) 308352 ns (process CPU) 310210 ns (process CPU)]
codec/00285             time:   [479.34 ns (process CPU) 483.80 ns (process CPU) 489.58 ns (process CPU)]
Found 2 outliers among 10 measurements (20.00%)
  2 (20.00%) high mild
codec/00399             time:   [198.48 ns (process CPU) 198.80 ns (process CPU) 199.13 ns (process CPU)]
Found 2 outliers among 10 measurements (20.00%)
  1 (10.00%) low mild
  1 (10.00%) high mild
codec/00663             time:   [5703.3 ns (process CPU) 5756.8 ns (process CPU) 5820.7 ns (process CPU)]
Found 1 outliers among 10 measurements (10.00%)
  1 (10.00%) high mild
codec/00564             time:   [270.24 ns (process CPU) 272.55 ns (process CPU) 275.02 ns (process CPU)]
codec/00243             time:   [250.81 ns (process CPU) 253.58 ns (process CPU) 257.96 ns (process CPU)]
Found 1 outliers among 10 measurements (10.00%)
  1 (10.00%) high severe
codec/00180             time:   [2625.6 ns (process CPU) 2719.4 ns (process CPU) 2863.5 ns (process CPU)]
Found 2 outliers among 10 measurements (20.00%)
  2 (20.00%) high severe
codec/00291             time:   [501.15 ns (process CPU) 503.72 ns (process CPU) 506.96 ns (process CPU)]
Found 2 outliers among 10 measurements (20.00%)
  2 (20.00%) high mild
codec/00603             time:   [793.98 ns (process CPU) 812.27 ns (process CPU) 834.18 ns (process CPU)]
Found 1 outliers among 10 measurements (10.00%)
  1 (10.00%) high mild
codec/00051             time:   [2842921 ns (process CPU) 2913784 ns (process CPU) 2979164 ns (process CPU)]
Found 2 outliers among 10 measurements (20.00%)
  1 (10.00%) low mild
  1 (10.00%) high mild
codec/00351             time:   [423.36 ns (process CPU) 425.82 ns (process CPU) 428.91 ns (process CPU)]
Found 1 outliers among 10 measurements (10.00%)
  1 (10.00%) high mild
codec/00192             time:   [2568.1 ns (process CPU) 2574.7 ns (process CPU) 2580.5 ns (process CPU)]
codec/00129             time:   [372.17 ns (process CPU) 374.14 ns (process CPU) 377.31 ns (process CPU)]
Found 3 outliers among 10 measurements (30.00%)
  1 (10.00%) low mild
  1 (10.00%) high mild
  1 (10.00%) high severe
codec/00393             time:   [209.18 ns (process CPU) 212.74 ns (process CPU) 218.38 ns (process CPU)]
Found 2 outliers among 10 measurements (20.00%)
  1 (10.00%) high mild
  1 (10.00%) high severe
codec/00477             time:   [844.26 ns (process CPU) 864.77 ns (process CPU) 891.02 ns (process CPU)]
Found 2 outliers among 10 measurements (20.00%)
  2 (20.00%) high mild
codec/00651             time:   [5724.5 ns (process CPU) 5763.0 ns (process CPU) 5802.8 ns (process CPU)]
codec/00315             time:   [531.21 ns (process CPU) 544.22 ns (process CPU) 564.68 ns (process CPU)]
Found 1 outliers among 10 measurements (10.00%)
  1 (10.00%) high severe
codec/00330             time:   [352.18 ns (process CPU) 353.31 ns (process CPU) 354.57 ns (process CPU)]
codec/00093             time:   [340970 ns (process CPU) 343996 ns (process CPU) 348070 ns (process CPU)]
Found 2 outliers among 10 measurements (20.00%)
  1 (10.00%) low mild
  1 (10.00%) high severe
codec/00648             time:   [5541.2 ns (process CPU) 5552.3 ns (process CPU) 5562.4 ns (process CPU)]
codec/00042             time:   [2512573 ns (process CPU) 2559067 ns (process CPU) 2600000 ns (process CPU)]
codec/00585             time:   [947.87 ns (process CPU) 962.56 ns (process CPU) 978.83 ns (process CPU)]
codec/00612             time:   [2421.3 ns (process CPU) 2483.5 ns (process CPU) 2565.9 ns (process CPU)]
Found 1 outliers among 10 measurements (10.00%)
  1 (10.00%) high mild
codec/00333             time:   [521.48 ns (process CPU) 536.45 ns (process CPU) 559.15 ns (process CPU)]
Found 1 outliers among 10 measurements (10.00%)
  1 (10.00%) high severe
codec/00498             time:   [847.18 ns (process CPU) 850.65 ns (process CPU) 853.92 ns (process CPU)]
Found 1 outliers among 10 measurements (10.00%)
  1 (10.00%) low mild
codec/00102             time:   [1686.5 ns (process CPU) 1698.0 ns (process CPU) 1708.2 ns (process CPU)]
codec/00456             time:   [842.78 ns (process CPU) 858.34 ns (process CPU) 874.75 ns (process CPU)]
codec/00546             time:   [1917.0 ns (process CPU) 1945.0 ns (process CPU) 1976.4 ns (process CPU)]
Found 1 outliers among 10 measurements (10.00%)
  1 (10.00%) high mild
codec/00012             time:   [509899 ns (process CPU) 521061 ns (process CPU) 534662 ns (process CPU)]
Found 1 outliers among 10 measurements (10.00%)
  1 (10.00%) high severe
codec/00348             time:   [455.98 ns (process CPU) 459.11 ns (process CPU) 462.63 ns (process CPU)]
codec/00228             time:   [150.32 ns (process CPU) 151.03 ns (process CPU) 151.71 ns (process CPU)]
codec/00141             time:   [2657.0 ns (process CPU) 2668.4 ns (process CPU) 2682.3 ns (process CPU)]
Found 1 outliers among 10 measurements (10.00%)
  1 (10.00%) high mild
codec/00495             time:   [904.38 ns (process CPU) 906.63 ns (process CPU) 909.14 ns (process CPU)]
codec/00282             time:   [366.62 ns (process CPU) 381.46 ns (process CPU) 398.74 ns (process CPU)]
codec/00450             time:   [950.36 ns (process CPU) 955.52 ns (process CPU) 961.78 ns (process CPU)]
codec/00144             time:   [2597.4 ns (process CPU) 2672.8 ns (process CPU) 2760.3 ns (process CPU)]
codec/00525             time:   [331.84 ns (process CPU) 335.00 ns (process CPU) 338.23 ns (process CPU)]
codec/00303             time:   [667.36 ns (process CPU) 670.77 ns (process CPU) 674.55 ns (process CPU)]
codec/00483             time:   [968.62 ns (process CPU) 977.71 ns (process CPU) 987.35 ns (process CPU)]
codec/00078             time:   [ 64209 ns (process CPU)  65174 ns (process CPU)  66274 ns (process CPU)]
codec/00633             time:   [5850.0 ns (process CPU) 6212.2 ns (process CPU) 6828.4 ns (process CPU)]
Found 1 outliers among 10 measurements (10.00%)
  1 (10.00%) high severe
codec/00123             time:   [213070 ns (process CPU) 219988 ns (process CPU) 230997 ns (process CPU)]
Found 2 outliers among 10 measurements (20.00%)
  2 (20.00%) high severe
codec/00621             time:   [2482.5 ns (process CPU) 2577.6 ns (process CPU) 2719.9 ns (process CPU)]
Found 1 outliers among 10 measurements (10.00%)
  1 (10.00%) high severe
codec/00510             time:   [874.24 ns (process CPU) 878.50 ns (process CPU) 882.18 ns (process CPU)]
Found 3 outliers among 10 measurements (30.00%)
  2 (20.00%) low mild
  1 (10.00%) high mild
codec/00048             time:   [2619430 ns (process CPU) 2717651 ns (process CPU) 2811717 ns (process CPU)]
codec/00288             time:   [388.77 ns (process CPU) 398.30 ns (process CPU) 408.34 ns (process CPU)]
codec/00063             time:   [2231111 ns (process CPU) 2307121 ns (process CPU) 2378891 ns (process CPU)]
codec/00594             time:   [863.22 ns (process CPU) 872.55 ns (process CPU) 883.73 ns (process CPU)]
Found 2 outliers among 10 measurements (20.00%)
  1 (10.00%) high mild
  1 (10.00%) high severe
codec/00363             time:   [424.22 ns (process CPU) 428.41 ns (process CPU) 432.75 ns (process CPU)]
codec/00261             time:   [579.21 ns (process CPU) 582.79 ns (process CPU) 586.73 ns (process CPU)]
codec/00204             time:   [2501.7 ns (process CPU) 2530.9 ns (process CPU) 2566.0 ns (process CPU)]
Found 1 outliers among 10 measurements (10.00%)
  1 (10.00%) high mild
codec/00636             time:   [5507.1 ns (process CPU) 5635.0 ns (process CPU) 5792.9 ns (process CPU)]
Found 1 outliers among 10 measurements (10.00%)
  1 (10.00%) high severe
codec/00183             time:   [2996.1 ns (process CPU) 3042.1 ns (process CPU) 3094.8 ns (process CPU)]
codec/00459             time:   [1190.3 ns (process CPU) 1209.3 ns (process CPU) 1227.8 ns (process CPU)]
codec/00342             time:   [359.87 ns (process CPU) 367.10 ns (process CPU) 374.91 ns (process CPU)]
codec/00015             time:   [512017 ns (process CPU) 518750 ns (process CPU) 525658 ns (process CPU)]
codec/00411             time:   [214.82 ns (process CPU) 229.05 ns (process CPU) 244.34 ns (process CPU)]
codec/00297             time:   [596.96 ns (process CPU) 623.58 ns (process CPU) 656.16 ns (process CPU)]
codec/00588             time:   [853.73 ns (process CPU) 862.57 ns (process CPU) 874.51 ns (process CPU)]
Found 1 outliers among 10 measurements (10.00%)
  1 (10.00%) high mild
codec/00054             time:   [1434397 ns (process CPU) 1479622 ns (process CPU) 1522090 ns (process CPU)]
codec/00624             time:   [2440.8 ns (process CPU) 2483.2 ns (process CPU) 2531.8 ns (process CPU)]
codec/00441             time:   [221.51 ns (process CPU) 223.71 ns (process CPU) 225.99 ns (process CPU)]
codec/00444             time:   [148.13 ns (process CPU) 149.09 ns (process CPU) 150.12 ns (process CPU)]
Found 1 outliers among 10 measurements (10.00%)
  1 (10.00%) high mild
codec/00390             time:   [145.36 ns (process CPU) 147.50 ns (process CPU) 149.97 ns (process CPU)]
codec/00258             time:   [365.46 ns (process CPU) 372.81 ns (process CPU) 382.87 ns (process CPU)]
Found 1 outliers among 10 measurements (10.00%)
  1 (10.00%) high severe
codec/00246             time:   [140.15 ns (process CPU) 141.42 ns (process CPU) 142.74 ns (process CPU)]
codec/00336             time:   [361.00 ns (process CPU) 363.23 ns (process CPU) 365.56 ns (process CPU)]
codec/00414             time:   [144.77 ns (process CPU) 147.04 ns (process CPU) 150.65 ns (process CPU)]
Found 3 outliers among 10 measurements (30.00%)
  1 (10.00%) low mild
  1 (10.00%) high mild
  1 (10.00%) high severe
codec/00072             time:   [3001055 ns (process CPU) 3202467 ns (process CPU) 3473736 ns (process CPU)]
Found 2 outliers among 10 measurements (20.00%)
  1 (10.00%) high mild
  1 (10.00%) high severe
codec/00108             time:   [ 64865 ns (process CPU)  65083 ns (process CPU)  65383 ns (process CPU)]
Found 2 outliers among 10 measurements (20.00%)
  1 (10.00%) low mild
  1 (10.00%) high severe
codec/00237             time:   [188.11 ns (process CPU) 190.95 ns (process CPU) 194.23 ns (process CPU)]
Found 1 outliers among 10 measurements (10.00%)
  1 (10.00%) high mild
codec/00150             time:   [2507.7 ns (process CPU) 2520.3 ns (process CPU) 2533.6 ns (process CPU)]
codec/00033             time:   [2879.2 ns (process CPU) 2906.7 ns (process CPU) 2938.3 ns (process CPU)]
codec/00507             time:   [972.88 ns (process CPU) 990.87 ns (process CPU) 1013.5 ns (process CPU)]
Found 1 outliers among 10 measurements (10.00%)
  1 (10.00%) high mild
codec/00312             time:   [497.57 ns (process CPU) 501.71 ns (process CPU) 505.87 ns (process CPU)]
codec/00231             time:   [179.06 ns (process CPU) 180.59 ns (process CPU) 182.16 ns (process CPU)]
codec/00540             time:   [1930.3 ns (process CPU) 1958.8 ns (process CPU) 1986.7 ns (process CPU)]
codec/00030             time:   [2811.6 ns (process CPU) 2839.6 ns (process CPU) 2872.5 ns (process CPU)]
codec/00009             time:   [456209 ns (process CPU) 461986 ns (process CPU) 468136 ns (process CPU)]
codec/00438             time:   [151.54 ns (process CPU) 152.46 ns (process CPU) 153.50 ns (process CPU)]
codec/00513             time:   [984.30 ns (process CPU) 995.82 ns (process CPU) 1011.7 ns (process CPU)]
Found 1 outliers among 10 measurements (10.00%)
  1 (10.00%) high severe
codec/00681             time:   [172.01 ns (process CPU) 172.77 ns (process CPU) 173.75 ns (process CPU)]
Found 1 outliers among 10 measurements (10.00%)
  1 (10.00%) high mild
codec/00225             time:   [2679.0 ns (process CPU) 2705.6 ns (process CPU) 2735.2 ns (process CPU)]
codec/00396             time:   [132.07 ns (process CPU) 132.38 ns (process CPU) 132.70 ns (process CPU)]
Found 1 outliers among 10 measurements (10.00%)
  1 (10.00%) high mild
codec/00174             time:   [2489.5 ns (process CPU) 2500.3 ns (process CPU) 2511.3 ns (process CPU)]
Found 1 outliers among 10 measurements (10.00%)
  1 (10.00%) high mild
codec/00420             time:   [143.85 ns (process CPU) 144.34 ns (process CPU) 144.80 ns (process CPU)]
codec/00606             time:   [839.41 ns (process CPU) 850.82 ns (process CPU) 863.89 ns (process CPU)]
codec/00060             time:   [2260648 ns (process CPU) 2341725 ns (process CPU) 2426045 ns (process CPU)]
codec/00417             time:   [208.52 ns (process CPU) 209.63 ns (process CPU) 210.86 ns (process CPU)]
codec/00489             time:   [941.25 ns (process CPU) 948.45 ns (process CPU) 957.84 ns (process CPU)]
Found 1 outliers among 10 measurements (10.00%)
  1 (10.00%) high severe
codec/00270             time:   [367.91 ns (process CPU) 369.75 ns (process CPU) 372.20 ns (process CPU)]
Found 1 outliers among 10 measurements (10.00%)
  1 (10.00%) high mild
codec/00519             time:   [895.06 ns (process CPU) 923.11 ns (process CPU) 954.50 ns (process CPU)]
Found 2 outliers among 10 measurements (20.00%)
  1 (10.00%) high mild
  1 (10.00%) high severe
codec/00120             time:   [215447 ns (process CPU) 219210 ns (process CPU) 224873 ns (process CPU)]
Found 2 outliers among 10 measurements (20.00%)
  1 (10.00%) high mild
  1 (10.00%) high severe
codec/00384             time:   [180.44 ns (process CPU) 181.09 ns (process CPU) 181.78 ns (process CPU)]
codec/00264             time:   [361.42 ns (process CPU) 381.51 ns (process CPU) 419.16 ns (process CPU)]
Found 1 outliers among 10 measurements (10.00%)
  1 (10.00%) high severe
codec/00273             time:   [588.24 ns (process CPU) 591.39 ns (process CPU) 594.91 ns (process CPU)]
Found 2 outliers among 10 measurements (20.00%)
  2 (20.00%) high mild
codec/00465             time:   [900.82 ns (process CPU) 908.25 ns (process CPU) 917.47 ns (process CPU)]
Found 1 outliers among 10 measurements (10.00%)
  1 (10.00%) high mild
codec/00057             time:   [1320345 ns (process CPU) 1355594 ns (process CPU) 1405414 ns (process CPU)]
Found 1 outliers among 10 measurements (10.00%)
  1 (10.00%) high severe
codec/00087             time:   [ 32288 ns (process CPU)  32530 ns (process CPU)  32910 ns (process CPU)]
Found 1 outliers among 10 measurements (10.00%)
  1 (10.00%) high severe
codec/00600             time:   [830.52 ns (process CPU) 834.14 ns (process CPU) 838.13 ns (process CPU)]
codec/00162             time:   [2516.3 ns (process CPU) 2524.9 ns (process CPU) 2532.5 ns (process CPU)]
codec/00666             time:   [117.26 ns (process CPU) 117.64 ns (process CPU) 118.05 ns (process CPU)]
codec/00570             time:   [269.52 ns (process CPU) 270.25 ns (process CPU) 271.17 ns (process CPU)]
Found 1 outliers among 10 measurements (10.00%)
  1 (10.00%) high mild
codec/00528             time:   [262.28 ns (process CPU) 262.83 ns (process CPU) 263.39 ns (process CPU)]
codec/00630             time:   [5456.3 ns (process CPU) 5501.2 ns (process CPU) 5553.1 ns (process CPU)]
Found 2 outliers among 10 measurements (20.00%)
  1 (10.00%) low mild
  1 (10.00%) high severe
codec/00576             time:   [794.37 ns (process CPU) 795.48 ns (process CPU) 796.55 ns (process CPU)]
codec/00366             time:   [180.23 ns (process CPU) 180.69 ns (process CPU) 181.38 ns (process CPU)]
Found 1 outliers among 10 measurements (10.00%)
  1 (10.00%) high severe
codec/00591             time:   [850.21 ns (process CPU) 853.78 ns (process CPU) 857.91 ns (process CPU)]
codec/00471             time:   [1067.7 ns (process CPU) 1121.5 ns (process CPU) 1206.3 ns (process CPU)]
Found 2 outliers among 10 measurements (20.00%)
  1 (10.00%) high mild
  1 (10.00%) high severe
codec/00573             time:   [340.63 ns (process CPU) 348.32 ns (process CPU) 358.09 ns (process CPU)]
codec/00435             time:   [214.96 ns (process CPU) 217.65 ns (process CPU) 220.16 ns (process CPU)]
codec/00657             time:   [5667.4 ns (process CPU) 5735.5 ns (process CPU) 5815.0 ns (process CPU)]
Found 1 outliers among 10 measurements (10.00%)
  1 (10.00%) high mild
codec/00198             time:   [2501.7 ns (process CPU) 2519.4 ns (process CPU) 2538.1 ns (process CPU)]
codec/00639             time:   [5538.8 ns (process CPU) 5601.1 ns (process CPU) 5670.8 ns (process CPU)]
codec/00276             time:   [353.39 ns (process CPU) 354.52 ns (process CPU) 355.89 ns (process CPU)]
Found 1 outliers among 10 measurements (10.00%)
  1 (10.00%) high mild
codec/00501             time:   [849.77 ns (process CPU) 851.67 ns (process CPU) 853.61 ns (process CPU)]
Found 3 outliers among 10 measurements (30.00%)
  2 (20.00%) low mild
  1 (10.00%) high mild
codec/00615             time:   [2508.5 ns (process CPU) 2519.5 ns (process CPU) 2531.0 ns (process CPU)]
codec/00345             time:   [425.56 ns (process CPU) 426.50 ns (process CPU) 427.55 ns (process CPU)]
codec/00210             time:   [2473.2 ns (process CPU) 2483.0 ns (process CPU) 2493.9 ns (process CPU)]
codec/00549             time:   [1971.1 ns (process CPU) 1983.4 ns (process CPU) 1996.7 ns (process CPU)]
Found 2 outliers among 10 measurements (20.00%)
  2 (20.00%) high mild
codec/00024             time:   [ 16008 ns (process CPU)  16080 ns (process CPU)  16160 ns (process CPU)]
codec/00426             time:   [143.91 ns (process CPU) 144.72 ns (process CPU) 145.88 ns (process CPU)]
Found 1 outliers among 10 measurements (10.00%)
  1 (10.00%) high severe
codec/00474             time:   [797.91 ns (process CPU) 801.29 ns (process CPU) 806.13 ns (process CPU)]
Found 1 outliers among 10 measurements (10.00%)
  1 (10.00%) high mild
codec/00462             time:   [830.12 ns (process CPU) 840.50 ns (process CPU) 850.61 ns (process CPU)]
Found 3 outliers among 10 measurements (30.00%)
  2 (20.00%) low mild
  1 (10.00%) high mild
codec/00504             time:   [792.44 ns (process CPU) 795.91 ns (process CPU) 800.41 ns (process CPU)]
Found 2 outliers among 10 measurements (20.00%)
  2 (20.00%) high severe
codec/00156             time:   [2530.9 ns (process CPU) 2833.5 ns (process CPU) 3233.4 ns (process CPU)]
Found 2 outliers among 10 measurements (20.00%)
  2 (20.00%) high severe
codec/00561             time:   [333.71 ns (process CPU) 334.95 ns (process CPU) 336.27 ns (process CPU)]
Found 1 outliers among 10 measurements (10.00%)
  1 (10.00%) high mild
codec/00306             time:   [393.13 ns (process CPU) 395.51 ns (process CPU) 398.06 ns (process CPU)]
codec/00324             time:   [361.48 ns (process CPU) 365.24 ns (process CPU) 369.48 ns (process CPU)]
codec/00516             time:   [808.50 ns (process CPU) 815.70 ns (process CPU) 822.79 ns (process CPU)]
codec/00642             time:   [5490.8 ns (process CPU) 5593.6 ns (process CPU) 5737.2 ns (process CPU)]
Found 1 outliers among 10 measurements (10.00%)
  1 (10.00%) high mild
codec/00126             time:   [349.04 ns (process CPU) 350.61 ns (process CPU) 353.07 ns (process CPU)]
Found 1 outliers among 10 measurements (10.00%)
  1 (10.00%) high severe
codec/00429             time:   [211.66 ns (process CPU) 212.84 ns (process CPU) 213.87 ns (process CPU)]
codec/00132             time:   [2526.6 ns (process CPU) 2532.9 ns (process CPU) 2539.4 ns (process CPU)]
codec/00618             time:   [2405.8 ns (process CPU) 2413.7 ns (process CPU) 2421.9 ns (process CPU)]
codec/00066             time:   [2604679 ns (process CPU) 2667293 ns (process CPU) 2742806 ns (process CPU)]
Found 1 outliers among 10 measurements (10.00%)
  1 (10.00%) high mild
codec/00378             time:   [167.80 ns (process CPU) 169.70 ns (process CPU) 172.01 ns (process CPU)]
Found 2 outliers among 10 measurements (20.00%)
  2 (20.00%) high mild
codec/00579             time:   [843.37 ns (process CPU) 848.79 ns (process CPU) 856.59 ns (process CPU)]
Found 1 outliers among 10 measurements (10.00%)
  1 (10.00%) high severe
codec/00453             time:   [1012.3 ns (process CPU) 1016.4 ns (process CPU) 1020.9 ns (process CPU)]
Found 1 outliers among 10 measurements (10.00%)
  1 (10.00%) high mild
codec/00339             time:   [521.49 ns (process CPU) 523.12 ns (process CPU) 524.77 ns (process CPU)]
Found 2 outliers among 10 measurements (20.00%)
  1 (10.00%) low mild
  1 (10.00%) high mild
codec/00582             time:   [767.53 ns (process CPU) 773.90 ns (process CPU) 781.39 ns (process CPU)]
codec/00234             time:   [158.04 ns (process CPU) 160.41 ns (process CPU) 163.81 ns (process CPU)]
Found 1 outliers among 10 measurements (10.00%)
  1 (10.00%) high severe
codec/00492             time:   [835.79 ns (process CPU) 841.11 ns (process CPU) 846.27 ns (process CPU)]
codec/00609             time:   [955.12 ns (process CPU) 958.14 ns (process CPU) 961.10 ns (process CPU)]
Found 2 outliers among 10 measurements (20.00%)
  1 (10.00%) low mild
  1 (10.00%) high mild
codec/00537             time:   [328.13 ns (process CPU) 329.13 ns (process CPU) 330.13 ns (process CPU)]
codec/00534             time:   [264.59 ns (process CPU) 266.08 ns (process CPU) 267.80 ns (process CPU)]
codec/00559             time:   [272.36 ns (process CPU) 277.58 ns (process CPU) 284.44 ns (process CPU)]
Found 2 outliers among 10 measurements (20.00%)
  1 (10.00%) high mild
  1 (10.00%) high severe
codec/00457             time:   [910.58 ns (process CPU) 917.10 ns (process CPU) 923.97 ns (process CPU)]
codec/00514             time:   [923.03 ns (process CPU) 952.22 ns (process CPU) 998.03 ns (process CPU)]
Found 1 outliers among 10 measurements (10.00%)
  1 (10.00%) high severe
codec/00040             time:   [2131605 ns (process CPU) 2163571 ns (process CPU) 2200478 ns (process CPU)]
codec/00616             time:   [2595.2 ns (process CPU) 2777.0 ns (process CPU) 3035.7 ns (process CPU)]
Found 2 outliers among 10 measurements (20.00%)
  2 (20.00%) high severe
codec/00031             time:   [2872.3 ns (process CPU) 2888.1 ns (process CPU) 2904.3 ns (process CPU)]
codec/00295             time:   [375.79 ns (process CPU) 385.68 ns (process CPU) 397.28 ns (process CPU)]
Found 1 outliers among 10 measurements (10.00%)
  1 (10.00%) high mild
codec/00445             time:   [150.08 ns (process CPU) 153.61 ns (process CPU) 158.55 ns (process CPU)]
Found 1 outliers among 10 measurements (10.00%)
  1 (10.00%) high severe
codec/00334             time:   [430.67 ns (process CPU) 433.75 ns (process CPU) 438.09 ns (process CPU)]
Found 1 outliers among 10 measurements (10.00%)
  1 (10.00%) high severe
codec/00193             time:   [2547.0 ns (process CPU) 2574.0 ns (process CPU) 2597.6 ns (process CPU)]
Found 2 outliers among 10 measurements (20.00%)
  2 (20.00%) low severe
codec/00337             time:   [524.86 ns (process CPU) 530.32 ns (process CPU) 536.15 ns (process CPU)]
codec/00385             time:   [187.04 ns (process CPU) 188.29 ns (process CPU) 190.19 ns (process CPU)]
Found 1 outliers among 10 measurements (10.00%)
  1 (10.00%) high severe
codec/00079             time:   [ 60028 ns (process CPU)  60615 ns (process CPU)  61293 ns (process CPU)]
Found 1 outliers among 10 measurements (10.00%)
  1 (10.00%) high mild
codec/00277             time:   [358.88 ns (process CPU) 362.66 ns (process CPU) 366.80 ns (process CPU)]
codec/00034             time:   [2974.7 ns (process CPU) 2995.9 ns (process CPU) 3012.8 ns (process CPU)]
Found 1 outliers among 10 measurements (10.00%)
  1 (10.00%) low mild
codec/00406             time:   [220.45 ns (process CPU) 224.39 ns (process CPU) 228.48 ns (process CPU)]
codec/00517             time:   [809.27 ns (process CPU) 814.06 ns (process CPU) 818.93 ns (process CPU)]
Found 3 outliers among 10 measurements (30.00%)
  2 (20.00%) low mild
  1 (10.00%) high mild
codec/00121             time:   [225120 ns (process CPU) 230060 ns (process CPU) 235976 ns (process CPU)]
codec/00535             time:   [267.34 ns (process CPU) 268.34 ns (process CPU) 269.43 ns (process CPU)]
codec/00478             time:   [815.24 ns (process CPU) 817.44 ns (process CPU) 819.64 ns (process CPU)]
codec/00325             time:   [415.29 ns (process CPU) 421.67 ns (process CPU) 432.85 ns (process CPU)]
Found 1 outliers among 10 measurements (10.00%)
  1 (10.00%) high severe
codec/00163             time:   [2642.7 ns (process CPU) 2677.3 ns (process CPU) 2729.9 ns (process CPU)]
Found 2 outliers among 10 measurements (20.00%)
  1 (10.00%) high mild
  1 (10.00%) high severe
codec/00664             time:   [5486.5 ns (process CPU) 5529.4 ns (process CPU) 5573.5 ns (process CPU)]
codec/00064             time:   [1838735 ns (process CPU) 1909223 ns (process CPU) 2012637 ns (process CPU)]
Found 2 outliers among 10 measurements (20.00%)
  1 (10.00%) high mild
  1 (10.00%) high severe
codec/00076             time:   [2875399 ns (process CPU) 2964666 ns (process CPU) 3044752 ns (process CPU)]
Found 1 outliers among 10 measurements (10.00%)
  1 (10.00%) low mild
codec/00082             time:   [ 60046 ns (process CPU)  60710 ns (process CPU)  61543 ns (process CPU)]
codec/00427             time:   [148.95 ns (process CPU) 150.26 ns (process CPU) 151.78 ns (process CPU)]
Found 1 outliers among 10 measurements (10.00%)
  1 (10.00%) high mild
codec/00511             time:   [883.79 ns (process CPU) 901.13 ns (process CPU) 926.08 ns (process CPU)]
Found 1 outliers among 10 measurements (10.00%)
  1 (10.00%) high severe
codec/00523             time:   [267.41 ns (process CPU) 267.70 ns (process CPU) 267.97 ns (process CPU)]
codec/00067             time:   [2590199 ns (process CPU) 2680457 ns (process CPU) 2759247 ns (process CPU)]
Found 2 outliers among 10 measurements (20.00%)
  2 (20.00%) low mild
codec/00247             time:   [159.27 ns (process CPU) 159.62 ns (process CPU) 159.98 ns (process CPU)]
Found 1 outliers among 10 measurements (10.00%)
  1 (10.00%) high mild
codec/00400             time:   [206.73 ns (process CPU) 207.09 ns (process CPU) 207.59 ns (process CPU)]
Found 1 outliers among 10 measurements (10.00%)
  1 (10.00%) high severe
codec/00496             time:   [850.52 ns (process CPU) 853.00 ns (process CPU) 856.20 ns (process CPU)]
Found 2 outliers among 10 measurements (20.00%)
  1 (10.00%) high mild
  1 (10.00%) high severe
codec/00112             time:   [ 69462 ns (process CPU)  69992 ns (process CPU)  70791 ns (process CPU)]
Found 1 outliers among 10 measurements (10.00%)
  1 (10.00%) high severe
codec/00139             time:   [2557.4 ns (process CPU) 2562.5 ns (process CPU) 2567.7 ns (process CPU)]
codec/00145             time:   [2528.0 ns (process CPU) 2539.9 ns (process CPU) 2552.7 ns (process CPU)]
Found 1 outliers among 10 measurements (10.00%)
  1 (10.00%) high mild
codec/00598             time:   [846.62 ns (process CPU) 847.48 ns (process CPU) 848.34 ns (process CPU)]
codec/00292             time:   [578.93 ns (process CPU) 584.26 ns (process CPU) 594.28 ns (process CPU)]
Found 1 outliers among 10 measurements (10.00%)
  1 (10.00%) high severe
codec/00349             time:   [412.83 ns (process CPU) 418.60 ns (process CPU) 426.72 ns (process CPU)]
Found 1 outliers among 10 measurements (10.00%)
  1 (10.00%) high severe
codec/00274             time:   [570.86 ns (process CPU) 573.04 ns (process CPU) 575.30 ns (process CPU)]
codec/00448             time:   [219.04 ns (process CPU) 220.33 ns (process CPU) 221.72 ns (process CPU)]
codec/00136             time:   [2843.2 ns (process CPU) 2854.0 ns (process CPU) 2866.5 ns (process CPU)]
codec/00331             time:   [529.56 ns (process CPU) 532.59 ns (process CPU) 535.58 ns (process CPU)]
Found 1 outliers among 10 measurements (10.00%)
  1 (10.00%) high mild
codec/00433             time:   [149.15 ns (process CPU) 151.05 ns (process CPU) 153.18 ns (process CPU)]
codec/00409             time:   [145.78 ns (process CPU) 146.64 ns (process CPU) 147.60 ns (process CPU)]
Found 1 outliers among 10 measurements (10.00%)
  1 (10.00%) high mild
codec/00094             time:   [323303 ns (process CPU) 324952 ns (process CPU) 326502 ns (process CPU)]
codec/00610             time:   [930.56 ns (process CPU) 941.48 ns (process CPU) 954.98 ns (process CPU)]
codec/00214             time:   [2674.9 ns (process CPU) 2689.7 ns (process CPU) 2708.1 ns (process CPU)]
Found 2 outliers among 10 measurements (20.00%)
  2 (20.00%) high mild
codec/00127             time:   [363.71 ns (process CPU) 365.59 ns (process CPU) 367.66 ns (process CPU)]
codec/00493             time:   [950.63 ns (process CPU) 956.60 ns (process CPU) 964.53 ns (process CPU)]
Found 1 outliers among 10 measurements (10.00%)
  1 (10.00%) high severe
codec/00241             time:   [229.66 ns (process CPU) 231.13 ns (process CPU) 232.48 ns (process CPU)]
codec/00154             time:   [2756.5 ns (process CPU) 2787.7 ns (process CPU) 2817.2 ns (process CPU)]
codec/00115             time:   [287504 ns (process CPU) 289483 ns (process CPU) 291686 ns (process CPU)]
codec/00220             time:   [2683.4 ns (process CPU) 2697.2 ns (process CPU) 2712.0 ns (process CPU)]
codec/00661             time:   [5353.1 ns (process CPU) 5386.1 ns (process CPU) 5426.8 ns (process CPU)]
Found 1 outliers among 10 measurements (10.00%)
  1 (10.00%) high mild
codec/00289             time:   [559.11 ns (process CPU) 562.47 ns (process CPU) 565.73 ns (process CPU)]
codec/00211             time:   [2514.7 ns (process CPU) 2542.9 ns (process CPU) 2577.4 ns (process CPU)]
Found 1 outliers among 10 measurements (10.00%)
  1 (10.00%) high mild
codec/00286             time:   [594.50 ns (process CPU) 599.95 ns (process CPU) 606.00 ns (process CPU)]
codec/00568             time:   [339.09 ns (process CPU) 341.03 ns (process CPU) 343.36 ns (process CPU)]
Found 2 outliers among 10 measurements (20.00%)
  2 (20.00%) high mild
codec/00313             time:   [561.53 ns (process CPU) 564.44 ns (process CPU) 567.72 ns (process CPU)]
codec/00358             time:   [516.62 ns (process CPU) 518.78 ns (process CPU) 521.32 ns (process CPU)]
Found 1 outliers among 10 measurements (10.00%)
  1 (10.00%) high mild
codec/00637             time:   [5262.1 ns (process CPU) 5308.1 ns (process CPU) 5360.3 ns (process CPU)]
codec/00649             time:   [5212.8 ns (process CPU) 5244.2 ns (process CPU) 5272.1 ns (process CPU)]
Found 1 outliers among 10 measurements (10.00%)
  1 (10.00%) low mild
codec/00232             time:   [179.99 ns (process CPU) 180.56 ns (process CPU) 181.15 ns (process CPU)]
codec/00160             time:   [2726.2 ns (process CPU) 2760.8 ns (process CPU) 2788.2 ns (process CPU)]
Found 2 outliers among 10 measurements (20.00%)
  2 (20.00%) low mild
codec/00439             time:   [152.73 ns (process CPU) 154.16 ns (process CPU) 155.80 ns (process CPU)]
codec/00100             time:   [132.98 ns (process CPU) 134.83 ns (process CPU) 136.98 ns (process CPU)]
codec/00190             time:   [2748.4 ns (process CPU) 2792.7 ns (process CPU) 2853.3 ns (process CPU)]
Found 2 outliers among 10 measurements (20.00%)
  1 (10.00%) high mild
  1 (10.00%) high severe
codec/00208             time:   [2746.9 ns (process CPU) 2765.4 ns (process CPU) 2786.0 ns (process CPU)]
codec/00490             time:   [933.55 ns (process CPU) 950.42 ns (process CPU) 967.60 ns (process CPU)]
codec/00667             time:   [125.42 ns (process CPU) 129.46 ns (process CPU) 135.06 ns (process CPU)]
Found 1 outliers among 10 measurements (10.00%)
  1 (10.00%) high severe
codec/00346             time:   [429.88 ns (process CPU) 431.82 ns (process CPU) 433.96 ns (process CPU)]
codec/00370             time:   [373.72 ns (process CPU) 381.14 ns (process CPU) 390.28 ns (process CPU)]
Found 2 outliers among 10 measurements (20.00%)
  1 (10.00%) high mild
  1 (10.00%) high severe
codec/00316             time:   [452.57 ns (process CPU) 454.75 ns (process CPU) 457.91 ns (process CPU)]
Found 2 outliers among 10 measurements (20.00%)
  2 (20.00%) high severe
codec/00142             time:   [2863.5 ns (process CPU) 2916.2 ns (process CPU) 2965.8 ns (process CPU)]
codec/00073             time:   [2817662 ns (process CPU) 2937091 ns (process CPU) 3058212 ns (process CPU)]
codec/00538             time:   [334.72 ns (process CPU) 335.37 ns (process CPU) 336.13 ns (process CPU)]
Found 1 outliers among 10 measurements (10.00%)
  1 (10.00%) high mild
codec/00070             time:   [2584895 ns (process CPU) 2654511 ns (process CPU) 2722169 ns (process CPU)]
codec/00025             time:   [ 16193 ns (process CPU)  16209 ns (process CPU)  16229 ns (process CPU)]
Found 2 outliers among 10 measurements (20.00%)
  1 (10.00%) low mild
  1 (10.00%) high severe
codec/00250             time:   [177.93 ns (process CPU) 178.12 ns (process CPU) 178.32 ns (process CPU)]
Found 1 outliers among 10 measurements (10.00%)
  1 (10.00%) high mild
codec/00544             time:   [2043.1 ns (process CPU) 2046.3 ns (process CPU) 2049.2 ns (process CPU)]
Found 1 outliers among 10 measurements (10.00%)
  1 (10.00%) low mild
codec/00091             time:   [325267 ns (process CPU) 326499 ns (process CPU) 327516 ns (process CPU)]
Found 1 outliers among 10 measurements (10.00%)
  1 (10.00%) low mild
codec/00421             time:   [146.75 ns (process CPU) 146.95 ns (process CPU) 147.15 ns (process CPU)]
codec/00646             time:   [5336.4 ns (process CPU) 5393.3 ns (process CPU) 5454.6 ns (process CPU)]
codec/00424             time:   [217.10 ns (process CPU) 217.31 ns (process CPU) 217.50 ns (process CPU)]
codec/00640             time:   [5375.8 ns (process CPU) 5425.5 ns (process CPU) 5469.9 ns (process CPU)]
codec/00004             time:   [1495.4 ns (process CPU) 1519.2 ns (process CPU) 1541.1 ns (process CPU)]
Found 3 outliers among 10 measurements (30.00%)
  1 (10.00%) low severe
  1 (10.00%) high mild
  1 (10.00%) high severe
codec/00418             time:   [218.91 ns (process CPU) 224.29 ns (process CPU) 231.49 ns (process CPU)]
Found 2 outliers among 10 measurements (20.00%)
  1 (10.00%) high mild
  1 (10.00%) high severe
codec/00391             time:   [149.52 ns (process CPU) 151.05 ns (process CPU) 152.52 ns (process CPU)]
codec/00481             time:   [791.66 ns (process CPU) 802.99 ns (process CPU) 816.40 ns (process CPU)]
Found 1 outliers among 10 measurements (10.00%)
  1 (10.00%) high mild
codec/00529             time:   [268.85 ns (process CPU) 278.92 ns (process CPU) 289.52 ns (process CPU)]
Found 2 outliers among 10 measurements (20.00%)
  2 (20.00%) high severe
codec/00037             time:   [2193055 ns (process CPU) 2254874 ns (process CPU) 2314819 ns (process CPU)]
codec/00607             time:   [940.96 ns (process CPU) 955.60 ns (process CPU) 973.64 ns (process CPU)]
Found 1 outliers among 10 measurements (10.00%)
  1 (10.00%) high severe
codec/00442             time:   [228.96 ns (process CPU) 229.86 ns (process CPU) 230.88 ns (process CPU)]
Found 1 outliers among 10 measurements (10.00%)
  1 (10.00%) high mild
codec/00502             time:   [858.35 ns (process CPU) 863.46 ns (process CPU) 868.61 ns (process CPU)]
codec/00487             time:   [756.75 ns (process CPU) 774.98 ns (process CPU) 802.42 ns (process CPU)]
Found 1 outliers among 10 measurements (10.00%)
  1 (10.00%) high severe
codec/00601             time:   [760.09 ns (process CPU) 780.75 ns (process CPU) 807.32 ns (process CPU)]
Found 2 outliers among 10 measurements (20.00%)
  1 (10.00%) high mild
  1 (10.00%) high severe
codec/00106             time:   [1696.8 ns (process CPU) 1717.6 ns (process CPU) 1744.1 ns (process CPU)]
Found 2 outliers among 10 measurements (20.00%)
  2 (20.00%) high severe
codec/00622             time:   [2629.6 ns (process CPU) 2653.5 ns (process CPU) 2676.9 ns (process CPU)]
codec/00058             time:   [1340446 ns (process CPU) 1371614 ns (process CPU) 1412377 ns (process CPU)]
Found 1 outliers among 10 measurements (10.00%)
  1 (10.00%) high mild
codec/00175             time:   [2611.6 ns (process CPU) 2660.8 ns (process CPU) 2745.4 ns (process CPU)]
Found 1 outliers among 10 measurements (10.00%)
  1 (10.00%) high severe
codec/00430             time:   [217.86 ns (process CPU) 218.19 ns (process CPU) 218.51 ns (process CPU)]
Found 2 outliers among 10 measurements (20.00%)
  1 (10.00%) low mild
  1 (10.00%) high mild
codec/00310             time:   [712.57 ns (process CPU) 714.82 ns (process CPU) 717.70 ns (process CPU)]
Found 2 outliers among 10 measurements (20.00%)
  2 (20.00%) high mild
codec/00412             time:   [215.75 ns (process CPU) 216.26 ns (process CPU) 216.91 ns (process CPU)]
Found 1 outliers among 10 measurements (10.00%)
  1 (10.00%) high mild
codec/00454             time:   [1100.4 ns (process CPU) 1118.0 ns (process CPU) 1141.5 ns (process CPU)]
Found 2 outliers among 10 measurements (20.00%)
  1 (10.00%) low mild
  1 (10.00%) high severe
codec/00109             time:   [ 76154 ns (process CPU)  76488 ns (process CPU)  76845 ns (process CPU)]
Found 2 outliers among 10 measurements (20.00%)
  2 (20.00%) high mild
codec/00043             time:   [2495993 ns (process CPU) 2549972 ns (process CPU) 2611155 ns (process CPU)]
codec/00520             time:   [876.61 ns (process CPU) 882.85 ns (process CPU) 890.35 ns (process CPU)]
Found 2 outliers among 10 measurements (20.00%)
  2 (20.00%) high mild
codec/00088             time:   [ 33026 ns (process CPU)  33454 ns (process CPU)  33960 ns (process CPU)]
codec/00151             time:   [2616.7 ns (process CPU) 2624.9 ns (process CPU) 2634.1 ns (process CPU)]
codec/00562             time:   [342.22 ns (process CPU) 344.61 ns (process CPU) 347.22 ns (process CPU)]
codec/00556             time:   [2042.2 ns (process CPU) 2063.6 ns (process CPU) 2091.6 ns (process CPU)]
Found 1 outliers among 10 measurements (10.00%)
  1 (10.00%) high severe
codec/00634             time:   [5485.4 ns (process CPU) 5520.6 ns (process CPU) 5555.4 ns (process CPU)]
codec/00007             time:   [435693 ns (process CPU) 441688 ns (process CPU) 449074 ns (process CPU)]
codec/00103             time:   [1686.6 ns (process CPU) 1693.5 ns (process CPU) 1700.8 ns (process CPU)]
codec/00628             time:   [2538.4 ns (process CPU) 2582.9 ns (process CPU) 2637.5 ns (process CPU)]
Found 1 outliers among 10 measurements (10.00%)
  1 (10.00%) high mild
codec/00022             time:   [567762 ns (process CPU) 583372 ns (process CPU) 597349 ns (process CPU)]
codec/00148             time:   [2779.8 ns (process CPU) 2795.1 ns (process CPU) 2811.4 ns (process CPU)]
codec/00196             time:   [2830.4 ns (process CPU) 2861.8 ns (process CPU) 2897.3 ns (process CPU)]
codec/00187             time:   [2666.4 ns (process CPU) 2681.7 ns (process CPU) 2700.9 ns (process CPU)]
Found 2 outliers among 10 measurements (20.00%)
  1 (10.00%) high mild
  1 (10.00%) high severe
codec/00466             time:   [840.09 ns (process CPU) 843.12 ns (process CPU) 847.29 ns (process CPU)]
Found 1 outliers among 10 measurements (10.00%)
  1 (10.00%) high severe
codec/00577             time:   [748.07 ns (process CPU) 751.20 ns (process CPU) 754.67 ns (process CPU)]
codec/00280             time:   [473.97 ns (process CPU) 477.32 ns (process CPU) 481.19 ns (process CPU)]
codec/00271             time:   [545.11 ns (process CPU) 547.28 ns (process CPU) 549.45 ns (process CPU)]
codec/00229             time:   [262.61 ns (process CPU) 264.94 ns (process CPU) 267.28 ns (process CPU)]
codec/00508             time:   [870.35 ns (process CPU) 890.80 ns (process CPU) 915.66 ns (process CPU)]
Found 1 outliers among 10 measurements (10.00%)
  1 (10.00%) high mild
codec/00097             time:   [119.81 ns (process CPU) 120.91 ns (process CPU) 122.12 ns (process CPU)]
Found 2 outliers among 10 measurements (20.00%)
  1 (10.00%) high mild
  1 (10.00%) high severe
codec/00463             time:   [806.63 ns (process CPU) 810.68 ns (process CPU) 814.07 ns (process CPU)]
codec/00301             time:   [482.10 ns (process CPU) 485.55 ns (process CPU) 489.31 ns (process CPU)]
Found 1 outliers among 10 measurements (10.00%)
  1 (10.00%) high mild
codec/00118             time:   [280249 ns (process CPU) 281538 ns (process CPU) 283033 ns (process CPU)]
Found 1 outliers among 10 measurements (10.00%)
  1 (10.00%) high mild
codec/00655             time:   [5281.1 ns (process CPU) 5363.9 ns (process CPU) 5436.9 ns (process CPU)]
codec/00352             time:   [430.38 ns (process CPU) 432.61 ns (process CPU) 436.24 ns (process CPU)]
Found 2 outliers among 10 measurements (20.00%)
  1 (10.00%) high mild
  1 (10.00%) high severe
codec/00355             time:   [360.02 ns (process CPU) 360.37 ns (process CPU) 360.77 ns (process CPU)]
Found 1 outliers among 10 measurements (10.00%)
  1 (10.00%) high mild
codec/00580             time:   [1047.7 ns (process CPU) 1063.1 ns (process CPU) 1076.6 ns (process CPU)]
codec/00238             time:   [277.92 ns (process CPU) 278.97 ns (process CPU) 279.98 ns (process CPU)]
codec/00019             time:   [538160 ns (process CPU) 548191 ns (process CPU) 560607 ns (process CPU)]
Found 1 outliers among 10 measurements (10.00%)
  1 (10.00%) high mild
codec/00604             time:   [906.10 ns (process CPU) 908.08 ns (process CPU) 910.21 ns (process CPU)]
codec/00379             time:   [165.43 ns (process CPU) 166.21 ns (process CPU) 167.27 ns (process CPU)]
Found 2 outliers among 10 measurements (20.00%)
  1 (10.00%) high mild
  1 (10.00%) high severe
codec/00382             time:   [240.87 ns (process CPU) 241.59 ns (process CPU) 242.37 ns (process CPU)]
Found 1 outliers among 10 measurements (10.00%)
  1 (10.00%) high mild
codec/00184             time:   [2992.3 ns (process CPU) 3014.1 ns (process CPU) 3036.9 ns (process CPU)]
codec/00013             time:   [501580 ns (process CPU) 508074 ns (process CPU) 514264 ns (process CPU)]
codec/00451             time:   [892.09 ns (process CPU) 896.02 ns (process CPU) 900.54 ns (process CPU)]
codec/00085             time:   [ 33132 ns (process CPU)  33699 ns (process CPU)  34303 ns (process CPU)]
codec/00475             time:   [901.68 ns (process CPU) 911.97 ns (process CPU) 923.59 ns (process CPU)]
codec/00589             time:   [905.06 ns (process CPU) 920.59 ns (process CPU) 938.94 ns (process CPU)]
Found 1 outliers among 10 measurements (10.00%)
  1 (10.00%) high severe
codec/00679             time:   [123.21 ns (process CPU) 124.00 ns (process CPU) 124.83 ns (process CPU)]
codec/00256             time:   [1101.4 ns (process CPU) 1102.7 ns (process CPU) 1104.1 ns (process CPU)]
Found 2 outliers among 10 measurements (20.00%)
  1 (10.00%) low mild
  1 (10.00%) high mild
codec/00178             time:   [2686.2 ns (process CPU) 2700.7 ns (process CPU) 2721.1 ns (process CPU)]
Found 1 outliers among 10 measurements (10.00%)
  1 (10.00%) high severe
codec/00268             time:   [693.68 ns (process CPU) 702.16 ns (process CPU) 710.94 ns (process CPU)]
codec/00055             time:   [1250384 ns (process CPU) 1260424 ns (process CPU) 1269775 ns (process CPU)]
Found 1 outliers among 10 measurements (10.00%)
  1 (10.00%) high mild
codec/00658             time:   [5389.1 ns (process CPU) 5438.1 ns (process CPU) 5498.9 ns (process CPU)]
Found 1 outliers among 10 measurements (10.00%)
  1 (10.00%) high severe
codec/00364             time:   [437.79 ns (process CPU) 442.26 ns (process CPU) 448.00 ns (process CPU)]
Found 2 outliers among 10 measurements (20.00%)
  2 (20.00%) high severe
codec/00199             time:   [2481.7 ns (process CPU) 2485.7 ns (process CPU) 2490.3 ns (process CPU)]
Found 1 outliers among 10 measurements (10.00%)
  1 (10.00%) high mild
codec/00028             time:   [ 16297 ns (process CPU)  16427 ns (process CPU)  16611 ns (process CPU)]
Found 1 outliers among 10 measurements (10.00%)
  1 (10.00%) high severe
codec/00592             time:   [1078.2 ns (process CPU) 1097.7 ns (process CPU) 1125.3 ns (process CPU)]
Found 1 outliers among 10 measurements (10.00%)
  1 (10.00%) high severe
codec/00619             time:   [2423.7 ns (process CPU) 2454.9 ns (process CPU) 2495.4 ns (process CPU)]
Found 2 outliers among 10 measurements (20.00%)
  2 (20.00%) high severe
codec/00643             time:   [5188.1 ns (process CPU) 5241.2 ns (process CPU) 5303.1 ns (process CPU)]
Found 2 outliers among 10 measurements (20.00%)
  1 (10.00%) high mild
  1 (10.00%) high severe
codec/00613             time:   [2426.5 ns (process CPU) 2451.1 ns (process CPU) 2478.5 ns (process CPU)]
Found 1 outliers among 10 measurements (10.00%)
  1 (10.00%) high mild
codec/00049             time:   [2539285 ns (process CPU) 2606656 ns (process CPU) 2669681 ns (process CPU)]
codec/00253             time:   [531.59 ns (process CPU) 542.27 ns (process CPU) 559.93 ns (process CPU)]
Found 1 outliers among 10 measurements (10.00%)
  1 (10.00%) high severe
codec/00670             time:   [182.71 ns (process CPU) 184.48 ns (process CPU) 187.26 ns (process CPU)]
Found 1 outliers among 10 measurements (10.00%)
  1 (10.00%) high severe
codec/00319             time:   [389.45 ns (process CPU) 390.81 ns (process CPU) 392.74 ns (process CPU)]
Found 1 outliers among 10 measurements (10.00%)
  1 (10.00%) high severe
codec/00526             time:   [335.88 ns (process CPU) 336.45 ns (process CPU) 337.10 ns (process CPU)]
codec/00571             time:   [268.49 ns (process CPU) 269.49 ns (process CPU) 270.58 ns (process CPU)]
codec/00343             time:   [442.72 ns (process CPU) 444.72 ns (process CPU) 447.03 ns (process CPU)]
Found 2 outliers among 10 measurements (20.00%)
  2 (20.00%) high mild
codec/00262             time:   [581.90 ns (process CPU) 584.15 ns (process CPU) 587.58 ns (process CPU)]
Found 2 outliers among 10 measurements (20.00%)
  1 (10.00%) high mild
  1 (10.00%) high severe
codec/00652             time:   [5326.9 ns (process CPU) 5404.2 ns (process CPU) 5476.9 ns (process CPU)]
codec/00388             time:   [385.97 ns (process CPU) 388.50 ns (process CPU) 391.23 ns (process CPU)]
codec/00583             time:   [797.85 ns (process CPU) 801.42 ns (process CPU) 804.79 ns (process CPU)]
codec/00505             time:   [901.09 ns (process CPU) 902.89 ns (process CPU) 904.48 ns (process CPU)]
codec/00361             time:   [536.00 ns (process CPU) 537.33 ns (process CPU) 538.91 ns (process CPU)]
Found 1 outliers among 10 measurements (10.00%)
  1 (10.00%) high mild
codec/00484             time:   [916.66 ns (process CPU) 922.22 ns (process CPU) 928.33 ns (process CPU)]
Found 1 outliers among 10 measurements (10.00%)
  1 (10.00%) high mild
codec/00283             time:   [370.34 ns (process CPU) 374.49 ns (process CPU) 381.23 ns (process CPU)]
Found 1 outliers among 10 measurements (10.00%)
  1 (10.00%) high severe
codec/00532             time:   [339.53 ns (process CPU) 341.08 ns (process CPU) 342.56 ns (process CPU)]
codec/00586             time:   [989.50 ns (process CPU) 995.77 ns (process CPU) 1003.6 ns (process CPU)]
codec/00226             time:   [2774.4 ns (process CPU) 2781.7 ns (process CPU) 2788.0 ns (process CPU)]
codec/00001             time:   [1388.5 ns (process CPU) 1402.8 ns (process CPU) 1424.6 ns (process CPU)]
Found 1 outliers among 10 measurements (10.00%)
  1 (10.00%) high severe
codec/00472             time:   [1149.2 ns (process CPU) 1157.8 ns (process CPU) 1165.8 ns (process CPU)]
Found 1 outliers among 10 measurements (10.00%)
  1 (10.00%) low mild
codec/00397             time:   [138.48 ns (process CPU) 139.05 ns (process CPU) 139.57 ns (process CPU)]
codec/00595             time:   [899.52 ns (process CPU) 900.74 ns (process CPU) 902.09 ns (process CPU)]
Found 1 outliers among 10 measurements (10.00%)
  1 (10.00%) high mild
codec/00673             time:   [122.90 ns (process CPU) 123.27 ns (process CPU) 123.93 ns (process CPU)]
Found 1 outliers among 10 measurements (10.00%)
  1 (10.00%) high severe
codec/00625             time:   [2421.2 ns (process CPU) 2444.1 ns (process CPU) 2472.7 ns (process CPU)]
Found 2 outliers among 10 measurements (20.00%)
  2 (20.00%) high severe
codec/00469             time:   [829.21 ns (process CPU) 830.67 ns (process CPU) 832.45 ns (process CPU)]
Found 3 outliers among 10 measurements (30.00%)
  1 (10.00%) low mild
  2 (20.00%) high severe
codec/00322             time:   [608.84 ns (process CPU) 610.49 ns (process CPU) 612.63 ns (process CPU)]
Found 2 outliers among 10 measurements (20.00%)
  2 (20.00%) high severe
codec/00553             time:   [1957.3 ns (process CPU) 1982.3 ns (process CPU) 2018.1 ns (process CPU)]
Found 2 outliers among 10 measurements (20.00%)
  2 (20.00%) high severe
codec/00304             time:   [700.90 ns (process CPU) 702.05 ns (process CPU) 703.29 ns (process CPU)]
Found 4 outliers among 10 measurements (40.00%)
  2 (20.00%) low mild
  1 (10.00%) high mild
  1 (10.00%) high severe
codec/00676             time:   [180.58 ns (process CPU) 181.33 ns (process CPU) 182.40 ns (process CPU)]
Found 1 outliers among 10 measurements (10.00%)
  1 (10.00%) high severe
codec/00394             time:   [216.94 ns (process CPU) 217.38 ns (process CPU) 217.86 ns (process CPU)]
codec/00244             time:   [182.92 ns (process CPU) 185.81 ns (process CPU) 189.86 ns (process CPU)]
Found 1 outliers among 10 measurements (10.00%)
  1 (10.00%) high mild
codec/00682             time:   [180.72 ns (process CPU) 181.47 ns (process CPU) 182.49 ns (process CPU)]
Found 1 outliers among 10 measurements (10.00%)
  1 (10.00%) high severe
codec/00565             time:   [276.78 ns (process CPU) 280.74 ns (process CPU) 284.51 ns (process CPU)]
Found 1 outliers among 10 measurements (10.00%)
  1 (10.00%) high mild
codec/00172             time:   [2734.7 ns (process CPU) 2777.2 ns (process CPU) 2817.2 ns (process CPU)]
codec/00133             time:   [2604.7 ns (process CPU) 2618.4 ns (process CPU) 2633.5 ns (process CPU)]
codec/00010             time:   [444828 ns (process CPU) 447670 ns (process CPU) 451160 ns (process CPU)]
Found 1 outliers among 10 measurements (10.00%)
  1 (10.00%) high mild
codec/00340             time:   [633.73 ns (process CPU) 644.63 ns (process CPU) 656.58 ns (process CPU)]
codec/00265             time:   [452.15 ns (process CPU) 455.01 ns (process CPU) 458.57 ns (process CPU)]
Found 1 outliers among 10 measurements (10.00%)
  1 (10.00%) high mild
codec/00367             time:   [185.31 ns (process CPU) 187.30 ns (process CPU) 189.32 ns (process CPU)]
codec/00016             time:   [508266 ns (process CPU) 533198 ns (process CPU) 573248 ns (process CPU)]
Found 1 outliers among 10 measurements (10.00%)
  1 (10.00%) high severe
codec/00130             time:   [385.76 ns (process CPU) 386.95 ns (process CPU) 388.18 ns (process CPU)]
codec/00436             time:   [217.09 ns (process CPU) 217.46 ns (process CPU) 217.84 ns (process CPU)]
codec/00235             time:   [265.05 ns (process CPU) 270.65 ns (process CPU) 280.00 ns (process CPU)]
Found 2 outliers among 10 measurements (20.00%)
  1 (10.00%) high mild
  1 (10.00%) high severe
codec/00550             time:   [2053.8 ns (process CPU) 2069.4 ns (process CPU) 2086.4 ns (process CPU)]
codec/00574             time:   [340.69 ns (process CPU) 341.32 ns (process CPU) 342.03 ns (process CPU)]
codec/00046             time:   [2473444 ns (process CPU) 2573551 ns (process CPU) 2677085 ns (process CPU)]
codec/00202             time:   [2673.4 ns (process CPU) 2692.4 ns (process CPU) 2715.0 ns (process CPU)]
Found 3 outliers among 10 measurements (30.00%)
  1 (10.00%) low mild
  2 (20.00%) high severe
codec/00217             time:   [2574.3 ns (process CPU) 2606.0 ns (process CPU) 2630.2 ns (process CPU)]
Found 2 outliers among 10 measurements (20.00%)
  1 (10.00%) low severe
  1 (10.00%) low mild
codec/00223             time:   [2619.7 ns (process CPU) 2641.5 ns (process CPU) 2668.7 ns (process CPU)]
Found 1 outliers among 10 measurements (10.00%)
  1 (10.00%) high mild
codec/00631             time:   [5374.5 ns (process CPU) 5458.2 ns (process CPU) 5568.2 ns (process CPU)]
Found 3 outliers among 10 measurements (30.00%)
  1 (10.00%) low mild
  2 (20.00%) high severe
codec/00376             time:   [373.29 ns (process CPU) 382.16 ns (process CPU) 396.33 ns (process CPU)]
Found 1 outliers among 10 measurements (10.00%)
  1 (10.00%) high severe
codec/00460             time:   [1139.3 ns (process CPU) 1152.1 ns (process CPU) 1166.3 ns (process CPU)]
codec/00166             time:   [2766.2 ns (process CPU) 2814.9 ns (process CPU) 2865.7 ns (process CPU)]
codec/00373             time:   [188.89 ns (process CPU) 191.24 ns (process CPU) 193.68 ns (process CPU)]
codec/00181             time:   [2654.1 ns (process CPU) 2699.7 ns (process CPU) 2751.7 ns (process CPU)]
codec/00298             time:   [492.37 ns (process CPU) 494.67 ns (process CPU) 497.51 ns (process CPU)]
Found 1 outliers among 10 measurements (10.00%)
  1 (10.00%) high mild
codec/00124             time:   [240259 ns (process CPU) 245948 ns (process CPU) 252394 ns (process CPU)]
codec/00307             time:   [403.72 ns (process CPU) 404.56 ns (process CPU) 405.32 ns (process CPU)]
codec/00061             time:   [1863894 ns (process CPU) 1964575 ns (process CPU) 2087877 ns (process CPU)]
codec/00052             time:   [2558021 ns (process CPU) 2799635 ns (process CPU) 3103298 ns (process CPU)]
Found 2 outliers among 10 measurements (20.00%)
  1 (10.00%) high mild
  1 (10.00%) high severe
codec/00157             time:   [2652.5 ns (process CPU) 2780.9 ns (process CPU) 2914.7 ns (process CPU)]
codec/00499             time:   [846.93 ns (process CPU) 852.17 ns (process CPU) 857.80 ns (process CPU)]
codec/00259             time:   [470.11 ns (process CPU) 473.10 ns (process CPU) 477.21 ns (process CPU)]
Found 1 outliers among 10 measurements (10.00%)
  1 (10.00%) high mild
codec/00547             time:   [1961.3 ns (process CPU) 1968.9 ns (process CPU) 1976.3 ns (process CPU)]
codec/00415             time:   [145.91 ns (process CPU) 146.55 ns (process CPU) 147.23 ns (process CPU)]
codec/00205             time:   [2552.5 ns (process CPU) 2588.3 ns (process CPU) 2622.4 ns (process CPU)]
Found 3 outliers among 10 measurements (30.00%)
  2 (20.00%) low mild
  1 (10.00%) high mild
codec/00169             time:   [2506.4 ns (process CPU) 2523.4 ns (process CPU) 2547.6 ns (process CPU)]
Found 2 outliers among 10 measurements (20.00%)
  2 (20.00%) high severe
codec/00541             time:   [1951.4 ns (process CPU) 1961.2 ns (process CPU) 1971.1 ns (process CPU)]
codec/00403             time:   [148.08 ns (process CPU) 148.44 ns (process CPU) 148.83 ns (process CPU)]
codec/00328             time:   [520.67 ns (process CPU) 546.81 ns (process CPU) 588.72 ns (process CPU)]
Found 1 outliers among 10 measurements (10.00%)
  1 (10.00%) high severe

