[0s] build: full (target/) and no-unknown (target-nounk/)
  variant ok: /home/user/ArmoniK.Api/ffi/poc/rust/target/release/deps/codec_suite-99d5703f1d44ac96 -> /home/user/ArmoniK.Api/ffi/poc/rust/target/release/deps/libak_core.so (7 ak_uencode_* exports)
  variant ok: /home/user/ArmoniK.Api/ffi/poc/rust/target-nounk/release/deps/codec_suite-58ca1656cf934b38 -> /home/user/ArmoniK.Api/ffi/poc/rust/target-nounk/release/deps/libak_core.so (0 ak_uencode_* exports)
  variant ok: target/release/rpc_client -> /home/user/ArmoniK.Api/ffi/poc/rust/target/release/deps/libak_core.so (7 ak_uencode_* exports)
  variant ok: target-nounk/release/rpc_client -> /home/user/ArmoniK.Api/ffi/poc/rust/target-nounk/release/deps/libak_core.so (0 ak_uencode_* exports)
[0s] crossings: counting builds, both variants
  crossings: 696 rows identical to gen/crossings.txt
  crossings-nounk: 349 rows identical to gen/crossings-nounk.txt
[2s] codec: payloads, full build
  codec codec-P: precheck: 962 checks, 0 failures, 22 inputs, 1040 cases; 10400 sample rows; 147s -> codec-P.jsonl
[150s] codec: payloads, no-unknown build
  codec codec-nounk-P: precheck: 608 checks, 0 failures, 22 inputs, 648 cases; 6480 sample rows; 92s -> codec-nounk-P.jsonl
[242s] codec: U-* rows, full build (reduced settings)
  codec codec-U: precheck: 3648 checks, 0 failures, 92 inputs, 4092 cases; 40920 sample rows; 117s -> codec-U.jsonl
[359s] codec: U-* rows, no-unknown build (reduced settings)
  codec codec-nounk-U: precheck: 2084 checks, 0 failures, 92 inputs, 2436 cases; 24360 sample rows; 73s -> codec-nounk-U.jsonl
[432s] calib
  calib: 10 rows
[432s] rpc: transport shipped
  rpc shipped (full client): control aborted with no output: ABORT (requirement 18): server warm-up: cell A response 540422 B, expected 540423
  rpc shipped (nounk client): control aborted with no output: ABORT (requirement 18): server warm-up: cell A response 540422 B, expected 540423
  rpc shipped (full client): 270 rows -> rpc-shipped.jsonl
  rpc shipped (nounk client): 162 rows -> rpc-shipped-nounk.jsonl
[472s] rpc: transport pinned
  rpc pinned (full client): control aborted with no output: ABORT (requirement 18): server warm-up: cell A response 540422 B, expected 540423
  rpc pinned (nounk client): control aborted with no output: ABORT (requirement 18): server warm-up: cell A response 540422 B, expected 540423
  rpc pinned (full client): 270 rows -> rpc-pinned.jsonl
  rpc pinned (nounk client): 162 rows -> rpc-pinned-nounk.jsonl
[515s] summary
summary-codec.tsv: 8216 cases
variants-codec.tsv / .txt: 170 rows
unknown-retain-vs-drop.tsv written
summary-rpc.tsv: 288 rows
summary-calib.tsv: 2 arms
[516s] done
