# narrowed: arms [core-ffi,core-native] dirs [encode] end states [reused-buffer,transport-ready-tonic] inputs [hot]: 8 cases kept
# precheck: 32 checks, 0 failures, 1 inputs, 8 cases

Warning: It is not recommended to reduce nresamples below 1000.
Benchmarking codec/00006
Benchmarking codec/00006: Warming up for 100.00 ms
Benchmarking codec/00006: Collecting 10 samples in estimated 250.27 ms (3600 iterations)
Benchmarking codec/00006: Analyzing
Benchmarking codec/00002
Benchmarking codec/00002: Warming up for 100.00 ms
Benchmarking codec/00002: Collecting 10 samples in estimated 250.01 ms (3630 iterations)
Benchmarking codec/00002: Analyzing
Benchmarking codec/00007
Benchmarking codec/00007: Warming up for 100.00 ms
Benchmarking codec/00007: Collecting 10 samples in estimated 250.54 ms (3480 iterations)
Benchmarking codec/00007: Analyzing
Benchmarking codec/00003
Benchmarking codec/00003: Warming up for 100.00 ms
Benchmarking codec/00003: Collecting 10 samples in estimated 250.45 ms (3700 iterations)
Benchmarking codec/00003: Analyzing
Benchmarking codec/00004
Benchmarking codec/00004: Warming up for 100.00 ms
Benchmarking codec/00004: Collecting 10 samples in estimated 250.71 ms (3490 iterations)
Benchmarking codec/00004: Analyzing
Benchmarking codec/00005
Benchmarking codec/00005: Warming up for 100.00 ms
Benchmarking codec/00005: Collecting 10 samples in estimated 250.90 ms (2340 iterations)
Benchmarking codec/00005: Analyzing
Benchmarking codec/00001
Benchmarking codec/00001: Warming up for 100.00 ms
Benchmarking codec/00001: Collecting 10 samples in estimated 250.35 ms (3630 iterations)
Benchmarking codec/00001: Analyzing
Benchmarking codec/00000
Benchmarking codec/00000: Warming up for 100.00 ms
Benchmarking codec/00000: Collecting 10 samples in estimated 250.62 ms (3510 iterations)
Benchmarking codec/00000: Analyzing
# wrote 80 sample rows to /home/user/ArmoniK.Api/ffi/logs/rust/opt/patches/backward-encode/bench-p6-2x2/codec-cH-fwdcore-2.jsonl
