# engine:         BenchmarkDotNet 0.15.8.0 (CAMPAIGN.md 22a), toolchain BDN's default, ONE CHILD PROCESS PER CASE (the campaign's native isolation, req 22a as amended e6c909630); process CPU per iteration from the child's clock reads, each pair checked against BDN's wall measurement; the JIT tier is NOT read back (the children's JIT events are not visible here), so the jit check below is vacuous in this mode, pinned by the runner
# grid:           core (CAMPAIGN section 4.0, D18; AK_CAMPAIGN_GRID=core): arms incumbent-prod (full build only), core-ffi (FSM decode, D24) and host-gen (retain in the full build, no-unknown in its build); encode-transport-hot (end state ii, one hot graph) and decode-read; the 16 shapes, P7.1 decode only; Latin-1 and wide on P2.2 only; U-* rows U-nested-before, U-deep-u-repeated, U-oneof-u-repeated, U-wire-ListTaskSummaryResponse-tasks-as-wt5, U-wire-UploadResultDataMessage-upload-as-wt5, U-wire-ListMetricsResponse-batches-as-wt0, U-wire-DualResponse-left-as-wt5 (encode-transport-hot and decode-read). Extras left out (AK_CAMPAIGN_GRID=full runs them): incumbent-best, core-ffi-push (push decode), core-ffi-pull, bare decode, encode at end state (i) and with a pool input, decode-reencode, the drop mode, the incumbent in the no-unknown build, content sets on P1.2 and P2.4, the other U-* rows timed (all stay in the correctness checks)
# allocator:      default (readback at process start: a 16 MiB malloc came from the mmapped (mallinfo2; the block kept, never freed); no heap pre-grow (owner, 2026-10-03): BDN's warm-up runs the real call path, and minflt per row shows whether it sufficed; under the default toolchain each child probes once, on its case's first row as alloc_probe; GLIBC_TUNABLES=unset; CAMPAIGN req 25 as amended 2026-10-03, D9: the main figures run glibc's default allocator as production does; the pinned pass (glibc.malloc.trim_threshold=268435456:glibc.malloc.mmap_threshold=33554432) is a labelled diagnostic; every row carries `alloc` and `minflt`, the process's minor page faults over the iteration (getrusage, read by the job's clock beside the CPU clock), so faults per call = minflt / iters)
# runtime:        .NET 8.0.31; TieredCompilation=default TieredPGO=0 (net8.0 defaults unless set); GC server=False, concurrent (default)
# incumbent:      Google.Protobuf 3.32.0
# build:          full (WP5 step 10; the loaded core checked to be the same variant by its u-family exports)
# managed codec:  plan utf8=reject unknown=drop
# job:            launch 3; 6 actual iterations (rounds) per case, 25 warm-up iterations (the same for every case) after BDN's jitting stage (1 overhead + 1 workload jitting invocation per case, logged by BDN in the .bdn.log, not exported) and pilot, iteration time 40 ms (the pilot picks the invocation count per case), strategy Throughput, EvaluateOverhead=false (no overhead subtraction anywhere)
# clocks:         per iteration (every row with round >= 1): wall (Stopwatch) AND process CPU (CLOCK_PROCESS_CPUTIME_ID of this process: every thread, GC and JIT included; CAMPAIGN req 21 as amended, R-H25), both read by the job's clock (CpuClock, Job.WithClock) at the start and end of the same iteration window, exported RAW (no outlier removal, no overhead subtraction); BDN's forced GCs between iterations are outside the window; the round-0 row of each case is a summary of the whole actual stage (span_cpu_ns, span_wall_ns), not a sample
# threads:        thread pool min 2 worker / 1 IO, max 32767 worker / 1000 IO, 0 pool thread(s) now; 2 logical CPUs visible; the codec suite creates no core runtime (no RPC call is made); the timed loop runs on BDN's one thread
# encode:         CAMPAIGN req 11 (R-H29): dir encode = pool input + reused buffer; encode-hot = one graph + reused buffer; encode-transport = pool + the Grpc.Net form; encode-transport-hot = one graph + the Grpc.Net form. Reused buffer: incumbent-prod CalculateSize + WriteTo(IBufferWriter) and incumbent-best WriteTo(IBufferWriter) into one BufWriter, host-gen into its one Enc, core-ffi into the core's encode buffer (ak_encode_*/ak_uencode_*; that buffer is also what cell C hands the core's transport, and host-gen's Enc what cell E hands it, so their transport forms on the core's transport ARE the buffer rows). Grpc.Net form (cells A, F, D): the serializer the RPC grid's marshaller runs (RootOps.SerInc/SerHost/SerFfi), into a frame like Grpc.Net.Client 2.71's GrpcCallSerializationContext: one ArrayPool array, the 5-byte gRPC header, the body, the array returned after (GrpcFrame.cs); incumbent-best has no gRPC path and no transport row. Pool: distinct graphs built in the case's setup whose RETAINED heap is >= 28835840 bytes (2 x AK_LLC_BYTES, default 13.75 MB; AK_POOL_BYTES overrides; per row pool_graphs and pool_bytes), round robin one graph per call; a hot input is a pool of one (the same Next() per call); graph construction is never in the timed window
# U-* rows:       CAMPAIGN req 7 (R-H27): the 92 accepted, non-disputed U-* rows at the shapes core's 7 ABI roots, through this timed shapes core: encode-hot (a graph the arm decoded from the row, untimed; retain arms re-emit the unknown fields, drop arms the dropped form), decode, decode-read, and decode-reencode (a labelled extra; no incumbent-best row)
# content sets:   CAMPAIGN req 7 (R-H26): ascii, latin1 and wide on P1.2, P2.2, P2.4; ascii only elsewhere
# order:          seeded shuffles (below); ratios, where the aggregation forms them, come from per-launch medians (CAMPAIGN req 30): every unit is its own process
# process unit:   all cases; this launch's unit order: core-ffi:retain, core-ffi:drop (a seeded shuffle, seed 23757; within this process the cases run in a seeded shuffle too, seed 314187, the 2 prime cases first; requirement 22 as amended, R-H23)
# warm-up:        BenchmarkDotNet's own, per case: its jitting stage, pilot and the warm-up iterations of the job line (req 24; WP9 addendum: no hand-written pre-warm and no settle wait; the 2 prime cases below are BDN cases); the JIT tier is read back per case and a case that measured hot code at tier 0 fails the unit outside --smoke (the jit check below)
# correctness:    4525 pre-timing checks passed (byte identity of every encode arm per payload and content set; every arm accepts every unknown row; on every unknown row core-ffi retain and host-gen retain re-encode to the incumbent's bytes, i.e. the unknown fields are kept: requirement 10)
# cases:          10 exported, after 2 prime case(s) run first and not exported (copies of the first cases, content "prime"): BDN cases like any other, kept because without them the first case of a process measures BDN's own first-touched runtime helpers (SpanHelpers.Fill) at tier 0 (JOURNAL 51, 62)
# strings:        D21 string encode path AK_STR_ENC=E1R (K 64) (E0 .NET UTF-8 into native staging + ak_tc_bytes; E1 the string pinned + ak_tc_utf16; E2 the C# transcoder callback into the core's buffer; ETH:<n> E1 from n UTF-16 units, E0 below); Cases.Verify checks every path's bytes
# memory:         AK_BDN_MEMORY=1: BenchmarkDotNet's MemoryDiagnoser (an exploration switch, not a campaign setting): one extra workload iteration per case AFTER the actual stage, at the actual stage's invocation count, outside the job's clock (no exported sample is affected); on each case's first sample row mem_alloc_bytes_per_op (GC.GetTotalAllocatedBytes(precise), every thread, divided by its operations), mem_gen = [gen0, gen1, gen2] collections during it, mem_ops its operations, mem_alloc_bytes its total
# cpus:           this process: 2 CPU(s) in its affinity mask (sched_getaffinity), Environment.ProcessorCount 2; single-CPU guard (JOURNAL 73): a timed process (host or BDN child) with ONE CPU is refused unless AK_ALLOW_SINGLE_CPU=1 (here: unset); each case's first row carries cpus_affinity, cpus_runtime and single_cpu_override as its own process saw them
// Validating benchmarks:
// ***** BenchmarkRunner: Start   *****
// ***** Found 12 benchmark(s) in total *****
// ***** Building 1 exe(s) in Parallel: Start   *****
Unable to find .sln or .csproj file. Will use current directory /home/user/ArmoniK.Api/ffi/poc/csharp to search for project file. If you don't use .sln file on purpose it should not be a problem.
// start dotnet  restore --nodeReuse:false /p:UseSharedCompilation=false /p:Deterministic=true /p:Optimize=true /p:ArtifactsPath="/home/user/ArmoniK.Api/ffi/poc/csharp/src/BenchDotNet/bin/Release/net8.0/BenchDotNet-campaign-1/" /p:OutDir="/home/user/ArmoniK.Api/ffi/poc/csharp/src/BenchDotNet/bin/Release/net8.0/BenchDotNet-campaign-1/bin/Release/net8.0/" /p:OutputPath="/home/user/ArmoniK.Api/ffi/poc/csharp/src/BenchDotNet/bin/Release/net8.0/BenchDotNet-campaign-1/bin/Release/net8.0/" /p:PublishDir="/home/user/ArmoniK.Api/ffi/poc/csharp/src/BenchDotNet/bin/Release/net8.0/BenchDotNet-campaign-1/publish/" in /home/user/ArmoniK.Api/ffi/poc/csharp/src/BenchDotNet/bin/Release/net8.0/BenchDotNet-campaign-1
// command took 2.01 sec and exited with 0
// start dotnet  build -c Release --no-restore --nodeReuse:false /p:UseSharedCompilation=false /p:Deterministic=true /p:Optimize=true /p:ArtifactsPath="/home/user/ArmoniK.Api/ffi/poc/csharp/src/BenchDotNet/bin/Release/net8.0/BenchDotNet-campaign-1/" /p:OutDir="/home/user/ArmoniK.Api/ffi/poc/csharp/src/BenchDotNet/bin/Release/net8.0/BenchDotNet-campaign-1/bin/Release/net8.0/" /p:OutputPath="/home/user/ArmoniK.Api/ffi/poc/csharp/src/BenchDotNet/bin/Release/net8.0/BenchDotNet-campaign-1/bin/Release/net8.0/" /p:PublishDir="/home/user/ArmoniK.Api/ffi/poc/csharp/src/BenchDotNet/bin/Release/net8.0/BenchDotNet-campaign-1/publish/" --output "/home/user/ArmoniK.Api/ffi/poc/csharp/src/BenchDotNet/bin/Release/net8.0/BenchDotNet-campaign-1/bin/Release/net8.0/" in /home/user/ArmoniK.Api/ffi/poc/csharp/src/BenchDotNet/bin/Release/net8.0/BenchDotNet-campaign-1
// command took 18.41 sec and exited with 0
// ***** Done, took 00:00:20 (20.54 sec)   *****
// Found 12 benchmarks:
//   CodecSuite.Run: campaign(EvaluateOverhead=False, Clock=Armonik.Ffi.Bdn.CpuClock, IterationCount=6, IterationTime=40ms, LaunchCount=1, RunStrategy=Throughput, WarmupCount=25) [Case=core-(...)etain [42]]
//   CodecSuite.Run: campaign(EvaluateOverhead=False, Clock=Armonik.Ffi.Bdn.CpuClock, IterationCount=6, IterationTime=40ms, LaunchCount=1, RunStrategy=Throughput, WarmupCount=25) [Case=core-(...)|drop [40]]
//   CodecSuite.Run: campaign(EvaluateOverhead=False, Clock=Armonik.Ffi.Bdn.CpuClock, IterationCount=6, IterationTime=40ms, LaunchCount=1, RunStrategy=Throughput, WarmupCount=25) [Case=core-(...)etain [42]]
//   CodecSuite.Run: campaign(EvaluateOverhead=False, Clock=Armonik.Ffi.Bdn.CpuClock, IterationCount=6, IterationTime=40ms, LaunchCount=1, RunStrategy=Throughput, WarmupCount=25) [Case=core-(...)|drop [41]]
//   CodecSuite.Run: campaign(EvaluateOverhead=False, Clock=Armonik.Ffi.Bdn.CpuClock, IterationCount=6, IterationTime=40ms, LaunchCount=1, RunStrategy=Throughput, WarmupCount=25) [Case=core-(...)|drop [40]]
//   CodecSuite.Run: campaign(EvaluateOverhead=False, Clock=Armonik.Ffi.Bdn.CpuClock, IterationCount=6, IterationTime=40ms, LaunchCount=1, RunStrategy=Throughput, WarmupCount=25) [Case=core-(...)etain [41]]
//   CodecSuite.Run: campaign(EvaluateOverhead=False, Clock=Armonik.Ffi.Bdn.CpuClock, IterationCount=6, IterationTime=40ms, LaunchCount=1, RunStrategy=Throughput, WarmupCount=25) [Case=core-(...)|drop [54]]
//   CodecSuite.Run: campaign(EvaluateOverhead=False, Clock=Armonik.Ffi.Bdn.CpuClock, IterationCount=6, IterationTime=40ms, LaunchCount=1, RunStrategy=Throughput, WarmupCount=25) [Case=core-(...)|drop [39]]
//   CodecSuite.Run: campaign(EvaluateOverhead=False, Clock=Armonik.Ffi.Bdn.CpuClock, IterationCount=6, IterationTime=40ms, LaunchCount=1, RunStrategy=Throughput, WarmupCount=25) [Case=core-(...)etain [42]]
//   CodecSuite.Run: campaign(EvaluateOverhead=False, Clock=Armonik.Ffi.Bdn.CpuClock, IterationCount=6, IterationTime=40ms, LaunchCount=1, RunStrategy=Throughput, WarmupCount=25) [Case=core-(...)|drop [40]]
//   CodecSuite.Run: campaign(EvaluateOverhead=False, Clock=Armonik.Ffi.Bdn.CpuClock, IterationCount=6, IterationTime=40ms, LaunchCount=1, RunStrategy=Throughput, WarmupCount=25) [Case=core-(...)etain [56]]
//   CodecSuite.Run: campaign(EvaluateOverhead=False, Clock=Armonik.Ffi.Bdn.CpuClock, IterationCount=6, IterationTime=40ms, LaunchCount=1, RunStrategy=Throughput, WarmupCount=25) [Case=core-(...)etain [43]]

// **************************
// Benchmark: CodecSuite.Run: campaign(EvaluateOverhead=False, Clock=Armonik.Ffi.Bdn.CpuClock, IterationCount=6, IterationTime=40ms, LaunchCount=1, RunStrategy=Throughput, WarmupCount=25) [Case=core-(...)etain [42]]
// *** Execute ***
// Launch: 1 / 1
// Execute: dotnet BenchDotNet-campaign-1.dll --anonymousPipes 138 139 --benchmarkName "Armonik.Ffi.Bdn.CodecSuite.Run(Case: \"core-ffi|encode-core-hot|P2.2|prime|retain\")" --job campaign --benchmarkId 0 in /home/user/ArmoniK.Api/ffi/poc/csharp/src/BenchDotNet/bin/Release/net8.0/BenchDotNet-campaign-1/bin/Release/net8.0
// BeforeAnythingElse

// Benchmark Process Environment Information:
// BenchmarkDotNet v0.15.8
// Runtime=.NET 8.0.31 (8.0.31, 8.0.3126.42015), X64 RyuJIT x86-64-v4
// GC=Concurrent Workstation
// HardwareIntrinsics=AVX512 IFMA+VBMI,AVX512 F+BW+CD+DQ+VL,AVX2+BMI1+BMI2+F16C+FMA+LZCNT+MOVBE,AVX,SSE3+SSSE3+SSE4.1+SSE4.2+POPCNT,X86Base+SSE+SSE2,AES+PCLMUL,AvxVnni,SERIALIZE VectorSize=256
// Job: campaign(EvaluateOverhead=False, Clock=Armonik.Ffi.Bdn.CpuClock, IterationCount=6, IterationTime=40ms, LaunchCount=1, RunStrategy=Throughput, WarmupCount=25)

OverheadJitting  1: 1 op, 336482.00 ns, 336.4820 us/op
WorkloadJitting  1: 1 op, 14806788.00 ns, 14.8068 ms/op

WorkloadPilot    1: 4 op, 15494013.00 ns, 3.8735 ms/op
WorkloadPilot    2: 10 op, 22970539.00 ns, 2.2971 ms/op
WorkloadPilot    3: 17 op, 29786193.00 ns, 1.7521 ms/op
WorkloadPilot    4: 23 op, 39020978.00 ns, 1.6966 ms/op

WorkloadWarmup   1: 23 op, 38934775.00 ns, 1.6928 ms/op
WorkloadWarmup   2: 23 op, 37979554.00 ns, 1.6513 ms/op
WorkloadWarmup   3: 23 op, 38102626.00 ns, 1.6566 ms/op
WorkloadWarmup   4: 23 op, 42689700.00 ns, 1.8561 ms/op
WorkloadWarmup   5: 23 op, 37778574.00 ns, 1.6425 ms/op
WorkloadWarmup   6: 23 op, 33812218.00 ns, 1.4701 ms/op
WorkloadWarmup   7: 23 op, 32671570.00 ns, 1.4205 ms/op
WorkloadWarmup   8: 23 op, 34026892.00 ns, 1.4794 ms/op
WorkloadWarmup   9: 23 op, 34623173.00 ns, 1.5054 ms/op
WorkloadWarmup  10: 23 op, 40689281.00 ns, 1.7691 ms/op
WorkloadWarmup  11: 23 op, 34445430.00 ns, 1.4976 ms/op
WorkloadWarmup  12: 23 op, 34115351.00 ns, 1.4833 ms/op
WorkloadWarmup  13: 23 op, 34084215.00 ns, 1.4819 ms/op
WorkloadWarmup  14: 23 op, 36737829.00 ns, 1.5973 ms/op
WorkloadWarmup  15: 23 op, 32139794.00 ns, 1.3974 ms/op
WorkloadWarmup  16: 23 op, 34587075.00 ns, 1.5038 ms/op
WorkloadWarmup  17: 23 op, 33412125.00 ns, 1.4527 ms/op
WorkloadWarmup  18: 23 op, 34482282.00 ns, 1.4992 ms/op
WorkloadWarmup  19: 23 op, 34021731.00 ns, 1.4792 ms/op
WorkloadWarmup  20: 23 op, 34876389.00 ns, 1.5164 ms/op
WorkloadWarmup  21: 23 op, 32938102.00 ns, 1.4321 ms/op
WorkloadWarmup  22: 23 op, 32038882.00 ns, 1.3930 ms/op
WorkloadWarmup  23: 23 op, 32170495.00 ns, 1.3987 ms/op
WorkloadWarmup  24: 23 op, 32342132.00 ns, 1.4062 ms/op
WorkloadWarmup  25: 23 op, 31920686.00 ns, 1.3879 ms/op

// BeforeActualRun
WorkloadActual   1: 23 op, 36873318.00 ns, 1.6032 ms/op
WorkloadActual   2: 23 op, 32811261.00 ns, 1.4266 ms/op
WorkloadActual   3: 23 op, 32960667.00 ns, 1.4331 ms/op
WorkloadActual   4: 23 op, 33845165.00 ns, 1.4715 ms/op
WorkloadActual   5: 23 op, 31982378.00 ns, 1.3905 ms/op
WorkloadActual   6: 23 op, 50536324.00 ns, 2.1972 ms/op

// AfterActualRun
WorkloadResult   1: 23 op, 36873318.00 ns, 1.6032 ms/op
WorkloadResult   2: 23 op, 32811261.00 ns, 1.4266 ms/op
WorkloadResult   3: 23 op, 32960667.00 ns, 1.4331 ms/op
WorkloadResult   4: 23 op, 33845165.00 ns, 1.4715 ms/op
WorkloadResult   5: 23 op, 31982378.00 ns, 1.3905 ms/op
// GC:  0 0 0 0 23
// Threading:  0 0 23

// AfterAll
// Benchmark Process 24703 has exited with code 0.

Mean = 1.465 ms, StdErr = 0.037 ms (2.52%), N = 5, StdDev = 0.082 ms
Min = 1.391 ms, Q1 = 1.427 ms, Median = 1.433 ms, Q3 = 1.472 ms, Max = 1.603 ms
IQR = 0.045 ms, LowerFence = 1.359 ms, UpperFence = 1.539 ms
ConfidenceInterval = [1.148 ms; 1.782 ms] (CI 99.9%), Margin = 0.317 ms (21.67% of Mean)
Skewness = 0.76, Kurtosis = 1.73, MValue = 2

// ** Remained 11 (91.7 %) benchmark(s) to run. Estimated finish 2026-10-10 13:52 (0h 0m from now) **
// **************************
// Benchmark: CodecSuite.Run: campaign(EvaluateOverhead=False, Clock=Armonik.Ffi.Bdn.CpuClock, IterationCount=6, IterationTime=40ms, LaunchCount=1, RunStrategy=Throughput, WarmupCount=25) [Case=core-(...)|drop [40]]
// *** Execute ***
// Launch: 1 / 1
// Execute: dotnet BenchDotNet-campaign-1.dll --anonymousPipes 138 139 --benchmarkName "Armonik.Ffi.Bdn.CodecSuite.Run(Case: \"core-ffi|encode-core-hot|P2.2|prime|drop\")" --job campaign --benchmarkId 1 in /home/user/ArmoniK.Api/ffi/poc/csharp/src/BenchDotNet/bin/Release/net8.0/BenchDotNet-campaign-1/bin/Release/net8.0
// BeforeAnythingElse

// Benchmark Process Environment Information:
// BenchmarkDotNet v0.15.8
// Runtime=.NET 8.0.31 (8.0.31, 8.0.3126.42015), X64 RyuJIT x86-64-v4
// GC=Concurrent Workstation
// HardwareIntrinsics=AVX512 IFMA+VBMI,AVX512 F+BW+CD+DQ+VL,AVX2+BMI1+BMI2+F16C+FMA+LZCNT+MOVBE,AVX,SSE3+SSSE3+SSE4.1+SSE4.2+POPCNT,X86Base+SSE+SSE2,AES+PCLMUL,AvxVnni,SERIALIZE VectorSize=256
// Job: campaign(EvaluateOverhead=False, Clock=Armonik.Ffi.Bdn.CpuClock, IterationCount=6, IterationTime=40ms, LaunchCount=1, RunStrategy=Throughput, WarmupCount=25)

OverheadJitting  1: 1 op, 275190.00 ns, 275.1900 us/op
WorkloadJitting  1: 1 op, 16263272.00 ns, 16.2633 ms/op

WorkloadPilot    1: 4 op, 14525227.00 ns, 3.6313 ms/op
WorkloadPilot    2: 11 op, 23235603.00 ns, 2.1123 ms/op
WorkloadPilot    3: 19 op, 30543374.00 ns, 1.6075 ms/op
WorkloadPilot    4: 25 op, 40352549.00 ns, 1.6141 ms/op

WorkloadWarmup   1: 25 op, 40856439.00 ns, 1.6343 ms/op
WorkloadWarmup   2: 25 op, 40151217.00 ns, 1.6060 ms/op
WorkloadWarmup   3: 25 op, 41489637.00 ns, 1.6596 ms/op
WorkloadWarmup   4: 25 op, 34971563.00 ns, 1.3989 ms/op
WorkloadWarmup   5: 25 op, 33197933.00 ns, 1.3279 ms/op
WorkloadWarmup   6: 25 op, 34501300.00 ns, 1.3801 ms/op
WorkloadWarmup   7: 25 op, 35403868.00 ns, 1.4162 ms/op
WorkloadWarmup   8: 25 op, 34892058.00 ns, 1.3957 ms/op
WorkloadWarmup   9: 25 op, 34074863.00 ns, 1.3630 ms/op
WorkloadWarmup  10: 25 op, 35153488.00 ns, 1.4061 ms/op
WorkloadWarmup  11: 25 op, 35161419.00 ns, 1.4065 ms/op
WorkloadWarmup  12: 25 op, 34558072.00 ns, 1.3823 ms/op
WorkloadWarmup  13: 25 op, 33625621.00 ns, 1.3450 ms/op
WorkloadWarmup  14: 25 op, 34124670.00 ns, 1.3650 ms/op
WorkloadWarmup  15: 25 op, 34240052.00 ns, 1.3696 ms/op
WorkloadWarmup  16: 25 op, 33723589.00 ns, 1.3489 ms/op
WorkloadWarmup  17: 25 op, 32417590.00 ns, 1.2967 ms/op
WorkloadWarmup  18: 25 op, 35313613.00 ns, 1.4125 ms/op
WorkloadWarmup  19: 25 op, 38267289.00 ns, 1.5307 ms/op
WorkloadWarmup  20: 25 op, 36511578.00 ns, 1.4605 ms/op
WorkloadWarmup  21: 25 op, 34411712.00 ns, 1.3765 ms/op
WorkloadWarmup  22: 25 op, 33894132.00 ns, 1.3558 ms/op
WorkloadWarmup  23: 25 op, 37720934.00 ns, 1.5088 ms/op
WorkloadWarmup  24: 25 op, 36767514.00 ns, 1.4707 ms/op
WorkloadWarmup  25: 25 op, 39929820.00 ns, 1.5972 ms/op

// BeforeActualRun
WorkloadActual   1: 25 op, 32850692.00 ns, 1.3140 ms/op
WorkloadActual   2: 25 op, 33559219.00 ns, 1.3424 ms/op
WorkloadActual   3: 25 op, 33940367.00 ns, 1.3576 ms/op
WorkloadActual   4: 25 op, 32771050.00 ns, 1.3108 ms/op
WorkloadActual   5: 25 op, 32861236.00 ns, 1.3144 ms/op
WorkloadActual   6: 25 op, 33849774.00 ns, 1.3540 ms/op

// AfterActualRun
WorkloadResult   1: 25 op, 32850692.00 ns, 1.3140 ms/op
WorkloadResult   2: 25 op, 33559219.00 ns, 1.3424 ms/op
WorkloadResult   3: 25 op, 33940367.00 ns, 1.3576 ms/op
WorkloadResult   4: 25 op, 32771050.00 ns, 1.3108 ms/op
WorkloadResult   5: 25 op, 32861236.00 ns, 1.3144 ms/op
WorkloadResult   6: 25 op, 33849774.00 ns, 1.3540 ms/op
// GC:  0 0 0 0 25
// Threading:  0 0 25

// AfterAll
// Benchmark Process 24713 has exited with code 0.

Mean = 1.332 ms, StdErr = 0.009 ms (0.66%), N = 6, StdDev = 0.022 ms
Min = 1.311 ms, Q1 = 1.314 ms, Median = 1.328 ms, Q3 = 1.351 ms, Max = 1.358 ms
IQR = 0.037 ms, LowerFence = 1.259 ms, UpperFence = 1.407 ms
ConfidenceInterval = [1.272 ms; 1.393 ms] (CI 99.9%), Margin = 0.060 ms (4.54% of Mean)
Skewness = 0.11, Kurtosis = 0.82, MValue = 2

// ** Remained 10 (83.3 %) benchmark(s) to run. Estimated finish 2026-10-10 13:52 (0h 0m from now) **
// **************************
// Benchmark: CodecSuite.Run: campaign(EvaluateOverhead=False, Clock=Armonik.Ffi.Bdn.CpuClock, IterationCount=6, IterationTime=40ms, LaunchCount=1, RunStrategy=Throughput, WarmupCount=25) [Case=core-(...)etain [42]]
// *** Execute ***
// Launch: 1 / 1
// Execute: dotnet BenchDotNet-campaign-1.dll --anonymousPipes 138 139 --benchmarkName "Armonik.Ffi.Bdn.CodecSuite.Run(Case: \"core-ffi|encode-core-hot|P2.4|ascii|retain\")" --job campaign --benchmarkId 2 in /home/user/ArmoniK.Api/ffi/poc/csharp/src/BenchDotNet/bin/Release/net8.0/BenchDotNet-campaign-1/bin/Release/net8.0
// BeforeAnythingElse

// Benchmark Process Environment Information:
// BenchmarkDotNet v0.15.8
// Runtime=.NET 8.0.31 (8.0.31, 8.0.3126.42015), X64 RyuJIT x86-64-v4
// GC=Concurrent Workstation
// HardwareIntrinsics=AVX512 IFMA+VBMI,AVX512 F+BW+CD+DQ+VL,AVX2+BMI1+BMI2+F16C+FMA+LZCNT+MOVBE,AVX,SSE3+SSSE3+SSE4.1+SSE4.2+POPCNT,X86Base+SSE+SSE2,AES+PCLMUL,AvxVnni,SERIALIZE VectorSize=256
// Job: campaign(EvaluateOverhead=False, Clock=Armonik.Ffi.Bdn.CpuClock, IterationCount=6, IterationTime=40ms, LaunchCount=1, RunStrategy=Throughput, WarmupCount=25)

OverheadJitting  1: 1 op, 270585.00 ns, 270.5850 us/op
WorkloadJitting  1: 1 op, 19232926.00 ns, 19.2329 ms/op

WorkloadPilot    1: 4 op, 15096930.00 ns, 3.7742 ms/op
WorkloadPilot    2: 11 op, 29560235.00 ns, 2.6873 ms/op
WorkloadPilot    3: 15 op, 35472850.00 ns, 2.3649 ms/op
WorkloadPilot    4: 17 op, 43865161.00 ns, 2.5803 ms/op

WorkloadWarmup   1: 17 op, 38215397.00 ns, 2.2480 ms/op
WorkloadWarmup   2: 17 op, 38375705.00 ns, 2.2574 ms/op
WorkloadWarmup   3: 17 op, 36905824.00 ns, 2.1709 ms/op
WorkloadWarmup   4: 17 op, 38033545.00 ns, 2.2373 ms/op
WorkloadWarmup   5: 17 op, 37823058.00 ns, 2.2249 ms/op
WorkloadWarmup   6: 17 op, 41020676.00 ns, 2.4130 ms/op
WorkloadWarmup   7: 17 op, 32963727.00 ns, 1.9390 ms/op
WorkloadWarmup   8: 17 op, 43693515.00 ns, 2.5702 ms/op
WorkloadWarmup   9: 17 op, 37382583.00 ns, 2.1990 ms/op
WorkloadWarmup  10: 17 op, 41729906.00 ns, 2.4547 ms/op
WorkloadWarmup  11: 17 op, 36251941.00 ns, 2.1325 ms/op
WorkloadWarmup  12: 17 op, 33859010.00 ns, 1.9917 ms/op
WorkloadWarmup  13: 17 op, 38317623.00 ns, 2.2540 ms/op
WorkloadWarmup  14: 17 op, 31520987.00 ns, 1.8542 ms/op
WorkloadWarmup  15: 17 op, 36519744.00 ns, 2.1482 ms/op
WorkloadWarmup  16: 17 op, 39155980.00 ns, 2.3033 ms/op
WorkloadWarmup  17: 17 op, 33391213.00 ns, 1.9642 ms/op
WorkloadWarmup  18: 17 op, 33686853.00 ns, 1.9816 ms/op
WorkloadWarmup  19: 17 op, 37892626.00 ns, 2.2290 ms/op
WorkloadWarmup  20: 17 op, 32446394.00 ns, 1.9086 ms/op
WorkloadWarmup  21: 17 op, 32500569.00 ns, 1.9118 ms/op
WorkloadWarmup  22: 17 op, 31115915.00 ns, 1.8303 ms/op
WorkloadWarmup  23: 17 op, 36204494.00 ns, 2.1297 ms/op
WorkloadWarmup  24: 17 op, 32322713.00 ns, 1.9013 ms/op
WorkloadWarmup  25: 17 op, 33997133.00 ns, 1.9998 ms/op

// BeforeActualRun
WorkloadActual   1: 17 op, 31704455.00 ns, 1.8650 ms/op
WorkloadActual   2: 17 op, 31517129.00 ns, 1.8539 ms/op
WorkloadActual   3: 17 op, 31641853.00 ns, 1.8613 ms/op
WorkloadActual   4: 17 op, 33529965.00 ns, 1.9724 ms/op
WorkloadActual   5: 17 op, 38657020.00 ns, 2.2739 ms/op
WorkloadActual   6: 17 op, 38642607.00 ns, 2.2731 ms/op

// AfterActualRun
WorkloadResult   1: 17 op, 31704455.00 ns, 1.8650 ms/op
WorkloadResult   2: 17 op, 31517129.00 ns, 1.8539 ms/op
WorkloadResult   3: 17 op, 31641853.00 ns, 1.8613 ms/op
WorkloadResult   4: 17 op, 33529965.00 ns, 1.9724 ms/op
WorkloadResult   5: 17 op, 38657020.00 ns, 2.2739 ms/op
WorkloadResult   6: 17 op, 38642607.00 ns, 2.2731 ms/op
// GC:  0 0 0 0 17
// Threading:  0 0 17

// AfterAll
// Benchmark Process 24722 has exited with code 0.

Mean = 2.017 ms, StdErr = 0.083 ms (4.12%), N = 6, StdDev = 0.204 ms
Min = 1.854 ms, Q1 = 1.862 ms, Median = 1.919 ms, Q3 = 2.198 ms, Max = 2.274 ms
IQR = 0.336 ms, LowerFence = 1.359 ms, UpperFence = 2.701 ms
ConfidenceInterval = [1.445 ms; 2.588 ms] (CI 99.9%), Margin = 0.571 ms (28.33% of Mean)
Skewness = 0.44, Kurtosis = 1.02, MValue = 2

// ** Remained 9 (75.0 %) benchmark(s) to run. Estimated finish 2026-10-10 13:52 (0h 0m from now) **
// **************************
// Benchmark: CodecSuite.Run: campaign(EvaluateOverhead=False, Clock=Armonik.Ffi.Bdn.CpuClock, IterationCount=6, IterationTime=40ms, LaunchCount=1, RunStrategy=Throughput, WarmupCount=25) [Case=core-(...)|drop [41]]
// *** Execute ***
// Launch: 1 / 1
// Execute: dotnet BenchDotNet-campaign-1.dll --anonymousPipes 138 139 --benchmarkName "Armonik.Ffi.Bdn.CodecSuite.Run(Case: \"core-ffi|encode-core-hot|P2.2|latin1|drop\")" --job campaign --benchmarkId 3 in /home/user/ArmoniK.Api/ffi/poc/csharp/src/BenchDotNet/bin/Release/net8.0/BenchDotNet-campaign-1/bin/Release/net8.0
// BeforeAnythingElse

// Benchmark Process Environment Information:
// BenchmarkDotNet v0.15.8
// Runtime=.NET 8.0.31 (8.0.31, 8.0.3126.42015), X64 RyuJIT x86-64-v4
// GC=Concurrent Workstation
// HardwareIntrinsics=AVX512 IFMA+VBMI,AVX512 F+BW+CD+DQ+VL,AVX2+BMI1+BMI2+F16C+FMA+LZCNT+MOVBE,AVX,SSE3+SSSE3+SSE4.1+SSE4.2+POPCNT,X86Base+SSE+SSE2,AES+PCLMUL,AvxVnni,SERIALIZE VectorSize=256
// Job: campaign(EvaluateOverhead=False, Clock=Armonik.Ffi.Bdn.CpuClock, IterationCount=6, IterationTime=40ms, LaunchCount=1, RunStrategy=Throughput, WarmupCount=25)

OverheadJitting  1: 1 op, 255383.00 ns, 255.3830 us/op
WorkloadJitting  1: 1 op, 15476545.00 ns, 15.4765 ms/op

WorkloadPilot    1: 4 op, 15835919.00 ns, 3.9590 ms/op
WorkloadPilot    2: 10 op, 23085780.00 ns, 2.3086 ms/op
WorkloadPilot    3: 17 op, 27617580.00 ns, 1.6246 ms/op
WorkloadPilot    4: 25 op, 40300406.00 ns, 1.6120 ms/op

WorkloadWarmup   1: 25 op, 39928942.00 ns, 1.5972 ms/op
WorkloadWarmup   2: 25 op, 48406707.00 ns, 1.9363 ms/op
WorkloadWarmup   3: 25 op, 44800121.00 ns, 1.7920 ms/op
WorkloadWarmup   4: 25 op, 34941045.00 ns, 1.3976 ms/op
WorkloadWarmup   5: 25 op, 37106956.00 ns, 1.4843 ms/op
WorkloadWarmup   6: 25 op, 46451704.00 ns, 1.8581 ms/op
WorkloadWarmup   7: 25 op, 37178953.00 ns, 1.4872 ms/op
WorkloadWarmup   8: 25 op, 44198927.00 ns, 1.7680 ms/op
WorkloadWarmup   9: 25 op, 40785193.00 ns, 1.6314 ms/op
WorkloadWarmup  10: 25 op, 36273403.00 ns, 1.4509 ms/op
WorkloadWarmup  11: 25 op, 37423320.00 ns, 1.4969 ms/op
WorkloadWarmup  12: 25 op, 37565131.00 ns, 1.5026 ms/op
WorkloadWarmup  13: 25 op, 36069781.00 ns, 1.4428 ms/op
WorkloadWarmup  14: 25 op, 36699678.00 ns, 1.4680 ms/op
WorkloadWarmup  15: 25 op, 34510834.00 ns, 1.3804 ms/op
WorkloadWarmup  16: 25 op, 40454083.00 ns, 1.6182 ms/op
WorkloadWarmup  17: 25 op, 53085329.00 ns, 2.1234 ms/op
WorkloadWarmup  18: 25 op, 53014313.00 ns, 2.1206 ms/op
WorkloadWarmup  19: 25 op, 41702682.00 ns, 1.6681 ms/op
WorkloadWarmup  20: 25 op, 38378408.00 ns, 1.5351 ms/op
WorkloadWarmup  21: 25 op, 34848882.00 ns, 1.3940 ms/op
WorkloadWarmup  22: 25 op, 36620230.00 ns, 1.4648 ms/op
WorkloadWarmup  23: 25 op, 32908371.00 ns, 1.3163 ms/op
WorkloadWarmup  24: 25 op, 38789711.00 ns, 1.5516 ms/op
WorkloadWarmup  25: 25 op, 34619269.00 ns, 1.3848 ms/op

// BeforeActualRun
WorkloadActual   1: 25 op, 40119988.00 ns, 1.6048 ms/op
WorkloadActual   2: 25 op, 34662881.00 ns, 1.3865 ms/op
WorkloadActual   3: 25 op, 38196088.00 ns, 1.5278 ms/op
WorkloadActual   4: 25 op, 34195244.00 ns, 1.3678 ms/op
WorkloadActual   5: 25 op, 39861218.00 ns, 1.5944 ms/op
WorkloadActual   6: 25 op, 35524623.00 ns, 1.4210 ms/op

// AfterActualRun
WorkloadResult   1: 25 op, 40119988.00 ns, 1.6048 ms/op
WorkloadResult   2: 25 op, 34662881.00 ns, 1.3865 ms/op
WorkloadResult   3: 25 op, 38196088.00 ns, 1.5278 ms/op
WorkloadResult   4: 25 op, 34195244.00 ns, 1.3678 ms/op
WorkloadResult   5: 25 op, 39861218.00 ns, 1.5944 ms/op
WorkloadResult   6: 25 op, 35524623.00 ns, 1.4210 ms/op
// GC:  0 0 0 0 25
// Threading:  0 0 25

// AfterAll
// Benchmark Process 24734 has exited with code 0.

Mean = 1.484 ms, StdErr = 0.043 ms (2.90%), N = 6, StdDev = 0.106 ms
Min = 1.368 ms, Q1 = 1.395 ms, Median = 1.474 ms, Q3 = 1.578 ms, Max = 1.605 ms
IQR = 0.183 ms, LowerFence = 1.121 ms, UpperFence = 1.852 ms
ConfidenceInterval = [1.188 ms; 1.780 ms] (CI 99.9%), Margin = 0.296 ms (19.95% of Mean)
Skewness = 0.07, Kurtosis = 0.88, MValue = 2

// ** Remained 8 (66.7 %) benchmark(s) to run. Estimated finish 2026-10-10 13:52 (0h 0m from now) **
// **************************
// Benchmark: CodecSuite.Run: campaign(EvaluateOverhead=False, Clock=Armonik.Ffi.Bdn.CpuClock, IterationCount=6, IterationTime=40ms, LaunchCount=1, RunStrategy=Throughput, WarmupCount=25) [Case=core-(...)|drop [40]]
// *** Execute ***
// Launch: 1 / 1
// Execute: dotnet BenchDotNet-campaign-1.dll --anonymousPipes 138 139 --benchmarkName "Armonik.Ffi.Bdn.CodecSuite.Run(Case: \"core-ffi|encode-core-hot|P2.4|ascii|drop\")" --job campaign --benchmarkId 4 in /home/user/ArmoniK.Api/ffi/poc/csharp/src/BenchDotNet/bin/Release/net8.0/BenchDotNet-campaign-1/bin/Release/net8.0
// BeforeAnythingElse

// Benchmark Process Environment Information:
// BenchmarkDotNet v0.15.8
// Runtime=.NET 8.0.31 (8.0.31, 8.0.3126.42015), X64 RyuJIT x86-64-v4
// GC=Concurrent Workstation
// HardwareIntrinsics=AVX512 IFMA+VBMI,AVX512 F+BW+CD+DQ+VL,AVX2+BMI1+BMI2+F16C+FMA+LZCNT+MOVBE,AVX,SSE3+SSSE3+SSE4.1+SSE4.2+POPCNT,X86Base+SSE+SSE2,AES+PCLMUL,AvxVnni,SERIALIZE VectorSize=256
// Job: campaign(EvaluateOverhead=False, Clock=Armonik.Ffi.Bdn.CpuClock, IterationCount=6, IterationTime=40ms, LaunchCount=1, RunStrategy=Throughput, WarmupCount=25)

OverheadJitting  1: 1 op, 313646.00 ns, 313.6460 us/op
WorkloadJitting  1: 1 op, 16622037.00 ns, 16.6220 ms/op

WorkloadPilot    1: 4 op, 17588878.00 ns, 4.3972 ms/op
WorkloadPilot    2: 9 op, 19762503.00 ns, 2.1958 ms/op
WorkloadPilot    3: 18 op, 46145026.00 ns, 2.5636 ms/op
WorkloadPilot    4: 16 op, 45909729.00 ns, 2.8694 ms/op
WorkloadPilot    5: 14 op, 44458338.00 ns, 3.1756 ms/op

WorkloadWarmup   1: 14 op, 27891624.00 ns, 1.9923 ms/op
WorkloadWarmup   2: 14 op, 28135342.00 ns, 2.0097 ms/op
WorkloadWarmup   3: 14 op, 27762892.00 ns, 1.9831 ms/op
WorkloadWarmup   4: 14 op, 28637993.00 ns, 2.0456 ms/op
WorkloadWarmup   5: 14 op, 34697125.00 ns, 2.4784 ms/op
WorkloadWarmup   6: 14 op, 28103910.00 ns, 2.0074 ms/op
WorkloadWarmup   7: 14 op, 26208337.00 ns, 1.8720 ms/op
WorkloadWarmup   8: 14 op, 25508014.00 ns, 1.8220 ms/op
WorkloadWarmup   9: 14 op, 25874387.00 ns, 1.8482 ms/op
WorkloadWarmup  10: 14 op, 25724156.00 ns, 1.8374 ms/op
WorkloadWarmup  11: 14 op, 24868022.00 ns, 1.7763 ms/op
WorkloadWarmup  12: 14 op, 25769142.00 ns, 1.8407 ms/op
WorkloadWarmup  13: 14 op, 27376804.00 ns, 1.9555 ms/op
WorkloadWarmup  14: 14 op, 26437586.00 ns, 1.8884 ms/op
WorkloadWarmup  15: 14 op, 30382537.00 ns, 2.1702 ms/op
WorkloadWarmup  16: 14 op, 30909810.00 ns, 2.2078 ms/op
WorkloadWarmup  17: 14 op, 28797415.00 ns, 2.0570 ms/op
WorkloadWarmup  18: 14 op, 36114512.00 ns, 2.5796 ms/op
WorkloadWarmup  19: 14 op, 31491288.00 ns, 2.2494 ms/op
WorkloadWarmup  20: 14 op, 26278206.00 ns, 1.8770 ms/op
WorkloadWarmup  21: 14 op, 25897103.00 ns, 1.8498 ms/op
WorkloadWarmup  22: 14 op, 25455288.00 ns, 1.8182 ms/op
WorkloadWarmup  23: 14 op, 30663615.00 ns, 2.1903 ms/op
WorkloadWarmup  24: 14 op, 26797106.00 ns, 1.9141 ms/op
WorkloadWarmup  25: 14 op, 26334891.00 ns, 1.8811 ms/op

// BeforeActualRun
WorkloadActual   1: 14 op, 26743113.00 ns, 1.9102 ms/op
WorkloadActual   2: 14 op, 28664437.00 ns, 2.0475 ms/op
WorkloadActual   3: 14 op, 25786806.00 ns, 1.8419 ms/op
WorkloadActual   4: 14 op, 26570760.00 ns, 1.8979 ms/op
WorkloadActual   5: 14 op, 25535000.00 ns, 1.8239 ms/op
WorkloadActual   6: 14 op, 25498710.00 ns, 1.8213 ms/op

// AfterActualRun
WorkloadResult   1: 14 op, 26743113.00 ns, 1.9102 ms/op
WorkloadResult   2: 14 op, 25786806.00 ns, 1.8419 ms/op
WorkloadResult   3: 14 op, 26570760.00 ns, 1.8979 ms/op
WorkloadResult   4: 14 op, 25535000.00 ns, 1.8239 ms/op
WorkloadResult   5: 14 op, 25498710.00 ns, 1.8213 ms/op
// GC:  0 0 0 0 14
// Threading:  0 0 14

// AfterAll
// Benchmark Process 24743 has exited with code 0.

Mean = 1.859 ms, StdErr = 0.019 ms (1.01%), N = 5, StdDev = 0.042 ms
Min = 1.821 ms, Q1 = 1.824 ms, Median = 1.842 ms, Q3 = 1.898 ms, Max = 1.910 ms
IQR = 0.074 ms, LowerFence = 1.713 ms, UpperFence = 2.009 ms
ConfidenceInterval = [1.697 ms; 2.021 ms] (CI 99.9%), Margin = 0.162 ms (8.71% of Mean)
Skewness = 0.24, Kurtosis = 0.82, MValue = 2

// ** Remained 7 (58.3 %) benchmark(s) to run. Estimated finish 2026-10-10 13:52 (0h 0m from now) **
// **************************
// Benchmark: CodecSuite.Run: campaign(EvaluateOverhead=False, Clock=Armonik.Ffi.Bdn.CpuClock, IterationCount=6, IterationTime=40ms, LaunchCount=1, RunStrategy=Throughput, WarmupCount=25) [Case=core-(...)etain [41]]
// *** Execute ***
// Launch: 1 / 1
// Execute: dotnet BenchDotNet-campaign-1.dll --anonymousPipes 138 139 --benchmarkName "Armonik.Ffi.Bdn.CodecSuite.Run(Case: \"core-ffi|encode-core-hot|P2.2|wide|retain\")" --job campaign --benchmarkId 5 in /home/user/ArmoniK.Api/ffi/poc/csharp/src/BenchDotNet/bin/Release/net8.0/BenchDotNet-campaign-1/bin/Release/net8.0
// BeforeAnythingElse

// Benchmark Process Environment Information:
// BenchmarkDotNet v0.15.8
// Runtime=.NET 8.0.31 (8.0.31, 8.0.3126.42015), X64 RyuJIT x86-64-v4
// GC=Concurrent Workstation
// HardwareIntrinsics=AVX512 IFMA+VBMI,AVX512 F+BW+CD+DQ+VL,AVX2+BMI1+BMI2+F16C+FMA+LZCNT+MOVBE,AVX,SSE3+SSSE3+SSE4.1+SSE4.2+POPCNT,X86Base+SSE+SSE2,AES+PCLMUL,AvxVnni,SERIALIZE VectorSize=256
// Job: campaign(EvaluateOverhead=False, Clock=Armonik.Ffi.Bdn.CpuClock, IterationCount=6, IterationTime=40ms, LaunchCount=1, RunStrategy=Throughput, WarmupCount=25)

OverheadJitting  1: 1 op, 257314.00 ns, 257.3140 us/op
WorkloadJitting  1: 1 op, 16323857.00 ns, 16.3239 ms/op

WorkloadPilot    1: 4 op, 16506455.00 ns, 4.1266 ms/op
WorkloadPilot    2: 10 op, 24979493.00 ns, 2.4979 ms/op
WorkloadPilot    3: 16 op, 30516668.00 ns, 1.9073 ms/op
WorkloadPilot    4: 21 op, 51347289.00 ns, 2.4451 ms/op
WorkloadPilot    5: 16 op, 26569882.00 ns, 1.6606 ms/op
WorkloadPilot    6: 24 op, 42378688.00 ns, 1.7658 ms/op

WorkloadWarmup   1: 24 op, 40899218.00 ns, 1.7041 ms/op
WorkloadWarmup   2: 24 op, 38764541.00 ns, 1.6152 ms/op
WorkloadWarmup   3: 24 op, 42136403.00 ns, 1.7557 ms/op
WorkloadWarmup   4: 24 op, 50083111.00 ns, 2.0868 ms/op
WorkloadWarmup   5: 24 op, 40263156.00 ns, 1.6776 ms/op
WorkloadWarmup   6: 24 op, 42402364.00 ns, 1.7668 ms/op
WorkloadWarmup   7: 24 op, 38877492.00 ns, 1.6199 ms/op
WorkloadWarmup   8: 24 op, 45435142.00 ns, 1.8931 ms/op
WorkloadWarmup   9: 24 op, 42301185.00 ns, 1.7625 ms/op
WorkloadWarmup  10: 24 op, 39177036.00 ns, 1.6324 ms/op
WorkloadWarmup  11: 24 op, 41486645.00 ns, 1.7286 ms/op
WorkloadWarmup  12: 24 op, 50266536.00 ns, 2.0944 ms/op
WorkloadWarmup  13: 24 op, 47297358.00 ns, 1.9707 ms/op
WorkloadWarmup  14: 24 op, 35996934.00 ns, 1.4999 ms/op
WorkloadWarmup  15: 24 op, 52660569.00 ns, 2.1942 ms/op
WorkloadWarmup  16: 24 op, 39163833.00 ns, 1.6318 ms/op
WorkloadWarmup  17: 24 op, 43506382.00 ns, 1.8128 ms/op
WorkloadWarmup  18: 24 op, 45780413.00 ns, 1.9075 ms/op
WorkloadWarmup  19: 24 op, 45062345.00 ns, 1.8776 ms/op
WorkloadWarmup  20: 24 op, 40447561.00 ns, 1.6853 ms/op
WorkloadWarmup  21: 24 op, 37369278.00 ns, 1.5571 ms/op
WorkloadWarmup  22: 24 op, 36488645.00 ns, 1.5204 ms/op
WorkloadWarmup  23: 24 op, 38248753.00 ns, 1.5937 ms/op
WorkloadWarmup  24: 24 op, 41752090.00 ns, 1.7397 ms/op
WorkloadWarmup  25: 24 op, 37071305.00 ns, 1.5446 ms/op

// BeforeActualRun
WorkloadActual   1: 24 op, 35793849.00 ns, 1.4914 ms/op
WorkloadActual   2: 24 op, 37231308.00 ns, 1.5513 ms/op
WorkloadActual   3: 24 op, 35851854.00 ns, 1.4938 ms/op
WorkloadActual   4: 24 op, 37595831.00 ns, 1.5665 ms/op
WorkloadActual   5: 24 op, 37538174.00 ns, 1.5641 ms/op
WorkloadActual   6: 24 op, 37299151.00 ns, 1.5541 ms/op

// AfterActualRun
WorkloadResult   1: 24 op, 35793849.00 ns, 1.4914 ms/op
WorkloadResult   2: 24 op, 37231308.00 ns, 1.5513 ms/op
WorkloadResult   3: 24 op, 35851854.00 ns, 1.4938 ms/op
WorkloadResult   4: 24 op, 37595831.00 ns, 1.5665 ms/op
WorkloadResult   5: 24 op, 37538174.00 ns, 1.5641 ms/op
WorkloadResult   6: 24 op, 37299151.00 ns, 1.5541 ms/op
// GC:  0 0 0 0 24
// Threading:  0 0 24

// AfterAll
// Benchmark Process 24752 has exited with code 0.

Mean = 1.537 ms, StdErr = 0.014 ms (0.92%), N = 6, StdDev = 0.035 ms
Min = 1.491 ms, Q1 = 1.508 ms, Median = 1.553 ms, Q3 = 1.562 ms, Max = 1.566 ms
IQR = 0.053 ms, LowerFence = 1.428 ms, UpperFence = 1.642 ms
ConfidenceInterval = [1.439 ms; 1.634 ms] (CI 99.9%), Margin = 0.097 ms (6.34% of Mean)
Skewness = -0.47, Kurtosis = 1.04, MValue = 2

// ** Remained 6 (50.0 %) benchmark(s) to run. Estimated finish 2026-10-10 13:52 (0h 0m from now) **
// **************************
// Benchmark: CodecSuite.Run: campaign(EvaluateOverhead=False, Clock=Armonik.Ffi.Bdn.CpuClock, IterationCount=6, IterationTime=40ms, LaunchCount=1, RunStrategy=Throughput, WarmupCount=25) [Case=core-(...)|drop [54]]
// *** Execute ***
// Launch: 1 / 1
// Execute: dotnet BenchDotNet-campaign-1.dll --anonymousPipes 138 139 --benchmarkName "Armonik.Ffi.Bdn.CodecSuite.Run(Case: \"core-ffi|encode-core-hot|U-deep-u-repeated|corpus|drop\")" --job campaign --benchmarkId 6 in /home/user/ArmoniK.Api/ffi/poc/csharp/src/BenchDotNet/bin/Release/net8.0/BenchDotNet-campaign-1/bin/Release/net8.0
// BeforeAnythingElse

// Benchmark Process Environment Information:
// BenchmarkDotNet v0.15.8
// Runtime=.NET 8.0.31 (8.0.31, 8.0.3126.42015), X64 RyuJIT x86-64-v4
// GC=Concurrent Workstation
// HardwareIntrinsics=AVX512 IFMA+VBMI,AVX512 F+BW+CD+DQ+VL,AVX2+BMI1+BMI2+F16C+FMA+LZCNT+MOVBE,AVX,SSE3+SSSE3+SSE4.1+SSE4.2+POPCNT,X86Base+SSE+SSE2,AES+PCLMUL,AvxVnni,SERIALIZE VectorSize=256
// Job: campaign(EvaluateOverhead=False, Clock=Armonik.Ffi.Bdn.CpuClock, IterationCount=6, IterationTime=40ms, LaunchCount=1, RunStrategy=Throughput, WarmupCount=25)

OverheadJitting  1: 1 op, 266587.00 ns, 266.5870 us/op
WorkloadJitting  1: 1 op, 10120743.00 ns, 10.1207 ms/op

WorkloadPilot    1: 4 op, 29846.00 ns, 7.4615 us/op
WorkloadPilot    2: 5361 op, 15678242.00 ns, 2.9245 us/op
WorkloadPilot    3: 13678 op, 40313766.00 ns, 2.9473 us/op
WorkloadPilot    4: 13572 op, 43577263.00 ns, 3.2108 us/op
WorkloadPilot    5: 12458 op, 36596111.00 ns, 2.9376 us/op
WorkloadPilot    6: 13617 op, 50313662.00 ns, 3.6949 us/op

WorkloadWarmup   1: 13617 op, 48720593.00 ns, 3.5779 us/op
WorkloadWarmup   2: 13617 op, 41301971.00 ns, 3.0331 us/op
WorkloadWarmup   3: 13617 op, 41084379.00 ns, 3.0171 us/op
WorkloadWarmup   4: 13617 op, 39902393.00 ns, 2.9303 us/op
WorkloadWarmup   5: 13617 op, 39531065.00 ns, 2.9031 us/op
WorkloadWarmup   6: 13617 op, 33358738.00 ns, 2.4498 us/op
WorkloadWarmup   7: 13617 op, 34288796.00 ns, 2.5181 us/op
WorkloadWarmup   8: 13617 op, 32319774.00 ns, 2.3735 us/op
WorkloadWarmup   9: 13617 op, 32951356.00 ns, 2.4199 us/op
WorkloadWarmup  10: 13617 op, 32180428.00 ns, 2.3633 us/op
WorkloadWarmup  11: 13617 op, 31252473.00 ns, 2.2951 us/op
WorkloadWarmup  12: 13617 op, 36807977.00 ns, 2.7031 us/op
WorkloadWarmup  13: 13617 op, 30992578.00 ns, 2.2760 us/op
WorkloadWarmup  14: 13617 op, 31350006.00 ns, 2.3023 us/op
WorkloadWarmup  15: 13617 op, 33589513.00 ns, 2.4667 us/op
WorkloadWarmup  16: 13617 op, 32453542.00 ns, 2.3833 us/op
WorkloadWarmup  17: 13617 op, 31251767.00 ns, 2.2951 us/op
WorkloadWarmup  18: 13617 op, 30302291.00 ns, 2.2253 us/op
WorkloadWarmup  19: 13617 op, 31447135.00 ns, 2.3094 us/op
WorkloadWarmup  20: 13617 op, 42532653.00 ns, 3.1235 us/op
WorkloadWarmup  21: 13617 op, 32200079.00 ns, 2.3647 us/op
WorkloadWarmup  22: 13617 op, 30532516.00 ns, 2.2422 us/op
WorkloadWarmup  23: 13617 op, 29725927.00 ns, 2.1830 us/op
WorkloadWarmup  24: 13617 op, 30662519.00 ns, 2.2518 us/op
WorkloadWarmup  25: 13617 op, 30816599.00 ns, 2.2631 us/op

// BeforeActualRun
WorkloadActual   1: 13617 op, 32145328.00 ns, 2.3607 us/op
WorkloadActual   2: 13617 op, 34684681.00 ns, 2.5472 us/op
WorkloadActual   3: 13617 op, 39474341.00 ns, 2.8989 us/op
WorkloadActual   4: 13617 op, 35756197.00 ns, 2.6258 us/op
WorkloadActual   5: 13617 op, 35157847.00 ns, 2.5819 us/op
WorkloadActual   6: 13617 op, 40989074.00 ns, 3.0101 us/op

// AfterActualRun
WorkloadResult   1: 13617 op, 32145328.00 ns, 2.3607 us/op
WorkloadResult   2: 13617 op, 34684681.00 ns, 2.5472 us/op
WorkloadResult   3: 13617 op, 39474341.00 ns, 2.8989 us/op
WorkloadResult   4: 13617 op, 35756197.00 ns, 2.6258 us/op
WorkloadResult   5: 13617 op, 35157847.00 ns, 2.5819 us/op
WorkloadResult   6: 13617 op, 40989074.00 ns, 3.0101 us/op
// GC:  0 0 0 0 13617
// Threading:  0 0 13617

// AfterAll
// Benchmark Process 24761 has exited with code 0.

Mean = 2.671 us, StdErr = 0.098 us (3.67%), N = 6, StdDev = 0.240 us
Min = 2.361 us, Q1 = 2.556 us, Median = 2.604 us, Q3 = 2.831 us, Max = 3.010 us
IQR = 0.275 us, LowerFence = 2.144 us, UpperFence = 3.243 us
ConfidenceInterval = [1.997 us; 3.344 us] (CI 99.9%), Margin = 0.674 us (25.22% of Mean)
Skewness = 0.22, Kurtosis = 1.28, MValue = 2

// ** Remained 5 (41.7 %) benchmark(s) to run. Estimated finish 2026-10-10 13:52 (0h 0m from now) **
// **************************
// Benchmark: CodecSuite.Run: campaign(EvaluateOverhead=False, Clock=Armonik.Ffi.Bdn.CpuClock, IterationCount=6, IterationTime=40ms, LaunchCount=1, RunStrategy=Throughput, WarmupCount=25) [Case=core-(...)|drop [39]]
// *** Execute ***
// Launch: 1 / 1
// Execute: dotnet BenchDotNet-campaign-1.dll --anonymousPipes 138 139 --benchmarkName "Armonik.Ffi.Bdn.CodecSuite.Run(Case: \"core-ffi|encode-core-hot|P2.2|wide|drop\")" --job campaign --benchmarkId 7 in /home/user/ArmoniK.Api/ffi/poc/csharp/src/BenchDotNet/bin/Release/net8.0/BenchDotNet-campaign-1/bin/Release/net8.0
// BeforeAnythingElse

// Benchmark Process Environment Information:
// BenchmarkDotNet v0.15.8
// Runtime=.NET 8.0.31 (8.0.31, 8.0.3126.42015), X64 RyuJIT x86-64-v4
// GC=Concurrent Workstation
// HardwareIntrinsics=AVX512 IFMA+VBMI,AVX512 F+BW+CD+DQ+VL,AVX2+BMI1+BMI2+F16C+FMA+LZCNT+MOVBE,AVX,SSE3+SSSE3+SSE4.1+SSE4.2+POPCNT,X86Base+SSE+SSE2,AES+PCLMUL,AvxVnni,SERIALIZE VectorSize=256
// Job: campaign(EvaluateOverhead=False, Clock=Armonik.Ffi.Bdn.CpuClock, IterationCount=6, IterationTime=40ms, LaunchCount=1, RunStrategy=Throughput, WarmupCount=25)

OverheadJitting  1: 1 op, 403927.00 ns, 403.9270 us/op
WorkloadJitting  1: 1 op, 15801341.00 ns, 15.8013 ms/op

WorkloadPilot    1: 4 op, 23108855.00 ns, 5.7772 ms/op
WorkloadPilot    2: 7 op, 22154332.00 ns, 3.1649 ms/op
WorkloadPilot    3: 13 op, 30646898.00 ns, 2.3575 ms/op
WorkloadPilot    4: 17 op, 40789342.00 ns, 2.3994 ms/op

WorkloadWarmup   1: 17 op, 29218136.00 ns, 1.7187 ms/op
WorkloadWarmup   2: 17 op, 39874449.00 ns, 2.3456 ms/op
WorkloadWarmup   3: 17 op, 32090340.00 ns, 1.8877 ms/op
WorkloadWarmup   4: 17 op, 33182822.00 ns, 1.9519 ms/op
WorkloadWarmup   5: 17 op, 35876655.00 ns, 2.1104 ms/op
WorkloadWarmup   6: 17 op, 43890723.00 ns, 2.5818 ms/op
WorkloadWarmup   7: 17 op, 26649149.00 ns, 1.5676 ms/op
WorkloadWarmup   8: 17 op, 31490202.00 ns, 1.8524 ms/op
WorkloadWarmup   9: 17 op, 27774930.00 ns, 1.6338 ms/op
WorkloadWarmup  10: 17 op, 31189089.00 ns, 1.8347 ms/op
WorkloadWarmup  11: 17 op, 26701095.00 ns, 1.5707 ms/op
WorkloadWarmup  12: 17 op, 42593008.00 ns, 2.5055 ms/op
WorkloadWarmup  13: 17 op, 36992182.00 ns, 2.1760 ms/op
WorkloadWarmup  14: 17 op, 28198867.00 ns, 1.6588 ms/op
WorkloadWarmup  15: 17 op, 25392315.00 ns, 1.4937 ms/op
WorkloadWarmup  16: 17 op, 26298800.00 ns, 1.5470 ms/op
WorkloadWarmup  17: 17 op, 25278152.00 ns, 1.4870 ms/op
WorkloadWarmup  18: 17 op, 25643878.00 ns, 1.5085 ms/op
WorkloadWarmup  19: 17 op, 30170163.00 ns, 1.7747 ms/op
WorkloadWarmup  20: 17 op, 33828309.00 ns, 1.9899 ms/op
WorkloadWarmup  21: 17 op, 40613166.00 ns, 2.3890 ms/op
WorkloadWarmup  22: 17 op, 27188886.00 ns, 1.5993 ms/op
WorkloadWarmup  23: 17 op, 30567249.00 ns, 1.7981 ms/op
WorkloadWarmup  24: 17 op, 27972301.00 ns, 1.6454 ms/op
WorkloadWarmup  25: 17 op, 41416780.00 ns, 2.4363 ms/op

// BeforeActualRun
WorkloadActual   1: 17 op, 28090010.00 ns, 1.6524 ms/op
WorkloadActual   2: 17 op, 27181911.00 ns, 1.5989 ms/op
WorkloadActual   3: 17 op, 29372962.00 ns, 1.7278 ms/op
WorkloadActual   4: 17 op, 29416431.00 ns, 1.7304 ms/op
WorkloadActual   5: 17 op, 31498821.00 ns, 1.8529 ms/op
WorkloadActual   6: 17 op, 25640115.00 ns, 1.5082 ms/op

// AfterActualRun
WorkloadResult   1: 17 op, 28090010.00 ns, 1.6524 ms/op
WorkloadResult   2: 17 op, 27181911.00 ns, 1.5989 ms/op
WorkloadResult   3: 17 op, 29372962.00 ns, 1.7278 ms/op
WorkloadResult   4: 17 op, 29416431.00 ns, 1.7304 ms/op
WorkloadResult   5: 17 op, 31498821.00 ns, 1.8529 ms/op
WorkloadResult   6: 17 op, 25640115.00 ns, 1.5082 ms/op
// GC:  0 0 0 0 17
// Threading:  0 0 17

// AfterAll
// Benchmark Process 24770 has exited with code 0.

Mean = 1.678 ms, StdErr = 0.049 ms (2.91%), N = 6, StdDev = 0.120 ms
Min = 1.508 ms, Q1 = 1.612 ms, Median = 1.690 ms, Q3 = 1.730 ms, Max = 1.853 ms
IQR = 0.117 ms, LowerFence = 1.436 ms, UpperFence = 1.906 ms
ConfidenceInterval = [1.343 ms; 2.014 ms] (CI 99.9%), Margin = 0.335 ms (19.98% of Mean)
Skewness = 0.01, Kurtosis = 1.48, MValue = 2

// ** Remained 4 (33.3 %) benchmark(s) to run. Estimated finish 2026-10-10 13:52 (0h 0m from now) **
// **************************
// Benchmark: CodecSuite.Run: campaign(EvaluateOverhead=False, Clock=Armonik.Ffi.Bdn.CpuClock, IterationCount=6, IterationTime=40ms, LaunchCount=1, RunStrategy=Throughput, WarmupCount=25) [Case=core-(...)etain [42]]
// *** Execute ***
// Launch: 1 / 1
// Execute: dotnet BenchDotNet-campaign-1.dll --anonymousPipes 138 139 --benchmarkName "Armonik.Ffi.Bdn.CodecSuite.Run(Case: \"core-ffi|encode-core-hot|P2.2|ascii|retain\")" --job campaign --benchmarkId 8 in /home/user/ArmoniK.Api/ffi/poc/csharp/src/BenchDotNet/bin/Release/net8.0/BenchDotNet-campaign-1/bin/Release/net8.0
// BeforeAnythingElse

// Benchmark Process Environment Information:
// BenchmarkDotNet v0.15.8
// Runtime=.NET 8.0.31 (8.0.31, 8.0.3126.42015), X64 RyuJIT x86-64-v4
// GC=Concurrent Workstation
// HardwareIntrinsics=AVX512 IFMA+VBMI,AVX512 F+BW+CD+DQ+VL,AVX2+BMI1+BMI2+F16C+FMA+LZCNT+MOVBE,AVX,SSE3+SSSE3+SSE4.1+SSE4.2+POPCNT,X86Base+SSE+SSE2,AES+PCLMUL,AvxVnni,SERIALIZE VectorSize=256
// Job: campaign(EvaluateOverhead=False, Clock=Armonik.Ffi.Bdn.CpuClock, IterationCount=6, IterationTime=40ms, LaunchCount=1, RunStrategy=Throughput, WarmupCount=25)

OverheadJitting  1: 1 op, 251342.00 ns, 251.3420 us/op
WorkloadJitting  1: 1 op, 17507459.00 ns, 17.5075 ms/op

WorkloadPilot    1: 4 op, 17383005.00 ns, 4.3458 ms/op
WorkloadPilot    2: 9 op, 27826196.00 ns, 3.0918 ms/op
WorkloadPilot    3: 13 op, 23661646.00 ns, 1.8201 ms/op
WorkloadPilot    4: 22 op, 41681121.00 ns, 1.8946 ms/op

WorkloadWarmup   1: 22 op, 31224036.00 ns, 1.4193 ms/op
WorkloadWarmup   2: 22 op, 30924465.00 ns, 1.4057 ms/op
WorkloadWarmup   3: 22 op, 30449512.00 ns, 1.3841 ms/op
WorkloadWarmup   4: 22 op, 38958410.00 ns, 1.7708 ms/op
WorkloadWarmup   5: 22 op, 40011634.00 ns, 1.8187 ms/op
WorkloadWarmup   6: 22 op, 34743139.00 ns, 1.5792 ms/op
WorkloadWarmup   7: 22 op, 29961164.00 ns, 1.3619 ms/op
WorkloadWarmup   8: 22 op, 37206209.00 ns, 1.6912 ms/op
WorkloadWarmup   9: 22 op, 30734577.00 ns, 1.3970 ms/op
WorkloadWarmup  10: 22 op, 30763437.00 ns, 1.3983 ms/op
WorkloadWarmup  11: 22 op, 31734618.00 ns, 1.4425 ms/op
WorkloadWarmup  12: 22 op, 31177886.00 ns, 1.4172 ms/op
WorkloadWarmup  13: 22 op, 31002794.00 ns, 1.4092 ms/op
WorkloadWarmup  14: 22 op, 39284472.00 ns, 1.7857 ms/op
WorkloadWarmup  15: 22 op, 35326164.00 ns, 1.6057 ms/op
WorkloadWarmup  16: 22 op, 30394741.00 ns, 1.3816 ms/op
WorkloadWarmup  17: 22 op, 30316760.00 ns, 1.3780 ms/op
WorkloadWarmup  18: 22 op, 32354636.00 ns, 1.4707 ms/op
WorkloadWarmup  19: 22 op, 33338221.00 ns, 1.5154 ms/op
WorkloadWarmup  20: 22 op, 35081343.00 ns, 1.5946 ms/op
WorkloadWarmup  21: 22 op, 35778410.00 ns, 1.6263 ms/op
WorkloadWarmup  22: 22 op, 33499946.00 ns, 1.5227 ms/op
WorkloadWarmup  23: 22 op, 49710823.00 ns, 2.2596 ms/op
WorkloadWarmup  24: 22 op, 36743306.00 ns, 1.6702 ms/op
WorkloadWarmup  25: 22 op, 44504608.00 ns, 2.0229 ms/op

// BeforeActualRun
WorkloadActual   1: 22 op, 34285447.00 ns, 1.5584 ms/op
WorkloadActual   2: 22 op, 35139142.00 ns, 1.5972 ms/op
WorkloadActual   3: 22 op, 31899692.00 ns, 1.4500 ms/op
WorkloadActual   4: 22 op, 31648051.00 ns, 1.4385 ms/op
WorkloadActual   5: 22 op, 30464257.00 ns, 1.3847 ms/op
WorkloadActual   6: 22 op, 38057238.00 ns, 1.7299 ms/op

// AfterActualRun
WorkloadResult   1: 22 op, 34285447.00 ns, 1.5584 ms/op
WorkloadResult   2: 22 op, 35139142.00 ns, 1.5972 ms/op
WorkloadResult   3: 22 op, 31899692.00 ns, 1.4500 ms/op
WorkloadResult   4: 22 op, 31648051.00 ns, 1.4385 ms/op
WorkloadResult   5: 22 op, 30464257.00 ns, 1.3847 ms/op
WorkloadResult   6: 22 op, 38057238.00 ns, 1.7299 ms/op
// GC:  0 0 0 0 22
// Threading:  0 0 22

// AfterAll
// Benchmark Process 24779 has exited with code 0.

Mean = 1.526 ms, StdErr = 0.052 ms (3.41%), N = 6, StdDev = 0.127 ms
Min = 1.385 ms, Q1 = 1.441 ms, Median = 1.504 ms, Q3 = 1.588 ms, Max = 1.730 ms
IQR = 0.146 ms, LowerFence = 1.222 ms, UpperFence = 1.807 ms
ConfidenceInterval = [1.169 ms; 1.884 ms] (CI 99.9%), Margin = 0.357 ms (23.39% of Mean)
Skewness = 0.39, Kurtosis = 1.42, MValue = 2

// ** Remained 3 (25.0 %) benchmark(s) to run. Estimated finish 2026-10-10 13:52 (0h 0m from now) **
// **************************
// Benchmark: CodecSuite.Run: campaign(EvaluateOverhead=False, Clock=Armonik.Ffi.Bdn.CpuClock, IterationCount=6, IterationTime=40ms, LaunchCount=1, RunStrategy=Throughput, WarmupCount=25) [Case=core-(...)|drop [40]]
// *** Execute ***
// Launch: 1 / 1
// Execute: dotnet BenchDotNet-campaign-1.dll --anonymousPipes 138 139 --benchmarkName "Armonik.Ffi.Bdn.CodecSuite.Run(Case: \"core-ffi|encode-core-hot|P2.2|ascii|drop\")" --job campaign --benchmarkId 9 in /home/user/ArmoniK.Api/ffi/poc/csharp/src/BenchDotNet/bin/Release/net8.0/BenchDotNet-campaign-1/bin/Release/net8.0
// BeforeAnythingElse

// Benchmark Process Environment Information:
// BenchmarkDotNet v0.15.8
// Runtime=.NET 8.0.31 (8.0.31, 8.0.3126.42015), X64 RyuJIT x86-64-v4
// GC=Concurrent Workstation
// HardwareIntrinsics=AVX512 IFMA+VBMI,AVX512 F+BW+CD+DQ+VL,AVX2+BMI1+BMI2+F16C+FMA+LZCNT+MOVBE,AVX,SSE3+SSSE3+SSE4.1+SSE4.2+POPCNT,X86Base+SSE+SSE2,AES+PCLMUL,AvxVnni,SERIALIZE VectorSize=256
// Job: campaign(EvaluateOverhead=False, Clock=Armonik.Ffi.Bdn.CpuClock, IterationCount=6, IterationTime=40ms, LaunchCount=1, RunStrategy=Throughput, WarmupCount=25)

OverheadJitting  1: 1 op, 275957.00 ns, 275.9570 us/op
WorkloadJitting  1: 1 op, 17212658.00 ns, 17.2127 ms/op

WorkloadPilot    1: 4 op, 18382587.00 ns, 4.5956 ms/op
WorkloadPilot    2: 9 op, 24403918.00 ns, 2.7115 ms/op
WorkloadPilot    3: 15 op, 25671565.00 ns, 1.7114 ms/op
WorkloadPilot    4: 23 op, 39935499.00 ns, 1.7363 ms/op

WorkloadWarmup   1: 23 op, 41897990.00 ns, 1.8217 ms/op
WorkloadWarmup   2: 23 op, 62009229.00 ns, 2.6961 ms/op
WorkloadWarmup   3: 23 op, 50982613.00 ns, 2.2166 ms/op
WorkloadWarmup   4: 23 op, 47319826.00 ns, 2.0574 ms/op
WorkloadWarmup   5: 23 op, 39651589.00 ns, 1.7240 ms/op
WorkloadWarmup   6: 23 op, 36687315.00 ns, 1.5951 ms/op
WorkloadWarmup   7: 23 op, 34119632.00 ns, 1.4835 ms/op
WorkloadWarmup   8: 23 op, 34320876.00 ns, 1.4922 ms/op
WorkloadWarmup   9: 23 op, 31352549.00 ns, 1.3632 ms/op
WorkloadWarmup  10: 23 op, 32270102.00 ns, 1.4030 ms/op
WorkloadWarmup  11: 23 op, 34116134.00 ns, 1.4833 ms/op
WorkloadWarmup  12: 23 op, 33245647.00 ns, 1.4455 ms/op
WorkloadWarmup  13: 23 op, 31950188.00 ns, 1.3891 ms/op
WorkloadWarmup  14: 23 op, 30176586.00 ns, 1.3120 ms/op
WorkloadWarmup  15: 23 op, 29847767.00 ns, 1.2977 ms/op
WorkloadWarmup  16: 23 op, 30203457.00 ns, 1.3132 ms/op
WorkloadWarmup  17: 23 op, 30584319.00 ns, 1.3298 ms/op
WorkloadWarmup  18: 23 op, 33679286.00 ns, 1.4643 ms/op
WorkloadWarmup  19: 23 op, 31445908.00 ns, 1.3672 ms/op
WorkloadWarmup  20: 23 op, 30619901.00 ns, 1.3313 ms/op
WorkloadWarmup  21: 23 op, 33611777.00 ns, 1.4614 ms/op
WorkloadWarmup  22: 23 op, 42621685.00 ns, 1.8531 ms/op
WorkloadWarmup  23: 23 op, 29879987.00 ns, 1.2991 ms/op
WorkloadWarmup  24: 23 op, 29690629.00 ns, 1.2909 ms/op
WorkloadWarmup  25: 23 op, 31505857.00 ns, 1.3698 ms/op

// BeforeActualRun
WorkloadActual   1: 23 op, 31298831.00 ns, 1.3608 ms/op
WorkloadActual   2: 23 op, 29766953.00 ns, 1.2942 ms/op
WorkloadActual   3: 23 op, 29729335.00 ns, 1.2926 ms/op
WorkloadActual   4: 23 op, 29803561.00 ns, 1.2958 ms/op
WorkloadActual   5: 23 op, 36742805.00 ns, 1.5975 ms/op
WorkloadActual   6: 23 op, 36429634.00 ns, 1.5839 ms/op

// AfterActualRun
WorkloadResult   1: 23 op, 31298831.00 ns, 1.3608 ms/op
WorkloadResult   2: 23 op, 29766953.00 ns, 1.2942 ms/op
WorkloadResult   3: 23 op, 29729335.00 ns, 1.2926 ms/op
WorkloadResult   4: 23 op, 29803561.00 ns, 1.2958 ms/op
WorkloadResult   5: 23 op, 36742805.00 ns, 1.5975 ms/op
WorkloadResult   6: 23 op, 36429634.00 ns, 1.5839 ms/op
// GC:  0 0 0 0 23
// Threading:  0 0 23

// AfterAll
// Benchmark Process 24788 has exited with code 0.

Mean = 1.404 ms, StdErr = 0.060 ms (4.27%), N = 6, StdDev = 0.147 ms
Min = 1.293 ms, Q1 = 1.295 ms, Median = 1.328 ms, Q3 = 1.528 ms, Max = 1.598 ms
IQR = 0.234 ms, LowerFence = 0.944 ms, UpperFence = 1.878 ms
ConfidenceInterval = [0.992 ms; 1.816 ms] (CI 99.9%), Margin = 0.412 ms (29.33% of Mean)
Skewness = 0.47, Kurtosis = 1.03, MValue = 2

// ** Remained 2 (16.7 %) benchmark(s) to run. Estimated finish 2026-10-10 13:52 (0h 0m from now) **
// **************************
// Benchmark: CodecSuite.Run: campaign(EvaluateOverhead=False, Clock=Armonik.Ffi.Bdn.CpuClock, IterationCount=6, IterationTime=40ms, LaunchCount=1, RunStrategy=Throughput, WarmupCount=25) [Case=core-(...)etain [56]]
// *** Execute ***
// Launch: 1 / 1
// Execute: dotnet BenchDotNet-campaign-1.dll --anonymousPipes 138 139 --benchmarkName "Armonik.Ffi.Bdn.CodecSuite.Run(Case: \"core-ffi|encode-core-hot|U-deep-u-repeated|corpus|retain\")" --job campaign --benchmarkId 10 in /home/user/ArmoniK.Api/ffi/poc/csharp/src/BenchDotNet/bin/Release/net8.0/BenchDotNet-campaign-1/bin/Release/net8.0
// BeforeAnythingElse

// Benchmark Process Environment Information:
// BenchmarkDotNet v0.15.8
// Runtime=.NET 8.0.31 (8.0.31, 8.0.3126.42015), X64 RyuJIT x86-64-v4
// GC=Concurrent Workstation
// HardwareIntrinsics=AVX512 IFMA+VBMI,AVX512 F+BW+CD+DQ+VL,AVX2+BMI1+BMI2+F16C+FMA+LZCNT+MOVBE,AVX,SSE3+SSSE3+SSE4.1+SSE4.2+POPCNT,X86Base+SSE+SSE2,AES+PCLMUL,AvxVnni,SERIALIZE VectorSize=256
// Job: campaign(EvaluateOverhead=False, Clock=Armonik.Ffi.Bdn.CpuClock, IterationCount=6, IterationTime=40ms, LaunchCount=1, RunStrategy=Throughput, WarmupCount=25)

OverheadJitting  1: 1 op, 355953.00 ns, 355.9530 us/op
WorkloadJitting  1: 1 op, 11348279.00 ns, 11.3483 ms/op

WorkloadPilot    1: 4 op, 30588.00 ns, 7.6470 us/op
WorkloadPilot    2: 5231 op, 17207685.00 ns, 3.2896 us/op
WorkloadPilot    3: 12160 op, 44020413.00 ns, 3.6201 us/op
WorkloadPilot    4: 11049 op, 38998183.00 ns, 3.5296 us/op
WorkloadPilot    5: 11333 op, 42430212.00 ns, 3.7440 us/op
WorkloadPilot    6: 10684 op, 46433478.00 ns, 4.3461 us/op

WorkloadWarmup   1: 10684 op, 32604851.00 ns, 3.0517 us/op
WorkloadWarmup   2: 10684 op, 33017908.00 ns, 3.0904 us/op
WorkloadWarmup   3: 10684 op, 41532400.00 ns, 3.8873 us/op
WorkloadWarmup   4: 10684 op, 35769496.00 ns, 3.3479 us/op
WorkloadWarmup   5: 10684 op, 37421257.00 ns, 3.5026 us/op
WorkloadWarmup   6: 10684 op, 29573801.00 ns, 2.7680 us/op
WorkloadWarmup   7: 10684 op, 37723764.00 ns, 3.5309 us/op
WorkloadWarmup   8: 10684 op, 43578069.00 ns, 4.0788 us/op
WorkloadWarmup   9: 10684 op, 33606919.00 ns, 3.1455 us/op
WorkloadWarmup  10: 10684 op, 32766923.00 ns, 3.0669 us/op
WorkloadWarmup  11: 10684 op, 31626265.00 ns, 2.9602 us/op
WorkloadWarmup  12: 10684 op, 30520910.00 ns, 2.8567 us/op
WorkloadWarmup  13: 10684 op, 31893438.00 ns, 2.9852 us/op
WorkloadWarmup  14: 10684 op, 32934281.00 ns, 3.0826 us/op
WorkloadWarmup  15: 10684 op, 36360549.00 ns, 3.4033 us/op
WorkloadWarmup  16: 10684 op, 33569992.00 ns, 3.1421 us/op
WorkloadWarmup  17: 10684 op, 34433224.00 ns, 3.2229 us/op
WorkloadWarmup  18: 10684 op, 39027931.00 ns, 3.6529 us/op
WorkloadWarmup  19: 10684 op, 32562910.00 ns, 3.0478 us/op
WorkloadWarmup  20: 10684 op, 30989453.00 ns, 2.9005 us/op
WorkloadWarmup  21: 10684 op, 37947208.00 ns, 3.5518 us/op
WorkloadWarmup  22: 10684 op, 35556810.00 ns, 3.3280 us/op
WorkloadWarmup  23: 10684 op, 30968801.00 ns, 2.8986 us/op
WorkloadWarmup  24: 10684 op, 35810087.00 ns, 3.3517 us/op
WorkloadWarmup  25: 10684 op, 30592033.00 ns, 2.8634 us/op

// BeforeActualRun
WorkloadActual   1: 10684 op, 29740595.00 ns, 2.7837 us/op
WorkloadActual   2: 10684 op, 37532127.00 ns, 3.5129 us/op
WorkloadActual   3: 10684 op, 30349571.00 ns, 2.8407 us/op
WorkloadActual   4: 10684 op, 31663064.00 ns, 2.9636 us/op
WorkloadActual   5: 10684 op, 31213632.00 ns, 2.9215 us/op
WorkloadActual   6: 10684 op, 30992651.00 ns, 2.9008 us/op

// AfterActualRun
WorkloadResult   1: 10684 op, 29740595.00 ns, 2.7837 us/op
WorkloadResult   2: 10684 op, 30349571.00 ns, 2.8407 us/op
WorkloadResult   3: 10684 op, 31663064.00 ns, 2.9636 us/op
WorkloadResult   4: 10684 op, 31213632.00 ns, 2.9215 us/op
WorkloadResult   5: 10684 op, 30992651.00 ns, 2.9008 us/op
// GC:  0 0 0 0 10684
// Threading:  0 0 10684

// AfterAll
// Benchmark Process 24797 has exited with code 0.

Mean = 2.882 us, StdErr = 0.032 us (1.10%), N = 5, StdDev = 0.071 us
Min = 2.784 us, Q1 = 2.841 us, Median = 2.901 us, Q3 = 2.922 us, Max = 2.964 us
IQR = 0.081 us, LowerFence = 2.719 us, UpperFence = 3.043 us
ConfidenceInterval = [2.610 us; 3.154 us] (CI 99.9%), Margin = 0.272 us (9.44% of Mean)
Skewness = -0.23, Kurtosis = 1.15, MValue = 2

// ** Remained 1 (8.3 %) benchmark(s) to run. Estimated finish 2026-10-10 13:52 (0h 0m from now) **
// **************************
// Benchmark: CodecSuite.Run: campaign(EvaluateOverhead=False, Clock=Armonik.Ffi.Bdn.CpuClock, IterationCount=6, IterationTime=40ms, LaunchCount=1, RunStrategy=Throughput, WarmupCount=25) [Case=core-(...)etain [43]]
// *** Execute ***
// Launch: 1 / 1
// Execute: dotnet BenchDotNet-campaign-1.dll --anonymousPipes 138 139 --benchmarkName "Armonik.Ffi.Bdn.CodecSuite.Run(Case: \"core-ffi|encode-core-hot|P2.2|latin1|retain\")" --job campaign --benchmarkId 11 in /home/user/ArmoniK.Api/ffi/poc/csharp/src/BenchDotNet/bin/Release/net8.0/BenchDotNet-campaign-1/bin/Release/net8.0
// BeforeAnythingElse

// Benchmark Process Environment Information:
// BenchmarkDotNet v0.15.8
// Runtime=.NET 8.0.31 (8.0.31, 8.0.3126.42015), X64 RyuJIT x86-64-v4
// GC=Concurrent Workstation
// HardwareIntrinsics=AVX512 IFMA+VBMI,AVX512 F+BW+CD+DQ+VL,AVX2+BMI1+BMI2+F16C+FMA+LZCNT+MOVBE,AVX,SSE3+SSSE3+SSE4.1+SSE4.2+POPCNT,X86Base+SSE+SSE2,AES+PCLMUL,AvxVnni,SERIALIZE VectorSize=256
// Job: campaign(EvaluateOverhead=False, Clock=Armonik.Ffi.Bdn.CpuClock, IterationCount=6, IterationTime=40ms, LaunchCount=1, RunStrategy=Throughput, WarmupCount=25)

OverheadJitting  1: 1 op, 358873.00 ns, 358.8730 us/op
WorkloadJitting  1: 1 op, 17124990.00 ns, 17.1250 ms/op

WorkloadPilot    1: 4 op, 17885282.00 ns, 4.4713 ms/op
WorkloadPilot    2: 9 op, 24157458.00 ns, 2.6842 ms/op
WorkloadPilot    3: 15 op, 30370629.00 ns, 2.0247 ms/op
WorkloadPilot    4: 20 op, 52956720.00 ns, 2.6478 ms/op
WorkloadPilot    5: 15 op, 26015507.00 ns, 1.7344 ms/op
WorkloadPilot    6: 23 op, 47103271.00 ns, 2.0480 ms/op
WorkloadPilot    7: 20 op, 29514420.00 ns, 1.4757 ms/op
WorkloadPilot    8: 27 op, 40912726.00 ns, 1.5153 ms/op

WorkloadWarmup   1: 27 op, 39743886.00 ns, 1.4720 ms/op
WorkloadWarmup   2: 27 op, 48215244.00 ns, 1.7857 ms/op
WorkloadWarmup   3: 27 op, 44301505.00 ns, 1.6408 ms/op
WorkloadWarmup   4: 27 op, 47076018.00 ns, 1.7436 ms/op
WorkloadWarmup   5: 27 op, 44330632.00 ns, 1.6419 ms/op
WorkloadWarmup   6: 27 op, 51826426.00 ns, 1.9195 ms/op
WorkloadWarmup   7: 27 op, 44039469.00 ns, 1.6311 ms/op
WorkloadWarmup   8: 27 op, 43488937.00 ns, 1.6107 ms/op
WorkloadWarmup   9: 27 op, 45027193.00 ns, 1.6677 ms/op
WorkloadWarmup  10: 27 op, 53070868.00 ns, 1.9656 ms/op
WorkloadWarmup  11: 27 op, 63686941.00 ns, 2.3588 ms/op
WorkloadWarmup  12: 27 op, 55152537.00 ns, 2.0427 ms/op
WorkloadWarmup  13: 27 op, 42406715.00 ns, 1.5706 ms/op
WorkloadWarmup  14: 27 op, 41137585.00 ns, 1.5236 ms/op
WorkloadWarmup  15: 27 op, 42140718.00 ns, 1.5608 ms/op
WorkloadWarmup  16: 27 op, 46284397.00 ns, 1.7142 ms/op
WorkloadWarmup  17: 27 op, 48340356.00 ns, 1.7904 ms/op
WorkloadWarmup  18: 27 op, 50185513.00 ns, 1.8587 ms/op
WorkloadWarmup  19: 27 op, 39490913.00 ns, 1.4626 ms/op
WorkloadWarmup  20: 27 op, 42983273.00 ns, 1.5920 ms/op
WorkloadWarmup  21: 27 op, 42724435.00 ns, 1.5824 ms/op
WorkloadWarmup  22: 27 op, 39145903.00 ns, 1.4498 ms/op
WorkloadWarmup  23: 27 op, 38305692.00 ns, 1.4187 ms/op
WorkloadWarmup  24: 27 op, 38802225.00 ns, 1.4371 ms/op
WorkloadWarmup  25: 27 op, 37734933.00 ns, 1.3976 ms/op

// BeforeActualRun
WorkloadActual   1: 27 op, 52314634.00 ns, 1.9376 ms/op
WorkloadActual   2: 27 op, 46716154.00 ns, 1.7302 ms/op
WorkloadActual   3: 27 op, 41754687.00 ns, 1.5465 ms/op
WorkloadActual   4: 27 op, 55957712.00 ns, 2.0725 ms/op
WorkloadActual   5: 27 op, 51990992.00 ns, 1.9256 ms/op
WorkloadActual   6: 27 op, 40919966.00 ns, 1.5156 ms/op

// AfterActualRun
WorkloadResult   1: 27 op, 52314634.00 ns, 1.9376 ms/op
WorkloadResult   2: 27 op, 46716154.00 ns, 1.7302 ms/op
WorkloadResult   3: 27 op, 41754687.00 ns, 1.5465 ms/op
WorkloadResult   4: 27 op, 55957712.00 ns, 2.0725 ms/op
WorkloadResult   5: 27 op, 51990992.00 ns, 1.9256 ms/op
WorkloadResult   6: 27 op, 40919966.00 ns, 1.5156 ms/op
// GC:  0 0 0 0 27
// Threading:  0 0 27

// AfterAll
// Benchmark Process 24806 has exited with code 0.

Mean = 1.788 ms, StdErr = 0.093 ms (5.19%), N = 6, StdDev = 0.227 ms
Min = 1.516 ms, Q1 = 1.592 ms, Median = 1.828 ms, Q3 = 1.935 ms, Max = 2.073 ms
IQR = 0.342 ms, LowerFence = 1.079 ms, UpperFence = 2.448 ms
ConfidenceInterval = [1.151 ms; 2.425 ms] (CI 99.9%), Margin = 0.637 ms (35.64% of Mean)
Skewness = -0.08, Kurtosis = 1.02, MValue = 2

// ** Remained 0 (0.0 %) benchmark(s) to run. Estimated finish 2026-10-10 13:52 (0h 0m from now) **
Run time: 00:00:24 (24.04 sec), executed benchmarks: 12

// ***** BenchmarkRunner: Finish  *****

// * Export *
  home/user/ArmoniK.Api/ffi/logs/csharp/opt/s15/ladder/new-r3-pgo0-full-r3.jsonl

// * Detailed results *
CodecSuite.Run: campaign(EvaluateOverhead=False, Clock=Armonik.Ffi.Bdn.CpuClock, IterationCount=6, IterationTime=40ms, LaunchCount=1, RunStrategy=Throughput, WarmupCount=25) [Case=core-(...)etain [42]]
Runtime = .NET 8.0.31 (8.0.31, 8.0.3126.42015), X64 RyuJIT x86-64-v4; GC = Concurrent Workstation
Mean = 1.465 ms, StdErr = 0.037 ms (2.52%), N = 5, StdDev = 0.082 ms
Min = 1.391 ms, Q1 = 1.427 ms, Median = 1.433 ms, Q3 = 1.472 ms, Max = 1.603 ms
IQR = 0.045 ms, LowerFence = 1.359 ms, UpperFence = 1.539 ms
ConfidenceInterval = [1.148 ms; 1.782 ms] (CI 99.9%), Margin = 0.317 ms (21.67% of Mean)
Skewness = 0.76, Kurtosis = 1.73, MValue = 2
-------------------- Histogram --------------------
[1.368 ms ; 1.494 ms) | @@@@
[1.494 ms ; 1.540 ms) | 
[1.540 ms ; 1.666 ms) | @
---------------------------------------------------

CodecSuite.Run: campaign(EvaluateOverhead=False, Clock=Armonik.Ffi.Bdn.CpuClock, IterationCount=6, IterationTime=40ms, LaunchCount=1, RunStrategy=Throughput, WarmupCount=25) [Case=core-(...)|drop [40]]
Runtime = .NET 8.0.31 (8.0.31, 8.0.3126.42015), X64 RyuJIT x86-64-v4; GC = Concurrent Workstation
Mean = 1.332 ms, StdErr = 0.009 ms (0.66%), N = 6, StdDev = 0.022 ms
Min = 1.311 ms, Q1 = 1.314 ms, Median = 1.328 ms, Q3 = 1.351 ms, Max = 1.358 ms
IQR = 0.037 ms, LowerFence = 1.259 ms, UpperFence = 1.407 ms
ConfidenceInterval = [1.272 ms; 1.393 ms] (CI 99.9%), Margin = 0.060 ms (4.54% of Mean)
Skewness = 0.11, Kurtosis = 0.82, MValue = 2
-------------------- Histogram --------------------
[1.295 ms ; 1.328 ms) | @@@
[1.328 ms ; 1.366 ms) | @@@
---------------------------------------------------

CodecSuite.Run: campaign(EvaluateOverhead=False, Clock=Armonik.Ffi.Bdn.CpuClock, IterationCount=6, IterationTime=40ms, LaunchCount=1, RunStrategy=Throughput, WarmupCount=25) [Case=core-(...)etain [42]]
Runtime = .NET 8.0.31 (8.0.31, 8.0.3126.42015), X64 RyuJIT x86-64-v4; GC = Concurrent Workstation
Mean = 2.017 ms, StdErr = 0.083 ms (4.12%), N = 6, StdDev = 0.204 ms
Min = 1.854 ms, Q1 = 1.862 ms, Median = 1.919 ms, Q3 = 2.198 ms, Max = 2.274 ms
IQR = 0.336 ms, LowerFence = 1.359 ms, UpperFence = 2.701 ms
ConfidenceInterval = [1.445 ms; 2.588 ms] (CI 99.9%), Margin = 0.571 ms (28.33% of Mean)
Skewness = 0.44, Kurtosis = 1.02, MValue = 2
-------------------- Histogram --------------------
[1.766 ms ; 2.126 ms) | @@@@
[2.126 ms ; 2.421 ms) | @@
---------------------------------------------------

CodecSuite.Run: campaign(EvaluateOverhead=False, Clock=Armonik.Ffi.Bdn.CpuClock, IterationCount=6, IterationTime=40ms, LaunchCount=1, RunStrategy=Throughput, WarmupCount=25) [Case=core-(...)etain [42]]
Runtime = .NET 8.0.31 (8.0.31, 8.0.3126.42015), X64 RyuJIT x86-64-v4; GC = Concurrent Workstation
Mean = 1.526 ms, StdErr = 0.052 ms (3.41%), N = 6, StdDev = 0.127 ms
Min = 1.385 ms, Q1 = 1.441 ms, Median = 1.504 ms, Q3 = 1.588 ms, Max = 1.730 ms
IQR = 0.146 ms, LowerFence = 1.222 ms, UpperFence = 1.807 ms
ConfidenceInterval = [1.169 ms; 1.884 ms] (CI 99.9%), Margin = 0.357 ms (23.39% of Mean)
Skewness = 0.39, Kurtosis = 1.42, MValue = 2
-------------------- Histogram --------------------
[1.293 ms ; 1.426 ms) | @
[1.426 ms ; 1.610 ms) | @@@@
[1.610 ms ; 1.822 ms) | @
---------------------------------------------------

CodecSuite.Run: campaign(EvaluateOverhead=False, Clock=Armonik.Ffi.Bdn.CpuClock, IterationCount=6, IterationTime=40ms, LaunchCount=1, RunStrategy=Throughput, WarmupCount=25) [Case=core-(...)|drop [41]]
Runtime = .NET 8.0.31 (8.0.31, 8.0.3126.42015), X64 RyuJIT x86-64-v4; GC = Concurrent Workstation
Mean = 1.484 ms, StdErr = 0.043 ms (2.90%), N = 6, StdDev = 0.106 ms
Min = 1.368 ms, Q1 = 1.395 ms, Median = 1.474 ms, Q3 = 1.578 ms, Max = 1.605 ms
IQR = 0.183 ms, LowerFence = 1.121 ms, UpperFence = 1.852 ms
ConfidenceInterval = [1.188 ms; 1.780 ms] (CI 99.9%), Margin = 0.296 ms (19.95% of Mean)
Skewness = 0.07, Kurtosis = 0.88, MValue = 2
-------------------- Histogram --------------------
[1.318 ms ; 1.471 ms) | @@@
[1.471 ms ; 1.643 ms) | @@@
---------------------------------------------------

CodecSuite.Run: campaign(EvaluateOverhead=False, Clock=Armonik.Ffi.Bdn.CpuClock, IterationCount=6, IterationTime=40ms, LaunchCount=1, RunStrategy=Throughput, WarmupCount=25) [Case=core-(...)|drop [54]]
Runtime = .NET 8.0.31 (8.0.31, 8.0.3126.42015), X64 RyuJIT x86-64-v4; GC = Concurrent Workstation
Mean = 2.671 us, StdErr = 0.098 us (3.67%), N = 6, StdDev = 0.240 us
Min = 2.361 us, Q1 = 2.556 us, Median = 2.604 us, Q3 = 2.831 us, Max = 3.010 us
IQR = 0.275 us, LowerFence = 2.144 us, UpperFence = 3.243 us
ConfidenceInterval = [1.997 us; 3.344 us] (CI 99.9%), Margin = 0.674 us (25.22% of Mean)
Skewness = 0.22, Kurtosis = 1.28, MValue = 2
-------------------- Histogram --------------------
[2.320 us ; 2.781 us) | @@@@
[2.781 us ; 3.184 us) | @@
---------------------------------------------------

CodecSuite.Run: campaign(EvaluateOverhead=False, Clock=Armonik.Ffi.Bdn.CpuClock, IterationCount=6, IterationTime=40ms, LaunchCount=1, RunStrategy=Throughput, WarmupCount=25) [Case=core-(...)etain [43]]
Runtime = .NET 8.0.31 (8.0.31, 8.0.3126.42015), X64 RyuJIT x86-64-v4; GC = Concurrent Workstation
Mean = 1.788 ms, StdErr = 0.093 ms (5.19%), N = 6, StdDev = 0.227 ms
Min = 1.516 ms, Q1 = 1.592 ms, Median = 1.828 ms, Q3 = 1.935 ms, Max = 2.073 ms
IQR = 0.342 ms, LowerFence = 1.079 ms, UpperFence = 2.448 ms
ConfidenceInterval = [1.151 ms; 2.425 ms] (CI 99.9%), Margin = 0.637 ms (35.64% of Mean)
Skewness = -0.08, Kurtosis = 1.02, MValue = 2
-------------------- Histogram --------------------
[1.459 ms ; 1.835 ms) | @@@
[1.835 ms ; 2.163 ms) | @@@
---------------------------------------------------

CodecSuite.Run: campaign(EvaluateOverhead=False, Clock=Armonik.Ffi.Bdn.CpuClock, IterationCount=6, IterationTime=40ms, LaunchCount=1, RunStrategy=Throughput, WarmupCount=25) [Case=core-(...)etain [56]]
Runtime = .NET 8.0.31 (8.0.31, 8.0.3126.42015), X64 RyuJIT x86-64-v4; GC = Concurrent Workstation
Mean = 2.882 us, StdErr = 0.032 us (1.10%), N = 5, StdDev = 0.071 us
Min = 2.784 us, Q1 = 2.841 us, Median = 2.901 us, Q3 = 2.922 us, Max = 2.964 us
IQR = 0.081 us, LowerFence = 2.719 us, UpperFence = 3.043 us
ConfidenceInterval = [2.610 us; 3.154 us] (CI 99.9%), Margin = 0.272 us (9.44% of Mean)
Skewness = -0.23, Kurtosis = 1.15, MValue = 2
-------------------- Histogram --------------------
[2.758 us ; 2.878 us) | @@
[2.878 us ; 2.986 us) | @@@
---------------------------------------------------

CodecSuite.Run: campaign(EvaluateOverhead=False, Clock=Armonik.Ffi.Bdn.CpuClock, IterationCount=6, IterationTime=40ms, LaunchCount=1, RunStrategy=Throughput, WarmupCount=25) [Case=core-(...)|drop [40]]
Runtime = .NET 8.0.31 (8.0.31, 8.0.3126.42015), X64 RyuJIT x86-64-v4; GC = Concurrent Workstation
Mean = 1.859 ms, StdErr = 0.019 ms (1.01%), N = 5, StdDev = 0.042 ms
Min = 1.821 ms, Q1 = 1.824 ms, Median = 1.842 ms, Q3 = 1.898 ms, Max = 1.910 ms
IQR = 0.074 ms, LowerFence = 1.713 ms, UpperFence = 2.009 ms
ConfidenceInterval = [1.697 ms; 2.021 ms] (CI 99.9%), Margin = 0.162 ms (8.71% of Mean)
Skewness = 0.24, Kurtosis = 0.82, MValue = 2
-------------------- Histogram --------------------
[1.799 ms ; 1.872 ms) | @@@
[1.872 ms ; 1.943 ms) | @@
---------------------------------------------------

CodecSuite.Run: campaign(EvaluateOverhead=False, Clock=Armonik.Ffi.Bdn.CpuClock, IterationCount=6, IterationTime=40ms, LaunchCount=1, RunStrategy=Throughput, WarmupCount=25) [Case=core-(...)|drop [40]]
Runtime = .NET 8.0.31 (8.0.31, 8.0.3126.42015), X64 RyuJIT x86-64-v4; GC = Concurrent Workstation
Mean = 1.404 ms, StdErr = 0.060 ms (4.27%), N = 6, StdDev = 0.147 ms
Min = 1.293 ms, Q1 = 1.295 ms, Median = 1.328 ms, Q3 = 1.528 ms, Max = 1.598 ms
IQR = 0.234 ms, LowerFence = 0.944 ms, UpperFence = 1.878 ms
ConfidenceInterval = [0.992 ms; 1.816 ms] (CI 99.9%), Margin = 0.412 ms (29.33% of Mean)
Skewness = 0.47, Kurtosis = 1.03, MValue = 2
-------------------- Histogram --------------------
[1.221 ms ; 1.485 ms) | @@@@
[1.485 ms ; 1.704 ms) | @@
---------------------------------------------------

CodecSuite.Run: campaign(EvaluateOverhead=False, Clock=Armonik.Ffi.Bdn.CpuClock, IterationCount=6, IterationTime=40ms, LaunchCount=1, RunStrategy=Throughput, WarmupCount=25) [Case=core-(...)etain [41]]
Runtime = .NET 8.0.31 (8.0.31, 8.0.3126.42015), X64 RyuJIT x86-64-v4; GC = Concurrent Workstation
Mean = 1.537 ms, StdErr = 0.014 ms (0.92%), N = 6, StdDev = 0.035 ms
Min = 1.491 ms, Q1 = 1.508 ms, Median = 1.553 ms, Q3 = 1.562 ms, Max = 1.566 ms
IQR = 0.053 ms, LowerFence = 1.428 ms, UpperFence = 1.642 ms
ConfidenceInterval = [1.439 ms; 1.634 ms] (CI 99.9%), Margin = 0.097 ms (6.34% of Mean)
Skewness = -0.47, Kurtosis = 1.04, MValue = 2
-------------------- Histogram --------------------
[1.466 ms ; 1.534 ms) | @@
[1.534 ms ; 1.592 ms) | @@@@
---------------------------------------------------

CodecSuite.Run: campaign(EvaluateOverhead=False, Clock=Armonik.Ffi.Bdn.CpuClock, IterationCount=6, IterationTime=40ms, LaunchCount=1, RunStrategy=Throughput, WarmupCount=25) [Case=core-(...)|drop [39]]
Runtime = .NET 8.0.31 (8.0.31, 8.0.3126.42015), X64 RyuJIT x86-64-v4; GC = Concurrent Workstation
Mean = 1.678 ms, StdErr = 0.049 ms (2.91%), N = 6, StdDev = 0.120 ms
Min = 1.508 ms, Q1 = 1.612 ms, Median = 1.690 ms, Q3 = 1.730 ms, Max = 1.853 ms
IQR = 0.117 ms, LowerFence = 1.436 ms, UpperFence = 1.906 ms
ConfidenceInterval = [1.343 ms; 2.014 ms] (CI 99.9%), Margin = 0.335 ms (19.98% of Mean)
Skewness = 0.01, Kurtosis = 1.48, MValue = 2
-------------------- Histogram --------------------
[1.422 ms ; 1.578 ms) | @
[1.578 ms ; 1.751 ms) | @@@@
[1.751 ms ; 1.939 ms) | @
---------------------------------------------------

// * Summary *

BenchmarkDotNet v0.15.8, Linux Ubuntu 24.04.4 LTS (Noble Numbat)
Intel Xeon Processor 2.10GHz, 1 CPU, 4 logical and 4 physical cores
.NET SDK 8.0.131
  [Host]   : .NET 8.0.31 (8.0.31, 8.0.3126.42015), X64 RyuJIT x86-64-v4
  campaign : .NET 8.0.31 (8.0.31, 8.0.3126.42015), X64 RyuJIT x86-64-v4

Job=campaign  EvaluateOverhead=False  Clock=Armonik.Ffi.Bdn.CpuClock  
IterationCount=6  IterationTime=40ms  LaunchCount=1  
RunStrategy=Throughput  WarmupCount=25  

| Method | Case                 | Mean         | Error       | StdDev      | Allocated |
|------- |--------------------- |-------------:|------------:|------------:|----------:|
| Run    | core-(...)etain [42] | 1,464.981 us | 317.4083 us |  82.4299 us |         - |
| Run    | core-(...)|drop [40] | 1,332.216 us |  60.4773 us |  21.5668 us |         - |
| Run    | core-(...)etain [42] | 2,016.598 us | 571.3152 us | 203.7365 us |         - |
| Run    | core-(...)etain [42] | 1,526.468 us | 357.0691 us | 127.3343 us |         - |
| Run    | core-(...)|drop [41] | 1,483.734 us | 295.9384 us | 105.5345 us |         - |
| Run    | core-(...)|drop [54] |     2.671 us |   0.6737 us |   0.2402 us |         - |
| Run    | core-(...)etain [43] | 1,787.989 us | 637.1755 us | 227.2229 us |         - |
| Run    | core-(...)etain [56] |     2.882 us |   0.2720 us |   0.0706 us |         - |
| Run    | core-(...)|drop [40] | 1,859.063 us | 161.9820 us |  42.0662 us |         - |
| Run    | core-(...)|drop [40] | 1,404.139 us | 411.8390 us | 146.8657 us |         - |
| Run    | core-(...)etain [41] | 1,536.876 us |  97.4957 us |  34.7679 us |         - |
| Run    | core-(...)|drop [39] | 1,678.434 us | 335.4053 us | 119.6088 us |         - |

// * Legends *
  Case      : Value of the 'Case' parameter
  Mean      : Arithmetic mean of all measurements
  Error     : Half of 99.9% confidence interval
  StdDev    : Standard deviation of all measurements
  Allocated : Allocated memory per single operation (managed only, inclusive, 1KB = 1024B)
  1 us      : 1 Microsecond (0.000001 sec)

// * Diagnostic Output - AkProcessCpu *

// * Diagnostic Output - MemoryDiagnoser *


// ***** BenchmarkRunner: End *****
Global total time: 00:00:45 (45.27 sec), executed benchmarks: 12
// * Artifacts cleanup *
Artifacts cleanup is finished
