# engine:         BenchmarkDotNet 0.15.8.0 (CAMPAIGN.md 22a), toolchain BDN's default, ONE CHILD PROCESS PER CASE (the campaign's native isolation, req 22a as amended e6c909630); process CPU per iteration from the child's clock reads, each pair checked against BDN's wall measurement; the JIT tier is NOT read back (the children's JIT events are not visible here), so the jit check below is vacuous in this mode, pinned by the runner
# grid:           core (CAMPAIGN section 4.0, D18; AK_CAMPAIGN_GRID=core): arms incumbent-prod (full build only), core-ffi (FSM decode, D24) and host-gen (retain in the full build, no-unknown in its build); encode-transport-hot (end state ii, one hot graph) and decode-read; the 16 shapes, P7.1 decode only; Latin-1 and wide on P2.2 only; U-* rows U-nested-before, U-deep-u-repeated, U-oneof-u-repeated, U-wire-ListTaskSummaryResponse-tasks-as-wt5, U-wire-UploadResultDataMessage-upload-as-wt5, U-wire-ListMetricsResponse-batches-as-wt0, U-wire-DualResponse-left-as-wt5 (encode-transport-hot and decode-read). Extras left out (AK_CAMPAIGN_GRID=full runs them): incumbent-best, core-ffi-push (push decode), core-ffi-pull, bare decode, encode at end state (i) and with a pool input, decode-reencode, the drop mode, the incumbent in the no-unknown build, content sets on P1.2 and P2.4, the other U-* rows timed (all stay in the correctness checks)
# allocator:      default (readback at process start: a 16 MiB malloc came from the mmapped (mallinfo2; the block kept, never freed); no heap pre-grow (owner, 2026-10-03): BDN's warm-up runs the real call path, and minflt per row shows whether it sufficed; under the default toolchain each child probes once, on its case's first row as alloc_probe; GLIBC_TUNABLES=unset; CAMPAIGN req 25 as amended 2026-10-03, D9: the main figures run glibc's default allocator as production does; the pinned pass (glibc.malloc.trim_threshold=268435456:glibc.malloc.mmap_threshold=33554432) is a labelled diagnostic; every row carries `alloc` and `minflt`, the process's minor page faults over the iteration (getrusage, read by the job's clock beside the CPU clock), so faults per call = minflt / iters)
# runtime:        .NET 8.0.31; TieredCompilation=default TieredPGO=default (net8.0 defaults unless set); GC server=False, concurrent (default)
# incumbent:      Google.Protobuf 3.32.0
# build:          full (WP5 step 10; the loaded core checked to be the same variant by its u-family exports)
# managed codec:  plan utf8=reject unknown=drop
# job:            launch 2; 6 actual iterations (rounds) per case, 25 warm-up iterations (the same for every case) after BDN's jitting stage (1 overhead + 1 workload jitting invocation per case, logged by BDN in the .bdn.log, not exported) and pilot, iteration time 40 ms (the pilot picks the invocation count per case), strategy Throughput, EvaluateOverhead=false (no overhead subtraction anywhere)
# clocks:         per iteration (every row with round >= 1): wall (Stopwatch) AND process CPU (CLOCK_PROCESS_CPUTIME_ID of this process: every thread, GC and JIT included; CAMPAIGN req 21 as amended, R-H25), both read by the job's clock (CpuClock, Job.WithClock) at the start and end of the same iteration window, exported RAW (no outlier removal, no overhead subtraction); BDN's forced GCs between iterations are outside the window; the round-0 row of each case is a summary of the whole actual stage (span_cpu_ns, span_wall_ns), not a sample
# threads:        thread pool min 2 worker / 1 IO, max 32767 worker / 1000 IO, 0 pool thread(s) now; 2 logical CPUs visible; the codec suite creates no core runtime (no RPC call is made); the timed loop runs on BDN's one thread
# encode:         CAMPAIGN req 11 (R-H29): dir encode = pool input + reused buffer; encode-hot = one graph + reused buffer; encode-transport = pool + the Grpc.Net form; encode-transport-hot = one graph + the Grpc.Net form. Reused buffer: incumbent-prod CalculateSize + WriteTo(IBufferWriter) and incumbent-best WriteTo(IBufferWriter) into one BufWriter, host-gen into its one Enc, core-ffi into the core's encode buffer (ak_encode_*/ak_uencode_*; that buffer is also what cell C hands the core's transport, and host-gen's Enc what cell E hands it, so their transport forms on the core's transport ARE the buffer rows). Grpc.Net form (cells A, F, D): the serializer the RPC grid's marshaller runs (RootOps.SerInc/SerHost/SerFfi), into a frame like Grpc.Net.Client 2.71's GrpcCallSerializationContext: one ArrayPool array, the 5-byte gRPC header, the body, the array returned after (GrpcFrame.cs); incumbent-best has no gRPC path and no transport row. Pool: distinct graphs built in the case's setup whose RETAINED heap is >= 28835840 bytes (2 x AK_LLC_BYTES, default 13.75 MB; AK_POOL_BYTES overrides; per row pool_graphs and pool_bytes), round robin one graph per call; a hot input is a pool of one (the same Next() per call); graph construction is never in the timed window
# U-* rows:       CAMPAIGN req 7 (R-H27): the 92 accepted, non-disputed U-* rows at the shapes core's 7 ABI roots, through this timed shapes core: encode-hot (a graph the arm decoded from the row, untimed; retain arms re-emit the unknown fields, drop arms the dropped form), decode, decode-read, and decode-reencode (a labelled extra; no incumbent-best row)
# content sets:   CAMPAIGN req 7 (R-H26): ascii, latin1 and wide on P1.2, P2.2, P2.4; ascii only elsewhere
# order:          seeded shuffles (below); ratios, where the aggregation forms them, come from per-launch medians (CAMPAIGN req 30): every unit is its own process
# process unit:   all cases; this launch's unit order: core-ffi:drop, core-ffi:retain (a seeded shuffle, seed 15838; within this process the cases run in a seeded shuffle too, seed 209458, the 2 prime cases first; requirement 22 as amended, R-H23)
# warm-up:        BenchmarkDotNet's own, per case: its jitting stage, pilot and the warm-up iterations of the job line (req 24; WP9 addendum: no hand-written pre-warm and no settle wait; the 2 prime cases below are BDN cases); the JIT tier is read back per case and a case that measured hot code at tier 0 fails the unit outside --smoke (the jit check below)
# correctness:    4525 pre-timing checks passed (byte identity of every encode arm per payload and content set; every arm accepts every unknown row; on every unknown row core-ffi retain and host-gen retain re-encode to the incumbent's bytes, i.e. the unknown fields are kept: requirement 10)
# cases:          10 exported, after 2 prime case(s) run first and not exported (copies of the first cases, content "prime"): BDN cases like any other, kept because without them the first case of a process measures BDN's own first-touched runtime helpers (SpanHelpers.Fill) at tier 0 (JOURNAL 51, 62)
# strings:        D21 string encode path AK_STR_ENC=E1R (K 64) (E0 .NET UTF-8 into native staging + ak_tc_bytes; E1 the string pinned + ak_tc_utf16; E2 the C# transcoder callback into the core's buffer; ETH:<n> E1 from n UTF-16 units, E0 below); Cases.Verify checks every path's bytes
# memory:         AK_BDN_MEMORY=1: BenchmarkDotNet's MemoryDiagnoser (an exploration switch, not a campaign setting): one extra workload iteration per case AFTER the actual stage, at the actual stage's invocation count, outside the job's clock (no exported sample is affected); on each case's first sample row mem_alloc_bytes_per_op (GC.GetTotalAllocatedBytes(precise), every thread, divided by its operations), mem_gen = [gen0, gen1, gen2] collections during it, mem_ops its operations, mem_alloc_bytes its total
# cpus:           this process: 2 CPU(s) in its affinity mask (sched_getaffinity), Environment.ProcessorCount 2; single-CPU guard (JOURNAL 73): a timed process (host or BDN child) with ONE CPU is refused unless AK_ALLOW_SINGLE_CPU=1 (here: unset); each case's first row carries cpus_affinity, cpus_runtime and single_cpu_override as its own process saw them
// Validating benchmarks:
// ***** BenchmarkRunner: Start   *****
// ***** Found 12 benchmark(s) in total *****
// ***** Building 1 exe(s) in Parallel: Start   *****
Unable to find .sln or .csproj file. Will use current directory /home/user/ArmoniK.Api/ffi/poc/csharp to search for project file. If you don't use .sln file on purpose it should not be a problem.
// start dotnet  restore --nodeReuse:false /p:UseSharedCompilation=false /p:Deterministic=true /p:Optimize=true /p:ArtifactsPath="/home/user/ArmoniK.Api/ffi/poc/csharp/src/BenchDotNet/bin/Release/net8.0/BenchDotNet-campaign-1/" /p:OutDir="/home/user/ArmoniK.Api/ffi/poc/csharp/src/BenchDotNet/bin/Release/net8.0/BenchDotNet-campaign-1/bin/Release/net8.0/" /p:OutputPath="/home/user/ArmoniK.Api/ffi/poc/csharp/src/BenchDotNet/bin/Release/net8.0/BenchDotNet-campaign-1/bin/Release/net8.0/" /p:PublishDir="/home/user/ArmoniK.Api/ffi/poc/csharp/src/BenchDotNet/bin/Release/net8.0/BenchDotNet-campaign-1/publish/" in /home/user/ArmoniK.Api/ffi/poc/csharp/src/BenchDotNet/bin/Release/net8.0/BenchDotNet-campaign-1
// command took 2.03 sec and exited with 0
// start dotnet  build -c Release --no-restore --nodeReuse:false /p:UseSharedCompilation=false /p:Deterministic=true /p:Optimize=true /p:ArtifactsPath="/home/user/ArmoniK.Api/ffi/poc/csharp/src/BenchDotNet/bin/Release/net8.0/BenchDotNet-campaign-1/" /p:OutDir="/home/user/ArmoniK.Api/ffi/poc/csharp/src/BenchDotNet/bin/Release/net8.0/BenchDotNet-campaign-1/bin/Release/net8.0/" /p:OutputPath="/home/user/ArmoniK.Api/ffi/poc/csharp/src/BenchDotNet/bin/Release/net8.0/BenchDotNet-campaign-1/bin/Release/net8.0/" /p:PublishDir="/home/user/ArmoniK.Api/ffi/poc/csharp/src/BenchDotNet/bin/Release/net8.0/BenchDotNet-campaign-1/publish/" --output "/home/user/ArmoniK.Api/ffi/poc/csharp/src/BenchDotNet/bin/Release/net8.0/BenchDotNet-campaign-1/bin/Release/net8.0/" in /home/user/ArmoniK.Api/ffi/poc/csharp/src/BenchDotNet/bin/Release/net8.0/BenchDotNet-campaign-1
// command took 18.6 sec and exited with 0
// ***** Done, took 00:00:20 (20.75 sec)   *****
// Found 12 benchmarks:
//   CodecSuite.Run: campaign(EvaluateOverhead=False, Clock=Armonik.Ffi.Bdn.CpuClock, IterationCount=6, IterationTime=40ms, LaunchCount=1, RunStrategy=Throughput, WarmupCount=25) [Case=core-(...)etain [42]]
//   CodecSuite.Run: campaign(EvaluateOverhead=False, Clock=Armonik.Ffi.Bdn.CpuClock, IterationCount=6, IterationTime=40ms, LaunchCount=1, RunStrategy=Throughput, WarmupCount=25) [Case=core-(...)|drop [40]]
//   CodecSuite.Run: campaign(EvaluateOverhead=False, Clock=Armonik.Ffi.Bdn.CpuClock, IterationCount=6, IterationTime=40ms, LaunchCount=1, RunStrategy=Throughput, WarmupCount=25) [Case=core-(...)etain [42]]
//   CodecSuite.Run: campaign(EvaluateOverhead=False, Clock=Armonik.Ffi.Bdn.CpuClock, IterationCount=6, IterationTime=40ms, LaunchCount=1, RunStrategy=Throughput, WarmupCount=25) [Case=core-(...)etain [41]]
//   CodecSuite.Run: campaign(EvaluateOverhead=False, Clock=Armonik.Ffi.Bdn.CpuClock, IterationCount=6, IterationTime=40ms, LaunchCount=1, RunStrategy=Throughput, WarmupCount=25) [Case=core-(...)etain [56]]
//   CodecSuite.Run: campaign(EvaluateOverhead=False, Clock=Armonik.Ffi.Bdn.CpuClock, IterationCount=6, IterationTime=40ms, LaunchCount=1, RunStrategy=Throughput, WarmupCount=25) [Case=core-(...)|drop [40]]
//   CodecSuite.Run: campaign(EvaluateOverhead=False, Clock=Armonik.Ffi.Bdn.CpuClock, IterationCount=6, IterationTime=40ms, LaunchCount=1, RunStrategy=Throughput, WarmupCount=25) [Case=core-(...)|drop [54]]
//   CodecSuite.Run: campaign(EvaluateOverhead=False, Clock=Armonik.Ffi.Bdn.CpuClock, IterationCount=6, IterationTime=40ms, LaunchCount=1, RunStrategy=Throughput, WarmupCount=25) [Case=core-(...)|drop [40]]
//   CodecSuite.Run: campaign(EvaluateOverhead=False, Clock=Armonik.Ffi.Bdn.CpuClock, IterationCount=6, IterationTime=40ms, LaunchCount=1, RunStrategy=Throughput, WarmupCount=25) [Case=core-(...)etain [43]]
//   CodecSuite.Run: campaign(EvaluateOverhead=False, Clock=Armonik.Ffi.Bdn.CpuClock, IterationCount=6, IterationTime=40ms, LaunchCount=1, RunStrategy=Throughput, WarmupCount=25) [Case=core-(...)|drop [41]]
//   CodecSuite.Run: campaign(EvaluateOverhead=False, Clock=Armonik.Ffi.Bdn.CpuClock, IterationCount=6, IterationTime=40ms, LaunchCount=1, RunStrategy=Throughput, WarmupCount=25) [Case=core-(...)etain [42]]
//   CodecSuite.Run: campaign(EvaluateOverhead=False, Clock=Armonik.Ffi.Bdn.CpuClock, IterationCount=6, IterationTime=40ms, LaunchCount=1, RunStrategy=Throughput, WarmupCount=25) [Case=core-(...)|drop [39]]

// **************************
// Benchmark: CodecSuite.Run: campaign(EvaluateOverhead=False, Clock=Armonik.Ffi.Bdn.CpuClock, IterationCount=6, IterationTime=40ms, LaunchCount=1, RunStrategy=Throughput, WarmupCount=25) [Case=core-(...)etain [42]]
// *** Execute ***
// Launch: 1 / 1
// Execute: dotnet BenchDotNet-campaign-1.dll --anonymousPipes 138 139 --benchmarkName "Armonik.Ffi.Bdn.CodecSuite.Run(Case: \"core-ffi|encode-core-hot|P2.2|prime|retain\")" --job campaign --benchmarkId 0 in /home/user/ArmoniK.Api/ffi/poc/csharp/src/BenchDotNet/bin/Release/net8.0/BenchDotNet-campaign-1/bin/Release/net8.0
// BeforeAnythingElse

// Benchmark Process Environment Information:
// BenchmarkDotNet v0.15.8
// Runtime=.NET 8.0.31 (8.0.31, 8.0.3126.42015), X64 RyuJIT x86-64-v4
// GC=Concurrent Workstation
// HardwareIntrinsics=AVX512 IFMA+VBMI,AVX512 F+BW+CD+DQ+VL,AVX2+BMI1+BMI2+F16C+FMA+LZCNT+MOVBE,AVX,SSE3+SSSE3+SSE4.1+SSE4.2+POPCNT,X86Base+SSE+SSE2,AES+PCLMUL,AvxVnni,SERIALIZE VectorSize=256
// Job: campaign(EvaluateOverhead=False, Clock=Armonik.Ffi.Bdn.CpuClock, IterationCount=6, IterationTime=40ms, LaunchCount=1, RunStrategy=Throughput, WarmupCount=25)

OverheadJitting  1: 1 op, 257048.00 ns, 257.0480 us/op
WorkloadJitting  1: 1 op, 15127767.00 ns, 15.1278 ms/op

WorkloadPilot    1: 4 op, 15470883.00 ns, 3.8677 ms/op
WorkloadPilot    2: 10 op, 25806474.00 ns, 2.5806 ms/op
WorkloadPilot    3: 15 op, 27954915.00 ns, 1.8637 ms/op
WorkloadPilot    4: 21 op, 38203754.00 ns, 1.8192 ms/op

WorkloadWarmup   1: 21 op, 37769564.00 ns, 1.7986 ms/op
WorkloadWarmup   2: 21 op, 38207293.00 ns, 1.8194 ms/op
WorkloadWarmup   3: 21 op, 35481092.00 ns, 1.6896 ms/op
WorkloadWarmup   4: 21 op, 36811614.00 ns, 1.7529 ms/op
WorkloadWarmup   5: 21 op, 40137885.00 ns, 1.9113 ms/op
WorkloadWarmup   6: 21 op, 31629347.00 ns, 1.5062 ms/op
WorkloadWarmup   7: 21 op, 24622208.00 ns, 1.1725 ms/op
WorkloadWarmup   8: 21 op, 25192030.00 ns, 1.1996 ms/op
WorkloadWarmup   9: 21 op, 24633139.00 ns, 1.1730 ms/op
WorkloadWarmup  10: 21 op, 26512240.00 ns, 1.2625 ms/op
WorkloadWarmup  11: 21 op, 44778819.00 ns, 2.1323 ms/op
WorkloadWarmup  12: 21 op, 25286431.00 ns, 1.2041 ms/op
WorkloadWarmup  13: 21 op, 25268856.00 ns, 1.2033 ms/op
WorkloadWarmup  14: 21 op, 25269244.00 ns, 1.2033 ms/op
WorkloadWarmup  15: 21 op, 24461627.00 ns, 1.1648 ms/op
WorkloadWarmup  16: 21 op, 24538107.00 ns, 1.1685 ms/op
WorkloadWarmup  17: 21 op, 25186654.00 ns, 1.1994 ms/op
WorkloadWarmup  18: 21 op, 25145601.00 ns, 1.1974 ms/op
WorkloadWarmup  19: 21 op, 24437775.00 ns, 1.1637 ms/op
WorkloadWarmup  20: 21 op, 27911385.00 ns, 1.3291 ms/op
WorkloadWarmup  21: 21 op, 23577956.00 ns, 1.1228 ms/op
WorkloadWarmup  22: 21 op, 24019331.00 ns, 1.1438 ms/op
WorkloadWarmup  23: 21 op, 24533709.00 ns, 1.1683 ms/op
WorkloadWarmup  24: 21 op, 24683051.00 ns, 1.1754 ms/op
WorkloadWarmup  25: 21 op, 24181348.00 ns, 1.1515 ms/op

// BeforeActualRun
WorkloadActual   1: 21 op, 24343097.00 ns, 1.1592 ms/op
WorkloadActual   2: 21 op, 24837453.00 ns, 1.1827 ms/op
WorkloadActual   3: 21 op, 25093028.00 ns, 1.1949 ms/op
WorkloadActual   4: 21 op, 25555851.00 ns, 1.2169 ms/op
WorkloadActual   5: 21 op, 24157513.00 ns, 1.1504 ms/op
WorkloadActual   6: 21 op, 24114429.00 ns, 1.1483 ms/op

// AfterActualRun
WorkloadResult   1: 21 op, 24343097.00 ns, 1.1592 ms/op
WorkloadResult   2: 21 op, 24837453.00 ns, 1.1827 ms/op
WorkloadResult   3: 21 op, 25093028.00 ns, 1.1949 ms/op
WorkloadResult   4: 21 op, 25555851.00 ns, 1.2169 ms/op
WorkloadResult   5: 21 op, 24157513.00 ns, 1.1504 ms/op
WorkloadResult   6: 21 op, 24114429.00 ns, 1.1483 ms/op
// GC:  0 0 0 0 21
// Threading:  0 0 21

// AfterAll
// Benchmark Process 20723 has exited with code 0.

Mean = 1.175 ms, StdErr = 0.011 ms (0.96%), N = 6, StdDev = 0.028 ms
Min = 1.148 ms, Q1 = 1.153 ms, Median = 1.171 ms, Q3 = 1.192 ms, Max = 1.217 ms
IQR = 0.039 ms, LowerFence = 1.094 ms, UpperFence = 1.251 ms
ConfidenceInterval = [1.098 ms; 1.253 ms] (CI 99.9%), Margin = 0.077 ms (6.56% of Mean)
Skewness = 0.32, Kurtosis = 1.2, MValue = 2

// ** Remained 11 (91.7 %) benchmark(s) to run. Estimated finish 2026-10-10 13:34 (0h 0m from now) **
// **************************
// Benchmark: CodecSuite.Run: campaign(EvaluateOverhead=False, Clock=Armonik.Ffi.Bdn.CpuClock, IterationCount=6, IterationTime=40ms, LaunchCount=1, RunStrategy=Throughput, WarmupCount=25) [Case=core-(...)|drop [40]]
// *** Execute ***
// Launch: 1 / 1
// Execute: dotnet BenchDotNet-campaign-1.dll --anonymousPipes 138 139 --benchmarkName "Armonik.Ffi.Bdn.CodecSuite.Run(Case: \"core-ffi|encode-core-hot|P2.2|prime|drop\")" --job campaign --benchmarkId 1 in /home/user/ArmoniK.Api/ffi/poc/csharp/src/BenchDotNet/bin/Release/net8.0/BenchDotNet-campaign-1/bin/Release/net8.0
// BeforeAnythingElse

// Benchmark Process Environment Information:
// BenchmarkDotNet v0.15.8
// Runtime=.NET 8.0.31 (8.0.31, 8.0.3126.42015), X64 RyuJIT x86-64-v4
// GC=Concurrent Workstation
// HardwareIntrinsics=AVX512 IFMA+VBMI,AVX512 F+BW+CD+DQ+VL,AVX2+BMI1+BMI2+F16C+FMA+LZCNT+MOVBE,AVX,SSE3+SSSE3+SSE4.1+SSE4.2+POPCNT,X86Base+SSE+SSE2,AES+PCLMUL,AvxVnni,SERIALIZE VectorSize=256
// Job: campaign(EvaluateOverhead=False, Clock=Armonik.Ffi.Bdn.CpuClock, IterationCount=6, IterationTime=40ms, LaunchCount=1, RunStrategy=Throughput, WarmupCount=25)

OverheadJitting  1: 1 op, 293846.00 ns, 293.8460 us/op
WorkloadJitting  1: 1 op, 18573585.00 ns, 18.5736 ms/op

WorkloadPilot    1: 4 op, 15656220.00 ns, 3.9141 ms/op
WorkloadPilot    2: 10 op, 27029091.00 ns, 2.7029 ms/op
WorkloadPilot    3: 15 op, 29267024.00 ns, 1.9511 ms/op
WorkloadPilot    4: 21 op, 43815367.00 ns, 2.0864 ms/op
WorkloadPilot    5: 19 op, 28918056.00 ns, 1.5220 ms/op
WorkloadPilot    6: 26 op, 43479058.00 ns, 1.6723 ms/op
WorkloadPilot    7: 24 op, 27705181.00 ns, 1.1544 ms/op
WorkloadPilot    8: 35 op, 39964058.00 ns, 1.1418 ms/op

WorkloadWarmup   1: 35 op, 49708240.00 ns, 1.4202 ms/op
WorkloadWarmup   2: 35 op, 47663887.00 ns, 1.3618 ms/op
WorkloadWarmup   3: 35 op, 44751320.00 ns, 1.2786 ms/op
WorkloadWarmup   4: 35 op, 44024370.00 ns, 1.2578 ms/op
WorkloadWarmup   5: 35 op, 40651142.00 ns, 1.1615 ms/op
WorkloadWarmup   6: 35 op, 38821194.00 ns, 1.1092 ms/op
WorkloadWarmup   7: 35 op, 40857532.00 ns, 1.1674 ms/op
WorkloadWarmup   8: 35 op, 43352289.00 ns, 1.2386 ms/op
WorkloadWarmup   9: 35 op, 40375788.00 ns, 1.1536 ms/op
WorkloadWarmup  10: 35 op, 40353842.00 ns, 1.1530 ms/op
WorkloadWarmup  11: 35 op, 40144401.00 ns, 1.1470 ms/op
WorkloadWarmup  12: 35 op, 39313705.00 ns, 1.1232 ms/op
WorkloadWarmup  13: 35 op, 40298593.00 ns, 1.1514 ms/op
WorkloadWarmup  14: 35 op, 43314161.00 ns, 1.2375 ms/op
WorkloadWarmup  15: 35 op, 38614462.00 ns, 1.1033 ms/op
WorkloadWarmup  16: 35 op, 38780586.00 ns, 1.1080 ms/op
WorkloadWarmup  17: 35 op, 43548844.00 ns, 1.2443 ms/op
WorkloadWarmup  18: 35 op, 41418453.00 ns, 1.1834 ms/op
WorkloadWarmup  19: 35 op, 41925531.00 ns, 1.1979 ms/op
WorkloadWarmup  20: 35 op, 37861557.00 ns, 1.0818 ms/op
WorkloadWarmup  21: 35 op, 38309999.00 ns, 1.0946 ms/op
WorkloadWarmup  22: 35 op, 39895372.00 ns, 1.1399 ms/op
WorkloadWarmup  23: 35 op, 46384011.00 ns, 1.3253 ms/op
WorkloadWarmup  24: 35 op, 39550561.00 ns, 1.1300 ms/op
WorkloadWarmup  25: 35 op, 42681694.00 ns, 1.2195 ms/op

// BeforeActualRun
WorkloadActual   1: 35 op, 41672499.00 ns, 1.1906 ms/op
WorkloadActual   2: 35 op, 42165203.00 ns, 1.2047 ms/op
WorkloadActual   3: 35 op, 38585568.00 ns, 1.1024 ms/op
WorkloadActual   4: 35 op, 40226807.00 ns, 1.1493 ms/op
WorkloadActual   5: 35 op, 40532451.00 ns, 1.1581 ms/op
WorkloadActual   6: 35 op, 42843190.00 ns, 1.2241 ms/op

// AfterActualRun
WorkloadResult   1: 35 op, 41672499.00 ns, 1.1906 ms/op
WorkloadResult   2: 35 op, 42165203.00 ns, 1.2047 ms/op
WorkloadResult   3: 35 op, 38585568.00 ns, 1.1024 ms/op
WorkloadResult   4: 35 op, 40226807.00 ns, 1.1493 ms/op
WorkloadResult   5: 35 op, 40532451.00 ns, 1.1581 ms/op
WorkloadResult   6: 35 op, 42843190.00 ns, 1.2241 ms/op
// GC:  0 0 0 0 35
// Threading:  0 0 35

// AfterAll
// Benchmark Process 20733 has exited with code 0.

Mean = 1.172 ms, StdErr = 0.018 ms (1.53%), N = 6, StdDev = 0.044 ms
Min = 1.102 ms, Q1 = 1.152 ms, Median = 1.174 ms, Q3 = 1.201 ms, Max = 1.224 ms
IQR = 0.050 ms, LowerFence = 1.077 ms, UpperFence = 1.276 ms
ConfidenceInterval = [1.048 ms; 1.295 ms] (CI 99.9%), Margin = 0.123 ms (10.53% of Mean)
Skewness = -0.3, Kurtosis = 1.43, MValue = 2

// ** Remained 10 (83.3 %) benchmark(s) to run. Estimated finish 2026-10-10 13:34 (0h 0m from now) **
// **************************
// Benchmark: CodecSuite.Run: campaign(EvaluateOverhead=False, Clock=Armonik.Ffi.Bdn.CpuClock, IterationCount=6, IterationTime=40ms, LaunchCount=1, RunStrategy=Throughput, WarmupCount=25) [Case=core-(...)etain [42]]
// *** Execute ***
// Launch: 1 / 1
// Execute: dotnet BenchDotNet-campaign-1.dll --anonymousPipes 138 139 --benchmarkName "Armonik.Ffi.Bdn.CodecSuite.Run(Case: \"core-ffi|encode-core-hot|P2.4|ascii|retain\")" --job campaign --benchmarkId 2 in /home/user/ArmoniK.Api/ffi/poc/csharp/src/BenchDotNet/bin/Release/net8.0/BenchDotNet-campaign-1/bin/Release/net8.0
// BeforeAnythingElse

// Benchmark Process Environment Information:
// BenchmarkDotNet v0.15.8
// Runtime=.NET 8.0.31 (8.0.31, 8.0.3126.42015), X64 RyuJIT x86-64-v4
// GC=Concurrent Workstation
// HardwareIntrinsics=AVX512 IFMA+VBMI,AVX512 F+BW+CD+DQ+VL,AVX2+BMI1+BMI2+F16C+FMA+LZCNT+MOVBE,AVX,SSE3+SSSE3+SSE4.1+SSE4.2+POPCNT,X86Base+SSE+SSE2,AES+PCLMUL,AvxVnni,SERIALIZE VectorSize=256
// Job: campaign(EvaluateOverhead=False, Clock=Armonik.Ffi.Bdn.CpuClock, IterationCount=6, IterationTime=40ms, LaunchCount=1, RunStrategy=Throughput, WarmupCount=25)

OverheadJitting  1: 1 op, 303795.00 ns, 303.7950 us/op
WorkloadJitting  1: 1 op, 15160351.00 ns, 15.1604 ms/op

WorkloadPilot    1: 4 op, 17301246.00 ns, 4.3253 ms/op
WorkloadPilot    2: 9 op, 24541070.00 ns, 2.7268 ms/op
WorkloadPilot    3: 15 op, 38870993.00 ns, 2.5914 ms/op

WorkloadWarmup   1: 15 op, 41200422.00 ns, 2.7467 ms/op
WorkloadWarmup   2: 15 op, 32556833.00 ns, 2.1705 ms/op
WorkloadWarmup   3: 15 op, 33351671.00 ns, 2.2234 ms/op
WorkloadWarmup   4: 15 op, 38645418.00 ns, 2.5764 ms/op
WorkloadWarmup   5: 15 op, 46332630.00 ns, 3.0888 ms/op
WorkloadWarmup   6: 15 op, 25379809.00 ns, 1.6920 ms/op
WorkloadWarmup   7: 15 op, 34449036.00 ns, 2.2966 ms/op
WorkloadWarmup   8: 15 op, 42899559.00 ns, 2.8600 ms/op
WorkloadWarmup   9: 15 op, 32461442.00 ns, 2.1641 ms/op
WorkloadWarmup  10: 15 op, 24369896.00 ns, 1.6247 ms/op
WorkloadWarmup  11: 15 op, 24326689.00 ns, 1.6218 ms/op
WorkloadWarmup  12: 15 op, 24661356.00 ns, 1.6441 ms/op
WorkloadWarmup  13: 15 op, 27245876.00 ns, 1.8164 ms/op
WorkloadWarmup  14: 15 op, 29704829.00 ns, 1.9803 ms/op
WorkloadWarmup  15: 15 op, 26342299.00 ns, 1.7562 ms/op
WorkloadWarmup  16: 15 op, 24955862.00 ns, 1.6637 ms/op
WorkloadWarmup  17: 15 op, 24873702.00 ns, 1.6582 ms/op
WorkloadWarmup  18: 15 op, 26426403.00 ns, 1.7618 ms/op
WorkloadWarmup  19: 15 op, 25386213.00 ns, 1.6924 ms/op
WorkloadWarmup  20: 15 op, 24821261.00 ns, 1.6548 ms/op
WorkloadWarmup  21: 15 op, 24343469.00 ns, 1.6229 ms/op
WorkloadWarmup  22: 15 op, 24010005.00 ns, 1.6007 ms/op
WorkloadWarmup  23: 15 op, 24299702.00 ns, 1.6200 ms/op
WorkloadWarmup  24: 15 op, 23734368.00 ns, 1.5823 ms/op
WorkloadWarmup  25: 15 op, 24189161.00 ns, 1.6126 ms/op

// BeforeActualRun
WorkloadActual   1: 15 op, 27492230.00 ns, 1.8328 ms/op
WorkloadActual   2: 15 op, 24060635.00 ns, 1.6040 ms/op
WorkloadActual   3: 15 op, 25945374.00 ns, 1.7297 ms/op
WorkloadActual   4: 15 op, 24592821.00 ns, 1.6395 ms/op
WorkloadActual   5: 15 op, 23305086.00 ns, 1.5537 ms/op
WorkloadActual   6: 15 op, 26612176.00 ns, 1.7741 ms/op

// AfterActualRun
WorkloadResult   1: 15 op, 27492230.00 ns, 1.8328 ms/op
WorkloadResult   2: 15 op, 24060635.00 ns, 1.6040 ms/op
WorkloadResult   3: 15 op, 25945374.00 ns, 1.7297 ms/op
WorkloadResult   4: 15 op, 24592821.00 ns, 1.6395 ms/op
WorkloadResult   5: 15 op, 23305086.00 ns, 1.5537 ms/op
WorkloadResult   6: 15 op, 26612176.00 ns, 1.7741 ms/op
// GC:  0 0 0 0 15
// Threading:  0 0 15

// AfterAll
// Benchmark Process 20742 has exited with code 0.

Mean = 1.689 ms, StdErr = 0.044 ms (2.59%), N = 6, StdDev = 0.107 ms
Min = 1.554 ms, Q1 = 1.613 ms, Median = 1.685 ms, Q3 = 1.763 ms, Max = 1.833 ms
IQR = 0.150 ms, LowerFence = 1.388 ms, UpperFence = 1.988 ms
ConfidenceInterval = [1.388 ms; 1.990 ms] (CI 99.9%), Margin = 0.301 ms (17.82% of Mean)
Skewness = 0.06, Kurtosis = 1.1, MValue = 2

// ** Remained 9 (75.0 %) benchmark(s) to run. Estimated finish 2026-10-10 13:34 (0h 0m from now) **
// **************************
// Benchmark: CodecSuite.Run: campaign(EvaluateOverhead=False, Clock=Armonik.Ffi.Bdn.CpuClock, IterationCount=6, IterationTime=40ms, LaunchCount=1, RunStrategy=Throughput, WarmupCount=25) [Case=core-(...)etain [41]]
// *** Execute ***
// Launch: 1 / 1
// Execute: dotnet BenchDotNet-campaign-1.dll --anonymousPipes 138 139 --benchmarkName "Armonik.Ffi.Bdn.CodecSuite.Run(Case: \"core-ffi|encode-core-hot|P2.2|wide|retain\")" --job campaign --benchmarkId 3 in /home/user/ArmoniK.Api/ffi/poc/csharp/src/BenchDotNet/bin/Release/net8.0/BenchDotNet-campaign-1/bin/Release/net8.0
// BeforeAnythingElse

// Benchmark Process Environment Information:
// BenchmarkDotNet v0.15.8
// Runtime=.NET 8.0.31 (8.0.31, 8.0.3126.42015), X64 RyuJIT x86-64-v4
// GC=Concurrent Workstation
// HardwareIntrinsics=AVX512 IFMA+VBMI,AVX512 F+BW+CD+DQ+VL,AVX2+BMI1+BMI2+F16C+FMA+LZCNT+MOVBE,AVX,SSE3+SSSE3+SSE4.1+SSE4.2+POPCNT,X86Base+SSE+SSE2,AES+PCLMUL,AvxVnni,SERIALIZE VectorSize=256
// Job: campaign(EvaluateOverhead=False, Clock=Armonik.Ffi.Bdn.CpuClock, IterationCount=6, IterationTime=40ms, LaunchCount=1, RunStrategy=Throughput, WarmupCount=25)

OverheadJitting  1: 1 op, 232356.00 ns, 232.3560 us/op
WorkloadJitting  1: 1 op, 14801316.00 ns, 14.8013 ms/op

WorkloadPilot    1: 4 op, 16164164.00 ns, 4.0410 ms/op
WorkloadPilot    2: 10 op, 24196459.00 ns, 2.4196 ms/op
WorkloadPilot    3: 17 op, 32020978.00 ns, 1.8836 ms/op
WorkloadPilot    4: 21 op, 40845501.00 ns, 1.9450 ms/op

WorkloadWarmup   1: 21 op, 39160133.00 ns, 1.8648 ms/op
WorkloadWarmup   2: 21 op, 37599788.00 ns, 1.7905 ms/op
WorkloadWarmup   3: 21 op, 38341272.00 ns, 1.8258 ms/op
WorkloadWarmup   4: 21 op, 38828539.00 ns, 1.8490 ms/op
WorkloadWarmup   5: 21 op, 36078878.00 ns, 1.7180 ms/op
WorkloadWarmup   6: 21 op, 32351854.00 ns, 1.5406 ms/op
WorkloadWarmup   7: 21 op, 27475201.00 ns, 1.3083 ms/op
WorkloadWarmup   8: 21 op, 26588306.00 ns, 1.2661 ms/op
WorkloadWarmup   9: 21 op, 26206924.00 ns, 1.2479 ms/op
WorkloadWarmup  10: 21 op, 31956320.00 ns, 1.5217 ms/op
WorkloadWarmup  11: 21 op, 29420752.00 ns, 1.4010 ms/op
WorkloadWarmup  12: 21 op, 55622637.00 ns, 2.6487 ms/op
WorkloadWarmup  13: 21 op, 32607458.00 ns, 1.5527 ms/op
WorkloadWarmup  14: 21 op, 29806171.00 ns, 1.4193 ms/op
WorkloadWarmup  15: 21 op, 43328968.00 ns, 2.0633 ms/op
WorkloadWarmup  16: 21 op, 31446524.00 ns, 1.4975 ms/op
WorkloadWarmup  17: 21 op, 29919470.00 ns, 1.4247 ms/op
WorkloadWarmup  18: 21 op, 29039718.00 ns, 1.3828 ms/op
WorkloadWarmup  19: 21 op, 29919940.00 ns, 1.4248 ms/op
WorkloadWarmup  20: 21 op, 31096270.00 ns, 1.4808 ms/op
WorkloadWarmup  21: 21 op, 37974911.00 ns, 1.8083 ms/op
WorkloadWarmup  22: 21 op, 35532801.00 ns, 1.6920 ms/op
WorkloadWarmup  23: 21 op, 28724437.00 ns, 1.3678 ms/op
WorkloadWarmup  24: 21 op, 33820643.00 ns, 1.6105 ms/op
WorkloadWarmup  25: 21 op, 28804950.00 ns, 1.3717 ms/op

// BeforeActualRun
WorkloadActual   1: 21 op, 27212075.00 ns, 1.2958 ms/op
WorkloadActual   2: 21 op, 29931952.00 ns, 1.4253 ms/op
WorkloadActual   3: 21 op, 28232230.00 ns, 1.3444 ms/op
WorkloadActual   4: 21 op, 29724631.00 ns, 1.4155 ms/op
WorkloadActual   5: 21 op, 27397907.00 ns, 1.3047 ms/op
WorkloadActual   6: 21 op, 27226642.00 ns, 1.2965 ms/op

// AfterActualRun
WorkloadResult   1: 21 op, 27212075.00 ns, 1.2958 ms/op
WorkloadResult   2: 21 op, 29931952.00 ns, 1.4253 ms/op
WorkloadResult   3: 21 op, 28232230.00 ns, 1.3444 ms/op
WorkloadResult   4: 21 op, 29724631.00 ns, 1.4155 ms/op
WorkloadResult   5: 21 op, 27397907.00 ns, 1.3047 ms/op
WorkloadResult   6: 21 op, 27226642.00 ns, 1.2965 ms/op
// GC:  0 0 0 0 21
// Threading:  0 0 21

// AfterAll
// Benchmark Process 20751 has exited with code 0.

Mean = 1.347 ms, StdErr = 0.024 ms (1.81%), N = 6, StdDev = 0.060 ms
Min = 1.296 ms, Q1 = 1.299 ms, Median = 1.325 ms, Q3 = 1.398 ms, Max = 1.425 ms
IQR = 0.099 ms, LowerFence = 1.150 ms, UpperFence = 1.546 ms
ConfidenceInterval = [1.180 ms; 1.514 ms] (CI 99.9%), Margin = 0.167 ms (12.42% of Mean)
Skewness = 0.36, Kurtosis = 1, MValue = 2

// ** Remained 8 (66.7 %) benchmark(s) to run. Estimated finish 2026-10-10 13:34 (0h 0m from now) **
// **************************
// Benchmark: CodecSuite.Run: campaign(EvaluateOverhead=False, Clock=Armonik.Ffi.Bdn.CpuClock, IterationCount=6, IterationTime=40ms, LaunchCount=1, RunStrategy=Throughput, WarmupCount=25) [Case=core-(...)etain [56]]
// *** Execute ***
// Launch: 1 / 1
// Execute: dotnet BenchDotNet-campaign-1.dll --anonymousPipes 138 139 --benchmarkName "Armonik.Ffi.Bdn.CodecSuite.Run(Case: \"core-ffi|encode-core-hot|U-deep-u-repeated|corpus|retain\")" --job campaign --benchmarkId 4 in /home/user/ArmoniK.Api/ffi/poc/csharp/src/BenchDotNet/bin/Release/net8.0/BenchDotNet-campaign-1/bin/Release/net8.0
// BeforeAnythingElse

// Benchmark Process Environment Information:
// BenchmarkDotNet v0.15.8
// Runtime=.NET 8.0.31 (8.0.31, 8.0.3126.42015), X64 RyuJIT x86-64-v4
// GC=Concurrent Workstation
// HardwareIntrinsics=AVX512 IFMA+VBMI,AVX512 F+BW+CD+DQ+VL,AVX2+BMI1+BMI2+F16C+FMA+LZCNT+MOVBE,AVX,SSE3+SSSE3+SSE4.1+SSE4.2+POPCNT,X86Base+SSE+SSE2,AES+PCLMUL,AvxVnni,SERIALIZE VectorSize=256
// Job: campaign(EvaluateOverhead=False, Clock=Armonik.Ffi.Bdn.CpuClock, IterationCount=6, IterationTime=40ms, LaunchCount=1, RunStrategy=Throughput, WarmupCount=25)

OverheadJitting  1: 1 op, 245521.00 ns, 245.5210 us/op
WorkloadJitting  1: 1 op, 11062602.00 ns, 11.0626 ms/op

WorkloadPilot    1: 4 op, 31139.00 ns, 7.7848 us/op
WorkloadPilot    2: 5138 op, 18071044.00 ns, 3.5171 us/op
WorkloadPilot    3: 11373 op, 50771799.00 ns, 4.4642 us/op
WorkloadPilot    4: 8960 op, 36584836.00 ns, 4.0831 us/op
WorkloadPilot    5: 9796 op, 38173418.00 ns, 3.8968 us/op
WorkloadPilot    6: 10265 op, 42319831.00 ns, 4.1227 us/op
WorkloadPilot    7: 9702 op, 25326342.00 ns, 2.6104 us/op
WorkloadPilot    8: 15323 op, 37808285.00 ns, 2.4674 us/op
WorkloadPilot    9: 16211 op, 40267213.00 ns, 2.4839 us/op

WorkloadWarmup   1: 16211 op, 40387539.00 ns, 2.4914 us/op
WorkloadWarmup   2: 16211 op, 37812179.00 ns, 2.3325 us/op
WorkloadWarmup   3: 16211 op, 39333527.00 ns, 2.4263 us/op
WorkloadWarmup   4: 16211 op, 40076503.00 ns, 2.4722 us/op
WorkloadWarmup   5: 16211 op, 46046012.00 ns, 2.8404 us/op
WorkloadWarmup   6: 16211 op, 40156546.00 ns, 2.4771 us/op
WorkloadWarmup   7: 16211 op, 40730676.00 ns, 2.5125 us/op
WorkloadWarmup   8: 16211 op, 38658847.00 ns, 2.3847 us/op
WorkloadWarmup   9: 16211 op, 39309072.00 ns, 2.4248 us/op
WorkloadWarmup  10: 16211 op, 38997727.00 ns, 2.4056 us/op
WorkloadWarmup  11: 16211 op, 40781495.00 ns, 2.5157 us/op
WorkloadWarmup  12: 16211 op, 39508987.00 ns, 2.4372 us/op
WorkloadWarmup  13: 16211 op, 39295357.00 ns, 2.4240 us/op
WorkloadWarmup  14: 16211 op, 38792371.00 ns, 2.3930 us/op
WorkloadWarmup  15: 16211 op, 39224444.00 ns, 2.4196 us/op
WorkloadWarmup  16: 16211 op, 39045991.00 ns, 2.4086 us/op
WorkloadWarmup  17: 16211 op, 40461975.00 ns, 2.4960 us/op
WorkloadWarmup  18: 16211 op, 40045987.00 ns, 2.4703 us/op
WorkloadWarmup  19: 16211 op, 39319744.00 ns, 2.4255 us/op
WorkloadWarmup  20: 16211 op, 39685695.00 ns, 2.4481 us/op
WorkloadWarmup  21: 16211 op, 39391200.00 ns, 2.4299 us/op
WorkloadWarmup  22: 16211 op, 40350605.00 ns, 2.4891 us/op
WorkloadWarmup  23: 16211 op, 39496292.00 ns, 2.4364 us/op
WorkloadWarmup  24: 16211 op, 40117862.00 ns, 2.4747 us/op
WorkloadWarmup  25: 16211 op, 38697930.00 ns, 2.3871 us/op

// BeforeActualRun
WorkloadActual   1: 16211 op, 38272061.00 ns, 2.3609 us/op
WorkloadActual   2: 16211 op, 43376577.00 ns, 2.6757 us/op
WorkloadActual   3: 16211 op, 56418689.00 ns, 3.4803 us/op
WorkloadActual   4: 16211 op, 41006383.00 ns, 2.5295 us/op
WorkloadActual   5: 16211 op, 40897674.00 ns, 2.5228 us/op
WorkloadActual   6: 16211 op, 39465373.00 ns, 2.4345 us/op

// AfterActualRun
WorkloadResult   1: 16211 op, 38272061.00 ns, 2.3609 us/op
WorkloadResult   2: 16211 op, 43376577.00 ns, 2.6757 us/op
WorkloadResult   3: 16211 op, 41006383.00 ns, 2.5295 us/op
WorkloadResult   4: 16211 op, 40897674.00 ns, 2.5228 us/op
WorkloadResult   5: 16211 op, 39465373.00 ns, 2.4345 us/op
// GC:  0 0 0 0 16211
// Threading:  0 0 16211

// AfterAll
// Benchmark Process 20760 has exited with code 0.

Mean = 2.505 us, StdErr = 0.053 us (2.11%), N = 5, StdDev = 0.118 us
Min = 2.361 us, Q1 = 2.434 us, Median = 2.523 us, Q3 = 2.530 us, Max = 2.676 us
IQR = 0.095 us, LowerFence = 2.292 us, UpperFence = 2.672 us
ConfidenceInterval = [2.050 us; 2.960 us] (CI 99.9%), Margin = 0.455 us (18.16% of Mean)
Skewness = 0.21, Kurtosis = 1.34, MValue = 2

// ** Remained 7 (58.3 %) benchmark(s) to run. Estimated finish 2026-10-10 13:34 (0h 0m from now) **
// **************************
// Benchmark: CodecSuite.Run: campaign(EvaluateOverhead=False, Clock=Armonik.Ffi.Bdn.CpuClock, IterationCount=6, IterationTime=40ms, LaunchCount=1, RunStrategy=Throughput, WarmupCount=25) [Case=core-(...)|drop [40]]
// *** Execute ***
// Launch: 1 / 1
// Execute: dotnet BenchDotNet-campaign-1.dll --anonymousPipes 138 139 --benchmarkName "Armonik.Ffi.Bdn.CodecSuite.Run(Case: \"core-ffi|encode-core-hot|P2.2|ascii|drop\")" --job campaign --benchmarkId 5 in /home/user/ArmoniK.Api/ffi/poc/csharp/src/BenchDotNet/bin/Release/net8.0/BenchDotNet-campaign-1/bin/Release/net8.0
// BeforeAnythingElse

// Benchmark Process Environment Information:
// BenchmarkDotNet v0.15.8
// Runtime=.NET 8.0.31 (8.0.31, 8.0.3126.42015), X64 RyuJIT x86-64-v4
// GC=Concurrent Workstation
// HardwareIntrinsics=AVX512 IFMA+VBMI,AVX512 F+BW+CD+DQ+VL,AVX2+BMI1+BMI2+F16C+FMA+LZCNT+MOVBE,AVX,SSE3+SSSE3+SSE4.1+SSE4.2+POPCNT,X86Base+SSE+SSE2,AES+PCLMUL,AvxVnni,SERIALIZE VectorSize=256
// Job: campaign(EvaluateOverhead=False, Clock=Armonik.Ffi.Bdn.CpuClock, IterationCount=6, IterationTime=40ms, LaunchCount=1, RunStrategy=Throughput, WarmupCount=25)

OverheadJitting  1: 1 op, 242299.00 ns, 242.2990 us/op
WorkloadJitting  1: 1 op, 13106693.00 ns, 13.1067 ms/op

WorkloadPilot    1: 4 op, 14150476.00 ns, 3.5376 ms/op
WorkloadPilot    2: 11 op, 24040796.00 ns, 2.1855 ms/op
WorkloadPilot    3: 18 op, 32497631.00 ns, 1.8054 ms/op
WorkloadPilot    4: 22 op, 36927271.00 ns, 1.6785 ms/op
WorkloadPilot    5: 24 op, 42879931.00 ns, 1.7867 ms/op
WorkloadPilot    6: 22 op, 35731938.00 ns, 1.6242 ms/op
WorkloadPilot    7: 25 op, 36215874.00 ns, 1.4486 ms/op
WorkloadPilot    8: 28 op, 33307508.00 ns, 1.1896 ms/op
WorkloadPilot    9: 34 op, 35890671.00 ns, 1.0556 ms/op
WorkloadPilot   10: 38 op, 46736934.00 ns, 1.2299 ms/op
WorkloadPilot   11: 33 op, 37045297.00 ns, 1.1226 ms/op
WorkloadPilot   12: 36 op, 42228129.00 ns, 1.1730 ms/op

WorkloadWarmup   1: 36 op, 40213523.00 ns, 1.1170 ms/op
WorkloadWarmup   2: 36 op, 41027970.00 ns, 1.1397 ms/op
WorkloadWarmup   3: 36 op, 39782792.00 ns, 1.1051 ms/op
WorkloadWarmup   4: 36 op, 38758929.00 ns, 1.0766 ms/op
WorkloadWarmup   5: 36 op, 39422245.00 ns, 1.0951 ms/op
WorkloadWarmup   6: 36 op, 39198733.00 ns, 1.0889 ms/op
WorkloadWarmup   7: 36 op, 40009318.00 ns, 1.1114 ms/op
WorkloadWarmup   8: 36 op, 39637461.00 ns, 1.1010 ms/op
WorkloadWarmup   9: 36 op, 58572281.00 ns, 1.6270 ms/op
WorkloadWarmup  10: 36 op, 52850133.00 ns, 1.4681 ms/op
WorkloadWarmup  11: 36 op, 49682078.00 ns, 1.3801 ms/op
WorkloadWarmup  12: 36 op, 42393807.00 ns, 1.1776 ms/op
WorkloadWarmup  13: 36 op, 40058426.00 ns, 1.1127 ms/op
WorkloadWarmup  14: 36 op, 41773319.00 ns, 1.1604 ms/op
WorkloadWarmup  15: 36 op, 41492967.00 ns, 1.1526 ms/op
WorkloadWarmup  16: 36 op, 41780066.00 ns, 1.1606 ms/op
WorkloadWarmup  17: 36 op, 41390356.00 ns, 1.1497 ms/op
WorkloadWarmup  18: 36 op, 43958347.00 ns, 1.2211 ms/op
WorkloadWarmup  19: 36 op, 44852364.00 ns, 1.2459 ms/op
WorkloadWarmup  20: 36 op, 42649430.00 ns, 1.1847 ms/op
WorkloadWarmup  21: 36 op, 43484937.00 ns, 1.2079 ms/op
WorkloadWarmup  22: 36 op, 55848911.00 ns, 1.5514 ms/op
WorkloadWarmup  23: 36 op, 43826453.00 ns, 1.2174 ms/op
WorkloadWarmup  24: 36 op, 41967294.00 ns, 1.1658 ms/op
WorkloadWarmup  25: 36 op, 41837541.00 ns, 1.1622 ms/op

// BeforeActualRun
WorkloadActual   1: 36 op, 41554058.00 ns, 1.1543 ms/op
WorkloadActual   2: 36 op, 39715088.00 ns, 1.1032 ms/op
WorkloadActual   3: 36 op, 39200972.00 ns, 1.0889 ms/op
WorkloadActual   4: 36 op, 41657637.00 ns, 1.1572 ms/op
WorkloadActual   5: 36 op, 41874602.00 ns, 1.1632 ms/op
WorkloadActual   6: 36 op, 41728332.00 ns, 1.1591 ms/op

// AfterActualRun
WorkloadResult   1: 36 op, 41554058.00 ns, 1.1543 ms/op
WorkloadResult   2: 36 op, 39715088.00 ns, 1.1032 ms/op
WorkloadResult   3: 36 op, 39200972.00 ns, 1.0889 ms/op
WorkloadResult   4: 36 op, 41657637.00 ns, 1.1572 ms/op
WorkloadResult   5: 36 op, 41874602.00 ns, 1.1632 ms/op
WorkloadResult   6: 36 op, 41728332.00 ns, 1.1591 ms/op
// GC:  0 0 0 0 36
// Threading:  0 0 36

// AfterAll
// Benchmark Process 20769 has exited with code 0.

Mean = 1.138 ms, StdErr = 0.013 ms (1.17%), N = 6, StdDev = 0.033 ms
Min = 1.089 ms, Q1 = 1.116 ms, Median = 1.156 ms, Q3 = 1.159 ms, Max = 1.163 ms
IQR = 0.043 ms, LowerFence = 1.052 ms, UpperFence = 1.223 ms
ConfidenceInterval = [1.046 ms; 1.229 ms] (CI 99.9%), Margin = 0.092 ms (8.05% of Mean)
Skewness = -0.56, Kurtosis = 1.16, MValue = 2

// ** Remained 6 (50.0 %) benchmark(s) to run. Estimated finish 2026-10-10 13:34 (0h 0m from now) **
// **************************
// Benchmark: CodecSuite.Run: campaign(EvaluateOverhead=False, Clock=Armonik.Ffi.Bdn.CpuClock, IterationCount=6, IterationTime=40ms, LaunchCount=1, RunStrategy=Throughput, WarmupCount=25) [Case=core-(...)|drop [54]]
// *** Execute ***
// Launch: 1 / 1
// Execute: dotnet BenchDotNet-campaign-1.dll --anonymousPipes 138 139 --benchmarkName "Armonik.Ffi.Bdn.CodecSuite.Run(Case: \"core-ffi|encode-core-hot|U-deep-u-repeated|corpus|drop\")" --job campaign --benchmarkId 6 in /home/user/ArmoniK.Api/ffi/poc/csharp/src/BenchDotNet/bin/Release/net8.0/BenchDotNet-campaign-1/bin/Release/net8.0
// BeforeAnythingElse

// Benchmark Process Environment Information:
// BenchmarkDotNet v0.15.8
// Runtime=.NET 8.0.31 (8.0.31, 8.0.3126.42015), X64 RyuJIT x86-64-v4
// GC=Concurrent Workstation
// HardwareIntrinsics=AVX512 IFMA+VBMI,AVX512 F+BW+CD+DQ+VL,AVX2+BMI1+BMI2+F16C+FMA+LZCNT+MOVBE,AVX,SSE3+SSSE3+SSE4.1+SSE4.2+POPCNT,X86Base+SSE+SSE2,AES+PCLMUL,AvxVnni,SERIALIZE VectorSize=256
// Job: campaign(EvaluateOverhead=False, Clock=Armonik.Ffi.Bdn.CpuClock, IterationCount=6, IterationTime=40ms, LaunchCount=1, RunStrategy=Throughput, WarmupCount=25)

OverheadJitting  1: 1 op, 290512.00 ns, 290.5120 us/op
WorkloadJitting  1: 1 op, 10157716.00 ns, 10.1577 ms/op

WorkloadPilot    1: 4 op, 30277.00 ns, 7.5693 us/op
WorkloadPilot    2: 5285 op, 17088169.00 ns, 3.2333 us/op
WorkloadPilot    3: 12371 op, 42638682.00 ns, 3.4467 us/op
WorkloadPilot    4: 11605 op, 45069681.00 ns, 3.8836 us/op
WorkloadPilot    5: 10300 op, 58148532.00 ns, 5.6455 us/op

WorkloadWarmup   1: 10300 op, 40859582.00 ns, 3.9669 us/op
WorkloadWarmup   2: 10300 op, 44434735.00 ns, 4.3141 us/op
WorkloadWarmup   3: 10300 op, 38080680.00 ns, 3.6972 us/op
WorkloadWarmup   4: 10300 op, 43742344.00 ns, 4.2468 us/op
WorkloadWarmup   5: 10300 op, 33813933.00 ns, 3.2829 us/op
WorkloadWarmup   6: 10300 op, 29324124.00 ns, 2.8470 us/op
WorkloadWarmup   7: 10300 op, 22175652.00 ns, 2.1530 us/op
WorkloadWarmup   8: 10300 op, 24870600.00 ns, 2.4146 us/op
WorkloadWarmup   9: 10300 op, 22290423.00 ns, 2.1641 us/op
WorkloadWarmup  10: 10300 op, 28774975.00 ns, 2.7937 us/op
WorkloadWarmup  11: 10300 op, 22868247.00 ns, 2.2202 us/op
WorkloadWarmup  12: 10300 op, 23353539.00 ns, 2.2673 us/op
WorkloadWarmup  13: 10300 op, 22765453.00 ns, 2.2102 us/op
WorkloadWarmup  14: 10300 op, 22968754.00 ns, 2.2300 us/op
WorkloadWarmup  15: 10300 op, 28639372.00 ns, 2.7805 us/op
WorkloadWarmup  16: 10300 op, 22827083.00 ns, 2.2162 us/op
WorkloadWarmup  17: 10300 op, 21230796.00 ns, 2.0612 us/op
WorkloadWarmup  18: 10300 op, 20860971.00 ns, 2.0253 us/op
WorkloadWarmup  19: 10300 op, 28496112.00 ns, 2.7666 us/op
WorkloadWarmup  20: 10300 op, 21023858.00 ns, 2.0412 us/op
WorkloadWarmup  21: 10300 op, 20490797.00 ns, 1.9894 us/op
WorkloadWarmup  22: 10300 op, 20306610.00 ns, 1.9715 us/op
WorkloadWarmup  23: 10300 op, 20397900.00 ns, 1.9804 us/op
WorkloadWarmup  24: 10300 op, 20721198.00 ns, 2.0118 us/op
WorkloadWarmup  25: 10300 op, 20866831.00 ns, 2.0259 us/op

// BeforeActualRun
WorkloadActual   1: 10300 op, 24198518.00 ns, 2.3494 us/op
WorkloadActual   2: 10300 op, 20362621.00 ns, 1.9770 us/op
WorkloadActual   3: 10300 op, 20254125.00 ns, 1.9664 us/op
WorkloadActual   4: 10300 op, 21218897.00 ns, 2.0601 us/op
WorkloadActual   5: 10300 op, 23631813.00 ns, 2.2944 us/op
WorkloadActual   6: 10300 op, 20386445.00 ns, 1.9793 us/op

// AfterActualRun
WorkloadResult   1: 10300 op, 24198518.00 ns, 2.3494 us/op
WorkloadResult   2: 10300 op, 20362621.00 ns, 1.9770 us/op
WorkloadResult   3: 10300 op, 20254125.00 ns, 1.9664 us/op
WorkloadResult   4: 10300 op, 21218897.00 ns, 2.0601 us/op
WorkloadResult   5: 10300 op, 23631813.00 ns, 2.2944 us/op
WorkloadResult   6: 10300 op, 20386445.00 ns, 1.9793 us/op
// GC:  0 0 0 0 10300
// Threading:  0 0 10300

// AfterAll
// Benchmark Process 20778 has exited with code 0.

Mean = 2.104 us, StdErr = 0.070 us (3.35%), N = 6, StdDev = 0.173 us
Min = 1.966 us, Q1 = 1.978 us, Median = 2.020 us, Q3 = 2.236 us, Max = 2.349 us
IQR = 0.258 us, LowerFence = 1.590 us, UpperFence = 2.623 us
ConfidenceInterval = [1.620 us; 2.588 us] (CI 99.9%), Margin = 0.484 us (23.00% of Mean)
Skewness = 0.48, Kurtosis = 1.08, MValue = 2

// ** Remained 5 (41.7 %) benchmark(s) to run. Estimated finish 2026-10-10 13:34 (0h 0m from now) **
// **************************
// Benchmark: CodecSuite.Run: campaign(EvaluateOverhead=False, Clock=Armonik.Ffi.Bdn.CpuClock, IterationCount=6, IterationTime=40ms, LaunchCount=1, RunStrategy=Throughput, WarmupCount=25) [Case=core-(...)|drop [40]]
// *** Execute ***
// Launch: 1 / 1
// Execute: dotnet BenchDotNet-campaign-1.dll --anonymousPipes 138 139 --benchmarkName "Armonik.Ffi.Bdn.CodecSuite.Run(Case: \"core-ffi|encode-core-hot|P2.4|ascii|drop\")" --job campaign --benchmarkId 7 in /home/user/ArmoniK.Api/ffi/poc/csharp/src/BenchDotNet/bin/Release/net8.0/BenchDotNet-campaign-1/bin/Release/net8.0
// BeforeAnythingElse

// Benchmark Process Environment Information:
// BenchmarkDotNet v0.15.8
// Runtime=.NET 8.0.31 (8.0.31, 8.0.3126.42015), X64 RyuJIT x86-64-v4
// GC=Concurrent Workstation
// HardwareIntrinsics=AVX512 IFMA+VBMI,AVX512 F+BW+CD+DQ+VL,AVX2+BMI1+BMI2+F16C+FMA+LZCNT+MOVBE,AVX,SSE3+SSSE3+SSE4.1+SSE4.2+POPCNT,X86Base+SSE+SSE2,AES+PCLMUL,AvxVnni,SERIALIZE VectorSize=256
// Job: campaign(EvaluateOverhead=False, Clock=Armonik.Ffi.Bdn.CpuClock, IterationCount=6, IterationTime=40ms, LaunchCount=1, RunStrategy=Throughput, WarmupCount=25)

OverheadJitting  1: 1 op, 258608.00 ns, 258.6080 us/op
WorkloadJitting  1: 1 op, 16250742.00 ns, 16.2507 ms/op

WorkloadPilot    1: 4 op, 17841104.00 ns, 4.4603 ms/op
WorkloadPilot    2: 9 op, 21302902.00 ns, 2.3670 ms/op
WorkloadPilot    3: 17 op, 41408313.00 ns, 2.4358 ms/op

WorkloadWarmup   1: 17 op, 43558164.00 ns, 2.5622 ms/op
WorkloadWarmup   2: 17 op, 38499708.00 ns, 2.2647 ms/op
WorkloadWarmup   3: 17 op, 39607052.00 ns, 2.3298 ms/op
WorkloadWarmup   4: 17 op, 45029155.00 ns, 2.6488 ms/op
WorkloadWarmup   5: 17 op, 30149850.00 ns, 1.7735 ms/op
WorkloadWarmup   6: 17 op, 33613973.00 ns, 1.9773 ms/op
WorkloadWarmup   7: 17 op, 34786170.00 ns, 2.0462 ms/op
WorkloadWarmup   8: 17 op, 29503114.00 ns, 1.7355 ms/op
WorkloadWarmup   9: 17 op, 29429681.00 ns, 1.7312 ms/op
WorkloadWarmup  10: 17 op, 28368803.00 ns, 1.6688 ms/op
WorkloadWarmup  11: 17 op, 27783588.00 ns, 1.6343 ms/op
WorkloadWarmup  12: 17 op, 27365816.00 ns, 1.6098 ms/op
WorkloadWarmup  13: 17 op, 28002026.00 ns, 1.6472 ms/op
WorkloadWarmup  14: 17 op, 31693059.00 ns, 1.8643 ms/op
WorkloadWarmup  15: 17 op, 32948210.00 ns, 1.9381 ms/op
WorkloadWarmup  16: 17 op, 48247966.00 ns, 2.8381 ms/op
WorkloadWarmup  17: 17 op, 36284466.00 ns, 2.1344 ms/op
WorkloadWarmup  18: 17 op, 29246871.00 ns, 1.7204 ms/op
WorkloadWarmup  19: 17 op, 40177155.00 ns, 2.3634 ms/op
WorkloadWarmup  20: 17 op, 32966543.00 ns, 1.9392 ms/op
WorkloadWarmup  21: 17 op, 41676503.00 ns, 2.4516 ms/op
WorkloadWarmup  22: 17 op, 33448603.00 ns, 1.9676 ms/op
WorkloadWarmup  23: 17 op, 30542855.00 ns, 1.7966 ms/op
WorkloadWarmup  24: 17 op, 29896379.00 ns, 1.7586 ms/op
WorkloadWarmup  25: 17 op, 33342932.00 ns, 1.9613 ms/op

// BeforeActualRun
WorkloadActual   1: 17 op, 41305131.00 ns, 2.4297 ms/op
WorkloadActual   2: 17 op, 31210879.00 ns, 1.8359 ms/op
WorkloadActual   3: 17 op, 30125577.00 ns, 1.7721 ms/op
WorkloadActual   4: 17 op, 31041616.00 ns, 1.8260 ms/op
WorkloadActual   5: 17 op, 32630190.00 ns, 1.9194 ms/op
WorkloadActual   6: 17 op, 30305616.00 ns, 1.7827 ms/op

// AfterActualRun
WorkloadResult   1: 17 op, 31210879.00 ns, 1.8359 ms/op
WorkloadResult   2: 17 op, 30125577.00 ns, 1.7721 ms/op
WorkloadResult   3: 17 op, 31041616.00 ns, 1.8260 ms/op
WorkloadResult   4: 17 op, 32630190.00 ns, 1.9194 ms/op
WorkloadResult   5: 17 op, 30305616.00 ns, 1.7827 ms/op
// GC:  0 0 0 0 17
// Threading:  0 0 17

// AfterAll
// Benchmark Process 20787 has exited with code 0.

Mean = 1.827 ms, StdErr = 0.026 ms (1.43%), N = 5, StdDev = 0.058 ms
Min = 1.772 ms, Q1 = 1.783 ms, Median = 1.826 ms, Q3 = 1.836 ms, Max = 1.919 ms
IQR = 0.053 ms, LowerFence = 1.703 ms, UpperFence = 1.916 ms
ConfidenceInterval = [1.603 ms; 2.052 ms] (CI 99.9%), Margin = 0.225 ms (12.29% of Mean)
Skewness = 0.53, Kurtosis = 1.48, MValue = 2

// ** Remained 4 (33.3 %) benchmark(s) to run. Estimated finish 2026-10-10 13:34 (0h 0m from now) **
// **************************
// Benchmark: CodecSuite.Run: campaign(EvaluateOverhead=False, Clock=Armonik.Ffi.Bdn.CpuClock, IterationCount=6, IterationTime=40ms, LaunchCount=1, RunStrategy=Throughput, WarmupCount=25) [Case=core-(...)etain [43]]
// *** Execute ***
// Launch: 1 / 1
// Execute: dotnet BenchDotNet-campaign-1.dll --anonymousPipes 138 139 --benchmarkName "Armonik.Ffi.Bdn.CodecSuite.Run(Case: \"core-ffi|encode-core-hot|P2.2|latin1|retain\")" --job campaign --benchmarkId 8 in /home/user/ArmoniK.Api/ffi/poc/csharp/src/BenchDotNet/bin/Release/net8.0/BenchDotNet-campaign-1/bin/Release/net8.0
// BeforeAnythingElse

// Benchmark Process Environment Information:
// BenchmarkDotNet v0.15.8
// Runtime=.NET 8.0.31 (8.0.31, 8.0.3126.42015), X64 RyuJIT x86-64-v4
// GC=Concurrent Workstation
// HardwareIntrinsics=AVX512 IFMA+VBMI,AVX512 F+BW+CD+DQ+VL,AVX2+BMI1+BMI2+F16C+FMA+LZCNT+MOVBE,AVX,SSE3+SSSE3+SSE4.1+SSE4.2+POPCNT,X86Base+SSE+SSE2,AES+PCLMUL,AvxVnni,SERIALIZE VectorSize=256
// Job: campaign(EvaluateOverhead=False, Clock=Armonik.Ffi.Bdn.CpuClock, IterationCount=6, IterationTime=40ms, LaunchCount=1, RunStrategy=Throughput, WarmupCount=25)

OverheadJitting  1: 1 op, 250023.00 ns, 250.0230 us/op
WorkloadJitting  1: 1 op, 16355371.00 ns, 16.3554 ms/op

WorkloadPilot    1: 4 op, 18459533.00 ns, 4.6149 ms/op
WorkloadPilot    2: 9 op, 28312977.00 ns, 3.1459 ms/op
WorkloadPilot    3: 13 op, 25761604.00 ns, 1.9817 ms/op
WorkloadPilot    4: 20 op, 43984298.00 ns, 2.1992 ms/op
WorkloadPilot    5: 18 op, 37665477.00 ns, 2.0925 ms/op

WorkloadWarmup   1: 18 op, 22632543.00 ns, 1.2574 ms/op
WorkloadWarmup   2: 18 op, 22539484.00 ns, 1.2522 ms/op
WorkloadWarmup   3: 18 op, 22920698.00 ns, 1.2734 ms/op
WorkloadWarmup   4: 18 op, 25390506.00 ns, 1.4106 ms/op
WorkloadWarmup   5: 18 op, 25133788.00 ns, 1.3963 ms/op
WorkloadWarmup   6: 18 op, 28258697.00 ns, 1.5699 ms/op
WorkloadWarmup   7: 18 op, 32660430.00 ns, 1.8145 ms/op
WorkloadWarmup   8: 18 op, 29633254.00 ns, 1.6463 ms/op
WorkloadWarmup   9: 18 op, 26089633.00 ns, 1.4494 ms/op
WorkloadWarmup  10: 18 op, 21892473.00 ns, 1.2162 ms/op
WorkloadWarmup  11: 18 op, 29516848.00 ns, 1.6398 ms/op
WorkloadWarmup  12: 18 op, 23277656.00 ns, 1.2932 ms/op
WorkloadWarmup  13: 18 op, 22461503.00 ns, 1.2479 ms/op
WorkloadWarmup  14: 18 op, 22337451.00 ns, 1.2410 ms/op
WorkloadWarmup  15: 18 op, 26426405.00 ns, 1.4681 ms/op
WorkloadWarmup  16: 18 op, 22933644.00 ns, 1.2741 ms/op
WorkloadWarmup  17: 18 op, 21940341.00 ns, 1.2189 ms/op
WorkloadWarmup  18: 18 op, 22595342.00 ns, 1.2553 ms/op
WorkloadWarmup  19: 18 op, 23236466.00 ns, 1.2909 ms/op
WorkloadWarmup  20: 18 op, 24284726.00 ns, 1.3492 ms/op
WorkloadWarmup  21: 18 op, 21037737.00 ns, 1.1688 ms/op
WorkloadWarmup  22: 18 op, 21465329.00 ns, 1.1925 ms/op
WorkloadWarmup  23: 18 op, 23463656.00 ns, 1.3035 ms/op
WorkloadWarmup  24: 18 op, 22764474.00 ns, 1.2647 ms/op
WorkloadWarmup  25: 18 op, 20704694.00 ns, 1.1503 ms/op

// BeforeActualRun
WorkloadActual   1: 18 op, 21298850.00 ns, 1.1833 ms/op
WorkloadActual   2: 18 op, 23305973.00 ns, 1.2948 ms/op
WorkloadActual   3: 18 op, 23415317.00 ns, 1.3009 ms/op
WorkloadActual   4: 18 op, 32871169.00 ns, 1.8262 ms/op
WorkloadActual   5: 18 op, 23343371.00 ns, 1.2969 ms/op
WorkloadActual   6: 18 op, 23346207.00 ns, 1.2970 ms/op

// AfterActualRun
WorkloadResult   1: 18 op, 21298850.00 ns, 1.1833 ms/op
WorkloadResult   2: 18 op, 23305973.00 ns, 1.2948 ms/op
WorkloadResult   3: 18 op, 23415317.00 ns, 1.3009 ms/op
WorkloadResult   4: 18 op, 23343371.00 ns, 1.2969 ms/op
WorkloadResult   5: 18 op, 23346207.00 ns, 1.2970 ms/op
// GC:  0 0 0 0 18
// Threading:  0 0 18

// AfterAll
// Benchmark Process 20796 has exited with code 0.

Mean = 1.275 ms, StdErr = 0.023 ms (1.79%), N = 5, StdDev = 0.051 ms
Min = 1.183 ms, Q1 = 1.295 ms, Median = 1.297 ms, Q3 = 1.297 ms, Max = 1.301 ms
IQR = 0.002 ms, LowerFence = 1.291 ms, UpperFence = 1.300 ms
ConfidenceInterval = [1.078 ms; 1.471 ms] (CI 99.9%), Margin = 0.197 ms (15.43% of Mean)
Skewness = -1.07, Kurtosis = 2.07, MValue = 2

// ** Remained 3 (25.0 %) benchmark(s) to run. Estimated finish 2026-10-10 13:34 (0h 0m from now) **
// **************************
// Benchmark: CodecSuite.Run: campaign(EvaluateOverhead=False, Clock=Armonik.Ffi.Bdn.CpuClock, IterationCount=6, IterationTime=40ms, LaunchCount=1, RunStrategy=Throughput, WarmupCount=25) [Case=core-(...)|drop [41]]
// *** Execute ***
// Launch: 1 / 1
// Execute: dotnet BenchDotNet-campaign-1.dll --anonymousPipes 138 139 --benchmarkName "Armonik.Ffi.Bdn.CodecSuite.Run(Case: \"core-ffi|encode-core-hot|P2.2|latin1|drop\")" --job campaign --benchmarkId 9 in /home/user/ArmoniK.Api/ffi/poc/csharp/src/BenchDotNet/bin/Release/net8.0/BenchDotNet-campaign-1/bin/Release/net8.0
// BeforeAnythingElse

// Benchmark Process Environment Information:
// BenchmarkDotNet v0.15.8
// Runtime=.NET 8.0.31 (8.0.31, 8.0.3126.42015), X64 RyuJIT x86-64-v4
// GC=Concurrent Workstation
// HardwareIntrinsics=AVX512 IFMA+VBMI,AVX512 F+BW+CD+DQ+VL,AVX2+BMI1+BMI2+F16C+FMA+LZCNT+MOVBE,AVX,SSE3+SSSE3+SSE4.1+SSE4.2+POPCNT,X86Base+SSE+SSE2,AES+PCLMUL,AvxVnni,SERIALIZE VectorSize=256
// Job: campaign(EvaluateOverhead=False, Clock=Armonik.Ffi.Bdn.CpuClock, IterationCount=6, IterationTime=40ms, LaunchCount=1, RunStrategy=Throughput, WarmupCount=25)

OverheadJitting  1: 1 op, 250017.00 ns, 250.0170 us/op
WorkloadJitting  1: 1 op, 13942606.00 ns, 13.9426 ms/op

WorkloadPilot    1: 4 op, 14216272.00 ns, 3.5541 ms/op
WorkloadPilot    2: 11 op, 22780212.00 ns, 2.0709 ms/op
WorkloadPilot    3: 19 op, 32149811.00 ns, 1.6921 ms/op
WorkloadPilot    4: 24 op, 39676835.00 ns, 1.6532 ms/op

WorkloadWarmup   1: 24 op, 40845021.00 ns, 1.7019 ms/op
WorkloadWarmup   2: 24 op, 38929322.00 ns, 1.6221 ms/op
WorkloadWarmup   3: 24 op, 44660010.00 ns, 1.8608 ms/op
WorkloadWarmup   4: 24 op, 41276476.00 ns, 1.7199 ms/op
WorkloadWarmup   5: 24 op, 41333352.00 ns, 1.7222 ms/op
WorkloadWarmup   6: 24 op, 45698883.00 ns, 1.9041 ms/op
WorkloadWarmup   7: 24 op, 29793394.00 ns, 1.2414 ms/op
WorkloadWarmup   8: 24 op, 31516732.00 ns, 1.3132 ms/op
WorkloadWarmup   9: 24 op, 30414886.00 ns, 1.2673 ms/op
WorkloadWarmup  10: 24 op, 29850729.00 ns, 1.2438 ms/op
WorkloadWarmup  11: 24 op, 45651598.00 ns, 1.9021 ms/op
WorkloadWarmup  12: 24 op, 31768431.00 ns, 1.3237 ms/op
WorkloadWarmup  13: 24 op, 37131325.00 ns, 1.5471 ms/op
WorkloadWarmup  14: 24 op, 28034502.00 ns, 1.1681 ms/op
WorkloadWarmup  15: 24 op, 27021443.00 ns, 1.1259 ms/op
WorkloadWarmup  16: 24 op, 30022440.00 ns, 1.2509 ms/op
WorkloadWarmup  17: 24 op, 30577417.00 ns, 1.2741 ms/op
WorkloadWarmup  18: 24 op, 29966537.00 ns, 1.2486 ms/op
WorkloadWarmup  19: 24 op, 29117329.00 ns, 1.2132 ms/op
WorkloadWarmup  20: 24 op, 28258140.00 ns, 1.1774 ms/op
WorkloadWarmup  21: 24 op, 28310813.00 ns, 1.1796 ms/op
WorkloadWarmup  22: 24 op, 27781564.00 ns, 1.1576 ms/op
WorkloadWarmup  23: 24 op, 36316265.00 ns, 1.5132 ms/op
WorkloadWarmup  24: 24 op, 28123366.00 ns, 1.1718 ms/op
WorkloadWarmup  25: 24 op, 31336819.00 ns, 1.3057 ms/op

// BeforeActualRun
WorkloadActual   1: 24 op, 28688475.00 ns, 1.1954 ms/op
WorkloadActual   2: 24 op, 28668468.00 ns, 1.1945 ms/op
WorkloadActual   3: 24 op, 29543148.00 ns, 1.2310 ms/op
WorkloadActual   4: 24 op, 29283315.00 ns, 1.2201 ms/op
WorkloadActual   5: 24 op, 29784402.00 ns, 1.2410 ms/op
WorkloadActual   6: 24 op, 29180752.00 ns, 1.2159 ms/op

// AfterActualRun
WorkloadResult   1: 24 op, 28688475.00 ns, 1.1954 ms/op
WorkloadResult   2: 24 op, 28668468.00 ns, 1.1945 ms/op
WorkloadResult   3: 24 op, 29543148.00 ns, 1.2310 ms/op
WorkloadResult   4: 24 op, 29283315.00 ns, 1.2201 ms/op
WorkloadResult   5: 24 op, 29784402.00 ns, 1.2410 ms/op
WorkloadResult   6: 24 op, 29180752.00 ns, 1.2159 ms/op
// GC:  0 0 0 0 24
// Threading:  0 0 24

// AfterAll
// Benchmark Process 20805 has exited with code 0.

Mean = 1.216 ms, StdErr = 0.008 ms (0.63%), N = 6, StdDev = 0.019 ms
Min = 1.195 ms, Q1 = 1.200 ms, Median = 1.218 ms, Q3 = 1.228 ms, Max = 1.241 ms
IQR = 0.028 ms, LowerFence = 1.159 ms, UpperFence = 1.270 ms
ConfidenceInterval = [1.164 ms; 1.269 ms] (CI 99.9%), Margin = 0.053 ms (4.32% of Mean)
Skewness = -0.03, Kurtosis = 1.13, MValue = 2

// ** Remained 2 (16.7 %) benchmark(s) to run. Estimated finish 2026-10-10 13:34 (0h 0m from now) **
// **************************
// Benchmark: CodecSuite.Run: campaign(EvaluateOverhead=False, Clock=Armonik.Ffi.Bdn.CpuClock, IterationCount=6, IterationTime=40ms, LaunchCount=1, RunStrategy=Throughput, WarmupCount=25) [Case=core-(...)etain [42]]
// *** Execute ***
// Launch: 1 / 1
// Execute: dotnet BenchDotNet-campaign-1.dll --anonymousPipes 138 139 --benchmarkName "Armonik.Ffi.Bdn.CodecSuite.Run(Case: \"core-ffi|encode-core-hot|P2.2|ascii|retain\")" --job campaign --benchmarkId 10 in /home/user/ArmoniK.Api/ffi/poc/csharp/src/BenchDotNet/bin/Release/net8.0/BenchDotNet-campaign-1/bin/Release/net8.0
// BeforeAnythingElse

// Benchmark Process Environment Information:
// BenchmarkDotNet v0.15.8
// Runtime=.NET 8.0.31 (8.0.31, 8.0.3126.42015), X64 RyuJIT x86-64-v4
// GC=Concurrent Workstation
// HardwareIntrinsics=AVX512 IFMA+VBMI,AVX512 F+BW+CD+DQ+VL,AVX2+BMI1+BMI2+F16C+FMA+LZCNT+MOVBE,AVX,SSE3+SSSE3+SSE4.1+SSE4.2+POPCNT,X86Base+SSE+SSE2,AES+PCLMUL,AvxVnni,SERIALIZE VectorSize=256
// Job: campaign(EvaluateOverhead=False, Clock=Armonik.Ffi.Bdn.CpuClock, IterationCount=6, IterationTime=40ms, LaunchCount=1, RunStrategy=Throughput, WarmupCount=25)

OverheadJitting  1: 1 op, 341786.00 ns, 341.7860 us/op
WorkloadJitting  1: 1 op, 17948202.00 ns, 17.9482 ms/op

WorkloadPilot    1: 4 op, 21369593.00 ns, 5.3424 ms/op
WorkloadPilot    2: 7 op, 23084039.00 ns, 3.2977 ms/op
WorkloadPilot    3: 12 op, 30021918.00 ns, 2.5018 ms/op
WorkloadPilot    4: 16 op, 31750101.00 ns, 1.9844 ms/op
WorkloadPilot    5: 20 op, 42471862.00 ns, 2.1236 ms/op

WorkloadWarmup   1: 20 op, 25768619.00 ns, 1.2884 ms/op
WorkloadWarmup   2: 20 op, 24607009.00 ns, 1.2304 ms/op
WorkloadWarmup   3: 20 op, 31439279.00 ns, 1.5720 ms/op
WorkloadWarmup   4: 20 op, 25679310.00 ns, 1.2840 ms/op
WorkloadWarmup   5: 20 op, 28522780.00 ns, 1.4261 ms/op
WorkloadWarmup   6: 20 op, 25379460.00 ns, 1.2690 ms/op
WorkloadWarmup   7: 20 op, 42229748.00 ns, 2.1115 ms/op
WorkloadWarmup   8: 20 op, 55525044.00 ns, 2.7763 ms/op
WorkloadWarmup   9: 20 op, 26187551.00 ns, 1.3094 ms/op
WorkloadWarmup  10: 20 op, 27418569.00 ns, 1.3709 ms/op
WorkloadWarmup  11: 20 op, 28298055.00 ns, 1.4149 ms/op
WorkloadWarmup  12: 20 op, 26717026.00 ns, 1.3359 ms/op
WorkloadWarmup  13: 20 op, 25516379.00 ns, 1.2758 ms/op
WorkloadWarmup  14: 20 op, 25089343.00 ns, 1.2545 ms/op
WorkloadWarmup  15: 20 op, 28525559.00 ns, 1.4263 ms/op
WorkloadWarmup  16: 20 op, 25393201.00 ns, 1.2697 ms/op
WorkloadWarmup  17: 20 op, 35697907.00 ns, 1.7849 ms/op
WorkloadWarmup  18: 20 op, 24846886.00 ns, 1.2423 ms/op
WorkloadWarmup  19: 20 op, 45823380.00 ns, 2.2912 ms/op
WorkloadWarmup  20: 20 op, 32597655.00 ns, 1.6299 ms/op
WorkloadWarmup  21: 20 op, 27538724.00 ns, 1.3769 ms/op
WorkloadWarmup  22: 20 op, 26056611.00 ns, 1.3028 ms/op
WorkloadWarmup  23: 20 op, 25220043.00 ns, 1.2610 ms/op
WorkloadWarmup  24: 20 op, 34617643.00 ns, 1.7309 ms/op
WorkloadWarmup  25: 20 op, 32213913.00 ns, 1.6107 ms/op

// BeforeActualRun
WorkloadActual   1: 20 op, 26578011.00 ns, 1.3289 ms/op
WorkloadActual   2: 20 op, 30811549.00 ns, 1.5406 ms/op
WorkloadActual   3: 20 op, 26276322.00 ns, 1.3138 ms/op
WorkloadActual   4: 20 op, 25918200.00 ns, 1.2959 ms/op
WorkloadActual   5: 20 op, 26147326.00 ns, 1.3074 ms/op
WorkloadActual   6: 20 op, 26549793.00 ns, 1.3275 ms/op

// AfterActualRun
WorkloadResult   1: 20 op, 26578011.00 ns, 1.3289 ms/op
WorkloadResult   2: 20 op, 26276322.00 ns, 1.3138 ms/op
WorkloadResult   3: 20 op, 25918200.00 ns, 1.2959 ms/op
WorkloadResult   4: 20 op, 26147326.00 ns, 1.3074 ms/op
WorkloadResult   5: 20 op, 26549793.00 ns, 1.3275 ms/op
// GC:  0 0 0 0 20
// Threading:  0 0 20

// AfterAll
// Benchmark Process 20814 has exited with code 0.

Mean = 1.315 ms, StdErr = 0.006 ms (0.47%), N = 5, StdDev = 0.014 ms
Min = 1.296 ms, Q1 = 1.307 ms, Median = 1.314 ms, Q3 = 1.327 ms, Max = 1.329 ms
IQR = 0.020 ms, LowerFence = 1.277 ms, UpperFence = 1.358 ms
ConfidenceInterval = [1.261 ms; 1.368 ms] (CI 99.9%), Margin = 0.054 ms (4.07% of Mean)
Skewness = -0.15, Kurtosis = 1.04, MValue = 2

// ** Remained 1 (8.3 %) benchmark(s) to run. Estimated finish 2026-10-10 13:34 (0h 0m from now) **
// **************************
// Benchmark: CodecSuite.Run: campaign(EvaluateOverhead=False, Clock=Armonik.Ffi.Bdn.CpuClock, IterationCount=6, IterationTime=40ms, LaunchCount=1, RunStrategy=Throughput, WarmupCount=25) [Case=core-(...)|drop [39]]
// *** Execute ***
// Launch: 1 / 1
// Execute: dotnet BenchDotNet-campaign-1.dll --anonymousPipes 138 139 --benchmarkName "Armonik.Ffi.Bdn.CodecSuite.Run(Case: \"core-ffi|encode-core-hot|P2.2|wide|drop\")" --job campaign --benchmarkId 11 in /home/user/ArmoniK.Api/ffi/poc/csharp/src/BenchDotNet/bin/Release/net8.0/BenchDotNet-campaign-1/bin/Release/net8.0
// BeforeAnythingElse

// Benchmark Process Environment Information:
// BenchmarkDotNet v0.15.8
// Runtime=.NET 8.0.31 (8.0.31, 8.0.3126.42015), X64 RyuJIT x86-64-v4
// GC=Concurrent Workstation
// HardwareIntrinsics=AVX512 IFMA+VBMI,AVX512 F+BW+CD+DQ+VL,AVX2+BMI1+BMI2+F16C+FMA+LZCNT+MOVBE,AVX,SSE3+SSSE3+SSE4.1+SSE4.2+POPCNT,X86Base+SSE+SSE2,AES+PCLMUL,AvxVnni,SERIALIZE VectorSize=256
// Job: campaign(EvaluateOverhead=False, Clock=Armonik.Ffi.Bdn.CpuClock, IterationCount=6, IterationTime=40ms, LaunchCount=1, RunStrategy=Throughput, WarmupCount=25)

OverheadJitting  1: 1 op, 287396.00 ns, 287.3960 us/op
WorkloadJitting  1: 1 op, 14935029.00 ns, 14.9350 ms/op

WorkloadPilot    1: 4 op, 15357477.00 ns, 3.8394 ms/op
WorkloadPilot    2: 10 op, 23878446.00 ns, 2.3878 ms/op
WorkloadPilot    3: 17 op, 31754092.00 ns, 1.8679 ms/op
WorkloadPilot    4: 21 op, 40026644.00 ns, 1.9060 ms/op

WorkloadWarmup   1: 21 op, 39492322.00 ns, 1.8806 ms/op
WorkloadWarmup   2: 21 op, 39483614.00 ns, 1.8802 ms/op
WorkloadWarmup   3: 21 op, 42385649.00 ns, 2.0184 ms/op
WorkloadWarmup   4: 21 op, 28233311.00 ns, 1.3444 ms/op
WorkloadWarmup   5: 21 op, 40502417.00 ns, 1.9287 ms/op
WorkloadWarmup   6: 21 op, 28151506.00 ns, 1.3405 ms/op
WorkloadWarmup   7: 21 op, 27549296.00 ns, 1.3119 ms/op
WorkloadWarmup   8: 21 op, 27270895.00 ns, 1.2986 ms/op
WorkloadWarmup   9: 21 op, 28740272.00 ns, 1.3686 ms/op
WorkloadWarmup  10: 21 op, 27762496.00 ns, 1.3220 ms/op
WorkloadWarmup  11: 21 op, 26947933.00 ns, 1.2832 ms/op
WorkloadWarmup  12: 21 op, 27841099.00 ns, 1.3258 ms/op
WorkloadWarmup  13: 21 op, 27959401.00 ns, 1.3314 ms/op
WorkloadWarmup  14: 21 op, 27440872.00 ns, 1.3067 ms/op
WorkloadWarmup  15: 21 op, 27152672.00 ns, 1.2930 ms/op
WorkloadWarmup  16: 21 op, 27814162.00 ns, 1.3245 ms/op
WorkloadWarmup  17: 21 op, 27977410.00 ns, 1.3323 ms/op
WorkloadWarmup  18: 21 op, 27429971.00 ns, 1.3062 ms/op
WorkloadWarmup  19: 21 op, 28419468.00 ns, 1.3533 ms/op
WorkloadWarmup  20: 21 op, 27836593.00 ns, 1.3256 ms/op
WorkloadWarmup  21: 21 op, 27878102.00 ns, 1.3275 ms/op
WorkloadWarmup  22: 21 op, 27355784.00 ns, 1.3027 ms/op
WorkloadWarmup  23: 21 op, 26388295.00 ns, 1.2566 ms/op
WorkloadWarmup  24: 21 op, 26394083.00 ns, 1.2569 ms/op
WorkloadWarmup  25: 21 op, 26627676.00 ns, 1.2680 ms/op

// BeforeActualRun
WorkloadActual   1: 21 op, 27339158.00 ns, 1.3019 ms/op
WorkloadActual   2: 21 op, 27219244.00 ns, 1.2962 ms/op
WorkloadActual   3: 21 op, 27372044.00 ns, 1.3034 ms/op
WorkloadActual   4: 21 op, 27736894.00 ns, 1.3208 ms/op
WorkloadActual   5: 21 op, 27494468.00 ns, 1.3093 ms/op
WorkloadActual   6: 21 op, 27691652.00 ns, 1.3187 ms/op

// AfterActualRun
WorkloadResult   1: 21 op, 27339158.00 ns, 1.3019 ms/op
WorkloadResult   2: 21 op, 27219244.00 ns, 1.2962 ms/op
WorkloadResult   3: 21 op, 27372044.00 ns, 1.3034 ms/op
WorkloadResult   4: 21 op, 27736894.00 ns, 1.3208 ms/op
WorkloadResult   5: 21 op, 27494468.00 ns, 1.3093 ms/op
WorkloadResult   6: 21 op, 27691652.00 ns, 1.3187 ms/op
// GC:  0 0 0 0 21
// Threading:  0 0 21

// AfterAll
// Benchmark Process 20826 has exited with code 0.

Mean = 1.308 ms, StdErr = 0.004 ms (0.30%), N = 6, StdDev = 0.010 ms
Min = 1.296 ms, Q1 = 1.302 ms, Median = 1.306 ms, Q3 = 1.316 ms, Max = 1.321 ms
IQR = 0.014 ms, LowerFence = 1.281 ms, UpperFence = 1.337 ms
ConfidenceInterval = [1.281 ms; 1.336 ms] (CI 99.9%), Margin = 0.027 ms (2.09% of Mean)
Skewness = 0.14, Kurtosis = 1.09, MValue = 2

// ** Remained 0 (0.0 %) benchmark(s) to run. Estimated finish 2026-10-10 13:34 (0h 0m from now) **
Run time: 00:00:22 (22.51 sec), executed benchmarks: 12

// ***** BenchmarkRunner: Finish  *****

// * Export *
  home/user/ArmoniK.Api/ffi/logs/csharp/opt/s15/ladder/new-r3g-dflt-full-r2.jsonl

// * Detailed results *
CodecSuite.Run: campaign(EvaluateOverhead=False, Clock=Armonik.Ffi.Bdn.CpuClock, IterationCount=6, IterationTime=40ms, LaunchCount=1, RunStrategy=Throughput, WarmupCount=25) [Case=core-(...)etain [42]]
Runtime = .NET 8.0.31 (8.0.31, 8.0.3126.42015), X64 RyuJIT x86-64-v4; GC = Concurrent Workstation
Mean = 1.175 ms, StdErr = 0.011 ms (0.96%), N = 6, StdDev = 0.028 ms
Min = 1.148 ms, Q1 = 1.153 ms, Median = 1.171 ms, Q3 = 1.192 ms, Max = 1.217 ms
IQR = 0.039 ms, LowerFence = 1.094 ms, UpperFence = 1.251 ms
ConfidenceInterval = [1.098 ms; 1.253 ms] (CI 99.9%), Margin = 0.077 ms (6.56% of Mean)
Skewness = 0.32, Kurtosis = 1.2, MValue = 2
-------------------- Histogram --------------------
[1.146 ms ; 1.185 ms) | @@@@
[1.185 ms ; 1.226 ms) | @@
---------------------------------------------------

CodecSuite.Run: campaign(EvaluateOverhead=False, Clock=Armonik.Ffi.Bdn.CpuClock, IterationCount=6, IterationTime=40ms, LaunchCount=1, RunStrategy=Throughput, WarmupCount=25) [Case=core-(...)|drop [40]]
Runtime = .NET 8.0.31 (8.0.31, 8.0.3126.42015), X64 RyuJIT x86-64-v4; GC = Concurrent Workstation
Mean = 1.172 ms, StdErr = 0.018 ms (1.53%), N = 6, StdDev = 0.044 ms
Min = 1.102 ms, Q1 = 1.152 ms, Median = 1.174 ms, Q3 = 1.201 ms, Max = 1.224 ms
IQR = 0.050 ms, LowerFence = 1.077 ms, UpperFence = 1.276 ms
ConfidenceInterval = [1.048 ms; 1.295 ms] (CI 99.9%), Margin = 0.123 ms (10.53% of Mean)
Skewness = -0.3, Kurtosis = 1.43, MValue = 2
-------------------- Histogram --------------------
[1.071 ms ; 1.145 ms) | @
[1.145 ms ; 1.209 ms) | @@@@
[1.209 ms ; 1.256 ms) | @
---------------------------------------------------

CodecSuite.Run: campaign(EvaluateOverhead=False, Clock=Armonik.Ffi.Bdn.CpuClock, IterationCount=6, IterationTime=40ms, LaunchCount=1, RunStrategy=Throughput, WarmupCount=25) [Case=core-(...)etain [56]]
Runtime = .NET 8.0.31 (8.0.31, 8.0.3126.42015), X64 RyuJIT x86-64-v4; GC = Concurrent Workstation
Mean = 2.505 us, StdErr = 0.053 us (2.11%), N = 5, StdDev = 0.118 us
Min = 2.361 us, Q1 = 2.434 us, Median = 2.523 us, Q3 = 2.530 us, Max = 2.676 us
IQR = 0.095 us, LowerFence = 2.292 us, UpperFence = 2.672 us
ConfidenceInterval = [2.050 us; 2.960 us] (CI 99.9%), Margin = 0.455 us (18.16% of Mean)
Skewness = 0.21, Kurtosis = 1.34, MValue = 2
-------------------- Histogram --------------------
[2.355 us ; 2.585 us) | @@@@
[2.585 us ; 2.766 us) | @
---------------------------------------------------

CodecSuite.Run: campaign(EvaluateOverhead=False, Clock=Armonik.Ffi.Bdn.CpuClock, IterationCount=6, IterationTime=40ms, LaunchCount=1, RunStrategy=Throughput, WarmupCount=25) [Case=core-(...)etain [43]]
Runtime = .NET 8.0.31 (8.0.31, 8.0.3126.42015), X64 RyuJIT x86-64-v4; GC = Concurrent Workstation
Mean = 1.275 ms, StdErr = 0.023 ms (1.79%), N = 5, StdDev = 0.051 ms
Min = 1.183 ms, Q1 = 1.295 ms, Median = 1.297 ms, Q3 = 1.297 ms, Max = 1.301 ms
IQR = 0.002 ms, LowerFence = 1.291 ms, UpperFence = 1.300 ms
ConfidenceInterval = [1.078 ms; 1.471 ms] (CI 99.9%), Margin = 0.197 ms (15.43% of Mean)
Skewness = -1.07, Kurtosis = 2.07, MValue = 2
-------------------- Histogram --------------------
[1.144 ms ; 1.222 ms) | @
[1.222 ms ; 1.259 ms) | 
[1.259 ms ; 1.340 ms) | @@@@
---------------------------------------------------

CodecSuite.Run: campaign(EvaluateOverhead=False, Clock=Armonik.Ffi.Bdn.CpuClock, IterationCount=6, IterationTime=40ms, LaunchCount=1, RunStrategy=Throughput, WarmupCount=25) [Case=core-(...)|drop [54]]
Runtime = .NET 8.0.31 (8.0.31, 8.0.3126.42015), X64 RyuJIT x86-64-v4; GC = Concurrent Workstation
Mean = 2.104 us, StdErr = 0.070 us (3.35%), N = 6, StdDev = 0.173 us
Min = 1.966 us, Q1 = 1.978 us, Median = 2.020 us, Q3 = 2.236 us, Max = 2.349 us
IQR = 0.258 us, LowerFence = 1.590 us, UpperFence = 2.623 us
ConfidenceInterval = [1.620 us; 2.588 us] (CI 99.9%), Margin = 0.484 us (23.00% of Mean)
Skewness = 0.48, Kurtosis = 1.08, MValue = 2
-------------------- Histogram --------------------
[1.889 us ; 2.197 us) | @@@@
[2.197 us ; 2.474 us) | @@
---------------------------------------------------

CodecSuite.Run: campaign(EvaluateOverhead=False, Clock=Armonik.Ffi.Bdn.CpuClock, IterationCount=6, IterationTime=40ms, LaunchCount=1, RunStrategy=Throughput, WarmupCount=25) [Case=core-(...)|drop [41]]
Runtime = .NET 8.0.31 (8.0.31, 8.0.3126.42015), X64 RyuJIT x86-64-v4; GC = Concurrent Workstation
Mean = 1.216 ms, StdErr = 0.008 ms (0.63%), N = 6, StdDev = 0.019 ms
Min = 1.195 ms, Q1 = 1.200 ms, Median = 1.218 ms, Q3 = 1.228 ms, Max = 1.241 ms
IQR = 0.028 ms, LowerFence = 1.159 ms, UpperFence = 1.270 ms
ConfidenceInterval = [1.164 ms; 1.269 ms] (CI 99.9%), Margin = 0.053 ms (4.32% of Mean)
Skewness = -0.03, Kurtosis = 1.13, MValue = 2
-------------------- Histogram --------------------
[1.181 ms ; 1.208 ms) | @@
[1.208 ms ; 1.242 ms) | @@@@
---------------------------------------------------

CodecSuite.Run: campaign(EvaluateOverhead=False, Clock=Armonik.Ffi.Bdn.CpuClock, IterationCount=6, IterationTime=40ms, LaunchCount=1, RunStrategy=Throughput, WarmupCount=25) [Case=core-(...)etain [41]]
Runtime = .NET 8.0.31 (8.0.31, 8.0.3126.42015), X64 RyuJIT x86-64-v4; GC = Concurrent Workstation
Mean = 1.347 ms, StdErr = 0.024 ms (1.81%), N = 6, StdDev = 0.060 ms
Min = 1.296 ms, Q1 = 1.299 ms, Median = 1.325 ms, Q3 = 1.398 ms, Max = 1.425 ms
IQR = 0.099 ms, LowerFence = 1.150 ms, UpperFence = 1.546 ms
ConfidenceInterval = [1.180 ms; 1.514 ms] (CI 99.9%), Margin = 0.167 ms (12.42% of Mean)
Skewness = 0.36, Kurtosis = 1, MValue = 2
-------------------- Histogram --------------------
[1.277 ms ; 1.377 ms) | @@@@
[1.377 ms ; 1.468 ms) | @@
---------------------------------------------------

CodecSuite.Run: campaign(EvaluateOverhead=False, Clock=Armonik.Ffi.Bdn.CpuClock, IterationCount=6, IterationTime=40ms, LaunchCount=1, RunStrategy=Throughput, WarmupCount=25) [Case=core-(...)|drop [40]]
Runtime = .NET 8.0.31 (8.0.31, 8.0.3126.42015), X64 RyuJIT x86-64-v4; GC = Concurrent Workstation
Mean = 1.138 ms, StdErr = 0.013 ms (1.17%), N = 6, StdDev = 0.033 ms
Min = 1.089 ms, Q1 = 1.116 ms, Median = 1.156 ms, Q3 = 1.159 ms, Max = 1.163 ms
IQR = 0.043 ms, LowerFence = 1.052 ms, UpperFence = 1.223 ms
ConfidenceInterval = [1.046 ms; 1.229 ms] (CI 99.9%), Margin = 0.092 ms (8.05% of Mean)
Skewness = -0.56, Kurtosis = 1.16, MValue = 2
-------------------- Histogram --------------------
[1.072 ms ; 1.135 ms) | @@
[1.135 ms ; 1.187 ms) | @@@@
---------------------------------------------------

CodecSuite.Run: campaign(EvaluateOverhead=False, Clock=Armonik.Ffi.Bdn.CpuClock, IterationCount=6, IterationTime=40ms, LaunchCount=1, RunStrategy=Throughput, WarmupCount=25) [Case=core-(...)etain [42]]
Runtime = .NET 8.0.31 (8.0.31, 8.0.3126.42015), X64 RyuJIT x86-64-v4; GC = Concurrent Workstation
Mean = 1.689 ms, StdErr = 0.044 ms (2.59%), N = 6, StdDev = 0.107 ms
Min = 1.554 ms, Q1 = 1.613 ms, Median = 1.685 ms, Q3 = 1.763 ms, Max = 1.833 ms
IQR = 0.150 ms, LowerFence = 1.388 ms, UpperFence = 1.988 ms
ConfidenceInterval = [1.388 ms; 1.990 ms] (CI 99.9%), Margin = 0.301 ms (17.82% of Mean)
Skewness = 0.06, Kurtosis = 1.1, MValue = 2
-------------------- Histogram --------------------
[1.519 ms ; 1.674 ms) | @@@
[1.674 ms ; 1.859 ms) | @@@
---------------------------------------------------

CodecSuite.Run: campaign(EvaluateOverhead=False, Clock=Armonik.Ffi.Bdn.CpuClock, IterationCount=6, IterationTime=40ms, LaunchCount=1, RunStrategy=Throughput, WarmupCount=25) [Case=core-(...)|drop [39]]
Runtime = .NET 8.0.31 (8.0.31, 8.0.3126.42015), X64 RyuJIT x86-64-v4; GC = Concurrent Workstation
Mean = 1.308 ms, StdErr = 0.004 ms (0.30%), N = 6, StdDev = 0.010 ms
Min = 1.296 ms, Q1 = 1.302 ms, Median = 1.306 ms, Q3 = 1.316 ms, Max = 1.321 ms
IQR = 0.014 ms, LowerFence = 1.281 ms, UpperFence = 1.337 ms
ConfidenceInterval = [1.281 ms; 1.336 ms] (CI 99.9%), Margin = 0.027 ms (2.09% of Mean)
Skewness = 0.14, Kurtosis = 1.09, MValue = 2
-------------------- Histogram --------------------
[1.289 ms ; 1.328 ms) | @@@@@@
---------------------------------------------------

CodecSuite.Run: campaign(EvaluateOverhead=False, Clock=Armonik.Ffi.Bdn.CpuClock, IterationCount=6, IterationTime=40ms, LaunchCount=1, RunStrategy=Throughput, WarmupCount=25) [Case=core-(...)|drop [40]]
Runtime = .NET 8.0.31 (8.0.31, 8.0.3126.42015), X64 RyuJIT x86-64-v4; GC = Concurrent Workstation
Mean = 1.827 ms, StdErr = 0.026 ms (1.43%), N = 5, StdDev = 0.058 ms
Min = 1.772 ms, Q1 = 1.783 ms, Median = 1.826 ms, Q3 = 1.836 ms, Max = 1.919 ms
IQR = 0.053 ms, LowerFence = 1.703 ms, UpperFence = 1.916 ms
ConfidenceInterval = [1.603 ms; 2.052 ms] (CI 99.9%), Margin = 0.225 ms (12.29% of Mean)
Skewness = 0.53, Kurtosis = 1.48, MValue = 2
-------------------- Histogram --------------------
[1.759 ms ; 1.875 ms) | @@@@
[1.875 ms ; 1.964 ms) | @
---------------------------------------------------

CodecSuite.Run: campaign(EvaluateOverhead=False, Clock=Armonik.Ffi.Bdn.CpuClock, IterationCount=6, IterationTime=40ms, LaunchCount=1, RunStrategy=Throughput, WarmupCount=25) [Case=core-(...)etain [42]]
Runtime = .NET 8.0.31 (8.0.31, 8.0.3126.42015), X64 RyuJIT x86-64-v4; GC = Concurrent Workstation
Mean = 1.315 ms, StdErr = 0.006 ms (0.47%), N = 5, StdDev = 0.014 ms
Min = 1.296 ms, Q1 = 1.307 ms, Median = 1.314 ms, Q3 = 1.327 ms, Max = 1.329 ms
IQR = 0.020 ms, LowerFence = 1.277 ms, UpperFence = 1.358 ms
ConfidenceInterval = [1.261 ms; 1.368 ms] (CI 99.9%), Margin = 0.054 ms (4.07% of Mean)
Skewness = -0.15, Kurtosis = 1.04, MValue = 2
-------------------- Histogram --------------------
[1.285 ms ; 1.335 ms) | @@@@@
---------------------------------------------------

// * Summary *

BenchmarkDotNet v0.15.8, Linux Ubuntu 24.04.4 LTS (Noble Numbat)
Intel Xeon Processor 2.10GHz, 1 CPU, 4 logical and 4 physical cores
.NET SDK 8.0.131
  [Host]   : .NET 8.0.31 (8.0.31, 8.0.3126.42015), X64 RyuJIT x86-64-v4
  campaign : .NET 8.0.31 (8.0.31, 8.0.3126.42015), X64 RyuJIT x86-64-v4

Job=campaign  EvaluateOverhead=False  Clock=Armonik.Ffi.Bdn.CpuClock  
IterationCount=6  IterationTime=40ms  LaunchCount=1  
RunStrategy=Throughput  WarmupCount=25  

| Method | Case                 | Mean         | Error       | StdDev      | Allocated |
|------- |--------------------- |-------------:|------------:|------------:|----------:|
| Run    | core-(...)etain [42] | 1,175.408 us |  77.1442 us |  27.5104 us |         - |
| Run    | core-(...)|drop [40] | 1,171.551 us | 123.3587 us |  43.9909 us |         - |
| Run    | core-(...)etain [56] |     2.505 us |   0.4549 us |   0.1181 us |         - |
| Run    | core-(...)etain [43] | 1,274.552 us | 196.6749 us |  51.0758 us |         - |
| Run    | core-(...)|drop [54] |     2.104 us |   0.4841 us |   0.1726 us |         - |
| Run    | core-(...)|drop [41] | 1,216.309 us |  52.5222 us |  18.7299 us |         - |
| Run    | core-(...)etain [41] | 1,347.027 us | 167.2729 us |  59.6511 us |         - |
| Run    | core-(...)|drop [40] | 1,137.642 us |  91.5729 us |  32.6558 us |         - |
| Run    | core-(...)etain [42] | 1,688.981 us | 300.8929 us | 107.3013 us |         - |
| Run    | core-(...)|drop [39] | 1,308.361 us |  27.3900 us |   9.7675 us |         - |
| Run    | core-(...)|drop [40] | 1,827.222 us | 224.5407 us |  58.3125 us |         - |
| Run    | core-(...)etain [42] | 1,314.697 us |  53.5246 us |  13.9002 us |         - |

// * Legends *
  Case      : Value of the 'Case' parameter
  Mean      : Arithmetic mean of all measurements
  Error     : Half of 99.9% confidence interval
  StdDev    : Standard deviation of all measurements
  Allocated : Allocated memory per single operation (managed only, inclusive, 1KB = 1024B)
  1 us      : 1 Microsecond (0.000001 sec)

// * Diagnostic Output - AkProcessCpu *

// * Diagnostic Output - MemoryDiagnoser *


// ***** BenchmarkRunner: End *****
Global total time: 00:00:44 (44.2 sec), executed benchmarks: 12
// * Artifacts cleanup *
Artifacts cleanup is finished
