# engine:         BenchmarkDotNet 0.15.8.0 (CAMPAIGN.md 22a), toolchain BDN's default, ONE CHILD PROCESS PER CASE (the campaign's native isolation, req 22a as amended e6c909630); process CPU per iteration from the child's clock reads, each pair checked against BDN's wall measurement; the JIT tier is NOT read back (the children's JIT events are not visible here), so the jit check below is vacuous in this mode, pinned by the runner
# grid:           core (CAMPAIGN section 4.0, D18; AK_CAMPAIGN_GRID=core): arms incumbent-prod (full build only), core-ffi (FSM decode, D24) and host-gen (retain in the full build, no-unknown in its build); encode-transport-hot (end state ii, one hot graph) and decode-read; the 16 shapes, P7.1 decode only; Latin-1 and wide on P2.2 only; U-* rows U-nested-before, U-deep-u-repeated, U-oneof-u-repeated, U-wire-ListTaskSummaryResponse-tasks-as-wt5, U-wire-UploadResultDataMessage-upload-as-wt5, U-wire-ListMetricsResponse-batches-as-wt0, U-wire-DualResponse-left-as-wt5 (encode-transport-hot and decode-read). Extras left out (AK_CAMPAIGN_GRID=full runs them): incumbent-best, core-ffi-push (push decode), core-ffi-pull, bare decode, encode at end state (i) and with a pool input, decode-reencode, the drop mode, the incumbent in the no-unknown build, content sets on P1.2 and P2.4, the other U-* rows timed (all stay in the correctness checks)
# allocator:      default (readback at process start: a 16 MiB malloc came from the mmapped (mallinfo2; the block kept, never freed); no heap pre-grow (owner, 2026-10-03): BDN's warm-up runs the real call path, and minflt per row shows whether it sufficed; under the default toolchain each child probes once, on its case's first row as alloc_probe; GLIBC_TUNABLES=unset; CAMPAIGN req 25 as amended 2026-10-03, D9: the main figures run glibc's default allocator as production does; the pinned pass (glibc.malloc.trim_threshold=268435456:glibc.malloc.mmap_threshold=33554432) is a labelled diagnostic; every row carries `alloc` and `minflt`, the process's minor page faults over the iteration (getrusage, read by the job's clock beside the CPU clock), so faults per call = minflt / iters)
# runtime:        .NET 8.0.31; TieredCompilation=default TieredPGO=0 (net8.0 defaults unless set); GC server=False, concurrent (default)
# incumbent:      Google.Protobuf 3.32.0
# build:          full (WP5 step 10; the loaded core checked to be the same variant by its u-family exports)
# managed codec:  plan utf8=reject unknown=drop
# job:            launch 2; 6 actual iterations (rounds) per case, 25 warm-up iterations (the same for every case) after BDN's jitting stage (1 overhead + 1 workload jitting invocation per case, logged by BDN in the .bdn.log, not exported) and pilot, iteration time 40 ms (the pilot picks the invocation count per case), strategy Throughput, EvaluateOverhead=false (no overhead subtraction anywhere)
# clocks:         per iteration (every row with round >= 1): wall (Stopwatch) AND process CPU (CLOCK_PROCESS_CPUTIME_ID of this process: every thread, GC and JIT included; CAMPAIGN req 21 as amended, R-H25), both read by the job's clock (CpuClock, Job.WithClock) at the start and end of the same iteration window, exported RAW (no outlier removal, no overhead subtraction); BDN's forced GCs between iterations are outside the window; the round-0 row of each case is a summary of the whole actual stage (span_cpu_ns, span_wall_ns), not a sample
# threads:        thread pool min 2 worker / 1 IO, max 32767 worker / 1000 IO, 0 pool thread(s) now; 2 logical CPUs visible; the codec suite creates no core runtime (no RPC call is made); the timed loop runs on BDN's one thread
# encode:         CAMPAIGN req 11 (R-H29): dir encode = pool input + reused buffer; encode-hot = one graph + reused buffer; encode-transport = pool + the Grpc.Net form; encode-transport-hot = one graph + the Grpc.Net form. Reused buffer: incumbent-prod CalculateSize + WriteTo(IBufferWriter) and incumbent-best WriteTo(IBufferWriter) into one BufWriter, host-gen into its one Enc, core-ffi into the core's encode buffer (ak_encode_*/ak_uencode_*; that buffer is also what cell C hands the core's transport, and host-gen's Enc what cell E hands it, so their transport forms on the core's transport ARE the buffer rows). Grpc.Net form (cells A, F, D): the serializer the RPC grid's marshaller runs (RootOps.SerInc/SerHost/SerFfi), into a frame like Grpc.Net.Client 2.71's GrpcCallSerializationContext: one ArrayPool array, the 5-byte gRPC header, the body, the array returned after (GrpcFrame.cs); incumbent-best has no gRPC path and no transport row. Pool: distinct graphs built in the case's setup whose RETAINED heap is >= 28835840 bytes (2 x AK_LLC_BYTES, default 13.75 MB; AK_POOL_BYTES overrides; per row pool_graphs and pool_bytes), round robin one graph per call; a hot input is a pool of one (the same Next() per call); graph construction is never in the timed window
# U-* rows:       CAMPAIGN req 7 (R-H27): the 92 accepted, non-disputed U-* rows at the shapes core's 7 ABI roots, through this timed shapes core: encode-hot (a graph the arm decoded from the row, untimed; retain arms re-emit the unknown fields, drop arms the dropped form), decode, decode-read, and decode-reencode (a labelled extra; no incumbent-best row)
# content sets:   CAMPAIGN req 7 (R-H26): ascii, latin1 and wide on P1.2, P2.2, P2.4; ascii only elsewhere
# order:          seeded shuffles (below); ratios, where the aggregation forms them, come from per-launch medians (CAMPAIGN req 30): every unit is its own process
# process unit:   all cases; this launch's unit order: core-ffi:drop, core-ffi:retain (a seeded shuffle, seed 15838; within this process the cases run in a seeded shuffle too, seed 209458, the 2 prime cases first; requirement 22 as amended, R-H23)
# warm-up:        BenchmarkDotNet's own, per case: its jitting stage, pilot and the warm-up iterations of the job line (req 24; WP9 addendum: no hand-written pre-warm and no settle wait; the 2 prime cases below are BDN cases); the JIT tier is read back per case and a case that measured hot code at tier 0 fails the unit outside --smoke (the jit check below)
# correctness:    4525 pre-timing checks passed (byte identity of every encode arm per payload and content set; every arm accepts every unknown row; on every unknown row core-ffi retain and host-gen retain re-encode to the incumbent's bytes, i.e. the unknown fields are kept: requirement 10)
# cases:          10 exported, after 2 prime case(s) run first and not exported (copies of the first cases, content "prime"): BDN cases like any other, kept because without them the first case of a process measures BDN's own first-touched runtime helpers (SpanHelpers.Fill) at tier 0 (JOURNAL 51, 62)
# strings:        D21 string encode path AK_STR_ENC=E1R (K 64) (E0 .NET UTF-8 into native staging + ak_tc_bytes; E1 the string pinned + ak_tc_utf16; E2 the C# transcoder callback into the core's buffer; ETH:<n> E1 from n UTF-16 units, E0 below); Cases.Verify checks every path's bytes
# memory:         AK_BDN_MEMORY=1: BenchmarkDotNet's MemoryDiagnoser (an exploration switch, not a campaign setting): one extra workload iteration per case AFTER the actual stage, at the actual stage's invocation count, outside the job's clock (no exported sample is affected); on each case's first sample row mem_alloc_bytes_per_op (GC.GetTotalAllocatedBytes(precise), every thread, divided by its operations), mem_gen = [gen0, gen1, gen2] collections during it, mem_ops its operations, mem_alloc_bytes its total
# cpus:           this process: 2 CPU(s) in its affinity mask (sched_getaffinity), Environment.ProcessorCount 2; single-CPU guard (JOURNAL 73): a timed process (host or BDN child) with ONE CPU is refused unless AK_ALLOW_SINGLE_CPU=1 (here: unset); each case's first row carries cpus_affinity, cpus_runtime and single_cpu_override as its own process saw them
// Validating benchmarks:
// ***** BenchmarkRunner: Start   *****
// ***** Found 12 benchmark(s) in total *****
// ***** Building 1 exe(s) in Parallel: Start   *****
Unable to find .sln or .csproj file. Will use current directory /home/user/ArmoniK.Api/ffi/poc/csharp to search for project file. If you don't use .sln file on purpose it should not be a problem.
// start dotnet  restore --nodeReuse:false /p:UseSharedCompilation=false /p:Deterministic=true /p:Optimize=true /p:ArtifactsPath="/home/user/ArmoniK.Api/ffi/poc/csharp/src/BenchDotNet/bin/Release/net8.0/BenchDotNet-campaign-1/" /p:OutDir="/home/user/ArmoniK.Api/ffi/poc/csharp/src/BenchDotNet/bin/Release/net8.0/BenchDotNet-campaign-1/bin/Release/net8.0/" /p:OutputPath="/home/user/ArmoniK.Api/ffi/poc/csharp/src/BenchDotNet/bin/Release/net8.0/BenchDotNet-campaign-1/bin/Release/net8.0/" /p:PublishDir="/home/user/ArmoniK.Api/ffi/poc/csharp/src/BenchDotNet/bin/Release/net8.0/BenchDotNet-campaign-1/publish/" in /home/user/ArmoniK.Api/ffi/poc/csharp/src/BenchDotNet/bin/Release/net8.0/BenchDotNet-campaign-1
// command took 1.91 sec and exited with 0
// start dotnet  build -c Release --no-restore --nodeReuse:false /p:UseSharedCompilation=false /p:Deterministic=true /p:Optimize=true /p:ArtifactsPath="/home/user/ArmoniK.Api/ffi/poc/csharp/src/BenchDotNet/bin/Release/net8.0/BenchDotNet-campaign-1/" /p:OutDir="/home/user/ArmoniK.Api/ffi/poc/csharp/src/BenchDotNet/bin/Release/net8.0/BenchDotNet-campaign-1/bin/Release/net8.0/" /p:OutputPath="/home/user/ArmoniK.Api/ffi/poc/csharp/src/BenchDotNet/bin/Release/net8.0/BenchDotNet-campaign-1/bin/Release/net8.0/" /p:PublishDir="/home/user/ArmoniK.Api/ffi/poc/csharp/src/BenchDotNet/bin/Release/net8.0/BenchDotNet-campaign-1/publish/" --output "/home/user/ArmoniK.Api/ffi/poc/csharp/src/BenchDotNet/bin/Release/net8.0/BenchDotNet-campaign-1/bin/Release/net8.0/" in /home/user/ArmoniK.Api/ffi/poc/csharp/src/BenchDotNet/bin/Release/net8.0/BenchDotNet-campaign-1
// command took 17.26 sec and exited with 0
// ***** Done, took 00:00:19 (19.27 sec)   *****
// Found 12 benchmarks:
//   CodecSuite.Run: campaign(EvaluateOverhead=False, Clock=Armonik.Ffi.Bdn.CpuClock, IterationCount=6, IterationTime=40ms, LaunchCount=1, RunStrategy=Throughput, WarmupCount=25) [Case=core-(...)etain [42]]
//   CodecSuite.Run: campaign(EvaluateOverhead=False, Clock=Armonik.Ffi.Bdn.CpuClock, IterationCount=6, IterationTime=40ms, LaunchCount=1, RunStrategy=Throughput, WarmupCount=25) [Case=core-(...)|drop [40]]
//   CodecSuite.Run: campaign(EvaluateOverhead=False, Clock=Armonik.Ffi.Bdn.CpuClock, IterationCount=6, IterationTime=40ms, LaunchCount=1, RunStrategy=Throughput, WarmupCount=25) [Case=core-(...)etain [42]]
//   CodecSuite.Run: campaign(EvaluateOverhead=False, Clock=Armonik.Ffi.Bdn.CpuClock, IterationCount=6, IterationTime=40ms, LaunchCount=1, RunStrategy=Throughput, WarmupCount=25) [Case=core-(...)etain [41]]
//   CodecSuite.Run: campaign(EvaluateOverhead=False, Clock=Armonik.Ffi.Bdn.CpuClock, IterationCount=6, IterationTime=40ms, LaunchCount=1, RunStrategy=Throughput, WarmupCount=25) [Case=core-(...)etain [56]]
//   CodecSuite.Run: campaign(EvaluateOverhead=False, Clock=Armonik.Ffi.Bdn.CpuClock, IterationCount=6, IterationTime=40ms, LaunchCount=1, RunStrategy=Throughput, WarmupCount=25) [Case=core-(...)|drop [40]]
//   CodecSuite.Run: campaign(EvaluateOverhead=False, Clock=Armonik.Ffi.Bdn.CpuClock, IterationCount=6, IterationTime=40ms, LaunchCount=1, RunStrategy=Throughput, WarmupCount=25) [Case=core-(...)|drop [54]]
//   CodecSuite.Run: campaign(EvaluateOverhead=False, Clock=Armonik.Ffi.Bdn.CpuClock, IterationCount=6, IterationTime=40ms, LaunchCount=1, RunStrategy=Throughput, WarmupCount=25) [Case=core-(...)|drop [40]]
//   CodecSuite.Run: campaign(EvaluateOverhead=False, Clock=Armonik.Ffi.Bdn.CpuClock, IterationCount=6, IterationTime=40ms, LaunchCount=1, RunStrategy=Throughput, WarmupCount=25) [Case=core-(...)etain [43]]
//   CodecSuite.Run: campaign(EvaluateOverhead=False, Clock=Armonik.Ffi.Bdn.CpuClock, IterationCount=6, IterationTime=40ms, LaunchCount=1, RunStrategy=Throughput, WarmupCount=25) [Case=core-(...)|drop [41]]
//   CodecSuite.Run: campaign(EvaluateOverhead=False, Clock=Armonik.Ffi.Bdn.CpuClock, IterationCount=6, IterationTime=40ms, LaunchCount=1, RunStrategy=Throughput, WarmupCount=25) [Case=core-(...)etain [42]]
//   CodecSuite.Run: campaign(EvaluateOverhead=False, Clock=Armonik.Ffi.Bdn.CpuClock, IterationCount=6, IterationTime=40ms, LaunchCount=1, RunStrategy=Throughput, WarmupCount=25) [Case=core-(...)|drop [39]]

// **************************
// Benchmark: CodecSuite.Run: campaign(EvaluateOverhead=False, Clock=Armonik.Ffi.Bdn.CpuClock, IterationCount=6, IterationTime=40ms, LaunchCount=1, RunStrategy=Throughput, WarmupCount=25) [Case=core-(...)etain [42]]
// *** Execute ***
// Launch: 1 / 1
// Execute: dotnet BenchDotNet-campaign-1.dll --anonymousPipes 138 139 --benchmarkName "Armonik.Ffi.Bdn.CodecSuite.Run(Case: \"core-ffi|encode-core-hot|P2.2|prime|retain\")" --job campaign --benchmarkId 0 in /home/user/ArmoniK.Api/ffi/poc/csharp/src/BenchDotNet/bin/Release/net8.0/BenchDotNet-campaign-1/bin/Release/net8.0
// BeforeAnythingElse

// Benchmark Process Environment Information:
// BenchmarkDotNet v0.15.8
// Runtime=.NET 8.0.31 (8.0.31, 8.0.3126.42015), X64 RyuJIT x86-64-v4
// GC=Concurrent Workstation
// HardwareIntrinsics=AVX512 IFMA+VBMI,AVX512 F+BW+CD+DQ+VL,AVX2+BMI1+BMI2+F16C+FMA+LZCNT+MOVBE,AVX,SSE3+SSSE3+SSE4.1+SSE4.2+POPCNT,X86Base+SSE+SSE2,AES+PCLMUL,AvxVnni,SERIALIZE VectorSize=256
// Job: campaign(EvaluateOverhead=False, Clock=Armonik.Ffi.Bdn.CpuClock, IterationCount=6, IterationTime=40ms, LaunchCount=1, RunStrategy=Throughput, WarmupCount=25)

OverheadJitting  1: 1 op, 341687.00 ns, 341.6870 us/op
WorkloadJitting  1: 1 op, 25522510.00 ns, 25.5225 ms/op

WorkloadPilot    1: 4 op, 25804430.00 ns, 6.4511 ms/op
WorkloadPilot    2: 6 op, 21809430.00 ns, 3.6349 ms/op
WorkloadPilot    3: 11 op, 21257626.00 ns, 1.9325 ms/op
WorkloadPilot    4: 21 op, 54862795.00 ns, 2.6125 ms/op
WorkloadPilot    5: 15 op, 38075516.00 ns, 2.5384 ms/op

WorkloadWarmup   1: 15 op, 33761278.00 ns, 2.2508 ms/op
WorkloadWarmup   2: 15 op, 28097905.00 ns, 1.8732 ms/op
WorkloadWarmup   3: 15 op, 32017350.00 ns, 2.1345 ms/op
WorkloadWarmup   4: 15 op, 32242386.00 ns, 2.1495 ms/op
WorkloadWarmup   5: 15 op, 30373216.00 ns, 2.0249 ms/op
WorkloadWarmup   6: 15 op, 22122400.00 ns, 1.4748 ms/op
WorkloadWarmup   7: 15 op, 25394468.00 ns, 1.6930 ms/op
WorkloadWarmup   8: 15 op, 28758573.00 ns, 1.9172 ms/op
WorkloadWarmup   9: 15 op, 23698759.00 ns, 1.5799 ms/op
WorkloadWarmup  10: 15 op, 35414032.00 ns, 2.3609 ms/op
WorkloadWarmup  11: 15 op, 31934482.00 ns, 2.1290 ms/op
WorkloadWarmup  12: 15 op, 30693049.00 ns, 2.0462 ms/op
WorkloadWarmup  13: 15 op, 25324447.00 ns, 1.6883 ms/op
WorkloadWarmup  14: 15 op, 22371143.00 ns, 1.4914 ms/op
WorkloadWarmup  15: 15 op, 23566361.00 ns, 1.5711 ms/op
WorkloadWarmup  16: 15 op, 21994020.00 ns, 1.4663 ms/op
WorkloadWarmup  17: 15 op, 24970024.00 ns, 1.6647 ms/op
WorkloadWarmup  18: 15 op, 21622999.00 ns, 1.4415 ms/op
WorkloadWarmup  19: 15 op, 30622660.00 ns, 2.0415 ms/op
WorkloadWarmup  20: 15 op, 25744215.00 ns, 1.7163 ms/op
WorkloadWarmup  21: 15 op, 26968233.00 ns, 1.7979 ms/op
WorkloadWarmup  22: 15 op, 23000205.00 ns, 1.5333 ms/op
WorkloadWarmup  23: 15 op, 24716434.00 ns, 1.6478 ms/op
WorkloadWarmup  24: 15 op, 23061554.00 ns, 1.5374 ms/op
WorkloadWarmup  25: 15 op, 24544208.00 ns, 1.6363 ms/op

// BeforeActualRun
WorkloadActual   1: 15 op, 47297925.00 ns, 3.1532 ms/op
WorkloadActual   2: 15 op, 25469506.00 ns, 1.6980 ms/op
WorkloadActual   3: 15 op, 33901861.00 ns, 2.2601 ms/op
WorkloadActual   4: 15 op, 27480547.00 ns, 1.8320 ms/op
WorkloadActual   5: 15 op, 28217223.00 ns, 1.8811 ms/op
WorkloadActual   6: 15 op, 36424554.00 ns, 2.4283 ms/op

// AfterActualRun
WorkloadResult   1: 15 op, 47297925.00 ns, 3.1532 ms/op
WorkloadResult   2: 15 op, 25469506.00 ns, 1.6980 ms/op
WorkloadResult   3: 15 op, 33901861.00 ns, 2.2601 ms/op
WorkloadResult   4: 15 op, 27480547.00 ns, 1.8320 ms/op
WorkloadResult   5: 15 op, 28217223.00 ns, 1.8811 ms/op
WorkloadResult   6: 15 op, 36424554.00 ns, 2.4283 ms/op
// GC:  0 0 0 0 15
// Threading:  0 0 15

// AfterAll
// Benchmark Process 23240 has exited with code 0.

Mean = 2.209 ms, StdErr = 0.220 ms (9.96%), N = 6, StdDev = 0.539 ms
Min = 1.698 ms, Q1 = 1.844 ms, Median = 2.071 ms, Q3 = 2.386 ms, Max = 3.153 ms
IQR = 0.542 ms, LowerFence = 1.031 ms, UpperFence = 3.199 ms
ConfidenceInterval = [0.697 ms; 3.720 ms] (CI 99.9%), Margin = 1.512 ms (68.44% of Mean)
Skewness = 0.67, Kurtosis = 1.77, MValue = 2.4

// ** Remained 11 (91.7 %) benchmark(s) to run. Estimated finish 2026-10-10 13:46 (0h 0m from now) **
// **************************
// Benchmark: CodecSuite.Run: campaign(EvaluateOverhead=False, Clock=Armonik.Ffi.Bdn.CpuClock, IterationCount=6, IterationTime=40ms, LaunchCount=1, RunStrategy=Throughput, WarmupCount=25) [Case=core-(...)|drop [40]]
// *** Execute ***
// Launch: 1 / 1
// Execute: dotnet BenchDotNet-campaign-1.dll --anonymousPipes 138 139 --benchmarkName "Armonik.Ffi.Bdn.CodecSuite.Run(Case: \"core-ffi|encode-core-hot|P2.2|prime|drop\")" --job campaign --benchmarkId 1 in /home/user/ArmoniK.Api/ffi/poc/csharp/src/BenchDotNet/bin/Release/net8.0/BenchDotNet-campaign-1/bin/Release/net8.0
// BeforeAnythingElse

// Benchmark Process Environment Information:
// BenchmarkDotNet v0.15.8
// Runtime=.NET 8.0.31 (8.0.31, 8.0.3126.42015), X64 RyuJIT x86-64-v4
// GC=Concurrent Workstation
// HardwareIntrinsics=AVX512 IFMA+VBMI,AVX512 F+BW+CD+DQ+VL,AVX2+BMI1+BMI2+F16C+FMA+LZCNT+MOVBE,AVX,SSE3+SSSE3+SSE4.1+SSE4.2+POPCNT,X86Base+SSE+SSE2,AES+PCLMUL,AvxVnni,SERIALIZE VectorSize=256
// Job: campaign(EvaluateOverhead=False, Clock=Armonik.Ffi.Bdn.CpuClock, IterationCount=6, IterationTime=40ms, LaunchCount=1, RunStrategy=Throughput, WarmupCount=25)

OverheadJitting  1: 1 op, 280229.00 ns, 280.2290 us/op
WorkloadJitting  1: 1 op, 19110634.00 ns, 19.1106 ms/op

WorkloadPilot    1: 4 op, 17538936.00 ns, 4.3847 ms/op
WorkloadPilot    2: 9 op, 26546776.00 ns, 2.9496 ms/op
WorkloadPilot    3: 14 op, 24535852.00 ns, 1.7526 ms/op
WorkloadPilot    4: 23 op, 49021195.00 ns, 2.1314 ms/op
WorkloadPilot    5: 19 op, 53750072.00 ns, 2.8290 ms/op
WorkloadPilot    6: 14 op, 21823357.00 ns, 1.5588 ms/op
WorkloadPilot    7: 26 op, 43211336.00 ns, 1.6620 ms/op

WorkloadWarmup   1: 26 op, 34942787.00 ns, 1.3440 ms/op
WorkloadWarmup   2: 26 op, 40530389.00 ns, 1.5589 ms/op
WorkloadWarmup   3: 26 op, 35525997.00 ns, 1.3664 ms/op
WorkloadWarmup   4: 26 op, 44192921.00 ns, 1.6997 ms/op
WorkloadWarmup   5: 26 op, 38634595.00 ns, 1.4859 ms/op
WorkloadWarmup   6: 26 op, 38858698.00 ns, 1.4946 ms/op
WorkloadWarmup   7: 26 op, 38204898.00 ns, 1.4694 ms/op
WorkloadWarmup   8: 26 op, 37828875.00 ns, 1.4550 ms/op
WorkloadWarmup   9: 26 op, 35935506.00 ns, 1.3821 ms/op
WorkloadWarmup  10: 26 op, 35472818.00 ns, 1.3643 ms/op
WorkloadWarmup  11: 26 op, 35958007.00 ns, 1.3830 ms/op
WorkloadWarmup  12: 26 op, 43574619.00 ns, 1.6759 ms/op
WorkloadWarmup  13: 26 op, 46347696.00 ns, 1.7826 ms/op
WorkloadWarmup  14: 26 op, 35413744.00 ns, 1.3621 ms/op
WorkloadWarmup  15: 26 op, 37507157.00 ns, 1.4426 ms/op
WorkloadWarmup  16: 26 op, 37919682.00 ns, 1.4584 ms/op
WorkloadWarmup  17: 26 op, 37389863.00 ns, 1.4381 ms/op
WorkloadWarmup  18: 26 op, 36183399.00 ns, 1.3917 ms/op
WorkloadWarmup  19: 26 op, 53827523.00 ns, 2.0703 ms/op
WorkloadWarmup  20: 26 op, 43489851.00 ns, 1.6727 ms/op
WorkloadWarmup  21: 26 op, 43624634.00 ns, 1.6779 ms/op
WorkloadWarmup  22: 26 op, 43304863.00 ns, 1.6656 ms/op
WorkloadWarmup  23: 26 op, 36326526.00 ns, 1.3972 ms/op
WorkloadWarmup  24: 26 op, 35139844.00 ns, 1.3515 ms/op
WorkloadWarmup  25: 26 op, 40293110.00 ns, 1.5497 ms/op

// BeforeActualRun
WorkloadActual   1: 26 op, 45920393.00 ns, 1.7662 ms/op
WorkloadActual   2: 26 op, 41324913.00 ns, 1.5894 ms/op
WorkloadActual   3: 26 op, 41538318.00 ns, 1.5976 ms/op
WorkloadActual   4: 26 op, 41962096.00 ns, 1.6139 ms/op
WorkloadActual   5: 26 op, 35656256.00 ns, 1.3714 ms/op
WorkloadActual   6: 26 op, 33923156.00 ns, 1.3047 ms/op

// AfterActualRun
WorkloadResult   1: 26 op, 45920393.00 ns, 1.7662 ms/op
WorkloadResult   2: 26 op, 41324913.00 ns, 1.5894 ms/op
WorkloadResult   3: 26 op, 41538318.00 ns, 1.5976 ms/op
WorkloadResult   4: 26 op, 41962096.00 ns, 1.6139 ms/op
WorkloadResult   5: 26 op, 35656256.00 ns, 1.3714 ms/op
WorkloadResult   6: 26 op, 33923156.00 ns, 1.3047 ms/op
// GC:  0 0 0 0 26
// Threading:  0 0 26

// AfterAll
// Benchmark Process 23250 has exited with code 0.

Mean = 1.541 ms, StdErr = 0.070 ms (4.53%), N = 6, StdDev = 0.171 ms
Min = 1.305 ms, Q1 = 1.426 ms, Median = 1.594 ms, Q3 = 1.610 ms, Max = 1.766 ms
IQR = 0.184 ms, LowerFence = 1.150 ms, UpperFence = 1.886 ms
ConfidenceInterval = [1.061 ms; 2.020 ms] (CI 99.9%), Margin = 0.479 ms (31.12% of Mean)
Skewness = -0.19, Kurtosis = 1.28, MValue = 3

// ** Remained 10 (83.3 %) benchmark(s) to run. Estimated finish 2026-10-10 13:46 (0h 0m from now) **
// **************************
// Benchmark: CodecSuite.Run: campaign(EvaluateOverhead=False, Clock=Armonik.Ffi.Bdn.CpuClock, IterationCount=6, IterationTime=40ms, LaunchCount=1, RunStrategy=Throughput, WarmupCount=25) [Case=core-(...)etain [42]]
// *** Execute ***
// Launch: 1 / 1
// Execute: dotnet BenchDotNet-campaign-1.dll --anonymousPipes 138 139 --benchmarkName "Armonik.Ffi.Bdn.CodecSuite.Run(Case: \"core-ffi|encode-core-hot|P2.4|ascii|retain\")" --job campaign --benchmarkId 2 in /home/user/ArmoniK.Api/ffi/poc/csharp/src/BenchDotNet/bin/Release/net8.0/BenchDotNet-campaign-1/bin/Release/net8.0
// BeforeAnythingElse

// Benchmark Process Environment Information:
// BenchmarkDotNet v0.15.8
// Runtime=.NET 8.0.31 (8.0.31, 8.0.3126.42015), X64 RyuJIT x86-64-v4
// GC=Concurrent Workstation
// HardwareIntrinsics=AVX512 IFMA+VBMI,AVX512 F+BW+CD+DQ+VL,AVX2+BMI1+BMI2+F16C+FMA+LZCNT+MOVBE,AVX,SSE3+SSSE3+SSE4.1+SSE4.2+POPCNT,X86Base+SSE+SSE2,AES+PCLMUL,AvxVnni,SERIALIZE VectorSize=256
// Job: campaign(EvaluateOverhead=False, Clock=Armonik.Ffi.Bdn.CpuClock, IterationCount=6, IterationTime=40ms, LaunchCount=1, RunStrategy=Throughput, WarmupCount=25)

OverheadJitting  1: 1 op, 251677.00 ns, 251.6770 us/op
WorkloadJitting  1: 1 op, 15548534.00 ns, 15.5485 ms/op

WorkloadPilot    1: 4 op, 14375382.00 ns, 3.5938 ms/op
WorkloadPilot    2: 11 op, 24037521.00 ns, 2.1852 ms/op
WorkloadPilot    3: 18 op, 39572350.00 ns, 2.1985 ms/op

WorkloadWarmup   1: 18 op, 40318990.00 ns, 2.2399 ms/op
WorkloadWarmup   2: 18 op, 39513595.00 ns, 2.1952 ms/op
WorkloadWarmup   3: 18 op, 36487817.00 ns, 2.0271 ms/op
WorkloadWarmup   4: 18 op, 33893816.00 ns, 1.8830 ms/op
WorkloadWarmup   5: 18 op, 34227770.00 ns, 1.9015 ms/op
WorkloadWarmup   6: 18 op, 34609881.00 ns, 1.9228 ms/op
WorkloadWarmup   7: 18 op, 36291071.00 ns, 2.0162 ms/op
WorkloadWarmup   8: 18 op, 38278302.00 ns, 2.1266 ms/op
WorkloadWarmup   9: 18 op, 41937283.00 ns, 2.3298 ms/op
WorkloadWarmup  10: 18 op, 35148561.00 ns, 1.9527 ms/op
WorkloadWarmup  11: 18 op, 34794130.00 ns, 1.9330 ms/op
WorkloadWarmup  12: 18 op, 34535392.00 ns, 1.9186 ms/op
WorkloadWarmup  13: 18 op, 34207180.00 ns, 1.9004 ms/op
WorkloadWarmup  14: 18 op, 44835104.00 ns, 2.4908 ms/op
WorkloadWarmup  15: 18 op, 41829305.00 ns, 2.3239 ms/op
WorkloadWarmup  16: 18 op, 34490769.00 ns, 1.9162 ms/op
WorkloadWarmup  17: 18 op, 38882914.00 ns, 2.1602 ms/op
WorkloadWarmup  18: 18 op, 34540045.00 ns, 1.9189 ms/op
WorkloadWarmup  19: 18 op, 44761135.00 ns, 2.4867 ms/op
WorkloadWarmup  20: 18 op, 33715853.00 ns, 1.8731 ms/op
WorkloadWarmup  21: 18 op, 35198568.00 ns, 1.9555 ms/op
WorkloadWarmup  22: 18 op, 35332738.00 ns, 1.9629 ms/op
WorkloadWarmup  23: 18 op, 36331638.00 ns, 2.0184 ms/op
WorkloadWarmup  24: 18 op, 38130317.00 ns, 2.1184 ms/op
WorkloadWarmup  25: 18 op, 35266758.00 ns, 1.9593 ms/op

// BeforeActualRun
WorkloadActual   1: 18 op, 34405774.00 ns, 1.9114 ms/op
WorkloadActual   2: 18 op, 35574681.00 ns, 1.9764 ms/op
WorkloadActual   3: 18 op, 39656908.00 ns, 2.2032 ms/op
WorkloadActual   4: 18 op, 35842282.00 ns, 1.9912 ms/op
WorkloadActual   5: 18 op, 39235698.00 ns, 2.1798 ms/op
WorkloadActual   6: 18 op, 42495485.00 ns, 2.3609 ms/op

// AfterActualRun
WorkloadResult   1: 18 op, 34405774.00 ns, 1.9114 ms/op
WorkloadResult   2: 18 op, 35574681.00 ns, 1.9764 ms/op
WorkloadResult   3: 18 op, 39656908.00 ns, 2.2032 ms/op
WorkloadResult   4: 18 op, 35842282.00 ns, 1.9912 ms/op
WorkloadResult   5: 18 op, 39235698.00 ns, 2.1798 ms/op
WorkloadResult   6: 18 op, 42495485.00 ns, 2.3609 ms/op
// GC:  0 0 0 0 18
// Threading:  0 0 18

// AfterAll
// Benchmark Process 23259 has exited with code 0.

Mean = 2.104 ms, StdErr = 0.070 ms (3.33%), N = 6, StdDev = 0.172 ms
Min = 1.911 ms, Q1 = 1.980 ms, Median = 2.085 ms, Q3 = 2.197 ms, Max = 2.361 ms
IQR = 0.217 ms, LowerFence = 1.654 ms, UpperFence = 2.523 ms
ConfidenceInterval = [1.622 ms; 2.586 ms] (CI 99.9%), Margin = 0.482 ms (22.90% of Mean)
Skewness = 0.26, Kurtosis = 1.2, MValue = 2

// ** Remained 9 (75.0 %) benchmark(s) to run. Estimated finish 2026-10-10 13:46 (0h 0m from now) **
// **************************
// Benchmark: CodecSuite.Run: campaign(EvaluateOverhead=False, Clock=Armonik.Ffi.Bdn.CpuClock, IterationCount=6, IterationTime=40ms, LaunchCount=1, RunStrategy=Throughput, WarmupCount=25) [Case=core-(...)etain [41]]
// *** Execute ***
// Launch: 1 / 1
// Execute: dotnet BenchDotNet-campaign-1.dll --anonymousPipes 138 139 --benchmarkName "Armonik.Ffi.Bdn.CodecSuite.Run(Case: \"core-ffi|encode-core-hot|P2.2|wide|retain\")" --job campaign --benchmarkId 3 in /home/user/ArmoniK.Api/ffi/poc/csharp/src/BenchDotNet/bin/Release/net8.0/BenchDotNet-campaign-1/bin/Release/net8.0
// BeforeAnythingElse

// Benchmark Process Environment Information:
// BenchmarkDotNet v0.15.8
// Runtime=.NET 8.0.31 (8.0.31, 8.0.3126.42015), X64 RyuJIT x86-64-v4
// GC=Concurrent Workstation
// HardwareIntrinsics=AVX512 IFMA+VBMI,AVX512 F+BW+CD+DQ+VL,AVX2+BMI1+BMI2+F16C+FMA+LZCNT+MOVBE,AVX,SSE3+SSSE3+SSE4.1+SSE4.2+POPCNT,X86Base+SSE+SSE2,AES+PCLMUL,AvxVnni,SERIALIZE VectorSize=256
// Job: campaign(EvaluateOverhead=False, Clock=Armonik.Ffi.Bdn.CpuClock, IterationCount=6, IterationTime=40ms, LaunchCount=1, RunStrategy=Throughput, WarmupCount=25)

OverheadJitting  1: 1 op, 294151.00 ns, 294.1510 us/op
WorkloadJitting  1: 1 op, 19422838.00 ns, 19.4228 ms/op

WorkloadPilot    1: 4 op, 15245662.00 ns, 3.8114 ms/op
WorkloadPilot    2: 10 op, 25377139.00 ns, 2.5377 ms/op
WorkloadPilot    3: 16 op, 29813756.00 ns, 1.8634 ms/op
WorkloadPilot    4: 21 op, 44401606.00 ns, 2.1144 ms/op
WorkloadPilot    5: 19 op, 34912119.00 ns, 1.8375 ms/op
WorkloadPilot    6: 22 op, 34053420.00 ns, 1.5479 ms/op
WorkloadPilot    7: 26 op, 51778006.00 ns, 1.9915 ms/op
WorkloadPilot    8: 20 op, 30113041.00 ns, 1.5057 ms/op
WorkloadPilot    9: 27 op, 40520289.00 ns, 1.5008 ms/op

WorkloadWarmup   1: 27 op, 43183942.00 ns, 1.5994 ms/op
WorkloadWarmup   2: 27 op, 48663903.00 ns, 1.8024 ms/op
WorkloadWarmup   3: 27 op, 45227774.00 ns, 1.6751 ms/op
WorkloadWarmup   4: 27 op, 45363905.00 ns, 1.6801 ms/op
WorkloadWarmup   5: 27 op, 70088677.00 ns, 2.5959 ms/op
WorkloadWarmup   6: 27 op, 54068977.00 ns, 2.0026 ms/op
WorkloadWarmup   7: 27 op, 48387062.00 ns, 1.7921 ms/op
WorkloadWarmup   8: 27 op, 42924702.00 ns, 1.5898 ms/op
WorkloadWarmup   9: 27 op, 49179417.00 ns, 1.8215 ms/op
WorkloadWarmup  10: 27 op, 43113360.00 ns, 1.5968 ms/op
WorkloadWarmup  11: 27 op, 42739857.00 ns, 1.5830 ms/op
WorkloadWarmup  12: 27 op, 42618453.00 ns, 1.5785 ms/op
WorkloadWarmup  13: 27 op, 43795846.00 ns, 1.6221 ms/op
WorkloadWarmup  14: 27 op, 43736169.00 ns, 1.6199 ms/op
WorkloadWarmup  15: 27 op, 44589649.00 ns, 1.6515 ms/op
WorkloadWarmup  16: 27 op, 42418450.00 ns, 1.5711 ms/op
WorkloadWarmup  17: 27 op, 44710062.00 ns, 1.6559 ms/op
WorkloadWarmup  18: 27 op, 41882620.00 ns, 1.5512 ms/op
WorkloadWarmup  19: 27 op, 45947059.00 ns, 1.7017 ms/op
WorkloadWarmup  20: 27 op, 45814750.00 ns, 1.6968 ms/op
WorkloadWarmup  21: 27 op, 46820507.00 ns, 1.7341 ms/op
WorkloadWarmup  22: 27 op, 40237373.00 ns, 1.4903 ms/op
WorkloadWarmup  23: 27 op, 40851363.00 ns, 1.5130 ms/op
WorkloadWarmup  24: 27 op, 40902414.00 ns, 1.5149 ms/op
WorkloadWarmup  25: 27 op, 41870293.00 ns, 1.5508 ms/op

// BeforeActualRun
WorkloadActual   1: 27 op, 44383536.00 ns, 1.6438 ms/op
WorkloadActual   2: 27 op, 51925326.00 ns, 1.9232 ms/op
WorkloadActual   3: 27 op, 52308891.00 ns, 1.9374 ms/op
WorkloadActual   4: 27 op, 51216616.00 ns, 1.8969 ms/op
WorkloadActual   5: 27 op, 44636057.00 ns, 1.6532 ms/op
WorkloadActual   6: 27 op, 41198674.00 ns, 1.5259 ms/op

// AfterActualRun
WorkloadResult   1: 27 op, 44383536.00 ns, 1.6438 ms/op
WorkloadResult   2: 27 op, 51925326.00 ns, 1.9232 ms/op
WorkloadResult   3: 27 op, 52308891.00 ns, 1.9374 ms/op
WorkloadResult   4: 27 op, 51216616.00 ns, 1.8969 ms/op
WorkloadResult   5: 27 op, 44636057.00 ns, 1.6532 ms/op
WorkloadResult   6: 27 op, 41198674.00 ns, 1.5259 ms/op
// GC:  0 0 0 0 27
// Threading:  0 0 27

// AfterAll
// Benchmark Process 23268 has exited with code 0.

Mean = 1.763 ms, StdErr = 0.072 ms (4.10%), N = 6, StdDev = 0.177 ms
Min = 1.526 ms, Q1 = 1.646 ms, Median = 1.775 ms, Q3 = 1.917 ms, Max = 1.937 ms
IQR = 0.270 ms, LowerFence = 1.241 ms, UpperFence = 2.322 ms
ConfidenceInterval = [1.267 ms; 2.259 ms] (CI 99.9%), Margin = 0.496 ms (28.13% of Mean)
Skewness = -0.14, Kurtosis = 0.92, MValue = 2

// ** Remained 8 (66.7 %) benchmark(s) to run. Estimated finish 2026-10-10 13:46 (0h 0m from now) **
// **************************
// Benchmark: CodecSuite.Run: campaign(EvaluateOverhead=False, Clock=Armonik.Ffi.Bdn.CpuClock, IterationCount=6, IterationTime=40ms, LaunchCount=1, RunStrategy=Throughput, WarmupCount=25) [Case=core-(...)etain [56]]
// *** Execute ***
// Launch: 1 / 1
// Execute: dotnet BenchDotNet-campaign-1.dll --anonymousPipes 138 139 --benchmarkName "Armonik.Ffi.Bdn.CodecSuite.Run(Case: \"core-ffi|encode-core-hot|U-deep-u-repeated|corpus|retain\")" --job campaign --benchmarkId 4 in /home/user/ArmoniK.Api/ffi/poc/csharp/src/BenchDotNet/bin/Release/net8.0/BenchDotNet-campaign-1/bin/Release/net8.0
// BeforeAnythingElse

// Benchmark Process Environment Information:
// BenchmarkDotNet v0.15.8
// Runtime=.NET 8.0.31 (8.0.31, 8.0.3126.42015), X64 RyuJIT x86-64-v4
// GC=Concurrent Workstation
// HardwareIntrinsics=AVX512 IFMA+VBMI,AVX512 F+BW+CD+DQ+VL,AVX2+BMI1+BMI2+F16C+FMA+LZCNT+MOVBE,AVX,SSE3+SSSE3+SSE4.1+SSE4.2+POPCNT,X86Base+SSE+SSE2,AES+PCLMUL,AvxVnni,SERIALIZE VectorSize=256
// Job: campaign(EvaluateOverhead=False, Clock=Armonik.Ffi.Bdn.CpuClock, IterationCount=6, IterationTime=40ms, LaunchCount=1, RunStrategy=Throughput, WarmupCount=25)

OverheadJitting  1: 1 op, 243802.00 ns, 243.8020 us/op
WorkloadJitting  1: 1 op, 10533357.00 ns, 10.5334 ms/op

WorkloadPilot    1: 4 op, 32374.00 ns, 8.0935 us/op
WorkloadPilot    2: 4942 op, 15674811.00 ns, 3.1718 us/op
WorkloadPilot    3: 12611 op, 40130586.00 ns, 3.1822 us/op
WorkloadPilot    4: 12570 op, 42321794.00 ns, 3.3669 us/op
WorkloadPilot    5: 11880 op, 47186796.00 ns, 3.9720 us/op

WorkloadWarmup   1: 11880 op, 38282691.00 ns, 3.2224 us/op
WorkloadWarmup   2: 11880 op, 37914978.00 ns, 3.1915 us/op
WorkloadWarmup   3: 11880 op, 40619728.00 ns, 3.4192 us/op
WorkloadWarmup   4: 11880 op, 42037230.00 ns, 3.5385 us/op
WorkloadWarmup   5: 11880 op, 34056365.00 ns, 2.8667 us/op
WorkloadWarmup   6: 11880 op, 36073455.00 ns, 3.0365 us/op
WorkloadWarmup   7: 11880 op, 32856239.00 ns, 2.7657 us/op
WorkloadWarmup   8: 11880 op, 32539150.00 ns, 2.7390 us/op
WorkloadWarmup   9: 11880 op, 32829762.00 ns, 2.7634 us/op
WorkloadWarmup  10: 11880 op, 32893870.00 ns, 2.7688 us/op
WorkloadWarmup  11: 11880 op, 34376682.00 ns, 2.8937 us/op
WorkloadWarmup  12: 11880 op, 33291943.00 ns, 2.8024 us/op
WorkloadWarmup  13: 11880 op, 32528837.00 ns, 2.7381 us/op
WorkloadWarmup  14: 11880 op, 33892388.00 ns, 2.8529 us/op
WorkloadWarmup  15: 11880 op, 33316625.00 ns, 2.8044 us/op
WorkloadWarmup  16: 11880 op, 32397629.00 ns, 2.7271 us/op
WorkloadWarmup  17: 11880 op, 34024064.00 ns, 2.8640 us/op
WorkloadWarmup  18: 11880 op, 34068501.00 ns, 2.8677 us/op
WorkloadWarmup  19: 11880 op, 46916232.00 ns, 3.9492 us/op
WorkloadWarmup  20: 11880 op, 35602268.00 ns, 2.9968 us/op
WorkloadWarmup  21: 11880 op, 34012830.00 ns, 2.8630 us/op
WorkloadWarmup  22: 11880 op, 35230164.00 ns, 2.9655 us/op
WorkloadWarmup  23: 11880 op, 34398776.00 ns, 2.8955 us/op
WorkloadWarmup  24: 11880 op, 34513660.00 ns, 2.9052 us/op
WorkloadWarmup  25: 11880 op, 34135695.00 ns, 2.8734 us/op

// BeforeActualRun
WorkloadActual   1: 11880 op, 34522511.00 ns, 2.9059 us/op
WorkloadActual   2: 11880 op, 33301961.00 ns, 2.8032 us/op
WorkloadActual   3: 11880 op, 33250296.00 ns, 2.7988 us/op
WorkloadActual   4: 11880 op, 34185213.00 ns, 2.8775 us/op
WorkloadActual   5: 11880 op, 44204141.00 ns, 3.7209 us/op
WorkloadActual   6: 11880 op, 33788079.00 ns, 2.8441 us/op

// AfterActualRun
WorkloadResult   1: 11880 op, 34522511.00 ns, 2.9059 us/op
WorkloadResult   2: 11880 op, 33301961.00 ns, 2.8032 us/op
WorkloadResult   3: 11880 op, 33250296.00 ns, 2.7988 us/op
WorkloadResult   4: 11880 op, 34185213.00 ns, 2.8775 us/op
WorkloadResult   5: 11880 op, 33788079.00 ns, 2.8441 us/op
// GC:  0 0 0 0 11880
// Threading:  0 0 11880

// AfterAll
// Benchmark Process 23280 has exited with code 0.

Mean = 2.846 us, StdErr = 0.021 us (0.73%), N = 5, StdDev = 0.046 us
Min = 2.799 us, Q1 = 2.803 us, Median = 2.844 us, Q3 = 2.878 us, Max = 2.906 us
IQR = 0.074 us, LowerFence = 2.692 us, UpperFence = 2.989 us
ConfidenceInterval = [2.667 us; 3.025 us] (CI 99.9%), Margin = 0.179 us (6.29% of Mean)
Skewness = 0.13, Kurtosis = 0.95, MValue = 2

// ** Remained 7 (58.3 %) benchmark(s) to run. Estimated finish 2026-10-10 13:46 (0h 0m from now) **
// **************************
// Benchmark: CodecSuite.Run: campaign(EvaluateOverhead=False, Clock=Armonik.Ffi.Bdn.CpuClock, IterationCount=6, IterationTime=40ms, LaunchCount=1, RunStrategy=Throughput, WarmupCount=25) [Case=core-(...)|drop [40]]
// *** Execute ***
// Launch: 1 / 1
// Execute: dotnet BenchDotNet-campaign-1.dll --anonymousPipes 138 139 --benchmarkName "Armonik.Ffi.Bdn.CodecSuite.Run(Case: \"core-ffi|encode-core-hot|P2.2|ascii|drop\")" --job campaign --benchmarkId 5 in /home/user/ArmoniK.Api/ffi/poc/csharp/src/BenchDotNet/bin/Release/net8.0/BenchDotNet-campaign-1/bin/Release/net8.0
// BeforeAnythingElse

// Benchmark Process Environment Information:
// BenchmarkDotNet v0.15.8
// Runtime=.NET 8.0.31 (8.0.31, 8.0.3126.42015), X64 RyuJIT x86-64-v4
// GC=Concurrent Workstation
// HardwareIntrinsics=AVX512 IFMA+VBMI,AVX512 F+BW+CD+DQ+VL,AVX2+BMI1+BMI2+F16C+FMA+LZCNT+MOVBE,AVX,SSE3+SSSE3+SSE4.1+SSE4.2+POPCNT,X86Base+SSE+SSE2,AES+PCLMUL,AvxVnni,SERIALIZE VectorSize=256
// Job: campaign(EvaluateOverhead=False, Clock=Armonik.Ffi.Bdn.CpuClock, IterationCount=6, IterationTime=40ms, LaunchCount=1, RunStrategy=Throughput, WarmupCount=25)

OverheadJitting  1: 1 op, 426297.00 ns, 426.2970 us/op
WorkloadJitting  1: 1 op, 14334284.00 ns, 14.3343 ms/op

WorkloadPilot    1: 4 op, 19260754.00 ns, 4.8152 ms/op
WorkloadPilot    2: 8 op, 23408249.00 ns, 2.9260 ms/op
WorkloadPilot    3: 14 op, 22735190.00 ns, 1.6239 ms/op
WorkloadPilot    4: 25 op, 40074657.00 ns, 1.6030 ms/op

WorkloadWarmup   1: 25 op, 41480297.00 ns, 1.6592 ms/op
WorkloadWarmup   2: 25 op, 43200438.00 ns, 1.7280 ms/op
WorkloadWarmup   3: 25 op, 39336009.00 ns, 1.5734 ms/op
WorkloadWarmup   4: 25 op, 35550854.00 ns, 1.4220 ms/op
WorkloadWarmup   5: 25 op, 36788724.00 ns, 1.4715 ms/op
WorkloadWarmup   6: 25 op, 41728337.00 ns, 1.6691 ms/op
WorkloadWarmup   7: 25 op, 43093269.00 ns, 1.7237 ms/op
WorkloadWarmup   8: 25 op, 34371878.00 ns, 1.3749 ms/op
WorkloadWarmup   9: 25 op, 48561204.00 ns, 1.9424 ms/op
WorkloadWarmup  10: 25 op, 43974126.00 ns, 1.7590 ms/op
WorkloadWarmup  11: 25 op, 48061977.00 ns, 1.9225 ms/op
WorkloadWarmup  12: 25 op, 54949539.00 ns, 2.1980 ms/op
WorkloadWarmup  13: 25 op, 40553070.00 ns, 1.6221 ms/op
WorkloadWarmup  14: 25 op, 36002211.00 ns, 1.4401 ms/op
WorkloadWarmup  15: 25 op, 47050407.00 ns, 1.8820 ms/op
WorkloadWarmup  16: 25 op, 53274540.00 ns, 2.1310 ms/op
WorkloadWarmup  17: 25 op, 34399557.00 ns, 1.3760 ms/op
WorkloadWarmup  18: 25 op, 41013981.00 ns, 1.6406 ms/op
WorkloadWarmup  19: 25 op, 35744873.00 ns, 1.4298 ms/op
WorkloadWarmup  20: 25 op, 33409580.00 ns, 1.3364 ms/op
WorkloadWarmup  21: 25 op, 34777064.00 ns, 1.3911 ms/op
WorkloadWarmup  22: 25 op, 33532762.00 ns, 1.3413 ms/op
WorkloadWarmup  23: 25 op, 33776698.00 ns, 1.3511 ms/op
WorkloadWarmup  24: 25 op, 35696514.00 ns, 1.4279 ms/op
WorkloadWarmup  25: 25 op, 44062316.00 ns, 1.7625 ms/op

// BeforeActualRun
WorkloadActual   1: 25 op, 32716869.00 ns, 1.3087 ms/op
WorkloadActual   2: 25 op, 32982961.00 ns, 1.3193 ms/op
WorkloadActual   3: 25 op, 32814735.00 ns, 1.3126 ms/op
WorkloadActual   4: 25 op, 32620850.00 ns, 1.3048 ms/op
WorkloadActual   5: 25 op, 32530667.00 ns, 1.3012 ms/op
WorkloadActual   6: 25 op, 32791986.00 ns, 1.3117 ms/op

// AfterActualRun
WorkloadResult   1: 25 op, 32716869.00 ns, 1.3087 ms/op
WorkloadResult   2: 25 op, 32982961.00 ns, 1.3193 ms/op
WorkloadResult   3: 25 op, 32814735.00 ns, 1.3126 ms/op
WorkloadResult   4: 25 op, 32620850.00 ns, 1.3048 ms/op
WorkloadResult   5: 25 op, 32530667.00 ns, 1.3012 ms/op
WorkloadResult   6: 25 op, 32791986.00 ns, 1.3117 ms/op
// GC:  0 0 0 0 25
// Threading:  0 0 25

// AfterAll
// Benchmark Process 23289 has exited with code 0.

Mean = 1.310 ms, StdErr = 0.003 ms (0.20%), N = 6, StdDev = 0.006 ms
Min = 1.301 ms, Q1 = 1.306 ms, Median = 1.310 ms, Q3 = 1.312 ms, Max = 1.319 ms
IQR = 0.007 ms, LowerFence = 1.296 ms, UpperFence = 1.322 ms
ConfidenceInterval = [1.292 ms; 1.328 ms] (CI 99.9%), Margin = 0.018 ms (1.36% of Mean)
Skewness = 0.12, Kurtosis = 1.47, MValue = 2

// ** Remained 6 (50.0 %) benchmark(s) to run. Estimated finish 2026-10-10 13:46 (0h 0m from now) **
// **************************
// Benchmark: CodecSuite.Run: campaign(EvaluateOverhead=False, Clock=Armonik.Ffi.Bdn.CpuClock, IterationCount=6, IterationTime=40ms, LaunchCount=1, RunStrategy=Throughput, WarmupCount=25) [Case=core-(...)|drop [54]]
// *** Execute ***
// Launch: 1 / 1
// Execute: dotnet BenchDotNet-campaign-1.dll --anonymousPipes 138 139 --benchmarkName "Armonik.Ffi.Bdn.CodecSuite.Run(Case: \"core-ffi|encode-core-hot|U-deep-u-repeated|corpus|drop\")" --job campaign --benchmarkId 6 in /home/user/ArmoniK.Api/ffi/poc/csharp/src/BenchDotNet/bin/Release/net8.0/BenchDotNet-campaign-1/bin/Release/net8.0
// BeforeAnythingElse

// Benchmark Process Environment Information:
// BenchmarkDotNet v0.15.8
// Runtime=.NET 8.0.31 (8.0.31, 8.0.3126.42015), X64 RyuJIT x86-64-v4
// GC=Concurrent Workstation
// HardwareIntrinsics=AVX512 IFMA+VBMI,AVX512 F+BW+CD+DQ+VL,AVX2+BMI1+BMI2+F16C+FMA+LZCNT+MOVBE,AVX,SSE3+SSSE3+SSE4.1+SSE4.2+POPCNT,X86Base+SSE+SSE2,AES+PCLMUL,AvxVnni,SERIALIZE VectorSize=256
// Job: campaign(EvaluateOverhead=False, Clock=Armonik.Ffi.Bdn.CpuClock, IterationCount=6, IterationTime=40ms, LaunchCount=1, RunStrategy=Throughput, WarmupCount=25)

OverheadJitting  1: 1 op, 271305.00 ns, 271.3050 us/op
WorkloadJitting  1: 1 op, 10795443.00 ns, 10.7954 ms/op

WorkloadPilot    1: 4 op, 36576.00 ns, 9.1440 us/op
WorkloadPilot    2: 4374 op, 12760847.00 ns, 2.9174 us/op
WorkloadPilot    3: 13711 op, 40178630.00 ns, 2.9304 us/op
WorkloadPilot    4: 13650 op, 40810899.00 ns, 2.9898 us/op
WorkloadPilot    5: 13379 op, 40337574.00 ns, 3.0150 us/op

WorkloadWarmup   1: 13379 op, 39027730.00 ns, 2.9171 us/op
WorkloadWarmup   2: 13379 op, 42631015.00 ns, 3.1864 us/op
WorkloadWarmup   3: 13379 op, 46023392.00 ns, 3.4400 us/op
WorkloadWarmup   4: 13379 op, 36170329.00 ns, 2.7035 us/op
WorkloadWarmup   5: 13379 op, 30499247.00 ns, 2.2796 us/op
WorkloadWarmup   6: 13379 op, 29778260.00 ns, 2.2257 us/op
WorkloadWarmup   7: 13379 op, 32177459.00 ns, 2.4051 us/op
WorkloadWarmup   8: 13379 op, 30841205.00 ns, 2.3052 us/op
WorkloadWarmup   9: 13379 op, 29946259.00 ns, 2.2383 us/op
WorkloadWarmup  10: 13379 op, 30773949.00 ns, 2.3002 us/op
WorkloadWarmup  11: 13379 op, 30999852.00 ns, 2.3171 us/op
WorkloadWarmup  12: 13379 op, 30332043.00 ns, 2.2671 us/op
WorkloadWarmup  13: 13379 op, 30822036.00 ns, 2.3038 us/op
WorkloadWarmup  14: 13379 op, 30337874.00 ns, 2.2676 us/op
WorkloadWarmup  15: 13379 op, 30182990.00 ns, 2.2560 us/op
WorkloadWarmup  16: 13379 op, 30394036.00 ns, 2.2718 us/op
WorkloadWarmup  17: 13379 op, 30728695.00 ns, 2.2968 us/op
WorkloadWarmup  18: 13379 op, 30371491.00 ns, 2.2701 us/op
WorkloadWarmup  19: 13379 op, 30304615.00 ns, 2.2651 us/op
WorkloadWarmup  20: 13379 op, 33386412.00 ns, 2.4954 us/op
WorkloadWarmup  21: 13379 op, 30155529.00 ns, 2.2539 us/op
WorkloadWarmup  22: 13379 op, 30015659.00 ns, 2.2435 us/op
WorkloadWarmup  23: 13379 op, 29745719.00 ns, 2.2233 us/op
WorkloadWarmup  24: 13379 op, 29591844.00 ns, 2.2118 us/op
WorkloadWarmup  25: 13379 op, 38023989.00 ns, 2.8421 us/op

// BeforeActualRun
WorkloadActual   1: 13379 op, 30173404.00 ns, 2.2553 us/op
WorkloadActual   2: 13379 op, 29623947.00 ns, 2.2142 us/op
WorkloadActual   3: 13379 op, 30286655.00 ns, 2.2637 us/op
WorkloadActual   4: 13379 op, 30643846.00 ns, 2.2904 us/op
WorkloadActual   5: 13379 op, 35342707.00 ns, 2.6417 us/op
WorkloadActual   6: 13379 op, 30821923.00 ns, 2.3038 us/op

// AfterActualRun
WorkloadResult   1: 13379 op, 30173404.00 ns, 2.2553 us/op
WorkloadResult   2: 13379 op, 29623947.00 ns, 2.2142 us/op
WorkloadResult   3: 13379 op, 30286655.00 ns, 2.2637 us/op
WorkloadResult   4: 13379 op, 30643846.00 ns, 2.2904 us/op
WorkloadResult   5: 13379 op, 30821923.00 ns, 2.3038 us/op
// GC:  0 0 0 0 13379
// Threading:  0 0 13379

// AfterAll
// Benchmark Process 23298 has exited with code 0.

Mean = 2.265 us, StdErr = 0.016 us (0.69%), N = 5, StdDev = 0.035 us
Min = 2.214 us, Q1 = 2.255 us, Median = 2.264 us, Q3 = 2.290 us, Max = 2.304 us
IQR = 0.035 us, LowerFence = 2.203 us, UpperFence = 2.343 us
ConfidenceInterval = [2.132 us; 2.399 us] (CI 99.9%), Margin = 0.134 us (5.90% of Mean)
Skewness = -0.31, Kurtosis = 1.3, MValue = 2

// ** Remained 5 (41.7 %) benchmark(s) to run. Estimated finish 2026-10-10 13:46 (0h 0m from now) **
// **************************
// Benchmark: CodecSuite.Run: campaign(EvaluateOverhead=False, Clock=Armonik.Ffi.Bdn.CpuClock, IterationCount=6, IterationTime=40ms, LaunchCount=1, RunStrategy=Throughput, WarmupCount=25) [Case=core-(...)|drop [40]]
// *** Execute ***
// Launch: 1 / 1
// Execute: dotnet BenchDotNet-campaign-1.dll --anonymousPipes 138 139 --benchmarkName "Armonik.Ffi.Bdn.CodecSuite.Run(Case: \"core-ffi|encode-core-hot|P2.4|ascii|drop\")" --job campaign --benchmarkId 7 in /home/user/ArmoniK.Api/ffi/poc/csharp/src/BenchDotNet/bin/Release/net8.0/BenchDotNet-campaign-1/bin/Release/net8.0
// BeforeAnythingElse

// Benchmark Process Environment Information:
// BenchmarkDotNet v0.15.8
// Runtime=.NET 8.0.31 (8.0.31, 8.0.3126.42015), X64 RyuJIT x86-64-v4
// GC=Concurrent Workstation
// HardwareIntrinsics=AVX512 IFMA+VBMI,AVX512 F+BW+CD+DQ+VL,AVX2+BMI1+BMI2+F16C+FMA+LZCNT+MOVBE,AVX,SSE3+SSSE3+SSE4.1+SSE4.2+POPCNT,X86Base+SSE+SSE2,AES+PCLMUL,AvxVnni,SERIALIZE VectorSize=256
// Job: campaign(EvaluateOverhead=False, Clock=Armonik.Ffi.Bdn.CpuClock, IterationCount=6, IterationTime=40ms, LaunchCount=1, RunStrategy=Throughput, WarmupCount=25)

OverheadJitting  1: 1 op, 305021.00 ns, 305.0210 us/op
WorkloadJitting  1: 1 op, 16019921.00 ns, 16.0199 ms/op

WorkloadPilot    1: 4 op, 14357332.00 ns, 3.5893 ms/op
WorkloadPilot    2: 11 op, 24124814.00 ns, 2.1932 ms/op
WorkloadPilot    3: 18 op, 38845243.00 ns, 2.1581 ms/op

WorkloadWarmup   1: 18 op, 40818957.00 ns, 2.2677 ms/op
WorkloadWarmup   2: 18 op, 38877305.00 ns, 2.1599 ms/op
WorkloadWarmup   3: 18 op, 42016383.00 ns, 2.3342 ms/op
WorkloadWarmup   4: 18 op, 34760559.00 ns, 1.9311 ms/op
WorkloadWarmup   5: 18 op, 35802212.00 ns, 1.9890 ms/op
WorkloadWarmup   6: 18 op, 34471541.00 ns, 1.9151 ms/op
WorkloadWarmup   7: 18 op, 34981314.00 ns, 1.9434 ms/op
WorkloadWarmup   8: 18 op, 38210751.00 ns, 2.1228 ms/op
WorkloadWarmup   9: 18 op, 34193373.00 ns, 1.8996 ms/op
WorkloadWarmup  10: 18 op, 33286987.00 ns, 1.8493 ms/op
WorkloadWarmup  11: 18 op, 33136893.00 ns, 1.8409 ms/op
WorkloadWarmup  12: 18 op, 34024768.00 ns, 1.8903 ms/op
WorkloadWarmup  13: 18 op, 33467761.00 ns, 1.8593 ms/op
WorkloadWarmup  14: 18 op, 34105233.00 ns, 1.8947 ms/op
WorkloadWarmup  15: 18 op, 32150009.00 ns, 1.7861 ms/op
WorkloadWarmup  16: 18 op, 38111174.00 ns, 2.1173 ms/op
WorkloadWarmup  17: 18 op, 56774923.00 ns, 3.1542 ms/op
WorkloadWarmup  18: 18 op, 37885541.00 ns, 2.1048 ms/op
WorkloadWarmup  19: 18 op, 35932606.00 ns, 1.9963 ms/op
WorkloadWarmup  20: 18 op, 39074711.00 ns, 2.1708 ms/op
WorkloadWarmup  21: 18 op, 33672653.00 ns, 1.8707 ms/op
WorkloadWarmup  22: 18 op, 32807767.00 ns, 1.8227 ms/op
WorkloadWarmup  23: 18 op, 37830296.00 ns, 2.1017 ms/op
WorkloadWarmup  24: 18 op, 36557521.00 ns, 2.0310 ms/op
WorkloadWarmup  25: 18 op, 35279584.00 ns, 1.9600 ms/op

// BeforeActualRun
WorkloadActual   1: 18 op, 33900665.00 ns, 1.8834 ms/op
WorkloadActual   2: 18 op, 34657190.00 ns, 1.9254 ms/op
WorkloadActual   3: 18 op, 34146509.00 ns, 1.8970 ms/op
WorkloadActual   4: 18 op, 37307915.00 ns, 2.0727 ms/op
WorkloadActual   5: 18 op, 34427456.00 ns, 1.9126 ms/op
WorkloadActual   6: 18 op, 38496529.00 ns, 2.1387 ms/op

// AfterActualRun
WorkloadResult   1: 18 op, 33900665.00 ns, 1.8834 ms/op
WorkloadResult   2: 18 op, 34657190.00 ns, 1.9254 ms/op
WorkloadResult   3: 18 op, 34146509.00 ns, 1.8970 ms/op
WorkloadResult   4: 18 op, 37307915.00 ns, 2.0727 ms/op
WorkloadResult   5: 18 op, 34427456.00 ns, 1.9126 ms/op
WorkloadResult   6: 18 op, 38496529.00 ns, 2.1387 ms/op
// GC:  0 0 0 0 18
// Threading:  0 0 18

// AfterAll
// Benchmark Process 23307 has exited with code 0.

Mean = 1.972 ms, StdErr = 0.044 ms (2.21%), N = 6, StdDev = 0.107 ms
Min = 1.883 ms, Q1 = 1.901 ms, Median = 1.919 ms, Q3 = 2.036 ms, Max = 2.139 ms
IQR = 0.135 ms, LowerFence = 1.699 ms, UpperFence = 2.238 ms
ConfidenceInterval = [1.672 ms; 2.271 ms] (CI 99.9%), Margin = 0.300 ms (15.20% of Mean)
Skewness = 0.59, Kurtosis = 1.27, MValue = 2

// ** Remained 4 (33.3 %) benchmark(s) to run. Estimated finish 2026-10-10 13:46 (0h 0m from now) **
// **************************
// Benchmark: CodecSuite.Run: campaign(EvaluateOverhead=False, Clock=Armonik.Ffi.Bdn.CpuClock, IterationCount=6, IterationTime=40ms, LaunchCount=1, RunStrategy=Throughput, WarmupCount=25) [Case=core-(...)etain [43]]
// *** Execute ***
// Launch: 1 / 1
// Execute: dotnet BenchDotNet-campaign-1.dll --anonymousPipes 138 139 --benchmarkName "Armonik.Ffi.Bdn.CodecSuite.Run(Case: \"core-ffi|encode-core-hot|P2.2|latin1|retain\")" --job campaign --benchmarkId 8 in /home/user/ArmoniK.Api/ffi/poc/csharp/src/BenchDotNet/bin/Release/net8.0/BenchDotNet-campaign-1/bin/Release/net8.0
// BeforeAnythingElse

// Benchmark Process Environment Information:
// BenchmarkDotNet v0.15.8
// Runtime=.NET 8.0.31 (8.0.31, 8.0.3126.42015), X64 RyuJIT x86-64-v4
// GC=Concurrent Workstation
// HardwareIntrinsics=AVX512 IFMA+VBMI,AVX512 F+BW+CD+DQ+VL,AVX2+BMI1+BMI2+F16C+FMA+LZCNT+MOVBE,AVX,SSE3+SSSE3+SSE4.1+SSE4.2+POPCNT,X86Base+SSE+SSE2,AES+PCLMUL,AvxVnni,SERIALIZE VectorSize=256
// Job: campaign(EvaluateOverhead=False, Clock=Armonik.Ffi.Bdn.CpuClock, IterationCount=6, IterationTime=40ms, LaunchCount=1, RunStrategy=Throughput, WarmupCount=25)

OverheadJitting  1: 1 op, 251846.00 ns, 251.8460 us/op
WorkloadJitting  1: 1 op, 14522042.00 ns, 14.5220 ms/op

WorkloadPilot    1: 4 op, 14768286.00 ns, 3.6921 ms/op
WorkloadPilot    2: 11 op, 24568438.00 ns, 2.2335 ms/op
WorkloadPilot    3: 18 op, 32236897.00 ns, 1.7909 ms/op
WorkloadPilot    4: 22 op, 38823819.00 ns, 1.7647 ms/op

WorkloadWarmup   1: 22 op, 38758809.00 ns, 1.7618 ms/op
WorkloadWarmup   2: 22 op, 38656881.00 ns, 1.7571 ms/op
WorkloadWarmup   3: 22 op, 41739903.00 ns, 1.8973 ms/op
WorkloadWarmup   4: 22 op, 36098050.00 ns, 1.6408 ms/op
WorkloadWarmup   5: 22 op, 32995957.00 ns, 1.4998 ms/op
WorkloadWarmup   6: 22 op, 33056513.00 ns, 1.5026 ms/op
WorkloadWarmup   7: 22 op, 30927090.00 ns, 1.4058 ms/op
WorkloadWarmup   8: 22 op, 39041926.00 ns, 1.7746 ms/op
WorkloadWarmup   9: 22 op, 35418048.00 ns, 1.6099 ms/op
WorkloadWarmup  10: 22 op, 31520368.00 ns, 1.4327 ms/op
WorkloadWarmup  11: 22 op, 35037672.00 ns, 1.5926 ms/op
WorkloadWarmup  12: 22 op, 32273483.00 ns, 1.4670 ms/op
WorkloadWarmup  13: 22 op, 31908261.00 ns, 1.4504 ms/op
WorkloadWarmup  14: 22 op, 35620314.00 ns, 1.6191 ms/op
WorkloadWarmup  15: 22 op, 32869641.00 ns, 1.4941 ms/op
WorkloadWarmup  16: 22 op, 33457204.00 ns, 1.5208 ms/op
WorkloadWarmup  17: 22 op, 31750257.00 ns, 1.4432 ms/op
WorkloadWarmup  18: 22 op, 31408740.00 ns, 1.4277 ms/op
WorkloadWarmup  19: 22 op, 40031410.00 ns, 1.8196 ms/op
WorkloadWarmup  20: 22 op, 36399682.00 ns, 1.6545 ms/op
WorkloadWarmup  21: 22 op, 32451701.00 ns, 1.4751 ms/op
WorkloadWarmup  22: 22 op, 30685962.00 ns, 1.3948 ms/op
WorkloadWarmup  23: 22 op, 31611668.00 ns, 1.4369 ms/op
WorkloadWarmup  24: 22 op, 34163163.00 ns, 1.5529 ms/op
WorkloadWarmup  25: 22 op, 31232613.00 ns, 1.4197 ms/op

// BeforeActualRun
WorkloadActual   1: 22 op, 31937000.00 ns, 1.4517 ms/op
WorkloadActual   2: 22 op, 36162965.00 ns, 1.6438 ms/op
WorkloadActual   3: 22 op, 30302172.00 ns, 1.3774 ms/op
WorkloadActual   4: 22 op, 31530529.00 ns, 1.4332 ms/op
WorkloadActual   5: 22 op, 31134363.00 ns, 1.4152 ms/op
WorkloadActual   6: 22 op, 31016145.00 ns, 1.4098 ms/op

// AfterActualRun
WorkloadResult   1: 22 op, 31937000.00 ns, 1.4517 ms/op
WorkloadResult   2: 22 op, 30302172.00 ns, 1.3774 ms/op
WorkloadResult   3: 22 op, 31530529.00 ns, 1.4332 ms/op
WorkloadResult   4: 22 op, 31134363.00 ns, 1.4152 ms/op
WorkloadResult   5: 22 op, 31016145.00 ns, 1.4098 ms/op
// GC:  0 0 0 0 22
// Threading:  0 0 22

// AfterAll
// Benchmark Process 23316 has exited with code 0.

Mean = 1.417 ms, StdErr = 0.012 ms (0.88%), N = 5, StdDev = 0.028 ms
Min = 1.377 ms, Q1 = 1.410 ms, Median = 1.415 ms, Q3 = 1.433 ms, Max = 1.452 ms
IQR = 0.023 ms, LowerFence = 1.375 ms, UpperFence = 1.468 ms
ConfidenceInterval = [1.310 ms; 1.524 ms] (CI 99.9%), Margin = 0.107 ms (7.55% of Mean)
Skewness = -0.19, Kurtosis = 1.35, MValue = 2

// ** Remained 3 (25.0 %) benchmark(s) to run. Estimated finish 2026-10-10 13:46 (0h 0m from now) **
// **************************
// Benchmark: CodecSuite.Run: campaign(EvaluateOverhead=False, Clock=Armonik.Ffi.Bdn.CpuClock, IterationCount=6, IterationTime=40ms, LaunchCount=1, RunStrategy=Throughput, WarmupCount=25) [Case=core-(...)|drop [41]]
// *** Execute ***
// Launch: 1 / 1
// Execute: dotnet BenchDotNet-campaign-1.dll --anonymousPipes 138 139 --benchmarkName "Armonik.Ffi.Bdn.CodecSuite.Run(Case: \"core-ffi|encode-core-hot|P2.2|latin1|drop\")" --job campaign --benchmarkId 9 in /home/user/ArmoniK.Api/ffi/poc/csharp/src/BenchDotNet/bin/Release/net8.0/BenchDotNet-campaign-1/bin/Release/net8.0
// BeforeAnythingElse

// Benchmark Process Environment Information:
// BenchmarkDotNet v0.15.8
// Runtime=.NET 8.0.31 (8.0.31, 8.0.3126.42015), X64 RyuJIT x86-64-v4
// GC=Concurrent Workstation
// HardwareIntrinsics=AVX512 IFMA+VBMI,AVX512 F+BW+CD+DQ+VL,AVX2+BMI1+BMI2+F16C+FMA+LZCNT+MOVBE,AVX,SSE3+SSSE3+SSE4.1+SSE4.2+POPCNT,X86Base+SSE+SSE2,AES+PCLMUL,AvxVnni,SERIALIZE VectorSize=256
// Job: campaign(EvaluateOverhead=False, Clock=Armonik.Ffi.Bdn.CpuClock, IterationCount=6, IterationTime=40ms, LaunchCount=1, RunStrategy=Throughput, WarmupCount=25)

OverheadJitting  1: 1 op, 2532450.00 ns, 2.5325 ms/op
WorkloadJitting  1: 1 op, 15258697.00 ns, 15.2587 ms/op

WorkloadPilot    1: 4 op, 21315047.00 ns, 5.3288 ms/op
WorkloadPilot    2: 8 op, 20080878.00 ns, 2.5101 ms/op
WorkloadPilot    3: 16 op, 26220109.00 ns, 1.6388 ms/op
WorkloadPilot    4: 24 op, 41652657.00 ns, 1.7355 ms/op

WorkloadWarmup   1: 24 op, 40924587.00 ns, 1.7052 ms/op
WorkloadWarmup   2: 24 op, 41525345.00 ns, 1.7302 ms/op
WorkloadWarmup   3: 24 op, 44829303.00 ns, 1.8679 ms/op
WorkloadWarmup   4: 24 op, 38255882.00 ns, 1.5940 ms/op
WorkloadWarmup   5: 24 op, 34669187.00 ns, 1.4445 ms/op
WorkloadWarmup   6: 24 op, 33646656.00 ns, 1.4019 ms/op
WorkloadWarmup   7: 24 op, 34282259.00 ns, 1.4284 ms/op
WorkloadWarmup   8: 24 op, 34077651.00 ns, 1.4199 ms/op
WorkloadWarmup   9: 24 op, 33428307.00 ns, 1.3928 ms/op
WorkloadWarmup  10: 24 op, 40564149.00 ns, 1.6902 ms/op
WorkloadWarmup  11: 24 op, 34534874.00 ns, 1.4390 ms/op
WorkloadWarmup  12: 24 op, 44237282.00 ns, 1.8432 ms/op
WorkloadWarmup  13: 24 op, 35325902.00 ns, 1.4719 ms/op
WorkloadWarmup  14: 24 op, 35284004.00 ns, 1.4702 ms/op
WorkloadWarmup  15: 24 op, 36738622.00 ns, 1.5308 ms/op
WorkloadWarmup  16: 24 op, 33690738.00 ns, 1.4038 ms/op
WorkloadWarmup  17: 24 op, 38297141.00 ns, 1.5957 ms/op
WorkloadWarmup  18: 24 op, 35987210.00 ns, 1.4995 ms/op
WorkloadWarmup  19: 24 op, 37293646.00 ns, 1.5539 ms/op
WorkloadWarmup  20: 24 op, 37981099.00 ns, 1.5825 ms/op
WorkloadWarmup  21: 24 op, 39547676.00 ns, 1.6478 ms/op
WorkloadWarmup  22: 24 op, 45381184.00 ns, 1.8909 ms/op
WorkloadWarmup  23: 24 op, 35699420.00 ns, 1.4875 ms/op
WorkloadWarmup  24: 24 op, 35906719.00 ns, 1.4961 ms/op
WorkloadWarmup  25: 24 op, 34412771.00 ns, 1.4339 ms/op

// BeforeActualRun
WorkloadActual   1: 24 op, 35167064.00 ns, 1.4653 ms/op
WorkloadActual   2: 24 op, 32861268.00 ns, 1.3692 ms/op
WorkloadActual   3: 24 op, 33949738.00 ns, 1.4146 ms/op
WorkloadActual   4: 24 op, 44058538.00 ns, 1.8358 ms/op
WorkloadActual   5: 24 op, 65224507.00 ns, 2.7177 ms/op
WorkloadActual   6: 24 op, 63323994.00 ns, 2.6385 ms/op

// AfterActualRun
WorkloadResult   1: 24 op, 35167064.00 ns, 1.4653 ms/op
WorkloadResult   2: 24 op, 32861268.00 ns, 1.3692 ms/op
WorkloadResult   3: 24 op, 33949738.00 ns, 1.4146 ms/op
WorkloadResult   4: 24 op, 44058538.00 ns, 1.8358 ms/op
WorkloadResult   5: 24 op, 65224507.00 ns, 2.7177 ms/op
WorkloadResult   6: 24 op, 63323994.00 ns, 2.6385 ms/op
// GC:  0 0 0 0 24
// Threading:  0 0 24

// AfterAll
// Benchmark Process 23325 has exited with code 0.

Mean = 1.907 ms, StdErr = 0.253 ms (13.28%), N = 6, StdDev = 0.620 ms
Min = 1.369 ms, Q1 = 1.427 ms, Median = 1.651 ms, Q3 = 2.438 ms, Max = 2.718 ms
IQR = 1.011 ms, LowerFence = -0.089 ms, UpperFence = 3.954 ms
ConfidenceInterval = [0.167 ms; 3.646 ms] (CI 99.9%), Margin = 1.740 ms (91.23% of Mean)
Skewness = 0.39, Kurtosis = 1.01, MValue = 2

// ** Remained 2 (16.7 %) benchmark(s) to run. Estimated finish 2026-10-10 13:46 (0h 0m from now) **
// **************************
// Benchmark: CodecSuite.Run: campaign(EvaluateOverhead=False, Clock=Armonik.Ffi.Bdn.CpuClock, IterationCount=6, IterationTime=40ms, LaunchCount=1, RunStrategy=Throughput, WarmupCount=25) [Case=core-(...)etain [42]]
// *** Execute ***
// Launch: 1 / 1
// Execute: dotnet BenchDotNet-campaign-1.dll --anonymousPipes 138 139 --benchmarkName "Armonik.Ffi.Bdn.CodecSuite.Run(Case: \"core-ffi|encode-core-hot|P2.2|ascii|retain\")" --job campaign --benchmarkId 10 in /home/user/ArmoniK.Api/ffi/poc/csharp/src/BenchDotNet/bin/Release/net8.0/BenchDotNet-campaign-1/bin/Release/net8.0
// BeforeAnythingElse

// Benchmark Process Environment Information:
// BenchmarkDotNet v0.15.8
// Runtime=.NET 8.0.31 (8.0.31, 8.0.3126.42015), X64 RyuJIT x86-64-v4
// GC=Concurrent Workstation
// HardwareIntrinsics=AVX512 IFMA+VBMI,AVX512 F+BW+CD+DQ+VL,AVX2+BMI1+BMI2+F16C+FMA+LZCNT+MOVBE,AVX,SSE3+SSSE3+SSE4.1+SSE4.2+POPCNT,X86Base+SSE+SSE2,AES+PCLMUL,AvxVnni,SERIALIZE VectorSize=256
// Job: campaign(EvaluateOverhead=False, Clock=Armonik.Ffi.Bdn.CpuClock, IterationCount=6, IterationTime=40ms, LaunchCount=1, RunStrategy=Throughput, WarmupCount=25)

OverheadJitting  1: 1 op, 334533.00 ns, 334.5330 us/op
WorkloadJitting  1: 1 op, 14650493.00 ns, 14.6505 ms/op

WorkloadPilot    1: 4 op, 14907211.00 ns, 3.7268 ms/op
WorkloadPilot    2: 11 op, 25116144.00 ns, 2.2833 ms/op
WorkloadPilot    3: 18 op, 34046387.00 ns, 1.8915 ms/op
WorkloadPilot    4: 21 op, 35484768.00 ns, 1.6898 ms/op
WorkloadPilot    5: 24 op, 41708527.00 ns, 1.7379 ms/op

WorkloadWarmup   1: 24 op, 41578387.00 ns, 1.7324 ms/op
WorkloadWarmup   2: 24 op, 41003263.00 ns, 1.7085 ms/op
WorkloadWarmup   3: 24 op, 42031230.00 ns, 1.7513 ms/op
WorkloadWarmup   4: 24 op, 42833028.00 ns, 1.7847 ms/op
WorkloadWarmup   5: 24 op, 35070635.00 ns, 1.4613 ms/op
WorkloadWarmup   6: 24 op, 31706448.00 ns, 1.3211 ms/op
WorkloadWarmup   7: 24 op, 32233862.00 ns, 1.3431 ms/op
WorkloadWarmup   8: 24 op, 35920993.00 ns, 1.4967 ms/op
WorkloadWarmup   9: 24 op, 32303236.00 ns, 1.3460 ms/op
WorkloadWarmup  10: 24 op, 32719769.00 ns, 1.3633 ms/op
WorkloadWarmup  11: 24 op, 33663170.00 ns, 1.4026 ms/op
WorkloadWarmup  12: 24 op, 32690331.00 ns, 1.3621 ms/op
WorkloadWarmup  13: 24 op, 32517169.00 ns, 1.3549 ms/op
WorkloadWarmup  14: 24 op, 32370824.00 ns, 1.3488 ms/op
WorkloadWarmup  15: 24 op, 43083344.00 ns, 1.7951 ms/op
WorkloadWarmup  16: 24 op, 34907654.00 ns, 1.4545 ms/op
WorkloadWarmup  17: 24 op, 42349847.00 ns, 1.7646 ms/op
WorkloadWarmup  18: 24 op, 38866115.00 ns, 1.6194 ms/op
WorkloadWarmup  19: 24 op, 33547401.00 ns, 1.3978 ms/op
WorkloadWarmup  20: 24 op, 32361708.00 ns, 1.3484 ms/op
WorkloadWarmup  21: 24 op, 33542998.00 ns, 1.3976 ms/op
WorkloadWarmup  22: 24 op, 32942568.00 ns, 1.3726 ms/op
WorkloadWarmup  23: 24 op, 34663728.00 ns, 1.4443 ms/op
WorkloadWarmup  24: 24 op, 32609712.00 ns, 1.3587 ms/op
WorkloadWarmup  25: 24 op, 33335323.00 ns, 1.3890 ms/op

// BeforeActualRun
WorkloadActual   1: 24 op, 32239736.00 ns, 1.3433 ms/op
WorkloadActual   2: 24 op, 35085766.00 ns, 1.4619 ms/op
WorkloadActual   3: 24 op, 33014212.00 ns, 1.3756 ms/op
WorkloadActual   4: 24 op, 32981655.00 ns, 1.3742 ms/op
WorkloadActual   5: 24 op, 34304512.00 ns, 1.4294 ms/op
WorkloadActual   6: 24 op, 33984675.00 ns, 1.4160 ms/op

// AfterActualRun
WorkloadResult   1: 24 op, 32239736.00 ns, 1.3433 ms/op
WorkloadResult   2: 24 op, 35085766.00 ns, 1.4619 ms/op
WorkloadResult   3: 24 op, 33014212.00 ns, 1.3756 ms/op
WorkloadResult   4: 24 op, 32981655.00 ns, 1.3742 ms/op
WorkloadResult   5: 24 op, 34304512.00 ns, 1.4294 ms/op
WorkloadResult   6: 24 op, 33984675.00 ns, 1.4160 ms/op
// GC:  0 0 0 0 24
// Threading:  0 0 24

// AfterAll
// Benchmark Process 23334 has exited with code 0.

Mean = 1.400 ms, StdErr = 0.018 ms (1.27%), N = 6, StdDev = 0.043 ms
Min = 1.343 ms, Q1 = 1.375 ms, Median = 1.396 ms, Q3 = 1.426 ms, Max = 1.462 ms
IQR = 0.051 ms, LowerFence = 1.297 ms, UpperFence = 1.503 ms
ConfidenceInterval = [1.278 ms; 1.522 ms] (CI 99.9%), Margin = 0.122 ms (8.69% of Mean)
Skewness = 0.1, Kurtosis = 1.25, MValue = 2

// ** Remained 1 (8.3 %) benchmark(s) to run. Estimated finish 2026-10-10 13:46 (0h 0m from now) **
// **************************
// Benchmark: CodecSuite.Run: campaign(EvaluateOverhead=False, Clock=Armonik.Ffi.Bdn.CpuClock, IterationCount=6, IterationTime=40ms, LaunchCount=1, RunStrategy=Throughput, WarmupCount=25) [Case=core-(...)|drop [39]]
// *** Execute ***
// Launch: 1 / 1
// Execute: dotnet BenchDotNet-campaign-1.dll --anonymousPipes 138 139 --benchmarkName "Armonik.Ffi.Bdn.CodecSuite.Run(Case: \"core-ffi|encode-core-hot|P2.2|wide|drop\")" --job campaign --benchmarkId 11 in /home/user/ArmoniK.Api/ffi/poc/csharp/src/BenchDotNet/bin/Release/net8.0/BenchDotNet-campaign-1/bin/Release/net8.0
// BeforeAnythingElse

// Benchmark Process Environment Information:
// BenchmarkDotNet v0.15.8
// Runtime=.NET 8.0.31 (8.0.31, 8.0.3126.42015), X64 RyuJIT x86-64-v4
// GC=Concurrent Workstation
// HardwareIntrinsics=AVX512 IFMA+VBMI,AVX512 F+BW+CD+DQ+VL,AVX2+BMI1+BMI2+F16C+FMA+LZCNT+MOVBE,AVX,SSE3+SSSE3+SSE4.1+SSE4.2+POPCNT,X86Base+SSE+SSE2,AES+PCLMUL,AvxVnni,SERIALIZE VectorSize=256
// Job: campaign(EvaluateOverhead=False, Clock=Armonik.Ffi.Bdn.CpuClock, IterationCount=6, IterationTime=40ms, LaunchCount=1, RunStrategy=Throughput, WarmupCount=25)

OverheadJitting  1: 1 op, 303257.00 ns, 303.2570 us/op
WorkloadJitting  1: 1 op, 15854706.00 ns, 15.8547 ms/op

WorkloadPilot    1: 4 op, 14764300.00 ns, 3.6911 ms/op
WorkloadPilot    2: 11 op, 25094938.00 ns, 2.2814 ms/op
WorkloadPilot    3: 18 op, 32972945.00 ns, 1.8318 ms/op
WorkloadPilot    4: 22 op, 38696794.00 ns, 1.7589 ms/op

WorkloadWarmup   1: 22 op, 40669933.00 ns, 1.8486 ms/op
WorkloadWarmup   2: 22 op, 64663205.00 ns, 2.9392 ms/op
WorkloadWarmup   3: 22 op, 38236047.00 ns, 1.7380 ms/op
WorkloadWarmup   4: 22 op, 32801360.00 ns, 1.4910 ms/op
WorkloadWarmup   5: 22 op, 33532012.00 ns, 1.5242 ms/op
WorkloadWarmup   6: 22 op, 37624164.00 ns, 1.7102 ms/op
WorkloadWarmup   7: 22 op, 35278536.00 ns, 1.6036 ms/op
WorkloadWarmup   8: 22 op, 34920247.00 ns, 1.5873 ms/op
WorkloadWarmup   9: 22 op, 35945976.00 ns, 1.6339 ms/op
WorkloadWarmup  10: 22 op, 31948885.00 ns, 1.4522 ms/op
WorkloadWarmup  11: 22 op, 34276464.00 ns, 1.5580 ms/op
WorkloadWarmup  12: 22 op, 32928006.00 ns, 1.4967 ms/op
WorkloadWarmup  13: 22 op, 32376505.00 ns, 1.4717 ms/op
WorkloadWarmup  14: 22 op, 32667891.00 ns, 1.4849 ms/op
WorkloadWarmup  15: 22 op, 33346424.00 ns, 1.5157 ms/op
WorkloadWarmup  16: 22 op, 33018653.00 ns, 1.5008 ms/op
WorkloadWarmup  17: 22 op, 35583659.00 ns, 1.6174 ms/op
WorkloadWarmup  18: 22 op, 52187466.00 ns, 2.3722 ms/op
WorkloadWarmup  19: 22 op, 33054421.00 ns, 1.5025 ms/op
WorkloadWarmup  20: 22 op, 33115070.00 ns, 1.5052 ms/op
WorkloadWarmup  21: 22 op, 34282724.00 ns, 1.5583 ms/op
WorkloadWarmup  22: 22 op, 34066228.00 ns, 1.5485 ms/op
WorkloadWarmup  23: 22 op, 32166760.00 ns, 1.4621 ms/op
WorkloadWarmup  24: 22 op, 34063891.00 ns, 1.5484 ms/op
WorkloadWarmup  25: 22 op, 33714267.00 ns, 1.5325 ms/op

// BeforeActualRun
WorkloadActual   1: 22 op, 32994534.00 ns, 1.4998 ms/op
WorkloadActual   2: 22 op, 43084352.00 ns, 1.9584 ms/op
WorkloadActual   3: 22 op, 35140026.00 ns, 1.5973 ms/op
WorkloadActual   4: 22 op, 31409032.00 ns, 1.4277 ms/op
WorkloadActual   5: 22 op, 32708813.00 ns, 1.4868 ms/op
WorkloadActual   6: 22 op, 34343046.00 ns, 1.5610 ms/op

// AfterActualRun
WorkloadResult   1: 22 op, 32994534.00 ns, 1.4998 ms/op
WorkloadResult   2: 22 op, 35140026.00 ns, 1.5973 ms/op
WorkloadResult   3: 22 op, 31409032.00 ns, 1.4277 ms/op
WorkloadResult   4: 22 op, 32708813.00 ns, 1.4868 ms/op
WorkloadResult   5: 22 op, 34343046.00 ns, 1.5610 ms/op
// GC:  0 0 0 0 22
// Threading:  0 0 22

// AfterAll
// Benchmark Process 23343 has exited with code 0.

Mean = 1.515 ms, StdErr = 0.030 ms (1.96%), N = 5, StdDev = 0.066 ms
Min = 1.428 ms, Q1 = 1.487 ms, Median = 1.500 ms, Q3 = 1.561 ms, Max = 1.597 ms
IQR = 0.074 ms, LowerFence = 1.375 ms, UpperFence = 1.672 ms
ConfidenceInterval = [1.260 ms; 1.770 ms] (CI 99.9%), Margin = 0.255 ms (16.84% of Mean)
Skewness = -0.01, Kurtosis = 1.13, MValue = 2

// ** Remained 0 (0.0 %) benchmark(s) to run. Estimated finish 2026-10-10 13:46 (0h 0m from now) **
Run time: 00:00:24 (24.01 sec), executed benchmarks: 12

// ***** BenchmarkRunner: Finish  *****

// * Export *
  home/user/ArmoniK.Api/ffi/logs/csharp/opt/s15/ladder/new-r3-pgo0-full-r2.jsonl

// * Detailed results *
CodecSuite.Run: campaign(EvaluateOverhead=False, Clock=Armonik.Ffi.Bdn.CpuClock, IterationCount=6, IterationTime=40ms, LaunchCount=1, RunStrategy=Throughput, WarmupCount=25) [Case=core-(...)etain [42]]
Runtime = .NET 8.0.31 (8.0.31, 8.0.3126.42015), X64 RyuJIT x86-64-v4; GC = Concurrent Workstation
Mean = 2.209 ms, StdErr = 0.220 ms (9.96%), N = 6, StdDev = 0.539 ms
Min = 1.698 ms, Q1 = 1.844 ms, Median = 2.071 ms, Q3 = 2.386 ms, Max = 3.153 ms
IQR = 0.542 ms, LowerFence = 1.031 ms, UpperFence = 3.199 ms
ConfidenceInterval = [0.697 ms; 3.720 ms] (CI 99.9%), Margin = 1.512 ms (68.44% of Mean)
Skewness = 0.67, Kurtosis = 1.77, MValue = 2.4
-------------------- Histogram --------------------
[1.674 ms ; 2.453 ms) | @@@@@
[2.453 ms ; 2.764 ms) | 
[2.764 ms ; 3.543 ms) | @
---------------------------------------------------

CodecSuite.Run: campaign(EvaluateOverhead=False, Clock=Armonik.Ffi.Bdn.CpuClock, IterationCount=6, IterationTime=40ms, LaunchCount=1, RunStrategy=Throughput, WarmupCount=25) [Case=core-(...)|drop [40]]
Runtime = .NET 8.0.31 (8.0.31, 8.0.3126.42015), X64 RyuJIT x86-64-v4; GC = Concurrent Workstation
Mean = 1.541 ms, StdErr = 0.070 ms (4.53%), N = 6, StdDev = 0.171 ms
Min = 1.305 ms, Q1 = 1.426 ms, Median = 1.594 ms, Q3 = 1.610 ms, Max = 1.766 ms
IQR = 0.184 ms, LowerFence = 1.150 ms, UpperFence = 1.886 ms
ConfidenceInterval = [1.061 ms; 2.020 ms] (CI 99.9%), Margin = 0.479 ms (31.12% of Mean)
Skewness = -0.19, Kurtosis = 1.28, MValue = 3
-------------------- Histogram --------------------
[1.215 ms ; 1.462 ms) | @@
[1.462 ms ; 1.554 ms) | 
[1.554 ms ; 1.801 ms) | @@@@
---------------------------------------------------

CodecSuite.Run: campaign(EvaluateOverhead=False, Clock=Armonik.Ffi.Bdn.CpuClock, IterationCount=6, IterationTime=40ms, LaunchCount=1, RunStrategy=Throughput, WarmupCount=25) [Case=core-(...)etain [56]]
Runtime = .NET 8.0.31 (8.0.31, 8.0.3126.42015), X64 RyuJIT x86-64-v4; GC = Concurrent Workstation
Mean = 2.846 us, StdErr = 0.021 us (0.73%), N = 5, StdDev = 0.046 us
Min = 2.799 us, Q1 = 2.803 us, Median = 2.844 us, Q3 = 2.878 us, Max = 2.906 us
IQR = 0.074 us, LowerFence = 2.692 us, UpperFence = 2.989 us
ConfidenceInterval = [2.667 us; 3.025 us] (CI 99.9%), Margin = 0.179 us (6.29% of Mean)
Skewness = 0.13, Kurtosis = 0.95, MValue = 2
-------------------- Histogram --------------------
[2.786 us ; 2.857 us) | @@@
[2.857 us ; 2.942 us) | @@
---------------------------------------------------

CodecSuite.Run: campaign(EvaluateOverhead=False, Clock=Armonik.Ffi.Bdn.CpuClock, IterationCount=6, IterationTime=40ms, LaunchCount=1, RunStrategy=Throughput, WarmupCount=25) [Case=core-(...)etain [43]]
Runtime = .NET 8.0.31 (8.0.31, 8.0.3126.42015), X64 RyuJIT x86-64-v4; GC = Concurrent Workstation
Mean = 1.417 ms, StdErr = 0.012 ms (0.88%), N = 5, StdDev = 0.028 ms
Min = 1.377 ms, Q1 = 1.410 ms, Median = 1.415 ms, Q3 = 1.433 ms, Max = 1.452 ms
IQR = 0.023 ms, LowerFence = 1.375 ms, UpperFence = 1.468 ms
ConfidenceInterval = [1.310 ms; 1.524 ms] (CI 99.9%), Margin = 0.107 ms (7.55% of Mean)
Skewness = -0.19, Kurtosis = 1.35, MValue = 2
-------------------- Histogram --------------------
[1.356 ms ; 1.399 ms) | @
[1.399 ms ; 1.452 ms) | @@@@
---------------------------------------------------

CodecSuite.Run: campaign(EvaluateOverhead=False, Clock=Armonik.Ffi.Bdn.CpuClock, IterationCount=6, IterationTime=40ms, LaunchCount=1, RunStrategy=Throughput, WarmupCount=25) [Case=core-(...)|drop [54]]
Runtime = .NET 8.0.31 (8.0.31, 8.0.3126.42015), X64 RyuJIT x86-64-v4; GC = Concurrent Workstation
Mean = 2.265 us, StdErr = 0.016 us (0.69%), N = 5, StdDev = 0.035 us
Min = 2.214 us, Q1 = 2.255 us, Median = 2.264 us, Q3 = 2.290 us, Max = 2.304 us
IQR = 0.035 us, LowerFence = 2.203 us, UpperFence = 2.343 us
ConfidenceInterval = [2.132 us; 2.399 us] (CI 99.9%), Margin = 0.134 us (5.90% of Mean)
Skewness = -0.31, Kurtosis = 1.3, MValue = 2
-------------------- Histogram --------------------
[2.188 us ; 2.241 us) | @
[2.241 us ; 2.306 us) | @@@@
---------------------------------------------------

CodecSuite.Run: campaign(EvaluateOverhead=False, Clock=Armonik.Ffi.Bdn.CpuClock, IterationCount=6, IterationTime=40ms, LaunchCount=1, RunStrategy=Throughput, WarmupCount=25) [Case=core-(...)|drop [41]]
Runtime = .NET 8.0.31 (8.0.31, 8.0.3126.42015), X64 RyuJIT x86-64-v4; GC = Concurrent Workstation
Mean = 1.907 ms, StdErr = 0.253 ms (13.28%), N = 6, StdDev = 0.620 ms
Min = 1.369 ms, Q1 = 1.427 ms, Median = 1.651 ms, Q3 = 2.438 ms, Max = 2.718 ms
IQR = 1.011 ms, LowerFence = -0.089 ms, UpperFence = 3.954 ms
ConfidenceInterval = [0.167 ms; 3.646 ms] (CI 99.9%), Margin = 1.740 ms (91.23% of Mean)
Skewness = 0.39, Kurtosis = 1.01, MValue = 2
-------------------- Histogram --------------------
[1.154 ms ; 2.230 ms) | @@@@
[2.230 ms ; 3.166 ms) | @@
---------------------------------------------------

CodecSuite.Run: campaign(EvaluateOverhead=False, Clock=Armonik.Ffi.Bdn.CpuClock, IterationCount=6, IterationTime=40ms, LaunchCount=1, RunStrategy=Throughput, WarmupCount=25) [Case=core-(...)etain [41]]
Runtime = .NET 8.0.31 (8.0.31, 8.0.3126.42015), X64 RyuJIT x86-64-v4; GC = Concurrent Workstation
Mean = 1.763 ms, StdErr = 0.072 ms (4.10%), N = 6, StdDev = 0.177 ms
Min = 1.526 ms, Q1 = 1.646 ms, Median = 1.775 ms, Q3 = 1.917 ms, Max = 1.937 ms
IQR = 0.270 ms, LowerFence = 1.241 ms, UpperFence = 2.322 ms
ConfidenceInterval = [1.267 ms; 2.259 ms] (CI 99.9%), Margin = 0.496 ms (28.13% of Mean)
Skewness = -0.14, Kurtosis = 0.92, MValue = 2
-------------------- Histogram --------------------
[1.462 ms ; 1.789 ms) | @@@
[1.789 ms ; 2.065 ms) | @@@
---------------------------------------------------

CodecSuite.Run: campaign(EvaluateOverhead=False, Clock=Armonik.Ffi.Bdn.CpuClock, IterationCount=6, IterationTime=40ms, LaunchCount=1, RunStrategy=Throughput, WarmupCount=25) [Case=core-(...)|drop [40]]
Runtime = .NET 8.0.31 (8.0.31, 8.0.3126.42015), X64 RyuJIT x86-64-v4; GC = Concurrent Workstation
Mean = 1.310 ms, StdErr = 0.003 ms (0.20%), N = 6, StdDev = 0.006 ms
Min = 1.301 ms, Q1 = 1.306 ms, Median = 1.310 ms, Q3 = 1.312 ms, Max = 1.319 ms
IQR = 0.007 ms, LowerFence = 1.296 ms, UpperFence = 1.322 ms
ConfidenceInterval = [1.292 ms; 1.328 ms] (CI 99.9%), Margin = 0.018 ms (1.36% of Mean)
Skewness = 0.12, Kurtosis = 1.47, MValue = 2
-------------------- Histogram --------------------
[1.297 ms ; 1.322 ms) | @@@@@@
---------------------------------------------------

CodecSuite.Run: campaign(EvaluateOverhead=False, Clock=Armonik.Ffi.Bdn.CpuClock, IterationCount=6, IterationTime=40ms, LaunchCount=1, RunStrategy=Throughput, WarmupCount=25) [Case=core-(...)etain [42]]
Runtime = .NET 8.0.31 (8.0.31, 8.0.3126.42015), X64 RyuJIT x86-64-v4; GC = Concurrent Workstation
Mean = 2.104 ms, StdErr = 0.070 ms (3.33%), N = 6, StdDev = 0.172 ms
Min = 1.911 ms, Q1 = 1.980 ms, Median = 2.085 ms, Q3 = 2.197 ms, Max = 2.361 ms
IQR = 0.217 ms, LowerFence = 1.654 ms, UpperFence = 2.523 ms
ConfidenceInterval = [1.622 ms; 2.586 ms] (CI 99.9%), Margin = 0.482 ms (22.90% of Mean)
Skewness = 0.26, Kurtosis = 1.2, MValue = 2
-------------------- Histogram --------------------
[1.787 ms ; 1.966 ms) | @
[1.966 ms ; 2.214 ms) | @@@@
[2.214 ms ; 2.485 ms) | @
---------------------------------------------------

CodecSuite.Run: campaign(EvaluateOverhead=False, Clock=Armonik.Ffi.Bdn.CpuClock, IterationCount=6, IterationTime=40ms, LaunchCount=1, RunStrategy=Throughput, WarmupCount=25) [Case=core-(...)|drop [39]]
Runtime = .NET 8.0.31 (8.0.31, 8.0.3126.42015), X64 RyuJIT x86-64-v4; GC = Concurrent Workstation
Mean = 1.515 ms, StdErr = 0.030 ms (1.96%), N = 5, StdDev = 0.066 ms
Min = 1.428 ms, Q1 = 1.487 ms, Median = 1.500 ms, Q3 = 1.561 ms, Max = 1.597 ms
IQR = 0.074 ms, LowerFence = 1.375 ms, UpperFence = 1.672 ms
ConfidenceInterval = [1.260 ms; 1.770 ms] (CI 99.9%), Margin = 0.255 ms (16.84% of Mean)
Skewness = -0.01, Kurtosis = 1.13, MValue = 2
-------------------- Histogram --------------------
[1.413 ms ; 1.528 ms) | @@@
[1.528 ms ; 1.648 ms) | @@
---------------------------------------------------

CodecSuite.Run: campaign(EvaluateOverhead=False, Clock=Armonik.Ffi.Bdn.CpuClock, IterationCount=6, IterationTime=40ms, LaunchCount=1, RunStrategy=Throughput, WarmupCount=25) [Case=core-(...)|drop [40]]
Runtime = .NET 8.0.31 (8.0.31, 8.0.3126.42015), X64 RyuJIT x86-64-v4; GC = Concurrent Workstation
Mean = 1.972 ms, StdErr = 0.044 ms (2.21%), N = 6, StdDev = 0.107 ms
Min = 1.883 ms, Q1 = 1.901 ms, Median = 1.919 ms, Q3 = 2.036 ms, Max = 2.139 ms
IQR = 0.135 ms, LowerFence = 1.699 ms, UpperFence = 2.238 ms
ConfidenceInterval = [1.672 ms; 2.271 ms] (CI 99.9%), Margin = 0.300 ms (15.20% of Mean)
Skewness = 0.59, Kurtosis = 1.27, MValue = 2
-------------------- Histogram --------------------
[1.827 ms ; 1.982 ms) | @@@@
[1.982 ms ; 2.183 ms) | @@
---------------------------------------------------

CodecSuite.Run: campaign(EvaluateOverhead=False, Clock=Armonik.Ffi.Bdn.CpuClock, IterationCount=6, IterationTime=40ms, LaunchCount=1, RunStrategy=Throughput, WarmupCount=25) [Case=core-(...)etain [42]]
Runtime = .NET 8.0.31 (8.0.31, 8.0.3126.42015), X64 RyuJIT x86-64-v4; GC = Concurrent Workstation
Mean = 1.400 ms, StdErr = 0.018 ms (1.27%), N = 6, StdDev = 0.043 ms
Min = 1.343 ms, Q1 = 1.375 ms, Median = 1.396 ms, Q3 = 1.426 ms, Max = 1.462 ms
IQR = 0.051 ms, LowerFence = 1.297 ms, UpperFence = 1.503 ms
ConfidenceInterval = [1.278 ms; 1.522 ms] (CI 99.9%), Margin = 0.122 ms (8.69% of Mean)
Skewness = 0.1, Kurtosis = 1.25, MValue = 2
-------------------- Histogram --------------------
[1.312 ms ; 1.370 ms) | @
[1.370 ms ; 1.433 ms) | @@@@
[1.433 ms ; 1.493 ms) | @
---------------------------------------------------

// * Summary *

BenchmarkDotNet v0.15.8, Linux Ubuntu 24.04.4 LTS (Noble Numbat)
Intel Xeon Processor 2.10GHz, 1 CPU, 4 logical and 4 physical cores
.NET SDK 8.0.131
  [Host]   : .NET 8.0.31 (8.0.31, 8.0.3126.42015), X64 RyuJIT x86-64-v4
  campaign : .NET 8.0.31 (8.0.31, 8.0.3126.42015), X64 RyuJIT x86-64-v4

Job=campaign  EvaluateOverhead=False  Clock=Armonik.Ffi.Bdn.CpuClock  
IterationCount=6  IterationTime=40ms  LaunchCount=1  
RunStrategy=Throughput  WarmupCount=25  

| Method | Case                 | Mean         | Error         | StdDev      | Allocated |
|------- |--------------------- |-------------:|--------------:|------------:|----------:|
| Run    | core-(...)etain [42] | 2,208.796 us | 1,511.6385 us | 539.0649 us |         - |
| Run    | core-(...)|drop [40] | 1,540.546 us |   479.4350 us | 170.9711 us |         - |
| Run    | core-(...)etain [56] |     2.846 us |     0.1790 us |   0.0465 us |         - |
| Run    | core-(...)etain [43] | 1,417.456 us |   107.0169 us |  27.7919 us |         - |
| Run    | core-(...)|drop [54] |     2.265 us |     0.1337 us |   0.0347 us |         - |
| Run    | core-(...)|drop [41] | 1,906.841 us | 1,739.5799 us | 620.3509 us |         - |
| Run    | core-(...)etain [41] | 1,763.390 us |   496.0684 us | 176.9028 us |         - |
| Run    | core-(...)|drop [40] | 1,309.720 us |    17.7930 us |   6.3452 us |         - |
| Run    | core-(...)etain [42] | 2,103.804 us |   481.8579 us | 171.8352 us |         - |
| Run    | core-(...)|drop [39] | 1,514.504 us |   255.0025 us |  66.2233 us |         - |
| Run    | core-(...)|drop [40] | 1,971.632 us |   299.6447 us | 106.8562 us |         - |
| Run    | core-(...)etain [42] | 1,400.073 us |   121.7349 us |  43.4118 us |         - |

// * Legends *
  Case      : Value of the 'Case' parameter
  Mean      : Arithmetic mean of all measurements
  Error     : Half of 99.9% confidence interval
  StdDev    : Standard deviation of all measurements
  Allocated : Allocated memory per single operation (managed only, inclusive, 1KB = 1024B)
  1 us      : 1 Microsecond (0.000001 sec)

// * Diagnostic Output - AkProcessCpu *

// * Diagnostic Output - MemoryDiagnoser *


// ***** BenchmarkRunner: End *****
Global total time: 00:00:43 (43.95 sec), executed benchmarks: 12
// * Artifacts cleanup *
Artifacts cleanup is finished
