# engine:         BenchmarkDotNet 0.15.8.0 (CAMPAIGN.md 22a), toolchain BDN's default, ONE CHILD PROCESS PER CASE (the campaign's native isolation, req 22a as amended e6c909630); process CPU per iteration from the child's clock reads, each pair checked against BDN's wall measurement; the JIT tier is NOT read back (the children's JIT events are not visible here), so the jit check below is vacuous in this mode, pinned by the runner
# grid:           core (CAMPAIGN section 4.0, D18; AK_CAMPAIGN_GRID=core): arms incumbent-prod (full build only), core-ffi (FSM decode, D24) and host-gen (retain in the full build, no-unknown in its build); encode-transport-hot (end state ii, one hot graph) and decode-read; the 16 shapes, P7.1 decode only; Latin-1 and wide on P2.2 only; U-* rows U-nested-before, U-deep-u-repeated, U-oneof-u-repeated, U-wire-ListTaskSummaryResponse-tasks-as-wt5, U-wire-UploadResultDataMessage-upload-as-wt5, U-wire-ListMetricsResponse-batches-as-wt0, U-wire-DualResponse-left-as-wt5 (encode-transport-hot and decode-read). Extras left out (AK_CAMPAIGN_GRID=full runs them): incumbent-best, core-ffi-push (push decode), core-ffi-pull, bare decode, encode at end state (i) and with a pool input, decode-reencode, the drop mode, the incumbent in the no-unknown build, content sets on P1.2 and P2.4, the other U-* rows timed (all stay in the correctness checks)
# allocator:      default (readback at process start: a 16 MiB malloc came from the mmapped (mallinfo2; the block kept, never freed); no heap pre-grow (owner, 2026-10-03): BDN's warm-up runs the real call path, and minflt per row shows whether it sufficed; under the default toolchain each child probes once, on its case's first row as alloc_probe; GLIBC_TUNABLES=unset; CAMPAIGN req 25 as amended 2026-10-03, D9: the main figures run glibc's default allocator as production does; the pinned pass (glibc.malloc.trim_threshold=268435456:glibc.malloc.mmap_threshold=33554432) is a labelled diagnostic; every row carries `alloc` and `minflt`, the process's minor page faults over the iteration (getrusage, read by the job's clock beside the CPU clock), so faults per call = minflt / iters)
# runtime:        .NET 8.0.31; TieredCompilation=default TieredPGO=0 (net8.0 defaults unless set); GC server=False, concurrent (default)
# incumbent:      Google.Protobuf 3.32.0
# build:          full (WP5 step 10; the loaded core checked to be the same variant by its u-family exports)
# managed codec:  plan utf8=reject unknown=drop
# job:            launch 3; 6 actual iterations (rounds) per case, 25 warm-up iterations (the same for every case) after BDN's jitting stage (1 overhead + 1 workload jitting invocation per case, logged by BDN in the .bdn.log, not exported) and pilot, iteration time 40 ms (the pilot picks the invocation count per case), strategy Throughput, EvaluateOverhead=false (no overhead subtraction anywhere)
# clocks:         per iteration (every row with round >= 1): wall (Stopwatch) AND process CPU (CLOCK_PROCESS_CPUTIME_ID of this process: every thread, GC and JIT included; CAMPAIGN req 21 as amended, R-H25), both read by the job's clock (CpuClock, Job.WithClock) at the start and end of the same iteration window, exported RAW (no outlier removal, no overhead subtraction); BDN's forced GCs between iterations are outside the window; the round-0 row of each case is a summary of the whole actual stage (span_cpu_ns, span_wall_ns), not a sample
# threads:        thread pool min 2 worker / 1 IO, max 32767 worker / 1000 IO, 0 pool thread(s) now; 2 logical CPUs visible; the codec suite creates no core runtime (no RPC call is made); the timed loop runs on BDN's one thread
# encode:         CAMPAIGN req 11 (R-H29): dir encode = pool input + reused buffer; encode-hot = one graph + reused buffer; encode-transport = pool + the Grpc.Net form; encode-transport-hot = one graph + the Grpc.Net form. Reused buffer: incumbent-prod CalculateSize + WriteTo(IBufferWriter) and incumbent-best WriteTo(IBufferWriter) into one BufWriter, host-gen into its one Enc, core-ffi into the core's encode buffer (ak_encode_*/ak_uencode_*; that buffer is also what cell C hands the core's transport, and host-gen's Enc what cell E hands it, so their transport forms on the core's transport ARE the buffer rows). Grpc.Net form (cells A, F, D): the serializer the RPC grid's marshaller runs (RootOps.SerInc/SerHost/SerFfi), into a frame like Grpc.Net.Client 2.71's GrpcCallSerializationContext: one ArrayPool array, the 5-byte gRPC header, the body, the array returned after (GrpcFrame.cs); incumbent-best has no gRPC path and no transport row. Pool: distinct graphs built in the case's setup whose RETAINED heap is >= 28835840 bytes (2 x AK_LLC_BYTES, default 13.75 MB; AK_POOL_BYTES overrides; per row pool_graphs and pool_bytes), round robin one graph per call; a hot input is a pool of one (the same Next() per call); graph construction is never in the timed window
# U-* rows:       CAMPAIGN req 7 (R-H27): the 92 accepted, non-disputed U-* rows at the shapes core's 7 ABI roots, through this timed shapes core: encode-hot (a graph the arm decoded from the row, untimed; retain arms re-emit the unknown fields, drop arms the dropped form), decode, decode-read, and decode-reencode (a labelled extra; no incumbent-best row)
# content sets:   CAMPAIGN req 7 (R-H26): ascii, latin1 and wide on P1.2, P2.2, P2.4; ascii only elsewhere
# order:          seeded shuffles (below); ratios, where the aggregation forms them, come from per-launch medians (CAMPAIGN req 30): every unit is its own process
# process unit:   all cases; this launch's unit order: core-ffi:retain, core-ffi:drop (a seeded shuffle, seed 23757; within this process the cases run in a seeded shuffle too, seed 314187, the 2 prime cases first; requirement 22 as amended, R-H23)
# warm-up:        BenchmarkDotNet's own, per case: its jitting stage, pilot and the warm-up iterations of the job line (req 24; WP9 addendum: no hand-written pre-warm and no settle wait; the 2 prime cases below are BDN cases); the JIT tier is read back per case and a case that measured hot code at tier 0 fails the unit outside --smoke (the jit check below)
# correctness:    4525 pre-timing checks passed (byte identity of every encode arm per payload and content set; every arm accepts every unknown row; on every unknown row core-ffi retain and host-gen retain re-encode to the incumbent's bytes, i.e. the unknown fields are kept: requirement 10)
# cases:          10 exported, after 2 prime case(s) run first and not exported (copies of the first cases, content "prime"): BDN cases like any other, kept because without them the first case of a process measures BDN's own first-touched runtime helpers (SpanHelpers.Fill) at tier 0 (JOURNAL 51, 62)
# strings:        D21 string encode path AK_STR_ENC=E1R (K 64) (E0 .NET UTF-8 into native staging + ak_tc_bytes; E1 the string pinned + ak_tc_utf16; E2 the C# transcoder callback into the core's buffer; ETH:<n> E1 from n UTF-16 units, E0 below); Cases.Verify checks every path's bytes
# memory:         AK_BDN_MEMORY=1: BenchmarkDotNet's MemoryDiagnoser (an exploration switch, not a campaign setting): one extra workload iteration per case AFTER the actual stage, at the actual stage's invocation count, outside the job's clock (no exported sample is affected); on each case's first sample row mem_alloc_bytes_per_op (GC.GetTotalAllocatedBytes(precise), every thread, divided by its operations), mem_gen = [gen0, gen1, gen2] collections during it, mem_ops its operations, mem_alloc_bytes its total
# cpus:           this process: 2 CPU(s) in its affinity mask (sched_getaffinity), Environment.ProcessorCount 2; single-CPU guard (JOURNAL 73): a timed process (host or BDN child) with ONE CPU is refused unless AK_ALLOW_SINGLE_CPU=1 (here: unset); each case's first row carries cpus_affinity, cpus_runtime and single_cpu_override as its own process saw them
// Validating benchmarks:
// ***** BenchmarkRunner: Start   *****
// ***** Found 12 benchmark(s) in total *****
// ***** Building 1 exe(s) in Parallel: Start   *****
Unable to find .sln or .csproj file. Will use current directory /home/user/ArmoniK.Api/ffi/poc/csharp to search for project file. If you don't use .sln file on purpose it should not be a problem.
// start dotnet  restore --nodeReuse:false /p:UseSharedCompilation=false /p:Deterministic=true /p:Optimize=true /p:ArtifactsPath="/home/user/ArmoniK.Api/ffi/poc/csharp/src/BenchDotNet/bin/Release/net8.0/BenchDotNet-campaign-1/" /p:OutDir="/home/user/ArmoniK.Api/ffi/poc/csharp/src/BenchDotNet/bin/Release/net8.0/BenchDotNet-campaign-1/bin/Release/net8.0/" /p:OutputPath="/home/user/ArmoniK.Api/ffi/poc/csharp/src/BenchDotNet/bin/Release/net8.0/BenchDotNet-campaign-1/bin/Release/net8.0/" /p:PublishDir="/home/user/ArmoniK.Api/ffi/poc/csharp/src/BenchDotNet/bin/Release/net8.0/BenchDotNet-campaign-1/publish/" in /home/user/ArmoniK.Api/ffi/poc/csharp/src/BenchDotNet/bin/Release/net8.0/BenchDotNet-campaign-1
// command took 2.08 sec and exited with 0
// start dotnet  build -c Release --no-restore --nodeReuse:false /p:UseSharedCompilation=false /p:Deterministic=true /p:Optimize=true /p:ArtifactsPath="/home/user/ArmoniK.Api/ffi/poc/csharp/src/BenchDotNet/bin/Release/net8.0/BenchDotNet-campaign-1/" /p:OutDir="/home/user/ArmoniK.Api/ffi/poc/csharp/src/BenchDotNet/bin/Release/net8.0/BenchDotNet-campaign-1/bin/Release/net8.0/" /p:OutputPath="/home/user/ArmoniK.Api/ffi/poc/csharp/src/BenchDotNet/bin/Release/net8.0/BenchDotNet-campaign-1/bin/Release/net8.0/" /p:PublishDir="/home/user/ArmoniK.Api/ffi/poc/csharp/src/BenchDotNet/bin/Release/net8.0/BenchDotNet-campaign-1/publish/" --output "/home/user/ArmoniK.Api/ffi/poc/csharp/src/BenchDotNet/bin/Release/net8.0/BenchDotNet-campaign-1/bin/Release/net8.0/" in /home/user/ArmoniK.Api/ffi/poc/csharp/src/BenchDotNet/bin/Release/net8.0/BenchDotNet-campaign-1
// command took 17.46 sec and exited with 0
// ***** Done, took 00:00:19 (19.72 sec)   *****
// Found 12 benchmarks:
//   CodecSuite.Run: campaign(EvaluateOverhead=False, Clock=Armonik.Ffi.Bdn.CpuClock, IterationCount=6, IterationTime=40ms, LaunchCount=1, RunStrategy=Throughput, WarmupCount=25) [Case=core-(...)etain [42]]
//   CodecSuite.Run: campaign(EvaluateOverhead=False, Clock=Armonik.Ffi.Bdn.CpuClock, IterationCount=6, IterationTime=40ms, LaunchCount=1, RunStrategy=Throughput, WarmupCount=25) [Case=core-(...)|drop [40]]
//   CodecSuite.Run: campaign(EvaluateOverhead=False, Clock=Armonik.Ffi.Bdn.CpuClock, IterationCount=6, IterationTime=40ms, LaunchCount=1, RunStrategy=Throughput, WarmupCount=25) [Case=core-(...)etain [42]]
//   CodecSuite.Run: campaign(EvaluateOverhead=False, Clock=Armonik.Ffi.Bdn.CpuClock, IterationCount=6, IterationTime=40ms, LaunchCount=1, RunStrategy=Throughput, WarmupCount=25) [Case=core-(...)|drop [41]]
//   CodecSuite.Run: campaign(EvaluateOverhead=False, Clock=Armonik.Ffi.Bdn.CpuClock, IterationCount=6, IterationTime=40ms, LaunchCount=1, RunStrategy=Throughput, WarmupCount=25) [Case=core-(...)|drop [40]]
//   CodecSuite.Run: campaign(EvaluateOverhead=False, Clock=Armonik.Ffi.Bdn.CpuClock, IterationCount=6, IterationTime=40ms, LaunchCount=1, RunStrategy=Throughput, WarmupCount=25) [Case=core-(...)etain [41]]
//   CodecSuite.Run: campaign(EvaluateOverhead=False, Clock=Armonik.Ffi.Bdn.CpuClock, IterationCount=6, IterationTime=40ms, LaunchCount=1, RunStrategy=Throughput, WarmupCount=25) [Case=core-(...)|drop [54]]
//   CodecSuite.Run: campaign(EvaluateOverhead=False, Clock=Armonik.Ffi.Bdn.CpuClock, IterationCount=6, IterationTime=40ms, LaunchCount=1, RunStrategy=Throughput, WarmupCount=25) [Case=core-(...)|drop [39]]
//   CodecSuite.Run: campaign(EvaluateOverhead=False, Clock=Armonik.Ffi.Bdn.CpuClock, IterationCount=6, IterationTime=40ms, LaunchCount=1, RunStrategy=Throughput, WarmupCount=25) [Case=core-(...)etain [42]]
//   CodecSuite.Run: campaign(EvaluateOverhead=False, Clock=Armonik.Ffi.Bdn.CpuClock, IterationCount=6, IterationTime=40ms, LaunchCount=1, RunStrategy=Throughput, WarmupCount=25) [Case=core-(...)|drop [40]]
//   CodecSuite.Run: campaign(EvaluateOverhead=False, Clock=Armonik.Ffi.Bdn.CpuClock, IterationCount=6, IterationTime=40ms, LaunchCount=1, RunStrategy=Throughput, WarmupCount=25) [Case=core-(...)etain [56]]
//   CodecSuite.Run: campaign(EvaluateOverhead=False, Clock=Armonik.Ffi.Bdn.CpuClock, IterationCount=6, IterationTime=40ms, LaunchCount=1, RunStrategy=Throughput, WarmupCount=25) [Case=core-(...)etain [43]]

// **************************
// Benchmark: CodecSuite.Run: campaign(EvaluateOverhead=False, Clock=Armonik.Ffi.Bdn.CpuClock, IterationCount=6, IterationTime=40ms, LaunchCount=1, RunStrategy=Throughput, WarmupCount=25) [Case=core-(...)etain [42]]
// *** Execute ***
// Launch: 1 / 1
// Execute: dotnet BenchDotNet-campaign-1.dll --anonymousPipes 138 139 --benchmarkName "Armonik.Ffi.Bdn.CodecSuite.Run(Case: \"core-ffi|encode-core-hot|P2.2|prime|retain\")" --job campaign --benchmarkId 0 in /home/user/ArmoniK.Api/ffi/poc/csharp/src/BenchDotNet/bin/Release/net8.0/BenchDotNet-campaign-1/bin/Release/net8.0
// BeforeAnythingElse

// Benchmark Process Environment Information:
// BenchmarkDotNet v0.15.8
// Runtime=.NET 8.0.31 (8.0.31, 8.0.3126.42015), X64 RyuJIT x86-64-v4
// GC=Concurrent Workstation
// HardwareIntrinsics=AVX512 IFMA+VBMI,AVX512 F+BW+CD+DQ+VL,AVX2+BMI1+BMI2+F16C+FMA+LZCNT+MOVBE,AVX,SSE3+SSSE3+SSE4.1+SSE4.2+POPCNT,X86Base+SSE+SSE2,AES+PCLMUL,AvxVnni,SERIALIZE VectorSize=256
// Job: campaign(EvaluateOverhead=False, Clock=Armonik.Ffi.Bdn.CpuClock, IterationCount=6, IterationTime=40ms, LaunchCount=1, RunStrategy=Throughput, WarmupCount=25)

OverheadJitting  1: 1 op, 245305.00 ns, 245.3050 us/op
WorkloadJitting  1: 1 op, 14002102.00 ns, 14.0021 ms/op

WorkloadPilot    1: 4 op, 15701790.00 ns, 3.9254 ms/op
WorkloadPilot    2: 10 op, 23716904.00 ns, 2.3717 ms/op
WorkloadPilot    3: 17 op, 29263352.00 ns, 1.7214 ms/op
WorkloadPilot    4: 23 op, 39931059.00 ns, 1.7361 ms/op

WorkloadWarmup   1: 23 op, 41233163.00 ns, 1.7927 ms/op
WorkloadWarmup   2: 23 op, 41010574.00 ns, 1.7831 ms/op
WorkloadWarmup   3: 23 op, 35510470.00 ns, 1.5439 ms/op
WorkloadWarmup   4: 23 op, 33124629.00 ns, 1.4402 ms/op
WorkloadWarmup   5: 23 op, 36810356.00 ns, 1.6005 ms/op
WorkloadWarmup   6: 23 op, 49850886.00 ns, 2.1674 ms/op
WorkloadWarmup   7: 23 op, 42441404.00 ns, 1.8453 ms/op
WorkloadWarmup   8: 23 op, 31192422.00 ns, 1.3562 ms/op
WorkloadWarmup   9: 23 op, 30854125.00 ns, 1.3415 ms/op
WorkloadWarmup  10: 23 op, 30401329.00 ns, 1.3218 ms/op
WorkloadWarmup  11: 23 op, 37719405.00 ns, 1.6400 ms/op
WorkloadWarmup  12: 23 op, 46269692.00 ns, 2.0117 ms/op
WorkloadWarmup  13: 23 op, 34992161.00 ns, 1.5214 ms/op
WorkloadWarmup  14: 23 op, 38545752.00 ns, 1.6759 ms/op
WorkloadWarmup  15: 23 op, 33346868.00 ns, 1.4499 ms/op
WorkloadWarmup  16: 23 op, 36030009.00 ns, 1.5665 ms/op
WorkloadWarmup  17: 23 op, 33923794.00 ns, 1.4749 ms/op
WorkloadWarmup  18: 23 op, 39820329.00 ns, 1.7313 ms/op
WorkloadWarmup  19: 23 op, 33410681.00 ns, 1.4526 ms/op
WorkloadWarmup  20: 23 op, 36775635.00 ns, 1.5989 ms/op
WorkloadWarmup  21: 23 op, 34886050.00 ns, 1.5168 ms/op
WorkloadWarmup  22: 23 op, 31486795.00 ns, 1.3690 ms/op
WorkloadWarmup  23: 23 op, 35531352.00 ns, 1.5448 ms/op
WorkloadWarmup  24: 23 op, 66114300.00 ns, 2.8745 ms/op
WorkloadWarmup  25: 23 op, 30836960.00 ns, 1.3407 ms/op

// BeforeActualRun
WorkloadActual   1: 23 op, 38449160.00 ns, 1.6717 ms/op
WorkloadActual   2: 23 op, 36389584.00 ns, 1.5822 ms/op
WorkloadActual   3: 23 op, 31972751.00 ns, 1.3901 ms/op
WorkloadActual   4: 23 op, 31734703.00 ns, 1.3798 ms/op
WorkloadActual   5: 23 op, 32342270.00 ns, 1.4062 ms/op
WorkloadActual   6: 23 op, 32281492.00 ns, 1.4035 ms/op

// AfterActualRun
WorkloadResult   1: 23 op, 38449160.00 ns, 1.6717 ms/op
WorkloadResult   2: 23 op, 36389584.00 ns, 1.5822 ms/op
WorkloadResult   3: 23 op, 31972751.00 ns, 1.3901 ms/op
WorkloadResult   4: 23 op, 31734703.00 ns, 1.3798 ms/op
WorkloadResult   5: 23 op, 32342270.00 ns, 1.4062 ms/op
WorkloadResult   6: 23 op, 32281492.00 ns, 1.4035 ms/op
// GC:  0 0 0 0 23
// Threading:  0 0 23

// AfterAll
// Benchmark Process 25116 has exited with code 0.

Mean = 1.472 ms, StdErr = 0.050 ms (3.42%), N = 6, StdDev = 0.123 ms
Min = 1.380 ms, Q1 = 1.393 ms, Median = 1.405 ms, Q3 = 1.538 ms, Max = 1.672 ms
IQR = 0.145 ms, LowerFence = 1.176 ms, UpperFence = 1.755 ms
ConfidenceInterval = [1.126 ms; 1.819 ms] (CI 99.9%), Margin = 0.346 ms (23.52% of Mean)
Skewness = 0.65, Kurtosis = 1.35, MValue = 2

// ** Remained 11 (91.7 %) benchmark(s) to run. Estimated finish 2026-10-10 13:54 (0h 0m from now) **
// **************************
// Benchmark: CodecSuite.Run: campaign(EvaluateOverhead=False, Clock=Armonik.Ffi.Bdn.CpuClock, IterationCount=6, IterationTime=40ms, LaunchCount=1, RunStrategy=Throughput, WarmupCount=25) [Case=core-(...)|drop [40]]
// *** Execute ***
// Launch: 1 / 1
// Execute: dotnet BenchDotNet-campaign-1.dll --anonymousPipes 138 139 --benchmarkName "Armonik.Ffi.Bdn.CodecSuite.Run(Case: \"core-ffi|encode-core-hot|P2.2|prime|drop\")" --job campaign --benchmarkId 1 in /home/user/ArmoniK.Api/ffi/poc/csharp/src/BenchDotNet/bin/Release/net8.0/BenchDotNet-campaign-1/bin/Release/net8.0
// BeforeAnythingElse

// Benchmark Process Environment Information:
// BenchmarkDotNet v0.15.8
// Runtime=.NET 8.0.31 (8.0.31, 8.0.3126.42015), X64 RyuJIT x86-64-v4
// GC=Concurrent Workstation
// HardwareIntrinsics=AVX512 IFMA+VBMI,AVX512 F+BW+CD+DQ+VL,AVX2+BMI1+BMI2+F16C+FMA+LZCNT+MOVBE,AVX,SSE3+SSSE3+SSE4.1+SSE4.2+POPCNT,X86Base+SSE+SSE2,AES+PCLMUL,AvxVnni,SERIALIZE VectorSize=256
// Job: campaign(EvaluateOverhead=False, Clock=Armonik.Ffi.Bdn.CpuClock, IterationCount=6, IterationTime=40ms, LaunchCount=1, RunStrategy=Throughput, WarmupCount=25)

OverheadJitting  1: 1 op, 340405.00 ns, 340.4050 us/op
WorkloadJitting  1: 1 op, 14147507.00 ns, 14.1475 ms/op

WorkloadPilot    1: 4 op, 22544313.00 ns, 5.6361 ms/op
WorkloadPilot    2: 7 op, 17130285.00 ns, 2.4472 ms/op
WorkloadPilot    3: 16 op, 54387933.00 ns, 3.3992 ms/op
WorkloadPilot    4: 12 op, 19444198.00 ns, 1.6203 ms/op
WorkloadPilot    5: 25 op, 46149415.00 ns, 1.8460 ms/op
WorkloadPilot    6: 22 op, 40681635.00 ns, 1.8492 ms/op

WorkloadWarmup   1: 22 op, 33348522.00 ns, 1.5158 ms/op
WorkloadWarmup   2: 22 op, 37278413.00 ns, 1.6945 ms/op
WorkloadWarmup   3: 22 op, 31121858.00 ns, 1.4146 ms/op
WorkloadWarmup   4: 22 op, 31892982.00 ns, 1.4497 ms/op
WorkloadWarmup   5: 22 op, 29035701.00 ns, 1.3198 ms/op
WorkloadWarmup   6: 22 op, 31616021.00 ns, 1.4371 ms/op
WorkloadWarmup   7: 22 op, 39893870.00 ns, 1.8134 ms/op
WorkloadWarmup   8: 22 op, 36741363.00 ns, 1.6701 ms/op
WorkloadWarmup   9: 22 op, 37169361.00 ns, 1.6895 ms/op
WorkloadWarmup  10: 22 op, 32116910.00 ns, 1.4599 ms/op
WorkloadWarmup  11: 22 op, 31384909.00 ns, 1.4266 ms/op
WorkloadWarmup  12: 22 op, 30724439.00 ns, 1.3966 ms/op
WorkloadWarmup  13: 22 op, 32142224.00 ns, 1.4610 ms/op
WorkloadWarmup  14: 22 op, 28771265.00 ns, 1.3078 ms/op
WorkloadWarmup  15: 22 op, 49494726.00 ns, 2.2498 ms/op
WorkloadWarmup  16: 22 op, 29175058.00 ns, 1.3261 ms/op
WorkloadWarmup  17: 22 op, 29028877.00 ns, 1.3195 ms/op
WorkloadWarmup  18: 22 op, 30469758.00 ns, 1.3850 ms/op
WorkloadWarmup  19: 22 op, 31975157.00 ns, 1.4534 ms/op
WorkloadWarmup  20: 22 op, 33780409.00 ns, 1.5355 ms/op
WorkloadWarmup  21: 22 op, 35416361.00 ns, 1.6098 ms/op
WorkloadWarmup  22: 22 op, 37478628.00 ns, 1.7036 ms/op
WorkloadWarmup  23: 22 op, 35025507.00 ns, 1.5921 ms/op
WorkloadWarmup  24: 22 op, 38380833.00 ns, 1.7446 ms/op
WorkloadWarmup  25: 22 op, 36424544.00 ns, 1.6557 ms/op

// BeforeActualRun
WorkloadActual   1: 22 op, 33623628.00 ns, 1.5283 ms/op
WorkloadActual   2: 22 op, 40842172.00 ns, 1.8565 ms/op
WorkloadActual   3: 22 op, 36546975.00 ns, 1.6612 ms/op
WorkloadActual   4: 22 op, 31390491.00 ns, 1.4268 ms/op
WorkloadActual   5: 22 op, 31436869.00 ns, 1.4289 ms/op
WorkloadActual   6: 22 op, 30550273.00 ns, 1.3886 ms/op

// AfterActualRun
WorkloadResult   1: 22 op, 33623628.00 ns, 1.5283 ms/op
WorkloadResult   2: 22 op, 40842172.00 ns, 1.8565 ms/op
WorkloadResult   3: 22 op, 36546975.00 ns, 1.6612 ms/op
WorkloadResult   4: 22 op, 31390491.00 ns, 1.4268 ms/op
WorkloadResult   5: 22 op, 31436869.00 ns, 1.4289 ms/op
WorkloadResult   6: 22 op, 30550273.00 ns, 1.3886 ms/op
// GC:  0 0 0 0 22
// Threading:  0 0 22

// AfterAll
// Benchmark Process 25126 has exited with code 0.

Mean = 1.548 ms, StdErr = 0.074 ms (4.75%), N = 6, StdDev = 0.180 ms
Min = 1.389 ms, Q1 = 1.427 ms, Median = 1.479 ms, Q3 = 1.628 ms, Max = 1.856 ms
IQR = 0.201 ms, LowerFence = 1.126 ms, UpperFence = 1.929 ms
ConfidenceInterval = [1.043 ms; 2.054 ms] (CI 99.9%), Margin = 0.506 ms (32.66% of Mean)
Skewness = 0.66, Kurtosis = 1.61, MValue = 2

// ** Remained 10 (83.3 %) benchmark(s) to run. Estimated finish 2026-10-10 13:54 (0h 0m from now) **
// **************************
// Benchmark: CodecSuite.Run: campaign(EvaluateOverhead=False, Clock=Armonik.Ffi.Bdn.CpuClock, IterationCount=6, IterationTime=40ms, LaunchCount=1, RunStrategy=Throughput, WarmupCount=25) [Case=core-(...)etain [42]]
// *** Execute ***
// Launch: 1 / 1
// Execute: dotnet BenchDotNet-campaign-1.dll --anonymousPipes 138 139 --benchmarkName "Armonik.Ffi.Bdn.CodecSuite.Run(Case: \"core-ffi|encode-core-hot|P2.4|ascii|retain\")" --job campaign --benchmarkId 2 in /home/user/ArmoniK.Api/ffi/poc/csharp/src/BenchDotNet/bin/Release/net8.0/BenchDotNet-campaign-1/bin/Release/net8.0
// BeforeAnythingElse

// Benchmark Process Environment Information:
// BenchmarkDotNet v0.15.8
// Runtime=.NET 8.0.31 (8.0.31, 8.0.3126.42015), X64 RyuJIT x86-64-v4
// GC=Concurrent Workstation
// HardwareIntrinsics=AVX512 IFMA+VBMI,AVX512 F+BW+CD+DQ+VL,AVX2+BMI1+BMI2+F16C+FMA+LZCNT+MOVBE,AVX,SSE3+SSSE3+SSE4.1+SSE4.2+POPCNT,X86Base+SSE+SSE2,AES+PCLMUL,AvxVnni,SERIALIZE VectorSize=256
// Job: campaign(EvaluateOverhead=False, Clock=Armonik.Ffi.Bdn.CpuClock, IterationCount=6, IterationTime=40ms, LaunchCount=1, RunStrategy=Throughput, WarmupCount=25)

OverheadJitting  1: 1 op, 282110.00 ns, 282.1100 us/op
WorkloadJitting  1: 1 op, 15922132.00 ns, 15.9221 ms/op

WorkloadPilot    1: 4 op, 17257302.00 ns, 4.3143 ms/op
WorkloadPilot    2: 9 op, 23419595.00 ns, 2.6022 ms/op
WorkloadPilot    3: 15 op, 35641810.00 ns, 2.3761 ms/op
WorkloadPilot    4: 17 op, 45073422.00 ns, 2.6514 ms/op
WorkloadPilot    5: 15 op, 48829080.00 ns, 3.2553 ms/op
WorkloadPilot    6: 12 op, 29123812.00 ns, 2.4270 ms/op
WorkloadPilot    7: 16 op, 38269689.00 ns, 2.3919 ms/op

WorkloadWarmup   1: 16 op, 41585078.00 ns, 2.5991 ms/op
WorkloadWarmup   2: 16 op, 33586964.00 ns, 2.0992 ms/op
WorkloadWarmup   3: 16 op, 37038658.00 ns, 2.3149 ms/op
WorkloadWarmup   4: 16 op, 33983746.00 ns, 2.1240 ms/op
WorkloadWarmup   5: 16 op, 31729714.00 ns, 1.9831 ms/op
WorkloadWarmup   6: 16 op, 31750672.00 ns, 1.9844 ms/op
WorkloadWarmup   7: 16 op, 33170677.00 ns, 2.0732 ms/op
WorkloadWarmup   8: 16 op, 40839712.00 ns, 2.5525 ms/op
WorkloadWarmup   9: 16 op, 31332130.00 ns, 1.9583 ms/op
WorkloadWarmup  10: 16 op, 33668780.00 ns, 2.1043 ms/op
WorkloadWarmup  11: 16 op, 32123849.00 ns, 2.0077 ms/op
WorkloadWarmup  12: 16 op, 30695219.00 ns, 1.9185 ms/op
WorkloadWarmup  13: 16 op, 29503561.00 ns, 1.8440 ms/op
WorkloadWarmup  14: 16 op, 30324563.00 ns, 1.8953 ms/op
WorkloadWarmup  15: 16 op, 29250396.00 ns, 1.8281 ms/op
WorkloadWarmup  16: 16 op, 34219264.00 ns, 2.1387 ms/op
WorkloadWarmup  17: 16 op, 36301393.00 ns, 2.2688 ms/op
WorkloadWarmup  18: 16 op, 32128549.00 ns, 2.0080 ms/op
WorkloadWarmup  19: 16 op, 32818365.00 ns, 2.0511 ms/op
WorkloadWarmup  20: 16 op, 34602565.00 ns, 2.1627 ms/op
WorkloadWarmup  21: 16 op, 30294161.00 ns, 1.8934 ms/op
WorkloadWarmup  22: 16 op, 39394766.00 ns, 2.4622 ms/op
WorkloadWarmup  23: 16 op, 40373033.00 ns, 2.5233 ms/op
WorkloadWarmup  24: 16 op, 41187658.00 ns, 2.5742 ms/op
WorkloadWarmup  25: 16 op, 37315994.00 ns, 2.3322 ms/op

// BeforeActualRun
WorkloadActual   1: 16 op, 33124298.00 ns, 2.0703 ms/op
WorkloadActual   2: 16 op, 38953009.00 ns, 2.4346 ms/op
WorkloadActual   3: 16 op, 34058648.00 ns, 2.1287 ms/op
WorkloadActual   4: 16 op, 35309324.00 ns, 2.2068 ms/op
WorkloadActual   5: 16 op, 33826962.00 ns, 2.1142 ms/op
WorkloadActual   6: 16 op, 38746056.00 ns, 2.4216 ms/op

// AfterActualRun
WorkloadResult   1: 16 op, 33124298.00 ns, 2.0703 ms/op
WorkloadResult   2: 16 op, 38953009.00 ns, 2.4346 ms/op
WorkloadResult   3: 16 op, 34058648.00 ns, 2.1287 ms/op
WorkloadResult   4: 16 op, 35309324.00 ns, 2.2068 ms/op
WorkloadResult   5: 16 op, 33826962.00 ns, 2.1142 ms/op
WorkloadResult   6: 16 op, 38746056.00 ns, 2.4216 ms/op
// GC:  0 0 0 0 16
// Threading:  0 0 16

// AfterAll
// Benchmark Process 25136 has exited with code 0.

Mean = 2.229 ms, StdErr = 0.065 ms (2.93%), N = 6, StdDev = 0.160 ms
Min = 2.070 ms, Q1 = 2.118 ms, Median = 2.168 ms, Q3 = 2.368 ms, Max = 2.435 ms
IQR = 0.250 ms, LowerFence = 1.743 ms, UpperFence = 2.743 ms
ConfidenceInterval = [1.780 ms; 2.679 ms] (CI 99.9%), Margin = 0.449 ms (20.15% of Mean)
Skewness = 0.37, Kurtosis = 1.03, MValue = 2

// ** Remained 9 (75.0 %) benchmark(s) to run. Estimated finish 2026-10-10 13:54 (0h 0m from now) **
// **************************
// Benchmark: CodecSuite.Run: campaign(EvaluateOverhead=False, Clock=Armonik.Ffi.Bdn.CpuClock, IterationCount=6, IterationTime=40ms, LaunchCount=1, RunStrategy=Throughput, WarmupCount=25) [Case=core-(...)|drop [41]]
// *** Execute ***
// Launch: 1 / 1
// Execute: dotnet BenchDotNet-campaign-1.dll --anonymousPipes 138 139 --benchmarkName "Armonik.Ffi.Bdn.CodecSuite.Run(Case: \"core-ffi|encode-core-hot|P2.2|latin1|drop\")" --job campaign --benchmarkId 3 in /home/user/ArmoniK.Api/ffi/poc/csharp/src/BenchDotNet/bin/Release/net8.0/BenchDotNet-campaign-1/bin/Release/net8.0
// BeforeAnythingElse

// Benchmark Process Environment Information:
// BenchmarkDotNet v0.15.8
// Runtime=.NET 8.0.31 (8.0.31, 8.0.3126.42015), X64 RyuJIT x86-64-v4
// GC=Concurrent Workstation
// HardwareIntrinsics=AVX512 IFMA+VBMI,AVX512 F+BW+CD+DQ+VL,AVX2+BMI1+BMI2+F16C+FMA+LZCNT+MOVBE,AVX,SSE3+SSSE3+SSE4.1+SSE4.2+POPCNT,X86Base+SSE+SSE2,AES+PCLMUL,AvxVnni,SERIALIZE VectorSize=256
// Job: campaign(EvaluateOverhead=False, Clock=Armonik.Ffi.Bdn.CpuClock, IterationCount=6, IterationTime=40ms, LaunchCount=1, RunStrategy=Throughput, WarmupCount=25)

OverheadJitting  1: 1 op, 303357.00 ns, 303.3570 us/op
WorkloadJitting  1: 1 op, 14970934.00 ns, 14.9709 ms/op

WorkloadPilot    1: 4 op, 16872542.00 ns, 4.2181 ms/op
WorkloadPilot    2: 9 op, 23727314.00 ns, 2.6364 ms/op
WorkloadPilot    3: 15 op, 24907837.00 ns, 1.6605 ms/op
WorkloadPilot    4: 24 op, 40041728.00 ns, 1.6684 ms/op

WorkloadWarmup   1: 24 op, 39467808.00 ns, 1.6445 ms/op
WorkloadWarmup   2: 24 op, 38570307.00 ns, 1.6071 ms/op
WorkloadWarmup   3: 24 op, 39579089.00 ns, 1.6491 ms/op
WorkloadWarmup   4: 24 op, 39739930.00 ns, 1.6558 ms/op
WorkloadWarmup   5: 24 op, 35793128.00 ns, 1.4914 ms/op
WorkloadWarmup   6: 24 op, 33656662.00 ns, 1.4024 ms/op
WorkloadWarmup   7: 24 op, 32722079.00 ns, 1.3634 ms/op
WorkloadWarmup   8: 24 op, 33188280.00 ns, 1.3828 ms/op
WorkloadWarmup   9: 24 op, 36469901.00 ns, 1.5196 ms/op
WorkloadWarmup  10: 24 op, 33405263.00 ns, 1.3919 ms/op
WorkloadWarmup  11: 24 op, 34150800.00 ns, 1.4230 ms/op
WorkloadWarmup  12: 24 op, 32258282.00 ns, 1.3441 ms/op
WorkloadWarmup  13: 24 op, 33051636.00 ns, 1.3772 ms/op
WorkloadWarmup  14: 24 op, 33343444.00 ns, 1.3893 ms/op
WorkloadWarmup  15: 24 op, 33119734.00 ns, 1.3800 ms/op
WorkloadWarmup  16: 24 op, 33145238.00 ns, 1.3811 ms/op
WorkloadWarmup  17: 24 op, 32591599.00 ns, 1.3580 ms/op
WorkloadWarmup  18: 24 op, 33994074.00 ns, 1.4164 ms/op
WorkloadWarmup  19: 24 op, 33571507.00 ns, 1.3988 ms/op
WorkloadWarmup  20: 24 op, 32824407.00 ns, 1.3677 ms/op
WorkloadWarmup  21: 24 op, 35549503.00 ns, 1.4812 ms/op
WorkloadWarmup  22: 24 op, 33379925.00 ns, 1.3908 ms/op
WorkloadWarmup  23: 24 op, 32025645.00 ns, 1.3344 ms/op
WorkloadWarmup  24: 24 op, 32533384.00 ns, 1.3556 ms/op
WorkloadWarmup  25: 24 op, 32506737.00 ns, 1.3544 ms/op

// BeforeActualRun
WorkloadActual   1: 24 op, 33907056.00 ns, 1.4128 ms/op
WorkloadActual   2: 24 op, 33588024.00 ns, 1.3995 ms/op
WorkloadActual   3: 24 op, 33461309.00 ns, 1.3942 ms/op
WorkloadActual   4: 24 op, 33251926.00 ns, 1.3855 ms/op
WorkloadActual   5: 24 op, 33609356.00 ns, 1.4004 ms/op
WorkloadActual   6: 24 op, 33101029.00 ns, 1.3792 ms/op

// AfterActualRun
WorkloadResult   1: 24 op, 33907056.00 ns, 1.4128 ms/op
WorkloadResult   2: 24 op, 33588024.00 ns, 1.3995 ms/op
WorkloadResult   3: 24 op, 33461309.00 ns, 1.3942 ms/op
WorkloadResult   4: 24 op, 33251926.00 ns, 1.3855 ms/op
WorkloadResult   5: 24 op, 33609356.00 ns, 1.4004 ms/op
WorkloadResult   6: 24 op, 33101029.00 ns, 1.3792 ms/op
// GC:  0 0 0 0 24
// Threading:  0 0 24

// AfterAll
// Benchmark Process 25145 has exited with code 0.

Mean = 1.395 ms, StdErr = 0.005 ms (0.35%), N = 6, StdDev = 0.012 ms
Min = 1.379 ms, Q1 = 1.388 ms, Median = 1.397 ms, Q3 = 1.400 ms, Max = 1.413 ms
IQR = 0.012 ms, LowerFence = 1.369 ms, UpperFence = 1.419 ms
ConfidenceInterval = [1.362 ms; 1.429 ms] (CI 99.9%), Margin = 0.033 ms (2.39% of Mean)
Skewness = 0.05, Kurtosis = 1.43, MValue = 2

// ** Remained 8 (66.7 %) benchmark(s) to run. Estimated finish 2026-10-10 13:54 (0h 0m from now) **
// **************************
// Benchmark: CodecSuite.Run: campaign(EvaluateOverhead=False, Clock=Armonik.Ffi.Bdn.CpuClock, IterationCount=6, IterationTime=40ms, LaunchCount=1, RunStrategy=Throughput, WarmupCount=25) [Case=core-(...)|drop [40]]
// *** Execute ***
// Launch: 1 / 1
// Execute: dotnet BenchDotNet-campaign-1.dll --anonymousPipes 138 139 --benchmarkName "Armonik.Ffi.Bdn.CodecSuite.Run(Case: \"core-ffi|encode-core-hot|P2.4|ascii|drop\")" --job campaign --benchmarkId 4 in /home/user/ArmoniK.Api/ffi/poc/csharp/src/BenchDotNet/bin/Release/net8.0/BenchDotNet-campaign-1/bin/Release/net8.0
// BeforeAnythingElse

// Benchmark Process Environment Information:
// BenchmarkDotNet v0.15.8
// Runtime=.NET 8.0.31 (8.0.31, 8.0.3126.42015), X64 RyuJIT x86-64-v4
// GC=Concurrent Workstation
// HardwareIntrinsics=AVX512 IFMA+VBMI,AVX512 F+BW+CD+DQ+VL,AVX2+BMI1+BMI2+F16C+FMA+LZCNT+MOVBE,AVX,SSE3+SSSE3+SSE4.1+SSE4.2+POPCNT,X86Base+SSE+SSE2,AES+PCLMUL,AvxVnni,SERIALIZE VectorSize=256
// Job: campaign(EvaluateOverhead=False, Clock=Armonik.Ffi.Bdn.CpuClock, IterationCount=6, IterationTime=40ms, LaunchCount=1, RunStrategy=Throughput, WarmupCount=25)

OverheadJitting  1: 1 op, 369654.00 ns, 369.6540 us/op
WorkloadJitting  1: 1 op, 16481588.00 ns, 16.4816 ms/op

WorkloadPilot    1: 4 op, 13793331.00 ns, 3.4483 ms/op
WorkloadPilot    2: 12 op, 31328367.00 ns, 2.6107 ms/op
WorkloadPilot    3: 15 op, 32736800.00 ns, 2.1825 ms/op
WorkloadPilot    4: 18 op, 61633777.00 ns, 3.4241 ms/op
WorkloadPilot    5: 12 op, 29436786.00 ns, 2.4531 ms/op
WorkloadPilot    6: 16 op, 46073755.00 ns, 2.8796 ms/op
WorkloadPilot    7: 14 op, 39246088.00 ns, 2.8033 ms/op

WorkloadWarmup   1: 14 op, 31155447.00 ns, 2.2254 ms/op
WorkloadWarmup   2: 14 op, 28181642.00 ns, 2.0130 ms/op
WorkloadWarmup   3: 14 op, 34108116.00 ns, 2.4363 ms/op
WorkloadWarmup   4: 14 op, 28472470.00 ns, 2.0337 ms/op
WorkloadWarmup   5: 14 op, 31486959.00 ns, 2.2491 ms/op
WorkloadWarmup   6: 14 op, 27073834.00 ns, 1.9338 ms/op
WorkloadWarmup   7: 14 op, 26630731.00 ns, 1.9022 ms/op
WorkloadWarmup   8: 14 op, 29190493.00 ns, 2.0850 ms/op
WorkloadWarmup   9: 14 op, 51425217.00 ns, 3.6732 ms/op
WorkloadWarmup  10: 14 op, 39022357.00 ns, 2.7873 ms/op
WorkloadWarmup  11: 14 op, 33280865.00 ns, 2.3772 ms/op
WorkloadWarmup  12: 14 op, 39878608.00 ns, 2.8485 ms/op
WorkloadWarmup  13: 14 op, 27610088.00 ns, 1.9721 ms/op
WorkloadWarmup  14: 14 op, 26978745.00 ns, 1.9271 ms/op
WorkloadWarmup  15: 14 op, 30135186.00 ns, 2.1525 ms/op
WorkloadWarmup  16: 14 op, 27424439.00 ns, 1.9589 ms/op
WorkloadWarmup  17: 14 op, 30097584.00 ns, 2.1498 ms/op
WorkloadWarmup  18: 14 op, 30708631.00 ns, 2.1935 ms/op
WorkloadWarmup  19: 14 op, 38084037.00 ns, 2.7203 ms/op
WorkloadWarmup  20: 14 op, 31367417.00 ns, 2.2405 ms/op
WorkloadWarmup  21: 14 op, 42472012.00 ns, 3.0337 ms/op
WorkloadWarmup  22: 14 op, 35172927.00 ns, 2.5124 ms/op
WorkloadWarmup  23: 14 op, 36848591.00 ns, 2.6320 ms/op
WorkloadWarmup  24: 14 op, 30472034.00 ns, 2.1766 ms/op
WorkloadWarmup  25: 14 op, 28616990.00 ns, 2.0441 ms/op

// BeforeActualRun
WorkloadActual   1: 14 op, 30543757.00 ns, 2.1817 ms/op
WorkloadActual   2: 14 op, 38712501.00 ns, 2.7652 ms/op
WorkloadActual   3: 14 op, 28880943.00 ns, 2.0629 ms/op
WorkloadActual   4: 14 op, 62777634.00 ns, 4.4841 ms/op
WorkloadActual   5: 14 op, 35039193.00 ns, 2.5028 ms/op
WorkloadActual   6: 14 op, 55644093.00 ns, 3.9746 ms/op

// AfterActualRun
WorkloadResult   1: 14 op, 30543757.00 ns, 2.1817 ms/op
WorkloadResult   2: 14 op, 38712501.00 ns, 2.7652 ms/op
WorkloadResult   3: 14 op, 28880943.00 ns, 2.0629 ms/op
WorkloadResult   4: 14 op, 62777634.00 ns, 4.4841 ms/op
WorkloadResult   5: 14 op, 35039193.00 ns, 2.5028 ms/op
WorkloadResult   6: 14 op, 55644093.00 ns, 3.9746 ms/op
// GC:  0 0 0 0 14
// Threading:  0 0 14

// AfterAll
// Benchmark Process 25154 has exited with code 0.

Mean = 2.995 ms, StdErr = 0.408 ms (13.63%), N = 6, StdDev = 1.000 ms
Min = 2.063 ms, Q1 = 2.262 ms, Median = 2.634 ms, Q3 = 3.672 ms, Max = 4.484 ms
IQR = 1.410 ms, LowerFence = 0.147 ms, UpperFence = 5.788 ms
ConfidenceInterval = [0.190 ms; 5.800 ms] (CI 99.9%), Margin = 2.805 ms (93.64% of Mean)
Skewness = 0.46, Kurtosis = 1.18, MValue = 2

// ** Remained 7 (58.3 %) benchmark(s) to run. Estimated finish 2026-10-10 13:54 (0h 0m from now) **
// **************************
// Benchmark: CodecSuite.Run: campaign(EvaluateOverhead=False, Clock=Armonik.Ffi.Bdn.CpuClock, IterationCount=6, IterationTime=40ms, LaunchCount=1, RunStrategy=Throughput, WarmupCount=25) [Case=core-(...)etain [41]]
// *** Execute ***
// Launch: 1 / 1
// Execute: dotnet BenchDotNet-campaign-1.dll --anonymousPipes 138 139 --benchmarkName "Armonik.Ffi.Bdn.CodecSuite.Run(Case: \"core-ffi|encode-core-hot|P2.2|wide|retain\")" --job campaign --benchmarkId 5 in /home/user/ArmoniK.Api/ffi/poc/csharp/src/BenchDotNet/bin/Release/net8.0/BenchDotNet-campaign-1/bin/Release/net8.0
// BeforeAnythingElse

// Benchmark Process Environment Information:
// BenchmarkDotNet v0.15.8
// Runtime=.NET 8.0.31 (8.0.31, 8.0.3126.42015), X64 RyuJIT x86-64-v4
// GC=Concurrent Workstation
// HardwareIntrinsics=AVX512 IFMA+VBMI,AVX512 F+BW+CD+DQ+VL,AVX2+BMI1+BMI2+F16C+FMA+LZCNT+MOVBE,AVX,SSE3+SSSE3+SSE4.1+SSE4.2+POPCNT,X86Base+SSE+SSE2,AES+PCLMUL,AvxVnni,SERIALIZE VectorSize=256
// Job: campaign(EvaluateOverhead=False, Clock=Armonik.Ffi.Bdn.CpuClock, IterationCount=6, IterationTime=40ms, LaunchCount=1, RunStrategy=Throughput, WarmupCount=25)

OverheadJitting  1: 1 op, 300036.00 ns, 300.0360 us/op
WorkloadJitting  1: 1 op, 18644619.00 ns, 18.6446 ms/op

WorkloadPilot    1: 4 op, 23864895.00 ns, 5.9662 ms/op
WorkloadPilot    2: 7 op, 22077199.00 ns, 3.1539 ms/op
WorkloadPilot    3: 13 op, 28656153.00 ns, 2.2043 ms/op
WorkloadPilot    4: 18 op, 34842599.00 ns, 1.9357 ms/op
WorkloadPilot    5: 21 op, 48793604.00 ns, 2.3235 ms/op
WorkloadPilot    6: 17 op, 33836087.00 ns, 1.9904 ms/op
WorkloadPilot    7: 20 op, 32919104.00 ns, 1.6460 ms/op
WorkloadPilot    8: 24 op, 41413691.00 ns, 1.7256 ms/op

WorkloadWarmup   1: 24 op, 40511063.00 ns, 1.6880 ms/op
WorkloadWarmup   2: 24 op, 42664486.00 ns, 1.7777 ms/op
WorkloadWarmup   3: 24 op, 40014836.00 ns, 1.6673 ms/op
WorkloadWarmup   4: 24 op, 38087767.00 ns, 1.5870 ms/op
WorkloadWarmup   5: 24 op, 38798111.00 ns, 1.6166 ms/op
WorkloadWarmup   6: 24 op, 63625065.00 ns, 2.6510 ms/op
WorkloadWarmup   7: 24 op, 50317825.00 ns, 2.0966 ms/op
WorkloadWarmup   8: 24 op, 39565223.00 ns, 1.6486 ms/op
WorkloadWarmup   9: 24 op, 37680197.00 ns, 1.5700 ms/op
WorkloadWarmup  10: 24 op, 42688592.00 ns, 1.7787 ms/op
WorkloadWarmup  11: 24 op, 37000361.00 ns, 1.5417 ms/op
WorkloadWarmup  12: 24 op, 37594973.00 ns, 1.5665 ms/op
WorkloadWarmup  13: 24 op, 41232275.00 ns, 1.7180 ms/op
WorkloadWarmup  14: 24 op, 41728332.00 ns, 1.7387 ms/op
WorkloadWarmup  15: 24 op, 38032056.00 ns, 1.5847 ms/op
WorkloadWarmup  16: 24 op, 46330857.00 ns, 1.9305 ms/op
WorkloadWarmup  17: 24 op, 41009329.00 ns, 1.7087 ms/op
WorkloadWarmup  18: 24 op, 39881206.00 ns, 1.6617 ms/op
WorkloadWarmup  19: 24 op, 49948113.00 ns, 2.0812 ms/op
WorkloadWarmup  20: 24 op, 37516808.00 ns, 1.5632 ms/op
WorkloadWarmup  21: 24 op, 61081923.00 ns, 2.5451 ms/op
WorkloadWarmup  22: 24 op, 38934382.00 ns, 1.6223 ms/op
WorkloadWarmup  23: 24 op, 44808392.00 ns, 1.8670 ms/op
WorkloadWarmup  24: 24 op, 46825906.00 ns, 1.9511 ms/op
WorkloadWarmup  25: 24 op, 41487066.00 ns, 1.7286 ms/op

// BeforeActualRun
WorkloadActual   1: 24 op, 48566663.00 ns, 2.0236 ms/op
WorkloadActual   2: 24 op, 42890979.00 ns, 1.7871 ms/op
WorkloadActual   3: 24 op, 40964896.00 ns, 1.7069 ms/op
WorkloadActual   4: 24 op, 45745731.00 ns, 1.9061 ms/op
WorkloadActual   5: 24 op, 39086015.00 ns, 1.6286 ms/op
WorkloadActual   6: 24 op, 44660931.00 ns, 1.8609 ms/op

// AfterActualRun
WorkloadResult   1: 24 op, 48566663.00 ns, 2.0236 ms/op
WorkloadResult   2: 24 op, 42890979.00 ns, 1.7871 ms/op
WorkloadResult   3: 24 op, 40964896.00 ns, 1.7069 ms/op
WorkloadResult   4: 24 op, 45745731.00 ns, 1.9061 ms/op
WorkloadResult   5: 24 op, 39086015.00 ns, 1.6286 ms/op
WorkloadResult   6: 24 op, 44660931.00 ns, 1.8609 ms/op
// GC:  0 0 0 0 24
// Threading:  0 0 24

// AfterAll
// Benchmark Process 25163 has exited with code 0.

Mean = 1.819 ms, StdErr = 0.058 ms (3.19%), N = 6, StdDev = 0.142 ms
Min = 1.629 ms, Q1 = 1.727 ms, Median = 1.824 ms, Q3 = 1.895 ms, Max = 2.024 ms
IQR = 0.168 ms, LowerFence = 1.475 ms, UpperFence = 2.147 ms
ConfidenceInterval = [1.420 ms; 2.217 ms] (CI 99.9%), Margin = 0.399 ms (21.92% of Mean)
Skewness = 0.06, Kurtosis = 1.34, MValue = 2

// ** Remained 6 (50.0 %) benchmark(s) to run. Estimated finish 2026-10-10 13:54 (0h 0m from now) **
// **************************
// Benchmark: CodecSuite.Run: campaign(EvaluateOverhead=False, Clock=Armonik.Ffi.Bdn.CpuClock, IterationCount=6, IterationTime=40ms, LaunchCount=1, RunStrategy=Throughput, WarmupCount=25) [Case=core-(...)|drop [54]]
// *** Execute ***
// Launch: 1 / 1
// Execute: dotnet BenchDotNet-campaign-1.dll --anonymousPipes 138 139 --benchmarkName "Armonik.Ffi.Bdn.CodecSuite.Run(Case: \"core-ffi|encode-core-hot|U-deep-u-repeated|corpus|drop\")" --job campaign --benchmarkId 6 in /home/user/ArmoniK.Api/ffi/poc/csharp/src/BenchDotNet/bin/Release/net8.0/BenchDotNet-campaign-1/bin/Release/net8.0
// BeforeAnythingElse

// Benchmark Process Environment Information:
// BenchmarkDotNet v0.15.8
// Runtime=.NET 8.0.31 (8.0.31, 8.0.3126.42015), X64 RyuJIT x86-64-v4
// GC=Concurrent Workstation
// HardwareIntrinsics=AVX512 IFMA+VBMI,AVX512 F+BW+CD+DQ+VL,AVX2+BMI1+BMI2+F16C+FMA+LZCNT+MOVBE,AVX,SSE3+SSSE3+SSE4.1+SSE4.2+POPCNT,X86Base+SSE+SSE2,AES+PCLMUL,AvxVnni,SERIALIZE VectorSize=256
// Job: campaign(EvaluateOverhead=False, Clock=Armonik.Ffi.Bdn.CpuClock, IterationCount=6, IterationTime=40ms, LaunchCount=1, RunStrategy=Throughput, WarmupCount=25)

OverheadJitting  1: 1 op, 276239.00 ns, 276.2390 us/op
WorkloadJitting  1: 1 op, 10695406.00 ns, 10.6954 ms/op

WorkloadPilot    1: 4 op, 42878.00 ns, 10.7195 us/op
WorkloadPilot    2: 3732 op, 14360755.00 ns, 3.8480 us/op
WorkloadPilot    3: 10395 op, 32482648.00 ns, 3.1248 us/op
WorkloadPilot    4: 12801 op, 39690281.00 ns, 3.1006 us/op
WorkloadPilot    5: 12901 op, 39913237.00 ns, 3.0938 us/op
WorkloadPilot    6: 12929 op, 48074801.00 ns, 3.7184 us/op
WorkloadPilot    7: 10757 op, 27122914.00 ns, 2.5214 us/op
WorkloadPilot    8: 15864 op, 36816109.00 ns, 2.3207 us/op
WorkloadPilot    9: 17236 op, 39440973.00 ns, 2.2883 us/op
WorkloadPilot   10: 17480 op, 55572715.00 ns, 3.1792 us/op
WorkloadPilot   11: 12582 op, 31872334.00 ns, 2.5332 us/op
WorkloadPilot   12: 15790 op, 37588320.00 ns, 2.3805 us/op
WorkloadPilot   13: 16803 op, 47947740.00 ns, 2.8535 us/op

WorkloadWarmup   1: 16803 op, 49877174.00 ns, 2.9683 us/op
WorkloadWarmup   2: 16803 op, 38049790.00 ns, 2.2645 us/op
WorkloadWarmup   3: 16803 op, 43847463.00 ns, 2.6095 us/op
WorkloadWarmup   4: 16803 op, 41631567.00 ns, 2.4776 us/op
WorkloadWarmup   5: 16803 op, 38084950.00 ns, 2.2666 us/op
WorkloadWarmup   6: 16803 op, 38194159.00 ns, 2.2731 us/op
WorkloadWarmup   7: 16803 op, 38558604.00 ns, 2.2947 us/op
WorkloadWarmup   8: 16803 op, 37848785.00 ns, 2.2525 us/op
WorkloadWarmup   9: 16803 op, 38008228.00 ns, 2.2620 us/op
WorkloadWarmup  10: 16803 op, 37424859.00 ns, 2.2273 us/op
WorkloadWarmup  11: 16803 op, 38025237.00 ns, 2.2630 us/op
WorkloadWarmup  12: 16803 op, 38234711.00 ns, 2.2755 us/op
WorkloadWarmup  13: 16803 op, 37503021.00 ns, 2.2319 us/op
WorkloadWarmup  14: 16803 op, 38018138.00 ns, 2.2626 us/op
WorkloadWarmup  15: 16803 op, 37701001.00 ns, 2.2437 us/op
WorkloadWarmup  16: 16803 op, 37723719.00 ns, 2.2451 us/op
WorkloadWarmup  17: 16803 op, 38116093.00 ns, 2.2684 us/op
WorkloadWarmup  18: 16803 op, 38792446.00 ns, 2.3087 us/op
WorkloadWarmup  19: 16803 op, 39577154.00 ns, 2.3554 us/op
WorkloadWarmup  20: 16803 op, 38164663.00 ns, 2.2713 us/op
WorkloadWarmup  21: 16803 op, 38159432.00 ns, 2.2710 us/op
WorkloadWarmup  22: 16803 op, 40419553.00 ns, 2.4055 us/op
WorkloadWarmup  23: 16803 op, 38257027.00 ns, 2.2768 us/op
WorkloadWarmup  24: 16803 op, 37909163.00 ns, 2.2561 us/op
WorkloadWarmup  25: 16803 op, 38203934.00 ns, 2.2736 us/op

// BeforeActualRun
WorkloadActual   1: 16803 op, 38993838.00 ns, 2.3206 us/op
WorkloadActual   2: 16803 op, 37652710.00 ns, 2.2408 us/op
WorkloadActual   3: 16803 op, 38755559.00 ns, 2.3065 us/op
WorkloadActual   4: 16803 op, 38791551.00 ns, 2.3086 us/op
WorkloadActual   5: 16803 op, 38083885.00 ns, 2.2665 us/op
WorkloadActual   6: 16803 op, 39759484.00 ns, 2.3662 us/op

// AfterActualRun
WorkloadResult   1: 16803 op, 38993838.00 ns, 2.3206 us/op
WorkloadResult   2: 16803 op, 37652710.00 ns, 2.2408 us/op
WorkloadResult   3: 16803 op, 38755559.00 ns, 2.3065 us/op
WorkloadResult   4: 16803 op, 38791551.00 ns, 2.3086 us/op
WorkloadResult   5: 16803 op, 38083885.00 ns, 2.2665 us/op
WorkloadResult   6: 16803 op, 39759484.00 ns, 2.3662 us/op
// GC:  0 0 0 0 16803
// Threading:  0 0 16803

// AfterAll
// Benchmark Process 25172 has exited with code 0.

Mean = 2.302 us, StdErr = 0.018 us (0.77%), N = 6, StdDev = 0.044 us
Min = 2.241 us, Q1 = 2.276 us, Median = 2.308 us, Q3 = 2.318 us, Max = 2.366 us
IQR = 0.041 us, LowerFence = 2.215 us, UpperFence = 2.379 us
ConfidenceInterval = [2.179 us; 2.424 us] (CI 99.9%), Margin = 0.122 us (5.32% of Mean)
Skewness = 0.02, Kurtosis = 1.5, MValue = 2

// ** Remained 5 (41.7 %) benchmark(s) to run. Estimated finish 2026-10-10 13:54 (0h 0m from now) **
// **************************
// Benchmark: CodecSuite.Run: campaign(EvaluateOverhead=False, Clock=Armonik.Ffi.Bdn.CpuClock, IterationCount=6, IterationTime=40ms, LaunchCount=1, RunStrategy=Throughput, WarmupCount=25) [Case=core-(...)|drop [39]]
// *** Execute ***
// Launch: 1 / 1
// Execute: dotnet BenchDotNet-campaign-1.dll --anonymousPipes 138 139 --benchmarkName "Armonik.Ffi.Bdn.CodecSuite.Run(Case: \"core-ffi|encode-core-hot|P2.2|wide|drop\")" --job campaign --benchmarkId 7 in /home/user/ArmoniK.Api/ffi/poc/csharp/src/BenchDotNet/bin/Release/net8.0/BenchDotNet-campaign-1/bin/Release/net8.0
// BeforeAnythingElse

// Benchmark Process Environment Information:
// BenchmarkDotNet v0.15.8
// Runtime=.NET 8.0.31 (8.0.31, 8.0.3126.42015), X64 RyuJIT x86-64-v4
// GC=Concurrent Workstation
// HardwareIntrinsics=AVX512 IFMA+VBMI,AVX512 F+BW+CD+DQ+VL,AVX2+BMI1+BMI2+F16C+FMA+LZCNT+MOVBE,AVX,SSE3+SSSE3+SSE4.1+SSE4.2+POPCNT,X86Base+SSE+SSE2,AES+PCLMUL,AvxVnni,SERIALIZE VectorSize=256
// Job: campaign(EvaluateOverhead=False, Clock=Armonik.Ffi.Bdn.CpuClock, IterationCount=6, IterationTime=40ms, LaunchCount=1, RunStrategy=Throughput, WarmupCount=25)

OverheadJitting  1: 1 op, 350036.00 ns, 350.0360 us/op
WorkloadJitting  1: 1 op, 14231157.00 ns, 14.2312 ms/op

WorkloadPilot    1: 4 op, 15723210.00 ns, 3.9308 ms/op
WorkloadPilot    2: 10 op, 22864746.00 ns, 2.2865 ms/op
WorkloadPilot    3: 17 op, 29190916.00 ns, 1.7171 ms/op
WorkloadPilot    4: 23 op, 41591407.00 ns, 1.8083 ms/op

WorkloadWarmup   1: 23 op, 47563341.00 ns, 2.0680 ms/op
WorkloadWarmup   2: 23 op, 43932688.00 ns, 1.9101 ms/op
WorkloadWarmup   3: 23 op, 44533198.00 ns, 1.9362 ms/op
WorkloadWarmup   4: 23 op, 42852385.00 ns, 1.8631 ms/op
WorkloadWarmup   5: 23 op, 44960217.00 ns, 1.9548 ms/op
WorkloadWarmup   6: 23 op, 85244520.00 ns, 3.7063 ms/op
WorkloadWarmup   7: 23 op, 38025403.00 ns, 1.6533 ms/op
WorkloadWarmup   8: 23 op, 37962995.00 ns, 1.6506 ms/op
WorkloadWarmup   9: 23 op, 45408991.00 ns, 1.9743 ms/op
WorkloadWarmup  10: 23 op, 41228192.00 ns, 1.7925 ms/op
WorkloadWarmup  11: 23 op, 42194897.00 ns, 1.8346 ms/op
WorkloadWarmup  12: 23 op, 38132510.00 ns, 1.6579 ms/op
WorkloadWarmup  13: 23 op, 54413258.00 ns, 2.3658 ms/op
WorkloadWarmup  14: 23 op, 38367221.00 ns, 1.6681 ms/op
WorkloadWarmup  15: 23 op, 47795269.00 ns, 2.0781 ms/op
WorkloadWarmup  16: 23 op, 54878805.00 ns, 2.3860 ms/op
WorkloadWarmup  17: 23 op, 36215080.00 ns, 1.5746 ms/op
WorkloadWarmup  18: 23 op, 38182899.00 ns, 1.6601 ms/op
WorkloadWarmup  19: 23 op, 42280356.00 ns, 1.8383 ms/op
WorkloadWarmup  20: 23 op, 40128782.00 ns, 1.7447 ms/op
WorkloadWarmup  21: 23 op, 38514803.00 ns, 1.6746 ms/op
WorkloadWarmup  22: 23 op, 42028353.00 ns, 1.8273 ms/op
WorkloadWarmup  23: 23 op, 46881461.00 ns, 2.0383 ms/op
WorkloadWarmup  24: 23 op, 35817536.00 ns, 1.5573 ms/op
WorkloadWarmup  25: 23 op, 34826076.00 ns, 1.5142 ms/op

// BeforeActualRun
WorkloadActual   1: 23 op, 35623653.00 ns, 1.5489 ms/op
WorkloadActual   2: 23 op, 40536450.00 ns, 1.7625 ms/op
WorkloadActual   3: 23 op, 39122820.00 ns, 1.7010 ms/op
WorkloadActual   4: 23 op, 37693524.00 ns, 1.6388 ms/op
WorkloadActual   5: 23 op, 36121841.00 ns, 1.5705 ms/op
WorkloadActual   6: 23 op, 38116234.00 ns, 1.6572 ms/op

// AfterActualRun
WorkloadResult   1: 23 op, 35623653.00 ns, 1.5489 ms/op
WorkloadResult   2: 23 op, 40536450.00 ns, 1.7625 ms/op
WorkloadResult   3: 23 op, 39122820.00 ns, 1.7010 ms/op
WorkloadResult   4: 23 op, 37693524.00 ns, 1.6388 ms/op
WorkloadResult   5: 23 op, 36121841.00 ns, 1.5705 ms/op
WorkloadResult   6: 23 op, 38116234.00 ns, 1.6572 ms/op
// GC:  0 0 0 336 23
// Threading:  0 0 23

// AfterAll
// Benchmark Process 25181 has exited with code 0.

Mean = 1.646 ms, StdErr = 0.033 ms (1.98%), N = 6, StdDev = 0.080 ms
Min = 1.549 ms, Q1 = 1.588 ms, Median = 1.648 ms, Q3 = 1.690 ms, Max = 1.762 ms
IQR = 0.102 ms, LowerFence = 1.434 ms, UpperFence = 1.844 ms
ConfidenceInterval = [1.423 ms; 1.870 ms] (CI 99.9%), Margin = 0.224 ms (13.60% of Mean)
Skewness = 0.12, Kurtosis = 1.29, MValue = 2

// ** Remained 4 (33.3 %) benchmark(s) to run. Estimated finish 2026-10-10 13:54 (0h 0m from now) **
// **************************
// Benchmark: CodecSuite.Run: campaign(EvaluateOverhead=False, Clock=Armonik.Ffi.Bdn.CpuClock, IterationCount=6, IterationTime=40ms, LaunchCount=1, RunStrategy=Throughput, WarmupCount=25) [Case=core-(...)etain [42]]
// *** Execute ***
// Launch: 1 / 1
// Execute: dotnet BenchDotNet-campaign-1.dll --anonymousPipes 138 139 --benchmarkName "Armonik.Ffi.Bdn.CodecSuite.Run(Case: \"core-ffi|encode-core-hot|P2.2|ascii|retain\")" --job campaign --benchmarkId 8 in /home/user/ArmoniK.Api/ffi/poc/csharp/src/BenchDotNet/bin/Release/net8.0/BenchDotNet-campaign-1/bin/Release/net8.0
// BeforeAnythingElse

// Benchmark Process Environment Information:
// BenchmarkDotNet v0.15.8
// Runtime=.NET 8.0.31 (8.0.31, 8.0.3126.42015), X64 RyuJIT x86-64-v4
// GC=Concurrent Workstation
// HardwareIntrinsics=AVX512 IFMA+VBMI,AVX512 F+BW+CD+DQ+VL,AVX2+BMI1+BMI2+F16C+FMA+LZCNT+MOVBE,AVX,SSE3+SSSE3+SSE4.1+SSE4.2+POPCNT,X86Base+SSE+SSE2,AES+PCLMUL,AvxVnni,SERIALIZE VectorSize=256
// Job: campaign(EvaluateOverhead=False, Clock=Armonik.Ffi.Bdn.CpuClock, IterationCount=6, IterationTime=40ms, LaunchCount=1, RunStrategy=Throughput, WarmupCount=25)

OverheadJitting  1: 1 op, 252913.00 ns, 252.9130 us/op
WorkloadJitting  1: 1 op, 14984753.00 ns, 14.9848 ms/op

WorkloadPilot    1: 4 op, 16139182.00 ns, 4.0348 ms/op
WorkloadPilot    2: 10 op, 22815858.00 ns, 2.2816 ms/op
WorkloadPilot    3: 18 op, 31502354.00 ns, 1.7501 ms/op
WorkloadPilot    4: 23 op, 47029672.00 ns, 2.0448 ms/op
WorkloadPilot    5: 20 op, 30873713.00 ns, 1.5437 ms/op
WorkloadPilot    6: 26 op, 53312188.00 ns, 2.0505 ms/op
WorkloadPilot    7: 20 op, 31954456.00 ns, 1.5977 ms/op
WorkloadPilot    8: 25 op, 39867100.00 ns, 1.5947 ms/op

WorkloadWarmup   1: 25 op, 38971564.00 ns, 1.5589 ms/op
WorkloadWarmup   2: 25 op, 42527072.00 ns, 1.7011 ms/op
WorkloadWarmup   3: 25 op, 45190473.00 ns, 1.8076 ms/op
WorkloadWarmup   4: 25 op, 38680741.00 ns, 1.5472 ms/op
WorkloadWarmup   5: 25 op, 34107890.00 ns, 1.3643 ms/op
WorkloadWarmup   6: 25 op, 45361114.00 ns, 1.8144 ms/op
WorkloadWarmup   7: 25 op, 38232648.00 ns, 1.5293 ms/op
WorkloadWarmup   8: 25 op, 41559719.00 ns, 1.6624 ms/op
WorkloadWarmup   9: 25 op, 37332136.00 ns, 1.4933 ms/op
WorkloadWarmup  10: 25 op, 36932047.00 ns, 1.4773 ms/op
WorkloadWarmup  11: 25 op, 35377679.00 ns, 1.4151 ms/op
WorkloadWarmup  12: 25 op, 36010145.00 ns, 1.4404 ms/op
WorkloadWarmup  13: 25 op, 42364105.00 ns, 1.6946 ms/op
WorkloadWarmup  14: 25 op, 38907459.00 ns, 1.5563 ms/op
WorkloadWarmup  15: 25 op, 37085598.00 ns, 1.4834 ms/op
WorkloadWarmup  16: 25 op, 39982272.00 ns, 1.5993 ms/op
WorkloadWarmup  17: 25 op, 35819232.00 ns, 1.4328 ms/op
WorkloadWarmup  18: 25 op, 40936354.00 ns, 1.6375 ms/op
WorkloadWarmup  19: 25 op, 37386001.00 ns, 1.4954 ms/op
WorkloadWarmup  20: 25 op, 35826535.00 ns, 1.4331 ms/op
WorkloadWarmup  21: 25 op, 36368497.00 ns, 1.4547 ms/op
WorkloadWarmup  22: 25 op, 37022164.00 ns, 1.4809 ms/op
WorkloadWarmup  23: 25 op, 35087487.00 ns, 1.4035 ms/op
WorkloadWarmup  24: 25 op, 37845768.00 ns, 1.5138 ms/op
WorkloadWarmup  25: 25 op, 36435381.00 ns, 1.4574 ms/op

// BeforeActualRun
WorkloadActual   1: 25 op, 34666517.00 ns, 1.3867 ms/op
WorkloadActual   2: 25 op, 40519454.00 ns, 1.6208 ms/op
WorkloadActual   3: 25 op, 36024838.00 ns, 1.4410 ms/op
WorkloadActual   4: 25 op, 34214058.00 ns, 1.3686 ms/op
WorkloadActual   5: 25 op, 36005973.00 ns, 1.4402 ms/op
WorkloadActual   6: 25 op, 35068651.00 ns, 1.4027 ms/op

// AfterActualRun
WorkloadResult   1: 25 op, 34666517.00 ns, 1.3867 ms/op
WorkloadResult   2: 25 op, 36024838.00 ns, 1.4410 ms/op
WorkloadResult   3: 25 op, 34214058.00 ns, 1.3686 ms/op
WorkloadResult   4: 25 op, 36005973.00 ns, 1.4402 ms/op
WorkloadResult   5: 25 op, 35068651.00 ns, 1.4027 ms/op
// GC:  0 0 0 0 25
// Threading:  0 0 25

// AfterAll
// Benchmark Process 25190 has exited with code 0.

Mean = 1.408 ms, StdErr = 0.014 ms (1.03%), N = 5, StdDev = 0.032 ms
Min = 1.369 ms, Q1 = 1.387 ms, Median = 1.403 ms, Q3 = 1.440 ms, Max = 1.441 ms
IQR = 0.054 ms, LowerFence = 1.306 ms, UpperFence = 1.521 ms
ConfidenceInterval = [1.284 ms; 1.532 ms] (CI 99.9%), Margin = 0.124 ms (8.83% of Mean)
Skewness = 0, Kurtosis = 0.9, MValue = 2

// ** Remained 3 (25.0 %) benchmark(s) to run. Estimated finish 2026-10-10 13:54 (0h 0m from now) **
// **************************
// Benchmark: CodecSuite.Run: campaign(EvaluateOverhead=False, Clock=Armonik.Ffi.Bdn.CpuClock, IterationCount=6, IterationTime=40ms, LaunchCount=1, RunStrategy=Throughput, WarmupCount=25) [Case=core-(...)|drop [40]]
// *** Execute ***
// Launch: 1 / 1
// Execute: dotnet BenchDotNet-campaign-1.dll --anonymousPipes 138 139 --benchmarkName "Armonik.Ffi.Bdn.CodecSuite.Run(Case: \"core-ffi|encode-core-hot|P2.2|ascii|drop\")" --job campaign --benchmarkId 9 in /home/user/ArmoniK.Api/ffi/poc/csharp/src/BenchDotNet/bin/Release/net8.0/BenchDotNet-campaign-1/bin/Release/net8.0
// BeforeAnythingElse

// Benchmark Process Environment Information:
// BenchmarkDotNet v0.15.8
// Runtime=.NET 8.0.31 (8.0.31, 8.0.3126.42015), X64 RyuJIT x86-64-v4
// GC=Concurrent Workstation
// HardwareIntrinsics=AVX512 IFMA+VBMI,AVX512 F+BW+CD+DQ+VL,AVX2+BMI1+BMI2+F16C+FMA+LZCNT+MOVBE,AVX,SSE3+SSSE3+SSE4.1+SSE4.2+POPCNT,X86Base+SSE+SSE2,AES+PCLMUL,AvxVnni,SERIALIZE VectorSize=256
// Job: campaign(EvaluateOverhead=False, Clock=Armonik.Ffi.Bdn.CpuClock, IterationCount=6, IterationTime=40ms, LaunchCount=1, RunStrategy=Throughput, WarmupCount=25)

OverheadJitting  1: 1 op, 269272.00 ns, 269.2720 us/op
WorkloadJitting  1: 1 op, 13460170.00 ns, 13.4602 ms/op

WorkloadPilot    1: 4 op, 14219451.00 ns, 3.5549 ms/op
WorkloadPilot    2: 11 op, 22932650.00 ns, 2.0848 ms/op
WorkloadPilot    3: 19 op, 30194779.00 ns, 1.5892 ms/op
WorkloadPilot    4: 25 op, 40256671.00 ns, 1.6103 ms/op

WorkloadWarmup   1: 25 op, 42904969.00 ns, 1.7162 ms/op
WorkloadWarmup   2: 25 op, 42029933.00 ns, 1.6812 ms/op
WorkloadWarmup   3: 25 op, 41337321.00 ns, 1.6535 ms/op
WorkloadWarmup   4: 25 op, 43920268.00 ns, 1.7568 ms/op
WorkloadWarmup   5: 25 op, 33591397.00 ns, 1.3437 ms/op
WorkloadWarmup   6: 25 op, 43063899.00 ns, 1.7226 ms/op
WorkloadWarmup   7: 25 op, 36089981.00 ns, 1.4436 ms/op
WorkloadWarmup   8: 25 op, 34655269.00 ns, 1.3862 ms/op
WorkloadWarmup   9: 25 op, 33154655.00 ns, 1.3262 ms/op
WorkloadWarmup  10: 25 op, 35077798.00 ns, 1.4031 ms/op
WorkloadWarmup  11: 25 op, 33476089.00 ns, 1.3390 ms/op
WorkloadWarmup  12: 25 op, 35532452.00 ns, 1.4213 ms/op
WorkloadWarmup  13: 25 op, 33797444.00 ns, 1.3519 ms/op
WorkloadWarmup  14: 25 op, 34403790.00 ns, 1.3762 ms/op
WorkloadWarmup  15: 25 op, 34208031.00 ns, 1.3683 ms/op
WorkloadWarmup  16: 25 op, 38044497.00 ns, 1.5218 ms/op
WorkloadWarmup  17: 25 op, 41575139.00 ns, 1.6630 ms/op
WorkloadWarmup  18: 25 op, 33816853.00 ns, 1.3527 ms/op
WorkloadWarmup  19: 25 op, 33514037.00 ns, 1.3406 ms/op
WorkloadWarmup  20: 25 op, 34174039.00 ns, 1.3670 ms/op
WorkloadWarmup  21: 25 op, 32124323.00 ns, 1.2850 ms/op
WorkloadWarmup  22: 25 op, 32582504.00 ns, 1.3033 ms/op
WorkloadWarmup  23: 25 op, 47143051.00 ns, 1.8857 ms/op
WorkloadWarmup  24: 25 op, 33864115.00 ns, 1.3546 ms/op
WorkloadWarmup  25: 25 op, 39563849.00 ns, 1.5826 ms/op

// BeforeActualRun
WorkloadActual   1: 25 op, 41120365.00 ns, 1.6448 ms/op
WorkloadActual   2: 25 op, 41115203.00 ns, 1.6446 ms/op
WorkloadActual   3: 25 op, 33188815.00 ns, 1.3276 ms/op
WorkloadActual   4: 25 op, 38831697.00 ns, 1.5533 ms/op
WorkloadActual   5: 25 op, 33341515.00 ns, 1.3337 ms/op
WorkloadActual   6: 25 op, 34778322.00 ns, 1.3911 ms/op

// AfterActualRun
WorkloadResult   1: 25 op, 41120365.00 ns, 1.6448 ms/op
WorkloadResult   2: 25 op, 41115203.00 ns, 1.6446 ms/op
WorkloadResult   3: 25 op, 33188815.00 ns, 1.3276 ms/op
WorkloadResult   4: 25 op, 38831697.00 ns, 1.5533 ms/op
WorkloadResult   5: 25 op, 33341515.00 ns, 1.3337 ms/op
WorkloadResult   6: 25 op, 34778322.00 ns, 1.3911 ms/op
// GC:  0 0 0 0 25
// Threading:  0 0 25

// AfterAll
// Benchmark Process 25199 has exited with code 0.

Mean = 1.483 ms, StdErr = 0.061 ms (4.12%), N = 6, StdDev = 0.150 ms
Min = 1.328 ms, Q1 = 1.348 ms, Median = 1.472 ms, Q3 = 1.622 ms, Max = 1.645 ms
IQR = 0.274 ms, LowerFence = 0.937 ms, UpperFence = 2.032 ms
ConfidenceInterval = [1.063 ms; 1.902 ms] (CI 99.9%), Margin = 0.420 ms (28.33% of Mean)
Skewness = 0.06, Kurtosis = 0.84, MValue = 2

// ** Remained 2 (16.7 %) benchmark(s) to run. Estimated finish 2026-10-10 13:54 (0h 0m from now) **
// **************************
// Benchmark: CodecSuite.Run: campaign(EvaluateOverhead=False, Clock=Armonik.Ffi.Bdn.CpuClock, IterationCount=6, IterationTime=40ms, LaunchCount=1, RunStrategy=Throughput, WarmupCount=25) [Case=core-(...)etain [56]]
// *** Execute ***
// Launch: 1 / 1
// Execute: dotnet BenchDotNet-campaign-1.dll --anonymousPipes 138 139 --benchmarkName "Armonik.Ffi.Bdn.CodecSuite.Run(Case: \"core-ffi|encode-core-hot|U-deep-u-repeated|corpus|retain\")" --job campaign --benchmarkId 10 in /home/user/ArmoniK.Api/ffi/poc/csharp/src/BenchDotNet/bin/Release/net8.0/BenchDotNet-campaign-1/bin/Release/net8.0
// BeforeAnythingElse

// Benchmark Process Environment Information:
// BenchmarkDotNet v0.15.8
// Runtime=.NET 8.0.31 (8.0.31, 8.0.3126.42015), X64 RyuJIT x86-64-v4
// GC=Concurrent Workstation
// HardwareIntrinsics=AVX512 IFMA+VBMI,AVX512 F+BW+CD+DQ+VL,AVX2+BMI1+BMI2+F16C+FMA+LZCNT+MOVBE,AVX,SSE3+SSSE3+SSE4.1+SSE4.2+POPCNT,X86Base+SSE+SSE2,AES+PCLMUL,AvxVnni,SERIALIZE VectorSize=256
// Job: campaign(EvaluateOverhead=False, Clock=Armonik.Ffi.Bdn.CpuClock, IterationCount=6, IterationTime=40ms, LaunchCount=1, RunStrategy=Throughput, WarmupCount=25)

OverheadJitting  1: 1 op, 255610.00 ns, 255.6100 us/op
WorkloadJitting  1: 1 op, 14266947.00 ns, 14.2669 ms/op

WorkloadPilot    1: 4 op, 36371.00 ns, 9.0928 us/op
WorkloadPilot    2: 4399 op, 17779713.00 ns, 4.0418 us/op
WorkloadPilot    3: 9897 op, 35273237.00 ns, 3.5640 us/op
WorkloadPilot    4: 11223 op, 39701731.00 ns, 3.5375 us/op
WorkloadPilot    5: 11307 op, 37582578.00 ns, 3.3238 us/op
WorkloadPilot    6: 12034 op, 40923102.00 ns, 3.4006 us/op
WorkloadPilot    7: 11763 op, 32020996.00 ns, 2.7222 us/op
WorkloadPilot    8: 14694 op, 40666487.00 ns, 2.7676 us/op
WorkloadPilot    9: 14453 op, 41086725.00 ns, 2.8428 us/op

WorkloadWarmup   1: 14453 op, 39165248.00 ns, 2.7098 us/op
WorkloadWarmup   2: 14453 op, 43181038.00 ns, 2.9877 us/op
WorkloadWarmup   3: 14453 op, 41426203.00 ns, 2.8663 us/op
WorkloadWarmup   4: 14453 op, 39528119.00 ns, 2.7349 us/op
WorkloadWarmup   5: 14453 op, 40581247.00 ns, 2.8078 us/op
WorkloadWarmup   6: 14453 op, 42994705.00 ns, 2.9748 us/op
WorkloadWarmup   7: 14453 op, 51789900.00 ns, 3.5833 us/op
WorkloadWarmup   8: 14453 op, 43210930.00 ns, 2.9898 us/op
WorkloadWarmup   9: 14453 op, 44476345.00 ns, 3.0773 us/op
WorkloadWarmup  10: 14453 op, 45711294.00 ns, 3.1628 us/op
WorkloadWarmup  11: 14453 op, 43152187.00 ns, 2.9857 us/op
WorkloadWarmup  12: 14453 op, 50627051.00 ns, 3.5029 us/op
WorkloadWarmup  13: 14453 op, 48546868.00 ns, 3.3589 us/op
WorkloadWarmup  14: 14453 op, 41395706.00 ns, 2.8642 us/op
WorkloadWarmup  15: 14453 op, 43777680.00 ns, 3.0290 us/op
WorkloadWarmup  16: 14453 op, 45380029.00 ns, 3.1398 us/op
WorkloadWarmup  17: 14453 op, 44054112.00 ns, 3.0481 us/op
WorkloadWarmup  18: 14453 op, 39880756.00 ns, 2.7593 us/op
WorkloadWarmup  19: 14453 op, 46872301.00 ns, 3.2431 us/op
WorkloadWarmup  20: 14453 op, 42880029.00 ns, 2.9669 us/op
WorkloadWarmup  21: 14453 op, 41106577.00 ns, 2.8442 us/op
WorkloadWarmup  22: 14453 op, 47870065.00 ns, 3.3121 us/op
WorkloadWarmup  23: 14453 op, 39761585.00 ns, 2.7511 us/op
WorkloadWarmup  24: 14453 op, 41121949.00 ns, 2.8452 us/op
WorkloadWarmup  25: 14453 op, 44982348.00 ns, 3.1123 us/op

// BeforeActualRun
WorkloadActual   1: 14453 op, 43432093.00 ns, 3.0051 us/op
WorkloadActual   2: 14453 op, 47058011.00 ns, 3.2559 us/op
WorkloadActual   3: 14453 op, 48917488.00 ns, 3.3846 us/op
WorkloadActual   4: 14453 op, 50883080.00 ns, 3.5206 us/op
WorkloadActual   5: 14453 op, 46919020.00 ns, 3.2463 us/op
WorkloadActual   6: 14453 op, 46978300.00 ns, 3.2504 us/op

// AfterActualRun
WorkloadResult   1: 14453 op, 43432093.00 ns, 3.0051 us/op
WorkloadResult   2: 14453 op, 47058011.00 ns, 3.2559 us/op
WorkloadResult   3: 14453 op, 48917488.00 ns, 3.3846 us/op
WorkloadResult   4: 14453 op, 46919020.00 ns, 3.2463 us/op
WorkloadResult   5: 14453 op, 46978300.00 ns, 3.2504 us/op
// GC:  0 0 0 0 14453
// Threading:  0 0 14453

// AfterAll
// Benchmark Process 25208 has exited with code 0.

Mean = 3.228 us, StdErr = 0.062 us (1.91%), N = 5, StdDev = 0.138 us
Min = 3.005 us, Q1 = 3.246 us, Median = 3.250 us, Q3 = 3.256 us, Max = 3.385 us
IQR = 0.010 us, LowerFence = 3.232 us, UpperFence = 3.270 us
ConfidenceInterval = [2.698 us; 3.759 us] (CI 99.9%), Margin = 0.530 us (16.42% of Mean)
Skewness = -0.56, Kurtosis = 1.72, MValue = 2

// ** Remained 1 (8.3 %) benchmark(s) to run. Estimated finish 2026-10-10 13:54 (0h 0m from now) **
// **************************
// Benchmark: CodecSuite.Run: campaign(EvaluateOverhead=False, Clock=Armonik.Ffi.Bdn.CpuClock, IterationCount=6, IterationTime=40ms, LaunchCount=1, RunStrategy=Throughput, WarmupCount=25) [Case=core-(...)etain [43]]
// *** Execute ***
// Launch: 1 / 1
// Execute: dotnet BenchDotNet-campaign-1.dll --anonymousPipes 138 139 --benchmarkName "Armonik.Ffi.Bdn.CodecSuite.Run(Case: \"core-ffi|encode-core-hot|P2.2|latin1|retain\")" --job campaign --benchmarkId 11 in /home/user/ArmoniK.Api/ffi/poc/csharp/src/BenchDotNet/bin/Release/net8.0/BenchDotNet-campaign-1/bin/Release/net8.0
// BeforeAnythingElse

// Benchmark Process Environment Information:
// BenchmarkDotNet v0.15.8
// Runtime=.NET 8.0.31 (8.0.31, 8.0.3126.42015), X64 RyuJIT x86-64-v4
// GC=Concurrent Workstation
// HardwareIntrinsics=AVX512 IFMA+VBMI,AVX512 F+BW+CD+DQ+VL,AVX2+BMI1+BMI2+F16C+FMA+LZCNT+MOVBE,AVX,SSE3+SSSE3+SSE4.1+SSE4.2+POPCNT,X86Base+SSE+SSE2,AES+PCLMUL,AvxVnni,SERIALIZE VectorSize=256
// Job: campaign(EvaluateOverhead=False, Clock=Armonik.Ffi.Bdn.CpuClock, IterationCount=6, IterationTime=40ms, LaunchCount=1, RunStrategy=Throughput, WarmupCount=25)

OverheadJitting  1: 1 op, 253891.00 ns, 253.8910 us/op
WorkloadJitting  1: 1 op, 14580540.00 ns, 14.5805 ms/op

WorkloadPilot    1: 4 op, 16968491.00 ns, 4.2421 ms/op
WorkloadPilot    2: 9 op, 23127565.00 ns, 2.5697 ms/op
WorkloadPilot    3: 16 op, 32303614.00 ns, 2.0190 ms/op
WorkloadPilot    4: 20 op, 36344861.00 ns, 1.8172 ms/op
WorkloadPilot    5: 22 op, 37093847.00 ns, 1.6861 ms/op
WorkloadPilot    6: 24 op, 37652512.00 ns, 1.5689 ms/op

WorkloadWarmup   1: 24 op, 35701959.00 ns, 1.4876 ms/op
WorkloadWarmup   2: 24 op, 33196327.00 ns, 1.3832 ms/op
WorkloadWarmup   3: 24 op, 33507779.00 ns, 1.3962 ms/op
WorkloadWarmup   4: 24 op, 36696128.00 ns, 1.5290 ms/op
WorkloadWarmup   5: 24 op, 33997400.00 ns, 1.4166 ms/op
WorkloadWarmup   6: 24 op, 34055089.00 ns, 1.4190 ms/op
WorkloadWarmup   7: 24 op, 33728778.00 ns, 1.4054 ms/op
WorkloadWarmup   8: 24 op, 32931391.00 ns, 1.3721 ms/op
WorkloadWarmup   9: 24 op, 33708423.00 ns, 1.4045 ms/op
WorkloadWarmup  10: 24 op, 36918886.00 ns, 1.5383 ms/op
WorkloadWarmup  11: 24 op, 33066336.00 ns, 1.3778 ms/op
WorkloadWarmup  12: 24 op, 33165706.00 ns, 1.3819 ms/op
WorkloadWarmup  13: 24 op, 38456721.00 ns, 1.6024 ms/op
WorkloadWarmup  14: 24 op, 33534016.00 ns, 1.3973 ms/op
WorkloadWarmup  15: 24 op, 33987722.00 ns, 1.4162 ms/op
WorkloadWarmup  16: 24 op, 33452596.00 ns, 1.3939 ms/op
WorkloadWarmup  17: 24 op, 33888352.00 ns, 1.4120 ms/op
WorkloadWarmup  18: 24 op, 33290219.00 ns, 1.3871 ms/op
WorkloadWarmup  19: 24 op, 33472333.00 ns, 1.3947 ms/op
WorkloadWarmup  20: 24 op, 35768334.00 ns, 1.4903 ms/op
WorkloadWarmup  21: 24 op, 33736067.00 ns, 1.4057 ms/op
WorkloadWarmup  22: 24 op, 36401098.00 ns, 1.5167 ms/op
WorkloadWarmup  23: 24 op, 33582482.00 ns, 1.3993 ms/op
WorkloadWarmup  24: 24 op, 41072308.00 ns, 1.7113 ms/op
WorkloadWarmup  25: 24 op, 35999069.00 ns, 1.5000 ms/op

// BeforeActualRun
WorkloadActual   1: 24 op, 35627839.00 ns, 1.4845 ms/op
WorkloadActual   2: 24 op, 33663318.00 ns, 1.4026 ms/op
WorkloadActual   3: 24 op, 32380480.00 ns, 1.3492 ms/op
WorkloadActual   4: 24 op, 33216374.00 ns, 1.3840 ms/op
WorkloadActual   5: 24 op, 33010389.00 ns, 1.3754 ms/op
WorkloadActual   6: 24 op, 35001949.00 ns, 1.4584 ms/op

// AfterActualRun
WorkloadResult   1: 24 op, 35627839.00 ns, 1.4845 ms/op
WorkloadResult   2: 24 op, 33663318.00 ns, 1.4026 ms/op
WorkloadResult   3: 24 op, 32380480.00 ns, 1.3492 ms/op
WorkloadResult   4: 24 op, 33216374.00 ns, 1.3840 ms/op
WorkloadResult   5: 24 op, 33010389.00 ns, 1.3754 ms/op
WorkloadResult   6: 24 op, 35001949.00 ns, 1.4584 ms/op
// GC:  0 0 0 0 24
// Threading:  0 0 24

// AfterAll
// Benchmark Process 25218 has exited with code 0.

Mean = 1.409 ms, StdErr = 0.021 ms (1.51%), N = 6, StdDev = 0.052 ms
Min = 1.349 ms, Q1 = 1.378 ms, Median = 1.393 ms, Q3 = 1.444 ms, Max = 1.484 ms
IQR = 0.067 ms, LowerFence = 1.277 ms, UpperFence = 1.545 ms
ConfidenceInterval = [1.263 ms; 1.555 ms] (CI 99.9%), Margin = 0.146 ms (10.35% of Mean)
Skewness = 0.33, Kurtosis = 1.21, MValue = 2

// ** Remained 0 (0.0 %) benchmark(s) to run. Estimated finish 2026-10-10 13:54 (0h 0m from now) **
Run time: 00:00:25 (25.64 sec), executed benchmarks: 12

// ***** BenchmarkRunner: Finish  *****

// * Export *
  home/user/ArmoniK.Api/ffi/logs/csharp/opt/s15/ladder/new-r3g-pgo0-full-r3.jsonl

// * Detailed results *
CodecSuite.Run: campaign(EvaluateOverhead=False, Clock=Armonik.Ffi.Bdn.CpuClock, IterationCount=6, IterationTime=40ms, LaunchCount=1, RunStrategy=Throughput, WarmupCount=25) [Case=core-(...)etain [42]]
Runtime = .NET 8.0.31 (8.0.31, 8.0.3126.42015), X64 RyuJIT x86-64-v4; GC = Concurrent Workstation
Mean = 1.472 ms, StdErr = 0.050 ms (3.42%), N = 6, StdDev = 0.123 ms
Min = 1.380 ms, Q1 = 1.393 ms, Median = 1.405 ms, Q3 = 1.538 ms, Max = 1.672 ms
IQR = 0.145 ms, LowerFence = 1.176 ms, UpperFence = 1.755 ms
ConfidenceInterval = [1.126 ms; 1.819 ms] (CI 99.9%), Margin = 0.346 ms (23.52% of Mean)
Skewness = 0.65, Kurtosis = 1.35, MValue = 2
-------------------- Histogram --------------------
[1.291 ms ; 1.482 ms) | @@@@
[1.482 ms ; 1.716 ms) | @@
---------------------------------------------------

CodecSuite.Run: campaign(EvaluateOverhead=False, Clock=Armonik.Ffi.Bdn.CpuClock, IterationCount=6, IterationTime=40ms, LaunchCount=1, RunStrategy=Throughput, WarmupCount=25) [Case=core-(...)|drop [40]]
Runtime = .NET 8.0.31 (8.0.31, 8.0.3126.42015), X64 RyuJIT x86-64-v4; GC = Concurrent Workstation
Mean = 1.548 ms, StdErr = 0.074 ms (4.75%), N = 6, StdDev = 0.180 ms
Min = 1.389 ms, Q1 = 1.427 ms, Median = 1.479 ms, Q3 = 1.628 ms, Max = 1.856 ms
IQR = 0.201 ms, LowerFence = 1.126 ms, UpperFence = 1.929 ms
ConfidenceInterval = [1.043 ms; 2.054 ms] (CI 99.9%), Margin = 0.506 ms (32.66% of Mean)
Skewness = 0.66, Kurtosis = 1.61, MValue = 2
-------------------- Histogram --------------------
[1.328 ms ; 1.589 ms) | @@@@
[1.589 ms ; 1.889 ms) | @@
---------------------------------------------------

CodecSuite.Run: campaign(EvaluateOverhead=False, Clock=Armonik.Ffi.Bdn.CpuClock, IterationCount=6, IterationTime=40ms, LaunchCount=1, RunStrategy=Throughput, WarmupCount=25) [Case=core-(...)etain [42]]
Runtime = .NET 8.0.31 (8.0.31, 8.0.3126.42015), X64 RyuJIT x86-64-v4; GC = Concurrent Workstation
Mean = 2.229 ms, StdErr = 0.065 ms (2.93%), N = 6, StdDev = 0.160 ms
Min = 2.070 ms, Q1 = 2.118 ms, Median = 2.168 ms, Q3 = 2.368 ms, Max = 2.435 ms
IQR = 0.250 ms, LowerFence = 1.743 ms, UpperFence = 2.743 ms
ConfidenceInterval = [1.780 ms; 2.679 ms] (CI 99.9%), Margin = 0.449 ms (20.15% of Mean)
Skewness = 0.37, Kurtosis = 1.03, MValue = 2
-------------------- Histogram --------------------
[2.023 ms ; 2.312 ms) | @@@@
[2.312 ms ; 2.550 ms) | @@
---------------------------------------------------

CodecSuite.Run: campaign(EvaluateOverhead=False, Clock=Armonik.Ffi.Bdn.CpuClock, IterationCount=6, IterationTime=40ms, LaunchCount=1, RunStrategy=Throughput, WarmupCount=25) [Case=core-(...)etain [42]]
Runtime = .NET 8.0.31 (8.0.31, 8.0.3126.42015), X64 RyuJIT x86-64-v4; GC = Concurrent Workstation
Mean = 1.408 ms, StdErr = 0.014 ms (1.03%), N = 5, StdDev = 0.032 ms
Min = 1.369 ms, Q1 = 1.387 ms, Median = 1.403 ms, Q3 = 1.440 ms, Max = 1.441 ms
IQR = 0.054 ms, LowerFence = 1.306 ms, UpperFence = 1.521 ms
ConfidenceInterval = [1.284 ms; 1.532 ms] (CI 99.9%), Margin = 0.124 ms (8.83% of Mean)
Skewness = 0, Kurtosis = 0.9, MValue = 2
-------------------- Histogram --------------------
[1.361 ms ; 1.410 ms) | @@@
[1.410 ms ; 1.466 ms) | @@
---------------------------------------------------

CodecSuite.Run: campaign(EvaluateOverhead=False, Clock=Armonik.Ffi.Bdn.CpuClock, IterationCount=6, IterationTime=40ms, LaunchCount=1, RunStrategy=Throughput, WarmupCount=25) [Case=core-(...)|drop [41]]
Runtime = .NET 8.0.31 (8.0.31, 8.0.3126.42015), X64 RyuJIT x86-64-v4; GC = Concurrent Workstation
Mean = 1.395 ms, StdErr = 0.005 ms (0.35%), N = 6, StdDev = 0.012 ms
Min = 1.379 ms, Q1 = 1.388 ms, Median = 1.397 ms, Q3 = 1.400 ms, Max = 1.413 ms
IQR = 0.012 ms, LowerFence = 1.369 ms, UpperFence = 1.419 ms
ConfidenceInterval = [1.362 ms; 1.429 ms] (CI 99.9%), Margin = 0.033 ms (2.39% of Mean)
Skewness = 0.05, Kurtosis = 1.43, MValue = 2
-------------------- Histogram --------------------
[1.379 ms ; 1.421 ms) | @@@@@@
---------------------------------------------------

CodecSuite.Run: campaign(EvaluateOverhead=False, Clock=Armonik.Ffi.Bdn.CpuClock, IterationCount=6, IterationTime=40ms, LaunchCount=1, RunStrategy=Throughput, WarmupCount=25) [Case=core-(...)|drop [54]]
Runtime = .NET 8.0.31 (8.0.31, 8.0.3126.42015), X64 RyuJIT x86-64-v4; GC = Concurrent Workstation
Mean = 2.302 us, StdErr = 0.018 us (0.77%), N = 6, StdDev = 0.044 us
Min = 2.241 us, Q1 = 2.276 us, Median = 2.308 us, Q3 = 2.318 us, Max = 2.366 us
IQR = 0.041 us, LowerFence = 2.215 us, UpperFence = 2.379 us
ConfidenceInterval = [2.179 us; 2.424 us] (CI 99.9%), Margin = 0.122 us (5.32% of Mean)
Skewness = 0.02, Kurtosis = 1.5, MValue = 2
-------------------- Histogram --------------------
[2.209 us ; 2.262 us) | @
[2.262 us ; 2.325 us) | @@@@
[2.325 us ; 2.398 us) | @
---------------------------------------------------

CodecSuite.Run: campaign(EvaluateOverhead=False, Clock=Armonik.Ffi.Bdn.CpuClock, IterationCount=6, IterationTime=40ms, LaunchCount=1, RunStrategy=Throughput, WarmupCount=25) [Case=core-(...)etain [43]]
Runtime = .NET 8.0.31 (8.0.31, 8.0.3126.42015), X64 RyuJIT x86-64-v4; GC = Concurrent Workstation
Mean = 1.409 ms, StdErr = 0.021 ms (1.51%), N = 6, StdDev = 0.052 ms
Min = 1.349 ms, Q1 = 1.378 ms, Median = 1.393 ms, Q3 = 1.444 ms, Max = 1.484 ms
IQR = 0.067 ms, LowerFence = 1.277 ms, UpperFence = 1.545 ms
ConfidenceInterval = [1.263 ms; 1.555 ms] (CI 99.9%), Margin = 0.146 ms (10.35% of Mean)
Skewness = 0.33, Kurtosis = 1.21, MValue = 2
-------------------- Histogram --------------------
[1.338 ms ; 1.434 ms) | @@@@
[1.434 ms ; 1.522 ms) | @@
---------------------------------------------------

CodecSuite.Run: campaign(EvaluateOverhead=False, Clock=Armonik.Ffi.Bdn.CpuClock, IterationCount=6, IterationTime=40ms, LaunchCount=1, RunStrategy=Throughput, WarmupCount=25) [Case=core-(...)etain [56]]
Runtime = .NET 8.0.31 (8.0.31, 8.0.3126.42015), X64 RyuJIT x86-64-v4; GC = Concurrent Workstation
Mean = 3.228 us, StdErr = 0.062 us (1.91%), N = 5, StdDev = 0.138 us
Min = 3.005 us, Q1 = 3.246 us, Median = 3.250 us, Q3 = 3.256 us, Max = 3.385 us
IQR = 0.010 us, LowerFence = 3.232 us, UpperFence = 3.270 us
ConfidenceInterval = [2.698 us; 3.759 us] (CI 99.9%), Margin = 0.530 us (16.42% of Mean)
Skewness = -0.56, Kurtosis = 1.72, MValue = 2
-------------------- Histogram --------------------
[2.899 us ; 3.111 us) | @
[3.111 us ; 3.210 us) | 
[3.210 us ; 3.421 us) | @@@@
---------------------------------------------------

CodecSuite.Run: campaign(EvaluateOverhead=False, Clock=Armonik.Ffi.Bdn.CpuClock, IterationCount=6, IterationTime=40ms, LaunchCount=1, RunStrategy=Throughput, WarmupCount=25) [Case=core-(...)|drop [40]]
Runtime = .NET 8.0.31 (8.0.31, 8.0.3126.42015), X64 RyuJIT x86-64-v4; GC = Concurrent Workstation
Mean = 2.995 ms, StdErr = 0.408 ms (13.63%), N = 6, StdDev = 1.000 ms
Min = 2.063 ms, Q1 = 2.262 ms, Median = 2.634 ms, Q3 = 3.672 ms, Max = 4.484 ms
IQR = 1.410 ms, LowerFence = 0.147 ms, UpperFence = 5.788 ms
ConfidenceInterval = [0.190 ms; 5.800 ms] (CI 99.9%), Margin = 2.805 ms (93.64% of Mean)
Skewness = 0.46, Kurtosis = 1.18, MValue = 2
-------------------- Histogram --------------------
[1.692 ms ; 3.507 ms) | @@@@
[3.507 ms ; 5.207 ms) | @@
---------------------------------------------------

CodecSuite.Run: campaign(EvaluateOverhead=False, Clock=Armonik.Ffi.Bdn.CpuClock, IterationCount=6, IterationTime=40ms, LaunchCount=1, RunStrategy=Throughput, WarmupCount=25) [Case=core-(...)|drop [40]]
Runtime = .NET 8.0.31 (8.0.31, 8.0.3126.42015), X64 RyuJIT x86-64-v4; GC = Concurrent Workstation
Mean = 1.483 ms, StdErr = 0.061 ms (4.12%), N = 6, StdDev = 0.150 ms
Min = 1.328 ms, Q1 = 1.348 ms, Median = 1.472 ms, Q3 = 1.622 ms, Max = 1.645 ms
IQR = 0.274 ms, LowerFence = 0.937 ms, UpperFence = 2.032 ms
ConfidenceInterval = [1.063 ms; 1.902 ms] (CI 99.9%), Margin = 0.420 ms (28.33% of Mean)
Skewness = 0.06, Kurtosis = 0.84, MValue = 2
-------------------- Histogram --------------------
[1.251 ms ; 1.468 ms) | @@@
[1.468 ms ; 1.707 ms) | @@@
---------------------------------------------------

CodecSuite.Run: campaign(EvaluateOverhead=False, Clock=Armonik.Ffi.Bdn.CpuClock, IterationCount=6, IterationTime=40ms, LaunchCount=1, RunStrategy=Throughput, WarmupCount=25) [Case=core-(...)etain [41]]
Runtime = .NET 8.0.31 (8.0.31, 8.0.3126.42015), X64 RyuJIT x86-64-v4; GC = Concurrent Workstation
Mean = 1.819 ms, StdErr = 0.058 ms (3.19%), N = 6, StdDev = 0.142 ms
Min = 1.629 ms, Q1 = 1.727 ms, Median = 1.824 ms, Q3 = 1.895 ms, Max = 2.024 ms
IQR = 0.168 ms, LowerFence = 1.475 ms, UpperFence = 2.147 ms
ConfidenceInterval = [1.420 ms; 2.217 ms] (CI 99.9%), Margin = 0.399 ms (21.92% of Mean)
Skewness = 0.06, Kurtosis = 1.34, MValue = 2
-------------------- Histogram --------------------
[1.526 ms ; 1.704 ms) | @
[1.704 ms ; 1.909 ms) | @@@@
[1.909 ms ; 2.126 ms) | @
---------------------------------------------------

CodecSuite.Run: campaign(EvaluateOverhead=False, Clock=Armonik.Ffi.Bdn.CpuClock, IterationCount=6, IterationTime=40ms, LaunchCount=1, RunStrategy=Throughput, WarmupCount=25) [Case=core-(...)|drop [39]]
Runtime = .NET 8.0.31 (8.0.31, 8.0.3126.42015), X64 RyuJIT x86-64-v4; GC = Concurrent Workstation
Mean = 1.646 ms, StdErr = 0.033 ms (1.98%), N = 6, StdDev = 0.080 ms
Min = 1.549 ms, Q1 = 1.588 ms, Median = 1.648 ms, Q3 = 1.690 ms, Max = 1.762 ms
IQR = 0.102 ms, LowerFence = 1.434 ms, UpperFence = 1.844 ms
ConfidenceInterval = [1.423 ms; 1.870 ms] (CI 99.9%), Margin = 0.224 ms (13.60% of Mean)
Skewness = 0.12, Kurtosis = 1.29, MValue = 2
-------------------- Histogram --------------------
[1.545 ms ; 1.674 ms) | @@@@
[1.674 ms ; 1.789 ms) | @@
---------------------------------------------------

// * Summary *

BenchmarkDotNet v0.15.8, Linux Ubuntu 24.04.4 LTS (Noble Numbat)
Intel Xeon Processor 2.10GHz, 1 CPU, 4 logical and 4 physical cores
.NET SDK 8.0.131
  [Host]   : .NET 8.0.31 (8.0.31, 8.0.3126.42015), X64 RyuJIT x86-64-v4
  campaign : .NET 8.0.31 (8.0.31, 8.0.3126.42015), X64 RyuJIT x86-64-v4

Job=campaign  EvaluateOverhead=False  Clock=Armonik.Ffi.Bdn.CpuClock  
IterationCount=6  IterationTime=40ms  LaunchCount=1  
RunStrategy=Throughput  WarmupCount=25  

| Method | Case                 | Mean         | Error         | StdDev        | Allocated |
|------- |--------------------- |-------------:|--------------:|--------------:|----------:|
| Run    | core-(...)etain [42] | 1,472.246 us |   346.2774 us |   123.4858 us |         - |
| Run    | core-(...)|drop [40] | 1,548.412 us |   505.6876 us |   180.3331 us |         - |
| Run    | core-(...)etain [42] | 2,229.357 us |   449.1912 us |   160.1859 us |         - |
| Run    | core-(...)etain [42] | 1,407.840 us |   124.2705 us |    32.2726 us |         - |
| Run    | core-(...)|drop [41] | 1,395.269 us |    33.3157 us |    11.8807 us |         - |
| Run    | core-(...)|drop [54] |     2.302 us |     0.1225 us |     0.0437 us |         - |
| Run    | core-(...)etain [43] | 1,409.030 us |   145.7644 us |    51.9810 us |         - |
| Run    | core-(...)etain [56] |     3.228 us |     0.5302 us |     0.1377 us |         - |
| Run    | core-(...)|drop [40] | 2,995.216 us | 2,804.8449 us | 1,000.2347 us |         - |
| Run    | core-(...)|drop [40] | 1,482.506 us |   419.9600 us |   149.7618 us |         - |
| Run    | core-(...)etain [41] | 1,818.856 us |   398.6439 us |   142.1602 us |         - |
| Run    | core-(...)|drop [39] | 1,646.482 us |   223.9730 us |    79.8709 us |      15 B |

// * Legends *
  Case      : Value of the 'Case' parameter
  Mean      : Arithmetic mean of all measurements
  Error     : Half of 99.9% confidence interval
  StdDev    : Standard deviation of all measurements
  Allocated : Allocated memory per single operation (managed only, inclusive, 1KB = 1024B)
  1 us      : 1 Microsecond (0.000001 sec)

// * Diagnostic Output - AkProcessCpu *

// * Diagnostic Output - MemoryDiagnoser *


// ***** BenchmarkRunner: End *****
Global total time: 00:00:46 (46.03 sec), executed benchmarks: 12
// * Artifacts cleanup *
Artifacts cleanup is finished
