# engine:         BenchmarkDotNet 0.15.8.0 (CAMPAIGN.md 22a), toolchain BDN's default, ONE CHILD PROCESS PER CASE (the campaign's native isolation, req 22a as amended e6c909630); process CPU per iteration from the child's clock reads, each pair checked against BDN's wall measurement; the JIT tier is NOT read back (the children's JIT events are not visible here), so the jit check below is vacuous in this mode, pinned by the runner
# grid:           core (CAMPAIGN section 4.0, D18; AK_CAMPAIGN_GRID=core): arms incumbent-prod (full build only), core-ffi (FSM decode, D24) and host-gen (retain in the full build, no-unknown in its build); encode-transport-hot (end state ii, one hot graph) and decode-read; the 16 shapes, P7.1 decode only; Latin-1 and wide on P2.2 only; U-* rows U-nested-before, U-deep-u-repeated, U-oneof-u-repeated, U-wire-ListTaskSummaryResponse-tasks-as-wt5, U-wire-UploadResultDataMessage-upload-as-wt5, U-wire-ListMetricsResponse-batches-as-wt0, U-wire-DualResponse-left-as-wt5 (encode-transport-hot and decode-read). Extras left out (AK_CAMPAIGN_GRID=full runs them): incumbent-best, core-ffi-push (push decode), core-ffi-pull, bare decode, encode at end state (i) and with a pool input, decode-reencode, the drop mode, the incumbent in the no-unknown build, content sets on P1.2 and P2.4, the other U-* rows timed (all stay in the correctness checks)
# allocator:      default (readback at process start: a 16 MiB malloc came from the mmapped (mallinfo2; the block kept, never freed); no heap pre-grow (owner, 2026-10-03): BDN's warm-up runs the real call path, and minflt per row shows whether it sufficed; under the default toolchain each child probes once, on its case's first row as alloc_probe; GLIBC_TUNABLES=unset; CAMPAIGN req 25 as amended 2026-10-03, D9: the main figures run glibc's default allocator as production does; the pinned pass (glibc.malloc.trim_threshold=268435456:glibc.malloc.mmap_threshold=33554432) is a labelled diagnostic; every row carries `alloc` and `minflt`, the process's minor page faults over the iteration (getrusage, read by the job's clock beside the CPU clock), so faults per call = minflt / iters)
# runtime:        .NET 8.0.31; TieredCompilation=default TieredPGO=0 (net8.0 defaults unless set); GC server=False, concurrent (default)
# incumbent:      Google.Protobuf 3.32.0
# build:          full (WP5 step 10; the loaded core checked to be the same variant by its u-family exports)
# managed codec:  plan utf8=reject unknown=drop
# job:            launch 2; 6 actual iterations (rounds) per case, 25 warm-up iterations (the same for every case) after BDN's jitting stage (1 overhead + 1 workload jitting invocation per case, logged by BDN in the .bdn.log, not exported) and pilot, iteration time 40 ms (the pilot picks the invocation count per case), strategy Throughput, EvaluateOverhead=false (no overhead subtraction anywhere)
# clocks:         per iteration (every row with round >= 1): wall (Stopwatch) AND process CPU (CLOCK_PROCESS_CPUTIME_ID of this process: every thread, GC and JIT included; CAMPAIGN req 21 as amended, R-H25), both read by the job's clock (CpuClock, Job.WithClock) at the start and end of the same iteration window, exported RAW (no outlier removal, no overhead subtraction); BDN's forced GCs between iterations are outside the window; the round-0 row of each case is a summary of the whole actual stage (span_cpu_ns, span_wall_ns), not a sample
# threads:        thread pool min 2 worker / 1 IO, max 32767 worker / 1000 IO, 0 pool thread(s) now; 2 logical CPUs visible; the codec suite creates no core runtime (no RPC call is made); the timed loop runs on BDN's one thread
# encode:         CAMPAIGN req 11 (R-H29): dir encode = pool input + reused buffer; encode-hot = one graph + reused buffer; encode-transport = pool + the Grpc.Net form; encode-transport-hot = one graph + the Grpc.Net form. Reused buffer: incumbent-prod CalculateSize + WriteTo(IBufferWriter) and incumbent-best WriteTo(IBufferWriter) into one BufWriter, host-gen into its one Enc, core-ffi into the core's encode buffer (ak_encode_*/ak_uencode_*; that buffer is also what cell C hands the core's transport, and host-gen's Enc what cell E hands it, so their transport forms on the core's transport ARE the buffer rows). Grpc.Net form (cells A, F, D): the serializer the RPC grid's marshaller runs (RootOps.SerInc/SerHost/SerFfi), into a frame like Grpc.Net.Client 2.71's GrpcCallSerializationContext: one ArrayPool array, the 5-byte gRPC header, the body, the array returned after (GrpcFrame.cs); incumbent-best has no gRPC path and no transport row. Pool: distinct graphs built in the case's setup whose RETAINED heap is >= 28835840 bytes (2 x AK_LLC_BYTES, default 13.75 MB; AK_POOL_BYTES overrides; per row pool_graphs and pool_bytes), round robin one graph per call; a hot input is a pool of one (the same Next() per call); graph construction is never in the timed window
# U-* rows:       CAMPAIGN req 7 (R-H27): the 92 accepted, non-disputed U-* rows at the shapes core's 7 ABI roots, through this timed shapes core: encode-hot (a graph the arm decoded from the row, untimed; retain arms re-emit the unknown fields, drop arms the dropped form), decode, decode-read, and decode-reencode (a labelled extra; no incumbent-best row)
# content sets:   CAMPAIGN req 7 (R-H26): ascii, latin1 and wide on P1.2, P2.2, P2.4; ascii only elsewhere
# order:          seeded shuffles (below); ratios, where the aggregation forms them, come from per-launch medians (CAMPAIGN req 30): every unit is its own process
# process unit:   all cases; this launch's unit order: core-ffi:drop, core-ffi:retain (a seeded shuffle, seed 15838; within this process the cases run in a seeded shuffle too, seed 209458, the 2 prime cases first; requirement 22 as amended, R-H23)
# warm-up:        BenchmarkDotNet's own, per case: its jitting stage, pilot and the warm-up iterations of the job line (req 24; WP9 addendum: no hand-written pre-warm and no settle wait; the 2 prime cases below are BDN cases); the JIT tier is read back per case and a case that measured hot code at tier 0 fails the unit outside --smoke (the jit check below)
# correctness:    4525 pre-timing checks passed (byte identity of every encode arm per payload and content set; every arm accepts every unknown row; on every unknown row core-ffi retain and host-gen retain re-encode to the incumbent's bytes, i.e. the unknown fields are kept: requirement 10)
# cases:          10 exported, after 2 prime case(s) run first and not exported (copies of the first cases, content "prime"): BDN cases like any other, kept because without them the first case of a process measures BDN's own first-touched runtime helpers (SpanHelpers.Fill) at tier 0 (JOURNAL 51, 62)
# strings:        D21 string encode path AK_STR_ENC=E0 (E0 .NET UTF-8 into native staging + ak_tc_bytes; E1 the string pinned + ak_tc_utf16; E2 the C# transcoder callback into the core's buffer; ETH:<n> E1 from n UTF-16 units, E0 below); Cases.Verify checks every path's bytes
# memory:         AK_BDN_MEMORY=1: BenchmarkDotNet's MemoryDiagnoser (an exploration switch, not a campaign setting): one extra workload iteration per case AFTER the actual stage, at the actual stage's invocation count, outside the job's clock (no exported sample is affected); on each case's first sample row mem_alloc_bytes_per_op (GC.GetTotalAllocatedBytes(precise), every thread, divided by its operations), mem_gen = [gen0, gen1, gen2] collections during it, mem_ops its operations, mem_alloc_bytes its total
# cpus:           this process: 2 CPU(s) in its affinity mask (sched_getaffinity), Environment.ProcessorCount 2; single-CPU guard (JOURNAL 73): a timed process (host or BDN child) with ONE CPU is refused unless AK_ALLOW_SINGLE_CPU=1 (here: unset); each case's first row carries cpus_affinity, cpus_runtime and single_cpu_override as its own process saw them
// Validating benchmarks:
// ***** BenchmarkRunner: Start   *****
// ***** Found 12 benchmark(s) in total *****
// ***** Building 1 exe(s) in Parallel: Start   *****
Unable to find .sln or .csproj file. Will use current directory /home/user/ArmoniK.Api/ffi/poc/csharp to search for project file. If you don't use .sln file on purpose it should not be a problem.
// start dotnet  restore --nodeReuse:false /p:UseSharedCompilation=false /p:Deterministic=true /p:Optimize=true /p:ArtifactsPath="/home/user/ArmoniK.Api/ffi/poc/csharp/src/BenchDotNet/bin/Release/net8.0/BenchDotNet-campaign-1/" /p:OutDir="/home/user/ArmoniK.Api/ffi/poc/csharp/src/BenchDotNet/bin/Release/net8.0/BenchDotNet-campaign-1/bin/Release/net8.0/" /p:OutputPath="/home/user/ArmoniK.Api/ffi/poc/csharp/src/BenchDotNet/bin/Release/net8.0/BenchDotNet-campaign-1/bin/Release/net8.0/" /p:PublishDir="/home/user/ArmoniK.Api/ffi/poc/csharp/src/BenchDotNet/bin/Release/net8.0/BenchDotNet-campaign-1/publish/" in /home/user/ArmoniK.Api/ffi/poc/csharp/src/BenchDotNet/bin/Release/net8.0/BenchDotNet-campaign-1
// command took 2.02 sec and exited with 0
// start dotnet  build -c Release --no-restore --nodeReuse:false /p:UseSharedCompilation=false /p:Deterministic=true /p:Optimize=true /p:ArtifactsPath="/home/user/ArmoniK.Api/ffi/poc/csharp/src/BenchDotNet/bin/Release/net8.0/BenchDotNet-campaign-1/" /p:OutDir="/home/user/ArmoniK.Api/ffi/poc/csharp/src/BenchDotNet/bin/Release/net8.0/BenchDotNet-campaign-1/bin/Release/net8.0/" /p:OutputPath="/home/user/ArmoniK.Api/ffi/poc/csharp/src/BenchDotNet/bin/Release/net8.0/BenchDotNet-campaign-1/bin/Release/net8.0/" /p:PublishDir="/home/user/ArmoniK.Api/ffi/poc/csharp/src/BenchDotNet/bin/Release/net8.0/BenchDotNet-campaign-1/publish/" --output "/home/user/ArmoniK.Api/ffi/poc/csharp/src/BenchDotNet/bin/Release/net8.0/BenchDotNet-campaign-1/bin/Release/net8.0/" in /home/user/ArmoniK.Api/ffi/poc/csharp/src/BenchDotNet/bin/Release/net8.0/BenchDotNet-campaign-1
// command took 17.07 sec and exited with 0
// ***** Done, took 00:00:19 (19.2 sec)   *****
// Found 12 benchmarks:
//   CodecSuite.Run: campaign(EvaluateOverhead=False, Clock=Armonik.Ffi.Bdn.CpuClock, IterationCount=6, IterationTime=40ms, LaunchCount=1, RunStrategy=Throughput, WarmupCount=25) [Case=core-(...)etain [42]]
//   CodecSuite.Run: campaign(EvaluateOverhead=False, Clock=Armonik.Ffi.Bdn.CpuClock, IterationCount=6, IterationTime=40ms, LaunchCount=1, RunStrategy=Throughput, WarmupCount=25) [Case=core-(...)|drop [40]]
//   CodecSuite.Run: campaign(EvaluateOverhead=False, Clock=Armonik.Ffi.Bdn.CpuClock, IterationCount=6, IterationTime=40ms, LaunchCount=1, RunStrategy=Throughput, WarmupCount=25) [Case=core-(...)etain [42]]
//   CodecSuite.Run: campaign(EvaluateOverhead=False, Clock=Armonik.Ffi.Bdn.CpuClock, IterationCount=6, IterationTime=40ms, LaunchCount=1, RunStrategy=Throughput, WarmupCount=25) [Case=core-(...)etain [41]]
//   CodecSuite.Run: campaign(EvaluateOverhead=False, Clock=Armonik.Ffi.Bdn.CpuClock, IterationCount=6, IterationTime=40ms, LaunchCount=1, RunStrategy=Throughput, WarmupCount=25) [Case=core-(...)etain [56]]
//   CodecSuite.Run: campaign(EvaluateOverhead=False, Clock=Armonik.Ffi.Bdn.CpuClock, IterationCount=6, IterationTime=40ms, LaunchCount=1, RunStrategy=Throughput, WarmupCount=25) [Case=core-(...)|drop [40]]
//   CodecSuite.Run: campaign(EvaluateOverhead=False, Clock=Armonik.Ffi.Bdn.CpuClock, IterationCount=6, IterationTime=40ms, LaunchCount=1, RunStrategy=Throughput, WarmupCount=25) [Case=core-(...)|drop [54]]
//   CodecSuite.Run: campaign(EvaluateOverhead=False, Clock=Armonik.Ffi.Bdn.CpuClock, IterationCount=6, IterationTime=40ms, LaunchCount=1, RunStrategy=Throughput, WarmupCount=25) [Case=core-(...)|drop [40]]
//   CodecSuite.Run: campaign(EvaluateOverhead=False, Clock=Armonik.Ffi.Bdn.CpuClock, IterationCount=6, IterationTime=40ms, LaunchCount=1, RunStrategy=Throughput, WarmupCount=25) [Case=core-(...)etain [43]]
//   CodecSuite.Run: campaign(EvaluateOverhead=False, Clock=Armonik.Ffi.Bdn.CpuClock, IterationCount=6, IterationTime=40ms, LaunchCount=1, RunStrategy=Throughput, WarmupCount=25) [Case=core-(...)|drop [41]]
//   CodecSuite.Run: campaign(EvaluateOverhead=False, Clock=Armonik.Ffi.Bdn.CpuClock, IterationCount=6, IterationTime=40ms, LaunchCount=1, RunStrategy=Throughput, WarmupCount=25) [Case=core-(...)etain [42]]
//   CodecSuite.Run: campaign(EvaluateOverhead=False, Clock=Armonik.Ffi.Bdn.CpuClock, IterationCount=6, IterationTime=40ms, LaunchCount=1, RunStrategy=Throughput, WarmupCount=25) [Case=core-(...)|drop [39]]

// **************************
// Benchmark: CodecSuite.Run: campaign(EvaluateOverhead=False, Clock=Armonik.Ffi.Bdn.CpuClock, IterationCount=6, IterationTime=40ms, LaunchCount=1, RunStrategy=Throughput, WarmupCount=25) [Case=core-(...)etain [42]]
// *** Execute ***
// Launch: 1 / 1
// Execute: dotnet BenchDotNet-campaign-1.dll --anonymousPipes 138 139 --benchmarkName "Armonik.Ffi.Bdn.CodecSuite.Run(Case: \"core-ffi|encode-core-hot|P2.2|prime|retain\")" --job campaign --benchmarkId 0 in /home/user/ArmoniK.Api/ffi/poc/csharp/src/BenchDotNet/bin/Release/net8.0/BenchDotNet-campaign-1/bin/Release/net8.0
// BeforeAnythingElse

// Benchmark Process Environment Information:
// BenchmarkDotNet v0.15.8
// Runtime=.NET 8.0.31 (8.0.31, 8.0.3126.42015), X64 RyuJIT x86-64-v4
// GC=Concurrent Workstation
// HardwareIntrinsics=AVX512 IFMA+VBMI,AVX512 F+BW+CD+DQ+VL,AVX2+BMI1+BMI2+F16C+FMA+LZCNT+MOVBE,AVX,SSE3+SSSE3+SSE4.1+SSE4.2+POPCNT,X86Base+SSE+SSE2,AES+PCLMUL,AvxVnni,SERIALIZE VectorSize=256
// Job: campaign(EvaluateOverhead=False, Clock=Armonik.Ffi.Bdn.CpuClock, IterationCount=6, IterationTime=40ms, LaunchCount=1, RunStrategy=Throughput, WarmupCount=25)

OverheadJitting  1: 1 op, 292081.00 ns, 292.0810 us/op
WorkloadJitting  1: 1 op, 11909490.00 ns, 11.9095 ms/op

WorkloadPilot    1: 4 op, 13391244.00 ns, 3.3478 ms/op
WorkloadPilot    2: 12 op, 19594823.00 ns, 1.6329 ms/op
WorkloadPilot    3: 24 op, 30113625.00 ns, 1.2547 ms/op
WorkloadPilot    4: 32 op, 40406168.00 ns, 1.2627 ms/op

WorkloadWarmup   1: 32 op, 42165721.00 ns, 1.3177 ms/op
WorkloadWarmup   2: 32 op, 39049644.00 ns, 1.2203 ms/op
WorkloadWarmup   3: 32 op, 42933126.00 ns, 1.3417 ms/op
WorkloadWarmup   4: 32 op, 34932879.00 ns, 1.0917 ms/op
WorkloadWarmup   5: 32 op, 35450690.00 ns, 1.1078 ms/op
WorkloadWarmup   6: 32 op, 44134586.00 ns, 1.3792 ms/op
WorkloadWarmup   7: 32 op, 37171360.00 ns, 1.1616 ms/op
WorkloadWarmup   8: 32 op, 33943240.00 ns, 1.0607 ms/op
WorkloadWarmup   9: 32 op, 43959388.00 ns, 1.3737 ms/op
WorkloadWarmup  10: 32 op, 44796479.00 ns, 1.3999 ms/op
WorkloadWarmup  11: 32 op, 36961959.00 ns, 1.1551 ms/op
WorkloadWarmup  12: 32 op, 41319471.00 ns, 1.2912 ms/op
WorkloadWarmup  13: 32 op, 71506761.00 ns, 2.2346 ms/op
WorkloadWarmup  14: 32 op, 32261127.00 ns, 1.0082 ms/op
WorkloadWarmup  15: 32 op, 31980835.00 ns, 999.4011 us/op
WorkloadWarmup  16: 32 op, 36691226.00 ns, 1.1466 ms/op
WorkloadWarmup  17: 32 op, 33074135.00 ns, 1.0336 ms/op
WorkloadWarmup  18: 32 op, 33291495.00 ns, 1.0404 ms/op
WorkloadWarmup  19: 32 op, 32302709.00 ns, 1.0095 ms/op
WorkloadWarmup  20: 32 op, 39551896.00 ns, 1.2360 ms/op
WorkloadWarmup  21: 32 op, 34961222.00 ns, 1.0925 ms/op
WorkloadWarmup  22: 32 op, 34390474.00 ns, 1.0747 ms/op
WorkloadWarmup  23: 32 op, 34405809.00 ns, 1.0752 ms/op
WorkloadWarmup  24: 32 op, 32567899.00 ns, 1.0177 ms/op
WorkloadWarmup  25: 32 op, 34887751.00 ns, 1.0902 ms/op

// BeforeActualRun
WorkloadActual   1: 32 op, 35155862.00 ns, 1.0986 ms/op
WorkloadActual   2: 32 op, 34964962.00 ns, 1.0927 ms/op
WorkloadActual   3: 32 op, 33202781.00 ns, 1.0376 ms/op
WorkloadActual   4: 32 op, 32872792.00 ns, 1.0273 ms/op
WorkloadActual   5: 32 op, 31766365.00 ns, 992.6989 us/op
WorkloadActual   6: 32 op, 31740247.00 ns, 991.8827 us/op

// AfterActualRun
WorkloadResult   1: 32 op, 35155862.00 ns, 1.0986 ms/op
WorkloadResult   2: 32 op, 34964962.00 ns, 1.0927 ms/op
WorkloadResult   3: 32 op, 33202781.00 ns, 1.0376 ms/op
WorkloadResult   4: 32 op, 32872792.00 ns, 1.0273 ms/op
WorkloadResult   5: 32 op, 31766365.00 ns, 992.6989 us/op
WorkloadResult   6: 32 op, 31740247.00 ns, 991.8827 us/op
// GC:  0 0 0 0 32
// Threading:  0 0 32

// AfterAll
// Benchmark Process 23634 has exited with code 0.

Mean = 1.040 ms, StdErr = 0.019 ms (1.84%), N = 6, StdDev = 0.047 ms
Min = 0.992 ms, Q1 = 1.001 ms, Median = 1.032 ms, Q3 = 1.079 ms, Max = 1.099 ms
IQR = 0.078 ms, LowerFence = 0.885 ms, UpperFence = 1.195 ms
ConfidenceInterval = [0.909 ms; 1.171 ms] (CI 99.9%), Margin = 0.131 ms (12.60% of Mean)
Skewness = 0.2, Kurtosis = 1.04, MValue = 2

// ** Remained 11 (91.7 %) benchmark(s) to run. Estimated finish 2026-10-10 13:48 (0h 0m from now) **
// **************************
// Benchmark: CodecSuite.Run: campaign(EvaluateOverhead=False, Clock=Armonik.Ffi.Bdn.CpuClock, IterationCount=6, IterationTime=40ms, LaunchCount=1, RunStrategy=Throughput, WarmupCount=25) [Case=core-(...)|drop [40]]
// *** Execute ***
// Launch: 1 / 1
// Execute: dotnet BenchDotNet-campaign-1.dll --anonymousPipes 138 139 --benchmarkName "Armonik.Ffi.Bdn.CodecSuite.Run(Case: \"core-ffi|encode-core-hot|P2.2|prime|drop\")" --job campaign --benchmarkId 1 in /home/user/ArmoniK.Api/ffi/poc/csharp/src/BenchDotNet/bin/Release/net8.0/BenchDotNet-campaign-1/bin/Release/net8.0
// BeforeAnythingElse

// Benchmark Process Environment Information:
// BenchmarkDotNet v0.15.8
// Runtime=.NET 8.0.31 (8.0.31, 8.0.3126.42015), X64 RyuJIT x86-64-v4
// GC=Concurrent Workstation
// HardwareIntrinsics=AVX512 IFMA+VBMI,AVX512 F+BW+CD+DQ+VL,AVX2+BMI1+BMI2+F16C+FMA+LZCNT+MOVBE,AVX,SSE3+SSSE3+SSE4.1+SSE4.2+POPCNT,X86Base+SSE+SSE2,AES+PCLMUL,AvxVnni,SERIALIZE VectorSize=256
// Job: campaign(EvaluateOverhead=False, Clock=Armonik.Ffi.Bdn.CpuClock, IterationCount=6, IterationTime=40ms, LaunchCount=1, RunStrategy=Throughput, WarmupCount=25)

OverheadJitting  1: 1 op, 545926.00 ns, 545.9260 us/op
WorkloadJitting  1: 1 op, 13095678.00 ns, 13.0957 ms/op

WorkloadPilot    1: 4 op, 15817467.00 ns, 3.9544 ms/op
WorkloadPilot    2: 10 op, 17109820.00 ns, 1.7110 ms/op
WorkloadPilot    3: 23 op, 29393362.00 ns, 1.2780 ms/op
WorkloadPilot    4: 31 op, 39853051.00 ns, 1.2856 ms/op

WorkloadWarmup   1: 31 op, 36382986.00 ns, 1.1736 ms/op
WorkloadWarmup   2: 31 op, 37350066.00 ns, 1.2048 ms/op
WorkloadWarmup   3: 31 op, 37632919.00 ns, 1.2140 ms/op
WorkloadWarmup   4: 31 op, 29698496.00 ns, 958.0160 us/op
WorkloadWarmup   5: 31 op, 28883298.00 ns, 931.7193 us/op
WorkloadWarmup   6: 31 op, 32567522.00 ns, 1.0506 ms/op
WorkloadWarmup   7: 31 op, 35470163.00 ns, 1.1442 ms/op
WorkloadWarmup   8: 31 op, 31412300.00 ns, 1.0133 ms/op
WorkloadWarmup   9: 31 op, 44397454.00 ns, 1.4322 ms/op
WorkloadWarmup  10: 31 op, 30430078.00 ns, 981.6154 us/op
WorkloadWarmup  11: 31 op, 34218459.00 ns, 1.1038 ms/op
WorkloadWarmup  12: 31 op, 29079811.00 ns, 938.0584 us/op
WorkloadWarmup  13: 31 op, 44230817.00 ns, 1.4268 ms/op
WorkloadWarmup  14: 31 op, 35647738.00 ns, 1.1499 ms/op
WorkloadWarmup  15: 31 op, 31764036.00 ns, 1.0246 ms/op
WorkloadWarmup  16: 31 op, 26951644.00 ns, 869.4079 us/op
WorkloadWarmup  17: 31 op, 49060283.00 ns, 1.5826 ms/op
WorkloadWarmup  18: 31 op, 28187697.00 ns, 909.2805 us/op
WorkloadWarmup  19: 31 op, 27680344.00 ns, 892.9143 us/op
WorkloadWarmup  20: 31 op, 33102226.00 ns, 1.0678 ms/op
WorkloadWarmup  21: 31 op, 43566829.00 ns, 1.4054 ms/op
WorkloadWarmup  22: 31 op, 34438113.00 ns, 1.1109 ms/op
WorkloadWarmup  23: 31 op, 38603977.00 ns, 1.2453 ms/op
WorkloadWarmup  24: 31 op, 35256384.00 ns, 1.1373 ms/op
WorkloadWarmup  25: 31 op, 30243939.00 ns, 975.6109 us/op

// BeforeActualRun
WorkloadActual   1: 31 op, 28355481.00 ns, 914.6929 us/op
WorkloadActual   2: 31 op, 29222926.00 ns, 942.6750 us/op
WorkloadActual   3: 31 op, 28304001.00 ns, 913.0323 us/op
WorkloadActual   4: 31 op, 27380948.00 ns, 883.2564 us/op
WorkloadActual   5: 31 op, 30205002.00 ns, 974.3549 us/op
WorkloadActual   6: 31 op, 28002092.00 ns, 903.2933 us/op

// AfterActualRun
WorkloadResult   1: 31 op, 28355481.00 ns, 914.6929 us/op
WorkloadResult   2: 31 op, 29222926.00 ns, 942.6750 us/op
WorkloadResult   3: 31 op, 28304001.00 ns, 913.0323 us/op
WorkloadResult   4: 31 op, 27380948.00 ns, 883.2564 us/op
WorkloadResult   5: 31 op, 30205002.00 ns, 974.3549 us/op
WorkloadResult   6: 31 op, 28002092.00 ns, 903.2933 us/op
// GC:  0 0 0 0 31
// Threading:  0 0 31

// AfterAll
// Benchmark Process 23644 has exited with code 0.

Mean = 921.884 us, StdErr = 13.106 us (1.42%), N = 6, StdDev = 32.104 us
Min = 883.256 us, Q1 = 905.728 us, Median = 913.863 us, Q3 = 935.680 us, Max = 974.355 us
IQR = 29.951 us, LowerFence = 860.801 us, UpperFence = 980.607 us
ConfidenceInterval = [831.859 us; 1,011.909 us] (CI 99.9%), Margin = 90.025 us (9.77% of Mean)
Skewness = 0.44, Kurtosis = 1.59, MValue = 2

// ** Remained 10 (83.3 %) benchmark(s) to run. Estimated finish 2026-10-10 13:48 (0h 0m from now) **
// **************************
// Benchmark: CodecSuite.Run: campaign(EvaluateOverhead=False, Clock=Armonik.Ffi.Bdn.CpuClock, IterationCount=6, IterationTime=40ms, LaunchCount=1, RunStrategy=Throughput, WarmupCount=25) [Case=core-(...)etain [42]]
// *** Execute ***
// Launch: 1 / 1
// Execute: dotnet BenchDotNet-campaign-1.dll --anonymousPipes 138 139 --benchmarkName "Armonik.Ffi.Bdn.CodecSuite.Run(Case: \"core-ffi|encode-core-hot|P2.4|ascii|retain\")" --job campaign --benchmarkId 2 in /home/user/ArmoniK.Api/ffi/poc/csharp/src/BenchDotNet/bin/Release/net8.0/BenchDotNet-campaign-1/bin/Release/net8.0
// BeforeAnythingElse

// Benchmark Process Environment Information:
// BenchmarkDotNet v0.15.8
// Runtime=.NET 8.0.31 (8.0.31, 8.0.3126.42015), X64 RyuJIT x86-64-v4
// GC=Concurrent Workstation
// HardwareIntrinsics=AVX512 IFMA+VBMI,AVX512 F+BW+CD+DQ+VL,AVX2+BMI1+BMI2+F16C+FMA+LZCNT+MOVBE,AVX,SSE3+SSSE3+SSE4.1+SSE4.2+POPCNT,X86Base+SSE+SSE2,AES+PCLMUL,AvxVnni,SERIALIZE VectorSize=256
// Job: campaign(EvaluateOverhead=False, Clock=Armonik.Ffi.Bdn.CpuClock, IterationCount=6, IterationTime=40ms, LaunchCount=1, RunStrategy=Throughput, WarmupCount=25)

OverheadJitting  1: 1 op, 294568.00 ns, 294.5680 us/op
WorkloadJitting  1: 1 op, 13364085.00 ns, 13.3641 ms/op

WorkloadPilot    1: 4 op, 10982996.00 ns, 2.7457 ms/op
WorkloadPilot    2: 15 op, 17520793.00 ns, 1.1681 ms/op
WorkloadPilot    3: 34 op, 43689291.00 ns, 1.2850 ms/op
WorkloadPilot    4: 31 op, 40997868.00 ns, 1.3225 ms/op

WorkloadWarmup   1: 31 op, 35536752.00 ns, 1.1463 ms/op
WorkloadWarmup   2: 31 op, 36783560.00 ns, 1.1866 ms/op
WorkloadWarmup   3: 31 op, 38329746.00 ns, 1.2364 ms/op
WorkloadWarmup   4: 31 op, 41000250.00 ns, 1.3226 ms/op
WorkloadWarmup   5: 31 op, 29884704.00 ns, 964.0227 us/op
WorkloadWarmup   6: 31 op, 32016640.00 ns, 1.0328 ms/op
WorkloadWarmup   7: 31 op, 31540534.00 ns, 1.0174 ms/op
WorkloadWarmup   8: 31 op, 35569498.00 ns, 1.1474 ms/op
WorkloadWarmup   9: 31 op, 29609521.00 ns, 955.1458 us/op
WorkloadWarmup  10: 31 op, 29040489.00 ns, 936.7900 us/op
WorkloadWarmup  11: 31 op, 28851267.00 ns, 930.6860 us/op
WorkloadWarmup  12: 31 op, 30885456.00 ns, 996.3050 us/op
WorkloadWarmup  13: 31 op, 28399611.00 ns, 916.1165 us/op
WorkloadWarmup  14: 31 op, 27674967.00 ns, 892.7409 us/op
WorkloadWarmup  15: 31 op, 28133929.00 ns, 907.5461 us/op
WorkloadWarmup  16: 31 op, 34432096.00 ns, 1.1107 ms/op
WorkloadWarmup  17: 31 op, 28928600.00 ns, 933.1806 us/op
WorkloadWarmup  18: 31 op, 32321419.00 ns, 1.0426 ms/op
WorkloadWarmup  19: 31 op, 31195885.00 ns, 1.0063 ms/op
WorkloadWarmup  20: 31 op, 29482912.00 ns, 951.0617 us/op
WorkloadWarmup  21: 31 op, 30512919.00 ns, 984.2877 us/op
WorkloadWarmup  22: 31 op, 45720011.00 ns, 1.4748 ms/op
WorkloadWarmup  23: 31 op, 50664884.00 ns, 1.6344 ms/op
WorkloadWarmup  24: 31 op, 28252461.00 ns, 911.3697 us/op
WorkloadWarmup  25: 31 op, 27563735.00 ns, 889.1527 us/op

// BeforeActualRun
WorkloadActual   1: 31 op, 28236934.00 ns, 910.8688 us/op
WorkloadActual   2: 31 op, 26780400.00 ns, 863.8839 us/op
WorkloadActual   3: 31 op, 27577313.00 ns, 889.5907 us/op
WorkloadActual   4: 31 op, 32427935.00 ns, 1.0461 ms/op
WorkloadActual   5: 31 op, 30002338.00 ns, 967.8174 us/op
WorkloadActual   6: 31 op, 32779042.00 ns, 1.0574 ms/op

// AfterActualRun
WorkloadResult   1: 31 op, 28236934.00 ns, 910.8688 us/op
WorkloadResult   2: 31 op, 26780400.00 ns, 863.8839 us/op
WorkloadResult   3: 31 op, 27577313.00 ns, 889.5907 us/op
WorkloadResult   4: 31 op, 32427935.00 ns, 1.0461 ms/op
WorkloadResult   5: 31 op, 30002338.00 ns, 967.8174 us/op
WorkloadResult   6: 31 op, 32779042.00 ns, 1.0574 ms/op
// GC:  0 0 0 0 31
// Threading:  0 0 31

// AfterAll
// Benchmark Process 23653 has exited with code 0.

Mean = 955.935 us, StdErr = 33.398 us (3.49%), N = 6, StdDev = 81.808 us
Min = 863.884 us, Q1 = 894.910 us, Median = 939.343 us, Q3 = 1,026.501 us, Max = 1,057.388 us
IQR = 131.591 us, LowerFence = 697.524 us, UpperFence = 1,223.887 us
ConfidenceInterval = [726.530 us; 1,185.341 us] (CI 99.9%), Margin = 229.405 us (24.00% of Mean)
Skewness = 0.19, Kurtosis = 0.99, MValue = 2

// ** Remained 9 (75.0 %) benchmark(s) to run. Estimated finish 2026-10-10 13:48 (0h 0m from now) **
// **************************
// Benchmark: CodecSuite.Run: campaign(EvaluateOverhead=False, Clock=Armonik.Ffi.Bdn.CpuClock, IterationCount=6, IterationTime=40ms, LaunchCount=1, RunStrategy=Throughput, WarmupCount=25) [Case=core-(...)etain [41]]
// *** Execute ***
// Launch: 1 / 1
// Execute: dotnet BenchDotNet-campaign-1.dll --anonymousPipes 138 139 --benchmarkName "Armonik.Ffi.Bdn.CodecSuite.Run(Case: \"core-ffi|encode-core-hot|P2.2|wide|retain\")" --job campaign --benchmarkId 3 in /home/user/ArmoniK.Api/ffi/poc/csharp/src/BenchDotNet/bin/Release/net8.0/BenchDotNet-campaign-1/bin/Release/net8.0
// BeforeAnythingElse

// Benchmark Process Environment Information:
// BenchmarkDotNet v0.15.8
// Runtime=.NET 8.0.31 (8.0.31, 8.0.3126.42015), X64 RyuJIT x86-64-v4
// GC=Concurrent Workstation
// HardwareIntrinsics=AVX512 IFMA+VBMI,AVX512 F+BW+CD+DQ+VL,AVX2+BMI1+BMI2+F16C+FMA+LZCNT+MOVBE,AVX,SSE3+SSSE3+SSE4.1+SSE4.2+POPCNT,X86Base+SSE+SSE2,AES+PCLMUL,AvxVnni,SERIALIZE VectorSize=256
// Job: campaign(EvaluateOverhead=False, Clock=Armonik.Ffi.Bdn.CpuClock, IterationCount=6, IterationTime=40ms, LaunchCount=1, RunStrategy=Throughput, WarmupCount=25)

OverheadJitting  1: 1 op, 269014.00 ns, 269.0140 us/op
WorkloadJitting  1: 1 op, 12968062.00 ns, 12.9681 ms/op

WorkloadPilot    1: 4 op, 15135408.00 ns, 3.7839 ms/op
WorkloadPilot    2: 11 op, 25880817.00 ns, 2.3528 ms/op
WorkloadPilot    3: 17 op, 37551897.00 ns, 2.2089 ms/op

WorkloadWarmup   1: 17 op, 68231462.00 ns, 4.0136 ms/op
WorkloadWarmup   2: 17 op, 29346204.00 ns, 1.7262 ms/op
WorkloadWarmup   3: 17 op, 28535723.00 ns, 1.6786 ms/op
WorkloadWarmup   4: 17 op, 30705665.00 ns, 1.8062 ms/op
WorkloadWarmup   5: 17 op, 29573370.00 ns, 1.7396 ms/op
WorkloadWarmup   6: 17 op, 36496546.00 ns, 2.1469 ms/op
WorkloadWarmup   7: 17 op, 27429552.00 ns, 1.6135 ms/op
WorkloadWarmup   8: 17 op, 25358721.00 ns, 1.4917 ms/op
WorkloadWarmup   9: 17 op, 36207130.00 ns, 2.1298 ms/op
WorkloadWarmup  10: 17 op, 41120121.00 ns, 2.4188 ms/op
WorkloadWarmup  11: 17 op, 74446466.00 ns, 4.3792 ms/op
WorkloadWarmup  12: 17 op, 29359556.00 ns, 1.7270 ms/op
WorkloadWarmup  13: 17 op, 29685044.00 ns, 1.7462 ms/op
WorkloadWarmup  14: 17 op, 43471455.00 ns, 2.5571 ms/op
WorkloadWarmup  15: 17 op, 124689403.00 ns, 7.3347 ms/op
WorkloadWarmup  16: 17 op, 28765807.00 ns, 1.6921 ms/op
WorkloadWarmup  17: 17 op, 42259966.00 ns, 2.4859 ms/op
WorkloadWarmup  18: 17 op, 26303616.00 ns, 1.5473 ms/op
WorkloadWarmup  19: 17 op, 28805749.00 ns, 1.6945 ms/op
WorkloadWarmup  20: 17 op, 26943405.00 ns, 1.5849 ms/op
WorkloadWarmup  21: 17 op, 25177390.00 ns, 1.4810 ms/op
WorkloadWarmup  22: 17 op, 31233213.00 ns, 1.8372 ms/op
WorkloadWarmup  23: 17 op, 34706354.00 ns, 2.0416 ms/op
WorkloadWarmup  24: 17 op, 34590494.00 ns, 2.0347 ms/op
WorkloadWarmup  25: 17 op, 28704263.00 ns, 1.6885 ms/op

// BeforeActualRun
WorkloadActual   1: 17 op, 26155434.00 ns, 1.5386 ms/op
WorkloadActual   2: 17 op, 25756090.00 ns, 1.5151 ms/op
WorkloadActual   3: 17 op, 29006534.00 ns, 1.7063 ms/op
WorkloadActual   4: 17 op, 25122167.00 ns, 1.4778 ms/op
WorkloadActual   5: 17 op, 26600421.00 ns, 1.5647 ms/op
WorkloadActual   6: 17 op, 25909782.00 ns, 1.5241 ms/op

// AfterActualRun
WorkloadResult   1: 17 op, 26155434.00 ns, 1.5386 ms/op
WorkloadResult   2: 17 op, 25756090.00 ns, 1.5151 ms/op
WorkloadResult   3: 17 op, 25122167.00 ns, 1.4778 ms/op
WorkloadResult   4: 17 op, 26600421.00 ns, 1.5647 ms/op
WorkloadResult   5: 17 op, 25909782.00 ns, 1.5241 ms/op
// GC:  0 0 0 0 17
// Threading:  0 0 17

// AfterAll
// Benchmark Process 23662 has exited with code 0.

Mean = 1.524 ms, StdErr = 0.014 ms (0.94%), N = 5, StdDev = 0.032 ms
Min = 1.478 ms, Q1 = 1.515 ms, Median = 1.524 ms, Q3 = 1.539 ms, Max = 1.565 ms
IQR = 0.023 ms, LowerFence = 1.480 ms, UpperFence = 1.574 ms
ConfidenceInterval = [1.401 ms; 1.647 ms] (CI 99.9%), Margin = 0.123 ms (8.08% of Mean)
Skewness = -0.18, Kurtosis = 1.41, MValue = 2

// ** Remained 8 (66.7 %) benchmark(s) to run. Estimated finish 2026-10-10 13:48 (0h 0m from now) **
// **************************
// Benchmark: CodecSuite.Run: campaign(EvaluateOverhead=False, Clock=Armonik.Ffi.Bdn.CpuClock, IterationCount=6, IterationTime=40ms, LaunchCount=1, RunStrategy=Throughput, WarmupCount=25) [Case=core-(...)etain [56]]
// *** Execute ***
// Launch: 1 / 1
// Execute: dotnet BenchDotNet-campaign-1.dll --anonymousPipes 138 139 --benchmarkName "Armonik.Ffi.Bdn.CodecSuite.Run(Case: \"core-ffi|encode-core-hot|U-deep-u-repeated|corpus|retain\")" --job campaign --benchmarkId 4 in /home/user/ArmoniK.Api/ffi/poc/csharp/src/BenchDotNet/bin/Release/net8.0/BenchDotNet-campaign-1/bin/Release/net8.0
// BeforeAnythingElse

// Benchmark Process Environment Information:
// BenchmarkDotNet v0.15.8
// Runtime=.NET 8.0.31 (8.0.31, 8.0.3126.42015), X64 RyuJIT x86-64-v4
// GC=Concurrent Workstation
// HardwareIntrinsics=AVX512 IFMA+VBMI,AVX512 F+BW+CD+DQ+VL,AVX2+BMI1+BMI2+F16C+FMA+LZCNT+MOVBE,AVX,SSE3+SSSE3+SSE4.1+SSE4.2+POPCNT,X86Base+SSE+SSE2,AES+PCLMUL,AvxVnni,SERIALIZE VectorSize=256
// Job: campaign(EvaluateOverhead=False, Clock=Armonik.Ffi.Bdn.CpuClock, IterationCount=6, IterationTime=40ms, LaunchCount=1, RunStrategy=Throughput, WarmupCount=25)

OverheadJitting  1: 1 op, 313404.00 ns, 313.4040 us/op
WorkloadJitting  1: 1 op, 11966203.00 ns, 11.9662 ms/op

WorkloadPilot    1: 4 op, 32303.00 ns, 8.0758 us/op
WorkloadPilot    2: 4953 op, 10351519.00 ns, 2.0899 us/op
WorkloadPilot    3: 19139 op, 48818903.00 ns, 2.5508 us/op
WorkloadPilot    4: 15682 op, 34538465.00 ns, 2.2024 us/op
WorkloadPilot    5: 18162 op, 42970747.00 ns, 2.3660 us/op
WorkloadPilot    6: 16906 op, 34297669.00 ns, 2.0287 us/op
WorkloadPilot    7: 19717 op, 36094370.00 ns, 1.8306 us/op
WorkloadPilot    8: 21850 op, 61367236.00 ns, 2.8086 us/op

WorkloadWarmup   1: 21850 op, 40442728.00 ns, 1.8509 us/op
WorkloadWarmup   2: 21850 op, 41016605.00 ns, 1.8772 us/op
WorkloadWarmup   3: 21850 op, 45968712.00 ns, 2.1038 us/op
WorkloadWarmup   4: 21850 op, 42893564.00 ns, 1.9631 us/op
WorkloadWarmup   5: 21850 op, 43986338.00 ns, 2.0131 us/op
WorkloadWarmup   6: 21850 op, 47489456.00 ns, 2.1734 us/op
WorkloadWarmup   7: 21850 op, 49013562.00 ns, 2.2432 us/op
WorkloadWarmup   8: 21850 op, 43829655.00 ns, 2.0059 us/op
WorkloadWarmup   9: 21850 op, 49161682.00 ns, 2.2500 us/op
WorkloadWarmup  10: 21850 op, 64935895.00 ns, 2.9719 us/op
WorkloadWarmup  11: 21850 op, 50410113.00 ns, 2.3071 us/op
WorkloadWarmup  12: 21850 op, 50936527.00 ns, 2.3312 us/op
WorkloadWarmup  13: 21850 op, 43841697.00 ns, 2.0065 us/op
WorkloadWarmup  14: 21850 op, 43599699.00 ns, 1.9954 us/op
WorkloadWarmup  15: 21850 op, 42638194.00 ns, 1.9514 us/op
WorkloadWarmup  16: 21850 op, 55742908.00 ns, 2.5512 us/op
WorkloadWarmup  17: 21850 op, 40111712.00 ns, 1.8358 us/op
WorkloadWarmup  18: 21850 op, 39365347.00 ns, 1.8016 us/op
WorkloadWarmup  19: 21850 op, 43797905.00 ns, 2.0045 us/op
WorkloadWarmup  20: 21850 op, 43749066.00 ns, 2.0022 us/op
WorkloadWarmup  21: 21850 op, 44827755.00 ns, 2.0516 us/op
WorkloadWarmup  22: 21850 op, 39441844.00 ns, 1.8051 us/op
WorkloadWarmup  23: 21850 op, 39747696.00 ns, 1.8191 us/op
WorkloadWarmup  24: 21850 op, 39618830.00 ns, 1.8132 us/op
WorkloadWarmup  25: 21850 op, 39745974.00 ns, 1.8190 us/op

// BeforeActualRun
WorkloadActual   1: 21850 op, 40677471.00 ns, 1.8617 us/op
WorkloadActual   2: 21850 op, 43434702.00 ns, 1.9879 us/op
WorkloadActual   3: 21850 op, 40906347.00 ns, 1.8721 us/op
WorkloadActual   4: 21850 op, 44341192.00 ns, 2.0293 us/op
WorkloadActual   5: 21850 op, 49487808.00 ns, 2.2649 us/op
WorkloadActual   6: 21850 op, 42520124.00 ns, 1.9460 us/op

// AfterActualRun
WorkloadResult   1: 21850 op, 40677471.00 ns, 1.8617 us/op
WorkloadResult   2: 21850 op, 43434702.00 ns, 1.9879 us/op
WorkloadResult   3: 21850 op, 40906347.00 ns, 1.8721 us/op
WorkloadResult   4: 21850 op, 44341192.00 ns, 2.0293 us/op
WorkloadResult   5: 21850 op, 42520124.00 ns, 1.9460 us/op
// GC:  0 0 0 0 21850
// Threading:  0 0 21850

// AfterAll
// Benchmark Process 23671 has exited with code 0.

Mean = 1.939 us, StdErr = 0.032 us (1.67%), N = 5, StdDev = 0.073 us
Min = 1.862 us, Q1 = 1.872 us, Median = 1.946 us, Q3 = 1.988 us, Max = 2.029 us
IQR = 0.116 us, LowerFence = 1.699 us, UpperFence = 2.161 us
ConfidenceInterval = [1.660 us; 2.219 us] (CI 99.9%), Margin = 0.279 us (14.40% of Mean)
Skewness = 0.04, Kurtosis = 0.92, MValue = 2

// ** Remained 7 (58.3 %) benchmark(s) to run. Estimated finish 2026-10-10 13:48 (0h 0m from now) **
// **************************
// Benchmark: CodecSuite.Run: campaign(EvaluateOverhead=False, Clock=Armonik.Ffi.Bdn.CpuClock, IterationCount=6, IterationTime=40ms, LaunchCount=1, RunStrategy=Throughput, WarmupCount=25) [Case=core-(...)|drop [40]]
// *** Execute ***
// Launch: 1 / 1
// Execute: dotnet BenchDotNet-campaign-1.dll --anonymousPipes 138 139 --benchmarkName "Armonik.Ffi.Bdn.CodecSuite.Run(Case: \"core-ffi|encode-core-hot|P2.2|ascii|drop\")" --job campaign --benchmarkId 5 in /home/user/ArmoniK.Api/ffi/poc/csharp/src/BenchDotNet/bin/Release/net8.0/BenchDotNet-campaign-1/bin/Release/net8.0
// BeforeAnythingElse

// Benchmark Process Environment Information:
// BenchmarkDotNet v0.15.8
// Runtime=.NET 8.0.31 (8.0.31, 8.0.3126.42015), X64 RyuJIT x86-64-v4
// GC=Concurrent Workstation
// HardwareIntrinsics=AVX512 IFMA+VBMI,AVX512 F+BW+CD+DQ+VL,AVX2+BMI1+BMI2+F16C+FMA+LZCNT+MOVBE,AVX,SSE3+SSSE3+SSE4.1+SSE4.2+POPCNT,X86Base+SSE+SSE2,AES+PCLMUL,AvxVnni,SERIALIZE VectorSize=256
// Job: campaign(EvaluateOverhead=False, Clock=Armonik.Ffi.Bdn.CpuClock, IterationCount=6, IterationTime=40ms, LaunchCount=1, RunStrategy=Throughput, WarmupCount=25)

OverheadJitting  1: 1 op, 296624.00 ns, 296.6240 us/op
WorkloadJitting  1: 1 op, 12275683.00 ns, 12.2757 ms/op

WorkloadPilot    1: 4 op, 12905736.00 ns, 3.2264 ms/op
WorkloadPilot    2: 12 op, 19417737.00 ns, 1.6181 ms/op
WorkloadPilot    3: 25 op, 28202639.00 ns, 1.1281 ms/op
WorkloadPilot    4: 35 op, 42974958.00 ns, 1.2279 ms/op
WorkloadPilot    5: 33 op, 40659701.00 ns, 1.2321 ms/op

WorkloadWarmup   1: 33 op, 37006205.00 ns, 1.1214 ms/op
WorkloadWarmup   2: 33 op, 32046202.00 ns, 971.0970 us/op
WorkloadWarmup   3: 33 op, 31918942.00 ns, 967.2407 us/op
WorkloadWarmup   4: 33 op, 30850550.00 ns, 934.8652 us/op
WorkloadWarmup   5: 33 op, 35584829.00 ns, 1.0783 ms/op
WorkloadWarmup   6: 33 op, 28067159.00 ns, 850.5200 us/op
WorkloadWarmup   7: 33 op, 29825249.00 ns, 903.7954 us/op
WorkloadWarmup   8: 33 op, 29508471.00 ns, 894.1961 us/op
WorkloadWarmup   9: 33 op, 28761512.00 ns, 871.5610 us/op
WorkloadWarmup  10: 33 op, 28794709.00 ns, 872.5669 us/op
WorkloadWarmup  11: 33 op, 29172147.00 ns, 884.0045 us/op
WorkloadWarmup  12: 33 op, 30740401.00 ns, 931.5273 us/op
WorkloadWarmup  13: 33 op, 29885791.00 ns, 905.6300 us/op
WorkloadWarmup  14: 33 op, 28658079.00 ns, 868.4266 us/op
WorkloadWarmup  15: 33 op, 29217971.00 ns, 885.3931 us/op
WorkloadWarmup  16: 33 op, 31339185.00 ns, 949.6723 us/op
WorkloadWarmup  17: 33 op, 29290877.00 ns, 887.6023 us/op
WorkloadWarmup  18: 33 op, 33293262.00 ns, 1.0089 ms/op
WorkloadWarmup  19: 33 op, 40095810.00 ns, 1.2150 ms/op
WorkloadWarmup  20: 33 op, 32338930.00 ns, 979.9676 us/op
WorkloadWarmup  21: 33 op, 33677486.00 ns, 1.0205 ms/op
WorkloadWarmup  22: 33 op, 30945839.00 ns, 937.7527 us/op
WorkloadWarmup  23: 33 op, 31611423.00 ns, 957.9219 us/op
WorkloadWarmup  24: 33 op, 31653921.00 ns, 959.2097 us/op
WorkloadWarmup  25: 33 op, 37371562.00 ns, 1.1325 ms/op

// BeforeActualRun
WorkloadActual   1: 33 op, 29605417.00 ns, 897.1338 us/op
WorkloadActual   2: 33 op, 30729775.00 ns, 931.2053 us/op
WorkloadActual   3: 33 op, 38104647.00 ns, 1.1547 ms/op
WorkloadActual   4: 33 op, 30361102.00 ns, 920.0334 us/op
WorkloadActual   5: 33 op, 31929767.00 ns, 967.5687 us/op
WorkloadActual   6: 33 op, 45848922.00 ns, 1.3894 ms/op

// AfterActualRun
WorkloadResult   1: 33 op, 29605417.00 ns, 897.1338 us/op
WorkloadResult   2: 33 op, 30729775.00 ns, 931.2053 us/op
WorkloadResult   3: 33 op, 38104647.00 ns, 1.1547 ms/op
WorkloadResult   4: 33 op, 30361102.00 ns, 920.0334 us/op
WorkloadResult   5: 33 op, 31929767.00 ns, 967.5687 us/op
// GC:  0 0 0 0 33
// Threading:  0 0 33

// AfterAll
// Benchmark Process 23680 has exited with code 0.

Mean = 974.126 us, StdErr = 46.552 us (4.78%), N = 5, StdDev = 104.093 us
Min = 897.134 us, Q1 = 920.033 us, Median = 931.205 us, Q3 = 967.569 us, Max = 1,154.686 us
IQR = 47.535 us, LowerFence = 848.730 us, UpperFence = 1,038.872 us
ConfidenceInterval = [573.302 us; 1,374.949 us] (CI 99.9%), Margin = 400.823 us (41.15% of Mean)
Skewness = 0.92, Kurtosis = 1.89, MValue = 2

// ** Remained 6 (50.0 %) benchmark(s) to run. Estimated finish 2026-10-10 13:48 (0h 0m from now) **
// **************************
// Benchmark: CodecSuite.Run: campaign(EvaluateOverhead=False, Clock=Armonik.Ffi.Bdn.CpuClock, IterationCount=6, IterationTime=40ms, LaunchCount=1, RunStrategy=Throughput, WarmupCount=25) [Case=core-(...)|drop [54]]
// *** Execute ***
// Launch: 1 / 1
// Execute: dotnet BenchDotNet-campaign-1.dll --anonymousPipes 138 139 --benchmarkName "Armonik.Ffi.Bdn.CodecSuite.Run(Case: \"core-ffi|encode-core-hot|U-deep-u-repeated|corpus|drop\")" --job campaign --benchmarkId 6 in /home/user/ArmoniK.Api/ffi/poc/csharp/src/BenchDotNet/bin/Release/net8.0/BenchDotNet-campaign-1/bin/Release/net8.0
// BeforeAnythingElse

// Benchmark Process Environment Information:
// BenchmarkDotNet v0.15.8
// Runtime=.NET 8.0.31 (8.0.31, 8.0.3126.42015), X64 RyuJIT x86-64-v4
// GC=Concurrent Workstation
// HardwareIntrinsics=AVX512 IFMA+VBMI,AVX512 F+BW+CD+DQ+VL,AVX2+BMI1+BMI2+F16C+FMA+LZCNT+MOVBE,AVX,SSE3+SSSE3+SSE4.1+SSE4.2+POPCNT,X86Base+SSE+SSE2,AES+PCLMUL,AvxVnni,SERIALIZE VectorSize=256
// Job: campaign(EvaluateOverhead=False, Clock=Armonik.Ffi.Bdn.CpuClock, IterationCount=6, IterationTime=40ms, LaunchCount=1, RunStrategy=Throughput, WarmupCount=25)

OverheadJitting  1: 1 op, 243866.00 ns, 243.8660 us/op
WorkloadJitting  1: 1 op, 7875521.00 ns, 7.8755 ms/op

WorkloadPilot    1: 4 op, 27721.00 ns, 6.9303 us/op
WorkloadPilot    2: 5772 op, 11048182.00 ns, 1.9141 us/op
WorkloadPilot    3: 20898 op, 42849990.00 ns, 2.0504 us/op
WorkloadPilot    4: 19508 op, 35726518.00 ns, 1.8314 us/op
WorkloadPilot    5: 21841 op, 40157620.00 ns, 1.8386 us/op
WorkloadPilot    6: 21755 op, 41901334.00 ns, 1.9261 us/op

WorkloadWarmup   1: 21755 op, 27434747.00 ns, 1.2611 us/op
WorkloadWarmup   2: 21755 op, 29670482.00 ns, 1.3638 us/op
WorkloadWarmup   3: 21755 op, 62272420.00 ns, 2.8624 us/op
WorkloadWarmup   4: 21755 op, 30802141.00 ns, 1.4159 us/op
WorkloadWarmup   5: 21755 op, 31521044.00 ns, 1.4489 us/op
WorkloadWarmup   6: 21755 op, 34177815.00 ns, 1.5710 us/op
WorkloadWarmup   7: 21755 op, 28162036.00 ns, 1.2945 us/op
WorkloadWarmup   8: 21755 op, 28726563.00 ns, 1.3205 us/op
WorkloadWarmup   9: 21755 op, 30146332.00 ns, 1.3857 us/op
WorkloadWarmup  10: 21755 op, 36043493.00 ns, 1.6568 us/op
WorkloadWarmup  11: 21755 op, 37412126.00 ns, 1.7197 us/op
WorkloadWarmup  12: 21755 op, 27234225.00 ns, 1.2519 us/op
WorkloadWarmup  13: 21755 op, 27725088.00 ns, 1.2744 us/op
WorkloadWarmup  14: 21755 op, 27603535.00 ns, 1.2688 us/op
WorkloadWarmup  15: 21755 op, 27182103.00 ns, 1.2495 us/op
WorkloadWarmup  16: 21755 op, 28615677.00 ns, 1.3154 us/op
WorkloadWarmup  17: 21755 op, 35703376.00 ns, 1.6412 us/op
WorkloadWarmup  18: 21755 op, 27427497.00 ns, 1.2607 us/op
WorkloadWarmup  19: 21755 op, 28725732.00 ns, 1.3204 us/op
WorkloadWarmup  20: 21755 op, 28761367.00 ns, 1.3221 us/op
WorkloadWarmup  21: 21755 op, 27986197.00 ns, 1.2864 us/op
WorkloadWarmup  22: 21755 op, 28278937.00 ns, 1.2999 us/op
WorkloadWarmup  23: 21755 op, 27516738.00 ns, 1.2648 us/op
WorkloadWarmup  24: 21755 op, 36933261.00 ns, 1.6977 us/op
WorkloadWarmup  25: 21755 op, 27215091.00 ns, 1.2510 us/op

// BeforeActualRun
WorkloadActual   1: 21755 op, 27312723.00 ns, 1.2555 us/op
WorkloadActual   2: 21755 op, 28071273.00 ns, 1.2903 us/op
WorkloadActual   3: 21755 op, 26978179.00 ns, 1.2401 us/op
WorkloadActual   4: 21755 op, 28107606.00 ns, 1.2920 us/op
WorkloadActual   5: 21755 op, 30830607.00 ns, 1.4172 us/op
WorkloadActual   6: 21755 op, 28810474.00 ns, 1.3243 us/op

// AfterActualRun
WorkloadResult   1: 21755 op, 27312723.00 ns, 1.2555 us/op
WorkloadResult   2: 21755 op, 28071273.00 ns, 1.2903 us/op
WorkloadResult   3: 21755 op, 26978179.00 ns, 1.2401 us/op
WorkloadResult   4: 21755 op, 28107606.00 ns, 1.2920 us/op
WorkloadResult   5: 21755 op, 28810474.00 ns, 1.3243 us/op
// GC:  0 0 0 0 21755
// Threading:  0 0 21755

// AfterAll
// Benchmark Process 23689 has exited with code 0.

Mean = 1.280 us, StdErr = 0.015 us (1.16%), N = 5, StdDev = 0.033 us
Min = 1.240 us, Q1 = 1.255 us, Median = 1.290 us, Q3 = 1.292 us, Max = 1.324 us
IQR = 0.037 us, LowerFence = 1.201 us, UpperFence = 1.347 us
ConfidenceInterval = [1.153 us; 1.408 us] (CI 99.9%), Margin = 0.128 us (9.98% of Mean)
Skewness = 0.03, Kurtosis = 1.12, MValue = 2

// ** Remained 5 (41.7 %) benchmark(s) to run. Estimated finish 2026-10-10 13:48 (0h 0m from now) **
// **************************
// Benchmark: CodecSuite.Run: campaign(EvaluateOverhead=False, Clock=Armonik.Ffi.Bdn.CpuClock, IterationCount=6, IterationTime=40ms, LaunchCount=1, RunStrategy=Throughput, WarmupCount=25) [Case=core-(...)|drop [40]]
// *** Execute ***
// Launch: 1 / 1
// Execute: dotnet BenchDotNet-campaign-1.dll --anonymousPipes 138 139 --benchmarkName "Armonik.Ffi.Bdn.CodecSuite.Run(Case: \"core-ffi|encode-core-hot|P2.4|ascii|drop\")" --job campaign --benchmarkId 7 in /home/user/ArmoniK.Api/ffi/poc/csharp/src/BenchDotNet/bin/Release/net8.0/BenchDotNet-campaign-1/bin/Release/net8.0
// BeforeAnythingElse

// Benchmark Process Environment Information:
// BenchmarkDotNet v0.15.8
// Runtime=.NET 8.0.31 (8.0.31, 8.0.3126.42015), X64 RyuJIT x86-64-v4
// GC=Concurrent Workstation
// HardwareIntrinsics=AVX512 IFMA+VBMI,AVX512 F+BW+CD+DQ+VL,AVX2+BMI1+BMI2+F16C+FMA+LZCNT+MOVBE,AVX,SSE3+SSSE3+SSE4.1+SSE4.2+POPCNT,X86Base+SSE+SSE2,AES+PCLMUL,AvxVnni,SERIALIZE VectorSize=256
// Job: campaign(EvaluateOverhead=False, Clock=Armonik.Ffi.Bdn.CpuClock, IterationCount=6, IterationTime=40ms, LaunchCount=1, RunStrategy=Throughput, WarmupCount=25)

OverheadJitting  1: 1 op, 384318.00 ns, 384.3180 us/op
WorkloadJitting  1: 1 op, 13752144.00 ns, 13.7521 ms/op

WorkloadPilot    1: 4 op, 10733100.00 ns, 2.6833 ms/op
WorkloadPilot    2: 15 op, 20565196.00 ns, 1.3710 ms/op
WorkloadPilot    3: 29 op, 38337270.00 ns, 1.3220 ms/op

WorkloadWarmup   1: 29 op, 33496823.00 ns, 1.1551 ms/op
WorkloadWarmup   2: 29 op, 34688014.00 ns, 1.1961 ms/op
WorkloadWarmup   3: 29 op, 31902488.00 ns, 1.1001 ms/op
WorkloadWarmup   4: 29 op, 30142347.00 ns, 1.0394 ms/op
WorkloadWarmup   5: 29 op, 34024516.00 ns, 1.1733 ms/op
WorkloadWarmup   6: 29 op, 24882211.00 ns, 858.0073 us/op
WorkloadWarmup   7: 29 op, 33412278.00 ns, 1.1521 ms/op
WorkloadWarmup   8: 29 op, 32157732.00 ns, 1.1089 ms/op
WorkloadWarmup   9: 29 op, 26528249.00 ns, 914.7672 us/op
WorkloadWarmup  10: 29 op, 28480214.00 ns, 982.0763 us/op
WorkloadWarmup  11: 29 op, 26844374.00 ns, 925.6681 us/op
WorkloadWarmup  12: 29 op, 26406118.00 ns, 910.5558 us/op
WorkloadWarmup  13: 29 op, 26109445.00 ns, 900.3257 us/op
WorkloadWarmup  14: 29 op, 26799588.00 ns, 924.1237 us/op
WorkloadWarmup  15: 29 op, 26439706.00 ns, 911.7140 us/op
WorkloadWarmup  16: 29 op, 27452528.00 ns, 946.6389 us/op
WorkloadWarmup  17: 29 op, 26748431.00 ns, 922.3597 us/op
WorkloadWarmup  18: 29 op, 27806395.00 ns, 958.8412 us/op
WorkloadWarmup  19: 29 op, 24758151.00 ns, 853.7293 us/op
WorkloadWarmup  20: 29 op, 47047760.00 ns, 1.6223 ms/op
WorkloadWarmup  21: 29 op, 27793147.00 ns, 958.3844 us/op
WorkloadWarmup  22: 29 op, 33131504.00 ns, 1.1425 ms/op
WorkloadWarmup  23: 29 op, 33954171.00 ns, 1.1708 ms/op
WorkloadWarmup  24: 29 op, 28154460.00 ns, 970.8434 us/op
WorkloadWarmup  25: 29 op, 29297283.00 ns, 1.0103 ms/op

// BeforeActualRun
WorkloadActual   1: 29 op, 27230052.00 ns, 938.9673 us/op
WorkloadActual   2: 29 op, 25789566.00 ns, 889.2954 us/op
WorkloadActual   3: 29 op, 28083164.00 ns, 968.3850 us/op
WorkloadActual   4: 29 op, 27188941.00 ns, 937.5497 us/op
WorkloadActual   5: 29 op, 25488579.00 ns, 878.9165 us/op
WorkloadActual   6: 29 op, 28397738.00 ns, 979.2323 us/op

// AfterActualRun
WorkloadResult   1: 29 op, 27230052.00 ns, 938.9673 us/op
WorkloadResult   2: 29 op, 25789566.00 ns, 889.2954 us/op
WorkloadResult   3: 29 op, 28083164.00 ns, 968.3850 us/op
WorkloadResult   4: 29 op, 27188941.00 ns, 937.5497 us/op
WorkloadResult   5: 29 op, 25488579.00 ns, 878.9165 us/op
WorkloadResult   6: 29 op, 28397738.00 ns, 979.2323 us/op
// GC:  0 0 0 0 29
// Threading:  0 0 29

// AfterAll
// Benchmark Process 23701 has exited with code 0.

Mean = 932.058 us, StdErr = 16.609 us (1.78%), N = 6, StdDev = 40.683 us
Min = 878.917 us, Q1 = 901.359 us, Median = 938.259 us, Q3 = 961.031 us, Max = 979.232 us
IQR = 59.672 us, LowerFence = 811.852 us, UpperFence = 1,050.538 us
ConfidenceInterval = [817.974 us; 1,046.141 us] (CI 99.9%), Margin = 114.083 us (12.24% of Mean)
Skewness = -0.19, Kurtosis = 1.1, MValue = 2

// ** Remained 4 (33.3 %) benchmark(s) to run. Estimated finish 2026-10-10 13:48 (0h 0m from now) **
// **************************
// Benchmark: CodecSuite.Run: campaign(EvaluateOverhead=False, Clock=Armonik.Ffi.Bdn.CpuClock, IterationCount=6, IterationTime=40ms, LaunchCount=1, RunStrategy=Throughput, WarmupCount=25) [Case=core-(...)etain [43]]
// *** Execute ***
// Launch: 1 / 1
// Execute: dotnet BenchDotNet-campaign-1.dll --anonymousPipes 138 139 --benchmarkName "Armonik.Ffi.Bdn.CodecSuite.Run(Case: \"core-ffi|encode-core-hot|P2.2|latin1|retain\")" --job campaign --benchmarkId 8 in /home/user/ArmoniK.Api/ffi/poc/csharp/src/BenchDotNet/bin/Release/net8.0/BenchDotNet-campaign-1/bin/Release/net8.0
// BeforeAnythingElse

// Benchmark Process Environment Information:
// BenchmarkDotNet v0.15.8
// Runtime=.NET 8.0.31 (8.0.31, 8.0.3126.42015), X64 RyuJIT x86-64-v4
// GC=Concurrent Workstation
// HardwareIntrinsics=AVX512 IFMA+VBMI,AVX512 F+BW+CD+DQ+VL,AVX2+BMI1+BMI2+F16C+FMA+LZCNT+MOVBE,AVX,SSE3+SSSE3+SSE4.1+SSE4.2+POPCNT,X86Base+SSE+SSE2,AES+PCLMUL,AvxVnni,SERIALIZE VectorSize=256
// Job: campaign(EvaluateOverhead=False, Clock=Armonik.Ffi.Bdn.CpuClock, IterationCount=6, IterationTime=40ms, LaunchCount=1, RunStrategy=Throughput, WarmupCount=25)

OverheadJitting  1: 1 op, 249985.00 ns, 249.9850 us/op
WorkloadJitting  1: 1 op, 14794525.00 ns, 14.7945 ms/op

WorkloadPilot    1: 4 op, 14329724.00 ns, 3.5824 ms/op
WorkloadPilot    2: 11 op, 20393656.00 ns, 1.8540 ms/op
WorkloadPilot    3: 22 op, 32580036.00 ns, 1.4809 ms/op
WorkloadPilot    4: 27 op, 37555385.00 ns, 1.3909 ms/op
WorkloadPilot    5: 29 op, 50252427.00 ns, 1.7328 ms/op
WorkloadPilot    6: 23 op, 34111348.00 ns, 1.4831 ms/op
WorkloadPilot    7: 27 op, 44082190.00 ns, 1.6327 ms/op
WorkloadPilot    8: 24 op, 33698400.00 ns, 1.4041 ms/op
WorkloadPilot    9: 28 op, 39510645.00 ns, 1.4111 ms/op

WorkloadWarmup   1: 28 op, 38386354.00 ns, 1.3709 ms/op
WorkloadWarmup   2: 28 op, 37718976.00 ns, 1.3471 ms/op
WorkloadWarmup   3: 28 op, 41000193.00 ns, 1.4643 ms/op
WorkloadWarmup   4: 28 op, 52821183.00 ns, 1.8865 ms/op
WorkloadWarmup   5: 28 op, 57390082.00 ns, 2.0496 ms/op
WorkloadWarmup   6: 28 op, 43188286.00 ns, 1.5424 ms/op
WorkloadWarmup   7: 28 op, 38987133.00 ns, 1.3924 ms/op
WorkloadWarmup   8: 28 op, 40187679.00 ns, 1.4353 ms/op
WorkloadWarmup   9: 28 op, 40616126.00 ns, 1.4506 ms/op
WorkloadWarmup  10: 28 op, 46236544.00 ns, 1.6513 ms/op
WorkloadWarmup  11: 28 op, 47208859.00 ns, 1.6860 ms/op
WorkloadWarmup  12: 28 op, 36429952.00 ns, 1.3011 ms/op
WorkloadWarmup  13: 28 op, 36602163.00 ns, 1.3072 ms/op
WorkloadWarmup  14: 28 op, 45224525.00 ns, 1.6152 ms/op
WorkloadWarmup  15: 28 op, 38210529.00 ns, 1.3647 ms/op
WorkloadWarmup  16: 28 op, 38677150.00 ns, 1.3813 ms/op
WorkloadWarmup  17: 28 op, 37070308.00 ns, 1.3239 ms/op
WorkloadWarmup  18: 28 op, 36296838.00 ns, 1.2963 ms/op
WorkloadWarmup  19: 28 op, 35826416.00 ns, 1.2795 ms/op
WorkloadWarmup  20: 28 op, 35852238.00 ns, 1.2804 ms/op
WorkloadWarmup  21: 28 op, 43381427.00 ns, 1.5493 ms/op
WorkloadWarmup  22: 28 op, 37797061.00 ns, 1.3499 ms/op
WorkloadWarmup  23: 28 op, 53113825.00 ns, 1.8969 ms/op
WorkloadWarmup  24: 28 op, 38084281.00 ns, 1.3602 ms/op
WorkloadWarmup  25: 28 op, 37745255.00 ns, 1.3480 ms/op

// BeforeActualRun
WorkloadActual   1: 28 op, 37367805.00 ns, 1.3346 ms/op
WorkloadActual   2: 28 op, 38349804.00 ns, 1.3696 ms/op
WorkloadActual   3: 28 op, 37157819.00 ns, 1.3271 ms/op
WorkloadActual   4: 28 op, 37797265.00 ns, 1.3499 ms/op
WorkloadActual   5: 28 op, 43558202.00 ns, 1.5557 ms/op
WorkloadActual   6: 28 op, 57288622.00 ns, 2.0460 ms/op

// AfterActualRun
WorkloadResult   1: 28 op, 37367805.00 ns, 1.3346 ms/op
WorkloadResult   2: 28 op, 38349804.00 ns, 1.3696 ms/op
WorkloadResult   3: 28 op, 37157819.00 ns, 1.3271 ms/op
WorkloadResult   4: 28 op, 37797265.00 ns, 1.3499 ms/op
WorkloadResult   5: 28 op, 43558202.00 ns, 1.5557 ms/op
// GC:  0 0 0 0 28
// Threading:  0 0 28

// AfterAll
// Benchmark Process 23710 has exited with code 0.

Mean = 1.387 ms, StdErr = 0.043 ms (3.08%), N = 5, StdDev = 0.095 ms
Min = 1.327 ms, Q1 = 1.335 ms, Median = 1.350 ms, Q3 = 1.370 ms, Max = 1.556 ms
IQR = 0.035 ms, LowerFence = 1.282 ms, UpperFence = 1.422 ms
ConfidenceInterval = [1.020 ms; 1.755 ms] (CI 99.9%), Margin = 0.368 ms (26.50% of Mean)
Skewness = 1, Kurtosis = 1.99, MValue = 2

// ** Remained 3 (25.0 %) benchmark(s) to run. Estimated finish 2026-10-10 13:48 (0h 0m from now) **
// **************************
// Benchmark: CodecSuite.Run: campaign(EvaluateOverhead=False, Clock=Armonik.Ffi.Bdn.CpuClock, IterationCount=6, IterationTime=40ms, LaunchCount=1, RunStrategy=Throughput, WarmupCount=25) [Case=core-(...)|drop [41]]
// *** Execute ***
// Launch: 1 / 1
// Execute: dotnet BenchDotNet-campaign-1.dll --anonymousPipes 138 139 --benchmarkName "Armonik.Ffi.Bdn.CodecSuite.Run(Case: \"core-ffi|encode-core-hot|P2.2|latin1|drop\")" --job campaign --benchmarkId 9 in /home/user/ArmoniK.Api/ffi/poc/csharp/src/BenchDotNet/bin/Release/net8.0/BenchDotNet-campaign-1/bin/Release/net8.0
// BeforeAnythingElse

// Benchmark Process Environment Information:
// BenchmarkDotNet v0.15.8
// Runtime=.NET 8.0.31 (8.0.31, 8.0.3126.42015), X64 RyuJIT x86-64-v4
// GC=Concurrent Workstation
// HardwareIntrinsics=AVX512 IFMA+VBMI,AVX512 F+BW+CD+DQ+VL,AVX2+BMI1+BMI2+F16C+FMA+LZCNT+MOVBE,AVX,SSE3+SSSE3+SSE4.1+SSE4.2+POPCNT,X86Base+SSE+SSE2,AES+PCLMUL,AvxVnni,SERIALIZE VectorSize=256
// Job: campaign(EvaluateOverhead=False, Clock=Armonik.Ffi.Bdn.CpuClock, IterationCount=6, IterationTime=40ms, LaunchCount=1, RunStrategy=Throughput, WarmupCount=25)

OverheadJitting  1: 1 op, 279277.00 ns, 279.2770 us/op
WorkloadJitting  1: 1 op, 12037455.00 ns, 12.0375 ms/op

WorkloadPilot    1: 4 op, 13665115.00 ns, 3.4163 ms/op
WorkloadPilot    2: 12 op, 21841546.00 ns, 1.8201 ms/op
WorkloadPilot    3: 22 op, 30743802.00 ns, 1.3974 ms/op
WorkloadPilot    4: 29 op, 39388856.00 ns, 1.3582 ms/op

WorkloadWarmup   1: 29 op, 40134119.00 ns, 1.3839 ms/op
WorkloadWarmup   2: 29 op, 42353400.00 ns, 1.4605 ms/op
WorkloadWarmup   3: 29 op, 47242180.00 ns, 1.6290 ms/op
WorkloadWarmup   4: 29 op, 39673514.00 ns, 1.3681 ms/op
WorkloadWarmup   5: 29 op, 33831043.00 ns, 1.1666 ms/op
WorkloadWarmup   6: 29 op, 32903084.00 ns, 1.1346 ms/op
WorkloadWarmup   7: 29 op, 42492859.00 ns, 1.4653 ms/op
WorkloadWarmup   8: 29 op, 48051522.00 ns, 1.6569 ms/op
WorkloadWarmup   9: 29 op, 39353904.00 ns, 1.3570 ms/op
WorkloadWarmup  10: 29 op, 35307996.00 ns, 1.2175 ms/op
WorkloadWarmup  11: 29 op, 34654157.00 ns, 1.1950 ms/op
WorkloadWarmup  12: 29 op, 34692747.00 ns, 1.1963 ms/op
WorkloadWarmup  13: 29 op, 32512947.00 ns, 1.1211 ms/op
WorkloadWarmup  14: 29 op, 34563005.00 ns, 1.1918 ms/op
WorkloadWarmup  15: 29 op, 35642419.00 ns, 1.2290 ms/op
WorkloadWarmup  16: 29 op, 40464280.00 ns, 1.3953 ms/op
WorkloadWarmup  17: 29 op, 34632980.00 ns, 1.1942 ms/op
WorkloadWarmup  18: 29 op, 34464381.00 ns, 1.1884 ms/op
WorkloadWarmup  19: 29 op, 34236639.00 ns, 1.1806 ms/op
WorkloadWarmup  20: 29 op, 42853681.00 ns, 1.4777 ms/op
WorkloadWarmup  21: 29 op, 32620514.00 ns, 1.1248 ms/op
WorkloadWarmup  22: 29 op, 33929669.00 ns, 1.1700 ms/op
WorkloadWarmup  23: 29 op, 46147098.00 ns, 1.5913 ms/op
WorkloadWarmup  24: 29 op, 35769445.00 ns, 1.2334 ms/op
WorkloadWarmup  25: 29 op, 36078773.00 ns, 1.2441 ms/op

// BeforeActualRun
WorkloadActual   1: 29 op, 38280762.00 ns, 1.3200 ms/op
WorkloadActual   2: 29 op, 41226972.00 ns, 1.4216 ms/op
WorkloadActual   3: 29 op, 49587827.00 ns, 1.7099 ms/op
WorkloadActual   4: 29 op, 38281233.00 ns, 1.3200 ms/op
WorkloadActual   5: 29 op, 33633891.00 ns, 1.1598 ms/op
WorkloadActual   6: 29 op, 40125927.00 ns, 1.3837 ms/op

// AfterActualRun
WorkloadResult   1: 29 op, 38280762.00 ns, 1.3200 ms/op
WorkloadResult   2: 29 op, 41226972.00 ns, 1.4216 ms/op
WorkloadResult   3: 29 op, 38281233.00 ns, 1.3200 ms/op
WorkloadResult   4: 29 op, 33633891.00 ns, 1.1598 ms/op
WorkloadResult   5: 29 op, 40125927.00 ns, 1.3837 ms/op
// GC:  0 0 0 0 29
// Threading:  0 0 29

// AfterAll
// Benchmark Process 23719 has exited with code 0.

Mean = 1.321 ms, StdErr = 0.045 ms (3.39%), N = 5, StdDev = 0.100 ms
Min = 1.160 ms, Q1 = 1.320 ms, Median = 1.320 ms, Q3 = 1.384 ms, Max = 1.422 ms
IQR = 0.064 ms, LowerFence = 1.225 ms, UpperFence = 1.479 ms
ConfidenceInterval = [0.936 ms; 1.706 ms] (CI 99.9%), Margin = 0.385 ms (29.16% of Mean)
Skewness = -0.58, Kurtosis = 1.58, MValue = 2

// ** Remained 2 (16.7 %) benchmark(s) to run. Estimated finish 2026-10-10 13:48 (0h 0m from now) **
// **************************
// Benchmark: CodecSuite.Run: campaign(EvaluateOverhead=False, Clock=Armonik.Ffi.Bdn.CpuClock, IterationCount=6, IterationTime=40ms, LaunchCount=1, RunStrategy=Throughput, WarmupCount=25) [Case=core-(...)etain [42]]
// *** Execute ***
// Launch: 1 / 1
// Execute: dotnet BenchDotNet-campaign-1.dll --anonymousPipes 138 139 --benchmarkName "Armonik.Ffi.Bdn.CodecSuite.Run(Case: \"core-ffi|encode-core-hot|P2.2|ascii|retain\")" --job campaign --benchmarkId 10 in /home/user/ArmoniK.Api/ffi/poc/csharp/src/BenchDotNet/bin/Release/net8.0/BenchDotNet-campaign-1/bin/Release/net8.0
// BeforeAnythingElse

// Benchmark Process Environment Information:
// BenchmarkDotNet v0.15.8
// Runtime=.NET 8.0.31 (8.0.31, 8.0.3126.42015), X64 RyuJIT x86-64-v4
// GC=Concurrent Workstation
// HardwareIntrinsics=AVX512 IFMA+VBMI,AVX512 F+BW+CD+DQ+VL,AVX2+BMI1+BMI2+F16C+FMA+LZCNT+MOVBE,AVX,SSE3+SSSE3+SSE4.1+SSE4.2+POPCNT,X86Base+SSE+SSE2,AES+PCLMUL,AvxVnni,SERIALIZE VectorSize=256
// Job: campaign(EvaluateOverhead=False, Clock=Armonik.Ffi.Bdn.CpuClock, IterationCount=6, IterationTime=40ms, LaunchCount=1, RunStrategy=Throughput, WarmupCount=25)

OverheadJitting  1: 1 op, 267280.00 ns, 267.2800 us/op
WorkloadJitting  1: 1 op, 11897402.00 ns, 11.8974 ms/op

WorkloadPilot    1: 4 op, 12834793.00 ns, 3.2087 ms/op
WorkloadPilot    2: 12 op, 34058794.00 ns, 2.8382 ms/op
WorkloadPilot    3: 14 op, 19234104.00 ns, 1.3739 ms/op
WorkloadPilot    4: 29 op, 48455713.00 ns, 1.6709 ms/op
WorkloadPilot    5: 24 op, 65072449.00 ns, 2.7114 ms/op
WorkloadPilot    6: 15 op, 18136090.00 ns, 1.2091 ms/op
WorkloadPilot    7: 33 op, 35218077.00 ns, 1.0672 ms/op
WorkloadPilot    8: 37 op, 51732893.00 ns, 1.3982 ms/op

WorkloadWarmup   1: 37 op, 41794829.00 ns, 1.1296 ms/op
WorkloadWarmup   2: 37 op, 43759735.00 ns, 1.1827 ms/op
WorkloadWarmup   3: 37 op, 43566064.00 ns, 1.1775 ms/op
WorkloadWarmup   4: 37 op, 51538792.00 ns, 1.3929 ms/op
WorkloadWarmup   5: 37 op, 46762337.00 ns, 1.2638 ms/op
WorkloadWarmup   6: 37 op, 68877444.00 ns, 1.8616 ms/op
WorkloadWarmup   7: 37 op, 42031648.00 ns, 1.1360 ms/op
WorkloadWarmup   8: 37 op, 38881403.00 ns, 1.0508 ms/op
WorkloadWarmup   9: 37 op, 43013217.00 ns, 1.1625 ms/op
WorkloadWarmup  10: 37 op, 40732849.00 ns, 1.1009 ms/op
WorkloadWarmup  11: 37 op, 43570126.00 ns, 1.1776 ms/op
WorkloadWarmup  12: 37 op, 52898759.00 ns, 1.4297 ms/op
WorkloadWarmup  13: 37 op, 36459785.00 ns, 985.3996 us/op
WorkloadWarmup  14: 37 op, 45322499.00 ns, 1.2249 ms/op
WorkloadWarmup  15: 37 op, 45111945.00 ns, 1.2192 ms/op
WorkloadWarmup  16: 37 op, 42534519.00 ns, 1.1496 ms/op
WorkloadWarmup  17: 37 op, 41911684.00 ns, 1.1327 ms/op
WorkloadWarmup  18: 37 op, 42876653.00 ns, 1.1588 ms/op
WorkloadWarmup  19: 37 op, 39607883.00 ns, 1.0705 ms/op
WorkloadWarmup  20: 37 op, 38322887.00 ns, 1.0358 ms/op
WorkloadWarmup  21: 37 op, 38326608.00 ns, 1.0359 ms/op
WorkloadWarmup  22: 37 op, 39813734.00 ns, 1.0760 ms/op
WorkloadWarmup  23: 37 op, 40276047.00 ns, 1.0885 ms/op
WorkloadWarmup  24: 37 op, 38491257.00 ns, 1.0403 ms/op
WorkloadWarmup  25: 37 op, 37998395.00 ns, 1.0270 ms/op

// BeforeActualRun
WorkloadActual   1: 37 op, 37990519.00 ns, 1.0268 ms/op
WorkloadActual   2: 37 op, 38738223.00 ns, 1.0470 ms/op
WorkloadActual   3: 37 op, 36877815.00 ns, 996.6977 us/op
WorkloadActual   4: 37 op, 36867019.00 ns, 996.4059 us/op
WorkloadActual   5: 37 op, 36915982.00 ns, 997.7292 us/op
WorkloadActual   6: 37 op, 40664855.00 ns, 1.0991 ms/op

// AfterActualRun
WorkloadResult   1: 37 op, 37990519.00 ns, 1.0268 ms/op
WorkloadResult   2: 37 op, 38738223.00 ns, 1.0470 ms/op
WorkloadResult   3: 37 op, 36877815.00 ns, 996.6977 us/op
WorkloadResult   4: 37 op, 36867019.00 ns, 996.4059 us/op
WorkloadResult   5: 37 op, 36915982.00 ns, 997.7292 us/op
WorkloadResult   6: 37 op, 40664855.00 ns, 1.0991 ms/op
// GC:  0 0 0 0 37
// Threading:  0 0 37

// AfterAll
// Benchmark Process 23730 has exited with code 0.

Mean = 1.027 ms, StdErr = 0.017 ms (1.62%), N = 6, StdDev = 0.041 ms
Min = 0.996 ms, Q1 = 0.997 ms, Median = 1.012 ms, Q3 = 1.042 ms, Max = 1.099 ms
IQR = 0.045 ms, LowerFence = 0.929 ms, UpperFence = 1.109 ms
ConfidenceInterval = [0.913 ms; 1.142 ms] (CI 99.9%), Margin = 0.114 ms (11.12% of Mean)
Skewness = 0.72, Kurtosis = 1.77, MValue = 2

// ** Remained 1 (8.3 %) benchmark(s) to run. Estimated finish 2026-10-10 13:48 (0h 0m from now) **
// **************************
// Benchmark: CodecSuite.Run: campaign(EvaluateOverhead=False, Clock=Armonik.Ffi.Bdn.CpuClock, IterationCount=6, IterationTime=40ms, LaunchCount=1, RunStrategy=Throughput, WarmupCount=25) [Case=core-(...)|drop [39]]
// *** Execute ***
// Launch: 1 / 1
// Execute: dotnet BenchDotNet-campaign-1.dll --anonymousPipes 138 139 --benchmarkName "Armonik.Ffi.Bdn.CodecSuite.Run(Case: \"core-ffi|encode-core-hot|P2.2|wide|drop\")" --job campaign --benchmarkId 11 in /home/user/ArmoniK.Api/ffi/poc/csharp/src/BenchDotNet/bin/Release/net8.0/BenchDotNet-campaign-1/bin/Release/net8.0
// BeforeAnythingElse

// Benchmark Process Environment Information:
// BenchmarkDotNet v0.15.8
// Runtime=.NET 8.0.31 (8.0.31, 8.0.3126.42015), X64 RyuJIT x86-64-v4
// GC=Concurrent Workstation
// HardwareIntrinsics=AVX512 IFMA+VBMI,AVX512 F+BW+CD+DQ+VL,AVX2+BMI1+BMI2+F16C+FMA+LZCNT+MOVBE,AVX,SSE3+SSSE3+SSE4.1+SSE4.2+POPCNT,X86Base+SSE+SSE2,AES+PCLMUL,AvxVnni,SERIALIZE VectorSize=256
// Job: campaign(EvaluateOverhead=False, Clock=Armonik.Ffi.Bdn.CpuClock, IterationCount=6, IterationTime=40ms, LaunchCount=1, RunStrategy=Throughput, WarmupCount=25)

OverheadJitting  1: 1 op, 252066.00 ns, 252.0660 us/op
WorkloadJitting  1: 1 op, 13990182.00 ns, 13.9902 ms/op

WorkloadPilot    1: 4 op, 15221171.00 ns, 3.8053 ms/op
WorkloadPilot    2: 11 op, 29144103.00 ns, 2.6495 ms/op
WorkloadPilot    3: 15 op, 27516132.00 ns, 1.8344 ms/op
WorkloadPilot    4: 22 op, 42098791.00 ns, 1.9136 ms/op

WorkloadWarmup   1: 22 op, 40236664.00 ns, 1.8289 ms/op
WorkloadWarmup   2: 22 op, 38672687.00 ns, 1.7578 ms/op
WorkloadWarmup   3: 22 op, 38502402.00 ns, 1.7501 ms/op
WorkloadWarmup   4: 22 op, 47350415.00 ns, 2.1523 ms/op
WorkloadWarmup   5: 22 op, 40211616.00 ns, 1.8278 ms/op
WorkloadWarmup   6: 22 op, 30835727.00 ns, 1.4016 ms/op
WorkloadWarmup   7: 22 op, 35633999.00 ns, 1.6197 ms/op
WorkloadWarmup   8: 22 op, 29795941.00 ns, 1.3544 ms/op
WorkloadWarmup   9: 22 op, 30409432.00 ns, 1.3822 ms/op
WorkloadWarmup  10: 22 op, 32534650.00 ns, 1.4788 ms/op
WorkloadWarmup  11: 22 op, 30175156.00 ns, 1.3716 ms/op
WorkloadWarmup  12: 22 op, 32648118.00 ns, 1.4840 ms/op
WorkloadWarmup  13: 22 op, 38693972.00 ns, 1.7588 ms/op
WorkloadWarmup  14: 22 op, 30857050.00 ns, 1.4026 ms/op
WorkloadWarmup  15: 22 op, 41842932.00 ns, 1.9020 ms/op
WorkloadWarmup  16: 22 op, 30731217.00 ns, 1.3969 ms/op
WorkloadWarmup  17: 22 op, 30463169.00 ns, 1.3847 ms/op
WorkloadWarmup  18: 22 op, 30666335.00 ns, 1.3939 ms/op
WorkloadWarmup  19: 22 op, 33198606.00 ns, 1.5090 ms/op
WorkloadWarmup  20: 22 op, 32214991.00 ns, 1.4643 ms/op
WorkloadWarmup  21: 22 op, 29722950.00 ns, 1.3510 ms/op
WorkloadWarmup  22: 22 op, 31813750.00 ns, 1.4461 ms/op
WorkloadWarmup  23: 22 op, 38220528.00 ns, 1.7373 ms/op
WorkloadWarmup  24: 22 op, 33923583.00 ns, 1.5420 ms/op
WorkloadWarmup  25: 22 op, 54485635.00 ns, 2.4766 ms/op

// BeforeActualRun
WorkloadActual   1: 22 op, 32870755.00 ns, 1.4941 ms/op
WorkloadActual   2: 22 op, 52015816.00 ns, 2.3644 ms/op
WorkloadActual   3: 22 op, 34444954.00 ns, 1.5657 ms/op
WorkloadActual   4: 22 op, 33017178.00 ns, 1.5008 ms/op
WorkloadActual   5: 22 op, 34846312.00 ns, 1.5839 ms/op
WorkloadActual   6: 22 op, 31529988.00 ns, 1.4332 ms/op

// AfterActualRun
WorkloadResult   1: 22 op, 32870755.00 ns, 1.4941 ms/op
WorkloadResult   2: 22 op, 34444954.00 ns, 1.5657 ms/op
WorkloadResult   3: 22 op, 33017178.00 ns, 1.5008 ms/op
WorkloadResult   4: 22 op, 34846312.00 ns, 1.5839 ms/op
WorkloadResult   5: 22 op, 31529988.00 ns, 1.4332 ms/op
// GC:  0 0 0 0 22
// Threading:  0 0 22

// AfterAll
// Benchmark Process 23739 has exited with code 0.

Mean = 1.516 ms, StdErr = 0.027 ms (1.79%), N = 5, StdDev = 0.061 ms
Min = 1.433 ms, Q1 = 1.494 ms, Median = 1.501 ms, Q3 = 1.566 ms, Max = 1.584 ms
IQR = 0.072 ms, LowerFence = 1.387 ms, UpperFence = 1.673 ms
ConfidenceInterval = [1.283 ms; 1.749 ms] (CI 99.9%), Margin = 0.233 ms (15.38% of Mean)
Skewness = -0.11, Kurtosis = 1.11, MValue = 2

// ** Remained 0 (0.0 %) benchmark(s) to run. Estimated finish 2026-10-10 13:48 (0h 0m from now) **
Run time: 00:00:23 (23.97 sec), executed benchmarks: 12

// ***** BenchmarkRunner: Finish  *****

// * Export *
  home/user/ArmoniK.Api/ffi/logs/csharp/opt/s15/ladder/new-r0-pgo0-full-r2.jsonl

// * Detailed results *
CodecSuite.Run: campaign(EvaluateOverhead=False, Clock=Armonik.Ffi.Bdn.CpuClock, IterationCount=6, IterationTime=40ms, LaunchCount=1, RunStrategy=Throughput, WarmupCount=25) [Case=core-(...)etain [42]]
Runtime = .NET 8.0.31 (8.0.31, 8.0.3126.42015), X64 RyuJIT x86-64-v4; GC = Concurrent Workstation
Mean = 1.040 ms, StdErr = 0.019 ms (1.84%), N = 6, StdDev = 0.047 ms
Min = 0.992 ms, Q1 = 1.001 ms, Median = 1.032 ms, Q3 = 1.079 ms, Max = 1.099 ms
IQR = 0.078 ms, LowerFence = 0.885 ms, UpperFence = 1.195 ms
ConfidenceInterval = [0.909 ms; 1.171 ms] (CI 99.9%), Margin = 0.131 ms (12.60% of Mean)
Skewness = 0.2, Kurtosis = 1.04, MValue = 2
-------------------- Histogram --------------------
[0.981 ms ; 1.062 ms) | @@@@
[1.062 ms ; 1.132 ms) | @@
---------------------------------------------------

CodecSuite.Run: campaign(EvaluateOverhead=False, Clock=Armonik.Ffi.Bdn.CpuClock, IterationCount=6, IterationTime=40ms, LaunchCount=1, RunStrategy=Throughput, WarmupCount=25) [Case=core-(...)|drop [40]]
Runtime = .NET 8.0.31 (8.0.31, 8.0.3126.42015), X64 RyuJIT x86-64-v4; GC = Concurrent Workstation
Mean = 921.884 us, StdErr = 13.106 us (1.42%), N = 6, StdDev = 32.104 us
Min = 883.256 us, Q1 = 905.728 us, Median = 913.863 us, Q3 = 935.680 us, Max = 974.355 us
IQR = 29.951 us, LowerFence = 860.801 us, UpperFence = 980.607 us
ConfidenceInterval = [831.859 us; 1,011.909 us] (CI 99.9%), Margin = 90.025 us (9.77% of Mean)
Skewness = 0.44, Kurtosis = 1.59, MValue = 2
-------------------- Histogram --------------------
[875.786 us ; 935.327 us) | @@@@
[935.327 us ; 981.703 us) | @@
---------------------------------------------------

CodecSuite.Run: campaign(EvaluateOverhead=False, Clock=Armonik.Ffi.Bdn.CpuClock, IterationCount=6, IterationTime=40ms, LaunchCount=1, RunStrategy=Throughput, WarmupCount=25) [Case=core-(...)etain [56]]
Runtime = .NET 8.0.31 (8.0.31, 8.0.3126.42015), X64 RyuJIT x86-64-v4; GC = Concurrent Workstation
Mean = 1.939 us, StdErr = 0.032 us (1.67%), N = 5, StdDev = 0.073 us
Min = 1.862 us, Q1 = 1.872 us, Median = 1.946 us, Q3 = 1.988 us, Max = 2.029 us
IQR = 0.116 us, LowerFence = 1.699 us, UpperFence = 2.161 us
ConfidenceInterval = [1.660 us; 2.219 us] (CI 99.9%), Margin = 0.279 us (14.40% of Mean)
Skewness = 0.04, Kurtosis = 0.92, MValue = 2
-------------------- Histogram --------------------
[1.806 us ; 1.932 us) | @@
[1.932 us ; 2.043 us) | @@@
---------------------------------------------------

CodecSuite.Run: campaign(EvaluateOverhead=False, Clock=Armonik.Ffi.Bdn.CpuClock, IterationCount=6, IterationTime=40ms, LaunchCount=1, RunStrategy=Throughput, WarmupCount=25) [Case=core-(...)etain [43]]
Runtime = .NET 8.0.31 (8.0.31, 8.0.3126.42015), X64 RyuJIT x86-64-v4; GC = Concurrent Workstation
Mean = 1.387 ms, StdErr = 0.043 ms (3.08%), N = 5, StdDev = 0.095 ms
Min = 1.327 ms, Q1 = 1.335 ms, Median = 1.350 ms, Q3 = 1.370 ms, Max = 1.556 ms
IQR = 0.035 ms, LowerFence = 1.282 ms, UpperFence = 1.422 ms
ConfidenceInterval = [1.020 ms; 1.755 ms] (CI 99.9%), Margin = 0.368 ms (26.50% of Mean)
Skewness = 1, Kurtosis = 1.99, MValue = 2
-------------------- Histogram --------------------
[1.275 ms ; 1.422 ms) | @@@@
[1.422 ms ; 1.482 ms) | 
[1.482 ms ; 1.629 ms) | @
---------------------------------------------------

CodecSuite.Run: campaign(EvaluateOverhead=False, Clock=Armonik.Ffi.Bdn.CpuClock, IterationCount=6, IterationTime=40ms, LaunchCount=1, RunStrategy=Throughput, WarmupCount=25) [Case=core-(...)|drop [54]]
Runtime = .NET 8.0.31 (8.0.31, 8.0.3126.42015), X64 RyuJIT x86-64-v4; GC = Concurrent Workstation
Mean = 1.280 us, StdErr = 0.015 us (1.16%), N = 5, StdDev = 0.033 us
Min = 1.240 us, Q1 = 1.255 us, Median = 1.290 us, Q3 = 1.292 us, Max = 1.324 us
IQR = 0.037 us, LowerFence = 1.201 us, UpperFence = 1.347 us
ConfidenceInterval = [1.153 us; 1.408 us] (CI 99.9%), Margin = 0.128 us (9.98% of Mean)
Skewness = 0.03, Kurtosis = 1.12, MValue = 2
-------------------- Histogram --------------------
[1.222 us ; 1.282 us) | @@
[1.282 us ; 1.333 us) | @@@
---------------------------------------------------

CodecSuite.Run: campaign(EvaluateOverhead=False, Clock=Armonik.Ffi.Bdn.CpuClock, IterationCount=6, IterationTime=40ms, LaunchCount=1, RunStrategy=Throughput, WarmupCount=25) [Case=core-(...)|drop [41]]
Runtime = .NET 8.0.31 (8.0.31, 8.0.3126.42015), X64 RyuJIT x86-64-v4; GC = Concurrent Workstation
Mean = 1.321 ms, StdErr = 0.045 ms (3.39%), N = 5, StdDev = 0.100 ms
Min = 1.160 ms, Q1 = 1.320 ms, Median = 1.320 ms, Q3 = 1.384 ms, Max = 1.422 ms
IQR = 0.064 ms, LowerFence = 1.225 ms, UpperFence = 1.479 ms
ConfidenceInterval = [0.936 ms; 1.706 ms] (CI 99.9%), Margin = 0.385 ms (29.16% of Mean)
Skewness = -0.58, Kurtosis = 1.58, MValue = 2
-------------------- Histogram --------------------
[1.083 ms ; 1.237 ms) | @
[1.237 ms ; 1.294 ms) | 
[1.294 ms ; 1.448 ms) | @@@@
---------------------------------------------------

CodecSuite.Run: campaign(EvaluateOverhead=False, Clock=Armonik.Ffi.Bdn.CpuClock, IterationCount=6, IterationTime=40ms, LaunchCount=1, RunStrategy=Throughput, WarmupCount=25) [Case=core-(...)etain [41]]
Runtime = .NET 8.0.31 (8.0.31, 8.0.3126.42015), X64 RyuJIT x86-64-v4; GC = Concurrent Workstation
Mean = 1.524 ms, StdErr = 0.014 ms (0.94%), N = 5, StdDev = 0.032 ms
Min = 1.478 ms, Q1 = 1.515 ms, Median = 1.524 ms, Q3 = 1.539 ms, Max = 1.565 ms
IQR = 0.023 ms, LowerFence = 1.480 ms, UpperFence = 1.574 ms
ConfidenceInterval = [1.401 ms; 1.647 ms] (CI 99.9%), Margin = 0.123 ms (8.08% of Mean)
Skewness = -0.18, Kurtosis = 1.41, MValue = 2
-------------------- Histogram --------------------
[1.453 ms ; 1.502 ms) | @
[1.502 ms ; 1.551 ms) | @@@
[1.551 ms ; 1.589 ms) | @
---------------------------------------------------

CodecSuite.Run: campaign(EvaluateOverhead=False, Clock=Armonik.Ffi.Bdn.CpuClock, IterationCount=6, IterationTime=40ms, LaunchCount=1, RunStrategy=Throughput, WarmupCount=25) [Case=core-(...)|drop [40]]
Runtime = .NET 8.0.31 (8.0.31, 8.0.3126.42015), X64 RyuJIT x86-64-v4; GC = Concurrent Workstation
Mean = 974.126 us, StdErr = 46.552 us (4.78%), N = 5, StdDev = 104.093 us
Min = 897.134 us, Q1 = 920.033 us, Median = 931.205 us, Q3 = 967.569 us, Max = 1,154.686 us
IQR = 47.535 us, LowerFence = 848.730 us, UpperFence = 1,038.872 us
ConfidenceInterval = [573.302 us; 1,374.949 us] (CI 99.9%), Margin = 400.823 us (41.15% of Mean)
Skewness = 0.92, Kurtosis = 1.89, MValue = 2
-------------------- Histogram --------------------
[  852.455 us ; 1,012.248 us) | @@@@
[1,012.248 us ; 1,074.790 us) | 
[1,074.790 us ; 1,234.583 us) | @
---------------------------------------------------

CodecSuite.Run: campaign(EvaluateOverhead=False, Clock=Armonik.Ffi.Bdn.CpuClock, IterationCount=6, IterationTime=40ms, LaunchCount=1, RunStrategy=Throughput, WarmupCount=25) [Case=core-(...)etain [42]]
Runtime = .NET 8.0.31 (8.0.31, 8.0.3126.42015), X64 RyuJIT x86-64-v4; GC = Concurrent Workstation
Mean = 955.935 us, StdErr = 33.398 us (3.49%), N = 6, StdDev = 81.808 us
Min = 863.884 us, Q1 = 894.910 us, Median = 939.343 us, Q3 = 1,026.501 us, Max = 1,057.388 us
IQR = 131.591 us, LowerFence = 697.524 us, UpperFence = 1,223.887 us
ConfidenceInterval = [726.530 us; 1,185.341 us] (CI 99.9%), Margin = 229.405 us (24.00% of Mean)
Skewness = 0.19, Kurtosis = 0.99, MValue = 2
-------------------- Histogram --------------------
[856.761 us ;   974.940 us) | @@@@
[974.940 us ; 1,116.478 us) | @@
---------------------------------------------------

CodecSuite.Run: campaign(EvaluateOverhead=False, Clock=Armonik.Ffi.Bdn.CpuClock, IterationCount=6, IterationTime=40ms, LaunchCount=1, RunStrategy=Throughput, WarmupCount=25) [Case=core-(...)|drop [39]]
Runtime = .NET 8.0.31 (8.0.31, 8.0.3126.42015), X64 RyuJIT x86-64-v4; GC = Concurrent Workstation
Mean = 1.516 ms, StdErr = 0.027 ms (1.79%), N = 5, StdDev = 0.061 ms
Min = 1.433 ms, Q1 = 1.494 ms, Median = 1.501 ms, Q3 = 1.566 ms, Max = 1.584 ms
IQR = 0.072 ms, LowerFence = 1.387 ms, UpperFence = 1.673 ms
ConfidenceInterval = [1.283 ms; 1.749 ms] (CI 99.9%), Margin = 0.233 ms (15.38% of Mean)
Skewness = -0.11, Kurtosis = 1.11, MValue = 2
-------------------- Histogram --------------------
[1.387 ms ; 1.493 ms) | @
[1.493 ms ; 1.585 ms) | @@@@
---------------------------------------------------

CodecSuite.Run: campaign(EvaluateOverhead=False, Clock=Armonik.Ffi.Bdn.CpuClock, IterationCount=6, IterationTime=40ms, LaunchCount=1, RunStrategy=Throughput, WarmupCount=25) [Case=core-(...)|drop [40]]
Runtime = .NET 8.0.31 (8.0.31, 8.0.3126.42015), X64 RyuJIT x86-64-v4; GC = Concurrent Workstation
Mean = 932.058 us, StdErr = 16.609 us (1.78%), N = 6, StdDev = 40.683 us
Min = 878.917 us, Q1 = 901.359 us, Median = 938.259 us, Q3 = 961.031 us, Max = 979.232 us
IQR = 59.672 us, LowerFence = 811.852 us, UpperFence = 1,050.538 us
ConfidenceInterval = [817.974 us; 1,046.141 us] (CI 99.9%), Margin = 114.083 us (12.24% of Mean)
Skewness = -0.19, Kurtosis = 1.1, MValue = 2
-------------------- Histogram --------------------
[849.531 us ; 913.491 us) | @@
[913.491 us ; 987.776 us) | @@@@
---------------------------------------------------

CodecSuite.Run: campaign(EvaluateOverhead=False, Clock=Armonik.Ffi.Bdn.CpuClock, IterationCount=6, IterationTime=40ms, LaunchCount=1, RunStrategy=Throughput, WarmupCount=25) [Case=core-(...)etain [42]]
Runtime = .NET 8.0.31 (8.0.31, 8.0.3126.42015), X64 RyuJIT x86-64-v4; GC = Concurrent Workstation
Mean = 1.027 ms, StdErr = 0.017 ms (1.62%), N = 6, StdDev = 0.041 ms
Min = 0.996 ms, Q1 = 0.997 ms, Median = 1.012 ms, Q3 = 1.042 ms, Max = 1.099 ms
IQR = 0.045 ms, LowerFence = 0.929 ms, UpperFence = 1.109 ms
ConfidenceInterval = [0.913 ms; 1.142 ms] (CI 99.9%), Margin = 0.114 ms (11.12% of Mean)
Skewness = 0.72, Kurtosis = 1.77, MValue = 2
-------------------- Histogram --------------------
[0.992 ms ; 1.070 ms) | @@@@@
[1.070 ms ; 1.128 ms) | @
---------------------------------------------------

// * Summary *

BenchmarkDotNet v0.15.8, Linux Ubuntu 24.04.4 LTS (Noble Numbat)
Intel Xeon Processor 2.10GHz, 1 CPU, 4 logical and 4 physical cores
.NET SDK 8.0.131
  [Host]   : .NET 8.0.31 (8.0.31, 8.0.3126.42015), X64 RyuJIT x86-64-v4
  campaign : .NET 8.0.31 (8.0.31, 8.0.3126.42015), X64 RyuJIT x86-64-v4

Job=campaign  EvaluateOverhead=False  Clock=Armonik.Ffi.Bdn.CpuClock  
IterationCount=6  IterationTime=40ms  LaunchCount=1  
RunStrategy=Throughput  WarmupCount=25  

| Method | Case                 | Mean         | Error       | StdDev      | Allocated |
|------- |--------------------- |-------------:|------------:|------------:|----------:|
| Run    | core-(...)etain [42] | 1,040.120 us | 131.1045 us |  46.7531 us |         - |
| Run    | core-(...)|drop [40] |   921.884 us |  90.0247 us |  32.1037 us |         - |
| Run    | core-(...)etain [56] |     1.939 us |   0.2793 us |   0.0725 us |         - |
| Run    | core-(...)etain [43] | 1,387.364 us | 367.6389 us |  95.4746 us |         - |
| Run    | core-(...)|drop [54] |     1.280 us |   0.1278 us |   0.0332 us |         - |
| Run    | core-(...)|drop [41] | 1,321.026 us | 385.2589 us | 100.0505 us |         - |
| Run    | core-(...)etain [41] | 1,524.046 us | 123.0923 us |  31.9667 us |         - |
| Run    | core-(...)|drop [40] |   974.126 us | 400.8232 us | 104.0925 us |         - |
| Run    | core-(...)etain [42] |   955.935 us | 229.4054 us |  81.8082 us |         - |
| Run    | core-(...)|drop [39] | 1,515.538 us | 233.0328 us |  60.5179 us |         - |
| Run    | core-(...)|drop [40] |   932.058 us | 114.0834 us |  40.6832 us |         - |
| Run    | core-(...)etain [42] | 1,027.272 us | 114.2581 us |  40.7455 us |         - |

// * Legends *
  Case      : Value of the 'Case' parameter
  Mean      : Arithmetic mean of all measurements
  Error     : Half of 99.9% confidence interval
  StdDev    : Standard deviation of all measurements
  Allocated : Allocated memory per single operation (managed only, inclusive, 1KB = 1024B)
  1 us      : 1 Microsecond (0.000001 sec)

// * Diagnostic Output - AkProcessCpu *

// * Diagnostic Output - MemoryDiagnoser *


// ***** BenchmarkRunner: End *****
Global total time: 00:00:43 (43.83 sec), executed benchmarks: 12
// * Artifacts cleanup *
Artifacts cleanup is finished
