# D21 string-length sweep: process CPU per encode (ns), median [min-max] over 6 rounds, one process, paths interleaved and rotated per round

CONTAINER INSTRUMENTATION. One core-ffi EncodeInto of UploadResultDataMessage{upload.session_id = the string}; E0 = .NET UTF-8 into native staging + ak_tc_bytes; E1 = the string pinned (GCHandle) + ak_tc_utf16 (simdutf); E2 = the C# transcoder callback writing into the core's buffer; E3 = that callback calling the core's ak_utf16_to_utf8 (worst-case grow), E3L = sized by ak_utf16_utf8_len first; E1R = the string pinned by `fixed` in the root frame + ak_tc_utf16; E1C = a GCHandle per chunk. Environment: Vector512.IsHardwareAccelerated=False. `pin` = GCHandle.Alloc(Pinned) + Free alone, ns. Byte identity of every path checked first: all identical.

| content | chars | UTF-8 bytes | E0 | E1 | E2 | E3 | E3L | E1R | E1C | pin | fastest |
|---|---:|---:|---:|---:|---:|---:|---:|---:|---:|---:|---|
| ascii | 4 | 4 | 101 [100-166] | 159 [155-161] | 133 [131-158] | 156 [148-275] | 191 [182-209] | 99 [97-102] | 177 [168-181] | 41.1 | E1R |
| ascii | 16 | 16 | 103 [101-105] | 159 [158-164] | 134 [133-135] | 153 [151-156] | 186 [185-207] | 103 [103-105] | 169 [168-171] | 40.6 | E0 |
| ascii | 64 | 64 | 102 [101-109] | 163 [161-177] | 138 [136-139] | 156 [155-165] | 225 [224-232] | 110 [109-114] | 176 [173-178] | 40.3 | E0 |
| ascii | 256 | 256 | 114 [112-117] | 182 [179-186] | 157 [156-161] | 176 [175-177] | 280 [278-310] | 129 [127-132] | 195 [195-201] | 40.3 | E0 |
| ascii | 1024 | 1024 | 154 [153-160] | 220 [218-227] | 185 [182-189] | 217 [215-223] | 439 [432-449] | 167 [165-179] | 240 [232-242] | 40.5 | E0 |
| ascii | 16384 | 16384 | 1178 [1164-1218] | 1212 [1196-1263] | 1018 [984-1046] | 1166 [1156-1189] | 3801 [3754-4327] | 1134 [1118-1322] | 1197 [1184-1815] | 41.1 | E2 |
| latin1 | 4 | 8 | 101 [101-104] | 161 [158-161] | 137 [136-138] | 153 [152-154] | 187 [185-190] | 103 [102-107] | 171 [169-177] | 43.9 | E0 |
| latin1 | 16 | 32 | 112 [110-132] | 181 [177-184] | 153 [149-160] | 180 [173-264] | 220 [207-226] | 124 [122-127] | 190 [188-226] | 40.4 | E0 |
| latin1 | 64 | 128 | 149 [148-153] | 202 [201-211] | 190 [189-193] | 204 [201-207] | 272 [268-272] | 146 [144-146] | 216 [215-222] | 40.1 | E1R |
| latin1 | 256 | 512 | 295 [293-312] | 268 [263-270] | 335 [331-342] | 264 [260-277] | 376 [371-408] | 211 [206-216] | 292 [279-334] | 42.3 | E1R |
| latin1 | 1024 | 2048 | 871 [854-881] | 519 [512-539] | 892 [878-907] | 525 [516-546] | 751 [735-787] | 459 [455-481] | 538 [527-647] | 39.6 | E1R |
| latin1 | 16384 | 32768 | 12893 [12700-13218] | 5595 [5539-5831] | 11815 [11704-12158] | 5689 [5545-6202] | 8395 [8127-8783] | 5530 [5501-5569] | 5694 [5543-6742] | 44.8 | E1R |
| wide | 4 | 12 | 103 [102-110] | 166 [165-171] | 143 [143-145] | 156 [154-159] | 194 [188-196] | 108 [105-129] | 174 [172-179] | 41.0 | E0 |
| wide | 16 | 48 | 119 [119-119] | 193 [192-196] | 161 [160-163] | 180 [178-183] | 217 [215-219] | 129 [128-130] | 199 [198-202] | 40.0 | E0 |
| wide | 64 | 192 | 192 [191-203] | 230 [221-235] | 241 [234-258] | 215 [214-224] | 283 [281-290] | 157 [155-164] | 234 [233-245] | 38.5 | E1R |
| wide | 256 | 768 | 479 [465-482] | 317 [311-334] | 525 [508-546] | 311 [309-325] | 422 [414-429] | 260 [256-269] | 330 [326-349] | 41.8 | E1R |
| wide | 1024 | 3072 | 1581 [1563-1606] | 666 [656-687] | 1591 [1567-1625] | 676 [657-681] | 882 [866-891] | 600 [589-606] | 679 [664-682] | 39.0 | E1R |
| wide | 16384 | 49152 | 24024 [23742-51323] | 7698 [7655-7891] | 23108 [22695-23539] | 7786 [7649-7832] | 10428 [10233-10472] | 7811 [7578-7987] | 7800 [7655-7898] | 39.3 | E1 |
| astral | 4 | 8 | 107 [105-109] | 164 [163-167] | 144 [141-145] | 158 [157-161] | 201 [199-205] | 105 [104-108] | 178 [174-179] | 40.3 | E1R |
| astral | 16 | 32 | 124 [121-126] | 188 [182-193] | 159 [158-162] | 180 [177-182] | 266 [262-269] | 129 [125-133] | 198 [193-199] | 42.9 | E0 |
| astral | 64 | 128 | 198 [196-204] | 273 [265-279] | 238 [235-246] | 262 [257-264] | 520 [514-522] | 212 [208-217] | 281 [278-289] | 41.3 | E0 |
| astral | 256 | 512 | 508 [501-553] | 589 [573-635] | 539 [535-562] | 574 [567-581] | 816 [800-827] | 529 [519-568] | 597 [588-620] | 50.2 | E0 |
| astral | 1024 | 2048 | 1682 [1658-1726] | 1798 [1778-1829] | 1687 [1679-1747] | 1820 [1765-1871] | 2196 [2140-2421] | 1722 [1714-1791] | 1811 [1776-1835] | 41.8 | E0 |
| astral | 16384 | 32768 | 23498 [23179-23572] | 25865 [25751-26210] | 22772 [22154-22999] | 25952 [25605-26492] | 29957 [29779-30235] | 25800 [25581-26457] | 26020 [25572-26336] | 39.6 | E2 |
