# campaign suite rpc: raw samples, one JSON object per line; nothing summarised here
# runtime:        .NET 8.0.31
# incumbent:      Google.Protobuf 3.32.0; Grpc.Net.Client 2.71.0
# server:         the Rust slice's tonic rpc_server, the campaign's one server for every slice (FIX-PLAN WP10, CAMPAIGN req 13 as amended; poc/rust/SERVER.md): service armonik.ffi.campaign.v1.Grid, P2.2 pre-serialised with prost, requests decoded with prost, receive limit 8 MiB; shipped socket = tonic's server defaults, pinned socket = 4 MiB stream and connection windows, adaptive off; its configuration and worker count are in its own log (rpc-server.log)
# JIT:            TieredCompilation default(on), TieredPGO default(on), ReadyToRun default(on) (net8.0 defaults unless set)
# GC:             server=False, concurrent=default(on), latency=Interactive
# managed codec:  plan utf8=reject unknown=drop limit=100
# process CPUs:   affinity mask 0x3 (2 logical CPUs visible)
# build full; launch 1; unit Cf-retain (one process per cell, WP9); transport armonik (the client's configuration: Grpc.Net ArmoniK's channel (packages/csharp GrpcChannelFactory.CreateChannel, package defaults; see '# armonik'); server: its TCP listener, the pinned server configuration (4 MiB windows, adaptive off, TCP_NODELAY on accept); core: ak_client_opts stream 0 connection 0 adaptive 0 nagle 0); endpoint tcp:127.0.0.1:35663; in flight 1/8 (c and d at 1 and 8 only)
# engine:         BenchmarkDotNet 0.15.8.0 (CAMPAIGN req 22a as amended 2026-09-27, WP9), toolchain BDN's default, ONE CHILD PROCESS PER CASE (the campaign's native isolation, req 22a as amended e6c909630), pinned by the runner, StopOnFirstError; one invocation = one batch of k calls in flight (OperationsPerInvoke = k; `iters` = calls, `invocations` = batches); the benchmark classes RpcK1, RpcK8, RpcK16 hold the k = 1, 8, 16 cases
# job:            6 actual iterations (rounds) per case, 10 warm-up iterations (the same for every case) after BDN's jitting stage and pilot, iteration time 100 ms (the pilot picks the invocation count, unroll factor 1), strategy Throughput, EvaluateOverhead=false
# clocks:         per iteration, read by the job's clock (CpuClock) at the same iteration boundaries: wall (Stopwatch); cpu_ns = perf task-clock of the WHOLE client process (req 21 as amended 2026-10-01: a counter per thread this process opens itself with perf_event_open, PERF_COUNT_SW_TASK_CLOCK, new threads picked up at the next read; softirq-inclusive while the process runs); proc_cpu_ns = CLOCK_PROCESS_CPUTIME_ID beside it (misses softirq time with IRQ_TIME_ACCOUNTING); per case, client_softirq_ticks / client_irq_ticks = /proc/stat on the CLIENT CPUs (0,1) across the actual stage, USER_HZ ticks; the server is another process
# network:        TCP 127.0.0.1:35663 (D10; CAMPAIGN 4.0 as amended b58543f7b): transport armonik, the core grid's one configuration (see '# armonik'); Nagle off on every client socket (Grpc.Net: SocketsHttpHandler's default TCP_NODELAY, nothing set by ArmoniK or by this harness; the core: ak_client_opts.tcp_nagle = 0), READ BACK on the live sockets before timing (one without it fails the case) and after each case; the server's TCP listener sets TCP_NODELAY on every accepted socket (SERVER.md; not readable from this process)
# grid:           core (CAMPAIGN section 4.0, D18; AK_CAMPAIGN_GRID=core): cells A, Bf, Cf-retain, Ef-retain, full build, the host's idiomatic delivery; a+read and b (P2.2), c at P5.4, d at 16 MiB, k = 1 and 8; the framed cells' a+read is the reference cell's (B, C-retain, E-retain: a has an empty request, so the send path is the same), run in the framed cell's process under its own name; this process narrowed to directions b. Extras left out (AK_CAMPAIGN_GRID=full runs them): cells B, C, D, E, F as cells of their own, Cc, the drop mode, the callback and queue deliveries, direction a, k = 16, P5.3, d at 4 MiB, the RPC grid in the no-unknown build, the second transport configuration, h2-batch beyond Cf on c and d, the pinned allocator pass beyond A and Cf on c and d at k = 1
# allocator:      default (readback at process start: a 16 MiB malloc came from the mmapped (mallinfo2; the block kept, never freed); no heap pre-grow (owner, 2026-10-03): BDN's warm-up runs the real call path on every thread, and minflt per row shows whether it sufficed; under the default toolchain each child probes once, on its case's first row as alloc_probe; GLIBC_TUNABLES=unset; CAMPAIGN req 25 as amended 2026-10-03, D9: the main figures run glibc's default allocator as production does; the pinned pass (glibc.malloc.trim_threshold=268435456:glibc.malloc.mmap_threshold=33554432) is a labelled diagnostic; the core's buffers and transport allocate through glibc malloc in this process; every row carries `alloc` and `minflt`, the client process's minor page faults over the iteration, so faults per call = minflt / iters)
# h2:             the loaded core's h2 = stock (D11 as amended: read from the core library; the runner's AK_H2 = stock); every row carries it
# pools:          D8 / D14: AK_WORKERS = 8; the core runtime 8 worker thread(s) (ak_runtime_new, shared by every core channel of the process); the .NET thread pool's worker minimum and maximum set to 8 (ThreadPool.SetMin/MaxThreads); the caller pool is the in-flight level (k dedicated caller threads for the blocking cells, not a worker pool); grpc-core is not used by this slice (Grpc.Net is managed)
# order:          this launch's unit order: Ef-retain, A, Cf-retain, Bf (seed 7907); the cases of this process in a seeded shuffle (seed 123560); ratios, where the aggregation forms them, from per-launch medians (req 30)
# cells:          A incumbent over Grpc.Net; B incumbent over the core's transport (Bf its framed send path); C core-ffi over the core's transport on the MOVE path (ak_call_unary_enc / ak_call_send_enc; Cf framed, Cc the copy path, a labelled extra); D core-ffi over Grpc.Net (a copy into the call's buffer: Grpc.Net's serializer cannot take a core buffer); E host-gen over the core's transport (Ef framed); F host-gen over Grpc.Net; B/C .callback/.queue the core's other deliveries (labelled extras); -retain/-drop/-nounk the unknown-field mode (req 10, 12)
# directions:     a empty request, P2.2 response decoded; a+read the same then every field read; b P2.2 request decoded by the server; c unary upload of P5.3 / P5.4 (M5, 1 MB / 4 MB); d the streamed upload, M5 messages of 2 MiB (ids on the first), 4 MiB / 16 MiB (req 14); every call checked: status, response length or the server's byte count (req 18); the upload cells' count and SHA-256 checked once in setup before timing
# warm-up/thread: CAMPAIGN req 24 as amended 8c02e7c58 (>= 20 calls per calling thread at the cell's payload before the first measured value, same process, same threads): B, C, E (and Bf, Cf, Cc, Ef) call from k dedicated caller threads, created in this process before BDN's first stage and kept to its end (under the default toolchain one case per child process, so the warm-up and the measurement share the process and its threads); one invocation = k calls, one on each caller thread; BDN runs at least 4 invocations per iteration (its minimum invoke count), so the 10 warm-up iteration(s) give every caller thread >= 40 calls at the case's payload, after 1 jitting invocation and >= 4 pilot invocations (checked: d/16 MiB at k = 8, BDN child mode, iteration 100 ms: 1 + 4 + 40 = 45 per thread). A, D, F and the callback/queue extras start k async loops (one call each per invocation) on the .NET thread pool (worker min = max = AK_WORKERS): >= 40 calls per loop, but which pool thread runs a call is not controlled, so the per-thread count is not guaranteed for them
# delivery:       B, C, E the core's BLOCKING call on k caller threads (a CallerPool created before BDN starts); A, D, F Grpc.Net's idiomatic async call (AsyncUnaryCall / AsyncClientStreamingCall awaited), k concurrent async calls per invocation; the core's cells share one core runtime with 8 worker thread(s) (req 16)
# armonik:        cell A's channel = packages/csharp ArmoniK.Api.Client GrpcChannelFactory.CreateChannel(new GrpcClient { Endpoint = "http://127.0.0.1:35663" }), called directly (the assembly built from packages/csharp, unchanged), every other option at its package default: HandlerType Http = HttpClientHandler (SocketsHttpHandler underneath) wrapped in the package's logging DelegatingHandler (logger null), proxy type Undefined (UseProxy true: the system proxy for this endpoint is none (bypassed)); GrpcChannelOptions: Credentials Insecure, DisposeHttpClient true, ServiceConfig retry MaxAttempts 5, InitialBackoff 1 s, MaxBackoff 5 s, BackoffMultiplier 1.5 on Unavailable, Aborted, Unknown (so Grpc.Net buffers requests for retry), MaxReceiveMessageSize and MaxSendMessageSize at Grpc.Net's defaults (receive 4 MiB, send unlimited), EnableMultipleHttp2Connections false (the HttpClientHandler default); ServicePointManager.ReusePort = true and ServicePoint SetTcpKeepAlive(true, 30 s, 30 s), MaxIdleTime 5 min, read back on the live sockets per case (so_keepalive_after, so_reuseport_after on each case's first row: 0 = the ServicePoint settings did not reach SocketsHttpHandler's socket); process-wide switches observed: Http2FlowControl.DisableDynamicWindowSizing not set (the worker channel provider's, not set on the control plane's path), Http2UnencryptedSupport not set (the factory sets it only for https with AllowUnsafeConnection); Nagle: SocketsHttpHandler's own default sets TCP_NODELAY, read back before timing and after each case (tcp_nodelay_after), the HTTP/2 connections per cell after each case's run on its first row (tcp_sockets_after); the core cells: the core's client configuration of `shipped` (windows at the stack's defaults, adaptive off, tcp_nagle 0)
# limits:         the client's max send and receive 64 MiB on both transports (D44, enforced); the server's receive limit 8 MiB per message (SERVER.md)
# channels:       each benchmark process builds only the cell of its case, from the case key, with its own channel(s) (one per cell and direction group, opened in the case's setup and kept to the process's end); each row's cell is checked against the cell the process ran (refused on a mismatch)
# threads:        .NET thread pool min 8 worker / 8 IO, max 8 worker / 1000 IO, 0 pool thread(s) now; 2 logical CPUs visible; caller threads 8; core runtime 1, 8 worker thread(s)
# memory:         AK_BDN_MEMORY=1: BenchmarkDotNet's MemoryDiagnoser (an exploration switch, not a campaign setting): one extra workload iteration per case AFTER the actual stage, at the actual stage's invocation count, outside the job's clock (no exported sample is affected); on each case's first sample row mem_alloc_bytes_per_op (GC.GetTotalAllocatedBytes(precise), every thread, divided by its operations), mem_gen = [gen0, gen1, gen2] collections during it, mem_ops its operations, mem_alloc_bytes its total
# cpus:           this process: 2 CPU(s) in its affinity mask (sched_getaffinity), Environment.ProcessorCount 2; single-CPU guard (JOURNAL 73): a timed process (host or BDN child) with ONE CPU is refused unless AK_ALLOW_SINGLE_CPU=1 (here: unset); each case's first row carries cpus_affinity, cpus_runtime and single_cpu_override as its own process saw them
// Validating benchmarks:
// ***** BenchmarkRunner: Start   *****
// ***** Found 2 benchmark(s) in total *****
// ***** Building 1 exe(s) in Parallel: Start   *****
Unable to find .sln or .csproj file. Will use current directory /home/user/ArmoniK.Api/ffi/poc/csharp to search for project file. If you don't use .sln file on purpose it should not be a problem.
// start dotnet  restore --nodeReuse:false /p:UseSharedCompilation=false /p:Deterministic=true /p:Optimize=true /p:ArtifactsPath="/home/user/ArmoniK.Api/ffi/poc/csharp/src/Rpc/bin/Release/net8.0/akrpc-rpc-1/" /p:OutDir="/home/user/ArmoniK.Api/ffi/poc/csharp/src/Rpc/bin/Release/net8.0/akrpc-rpc-1/bin/Release/net8.0/" /p:OutputPath="/home/user/ArmoniK.Api/ffi/poc/csharp/src/Rpc/bin/Release/net8.0/akrpc-rpc-1/bin/Release/net8.0/" /p:PublishDir="/home/user/ArmoniK.Api/ffi/poc/csharp/src/Rpc/bin/Release/net8.0/akrpc-rpc-1/publish/" in /home/user/ArmoniK.Api/ffi/poc/csharp/src/Rpc/bin/Release/net8.0/akrpc-rpc-1
// command took 1.93 sec and exited with 0
// start dotnet  build -c Release --no-restore --nodeReuse:false /p:UseSharedCompilation=false /p:Deterministic=true /p:Optimize=true /p:ArtifactsPath="/home/user/ArmoniK.Api/ffi/poc/csharp/src/Rpc/bin/Release/net8.0/akrpc-rpc-1/" /p:OutDir="/home/user/ArmoniK.Api/ffi/poc/csharp/src/Rpc/bin/Release/net8.0/akrpc-rpc-1/bin/Release/net8.0/" /p:OutputPath="/home/user/ArmoniK.Api/ffi/poc/csharp/src/Rpc/bin/Release/net8.0/akrpc-rpc-1/bin/Release/net8.0/" /p:PublishDir="/home/user/ArmoniK.Api/ffi/poc/csharp/src/Rpc/bin/Release/net8.0/akrpc-rpc-1/publish/" --output "/home/user/ArmoniK.Api/ffi/poc/csharp/src/Rpc/bin/Release/net8.0/akrpc-rpc-1/bin/Release/net8.0/" in /home/user/ArmoniK.Api/ffi/poc/csharp/src/Rpc/bin/Release/net8.0/akrpc-rpc-1
// command took 16.66 sec and exited with 0
// ***** Done, took 00:00:18 (18.67 sec)   *****
// Found 1 benchmarks:
//   RpcK1.Run: rpc(EvaluateOverhead=False, Clock=Armonik.Ffi.Bdn.CpuClock, IterationCount=6, IterationTime=100ms, LaunchCount=1, RunStrategy=Throughput, UnrollFactor=1, WarmupCount=10) [Case=Cf-retain|b|P2.2|1]

// **************************
// Benchmark: RpcK1.Run: rpc(EvaluateOverhead=False, Clock=Armonik.Ffi.Bdn.CpuClock, IterationCount=6, IterationTime=100ms, LaunchCount=1, RunStrategy=Throughput, UnrollFactor=1, WarmupCount=10) [Case=Cf-retain|b|P2.2|1]
// *** Execute ***
// Launch: 1 / 1
// Execute: dotnet akrpc-rpc-1.dll --anonymousPipes 134 135 --benchmarkName "Armonik.Ffi.Campaign.RpcK1.Run(Case: \"Cf-retain|b|P2.2|1\")" --job rpc --benchmarkId 0 in /home/user/ArmoniK.Api/ffi/poc/csharp/src/Rpc/bin/Release/net8.0/akrpc-rpc-1/bin/Release/net8.0
// BeforeAnythingElse

// Benchmark Process Environment Information:
// BenchmarkDotNet v0.15.8
// Runtime=.NET 8.0.31 (8.0.31, 8.0.3126.42015), X64 RyuJIT x86-64-v4
// GC=Concurrent Workstation
// HardwareIntrinsics=AVX512 F+BW+CD+DQ+VL,AVX2+BMI1+BMI2+F16C+FMA+LZCNT+MOVBE,AVX,SSE3+SSSE3+SSE4.1+SSE4.2+POPCNT,X86Base+SSE+SSE2,AES+PCLMUL VectorSize=256
// Job: rpc(EvaluateOverhead=False, Clock=Armonik.Ffi.Bdn.CpuClock, IterationCount=6, IterationTime=100ms, LaunchCount=1, RunStrategy=Throughput, UnrollFactor=1, WarmupCount=10)

OverheadJitting  1: 1 op, 206383.00 ns, 206.3830 us/op
WorkloadJitting  1: 1 op, 6769473.00 ns, 6.7695 ms/op

WorkloadPilot    1: 4 op, 33043574.00 ns, 8.2609 ms/op
WorkloadPilot    2: 12 op, 53710927.00 ns, 4.4759 ms/op
WorkloadPilot    3: 22 op, 87754951.00 ns, 3.9889 ms/op
WorkloadPilot    4: 25 op, 100537090.00 ns, 4.0215 ms/op

WorkloadWarmup   1: 25 op, 86336890.00 ns, 3.4535 ms/op
WorkloadWarmup   2: 25 op, 93522055.00 ns, 3.7409 ms/op
WorkloadWarmup   3: 25 op, 105362472.00 ns, 4.2145 ms/op
WorkloadWarmup   4: 25 op, 115139156.00 ns, 4.6056 ms/op
WorkloadWarmup   5: 25 op, 81981950.00 ns, 3.2793 ms/op
WorkloadWarmup   6: 25 op, 85652392.00 ns, 3.4261 ms/op
WorkloadWarmup   7: 25 op, 84381652.00 ns, 3.3753 ms/op
WorkloadWarmup   8: 25 op, 87168243.00 ns, 3.4867 ms/op
WorkloadWarmup   9: 25 op, 87729591.00 ns, 3.5092 ms/op
WorkloadWarmup  10: 25 op, 83245198.00 ns, 3.3298 ms/op

// BeforeActualRun
WorkloadActual   1: 25 op, 83734287.00 ns, 3.3494 ms/op
WorkloadActual   2: 25 op, 90869600.00 ns, 3.6348 ms/op
WorkloadActual   3: 25 op, 85541590.00 ns, 3.4217 ms/op
WorkloadActual   4: 25 op, 82132876.00 ns, 3.2853 ms/op
WorkloadActual   5: 25 op, 86670151.00 ns, 3.4668 ms/op
WorkloadActual   6: 25 op, 87010787.00 ns, 3.4804 ms/op

// AfterActualRun
WorkloadResult   1: 25 op, 83734287.00 ns, 3.3494 ms/op
WorkloadResult   2: 25 op, 90869600.00 ns, 3.6348 ms/op
WorkloadResult   3: 25 op, 85541590.00 ns, 3.4217 ms/op
WorkloadResult   4: 25 op, 82132876.00 ns, 3.2853 ms/op
WorkloadResult   5: 25 op, 86670151.00 ns, 3.4668 ms/op
WorkloadResult   6: 25 op, 87010787.00 ns, 3.4804 ms/op
// GC:  0 0 0 1800 25
// Threading:  0 0 25

// AfterAll
// Benchmark Process 22336 has exited with code 0.

Mean = 3.440 ms, StdErr = 0.049 ms (1.43%), N = 6, StdDev = 0.121 ms
Min = 3.285 ms, Q1 = 3.367 ms, Median = 3.444 ms, Q3 = 3.477 ms, Max = 3.635 ms
IQR = 0.110 ms, LowerFence = 3.203 ms, UpperFence = 3.641 ms
ConfidenceInterval = [3.101 ms; 3.778 ms] (CI 99.9%), Margin = 0.338 ms (9.84% of Mean)
Skewness = 0.29, Kurtosis = 1.64, MValue = 2

// ** Remained 1 (50.0 %) benchmark(s) to run. Estimated finish 2026-10-05 3:55 (0h 0m from now) **
Run time: 00:00:03 (3.17 sec), executed benchmarks: 1

// Found 1 benchmarks:
//   RpcK8.Run: rpc(EvaluateOverhead=False, Clock=Armonik.Ffi.Bdn.CpuClock, IterationCount=6, IterationTime=100ms, LaunchCount=1, RunStrategy=Throughput, UnrollFactor=1, WarmupCount=10) [Case=Cf-retain|b|P2.2|8]

// **************************
// Benchmark: RpcK8.Run: rpc(EvaluateOverhead=False, Clock=Armonik.Ffi.Bdn.CpuClock, IterationCount=6, IterationTime=100ms, LaunchCount=1, RunStrategy=Throughput, UnrollFactor=1, WarmupCount=10) [Case=Cf-retain|b|P2.2|8]
// *** Execute ***
// Launch: 1 / 1
// Execute: dotnet akrpc-rpc-1.dll --anonymousPipes 136 137 --benchmarkName "Armonik.Ffi.Campaign.RpcK8.Run(Case: \"Cf-retain|b|P2.2|8\")" --job rpc --benchmarkId 1 in /home/user/ArmoniK.Api/ffi/poc/csharp/src/Rpc/bin/Release/net8.0/akrpc-rpc-1/bin/Release/net8.0
// BeforeAnythingElse

// Benchmark Process Environment Information:
// BenchmarkDotNet v0.15.8
// Runtime=.NET 8.0.31 (8.0.31, 8.0.3126.42015), X64 RyuJIT x86-64-v4
// GC=Concurrent Workstation
// HardwareIntrinsics=AVX512 F+BW+CD+DQ+VL,AVX2+BMI1+BMI2+F16C+FMA+LZCNT+MOVBE,AVX,SSE3+SSSE3+SSE4.1+SSE4.2+POPCNT,X86Base+SSE+SSE2,AES+PCLMUL VectorSize=256
// Job: rpc(EvaluateOverhead=False, Clock=Armonik.Ffi.Bdn.CpuClock, IterationCount=6, IterationTime=100ms, LaunchCount=1, RunStrategy=Throughput, UnrollFactor=1, WarmupCount=10)

OverheadJitting  1: 8 op, 215348.00 ns, 26.9185 us/op
WorkloadJitting  1: 8 op, 40716604.00 ns, 5.0896 ms/op

WorkloadPilot    1: 32 op, 103231479.00 ns, 3.2260 ms/op

WorkloadWarmup   1: 32 op, 93575956.00 ns, 2.9242 ms/op
WorkloadWarmup   2: 32 op, 95445119.00 ns, 2.9827 ms/op
WorkloadWarmup   3: 32 op, 111527305.00 ns, 3.4852 ms/op
WorkloadWarmup   4: 32 op, 88476589.00 ns, 2.7649 ms/op
WorkloadWarmup   5: 32 op, 70857519.00 ns, 2.2143 ms/op
WorkloadWarmup   6: 32 op, 64201267.00 ns, 2.0063 ms/op
WorkloadWarmup   7: 32 op, 72475352.00 ns, 2.2649 ms/op
WorkloadWarmup   8: 32 op, 68101937.00 ns, 2.1282 ms/op
WorkloadWarmup   9: 32 op, 74042579.00 ns, 2.3138 ms/op
WorkloadWarmup  10: 32 op, 64389305.00 ns, 2.0122 ms/op

// BeforeActualRun
WorkloadActual   1: 32 op, 69664205.00 ns, 2.1770 ms/op
WorkloadActual   2: 32 op, 63147108.00 ns, 1.9733 ms/op
WorkloadActual   3: 32 op, 66205251.00 ns, 2.0689 ms/op
WorkloadActual   4: 32 op, 77786018.00 ns, 2.4308 ms/op
WorkloadActual   5: 32 op, 58458349.00 ns, 1.8268 ms/op
WorkloadActual   6: 32 op, 62550479.00 ns, 1.9547 ms/op

// AfterActualRun
WorkloadResult   1: 32 op, 69664205.00 ns, 2.1770 ms/op
WorkloadResult   2: 32 op, 63147108.00 ns, 1.9733 ms/op
WorkloadResult   3: 32 op, 66205251.00 ns, 2.0689 ms/op
WorkloadResult   4: 32 op, 77786018.00 ns, 2.4308 ms/op
WorkloadResult   5: 32 op, 58458349.00 ns, 1.8268 ms/op
WorkloadResult   6: 32 op, 62550479.00 ns, 1.9547 ms/op
// GC:  0 0 0 1632 32
// Threading:  0 3 32

// AfterAll
// Benchmark Process 22374 has exited with code 0.

Mean = 2.072 ms, StdErr = 0.086 ms (4.16%), N = 6, StdDev = 0.211 ms
Min = 1.827 ms, Q1 = 1.959 ms, Median = 2.021 ms, Q3 = 2.150 ms, Max = 2.431 ms
IQR = 0.191 ms, LowerFence = 1.673 ms, UpperFence = 2.436 ms
ConfidenceInterval = [1.479 ms; 2.665 ms] (CI 99.9%), Margin = 0.593 ms (28.61% of Mean)
Skewness = 0.53, Kurtosis = 1.72, MValue = 2

// ** Remained 0 (0.0 %) benchmark(s) to run. Estimated finish 2026-10-05 3:55 (0h 0m from now) **
Run time: 00:00:02 (2.65 sec), executed benchmarks: 1

// ***** BenchmarkRunner: Finish  *****

// * Export *
  home/user/ArmoniK.Api/ffi/logs/csharp/opt/s7/ab-rpc/e1r128-r1.jsonl

// * Detailed results *
RpcK1.Run: rpc(EvaluateOverhead=False, Clock=Armonik.Ffi.Bdn.CpuClock, IterationCount=6, IterationTime=100ms, LaunchCount=1, RunStrategy=Throughput, UnrollFactor=1, WarmupCount=10) [Case=Cf-retain|b|P2.2|1]
Runtime = .NET 8.0.31 (8.0.31, 8.0.3126.42015), X64 RyuJIT x86-64-v4; GC = Concurrent Workstation
Mean = 3.440 ms, StdErr = 0.049 ms (1.43%), N = 6, StdDev = 0.121 ms
Min = 3.285 ms, Q1 = 3.367 ms, Median = 3.444 ms, Q3 = 3.477 ms, Max = 3.635 ms
IQR = 0.110 ms, LowerFence = 3.203 ms, UpperFence = 3.641 ms
ConfidenceInterval = [3.101 ms; 3.778 ms] (CI 99.9%), Margin = 0.338 ms (9.84% of Mean)
Skewness = 0.29, Kurtosis = 1.64, MValue = 2
-------------------- Histogram --------------------
[3.198 ms ; 3.328 ms) | @
[3.328 ms ; 3.502 ms) | @@@@
[3.502 ms ; 3.722 ms) | @
---------------------------------------------------

RpcK8.Run: rpc(EvaluateOverhead=False, Clock=Armonik.Ffi.Bdn.CpuClock, IterationCount=6, IterationTime=100ms, LaunchCount=1, RunStrategy=Throughput, UnrollFactor=1, WarmupCount=10) [Case=Cf-retain|b|P2.2|8]
Runtime = .NET 8.0.31 (8.0.31, 8.0.3126.42015), X64 RyuJIT x86-64-v4; GC = Concurrent Workstation
Mean = 2.072 ms, StdErr = 0.086 ms (4.16%), N = 6, StdDev = 0.211 ms
Min = 1.827 ms, Q1 = 1.959 ms, Median = 2.021 ms, Q3 = 2.150 ms, Max = 2.431 ms
IQR = 0.191 ms, LowerFence = 1.673 ms, UpperFence = 2.436 ms
ConfidenceInterval = [1.479 ms; 2.665 ms] (CI 99.9%), Margin = 0.593 ms (28.61% of Mean)
Skewness = 0.53, Kurtosis = 1.72, MValue = 2
-------------------- Histogram --------------------
[1.674 ms ; 1.913 ms) | @
[1.913 ms ; 2.219 ms) | @@@@
[2.219 ms ; 2.583 ms) | @
---------------------------------------------------

// * Summary *

BenchmarkDotNet v0.15.8, Linux Ubuntu 24.04.4 LTS (Noble Numbat)
Intel Xeon Processor 2.80GHz, 1 CPU, 4 logical and 4 physical cores
.NET SDK 8.0.131
  [Host] : .NET 8.0.31 (8.0.31, 8.0.3126.42015), X64 RyuJIT x86-64-v4
  rpc    : .NET 8.0.31 (8.0.31, 8.0.3126.42015), X64 RyuJIT x86-64-v4

Job=rpc  EvaluateOverhead=False  Clock=Armonik.Ffi.Bdn.CpuClock  
IterationCount=6  IterationTime=100ms  LaunchCount=1  
RunStrategy=Throughput  UnrollFactor=1  WarmupCount=10  

| Type  | Method | Case               | Mean     | Error     | StdDev    | Allocated |
|------ |------- |------------------- |---------:|----------:|----------:|----------:|
| RpcK1 | Run    | Cf-retain|b|P2.2|1 | 3.440 ms | 0.3383 ms | 0.1206 ms |      72 B |
| RpcK8 | Run    | Cf-retain|b|P2.2|8 | 2.072 ms | 0.5927 ms | 0.2114 ms |      51 B |

// * Legends *
  Case      : Value of the 'Case' parameter
  Mean      : Arithmetic mean of all measurements
  Error     : Half of 99.9% confidence interval
  StdDev    : Standard deviation of all measurements
  Allocated : Allocated memory per single operation (managed only, inclusive, 1KB = 1024B)
  1 ms      : 1 Millisecond (0.001 sec)

// * Diagnostic Output - AkRpcProcessCpu *

// * Diagnostic Output - MemoryDiagnoser *


// ***** BenchmarkRunner: End *****
Global total time: 00:00:25 (25.4 sec), executed benchmarks: 2
// * Artifacts cleanup *
Artifacts cleanup is finished
