# python slice: R14, the baseline is the path ArmoniK runs
#
# date:      2026-09-20T11:23:00Z
# machine:   4 vCPU, Intel(R) Xeon(R) Processor @ 2.80GHz
# commit:    f24b900
# core:      ffi/poc/codec (README R0), ABI v1, libak_core.so via the dynamic linker
# R13:       this machine's rust-slice crossing is 2.1 ns (fwd+reverse) to 2.8 ns
#            (forward) -- 00-r13-rust-crossing.log. The composed arm also prices
#            the boundary IN ITS OWN PROCESS at the end of the bench table, which
#            is the better number to quote against because it shares a build.
# absolutes: instrumentation, not the deliverable. Signs and size classes only.

# R14: what ArmoniK's generated gRPC stub actually calls
# protos:      /home/user/ArmoniK.Api/Protos/V1
# grpcio-tools (version unset)
# methods:    11
# serializer:   SerializeToString
# deserializer: FromString

R14 CONFIRMED: the production path is Message.SerializeToString and
Message.FromString, with no size pass and no buffer writer between the
caller and the codec. That is what arms.py measures as the incumbent, so
the baseline is production's and not the library's best entry point.
