# python slice: RE-GATE build, core 6ede244 (R-D1 fixed), R5 over all three shims
# date: 2026-09-24T09:10:03Z; slice code ca03d6d + this session's poc/python edits (committed with this log); core 6ede244 (git archive via AK_UPSTREAM, R-D1 fix); corpus ca03d6d; python 3.12.3
# command: AK_UPSTREAM=$SNAP2/ffi ./build.sh python3.12

   core source: $SCRATCH/snap2/ffi/poc/codec
   core commit: 6ede244
   core tree:   8a5fbb83152a14fe
   targets:     /home/user/ArmoniK.Api/ffi/poc/python/build/cargo/{plain,count,rpc}
== 1. R0: one core, at poc/codec, reached by path ==
  [ok]   codec/gen/generate.py --check: 3 files ok

one_core: 0 failure(s)

== 2. R1: the generated tree is current with shapes.json ==
generated tree is current with shapes.json (6 files)

== 3. the shared core ==
   cargo (plain): 18 warnings, in /home/user/ArmoniK.Api/ffi/poc/python/build/cargo/plain.stderr
-rwxr-xr-x 2 root root 808520 Sep 24 09:05 /home/user/ArmoniK.Api/ffi/poc/python/build/cargo/plain/release/libak_core.so
   exported ak_* entry points: 86
   cargo (count --features count): 18 warnings, in /home/user/ArmoniK.Api/ffi/poc/python/build/cargo/count.stderr
   cargo (rpc --features rpc): 18 warnings, in /home/user/ArmoniK.Api/ffi/poc/python/build/cargo/rpc.stderr
   the rpc core: 14 section 9 entry points

== python 3.12 ==
   built build/py3.12/_akffi.cpython-312-x86_64-linux-gnu.so and the counting build beside it
   _akffi.cpython-312-x86_64-linux-gnu.so: 37 undefined ak_* imports, libak_core.so NEEDED
   _akffi_count.cpython-312-x86_64-linux-gnu.so: 39 undefined ak_* imports, libak_core.so NEEDED
   _akffi_rpc.cpython-312-x86_64-linux-gnu.so: 51 undefined ak_* imports, libak_core.so NEEDED
   _akffi_rpc.cpython-312-x86_64-linux-gnu.so: all 6 section 9 imports, libak_core.so resolves to the rpc build
   must-fail control: a shim built WITHOUT -DAK_RPC imports 0 of 6 and is refused

the composed arm is built. conformance.py gates it before anything is timed.
