# campaign suite rpc: raw samples, one JSON object per line; nothing summarised here
# runtime:        .NET 8.0.31
# incumbent:      Google.Protobuf 3.32.0; Grpc.Net.Client 2.71.0
# server:         the Rust slice's tonic rpc_server, the campaign's one server for every slice (FIX-PLAN WP10, CAMPAIGN req 13 as amended; poc/rust/SERVER.md): service armonik.ffi.campaign.v1.Grid, P2.2 pre-serialised with prost, requests decoded with prost, receive limit 8 MiB; shipped socket = tonic's server defaults, pinned socket = 4 MiB stream and connection windows, adaptive off; its configuration and worker count are in its own log (rpc-server.log)
# JIT:            TieredCompilation default(on), TieredPGO default(on), ReadyToRun default(on) (net8.0 defaults unless set)
# GC:             server=False, concurrent=default(on), latency=Interactive
# managed codec:  plan utf8=reject unknown=drop limit=100
# process CPUs:   affinity mask 0x3 (2 logical CPUs visible)
# build full; launch 2; unit Cf-retain (one process per cell, WP9); transport armonik (the client's configuration: Grpc.Net ArmoniK's channel (packages/csharp GrpcChannelFactory.CreateChannel, package defaults; see '# armonik'); server: its TCP listener, the pinned server configuration (4 MiB windows, adaptive off, TCP_NODELAY on accept); core: ak_client_opts stream 0 connection 0 adaptive 0 nagle 0); endpoint tcp:127.0.0.1:38695; in flight 1/8 (c and d at 1 and 8 only)
# engine:         BenchmarkDotNet 0.15.8.0 (CAMPAIGN req 22a as amended 2026-09-27, WP9), toolchain BDN's default, ONE CHILD PROCESS PER CASE (the campaign's native isolation, req 22a as amended e6c909630), pinned by the runner, StopOnFirstError; one invocation = one batch of k calls in flight (OperationsPerInvoke = k; `iters` = calls, `invocations` = batches); the benchmark classes RpcK1, RpcK8, RpcK16 hold the k = 1, 8, 16 cases
# job:            6 actual iterations (rounds) per case, 10 warm-up iterations (the same for every case) after BDN's jitting stage and pilot, iteration time 100 ms (the pilot picks the invocation count, unroll factor 1), strategy Throughput, EvaluateOverhead=false
# clocks:         per iteration, read by the job's clock (CpuClock) at the same iteration boundaries: wall (Stopwatch); cpu_ns = perf task-clock of the WHOLE client process (req 21 as amended 2026-10-01: a counter per thread this process opens itself with perf_event_open, PERF_COUNT_SW_TASK_CLOCK, new threads picked up at the next read; softirq-inclusive while the process runs); proc_cpu_ns = CLOCK_PROCESS_CPUTIME_ID beside it (misses softirq time with IRQ_TIME_ACCOUNTING); per case, client_softirq_ticks / client_irq_ticks = /proc/stat on the CLIENT CPUs (0,1) across the actual stage, USER_HZ ticks; the server is another process
# network:        TCP 127.0.0.1:38695 (D10; CAMPAIGN 4.0 as amended b58543f7b): transport armonik, the core grid's one configuration (see '# armonik'); Nagle off on every client socket (Grpc.Net: SocketsHttpHandler's default TCP_NODELAY, nothing set by ArmoniK or by this harness; the core: ak_client_opts.tcp_nagle = 0), READ BACK on the live sockets before timing (one without it fails the case) and after each case; the server's TCP listener sets TCP_NODELAY on every accepted socket (SERVER.md; not readable from this process)
# grid:           core (CAMPAIGN section 4.0, D18; AK_CAMPAIGN_GRID=core): cells A, Bf, Cf-retain, Ef-retain, full build, the host's idiomatic delivery; a+read and b (P2.2), c at P5.4, d at 16 MiB, k = 1 and 8; the framed cells' a+read is the reference cell's (B, C-retain, E-retain: a has an empty request, so the send path is the same), run in the framed cell's process under its own name; this process narrowed to directions b. Extras left out (AK_CAMPAIGN_GRID=full runs them): cells B, C, D, E, F as cells of their own, Cc, the drop mode, the callback and queue deliveries, direction a, k = 16, P5.3, d at 4 MiB, the RPC grid in the no-unknown build, the second transport configuration, h2-batch beyond Cf on c and d, the pinned allocator pass beyond A and Cf on c and d at k = 1
# allocator:      default (readback at process start: a 16 MiB malloc came from the mmapped (mallinfo2; the block kept, never freed); no heap pre-grow (owner, 2026-10-03): BDN's warm-up runs the real call path on every thread, and minflt per row shows whether it sufficed; under the default toolchain each child probes once, on its case's first row as alloc_probe; GLIBC_TUNABLES=unset; CAMPAIGN req 25 as amended 2026-10-03, D9: the main figures run glibc's default allocator as production does; the pinned pass (glibc.malloc.trim_threshold=268435456:glibc.malloc.mmap_threshold=33554432) is a labelled diagnostic; the core's buffers and transport allocate through glibc malloc in this process; every row carries `alloc` and `minflt`, the client process's minor page faults over the iteration, so faults per call = minflt / iters)
# h2:             the loaded core's h2 = stock (D11 as amended: read from the core library; the runner's AK_H2 = stock); every row carries it
# pools:          D8 / D14: AK_WORKERS = 8; the core runtime 8 worker thread(s) (ak_runtime_new, shared by every core channel of the process); the .NET thread pool's worker minimum and maximum set to 8 (ThreadPool.SetMin/MaxThreads); the caller pool is the in-flight level (k dedicated caller threads for the blocking cells, not a worker pool); grpc-core is not used by this slice (Grpc.Net is managed)
# order:          this launch's unit order: A, Cf-retain, Bf, Ef-retain (seed 15814); the cases of this process in a seeded shuffle (seed 228289); ratios, where the aggregation forms them, from per-launch medians (req 30)
# cells:          A incumbent over Grpc.Net; B incumbent over the core's transport (Bf its framed send path); C core-ffi over the core's transport on the MOVE path (ak_call_unary_enc / ak_call_send_enc; Cf framed, Cc the copy path, a labelled extra); D core-ffi over Grpc.Net (a copy into the call's buffer: Grpc.Net's serializer cannot take a core buffer); E host-gen over the core's transport (Ef framed); F host-gen over Grpc.Net; B/C .callback/.queue the core's other deliveries (labelled extras); -retain/-drop/-nounk the unknown-field mode (req 10, 12)
# directions:     a empty request, P2.2 response decoded; a+read the same then every field read; b P2.2 request decoded by the server; c unary upload of P5.3 / P5.4 (M5, 1 MB / 4 MB); d the streamed upload, M5 messages of 2 MiB (ids on the first), 4 MiB / 16 MiB (req 14); every call checked: status, response length or the server's byte count (req 18); the upload cells' count and SHA-256 checked once in setup before timing
# warm-up/thread: CAMPAIGN req 24 as amended 8c02e7c58 (>= 20 calls per calling thread at the cell's payload before the first measured value, same process, same threads): B, C, E (and Bf, Cf, Cc, Ef) call from k dedicated caller threads, created in this process before BDN's first stage and kept to its end (under the default toolchain one case per child process, so the warm-up and the measurement share the process and its threads); one invocation = k calls, one on each caller thread; BDN runs at least 4 invocations per iteration (its minimum invoke count), so the 10 warm-up iteration(s) give every caller thread >= 40 calls at the case's payload, after 1 jitting invocation and >= 4 pilot invocations (checked: d/16 MiB at k = 8, BDN child mode, iteration 100 ms: 1 + 4 + 40 = 45 per thread). A, D, F and the callback/queue extras start k async loops (one call each per invocation) on the .NET thread pool (worker min = max = AK_WORKERS): >= 40 calls per loop, but which pool thread runs a call is not controlled, so the per-thread count is not guaranteed for them
# delivery:       B, C, E the core's BLOCKING call on k caller threads (a CallerPool created before BDN starts); A, D, F Grpc.Net's idiomatic async call (AsyncUnaryCall / AsyncClientStreamingCall awaited), k concurrent async calls per invocation; the core's cells share one core runtime with 8 worker thread(s) (req 16)
# armonik:        cell A's channel = packages/csharp ArmoniK.Api.Client GrpcChannelFactory.CreateChannel(new GrpcClient { Endpoint = "http://127.0.0.1:38695" }), called directly (the assembly built from packages/csharp, unchanged), every other option at its package default: HandlerType Http = HttpClientHandler (SocketsHttpHandler underneath) wrapped in the package's logging DelegatingHandler (logger null), proxy type Undefined (UseProxy true: the system proxy for this endpoint is none (bypassed)); GrpcChannelOptions: Credentials Insecure, DisposeHttpClient true, ServiceConfig retry MaxAttempts 5, InitialBackoff 1 s, MaxBackoff 5 s, BackoffMultiplier 1.5 on Unavailable, Aborted, Unknown (so Grpc.Net buffers requests for retry), MaxReceiveMessageSize and MaxSendMessageSize at Grpc.Net's defaults (receive 4 MiB, send unlimited), EnableMultipleHttp2Connections false (the HttpClientHandler default); ServicePointManager.ReusePort = true and ServicePoint SetTcpKeepAlive(true, 30 s, 30 s), MaxIdleTime 5 min, read back on the live sockets per case (so_keepalive_after, so_reuseport_after on each case's first row: 0 = the ServicePoint settings did not reach SocketsHttpHandler's socket); process-wide switches observed: Http2FlowControl.DisableDynamicWindowSizing not set (the worker channel provider's, not set on the control plane's path), Http2UnencryptedSupport not set (the factory sets it only for https with AllowUnsafeConnection); Nagle: SocketsHttpHandler's own default sets TCP_NODELAY, read back before timing and after each case (tcp_nodelay_after), the HTTP/2 connections per cell after each case's run on its first row (tcp_sockets_after); the core cells: the core's client configuration of `shipped` (windows at the stack's defaults, adaptive off, tcp_nagle 0)
# limits:         the client's max send and receive 64 MiB on both transports (D44, enforced); the server's receive limit 8 MiB per message (SERVER.md)
# channels:       each benchmark process builds only the cell of its case, from the case key, with its own channel(s) (one per cell and direction group, opened in the case's setup and kept to the process's end); each row's cell is checked against the cell the process ran (refused on a mismatch)
# threads:        .NET thread pool min 8 worker / 8 IO, max 8 worker / 1000 IO, 0 pool thread(s) now; 2 logical CPUs visible; caller threads 8; core runtime 1, 8 worker thread(s)
# memory:         AK_BDN_MEMORY=1: BenchmarkDotNet's MemoryDiagnoser (an exploration switch, not a campaign setting): one extra workload iteration per case AFTER the actual stage, at the actual stage's invocation count, outside the job's clock (no exported sample is affected); on each case's first sample row mem_alloc_bytes_per_op (GC.GetTotalAllocatedBytes(precise), every thread, divided by its operations), mem_gen = [gen0, gen1, gen2] collections during it, mem_ops its operations, mem_alloc_bytes its total
# cpus:           this process: 2 CPU(s) in its affinity mask (sched_getaffinity), Environment.ProcessorCount 2; single-CPU guard (JOURNAL 73): a timed process (host or BDN child) with ONE CPU is refused unless AK_ALLOW_SINGLE_CPU=1 (here: unset); each case's first row carries cpus_affinity, cpus_runtime and single_cpu_override as its own process saw them
// Validating benchmarks:
// ***** BenchmarkRunner: Start   *****
// ***** Found 2 benchmark(s) in total *****
// ***** Building 1 exe(s) in Parallel: Start   *****
Unable to find .sln or .csproj file. Will use current directory /home/user/ArmoniK.Api/ffi/poc/csharp to search for project file. If you don't use .sln file on purpose it should not be a problem.
// start dotnet  restore --nodeReuse:false /p:UseSharedCompilation=false /p:Deterministic=true /p:Optimize=true /p:ArtifactsPath="/home/user/ArmoniK.Api/ffi/poc/csharp/src/Rpc/bin/Release/net8.0/akrpc-rpc-1/" /p:OutDir="/home/user/ArmoniK.Api/ffi/poc/csharp/src/Rpc/bin/Release/net8.0/akrpc-rpc-1/bin/Release/net8.0/" /p:OutputPath="/home/user/ArmoniK.Api/ffi/poc/csharp/src/Rpc/bin/Release/net8.0/akrpc-rpc-1/bin/Release/net8.0/" /p:PublishDir="/home/user/ArmoniK.Api/ffi/poc/csharp/src/Rpc/bin/Release/net8.0/akrpc-rpc-1/publish/" in /home/user/ArmoniK.Api/ffi/poc/csharp/src/Rpc/bin/Release/net8.0/akrpc-rpc-1
// command took 2.72 sec and exited with 0
// start dotnet  build -c Release --no-restore --nodeReuse:false /p:UseSharedCompilation=false /p:Deterministic=true /p:Optimize=true /p:ArtifactsPath="/home/user/ArmoniK.Api/ffi/poc/csharp/src/Rpc/bin/Release/net8.0/akrpc-rpc-1/" /p:OutDir="/home/user/ArmoniK.Api/ffi/poc/csharp/src/Rpc/bin/Release/net8.0/akrpc-rpc-1/bin/Release/net8.0/" /p:OutputPath="/home/user/ArmoniK.Api/ffi/poc/csharp/src/Rpc/bin/Release/net8.0/akrpc-rpc-1/bin/Release/net8.0/" /p:PublishDir="/home/user/ArmoniK.Api/ffi/poc/csharp/src/Rpc/bin/Release/net8.0/akrpc-rpc-1/publish/" --output "/home/user/ArmoniK.Api/ffi/poc/csharp/src/Rpc/bin/Release/net8.0/akrpc-rpc-1/bin/Release/net8.0/" in /home/user/ArmoniK.Api/ffi/poc/csharp/src/Rpc/bin/Release/net8.0/akrpc-rpc-1
// command took 23.13 sec and exited with 0
// ***** Done, took 00:00:25 (25.95 sec)   *****
// Found 1 benchmarks:
//   RpcK1.Run: rpc(EvaluateOverhead=False, Clock=Armonik.Ffi.Bdn.CpuClock, IterationCount=6, IterationTime=100ms, LaunchCount=1, RunStrategy=Throughput, UnrollFactor=1, WarmupCount=10) [Case=Cf-retain|b|P2.2|1]

// **************************
// Benchmark: RpcK1.Run: rpc(EvaluateOverhead=False, Clock=Armonik.Ffi.Bdn.CpuClock, IterationCount=6, IterationTime=100ms, LaunchCount=1, RunStrategy=Throughput, UnrollFactor=1, WarmupCount=10) [Case=Cf-retain|b|P2.2|1]
// *** Execute ***
// Launch: 1 / 1
// Execute: dotnet akrpc-rpc-1.dll --anonymousPipes 134 135 --benchmarkName "Armonik.Ffi.Campaign.RpcK1.Run(Case: \"Cf-retain|b|P2.2|1\")" --job rpc --benchmarkId 0 in /home/user/ArmoniK.Api/ffi/poc/csharp/src/Rpc/bin/Release/net8.0/akrpc-rpc-1/bin/Release/net8.0
// BeforeAnythingElse

// Benchmark Process Environment Information:
// BenchmarkDotNet v0.15.8
// Runtime=.NET 8.0.31 (8.0.31, 8.0.3126.42015), X64 RyuJIT x86-64-v4
// GC=Concurrent Workstation
// HardwareIntrinsics=AVX512 F+BW+CD+DQ+VL,AVX2+BMI1+BMI2+F16C+FMA+LZCNT+MOVBE,AVX,SSE3+SSSE3+SSE4.1+SSE4.2+POPCNT,X86Base+SSE+SSE2,AES+PCLMUL VectorSize=256
// Job: rpc(EvaluateOverhead=False, Clock=Armonik.Ffi.Bdn.CpuClock, IterationCount=6, IterationTime=100ms, LaunchCount=1, RunStrategy=Throughput, UnrollFactor=1, WarmupCount=10)

OverheadJitting  1: 1 op, 185532.00 ns, 185.5320 us/op
WorkloadJitting  1: 1 op, 11447298.00 ns, 11.4473 ms/op

WorkloadPilot    1: 4 op, 40838123.00 ns, 10.2095 ms/op
WorkloadPilot    2: 10 op, 88163169.00 ns, 8.8163 ms/op

WorkloadWarmup   1: 10 op, 93649049.00 ns, 9.3649 ms/op
WorkloadWarmup   2: 10 op, 59595778.00 ns, 5.9596 ms/op
WorkloadWarmup   3: 10 op, 73522035.00 ns, 7.3522 ms/op
WorkloadWarmup   4: 10 op, 64734757.00 ns, 6.4735 ms/op
WorkloadWarmup   5: 10 op, 71372970.00 ns, 7.1373 ms/op
WorkloadWarmup   6: 10 op, 86522053.00 ns, 8.6522 ms/op
WorkloadWarmup   7: 10 op, 76772048.00 ns, 7.6772 ms/op
WorkloadWarmup   8: 10 op, 62605864.00 ns, 6.2606 ms/op
WorkloadWarmup   9: 10 op, 52204845.00 ns, 5.2205 ms/op
WorkloadWarmup  10: 10 op, 74791323.00 ns, 7.4791 ms/op

// BeforeActualRun
WorkloadActual   1: 10 op, 67947010.00 ns, 6.7947 ms/op
WorkloadActual   2: 10 op, 60884939.00 ns, 6.0885 ms/op
WorkloadActual   3: 10 op, 62951155.00 ns, 6.2951 ms/op
WorkloadActual   4: 10 op, 70130865.00 ns, 7.0131 ms/op
WorkloadActual   5: 10 op, 62142924.00 ns, 6.2143 ms/op
WorkloadActual   6: 10 op, 61247709.00 ns, 6.1248 ms/op

// AfterActualRun
WorkloadResult   1: 10 op, 67947010.00 ns, 6.7947 ms/op
WorkloadResult   2: 10 op, 60884939.00 ns, 6.0885 ms/op
WorkloadResult   3: 10 op, 62951155.00 ns, 6.2951 ms/op
WorkloadResult   4: 10 op, 70130865.00 ns, 7.0131 ms/op
WorkloadResult   5: 10 op, 62142924.00 ns, 6.2143 ms/op
WorkloadResult   6: 10 op, 61247709.00 ns, 6.1248 ms/op
// GC:  0 0 0 720 10
// Threading:  0 0 10

// AfterAll
// Benchmark Process 31307 has exited with code 0.

Mean = 6.422 ms, StdErr = 0.158 ms (2.46%), N = 6, StdDev = 0.387 ms
Min = 6.088 ms, Q1 = 6.147 ms, Median = 6.255 ms, Q3 = 6.670 ms, Max = 7.013 ms
IQR = 0.523 ms, LowerFence = 5.363 ms, UpperFence = 7.454 ms
ConfidenceInterval = [5.338 ms; 7.506 ms] (CI 99.9%), Margin = 1.084 ms (16.88% of Mean)
Skewness = 0.53, Kurtosis = 1.22, MValue = 2

// ** Remained 1 (50.0 %) benchmark(s) to run. Estimated finish 2026-10-04 17:46 (0h 0m from now) **
Run time: 00:00:03 (3.11 sec), executed benchmarks: 1

// Found 1 benchmarks:
//   RpcK8.Run: rpc(EvaluateOverhead=False, Clock=Armonik.Ffi.Bdn.CpuClock, IterationCount=6, IterationTime=100ms, LaunchCount=1, RunStrategy=Throughput, UnrollFactor=1, WarmupCount=10) [Case=Cf-retain|b|P2.2|8]

// **************************
// Benchmark: RpcK8.Run: rpc(EvaluateOverhead=False, Clock=Armonik.Ffi.Bdn.CpuClock, IterationCount=6, IterationTime=100ms, LaunchCount=1, RunStrategy=Throughput, UnrollFactor=1, WarmupCount=10) [Case=Cf-retain|b|P2.2|8]
// *** Execute ***
// Launch: 1 / 1
// Execute: dotnet akrpc-rpc-1.dll --anonymousPipes 136 137 --benchmarkName "Armonik.Ffi.Campaign.RpcK8.Run(Case: \"Cf-retain|b|P2.2|8\")" --job rpc --benchmarkId 1 in /home/user/ArmoniK.Api/ffi/poc/csharp/src/Rpc/bin/Release/net8.0/akrpc-rpc-1/bin/Release/net8.0
// BeforeAnythingElse

// Benchmark Process Environment Information:
// BenchmarkDotNet v0.15.8
// Runtime=.NET 8.0.31 (8.0.31, 8.0.3126.42015), X64 RyuJIT x86-64-v4
// GC=Concurrent Workstation
// HardwareIntrinsics=AVX512 F+BW+CD+DQ+VL,AVX2+BMI1+BMI2+F16C+FMA+LZCNT+MOVBE,AVX,SSE3+SSSE3+SSE4.1+SSE4.2+POPCNT,X86Base+SSE+SSE2,AES+PCLMUL VectorSize=256
// Job: rpc(EvaluateOverhead=False, Clock=Armonik.Ffi.Bdn.CpuClock, IterationCount=6, IterationTime=100ms, LaunchCount=1, RunStrategy=Throughput, UnrollFactor=1, WarmupCount=10)

OverheadJitting  1: 8 op, 212101.00 ns, 26.5126 us/op
WorkloadJitting  1: 8 op, 57727373.00 ns, 7.2159 ms/op

WorkloadPilot    1: 32 op, 118684850.00 ns, 3.7089 ms/op

WorkloadWarmup   1: 32 op, 145868483.00 ns, 4.5584 ms/op
WorkloadWarmup   2: 32 op, 176853160.00 ns, 5.5267 ms/op
WorkloadWarmup   3: 32 op, 135216381.00 ns, 4.2255 ms/op
WorkloadWarmup   4: 32 op, 88099558.00 ns, 2.7531 ms/op
WorkloadWarmup   5: 32 op, 93785374.00 ns, 2.9308 ms/op
WorkloadWarmup   6: 32 op, 97159884.00 ns, 3.0362 ms/op
WorkloadWarmup   7: 32 op, 88670823.00 ns, 2.7710 ms/op
WorkloadWarmup   8: 32 op, 114782999.00 ns, 3.5870 ms/op
WorkloadWarmup   9: 32 op, 102743828.00 ns, 3.2107 ms/op
WorkloadWarmup  10: 32 op, 94581388.00 ns, 2.9557 ms/op

// BeforeActualRun
WorkloadActual   1: 32 op, 92255239.00 ns, 2.8830 ms/op
WorkloadActual   2: 32 op, 94620236.00 ns, 2.9569 ms/op
WorkloadActual   3: 32 op, 106913010.00 ns, 3.3410 ms/op
WorkloadActual   4: 32 op, 91508007.00 ns, 2.8596 ms/op
WorkloadActual   5: 32 op, 95008335.00 ns, 2.9690 ms/op
WorkloadActual   6: 32 op, 89215651.00 ns, 2.7880 ms/op

// AfterActualRun
WorkloadResult   1: 32 op, 92255239.00 ns, 2.8830 ms/op
WorkloadResult   2: 32 op, 94620236.00 ns, 2.9569 ms/op
WorkloadResult   3: 32 op, 91508007.00 ns, 2.8596 ms/op
WorkloadResult   4: 32 op, 95008335.00 ns, 2.9690 ms/op
WorkloadResult   5: 32 op, 89215651.00 ns, 2.7880 ms/op
// GC:  0 0 0 1632 32
// Threading:  0 2 32

// AfterAll
// Benchmark Process 31347 has exited with code 0.

Mean = 2.891 ms, StdErr = 0.033 ms (1.15%), N = 5, StdDev = 0.074 ms
Min = 2.788 ms, Q1 = 2.860 ms, Median = 2.883 ms, Q3 = 2.957 ms, Max = 2.969 ms
IQR = 0.097 ms, LowerFence = 2.714 ms, UpperFence = 3.103 ms
ConfidenceInterval = [2.605 ms; 3.177 ms] (CI 99.9%), Margin = 0.286 ms (9.90% of Mean)
Skewness = -0.19, Kurtosis = 1.11, MValue = 2

// ** Remained 0 (0.0 %) benchmark(s) to run. Estimated finish 2026-10-04 17:46 (0h 0m from now) **
Run time: 00:00:03 (3.62 sec), executed benchmarks: 1

// ***** BenchmarkRunner: Finish  *****

// * Export *
  home/user/ArmoniK.Api/ffi/logs/csharp/opt/s6/ab-rpc/eth-r2.jsonl

// * Detailed results *
RpcK8.Run: rpc(EvaluateOverhead=False, Clock=Armonik.Ffi.Bdn.CpuClock, IterationCount=6, IterationTime=100ms, LaunchCount=1, RunStrategy=Throughput, UnrollFactor=1, WarmupCount=10) [Case=Cf-retain|b|P2.2|8]
Runtime = .NET 8.0.31 (8.0.31, 8.0.3126.42015), X64 RyuJIT x86-64-v4; GC = Concurrent Workstation
Mean = 2.891 ms, StdErr = 0.033 ms (1.15%), N = 5, StdDev = 0.074 ms
Min = 2.788 ms, Q1 = 2.860 ms, Median = 2.883 ms, Q3 = 2.957 ms, Max = 2.969 ms
IQR = 0.097 ms, LowerFence = 2.714 ms, UpperFence = 3.103 ms
ConfidenceInterval = [2.605 ms; 3.177 ms] (CI 99.9%), Margin = 0.286 ms (9.90% of Mean)
Skewness = -0.19, Kurtosis = 1.11, MValue = 2
-------------------- Histogram --------------------
[2.731 ms ; 2.857 ms) | @
[2.857 ms ; 2.971 ms) | @@@@
---------------------------------------------------

RpcK1.Run: rpc(EvaluateOverhead=False, Clock=Armonik.Ffi.Bdn.CpuClock, IterationCount=6, IterationTime=100ms, LaunchCount=1, RunStrategy=Throughput, UnrollFactor=1, WarmupCount=10) [Case=Cf-retain|b|P2.2|1]
Runtime = .NET 8.0.31 (8.0.31, 8.0.3126.42015), X64 RyuJIT x86-64-v4; GC = Concurrent Workstation
Mean = 6.422 ms, StdErr = 0.158 ms (2.46%), N = 6, StdDev = 0.387 ms
Min = 6.088 ms, Q1 = 6.147 ms, Median = 6.255 ms, Q3 = 6.670 ms, Max = 7.013 ms
IQR = 0.523 ms, LowerFence = 5.363 ms, UpperFence = 7.454 ms
ConfidenceInterval = [5.338 ms; 7.506 ms] (CI 99.9%), Margin = 1.084 ms (16.88% of Mean)
Skewness = 0.53, Kurtosis = 1.22, MValue = 2
-------------------- Histogram --------------------
[5.913 ms ; 6.625 ms) | @@@@
[6.625 ms ; 7.292 ms) | @@
---------------------------------------------------

// * Summary *

BenchmarkDotNet v0.15.8, Linux Ubuntu 24.04.4 LTS (Noble Numbat)
Intel Xeon Processor 2.80GHz, 1 CPU, 4 logical and 4 physical cores
.NET SDK 8.0.131
  [Host] : .NET 8.0.31 (8.0.31, 8.0.3126.42015), X64 RyuJIT x86-64-v4
  rpc    : .NET 8.0.31 (8.0.31, 8.0.3126.42015), X64 RyuJIT x86-64-v4

Job=rpc  EvaluateOverhead=False  Clock=Armonik.Ffi.Bdn.CpuClock  
IterationCount=6  IterationTime=100ms  LaunchCount=1  
RunStrategy=Throughput  UnrollFactor=1  WarmupCount=10  

| Type  | Method | Case               | Mean     | Error     | StdDev    | Allocated |
|------ |------- |------------------- |---------:|----------:|----------:|----------:|
| RpcK8 | Run    | Cf-retain|b|P2.2|8 | 2.891 ms | 0.2861 ms | 0.0743 ms |      51 B |
| RpcK1 | Run    | Cf-retain|b|P2.2|1 | 6.422 ms | 1.0840 ms | 0.3865 ms |      72 B |

// * Legends *
  Case      : Value of the 'Case' parameter
  Mean      : Arithmetic mean of all measurements
  Error     : Half of 99.9% confidence interval
  StdDev    : Standard deviation of all measurements
  Allocated : Allocated memory per single operation (managed only, inclusive, 1KB = 1024B)
  1 ms      : 1 Millisecond (0.001 sec)

// * Diagnostic Output - AkRpcProcessCpu *

// * Diagnostic Output - MemoryDiagnoser *


// ***** BenchmarkRunner: End *****
Global total time: 00:00:33 (33.63 sec), executed benchmarks: 2
// * Artifacts cleanup *
Artifacts cleanup is finished
