# cpp slice, WP5 step 2: the other gates (nothing timed)
#   date       2026-10-02T07:52:02Z
#   machine    Linux 6.18.44-fc-v51 x86_64, 4 vCPU, Intel(R) Xeon(R) Processor @ 2.10GHz
#   compiler   g++ (Ubuntu 13.3.0-6ubuntu2~24.04.1) 13.3.0; rustc 1.94.1 (e408947bf 2026-03-25)
#   commit     d8601658
#   core       ffi/poc/codec at that commit, built --features init-guard (and corpus,init-guard
#              for the corpus ABI); no timing is taken by anything in this log

===== groupskip.sh =====
== C24: the GROUP skip, every standard level and both implementations ==

=========== groupskip_a17   (must PASS) ===========
gen/groupskip.sh: line 16: ./build/groupskip_a17: No such file or directory
  >>> FAIL: groupskip_a17 exited 127

=========== groupskip_b17   (must PASS) ===========
gen/groupskip.sh: line 16: ./build/groupskip_b17: No such file or directory
  >>> FAIL: groupskip_b17 exited 127

=========== groupskip_c14   (must PASS) ===========
gen/groupskip.sh: line 16: ./build/groupskip_c14: No such file or directory
  >>> FAIL: groupskip_c14 exited 127

=========== groupskip_c11   (must PASS) ===========
gen/groupskip.sh: line 16: ./build/groupskip_c11: No such file or directory
  >>> FAIL: groupskip_c11 exited 127

=========== groupskip_plant_depth   (a PLANTED defect: must FAIL) ===========
  what it plants: count nesting depth instead of matching the field number (accepts X-group-mismatched-end)
gen/groupskip.sh: line 26: ./build/groupskip_plant_depth: No such file or directory
  >>> ok: groupskip_plant_depth failed, which is what says the test works

=========== groupskip_plant_i32   (a PLANTED defect: must FAIL) ===========
  what it plants: the case 5: 32-bit arm dropped while case 3: was added
gen/groupskip.sh: line 26: ./build/groupskip_plant_i32: No such file or directory
  >>> ok: groupskip_plant_i32 failed, which is what says the test works

groupskip: 4 build(s) did not do what they must
>>> FAIL: groupskip.sh exited 1

===== concurrency.sh (AK_CONC_NO_T7=1; planted cores must fail) =====
== ABI v1 obligation 12.5 ==
date: 2026-10-02T07:52:02Z  nproc = 4  build dir: ./build

=========== conc_a17_shared 4 6   (must PASS) ===========
$ ldd ./build/conc_a17_shared | grep ak_core
ldd: ./build/conc_a17_shared: No such file or directory
gen/concurrency.sh: line 47: ./build/conc_a17_shared: No such file or directory
  exit 127
  >>> FAIL: conc_a17_shared exit code = 127, required -eq 0
  >>> FAIL: conc_a17_shared native-encoder wrong = -1, required -eq 0
  >>> FAIL: conc_a17_shared core-encoder wrong = -1, required -eq 0
  >>> FAIL: conc_a17_shared decoder wrong = -1, required -eq 0

=========== conc_c11_shared 4 6   (must PASS) ===========
$ ldd ./build/conc_c11_shared | grep ak_core
ldd: ./build/conc_c11_shared: No such file or directory
gen/concurrency.sh: line 47: ./build/conc_c11_shared: No such file or directory
  exit 127
  >>> FAIL: conc_c11_shared exit code = 127, required -eq 0
  >>> FAIL: conc_c11_shared native-encoder wrong = -1, required -eq 0
  >>> FAIL: conc_c11_shared core-encoder wrong = -1, required -eq 0
  >>> FAIL: conc_c11_shared decoder wrong = -1, required -eq 0

=========== conc_a17_static 4 6   (must PASS) ===========
$ ldd ./build/conc_a17_static | grep ak_core
ldd: ./build/conc_a17_static: No such file or directory
gen/concurrency.sh: line 47: ./build/conc_a17_static: No such file or directory
  exit 127
  >>> FAIL: conc_a17_static exit code = 127, required -eq 0
  >>> FAIL: conc_a17_static native-encoder wrong = -1, required -eq 0
  >>> FAIL: conc_a17_static core-encoder wrong = -1, required -eq 0
  >>> FAIL: conc_a17_static decoder wrong = -1, required -eq 0

=========== conc_a17_shared 16 4   (must PASS) ===========
$ ldd ./build/conc_a17_shared | grep ak_core
ldd: ./build/conc_a17_shared: No such file or directory
gen/concurrency.sh: line 47: ./build/conc_a17_shared: No such file or directory
  exit 127
  >>> FAIL: conc_a17_shared exit code = 127, required -eq 0
  >>> FAIL: conc_a17_shared native-encoder wrong = -1, required -eq 0
  >>> FAIL: conc_a17_shared core-encoder wrong = -1, required -eq 0
  >>> FAIL: conc_a17_shared decoder wrong = -1, required -eq 0

=========== conc_a17_pad 4 6   (a REFUSED design: must FAIL) ===========
$ ldd ./build/conc_a17_pad | grep ak_core
ldd: ./build/conc_a17_pad: No such file or directory
gen/concurrency.sh: line 47: ./build/conc_a17_pad: No such file or directory
  exit 127
  >>> ok: conc_a17_pad exit code (non-zero: the suite saw the plant) = 127 (-ne 0)
  >>> FAIL: conc_a17_pad native-encoder wrong = -1, required -gt 0
  >>> FAIL: conc_a17_pad core-encoder wrong (the ffi arm CAN fail) = -1, required -gt 0
  >>> FAIL: conc_a17_pad decoder wrong (no encode plant reaches the decoder) = -1, required -eq 0

=========== conc_a17_both 4 6   (a REFUSED design: must FAIL) ===========
$ ldd ./build/conc_a17_both | grep ak_core
ldd: ./build/conc_a17_both: No such file or directory
gen/concurrency.sh: line 47: ./build/conc_a17_both: No such file or directory
  exit 127
  >>> ok: conc_a17_both exit code (non-zero: the suite saw the plant) = 127 (-ne 0)
  >>> FAIL: conc_a17_both native-encoder wrong = -1, required -gt 0
  >>> FAIL: conc_a17_both core-encoder wrong (the ffi arm CAN fail) = -1, required -gt 0
  >>> FAIL: conc_a17_both decoder wrong (no encode plant reaches the decoder) = -1, required -eq 0

=========== conc_a17_corepad 4 6   (a REFUSED design: must FAIL) ===========
$ ldd ./build/conc_a17_corepad | grep ak_core
ldd: ./build/conc_a17_corepad: No such file or directory
gen/concurrency.sh: line 47: ./build/conc_a17_corepad: No such file or directory
  exit 127
  >>> ok: conc_a17_corepad exit code (non-zero: the suite saw the plant) = 127 (-ne 0)
  >>> FAIL: conc_a17_corepad native-encoder wrong = -1, required -eq 0
  >>> FAIL: conc_a17_corepad core-encoder wrong (the ffi arm CAN fail) = -1, required -gt 0
  >>> FAIL: conc_a17_corepad decoder wrong (no encode plant reaches the decoder) = -1, required -eq 0

=========== conc_a17_global 4 6   (a REFUSED design that is byte-CLEAN: must PASS) ===========
$ ldd ./build/conc_a17_global | grep ak_core
ldd: ./build/conc_a17_global: No such file or directory
gen/concurrency.sh: line 47: ./build/conc_a17_global: No such file or directory
  exit 127
  >>> FAIL: conc_a17_global exit code = 127, required -eq 0
  >>> FAIL: conc_a17_global native-encoder wrong = -1, required -eq 0
  >>> FAIL: conc_a17_global core-encoder wrong = -1, required -eq 0
  >>> FAIL: conc_a17_global links the global-widths core (grep status) = 1, required -eq 0

concurrency: 29 expectation(s) not met
>>> FAIL: concurrency.sh exited 1

===== odr_check.sh =====
== pass 1: the facade as it is ==
gen/odr_check.sh: line 15: build/odrcheck: No such file or directory
  exit 127 (0 = no installed type's layout moved with -std)

== pass 2: the POSITIVE CONTROL, one type made -std dependent on purpose ==
TU A: __cplusplus = 201103   TU B: __cplusplus = 201703
  MOVED  sizeof shapes::ResultRaw                         c++11=360  c++17=376
  MOVED  shapes::ResultRaw.completed_at                   c++11=160  c++17=168
  MOVED  shapes::ResultRaw.result_id                      c++11=216  c++17=232
  MOVED  shapes::ResultRaw.size                           c++11=248  c++17=264
  MOVED  shapes::ResultRaw.created_by                     c++11=256  c++17=272
  MOVED  shapes::ResultRaw.opaque_id                      c++11=288  c++17=304
  MOVED  shapes::ResultRaw.manual_deletion                c++11=320  c++17=336
  MOVED  shapes::ResultRaw.unknown_fields                 c++11=328  c++17=344
  MOVED  sizeof shapes::TaskOptions                       c++11=336  c++17=344
  MOVED  shapes::TaskOptions.max_retries                  c++11=104  c++17=112
  MOVED  shapes::TaskOptions.priority                     c++11=108  c++17=116
  MOVED  shapes::TaskOptions.partition_id                 c++11=112  c++17=120
  MOVED  shapes::TaskOptions.application_name             c++11=144  c++17=152
  MOVED  shapes::TaskOptions.application_version          c++11=176  c++17=184
  MOVED  shapes::TaskOptions.application_namespace        c++11=208  c++17=216
  MOVED  shapes::TaskOptions.application_service          c++11=240  c++17=248
  MOVED  shapes::TaskOptions.engine_type                  c++11=272  c++17=280
  MOVED  shapes::TaskOptions.unknown_fields               c++11=304  c++17=312
  MOVED  sizeof shapes::TaskDetailed                      c++11=1488  c++17=1608
  MOVED  shapes::TaskDetailed.created_at                  c++11=576  c++17=592
  MOVED  shapes::TaskDetailed.submitted_at                c++11=632  c++17=656
  MOVED  shapes::TaskDetailed.started_at                  c++11=688  c++17=720
  MOVED  shapes::TaskDetailed.ended_at                    c++11=744  c++17=784
  MOVED  shapes::TaskDetailed.pod_ttl                     c++11=800  c++17=848
  MOVED  shapes::TaskDetailed.output                      c++11=856  c++17=912
  MOVED  shapes::TaskDetailed.pod_hostname                c++11=936  c++17=1000
  MOVED  shapes::TaskDetailed.received_at                 c++11=968  c++17=1032
  MOVED  shapes::TaskDetailed.acquired_at                 c++11=1024  c++17=1096
  MOVED  shapes::TaskDetailed.creation_to_end_duration    c++11=1080  c++17=1160
  MOVED  shapes::TaskDetailed.processing_to_end_duration  c++11=1136  c++17=1224
  MOVED  shapes::TaskDetailed.initial_task_id             c++11=1192  c++17=1288
  MOVED  shapes::TaskDetailed.received_to_end_duration    c++11=1224  c++17=1320
  MOVED  shapes::TaskDetailed.processed_at                c++11=1280  c++17=1384
  MOVED  shapes::TaskDetailed.fetched_at                  c++11=1336  c++17=1448
  MOVED  shapes::TaskDetailed.payload_id                  c++11=1392  c++17=1512
  MOVED  shapes::TaskDetailed.created_by                  c++11=1424  c++17=1544
  MOVED  shapes::TaskDetailed.unknown_fields              c++11=1456  c++17=1576
  MOVED  sizeof shapes::TaskSummary                       c++11=576  c++17=600
  MOVED  shapes::TaskSummary.status                       c++11=408  c++17=424
  MOVED  shapes::TaskSummary.created_at                   c++11=416  c++17=432
  MOVED  shapes::TaskSummary.error                        c++11=472  c++17=496
  MOVED  shapes::TaskSummary.status_message               c++11=504  c++17=528
  MOVED  shapes::TaskSummary.count_data_dependencies      c++11=536  c++17=560
  MOVED  shapes::TaskSummary.unknown_fields               c++11=544  c++17=568
  MOVED  sizeof shapes::Probe                             c++11=176  c++17=200
  MOVED  shapes::Probe.opt_label                          c++11=40  c++17=48
  MOVED  shapes::Probe.opt_flag                           c++11=80  c++17=96
  MOVED  shapes::Probe.unknown_fields                     c++11=144  c++17=168
  MOVED  shapes::Probe.body                               c++11=88  c++17=112
  MOVED  sizeof shapes::UploadResultDataMessage           c++11=168  c++17=176
  MOVED  shapes::UploadResultDataMessage.unknown_fields   c++11=136  c++17=144
  MOVED  sizeof ak::Optional<int32_t>                     c++11=8  c++17=16
  MOVED  alignof ak::Optional<int32_t>                    c++11=4  c++17=8
  MOVED  sizeof ak::Optional<int64_t>                     c++11=16  c++17=24
  MOVED  sizeof ak::Optional<double>                      c++11=16  c++17=24
163 layout facts compared across the two levels, 55 moved
a moved layout is an ODR violation: the objects below would be misread,
so the check stops here rather than demonstrating it by crashing.
  exit 1 (nonzero = the check CAN fail, so pass 1 means something)

odr_check: FAILED (pass1=127 pass2=1)
>>> FAIL: odr_check.sh exited 1

===== bench_a17_shared, AK_BENCH_GATE_ONLY=1 =====
  P5.4  dec gate: 5 of 5 arms pass
  P6.1  enc gate: 10 of 10 arms pass
  P6.1  dec gate: 5 of 5 arms pass
gate-only run: 0 arm(s) failed their gate
>>> ok: bench_a17_shared

===== bench_a17_static, AK_BENCH_GATE_ONLY=1 =====
  P5.4  dec gate: 5 of 5 arms pass
  P6.1  enc gate: 10 of 10 arms pass
  P6.1  dec gate: 5 of 5 arms pass
gate-only run: 0 arm(s) failed their gate
>>> ok: bench_a17_static

===== bench_b17_shared, AK_BENCH_GATE_ONLY=1 =====
  P5.4  dec gate: 5 of 5 arms pass
  P6.1  enc gate: 10 of 10 arms pass
  P6.1  dec gate: 5 of 5 arms pass
gate-only run: 0 arm(s) failed their gate
>>> ok: bench_b17_shared

===== bench_c14_shared, AK_BENCH_GATE_ONLY=1 =====
  P5.4  dec gate: 5 of 5 arms pass
  P6.1  enc gate: 10 of 10 arms pass
  P6.1  dec gate: 5 of 5 arms pass
gate-only run: 0 arm(s) failed their gate
>>> ok: bench_c14_shared

===== bench_c11_shared, AK_BENCH_GATE_ONLY=1 =====
  P5.4  dec gate: 5 of 5 arms pass
  P6.1  enc gate: 10 of 10 arms pass
  P6.1  dec gate: 5 of 5 arms pass
gate-only run: 0 arm(s) failed their gate
>>> ok: bench_c11_shared

===== bench_a17_gateplant (a refusing ffi-valtc): must refuse to time it and exit 1 =====
gate-only run: 14 arm(s) failed their gate and would NOT have been timed
>>> ok: planted gate refused (exit 1)

===== contentsets_a17, AK_CS_GATE_ONLY=1 =====
== the content sets, on whole payloads ==
-std=201703  impl=target  linkage=shared  rounds=0
protobuf 3021012.  Oracle: the INCUMBENT arm, anchored to manifest.json on ascii
C++ holds UTF-8 already, so these rows price WIDTH AND VALIDATION, never a
narrowing transcoder. Not comparable with a managed slice's (SHAPES.md).

-- byte identity, every arm against the incumbent, every set --

  95 checks, 0 failures
  AK_CS_GATE_ONLY: gates only, no timing reported
>>> ok: contentsets gate (exit 0)

===== crossing counts (the COUNTING core, R5) =====
counting build, linkage=shared, -std=201703
Per-element columns are forward / reverse. forward = core + host + take (req 19):
host = ak_enc_reset inside each encode_into_* (before the encode entry point) and the
one ak_dec_reset_<Root> of a retain decode (before it; rule 7); take = the timed loop's
ak_enc_take after an encode. Retain: no pre-placed buffer, geometric grow (rule 8).

  P1.1   encode                 forward      4  reverse      1  transcode       24   per element  1.000 /  0.250   (core 2 + host 1 + take 1)
  P1.1   encode zeroed-fill     forward      4  reverse      1  transcode       24   per element  1.000 /  0.250   (core 2 + host 1 + take 1)
  P1.1   encode UNBATCHED       forward      7  reverse      1  transcode       24   per element  1.750 /  0.250   (core 5 + host 1 + take 1)
  P1.1   encode host transcoder forward      4  reverse     25  transcode       24   per element  1.000 /  6.250   (core 2 + host 1 + take 1)
  P1.1   encode retain          forward      4  reverse      1  transcode       24   per element  1.000 /  0.250   (core 2 + host 1 + take 1)
  P1.1   decode                 forward      1  reverse      2  transcode        0   per element  0.250 /  0.500   (core 1 + host 0 + take 0)
  P1.1   decode retain          forward      2  reverse      2  transcode        0   per element  0.500 /  0.500   (core 1 + host 1 + take 0)
  P1.1   decode pull            forward      3  reverse      0  records      2  (core 2 + host 1)  records = push reverse
  P1.1   decode pull drained    forward      4  reverse      0  records      2  (core 3 + host 1)  records = push reverse
  P1.1   decode pull retain     forward      4  reverse      0  records      2  (core 2 + host 2)  records = push reverse
  P1.2   encode                 forward     10  reverse      1  transcode     6000   per element  0.010 /  0.001   (core 8 + host 1 + take 1)
  P1.2   encode zeroed-fill     forward     10  reverse      1  transcode     6000   per element  0.010 /  0.001   (core 8 + host 1 + take 1)
  P1.2   encode UNBATCHED       forward   1003  reverse      1  transcode     6000   per element  1.003 /  0.001   (core 1001 + host 1 + take 1)
  P1.2   encode host transcoder forward     10  reverse   6001  transcode     6000   per element  0.010 /  6.001   (core 8 + host 1 + take 1)
  P1.2   encode retain          forward     12  reverse      1  transcode     6000   per element  0.012 /  0.001   (core 10 + host 1 + take 1)
  P1.2   decode                 forward      1  reverse      8  transcode        0   per element  0.001 /  0.008   (core 1 + host 0 + take 0)
  P1.2   decode retain          forward      2  reverse      8  transcode        0   per element  0.002 /  0.008   (core 1 + host 1 + take 0)
  P1.2   decode pull            forward      3  reverse      0  records      8  (core 2 + host 1)  records = push reverse
  P1.2   decode pull drained    forward     10  reverse      0  records      8  (core 9 + host 1)  records = push reverse
  P1.2   decode pull retain     forward      4  reverse      0  records      8  (core 2 + host 2)  records = push reverse
  P1.3   encode                 forward      5  reverse      1  transcode        0   per element  0.017 /  0.003   (core 3 + host 1 + take 1)
  P1.3   encode zeroed-fill     forward      5  reverse      1  transcode        0   per element  0.017 /  0.003   (core 3 + host 1 + take 1)
  P1.3   encode UNBATCHED       forward    303  reverse      1  transcode        0   per element  1.010 /  0.003   (core 301 + host 1 + take 1)
  P1.3   encode host transcoder forward      5  reverse      1  transcode        0   per element  0.017 /  0.003   (core 3 + host 1 + take 1)
  P1.3   encode retain          forward      6  reverse      1  transcode        0   per element  0.020 /  0.003   (core 4 + host 1 + take 1)
  P1.3   decode                 forward      1  reverse      3  transcode        0   per element  0.003 /  0.010   (core 1 + host 0 + take 0)
  P1.3   decode retain          forward      2  reverse      3  transcode        0   per element  0.007 /  0.010   (core 1 + host 1 + take 0)
  P1.3   decode pull            forward      3  reverse      0  records      3  (core 2 + host 1)  records = push reverse
  P1.3   decode pull drained    forward      5  reverse      0  records      3  (core 4 + host 1)  records = push reverse
  P1.3   decode pull retain     forward      4  reverse      0  records      3  (core 2 + host 2)  records = push reverse
  P2.1   encode                 forward      9  reverse      6  transcode       35   per element  9.000 /  6.000   (core 7 + host 1 + take 1)
  P2.1   encode zeroed-fill     forward      9  reverse      6  transcode       35   per element  9.000 /  6.000   (core 7 + host 1 + take 1)
  P2.1   encode UNBATCHED       forward     20  reverse      6  transcode       35   per element 20.000 /  6.000   (core 18 + host 1 + take 1)
  P2.1   encode host transcoder forward      9  reverse     41  transcode       35   per element  9.000 / 41.000   (core 7 + host 1 + take 1)
  P2.1   encode retain          forward      9  reverse      6  transcode       35   per element  9.000 /  6.000   (core 7 + host 1 + take 1)
  P2.1   decode                 forward      1  reverse      8  transcode        0   per element  1.000 /  8.000   (core 1 + host 0 + take 0)
  P2.1   decode retain          forward      2  reverse      8  transcode        0   per element  2.000 /  8.000   (core 1 + host 1 + take 0)
  P2.1   decode pull            forward      3  reverse      0  records      8  (core 2 + host 1)  records = push reverse
  P2.1   decode pull drained    forward      4  reverse      0  records      8  (core 3 + host 1)  records = push reverse
  P2.1   decode pull retain     forward      4  reverse      0  records      8  (core 2 + host 2)  records = push reverse
  P2.2   encode                 forward   2513  reverse   2501  transcode    17167   per element  5.026 /  5.002   (core 2511 + host 1 + take 1)
  P2.2   encode zeroed-fill     forward   2513  reverse   2501  transcode    17167   per element  5.026 /  5.002   (core 2511 + host 1 + take 1)
  P2.2   encode UNBATCHED       forward   8503  reverse   2501  transcode    17167   per element 17.006 /  5.002   (core 8501 + host 1 + take 1)
  P2.2   encode host transcoder forward   2513  reverse  19668  transcode    17167   per element  5.026 / 39.336   (core 2511 + host 1 + take 1)
  P2.2   encode retain          forward   2519  reverse   2501  transcode    17167   per element  5.038 /  5.002   (core 2517 + host 1 + take 1)
  P2.2   decode                 forward      1  reverse   3501  transcode        0   per element  0.002 /  7.002   (core 1 + host 0 + take 0)
  P2.2   decode retain          forward      2  reverse   3501  transcode        0   per element  0.004 /  7.002   (core 1 + host 1 + take 0)
  P2.2   decode pull            forward      3  reverse      0  records   3501  (core 2 + host 1)  records = push reverse
  P2.2   decode pull drained    forward     24  reverse      0  records   3501  (core 23 + host 1)  records = push reverse
  P2.2   decode pull retain     forward      4  reverse      0  records   3501  (core 2 + host 2)  records = push reverse
  P2.3   encode                 forward    631  reverse    626  transcode    17792   per element  5.048 /  5.008   (core 629 + host 1 + take 1)
  P2.3   encode zeroed-fill     forward    631  reverse    626  transcode    17792   per element  5.048 /  5.008   (core 629 + host 1 + take 1)
  P2.3   encode UNBATCHED       forward  15628  reverse    626  transcode    17792   per element 125.024 /  5.008   (core 15626 + host 1 + take 1)
  P2.3   encode host transcoder forward    631  reverse  18418  transcode    17792   per element  5.048 / 147.344   (core 629 + host 1 + take 1)
  P2.3   encode retain          forward    632  reverse    626  transcode    17792   per element  5.056 /  5.008   (core 630 + host 1 + take 1)
  P2.3   decode                 forward      1  reverse    876  transcode        0   per element  0.008 /  7.008   (core 1 + host 0 + take 0)
  P2.3   decode retain          forward      2  reverse    876  transcode        0   per element  0.016 /  7.008   (core 1 + host 1 + take 0)
  P2.3   decode pull            forward      3  reverse      0  records    876  (core 2 + host 1)  records = push reverse
  P2.3   decode pull drained    forward     13  reverse      0  records    876  (core 12 + host 1)  records = push reverse
  P2.3   decode pull retain     forward      4  reverse      0  records    876  (core 2 + host 2)  records = push reverse
  P2.4   encode                 forward    405  reverse    401  transcode    26267   per element  5.062 /  5.013   (core 403 + host 1 + take 1)
  P2.4   encode zeroed-fill     forward    405  reverse    401  transcode    26267   per element  5.062 /  5.013   (core 403 + host 1 + take 1)
  P2.4   encode UNBATCHED       forward  24883  reverse    401  transcode    26267   per element 311.038 /  5.013   (core 24881 + host 1 + take 1)
  P2.4   encode host transcoder forward    405  reverse  26668  transcode    26267   per element  5.062 / 333.350   (core 403 + host 1 + take 1)
  P2.4   encode retain          forward    406  reverse    401  transcode    26267   per element  5.075 /  5.013   (core 404 + host 1 + take 1)
  P2.4   decode                 forward      1  reverse    561  transcode        0   per element  0.013 /  7.013   (core 1 + host 0 + take 0)
  P2.4   decode retain          forward      2  reverse    561  transcode        0   per element  0.025 /  7.013   (core 1 + host 1 + take 0)
  P2.4   decode pull            forward      3  reverse      0  records    561  (core 2 + host 1)  records = push reverse
  P2.4   decode pull drained    forward     15  reverse      0  records    561  (core 14 + host 1)  records = push reverse
  P2.4   decode pull retain     forward      4  reverse      0  records    561  (core 2 + host 2)  records = push reverse
  P2.5   encode                 forward    104  reverse    101  transcode      640   per element  5.200 /  5.050   (core 102 + host 1 + take 1)
  P2.5   encode zeroed-fill     forward    104  reverse    101  transcode      640   per element  5.200 /  5.050   (core 102 + host 1 + take 1)
  P2.5   encode UNBATCHED       forward    343  reverse    101  transcode      640   per element 17.150 /  5.050   (core 341 + host 1 + take 1)
  P2.5   encode host transcoder forward    104  reverse    741  transcode      640   per element  5.200 / 37.050   (core 102 + host 1 + take 1)
  P2.5   encode retain          forward    104  reverse    101  transcode      640   per element  5.200 /  5.050   (core 102 + host 1 + take 1)
  P2.5   decode                 forward      1  reverse    141  transcode        0   per element  0.050 /  7.050   (core 1 + host 0 + take 0)
  P2.5   decode retain          forward      2  reverse    141  transcode        0   per element  0.100 /  7.050   (core 1 + host 1 + take 0)
  P2.5   decode pull            forward      3  reverse      0  records    141  (core 2 + host 1)  records = push reverse
  P2.5   decode pull drained    forward      4  reverse      0  records    141  (core 3 + host 1)  records = push reverse
  P2.5   decode pull retain     forward      4  reverse      0  records    141  (core 2 + host 2)  records = push reverse
  P3.1   encode                 forward      4  reverse      1  transcode      430   per element  0.020 /  0.005   (core 2 + host 1 + take 1)
  P3.1   encode zeroed-fill     forward      4  reverse      1  transcode      430   per element  0.020 /  0.005   (core 2 + host 1 + take 1)
  P3.1   encode UNBATCHED       forward    203  reverse      1  transcode      430   per element  1.015 /  0.005   (core 201 + host 1 + take 1)
  P3.1   encode host transcoder forward      4  reverse    431  transcode      430   per element  0.020 /  2.155   (core 2 + host 1 + take 1)
  P3.1   encode retain          forward      5  reverse      1  transcode      430   per element  0.025 /  0.005   (core 3 + host 1 + take 1)
  P3.1   decode                 forward      1  reverse      2  transcode        0   per element  0.005 /  0.010   (core 1 + host 0 + take 0)
  P3.1   decode retain          forward      2  reverse      2  transcode        0   per element  0.010 /  0.010   (core 1 + host 1 + take 0)
  P3.1   decode pull            forward      3  reverse      0  records      2  (core 2 + host 1)  records = push reverse
  P3.1   decode pull drained    forward      4  reverse      0  records      2  (core 3 + host 1)  records = push reverse
  P3.1   decode pull retain     forward      4  reverse      0  records      2  (core 2 + host 2)  records = push reverse
  P4.1   encode                 forward    205  reverse    201  transcode     3467   per element  1.025 /  1.005   (core 203 + host 1 + take 1)
  P4.1   encode zeroed-fill     forward    205  reverse    201  transcode     3467   per element  1.025 /  1.005   (core 203 + host 1 + take 1)
  P4.1   encode UNBATCHED       forward   1003  reverse    201  transcode     3467   per element  5.015 /  1.005   (core 1001 + host 1 + take 1)
  P4.1   encode host transcoder forward    205  reverse   3668  transcode     3467   per element  1.025 / 18.340   (core 203 + host 1 + take 1)
  P4.1   encode retain          forward    206  reverse    201  transcode     3467   per element  1.030 /  1.005   (core 204 + host 1 + take 1)
  P4.1   decode                 forward      1  reverse    601  transcode        0   per element  0.005 /  3.005   (core 1 + host 0 + take 0)
  P4.1   decode retain          forward      2  reverse    601  transcode        0   per element  0.010 /  3.005   (core 1 + host 1 + take 0)
  P4.1   decode pull            forward      3  reverse      0  records    601  (core 2 + host 1)  records = push reverse
  P4.1   decode pull drained    forward      7  reverse      0  records    601  (core 6 + host 1)  records = push reverse
  P4.1   decode pull retain     forward      4  reverse      0  records    601  (core 2 + host 2)  records = push reverse
  P5.1   encode                 forward      3  reverse      0  transcode        2   per element  3.000 /  0.000   (core 1 + host 1 + take 1)
  P5.1   encode zeroed-fill     forward      3  reverse      0  transcode        2   per element  3.000 /  0.000   (core 1 + host 1 + take 1)
  P5.1   encode UNBATCHED       forward      3  reverse      0  transcode        2   per element  3.000 /  0.000   (core 1 + host 1 + take 1)
  P5.1   encode host transcoder forward      3  reverse      2  transcode        2   per element  3.000 /  2.000   (core 1 + host 1 + take 1)
  P5.1   encode retain          forward      3  reverse      0  transcode        2   per element  3.000 /  0.000   (core 1 + host 1 + take 1)
  P5.1   decode                 forward      1  reverse      1  transcode        0   per element  1.000 /  1.000   (core 1 + host 0 + take 0)
  P5.1   decode retain          forward      2  reverse      1  transcode        0   per element  2.000 /  1.000   (core 1 + host 1 + take 0)
  P5.1   decode pull            forward      3  reverse      0  records      1  (core 2 + host 1)  records = push reverse
  P5.1   decode pull drained    forward      4  reverse      0  records      1  (core 3 + host 1)  records = push reverse
  P5.1   decode pull retain     forward      4  reverse      0  records      1  (core 2 + host 2)  records = push reverse
  P5.2   encode                 forward      3  reverse      0  transcode        2   per element  3.000 /  0.000   (core 1 + host 1 + take 1)
  P5.2   encode zeroed-fill     forward      3  reverse      0  transcode        2   per element  3.000 /  0.000   (core 1 + host 1 + take 1)
  P5.2   encode UNBATCHED       forward      3  reverse      0  transcode        2   per element  3.000 /  0.000   (core 1 + host 1 + take 1)
  P5.2   encode host transcoder forward      3  reverse      2  transcode        2   per element  3.000 /  2.000   (core 1 + host 1 + take 1)
  P5.2   encode retain          forward      3  reverse      0  transcode        2   per element  3.000 /  0.000   (core 1 + host 1 + take 1)
  P5.2   decode                 forward      1  reverse      1  transcode        0   per element  1.000 /  1.000   (core 1 + host 0 + take 0)
  P5.2   decode retain          forward      2  reverse      1  transcode        0   per element  2.000 /  1.000   (core 1 + host 1 + take 0)
  P5.2   decode pull            forward      3  reverse      0  records      1  (core 2 + host 1)  records = push reverse
  P5.2   decode pull drained    forward      4  reverse      0  records      1  (core 3 + host 1)  records = push reverse
  P5.2   decode pull retain     forward      4  reverse      0  records      1  (core 2 + host 2)  records = push reverse
  P5.3   encode                 forward      3  reverse      0  transcode        2   per element  3.000 /  0.000   (core 1 + host 1 + take 1)
  P5.3   encode zeroed-fill     forward      3  reverse      0  transcode        2   per element  3.000 /  0.000   (core 1 + host 1 + take 1)
  P5.3   encode UNBATCHED       forward      3  reverse      0  transcode        2   per element  3.000 /  0.000   (core 1 + host 1 + take 1)
  P5.3   encode host transcoder forward      3  reverse      2  transcode        2   per element  3.000 /  2.000   (core 1 + host 1 + take 1)
  P5.3   encode retain          forward      3  reverse      0  transcode        2   per element  3.000 /  0.000   (core 1 + host 1 + take 1)
  P5.3   decode                 forward      1  reverse      1  transcode        0   per element  1.000 /  1.000   (core 1 + host 0 + take 0)
  P5.3   decode retain          forward      2  reverse      1  transcode        0   per element  2.000 /  1.000   (core 1 + host 1 + take 0)
  P5.3   decode pull            forward      3  reverse      0  records      1  (core 2 + host 1)  records = push reverse
  P5.3   decode pull drained    forward      4  reverse      0  records      1  (core 3 + host 1)  records = push reverse
  P5.3   decode pull retain     forward      4  reverse      0  records      1  (core 2 + host 2)  records = push reverse
  P5.4   encode                 forward      3  reverse      0  transcode        2   per element  3.000 /  0.000   (core 1 + host 1 + take 1)
  P5.4   encode zeroed-fill     forward      3  reverse      0  transcode        2   per element  3.000 /  0.000   (core 1 + host 1 + take 1)
  P5.4   encode UNBATCHED       forward      3  reverse      0  transcode        2   per element  3.000 /  0.000   (core 1 + host 1 + take 1)
  P5.4   encode host transcoder forward      3  reverse      2  transcode        2   per element  3.000 /  2.000   (core 1 + host 1 + take 1)
  P5.4   encode retain          forward      3  reverse      0  transcode        2   per element  3.000 /  0.000   (core 1 + host 1 + take 1)
  P5.4   decode                 forward      1  reverse      1  transcode        0   per element  1.000 /  1.000   (core 1 + host 0 + take 0)
  P5.4   decode retain          forward      2  reverse      1  transcode        0   per element  2.000 /  1.000   (core 1 + host 1 + take 0)
  P5.4   decode pull            forward      3  reverse      0  records      1  (core 2 + host 1)  records = push reverse
  P5.4   decode pull drained    forward      4  reverse      0  records      1  (core 3 + host 1)  records = push reverse
  P5.4   decode pull retain     forward      4  reverse      0  records      1  (core 2 + host 2)  records = push reverse
  P6.1   encode                 forward   1004  reverse   1001  transcode      200   per element  5.020 /  5.005   (core 1002 + host 1 + take 1)
  P6.1   encode zeroed-fill     forward   1004  reverse   1001  transcode      200   per element  5.020 /  5.005   (core 1002 + host 1 + take 1)
  P6.1   encode UNBATCHED       forward   1203  reverse   1001  transcode      200   per element  6.015 /  5.005   (core 1201 + host 1 + take 1)
  P6.1   encode host transcoder forward   1004  reverse   1201  transcode      200   per element  5.020 /  6.005   (core 1002 + host 1 + take 1)
  P6.1   encode retain          forward   1004  reverse   1001  transcode      200   per element  5.020 /  5.005   (core 1002 + host 1 + take 1)
  P6.1   decode                 forward      1  reverse   1401  transcode        0   per element  0.005 /  7.005   (core 1 + host 0 + take 0)
  P6.1   decode retain          forward      2  reverse   1401  transcode        0   per element  0.010 /  7.005   (core 1 + host 1 + take 0)
  P6.1   decode pull            forward      3  reverse      0  records   1401  (core 2 + host 1)  records = push reverse
  P6.1   decode pull drained    forward      9  reverse      0  records   1401  (core 8 + host 1)  records = push reverse
  P6.1   decode pull retain     forward      4  reverse      0  records   1401  (core 2 + host 2)  records = push reverse

-- the corpus's U-* rows at the shapes roots (req 7, req 19) --
  U-deep-all decode                 forward      1  reverse      8  transcode        0   per element  0.000 /  0.000   (core 1 + host 0 + take 0)
  U-deep-all encode                 forward      9  reverse      6  transcode       31   per element  0.000 /  0.000   (core 7 + host 1 + take 1)
  U-deep-all decode retain          forward      2  reverse     10  transcode        0   per element  0.000 /  0.000   (core 1 + host 1 + take 0)
  U-deep-all encode retain          forward      9  reverse      6  transcode       31   per element  0.000 /  0.000   (core 7 + host 1 + take 1)
  U-deep-u-fixed32 decode                 forward      1  reverse      8  transcode        0   per element  0.000 /  0.000   (core 1 + host 0 + take 0)
  U-deep-u-fixed32 encode                 forward      9  reverse      6  transcode       31   per element  0.000 /  0.000   (core 7 + host 1 + take 1)
  U-deep-u-fixed32 decode retain          forward      2  reverse      9  transcode        0   per element  0.000 /  0.000   (core 1 + host 1 + take 0)
  U-deep-u-fixed32 encode retain          forward      9  reverse      6  transcode       31   per element  0.000 /  0.000   (core 7 + host 1 + take 1)
  U-deep-u-fixed64 decode                 forward      1  reverse      8  transcode        0   per element  0.000 /  0.000   (core 1 + host 0 + take 0)
  U-deep-u-fixed64 encode                 forward      9  reverse      6  transcode       31   per element  0.000 /  0.000   (core 7 + host 1 + take 1)
  U-deep-u-fixed64 decode retain          forward      2  reverse      9  transcode        0   per element  0.000 /  0.000   (core 1 + host 1 + take 0)
  U-deep-u-fixed64 encode retain          forward      9  reverse      6  transcode       31   per element  0.000 /  0.000   (core 7 + host 1 + take 1)
  U-deep-u-len decode                 forward      1  reverse      8  transcode        0   per element  0.000 /  0.000   (core 1 + host 0 + take 0)
  U-deep-u-len encode                 forward      9  reverse      6  transcode       31   per element  0.000 /  0.000   (core 7 + host 1 + take 1)
  U-deep-u-len decode retain          forward      2  reverse      9  transcode        0   per element  0.000 /  0.000   (core 1 + host 1 + take 0)
  U-deep-u-len encode retain          forward      9  reverse      6  transcode       31   per element  0.000 /  0.000   (core 7 + host 1 + take 1)
  U-deep-u-msg decode                 forward      1  reverse      8  transcode        0   per element  0.000 /  0.000   (core 1 + host 0 + take 0)
  U-deep-u-msg encode                 forward      9  reverse      6  transcode       31   per element  0.000 /  0.000   (core 7 + host 1 + take 1)
  U-deep-u-msg decode retain          forward      2  reverse      9  transcode        0   per element  0.000 /  0.000   (core 1 + host 1 + take 0)
  U-deep-u-msg encode retain          forward      9  reverse      6  transcode       31   per element  0.000 /  0.000   (core 7 + host 1 + take 1)
  U-deep-u-packed decode                 forward      1  reverse      8  transcode        0   per element  0.000 /  0.000   (core 1 + host 0 + take 0)
  U-deep-u-packed encode                 forward      9  reverse      6  transcode       31   per element  0.000 /  0.000   (core 7 + host 1 + take 1)
  U-deep-u-packed decode retain          forward      2  reverse      9  transcode        0   per element  0.000 /  0.000   (core 1 + host 1 + take 0)
  U-deep-u-packed encode retain          forward      9  reverse      6  transcode       31   per element  0.000 /  0.000   (core 7 + host 1 + take 1)
  U-deep-u-repeated decode                 forward      1  reverse      8  transcode        0   per element  0.000 /  0.000   (core 1 + host 0 + take 0)
  U-deep-u-repeated encode                 forward      9  reverse      6  transcode       31   per element  0.000 /  0.000   (core 7 + host 1 + take 1)
  U-deep-u-repeated decode retain          forward      2  reverse      9  transcode        0   per element  0.000 /  0.000   (core 1 + host 1 + take 0)
  U-deep-u-repeated encode retain          forward      9  reverse      6  transcode       31   per element  0.000 /  0.000   (core 7 + host 1 + take 1)
  U-deep-u-varint decode                 forward      1  reverse      8  transcode        0   per element  0.000 /  0.000   (core 1 + host 0 + take 0)
  U-deep-u-varint encode                 forward      9  reverse      6  transcode       31   per element  0.000 /  0.000   (core 7 + host 1 + take 1)
  U-deep-u-varint decode retain          forward      2  reverse      9  transcode        0   per element  0.000 /  0.000   (core 1 + host 1 + take 0)
  U-deep-u-varint encode retain          forward      9  reverse      6  transcode       31   per element  0.000 /  0.000   (core 7 + host 1 + take 1)
  U-element-all decode                 forward      1  reverse      8  transcode        0   per element  0.000 /  0.000   (core 1 + host 0 + take 0)
  U-element-all encode                 forward      9  reverse      6  transcode       31   per element  0.000 /  0.000   (core 7 + host 1 + take 1)
  U-element-all decode retain          forward      2  reverse     10  transcode        0   per element  0.000 /  0.000   (core 1 + host 1 + take 0)
  U-element-all encode retain          forward      9  reverse      6  transcode       31   per element  0.000 /  0.000   (core 7 + host 1 + take 1)
  U-element-u-fixed32 decode                 forward      1  reverse      8  transcode        0   per element  0.000 /  0.000   (core 1 + host 0 + take 0)
  U-element-u-fixed32 encode                 forward      9  reverse      6  transcode       31   per element  0.000 /  0.000   (core 7 + host 1 + take 1)
  U-element-u-fixed32 decode retain          forward      2  reverse      9  transcode        0   per element  0.000 /  0.000   (core 1 + host 1 + take 0)
  U-element-u-fixed32 encode retain          forward      9  reverse      6  transcode       31   per element  0.000 /  0.000   (core 7 + host 1 + take 1)
  U-element-u-fixed64 decode                 forward      1  reverse      8  transcode        0   per element  0.000 /  0.000   (core 1 + host 0 + take 0)
  U-element-u-fixed64 encode                 forward      9  reverse      6  transcode       31   per element  0.000 /  0.000   (core 7 + host 1 + take 1)
  U-element-u-fixed64 decode retain          forward      2  reverse      9  transcode        0   per element  0.000 /  0.000   (core 1 + host 1 + take 0)
  U-element-u-fixed64 encode retain          forward      9  reverse      6  transcode       31   per element  0.000 /  0.000   (core 7 + host 1 + take 1)
  U-element-u-len decode                 forward      1  reverse      8  transcode        0   per element  0.000 /  0.000   (core 1 + host 0 + take 0)
  U-element-u-len encode                 forward      9  reverse      6  transcode       31   per element  0.000 /  0.000   (core 7 + host 1 + take 1)
  U-element-u-len decode retain          forward      2  reverse      9  transcode        0   per element  0.000 /  0.000   (core 1 + host 1 + take 0)
  U-element-u-len encode retain          forward      9  reverse      6  transcode       31   per element  0.000 /  0.000   (core 7 + host 1 + take 1)
  U-element-u-msg decode                 forward      1  reverse      8  transcode        0   per element  0.000 /  0.000   (core 1 + host 0 + take 0)
  U-element-u-msg encode                 forward      9  reverse      6  transcode       31   per element  0.000 /  0.000   (core 7 + host 1 + take 1)
  U-element-u-msg decode retain          forward      2  reverse      9  transcode        0   per element  0.000 /  0.000   (core 1 + host 1 + take 0)
  U-element-u-msg encode retain          forward      9  reverse      6  transcode       31   per element  0.000 /  0.000   (core 7 + host 1 + take 1)
  U-element-u-packed decode                 forward      1  reverse      8  transcode        0   per element  0.000 /  0.000   (core 1 + host 0 + take 0)
  U-element-u-packed encode                 forward      9  reverse      6  transcode       31   per element  0.000 /  0.000   (core 7 + host 1 + take 1)
  U-element-u-packed decode retain          forward      2  reverse      9  transcode        0   per element  0.000 /  0.000   (core 1 + host 1 + take 0)
  U-element-u-packed encode retain          forward      9  reverse      6  transcode       31   per element  0.000 /  0.000   (core 7 + host 1 + take 1)
  U-element-u-repeated decode                 forward      1  reverse      8  transcode        0   per element  0.000 /  0.000   (core 1 + host 0 + take 0)
  U-element-u-repeated encode                 forward      9  reverse      6  transcode       31   per element  0.000 /  0.000   (core 7 + host 1 + take 1)
  U-element-u-repeated decode retain          forward      2  reverse      9  transcode        0   per element  0.000 /  0.000   (core 1 + host 1 + take 0)
  U-element-u-repeated encode retain          forward      9  reverse      6  transcode       31   per element  0.000 /  0.000   (core 7 + host 1 + take 1)
  U-element-u-varint decode                 forward      1  reverse      8  transcode        0   per element  0.000 /  0.000   (core 1 + host 0 + take 0)
  U-element-u-varint encode                 forward      9  reverse      6  transcode       31   per element  0.000 /  0.000   (core 7 + host 1 + take 1)
  U-element-u-varint decode retain          forward      2  reverse      9  transcode        0   per element  0.000 /  0.000   (core 1 + host 1 + take 0)
  U-element-u-varint encode retain          forward      9  reverse      6  transcode       31   per element  0.000 /  0.000   (core 7 + host 1 + take 1)
  U-enum-value-127 decode                 forward      1  reverse      2  transcode        0   per element  0.000 /  0.000   (core 1 + host 0 + take 0)
  U-enum-value-127 encode                 forward      4  reverse      1  transcode        1   per element  0.000 /  0.000   (core 2 + host 1 + take 1)
  U-enum-value-127 decode retain          forward      2  reverse      2  transcode        0   per element  0.000 /  0.000   (core 1 + host 1 + take 0)
  U-enum-value-127 encode retain          forward      4  reverse      1  transcode        1   per element  0.000 /  0.000   (core 2 + host 1 + take 1)
  U-enum-value-2147483647 decode                 forward      1  reverse      2  transcode        0   per element  0.000 /  0.000   (core 1 + host 0 + take 0)
  U-enum-value-2147483647 encode                 forward      4  reverse      1  transcode        1   per element  0.000 /  0.000   (core 2 + host 1 + take 1)
  U-enum-value-2147483647 decode retain          forward      2  reverse      2  transcode        0   per element  0.000 /  0.000   (core 1 + host 1 + take 0)
  U-enum-value-2147483647 encode retain          forward      4  reverse      1  transcode        1   per element  0.000 /  0.000   (core 2 + host 1 + take 1)
  U-enum-value-999 decode                 forward      1  reverse      2  transcode        0   per element  0.000 /  0.000   (core 1 + host 0 + take 0)
  U-enum-value-999 encode                 forward      4  reverse      1  transcode        1   per element  0.000 /  0.000   (core 2 + host 1 + take 1)
  U-enum-value-999 decode retain          forward      2  reverse      2  transcode        0   per element  0.000 /  0.000   (core 1 + host 1 + take 0)
  U-enum-value-999 encode retain          forward      4  reverse      1  transcode        1   per element  0.000 /  0.000   (core 2 + host 1 + take 1)
  U-enum-value-packed decode                 forward      1  reverse      4  transcode        0   per element  0.000 /  0.000   (core 1 + host 0 + take 0)
  U-enum-value-packed encode                 forward      5  reverse      6  transcode        1   per element  0.000 /  0.000   (core 3 + host 1 + take 1)
  U-enum-value-packed decode retain          forward      2  reverse      4  transcode        0   per element  0.000 /  0.000   (core 1 + host 1 + take 0)
  U-enum-value-packed encode retain          forward      5  reverse      6  transcode        1   per element  0.000 /  0.000   (core 3 + host 1 + take 1)
  U-leaf-all decode                 forward      1  reverse      2  transcode        0   per element  0.000 /  0.000   (core 1 + host 0 + take 0)
  U-leaf-all encode                 forward      4  reverse      1  transcode        6   per element  0.000 /  0.000   (core 2 + host 1 + take 1)
  U-leaf-all decode retain          forward      2  reverse      8  transcode        0   per element  0.000 /  0.000   (core 1 + host 1 + take 0)
  U-leaf-all encode retain          forward      4  reverse      1  transcode        6   per element  0.000 /  0.000   (core 2 + host 1 + take 1)
  U-leaf-u-fixed32 decode                 forward      1  reverse      2  transcode        0   per element  0.000 /  0.000   (core 1 + host 0 + take 0)
  U-leaf-u-fixed32 encode                 forward      4  reverse      1  transcode        6   per element  0.000 /  0.000   (core 2 + host 1 + take 1)
  U-leaf-u-fixed32 decode retain          forward      2  reverse      4  transcode        0   per element  0.000 /  0.000   (core 1 + host 1 + take 0)
  U-leaf-u-fixed32 encode retain          forward      4  reverse      1  transcode        6   per element  0.000 /  0.000   (core 2 + host 1 + take 1)
  U-leaf-u-fixed64 decode                 forward      1  reverse      2  transcode        0   per element  0.000 /  0.000   (core 1 + host 0 + take 0)
  U-leaf-u-fixed64 encode                 forward      4  reverse      1  transcode        6   per element  0.000 /  0.000   (core 2 + host 1 + take 1)
  U-leaf-u-fixed64 decode retain          forward      2  reverse      4  transcode        0   per element  0.000 /  0.000   (core 1 + host 1 + take 0)
  U-leaf-u-fixed64 encode retain          forward      4  reverse      1  transcode        6   per element  0.000 /  0.000   (core 2 + host 1 + take 1)
  U-leaf-u-len decode                 forward      1  reverse      2  transcode        0   per element  0.000 /  0.000   (core 1 + host 0 + take 0)
  U-leaf-u-len encode                 forward      4  reverse      1  transcode        6   per element  0.000 /  0.000   (core 2 + host 1 + take 1)
  U-leaf-u-len decode retain          forward      2  reverse      4  transcode        0   per element  0.000 /  0.000   (core 1 + host 1 + take 0)
  U-leaf-u-len encode retain          forward      4  reverse      1  transcode        6   per element  0.000 /  0.000   (core 2 + host 1 + take 1)
  U-leaf-u-msg decode                 forward      1  reverse      2  transcode        0   per element  0.000 /  0.000   (core 1 + host 0 + take 0)
  U-leaf-u-msg encode                 forward      4  reverse      1  transcode        6   per element  0.000 /  0.000   (core 2 + host 1 + take 1)
  U-leaf-u-msg decode retain          forward      2  reverse      4  transcode        0   per element  0.000 /  0.000   (core 1 + host 1 + take 0)
  U-leaf-u-msg encode retain          forward      4  reverse      1  transcode        6   per element  0.000 /  0.000   (core 2 + host 1 + take 1)
  U-leaf-u-packed decode                 forward      1  reverse      2  transcode        0   per element  0.000 /  0.000   (core 1 + host 0 + take 0)
  U-leaf-u-packed encode                 forward      4  reverse      1  transcode        6   per element  0.000 /  0.000   (core 2 + host 1 + take 1)
  U-leaf-u-packed decode retain          forward      2  reverse      4  transcode        0   per element  0.000 /  0.000   (core 1 + host 1 + take 0)
  U-leaf-u-packed encode retain          forward      4  reverse      1  transcode        6   per element  0.000 /  0.000   (core 2 + host 1 + take 1)
  U-leaf-u-repeated decode                 forward      1  reverse      2  transcode        0   per element  0.000 /  0.000   (core 1 + host 0 + take 0)
  U-leaf-u-repeated encode                 forward      4  reverse      1  transcode        6   per element  0.000 /  0.000   (core 2 + host 1 + take 1)
  U-leaf-u-repeated decode retain          forward      2  reverse      4  transcode        0   per element  0.000 /  0.000   (core 1 + host 1 + take 0)
  U-leaf-u-repeated encode retain          forward      4  reverse      1  transcode        6   per element  0.000 /  0.000   (core 2 + host 1 + take 1)
  U-leaf-u-varint decode                 forward      1  reverse      2  transcode        0   per element  0.000 /  0.000   (core 1 + host 0 + take 0)
  U-leaf-u-varint encode                 forward      4  reverse      1  transcode        6   per element  0.000 /  0.000   (core 2 + host 1 + take 1)
  U-leaf-u-varint decode retain          forward      2  reverse      4  transcode        0   per element  0.000 /  0.000   (core 1 + host 1 + take 0)
  U-leaf-u-varint encode retain          forward      4  reverse      1  transcode        6   per element  0.000 /  0.000   (core 2 + host 1 + take 1)
  U-nested-all decode                 forward      1  reverse      2  transcode        0   per element  0.000 /  0.000   (core 1 + host 0 + take 0)
  U-nested-all encode                 forward      4  reverse      1  transcode        6   per element  0.000 /  0.000   (core 2 + host 1 + take 1)
  U-nested-all decode retain          forward      2  reverse      4  transcode        0   per element  0.000 /  0.000   (core 1 + host 1 + take 0)
  U-nested-all encode retain          forward      4  reverse      1  transcode        6   per element  0.000 /  0.000   (core 2 + host 1 + take 1)
  U-nested-before decode                 forward      1  reverse      2  transcode        0   per element  0.000 /  0.000   (core 1 + host 0 + take 0)
  U-nested-before encode                 forward      4  reverse      1  transcode        6   per element  0.000 /  0.000   (core 2 + host 1 + take 1)
  U-nested-before decode retain          forward      2  reverse      4  transcode        0   per element  0.000 /  0.000   (core 1 + host 1 + take 0)
  U-nested-before encode retain          forward      4  reverse      1  transcode        6   per element  0.000 /  0.000   (core 2 + host 1 + take 1)
  U-nested-group decode                 forward      1  reverse      2  transcode        0   per element  0.000 /  0.000   (core 1 + host 0 + take 0)
  U-nested-group encode                 forward      4  reverse      1  transcode        6   per element  0.000 /  0.000   (core 2 + host 1 + take 1)
  U-nested-group decode retain          forward      2  reverse      3  transcode        0   per element  0.000 /  0.000   (core 1 + host 1 + take 0)
  U-nested-group encode retain          forward      4  reverse      1  transcode        6   per element  0.000 /  0.000   (core 2 + host 1 + take 1)
  U-nested-interleaved decode                 forward      1  reverse      2  transcode        0   per element  0.000 /  0.000   (core 1 + host 0 + take 0)
  U-nested-interleaved encode                 forward      4  reverse      1  transcode        6   per element  0.000 /  0.000   (core 2 + host 1 + take 1)
  U-nested-interleaved decode retain          forward      2  reverse      4  transcode        0   per element  0.000 /  0.000   (core 1 + host 1 + take 0)
  U-nested-interleaved encode retain          forward      4  reverse      1  transcode        6   per element  0.000 /  0.000   (core 2 + host 1 + take 1)
  U-nested-u-fixed32 decode                 forward      1  reverse      2  transcode        0   per element  0.000 /  0.000   (core 1 + host 0 + take 0)
  U-nested-u-fixed32 encode                 forward      4  reverse      1  transcode        6   per element  0.000 /  0.000   (core 2 + host 1 + take 1)
  U-nested-u-fixed32 decode retain          forward      2  reverse      3  transcode        0   per element  0.000 /  0.000   (core 1 + host 1 + take 0)
  U-nested-u-fixed32 encode retain          forward      4  reverse      1  transcode        6   per element  0.000 /  0.000   (core 2 + host 1 + take 1)
  U-nested-u-fixed64 decode                 forward      1  reverse      2  transcode        0   per element  0.000 /  0.000   (core 1 + host 0 + take 0)
  U-nested-u-fixed64 encode                 forward      4  reverse      1  transcode        6   per element  0.000 /  0.000   (core 2 + host 1 + take 1)
  U-nested-u-fixed64 decode retain          forward      2  reverse      3  transcode        0   per element  0.000 /  0.000   (core 1 + host 1 + take 0)
  U-nested-u-fixed64 encode retain          forward      4  reverse      1  transcode        6   per element  0.000 /  0.000   (core 2 + host 1 + take 1)
  U-nested-u-len decode                 forward      1  reverse      2  transcode        0   per element  0.000 /  0.000   (core 1 + host 0 + take 0)
  U-nested-u-len encode                 forward      4  reverse      1  transcode        6   per element  0.000 /  0.000   (core 2 + host 1 + take 1)
  U-nested-u-len decode retain          forward      2  reverse      3  transcode        0   per element  0.000 /  0.000   (core 1 + host 1 + take 0)
  U-nested-u-len encode retain          forward      4  reverse      1  transcode        6   per element  0.000 /  0.000   (core 2 + host 1 + take 1)
  U-nested-u-msg decode                 forward      1  reverse      2  transcode        0   per element  0.000 /  0.000   (core 1 + host 0 + take 0)
  U-nested-u-msg encode                 forward      4  reverse      1  transcode        6   per element  0.000 /  0.000   (core 2 + host 1 + take 1)
  U-nested-u-msg decode retain          forward      2  reverse      3  transcode        0   per element  0.000 /  0.000   (core 1 + host 1 + take 0)
  U-nested-u-msg encode retain          forward      4  reverse      1  transcode        6   per element  0.000 /  0.000   (core 2 + host 1 + take 1)
  U-nested-u-packed decode                 forward      1  reverse      2  transcode        0   per element  0.000 /  0.000   (core 1 + host 0 + take 0)
  U-nested-u-packed encode                 forward      4  reverse      1  transcode        6   per element  0.000 /  0.000   (core 2 + host 1 + take 1)
  U-nested-u-packed decode retain          forward      2  reverse      3  transcode        0   per element  0.000 /  0.000   (core 1 + host 1 + take 0)
  U-nested-u-packed encode retain          forward      4  reverse      1  transcode        6   per element  0.000 /  0.000   (core 2 + host 1 + take 1)
  U-nested-u-repeated decode                 forward      1  reverse      2  transcode        0   per element  0.000 /  0.000   (core 1 + host 0 + take 0)
  U-nested-u-repeated encode                 forward      4  reverse      1  transcode        6   per element  0.000 /  0.000   (core 2 + host 1 + take 1)
  U-nested-u-repeated decode retain          forward      2  reverse      3  transcode        0   per element  0.000 /  0.000   (core 1 + host 1 + take 0)
  U-nested-u-repeated encode retain          forward      4  reverse      1  transcode        6   per element  0.000 /  0.000   (core 2 + host 1 + take 1)
  U-nested-u-varint decode                 forward      1  reverse      2  transcode        0   per element  0.000 /  0.000   (core 1 + host 0 + take 0)
  U-nested-u-varint encode                 forward      4  reverse      1  transcode        6   per element  0.000 /  0.000   (core 2 + host 1 + take 1)
  U-nested-u-varint decode retain          forward      2  reverse      3  transcode        0   per element  0.000 /  0.000   (core 1 + host 1 + take 0)
  U-nested-u-varint encode retain          forward      4  reverse      1  transcode        6   per element  0.000 /  0.000   (core 2 + host 1 + take 1)
  U-oneof-all decode                 forward      1  reverse      2  transcode        0   per element  0.000 /  0.000   (core 1 + host 0 + take 0)
  U-oneof-all encode                 forward      4  reverse      1  transcode        2   per element  0.000 /  0.000   (core 2 + host 1 + take 1)
  U-oneof-all decode retain          forward      2  reverse      4  transcode        0   per element  0.000 /  0.000   (core 1 + host 1 + take 0)
  U-oneof-all encode retain          forward      4  reverse      1  transcode        2   per element  0.000 /  0.000   (core 2 + host 1 + take 1)
  U-oneof-before decode                 forward      1  reverse      2  transcode        0   per element  0.000 /  0.000   (core 1 + host 0 + take 0)
  U-oneof-before encode                 forward      4  reverse      1  transcode        2   per element  0.000 /  0.000   (core 2 + host 1 + take 1)
  U-oneof-before decode retain          forward      2  reverse      4  transcode        0   per element  0.000 /  0.000   (core 1 + host 1 + take 0)
  U-oneof-before encode retain          forward      4  reverse      1  transcode        2   per element  0.000 /  0.000   (core 2 + host 1 + take 1)
  U-oneof-group decode                 forward      1  reverse      2  transcode        0   per element  0.000 /  0.000   (core 1 + host 0 + take 0)
  U-oneof-group encode                 forward      4  reverse      1  transcode        2   per element  0.000 /  0.000   (core 2 + host 1 + take 1)
  U-oneof-group decode retain          forward      2  reverse      3  transcode        0   per element  0.000 /  0.000   (core 1 + host 1 + take 0)
  U-oneof-group encode retain          forward      4  reverse      1  transcode        2   per element  0.000 /  0.000   (core 2 + host 1 + take 1)
  U-oneof-interleaved decode                 forward      1  reverse      2  transcode        0   per element  0.000 /  0.000   (core 1 + host 0 + take 0)
  U-oneof-interleaved encode                 forward      4  reverse      1  transcode        2   per element  0.000 /  0.000   (core 2 + host 1 + take 1)
  U-oneof-interleaved decode retain          forward      2  reverse      4  transcode        0   per element  0.000 /  0.000   (core 1 + host 1 + take 0)
  U-oneof-interleaved encode retain          forward      4  reverse      1  transcode        2   per element  0.000 /  0.000   (core 2 + host 1 + take 1)
  U-oneof-member-after-known decode                 forward      1  reverse      2  transcode        0   per element  0.000 /  0.000   (core 1 + host 0 + take 0)
  U-oneof-member-after-known encode                 forward      4  reverse      1  transcode        2   per element  0.000 /  0.000   (core 2 + host 1 + take 1)
  U-oneof-member-after-known decode retain          forward      2  reverse      3  transcode        0   per element  0.000 /  0.000   (core 1 + host 1 + take 0)
  U-oneof-member-after-known encode retain          forward      4  reverse      1  transcode        2   per element  0.000 /  0.000   (core 2 + host 1 + take 1)
  U-oneof-member-alone decode                 forward      1  reverse      2  transcode        0   per element  0.000 /  0.000   (core 1 + host 0 + take 0)
  U-oneof-member-alone encode                 forward      4  reverse      1  transcode        2   per element  0.000 /  0.000   (core 2 + host 1 + take 1)
  U-oneof-member-alone decode retain          forward      2  reverse      3  transcode        0   per element  0.000 /  0.000   (core 1 + host 1 + take 0)
  U-oneof-member-alone encode retain          forward      4  reverse      1  transcode        2   per element  0.000 /  0.000   (core 2 + host 1 + take 1)
  U-oneof-member-before-known decode                 forward      1  reverse      2  transcode        0   per element  0.000 /  0.000   (core 1 + host 0 + take 0)
  U-oneof-member-before-known encode                 forward      4  reverse      1  transcode        2   per element  0.000 /  0.000   (core 2 + host 1 + take 1)
  U-oneof-member-before-known decode retain          forward      2  reverse      3  transcode        0   per element  0.000 /  0.000   (core 1 + host 1 + take 0)
  U-oneof-member-before-known encode retain          forward      4  reverse      1  transcode        2   per element  0.000 /  0.000   (core 2 + host 1 + take 1)
  U-oneof-u-fixed32 decode                 forward      1  reverse      2  transcode        0   per element  0.000 /  0.000   (core 1 + host 0 + take 0)
  U-oneof-u-fixed32 encode                 forward      4  reverse      1  transcode        2   per element  0.000 /  0.000   (core 2 + host 1 + take 1)
  U-oneof-u-fixed32 decode retain          forward      2  reverse      3  transcode        0   per element  0.000 /  0.000   (core 1 + host 1 + take 0)
  U-oneof-u-fixed32 encode retain          forward      4  reverse      1  transcode        2   per element  0.000 /  0.000   (core 2 + host 1 + take 1)
  U-oneof-u-fixed64 decode                 forward      1  reverse      2  transcode        0   per element  0.000 /  0.000   (core 1 + host 0 + take 0)
  U-oneof-u-fixed64 encode                 forward      4  reverse      1  transcode        2   per element  0.000 /  0.000   (core 2 + host 1 + take 1)
  U-oneof-u-fixed64 decode retain          forward      2  reverse      3  transcode        0   per element  0.000 /  0.000   (core 1 + host 1 + take 0)
  U-oneof-u-fixed64 encode retain          forward      4  reverse      1  transcode        2   per element  0.000 /  0.000   (core 2 + host 1 + take 1)
  U-oneof-u-len decode                 forward      1  reverse      2  transcode        0   per element  0.000 /  0.000   (core 1 + host 0 + take 0)
  U-oneof-u-len encode                 forward      4  reverse      1  transcode        2   per element  0.000 /  0.000   (core 2 + host 1 + take 1)
  U-oneof-u-len decode retain          forward      2  reverse      3  transcode        0   per element  0.000 /  0.000   (core 1 + host 1 + take 0)
  U-oneof-u-len encode retain          forward      4  reverse      1  transcode        2   per element  0.000 /  0.000   (core 2 + host 1 + take 1)
  U-oneof-u-msg decode                 forward      1  reverse      2  transcode        0   per element  0.000 /  0.000   (core 1 + host 0 + take 0)
  U-oneof-u-msg encode                 forward      4  reverse      1  transcode        2   per element  0.000 /  0.000   (core 2 + host 1 + take 1)
  U-oneof-u-msg decode retain          forward      2  reverse      3  transcode        0   per element  0.000 /  0.000   (core 1 + host 1 + take 0)
  U-oneof-u-msg encode retain          forward      4  reverse      1  transcode        2   per element  0.000 /  0.000   (core 2 + host 1 + take 1)
  U-oneof-u-packed decode                 forward      1  reverse      2  transcode        0   per element  0.000 /  0.000   (core 1 + host 0 + take 0)
  U-oneof-u-packed encode                 forward      4  reverse      1  transcode        2   per element  0.000 /  0.000   (core 2 + host 1 + take 1)
  U-oneof-u-packed decode retain          forward      2  reverse      3  transcode        0   per element  0.000 /  0.000   (core 1 + host 1 + take 0)
  U-oneof-u-packed encode retain          forward      4  reverse      1  transcode        2   per element  0.000 /  0.000   (core 2 + host 1 + take 1)
  U-oneof-u-repeated decode                 forward      1  reverse      2  transcode        0   per element  0.000 /  0.000   (core 1 + host 0 + take 0)
  U-oneof-u-repeated encode                 forward      4  reverse      1  transcode        2   per element  0.000 /  0.000   (core 2 + host 1 + take 1)
  U-oneof-u-repeated decode retain          forward      2  reverse      3  transcode        0   per element  0.000 /  0.000   (core 1 + host 1 + take 0)
  U-oneof-u-repeated encode retain          forward      4  reverse      1  transcode        2   per element  0.000 /  0.000   (core 2 + host 1 + take 1)
  U-oneof-u-varint decode                 forward      1  reverse      2  transcode        0   per element  0.000 /  0.000   (core 1 + host 0 + take 0)
  U-oneof-u-varint encode                 forward      4  reverse      1  transcode        2   per element  0.000 /  0.000   (core 2 + host 1 + take 1)
  U-oneof-u-varint decode retain          forward      2  reverse      3  transcode        0   per element  0.000 /  0.000   (core 1 + host 1 + take 0)
  U-oneof-u-varint encode retain          forward      4  reverse      1  transcode        2   per element  0.000 /  0.000   (core 2 + host 1 + take 1)
  U-root-all decode                 forward      1  reverse      2  transcode        0   per element  0.000 /  0.000   (core 1 + host 0 + take 0)
  U-root-all encode                 forward      4  reverse      1  transcode       12   per element  0.000 /  0.000   (core 2 + host 1 + take 1)
  U-root-all decode retain          forward      2  reverse      4  transcode        0   per element  0.000 /  0.000   (core 1 + host 1 + take 0)
  U-root-all encode retain          forward      4  reverse      1  transcode       12   per element  0.000 /  0.000   (core 2 + host 1 + take 1)
  U-root-before decode                 forward      1  reverse      2  transcode        0   per element  0.000 /  0.000   (core 1 + host 0 + take 0)
  U-root-before encode                 forward      4  reverse      1  transcode       12   per element  0.000 /  0.000   (core 2 + host 1 + take 1)
  U-root-before decode retain          forward      2  reverse      4  transcode        0   per element  0.000 /  0.000   (core 1 + host 1 + take 0)
  U-root-before encode retain          forward      4  reverse      1  transcode       12   per element  0.000 /  0.000   (core 2 + host 1 + take 1)
  U-root-group decode                 forward      1  reverse      2  transcode        0   per element  0.000 /  0.000   (core 1 + host 0 + take 0)
  U-root-group encode                 forward      4  reverse      1  transcode       12   per element  0.000 /  0.000   (core 2 + host 1 + take 1)
  U-root-group decode retain          forward      2  reverse      3  transcode        0   per element  0.000 /  0.000   (core 1 + host 1 + take 0)
  U-root-group encode retain          forward      4  reverse      1  transcode       12   per element  0.000 /  0.000   (core 2 + host 1 + take 1)
  U-root-interleaved decode                 forward      1  reverse      2  transcode        0   per element  0.000 /  0.000   (core 1 + host 0 + take 0)
  U-root-interleaved encode                 forward      4  reverse      1  transcode       12   per element  0.000 /  0.000   (core 2 + host 1 + take 1)
  U-root-interleaved decode retain          forward      2  reverse      4  transcode        0   per element  0.000 /  0.000   (core 1 + host 1 + take 0)
  U-root-interleaved encode retain          forward      4  reverse      1  transcode       12   per element  0.000 /  0.000   (core 2 + host 1 + take 1)
  U-root-max-tag decode                 forward      1  reverse      2  transcode        0   per element  0.000 /  0.000   (core 1 + host 0 + take 0)
  U-root-max-tag encode                 forward      4  reverse      1  transcode       12   per element  0.000 /  0.000   (core 2 + host 1 + take 1)
  U-root-max-tag decode retain          forward      2  reverse      3  transcode        0   per element  0.000 /  0.000   (core 1 + host 1 + take 0)
  U-root-max-tag encode retain          forward      4  reverse      1  transcode       12   per element  0.000 /  0.000   (core 2 + host 1 + take 1)
  U-root-u-fixed32 decode                 forward      1  reverse      2  transcode        0   per element  0.000 /  0.000   (core 1 + host 0 + take 0)
  U-root-u-fixed32 encode                 forward      4  reverse      1  transcode       12   per element  0.000 /  0.000   (core 2 + host 1 + take 1)
  U-root-u-fixed32 decode retain          forward      2  reverse      3  transcode        0   per element  0.000 /  0.000   (core 1 + host 1 + take 0)
  U-root-u-fixed32 encode retain          forward      4  reverse      1  transcode       12   per element  0.000 /  0.000   (core 2 + host 1 + take 1)
  U-root-u-fixed64 decode                 forward      1  reverse      2  transcode        0   per element  0.000 /  0.000   (core 1 + host 0 + take 0)
  U-root-u-fixed64 encode                 forward      4  reverse      1  transcode       12   per element  0.000 /  0.000   (core 2 + host 1 + take 1)
  U-root-u-fixed64 decode retain          forward      2  reverse      3  transcode        0   per element  0.000 /  0.000   (core 1 + host 1 + take 0)
  U-root-u-fixed64 encode retain          forward      4  reverse      1  transcode       12   per element  0.000 /  0.000   (core 2 + host 1 + take 1)
  U-root-u-len decode                 forward      1  reverse      2  transcode        0   per element  0.000 /  0.000   (core 1 + host 0 + take 0)
  U-root-u-len encode                 forward      4  reverse      1  transcode       12   per element  0.000 /  0.000   (core 2 + host 1 + take 1)
  U-root-u-len decode retain          forward      2  reverse      3  transcode        0   per element  0.000 /  0.000   (core 1 + host 1 + take 0)
  U-root-u-len encode retain          forward      4  reverse      1  transcode       12   per element  0.000 /  0.000   (core 2 + host 1 + take 1)
  U-root-u-msg decode                 forward      1  reverse      2  transcode        0   per element  0.000 /  0.000   (core 1 + host 0 + take 0)
  U-root-u-msg encode                 forward      4  reverse      1  transcode       12   per element  0.000 /  0.000   (core 2 + host 1 + take 1)
  U-root-u-msg decode retain          forward      2  reverse      3  transcode        0   per element  0.000 /  0.000   (core 1 + host 1 + take 0)
  U-root-u-msg encode retain          forward      4  reverse      1  transcode       12   per element  0.000 /  0.000   (core 2 + host 1 + take 1)
  U-root-u-packed decode                 forward      1  reverse      2  transcode        0   per element  0.000 /  0.000   (core 1 + host 0 + take 0)
  U-root-u-packed encode                 forward      4  reverse      1  transcode       12   per element  0.000 /  0.000   (core 2 + host 1 + take 1)
  U-root-u-packed decode retain          forward      2  reverse      3  transcode        0   per element  0.000 /  0.000   (core 1 + host 1 + take 0)
  U-root-u-packed encode retain          forward      4  reverse      1  transcode       12   per element  0.000 /  0.000   (core 2 + host 1 + take 1)
  U-root-u-repeated decode                 forward      1  reverse      2  transcode        0   per element  0.000 /  0.000   (core 1 + host 0 + take 0)
  U-root-u-repeated encode                 forward      4  reverse      1  transcode       12   per element  0.000 /  0.000   (core 2 + host 1 + take 1)
  U-root-u-repeated decode retain          forward      2  reverse      3  transcode        0   per element  0.000 /  0.000   (core 1 + host 1 + take 0)
  U-root-u-repeated encode retain          forward      4  reverse      1  transcode       12   per element  0.000 /  0.000   (core 2 + host 1 + take 1)
  U-root-u-varint decode                 forward      1  reverse      2  transcode        0   per element  0.000 /  0.000   (core 1 + host 0 + take 0)
  U-root-u-varint encode                 forward      4  reverse      1  transcode       12   per element  0.000 /  0.000   (core 2 + host 1 + take 1)
  U-root-u-varint decode retain          forward      2  reverse      3  transcode        0   per element  0.000 /  0.000   (core 1 + host 1 + take 0)
  U-root-u-varint encode retain          forward      4  reverse      1  transcode       12   per element  0.000 /  0.000   (core 2 + host 1 + take 1)
  U-wire-DualResponse-left-as-wt0 decode                 forward      1  reverse      3  transcode        0   per element  0.000 /  0.000   (core 1 + host 0 + take 0)
  U-wire-DualResponse-left-as-wt0 encode                 forward      5  reverse      2  transcode        4   per element  0.000 /  0.000   (core 3 + host 1 + take 1)
  U-wire-DualResponse-left-as-wt0 decode retain          forward      2  reverse      4  transcode        0   per element  0.000 /  0.000   (core 1 + host 1 + take 0)
  U-wire-DualResponse-left-as-wt0 encode retain          forward      5  reverse      2  transcode        4   per element  0.000 /  0.000   (core 3 + host 1 + take 1)
  U-wire-DualResponse-left-as-wt1 decode                 forward      1  reverse      3  transcode        0   per element  0.000 /  0.000   (core 1 + host 0 + take 0)
  U-wire-DualResponse-left-as-wt1 encode                 forward      5  reverse      2  transcode        4   per element  0.000 /  0.000   (core 3 + host 1 + take 1)
  U-wire-DualResponse-left-as-wt1 decode retain          forward      2  reverse      4  transcode        0   per element  0.000 /  0.000   (core 1 + host 1 + take 0)
  U-wire-DualResponse-left-as-wt1 encode retain          forward      5  reverse      2  transcode        4   per element  0.000 /  0.000   (core 3 + host 1 + take 1)
  U-wire-DualResponse-left-as-wt5 decode                 forward      1  reverse      3  transcode        0   per element  0.000 /  0.000   (core 1 + host 0 + take 0)
  U-wire-DualResponse-left-as-wt5 encode                 forward      5  reverse      2  transcode        4   per element  0.000 /  0.000   (core 3 + host 1 + take 1)
  U-wire-DualResponse-left-as-wt5 decode retain          forward      2  reverse      4  transcode        0   per element  0.000 /  0.000   (core 1 + host 1 + take 0)
  U-wire-DualResponse-left-as-wt5 encode retain          forward      5  reverse      2  transcode        4   per element  0.000 /  0.000   (core 3 + host 1 + take 1)
  U-wire-ListMetricsResponse-batches-as-wt0 decode                 forward      1  reverse     15  transcode        0   per element  0.000 /  0.000   (core 1 + host 0 + take 0)
  U-wire-ListMetricsResponse-batches-as-wt0 encode                 forward     14  reverse     11  transcode        2   per element  0.000 /  0.000   (core 12 + host 1 + take 1)
  U-wire-ListMetricsResponse-batches-as-wt0 decode retain          forward      2  reverse     16  transcode        0   per element  0.000 /  0.000   (core 1 + host 1 + take 0)
  U-wire-ListMetricsResponse-batches-as-wt0 encode retain          forward     14  reverse     11  transcode        2   per element  0.000 /  0.000   (core 12 + host 1 + take 1)
  U-wire-ListMetricsResponse-batches-as-wt1 decode                 forward      1  reverse     15  transcode        0   per element  0.000 /  0.000   (core 1 + host 0 + take 0)
  U-wire-ListMetricsResponse-batches-as-wt1 encode                 forward     14  reverse     11  transcode        2   per element  0.000 /  0.000   (core 12 + host 1 + take 1)
  U-wire-ListMetricsResponse-batches-as-wt1 decode retain          forward      2  reverse     16  transcode        0   per element  0.000 /  0.000   (core 1 + host 1 + take 0)
  U-wire-ListMetricsResponse-batches-as-wt1 encode retain          forward     14  reverse     11  transcode        2   per element  0.000 /  0.000   (core 12 + host 1 + take 1)
  U-wire-ListMetricsResponse-batches-as-wt5 decode                 forward      1  reverse     15  transcode        0   per element  0.000 /  0.000   (core 1 + host 0 + take 0)
  U-wire-ListMetricsResponse-batches-as-wt5 encode                 forward     14  reverse     11  transcode        2   per element  0.000 /  0.000   (core 12 + host 1 + take 1)
  U-wire-ListMetricsResponse-batches-as-wt5 decode retain          forward      2  reverse     16  transcode        0   per element  0.000 /  0.000   (core 1 + host 1 + take 0)
  U-wire-ListMetricsResponse-batches-as-wt5 encode retain          forward     14  reverse     11  transcode        2   per element  0.000 /  0.000   (core 12 + host 1 + take 1)
  U-wire-ListProbeResponse-probes-as-wt0 decode                 forward      1  reverse      2  transcode        0   per element  0.000 /  0.000   (core 1 + host 0 + take 0)
  U-wire-ListProbeResponse-probes-as-wt0 encode                 forward      4  reverse      1  transcode        5   per element  0.000 /  0.000   (core 2 + host 1 + take 1)
  U-wire-ListProbeResponse-probes-as-wt0 decode retain          forward      2  reverse      3  transcode        0   per element  0.000 /  0.000   (core 1 + host 1 + take 0)
  U-wire-ListProbeResponse-probes-as-wt0 encode retain          forward      4  reverse      1  transcode        5   per element  0.000 /  0.000   (core 2 + host 1 + take 1)
  U-wire-ListProbeResponse-probes-as-wt1 decode                 forward      1  reverse      2  transcode        0   per element  0.000 /  0.000   (core 1 + host 0 + take 0)
  U-wire-ListProbeResponse-probes-as-wt1 encode                 forward      4  reverse      1  transcode        5   per element  0.000 /  0.000   (core 2 + host 1 + take 1)
  U-wire-ListProbeResponse-probes-as-wt1 decode retain          forward      2  reverse      3  transcode        0   per element  0.000 /  0.000   (core 1 + host 1 + take 0)
  U-wire-ListProbeResponse-probes-as-wt1 encode retain          forward      4  reverse      1  transcode        5   per element  0.000 /  0.000   (core 2 + host 1 + take 1)
  U-wire-ListProbeResponse-probes-as-wt5 decode                 forward      1  reverse      2  transcode        0   per element  0.000 /  0.000   (core 1 + host 0 + take 0)
  U-wire-ListProbeResponse-probes-as-wt5 encode                 forward      4  reverse      1  transcode        5   per element  0.000 /  0.000   (core 2 + host 1 + take 1)
  U-wire-ListProbeResponse-probes-as-wt5 decode retain          forward      2  reverse      3  transcode        0   per element  0.000 /  0.000   (core 1 + host 1 + take 0)
  U-wire-ListProbeResponse-probes-as-wt5 encode retain          forward      4  reverse      1  transcode        5   per element  0.000 /  0.000   (core 2 + host 1 + take 1)
  U-wire-ListResultsResponse-page-as-wt1 decode                 forward      1  reverse      2  transcode        0   per element  0.000 /  0.000   (core 1 + host 0 + take 0)
  U-wire-ListResultsResponse-page-as-wt1 encode                 forward      4  reverse      1  transcode       12   per element  0.000 /  0.000   (core 2 + host 1 + take 1)
  U-wire-ListResultsResponse-page-as-wt1 decode retain          forward      2  reverse      3  transcode        0   per element  0.000 /  0.000   (core 1 + host 1 + take 0)
  U-wire-ListResultsResponse-page-as-wt1 encode retain          forward      4  reverse      1  transcode       12   per element  0.000 /  0.000   (core 2 + host 1 + take 1)
  U-wire-ListResultsResponse-page-as-wt2 decode                 forward      1  reverse      2  transcode        0   per element  0.000 /  0.000   (core 1 + host 0 + take 0)
  U-wire-ListResultsResponse-page-as-wt2 encode                 forward      4  reverse      1  transcode       12   per element  0.000 /  0.000   (core 2 + host 1 + take 1)
  U-wire-ListResultsResponse-page-as-wt2 decode retain          forward      2  reverse      3  transcode        0   per element  0.000 /  0.000   (core 1 + host 1 + take 0)
  U-wire-ListResultsResponse-page-as-wt2 encode retain          forward      4  reverse      1  transcode       12   per element  0.000 /  0.000   (core 2 + host 1 + take 1)
  U-wire-ListResultsResponse-page-as-wt5 decode                 forward      1  reverse      2  transcode        0   per element  0.000 /  0.000   (core 1 + host 0 + take 0)
  U-wire-ListResultsResponse-page-as-wt5 encode                 forward      4  reverse      1  transcode       12   per element  0.000 /  0.000   (core 2 + host 1 + take 1)
  U-wire-ListResultsResponse-page-as-wt5 decode retain          forward      2  reverse      3  transcode        0   per element  0.000 /  0.000   (core 1 + host 1 + take 0)
  U-wire-ListResultsResponse-page-as-wt5 encode retain          forward      4  reverse      1  transcode       12   per element  0.000 /  0.000   (core 2 + host 1 + take 1)
  U-wire-ListResultsResponse-results-as-wt0 decode                 forward      1  reverse      2  transcode        0   per element  0.000 /  0.000   (core 1 + host 0 + take 0)
  U-wire-ListResultsResponse-results-as-wt0 encode                 forward      4  reverse      1  transcode       12   per element  0.000 /  0.000   (core 2 + host 1 + take 1)
  U-wire-ListResultsResponse-results-as-wt0 decode retain          forward      2  reverse      3  transcode        0   per element  0.000 /  0.000   (core 1 + host 1 + take 0)
  U-wire-ListResultsResponse-results-as-wt0 encode retain          forward      4  reverse      1  transcode       12   per element  0.000 /  0.000   (core 2 + host 1 + take 1)
  U-wire-ListResultsResponse-results-as-wt1 decode                 forward      1  reverse      2  transcode        0   per element  0.000 /  0.000   (core 1 + host 0 + take 0)
  U-wire-ListResultsResponse-results-as-wt1 encode                 forward      4  reverse      1  transcode       12   per element  0.000 /  0.000   (core 2 + host 1 + take 1)
  U-wire-ListResultsResponse-results-as-wt1 decode retain          forward      2  reverse      3  transcode        0   per element  0.000 /  0.000   (core 1 + host 1 + take 0)
  U-wire-ListResultsResponse-results-as-wt1 encode retain          forward      4  reverse      1  transcode       12   per element  0.000 /  0.000   (core 2 + host 1 + take 1)
  U-wire-ListResultsResponse-results-as-wt5 decode                 forward      1  reverse      2  transcode        0   per element  0.000 /  0.000   (core 1 + host 0 + take 0)
  U-wire-ListResultsResponse-results-as-wt5 encode                 forward      4  reverse      1  transcode       12   per element  0.000 /  0.000   (core 2 + host 1 + take 1)
  U-wire-ListResultsResponse-results-as-wt5 decode retain          forward      2  reverse      3  transcode        0   per element  0.000 /  0.000   (core 1 + host 1 + take 0)
  U-wire-ListResultsResponse-results-as-wt5 encode retain          forward      4  reverse      1  transcode       12   per element  0.000 /  0.000   (core 2 + host 1 + take 1)
  U-wire-ListTaskSummaryResponse-tasks-as-wt0 decode                 forward      1  reverse      7  transcode        0   per element  0.000 /  0.000   (core 1 + host 0 + take 0)
  U-wire-ListTaskSummaryResponse-tasks-as-wt0 encode                 forward      6  reverse      3  transcode       36   per element  0.000 /  0.000   (core 4 + host 1 + take 1)
  U-wire-ListTaskSummaryResponse-tasks-as-wt0 decode retain          forward      2  reverse      8  transcode        0   per element  0.000 /  0.000   (core 1 + host 1 + take 0)
  U-wire-ListTaskSummaryResponse-tasks-as-wt0 encode retain          forward      6  reverse      3  transcode       36   per element  0.000 /  0.000   (core 4 + host 1 + take 1)
  U-wire-ListTaskSummaryResponse-tasks-as-wt1 decode                 forward      1  reverse      7  transcode        0   per element  0.000 /  0.000   (core 1 + host 0 + take 0)
  U-wire-ListTaskSummaryResponse-tasks-as-wt1 encode                 forward      6  reverse      3  transcode       36   per element  0.000 /  0.000   (core 4 + host 1 + take 1)
  U-wire-ListTaskSummaryResponse-tasks-as-wt1 decode retain          forward      2  reverse      8  transcode        0   per element  0.000 /  0.000   (core 1 + host 1 + take 0)
  U-wire-ListTaskSummaryResponse-tasks-as-wt1 encode retain          forward      6  reverse      3  transcode       36   per element  0.000 /  0.000   (core 4 + host 1 + take 1)
  U-wire-ListTaskSummaryResponse-tasks-as-wt5 decode                 forward      1  reverse      7  transcode        0   per element  0.000 /  0.000   (core 1 + host 0 + take 0)
  U-wire-ListTaskSummaryResponse-tasks-as-wt5 encode                 forward      6  reverse      3  transcode       36   per element  0.000 /  0.000   (core 4 + host 1 + take 1)
  U-wire-ListTaskSummaryResponse-tasks-as-wt5 decode retain          forward      2  reverse      8  transcode        0   per element  0.000 /  0.000   (core 1 + host 1 + take 0)
  U-wire-ListTaskSummaryResponse-tasks-as-wt5 encode retain          forward      6  reverse      3  transcode       36   per element  0.000 /  0.000   (core 4 + host 1 + take 1)
  U-wire-ListTasksDetailedResponse-page-as-wt1 decode                 forward      1  reverse     15  transcode        0   per element  0.000 /  0.000   (core 1 + host 0 + take 0)
  U-wire-ListTasksDetailedResponse-page-as-wt1 encode                 forward     14  reverse     11  transcode       62   per element  0.000 /  0.000   (core 12 + host 1 + take 1)
  U-wire-ListTasksDetailedResponse-page-as-wt1 decode retain          forward      2  reverse     16  transcode        0   per element  0.000 /  0.000   (core 1 + host 1 + take 0)
  U-wire-ListTasksDetailedResponse-page-as-wt1 encode retain          forward     14  reverse     11  transcode       62   per element  0.000 /  0.000   (core 12 + host 1 + take 1)
  U-wire-ListTasksDetailedResponse-page-as-wt2 decode                 forward      1  reverse     15  transcode        0   per element  0.000 /  0.000   (core 1 + host 0 + take 0)
  U-wire-ListTasksDetailedResponse-page-as-wt2 encode                 forward     14  reverse     11  transcode       62   per element  0.000 /  0.000   (core 12 + host 1 + take 1)
  U-wire-ListTasksDetailedResponse-page-as-wt2 decode retain          forward      2  reverse     16  transcode        0   per element  0.000 /  0.000   (core 1 + host 1 + take 0)
  U-wire-ListTasksDetailedResponse-page-as-wt2 encode retain          forward     14  reverse     11  transcode       62   per element  0.000 /  0.000   (core 12 + host 1 + take 1)
  U-wire-ListTasksDetailedResponse-page-as-wt5 decode                 forward      1  reverse     15  transcode        0   per element  0.000 /  0.000   (core 1 + host 0 + take 0)
  U-wire-ListTasksDetailedResponse-page-as-wt5 encode                 forward     14  reverse     11  transcode       62   per element  0.000 /  0.000   (core 12 + host 1 + take 1)
  U-wire-ListTasksDetailedResponse-page-as-wt5 decode retain          forward      2  reverse     16  transcode        0   per element  0.000 /  0.000   (core 1 + host 1 + take 0)
  U-wire-ListTasksDetailedResponse-page-as-wt5 encode retain          forward     14  reverse     11  transcode       62   per element  0.000 /  0.000   (core 12 + host 1 + take 1)
  U-wire-ListTasksDetailedResponse-tasks-as-wt0 decode                 forward      1  reverse     15  transcode        0   per element  0.000 /  0.000   (core 1 + host 0 + take 0)
  U-wire-ListTasksDetailedResponse-tasks-as-wt0 encode                 forward     14  reverse     11  transcode       62   per element  0.000 /  0.000   (core 12 + host 1 + take 1)
  U-wire-ListTasksDetailedResponse-tasks-as-wt0 decode retain          forward      2  reverse     16  transcode        0   per element  0.000 /  0.000   (core 1 + host 1 + take 0)
  U-wire-ListTasksDetailedResponse-tasks-as-wt0 encode retain          forward     14  reverse     11  transcode       62   per element  0.000 /  0.000   (core 12 + host 1 + take 1)
  U-wire-ListTasksDetailedResponse-tasks-as-wt1 decode                 forward      1  reverse     15  transcode        0   per element  0.000 /  0.000   (core 1 + host 0 + take 0)
  U-wire-ListTasksDetailedResponse-tasks-as-wt1 encode                 forward     14  reverse     11  transcode       62   per element  0.000 /  0.000   (core 12 + host 1 + take 1)
  U-wire-ListTasksDetailedResponse-tasks-as-wt1 decode retain          forward      2  reverse     16  transcode        0   per element  0.000 /  0.000   (core 1 + host 1 + take 0)
  U-wire-ListTasksDetailedResponse-tasks-as-wt1 encode retain          forward     14  reverse     11  transcode       62   per element  0.000 /  0.000   (core 12 + host 1 + take 1)
  U-wire-ListTasksDetailedResponse-tasks-as-wt5 decode                 forward      1  reverse     15  transcode        0   per element  0.000 /  0.000   (core 1 + host 0 + take 0)
  U-wire-ListTasksDetailedResponse-tasks-as-wt5 encode                 forward     14  reverse     11  transcode       62   per element  0.000 /  0.000   (core 12 + host 1 + take 1)
  U-wire-ListTasksDetailedResponse-tasks-as-wt5 decode retain          forward      2  reverse     16  transcode        0   per element  0.000 /  0.000   (core 1 + host 1 + take 0)
  U-wire-ListTasksDetailedResponse-tasks-as-wt5 encode retain          forward     14  reverse     11  transcode       62   per element  0.000 /  0.000   (core 12 + host 1 + take 1)
  U-wire-UploadResultDataMessage-upload-as-wt0 decode                 forward      1  reverse      1  transcode        0   per element  0.000 /  0.000   (core 1 + host 0 + take 0)
  U-wire-UploadResultDataMessage-upload-as-wt0 encode                 forward      3  reverse      0  transcode        2   per element  0.000 /  0.000   (core 1 + host 1 + take 1)
  U-wire-UploadResultDataMessage-upload-as-wt0 decode retain          forward      2  reverse      2  transcode        0   per element  0.000 /  0.000   (core 1 + host 1 + take 0)
  U-wire-UploadResultDataMessage-upload-as-wt0 encode retain          forward      3  reverse      0  transcode        2   per element  0.000 /  0.000   (core 1 + host 1 + take 1)
  U-wire-UploadResultDataMessage-upload-as-wt1 decode                 forward      1  reverse      1  transcode        0   per element  0.000 /  0.000   (core 1 + host 0 + take 0)
  U-wire-UploadResultDataMessage-upload-as-wt1 encode                 forward      3  reverse      0  transcode        2   per element  0.000 /  0.000   (core 1 + host 1 + take 1)
  U-wire-UploadResultDataMessage-upload-as-wt1 decode retain          forward      2  reverse      2  transcode        0   per element  0.000 /  0.000   (core 1 + host 1 + take 0)
  U-wire-UploadResultDataMessage-upload-as-wt1 encode retain          forward      3  reverse      0  transcode        2   per element  0.000 /  0.000   (core 1 + host 1 + take 1)
  U-wire-UploadResultDataMessage-upload-as-wt5 decode                 forward      1  reverse      1  transcode        0   per element  0.000 /  0.000   (core 1 + host 0 + take 0)
  U-wire-UploadResultDataMessage-upload-as-wt5 encode                 forward      3  reverse      0  transcode        2   per element  0.000 /  0.000   (core 1 + host 1 + take 1)
  U-wire-UploadResultDataMessage-upload-as-wt5 decode retain          forward      2  reverse      2  transcode        0   per element  0.000 /  0.000   (core 1 + host 1 + take 0)
  U-wire-UploadResultDataMessage-upload-as-wt5 encode retain          forward      3  reverse      0  transcode        2   per element  0.000 /  0.000   (core 1 + host 1 + take 1)

-- the batching predicate's decomposition (ABI v1 decision 1) --
  payload element group      sizeof  chunk cap       used  chunk bytes
  P1.1   ResultRaw             200        163          4          800   fits L1?
  P1.2   ResultRaw             200        163        163        32600           
  P1.3   ResultRaw             200        163        163        32600           
  P2.1   TaskDetailed          616         53          1          616   fits L1?
  P2.2   TaskDetailed          616         53         53        32648           
  P2.3   TaskDetailed          616         53         53        32648           
  P2.4   TaskDetailed          616         53         53        32648           
  P2.5   TaskDetailed          616         53         20        12320   fits L1?
  P3.1   Probe                 144        227        200        28800           
  P4.1   TaskSummary           312        105        105        32760           
  P6.1   MetricsBatch           32       1024        200         6400   fits L1?
  P2.3 and P2.4 are the two payloads where UNBATCHING adds 125 and 311
  forward crossings per element rather than 1, and they are the two where
  batching wins decisively. Everywhere else the delta tracks the chunk
  bytes touched, not the crossing count.
>>> ok: counts shared (exit 0)

===== crossing counts against the committed baseline (logs/cpp/counts-baseline.log), shared and static =====
  530 count rows identical (shared and static)
>>> ok: counts unchanged
===== RPC crossing counts (the binding's ak_init_once before the first RPC) =====
counting core: ak_rpc_counting() = 1
configuration: grpc++ 1.51.1 server, UDS, transport pinned, 5 RPCs per cell

delivery   method                   resp bytes   fwd/RPC   rev/RPC   ABI v1 section 9 says
blocking   Fetch (~4,500 fields)        540422     2.000     0.000   2 fwd / 0 rev
callback   Fetch (~4,500 fields)        540422     3.000     1.000   2 fwd / 1 rev
queue      Fetch (~4,500 fields)        540422     4.000     0.000   3 fwd / 0 rev
blocking   Ping  (0 fields)                  0     2.000     0.000   2 fwd / 0 rev
callback   Ping  (0 fields)                  0     3.000     1.000   2 fwd / 1 rev
queue      Ping  (0 fields)                  0     4.000     0.000   3 fwd / 0 rev

What the two methods settle: the counts are identical on a 540 KB response
with about 4,500 fields and on an empty one with none, so the crossing count
per RPC is not a function of field count. That is section 9's claim, COUNTED.

What the table gets wrong, and it is not rounding. The callback and the
queue both return an `ak_call*` the host must release, and section 9's table
does not count `ak_call_destroy`. A host that does not call it leaks a handle
per RPC. Counted with the handle released as the ABI requires:
  blocking  2 fwd / 0 rev   (the table's 2/0, and this one is right --
                                   the blocking form takes no handle here)
  callback  3 fwd / 1 rev   (the table says 2/1)
  queue     4 fwd / 0 rev   (the table says 3/0)

Still the point section 9 is making: three, four crossings against a call of
about a millisecond of CPU. At this slice's measured 1.82 ns per forward
crossing through a shared library, the whole boundary is under 8 ns.
>>> ok: rpccounts (exit 0)

