# harness: rpc --stream (streaming, both directions, grpc-dotnet both ends)
# date:                  2026-09-20
# runtime:               .NET 8.0.31, 4 processors
# transport:             UNIX DOMAIN SOCKET, ArmoniK's configuration pinned
#                        (4 MiB stream window, dynamic sizing OFF)
# payload families:      P2.2 (540,422 B, field-heavy) and P5.3 (1,048,660 B,
#                        ArmoniK's chunk)
# arms:                  gp-marshaller (R14's baseline), managed, core-ffi,
#                        core-ffi pull, raw (no codec)
# rounds:                5, best-of reported, round-to-round spread beside it
# server codec:          byte[] passthrough in EVERY arm
# code:                  poc/csharp/src/Rpc/{Stream,StreamRun,Program}.cs
#
# Closes the last open item on this slice's next-step list: streaming, which
# design/SHAPES.md lists under "not in the RPC arm, and listed as not measured",
# with the reason "Streaming is where the concurrency invariant actually bites,
# and no slice has touched it."


================================================================================
WHAT THIS STAGE ESTABLISHES
================================================================================

1. THE TRANSPORT FLOOR, WHICH IS THE NUMBER THIS ARM EXISTS TO PRODUCE.

A fifth arm streams the same messages with NO CODEC AT ALL: the client's
marshaller is the same contextual `byte[]` passthrough the server uses, so the
row is the transport, the framing, the flow control and the scheduling and
nothing else. Its ratio is the share of the incumbent's CPU that no codec choice
can reach.

  P2.2, download:   floor 0.429, 0.349, 0.176 at 1, 8, 16 streams
                    -> THE CODEC IS 57 TO 82 PERCENT of a streamed download
  P2.2, upload:     floor 0.588, 0.641, 0.643
                    -> THE CODEC IS 36 TO 41 PERCENT of a streamed upload

Both survive the reversed-order control below, which puts the download floor at
0.463/0.286/0.179 and the upload floor at 0.497/0.576/0.581. Taking the two
orders together the download is 54 to 82 percent codec and the upload 36 to 50.

**This is the largest codec share this slice has measured in a real transport,
and it is much larger than the unary arm's.** Stage 15's headline was that the
codec is worth about 10 percent of CPU per unary call where the in-process
column says 25. Streaming does not deflate it the same way: a stream pays for
headers, trailers and a stream once and then carries N messages, so what is left
per message is the bytes and the codec.


2. ON ARMONIK'S ACTUAL CHUNK SHAPE THE CODEC IS NOT MEASURABLE, AND THE REVERSED
   RUN IS WHY THAT IS A FINDING AND NOT A RANKING.

  P5.3, download:   floor 0.690, 1.056, 0.975 forward
                    floor 1.000, 1.042, 0.976 reversed
  P5.3, upload:     floor 1.171, 1.052, 0.975 forward
                    floor 0.831, 0.987, 0.981 reversed

Arms run in a fixed order and the first is the ratio base, so running early or
late could bias every ratio in the table. It does. The floor moves from 0.690 to
1.000 on download and from 1.171 to 0.831 on upload on nothing but its position
in the order: A POSITION EFFECT OF ROUGHLY 17 TO 31 PERCENT, WHICH IS LARGER THAN
EVERY CODEC DIFFERENCE ON THIS SHAPE. It was caught by the floor coming out ABOVE
the incumbent, which is impossible for a floor.

So the statement for P5.3 is that no arm -- including no codec at all -- differs
from any other by more than the harness's own bias, and the codec choice on
ArmoniK's streamed chunks is worth nothing. One exception survives both orders:
`managed` on upload, 1.08 to 1.34 forward and 1.13 to 1.23 reversed, and the
cause is in the allocation column rather than the codec. It allocates 3,158,000 B
a message against every other arm's 1,060,000, because it takes a fixed 2 MB
`Enc` buffer for a 1 MB payload. That is the arm's shape, not the codec's.

CROSS-CHECKED AGAINST THE IN-PROCESS COLUMN, which says the same thing from the
other side. `stage14-all-shapes-and-pull.log` on P5.3 encode:

    gp-marshaller   65,658 ns    1.000
    core-ffi       132,820 ns    2.023
    core-ffi fill   65,085 ns    0.991
    memcpy floor    65,227 ns    0.993

core-ffi is TWICE the incumbent on this payload in process, and the excess
(67,735 ns) is one memcpy floor: the staging copy of the 1 MB chunk, which is
ABI v1 decision 9's cost with the field shape that makes it worst. That is a
real 2x. It is also 67 us against a 5,000 us streamed message -- 1.3 percent --
which is exactly why it does not show above. A slice that measured only in
process would have reported a 2x regression on ArmoniK's bulk path; a slice that
measured only the stream would have reported nothing at all. Both are true and
they are answers to different questions.


3. STREAMING DOES NOT MOVE THE CODEC'S SHARE AT THIS PAYLOAD SIZE. THE
   PREDICTION THIS ARM WAS BUILT ON IS REFUTED.

The arm was built expecting that removing the per-call transport cost would
raise the codec's share relative to unary. Same process, same channel, same
sitting, P2.2, CPU per message:

    concurrency      unary (gp)   streamed (gp)     unary core-pull  streamed
    1                  4,933.3         4,156.2             0.932       0.857
    8                  4,898.6         4,656.2             0.841       0.812
    16                 6,180.6         7,437.5             0.848       0.903

Streaming is 16 percent cheaper per message at 1 concurrency, 5 percent at 8 and
DEARER at 16, and the codec ratios do not move outside their spreads. The reason
is the payload: at 540,422 bytes a message, the fixed per-call cost a stream
removes is already small next to moving the bytes. The prediction should hold for
a small message and this arm does not test one -- see "what is not measured".


4. THE CONCURRENCY INVARIANT, ON .NET, WITH BOTH CONTROLS.

NEGATIVE CONTROL (one `ak_enc_ctx` per thread, 4 threads, 200,000 encodes):
0 wrong, 0 threw, exit 0.

POSITIVE CONTROL (ONE `ak_enc_ctx` SHARED BY 4 THREADS): the process ABORTS.

    thread '<unnamed>' panicked at crates/ak-rt/src/enc.rs:221:18:
    slice index starts at 44 but ends at 38
    ...
    panic in a function that cannot unwind
    ... ak_encode_UploadResultDataMessage
    thread caused non-unwinding panic. aborting.
    exit 134 (SIGABRT)

This reproduces the rust slice's finding from a managed host, and it adds the
part only a managed host can say: **the `try { ... } catch (Exception)` wrapped
around the call in the control never ran.** On .NET this failure mode is worse
than it is in rust. A rust caller who shares a `&mut` does not get that far; a
.NET developer who shares an object expects an `InvalidOperationException` at
the seam, and what they get is a process with no managed stack, no first-chance
exception and nothing in the logs but a rust backtrace.

WHAT THE CORRECT ANSWER COSTS, MEASURED. `[ThreadStatic]` is how a managed host
satisfies the contract without a lock, and the price is one context per thread
the POOL decides to use, created on first use and never freed:

    run              encode ctx   decode ctx   native staging held
    forward                   8            7        8,423,680 bytes
    reversed order            7            7        7,370,720 bytes
    driving 1, 8 and 16 streams on 4 processors

The two runs disagree by one context and a megabyte while doing identical work,
which is the point rather than a defect in the count: the number is whatever the
pool happened to grow to. The count is a property of the thread pool, not of the
call rate, and each
context's staging buffer is sized from the LARGEST payload that thread ever
encoded. An ArmoniK worker with a large pool holds one per pool thread.

**Request to the aggregating session.** ABI v1 section 9 already proposes the
fix -- "an owning-thread id beside the context's existing `kind` word turns a
concurrent use into AK_ERR_INVALID_STATE at the FIRST misuse" -- and this is a
measurement in favour of it from the host where the failure mode is worst. It is
a change to existing behaviour in the shared core, so it is not this slice's to
make.


5. CORRECTNESS, AND IT RAN BEFORE ANY OF THE ABOVE.

Both directions, both families, all five arms, 4 messages a stream:

  * DOWNSTREAM every decoded message is re-encoded and compared with the exact
    bytes the server streamed. For the two `core-ffi` arms the re-encoder is the
    MANAGED codec, so the check is the core's decode against a different
    implementation's encode rather than against itself.
  * UPSTREAM the server compares every message the client's codec produced with
    the same wire, byte for byte, and returns the mismatch count. A non-zero
    count fails the run.

40 of 40 byte-identical. No timing was taken before this passed.


================================================================================
WHAT IS NOT MEASURED
================================================================================

  * BIDIRECTIONAL streaming. Both arms here are half duplex, so the contract's
    `send || recv` on one call is not exercised by the transport -- only the
    codec-context half of the invariant is.
  * A SMALL-MESSAGE stream, which is where finding 3's refuted prediction should
    reverse. P1.1 exists in the payload set and would answer it.
  * The SERVER's codec. Its marshaller is a passthrough in every arm, by design,
    so the whole server-side column is absent as it is in the unary arm.
  * Cancellation, deadlines and failure mid-stream.
  * BACKPRESSURE with a window smaller than a message. The 4 MiB pinned window
    holds four P5.3 chunks, so the sender is never throttled inside a message
    here.
  * P5.3's arm ranking, per finding 2: the harness's own position effect is
    larger than the differences, and no amount of rounds fixes a bias.
  * Absolutes. R13: this container's numbers are instrumentation.


================================================================================
APPENDIX A -- the forward run, verbatim
================================================================================
# harness: rpc (end to end, grpc-dotnet both ends)
# utc:                 2026-09-20T17:39:55Z
# runtime:             .NET 8.0.31
# processors:          4
# transport:           UNIX DOMAIN SOCKET -- what packages/csharp defaults its worker and agent channels to
# stream window:       4194304 bytes (client InitialHttp2StreamWindowSize)
# dynamic sizing:      OFF (Http2FlowControl.DisableDynamicWindowSizing). Without this the window STARTS at the pinned value and doubles to a 16 MB cap
# connection window:   client 64 MiB, HARDCODED in Http2Connection and not configurable on .NET;
#                      server 8388608 bytes (Kestrel). tonic and grpc-java take the two separately
# chunking:            2097152 bytes, ArmoniK's
# payload:             P2.2, 540422 bytes
# server codec:        byte[] passthrough in EVERY arm, so the only codec work in the process is the client's

DOWNSTREAM: the client DECODES a 540422-byte P2.2 response. The server's
marshaller is a byte[] passthrough in every arm, so the only codec work
in the process is the client's.

arm              inflight   calls    us/call   CPU us/call   alloc B/call   ratio
----------------------------------------------------------------------------------------
gp-marshaller           1     300     3543.7        4933.3        2335490   1.000
managed                 1     300     3249.2        4700.0        2140325   0.953
core-ffi                1     300     3371.4        4766.7        2136806   0.966
core-ffi pull           1     300     3269.4        4600.0        2136820   0.932

gp-marshaller           8     296     2396.2        4898.6        2335362   1.000
managed                 8     296     1872.9        4087.8        2136157   0.834
core-ffi                8     296     2305.0        5304.1        2136472   1.083
core-ffi pull           8     296     1864.1        4121.6        2136123   0.841

gp-marshaller          16     288     3373.1        6180.6        2334946   1.000
managed                16     288     2950.7        5763.9        2136226   0.933
core-ffi               16     288     3207.8        6388.9        2136826   1.034
core-ffi pull          16     288     2728.5        5243.1        2136133   0.848

Sequence shape, which decides whether the facade's byte[] reader costs
anything here: gRPC delivered 13530 SEGMENTED bodies and 0 single-segment,
copying 7,311,909,660 bytes in total to flatten them. The copy is charged to the
facade arms; a ReadOnlySequence reader is what would remove it.

================================================================================================
STREAMING. Same process, same channel, same sitting as the unary table
above -- which is the only way the comparison between them is readable,
because two arms this slice did not touch moved 9 percent between sittings
on this container.
================================================================================================

gate P2.2: 4 messages a stream, downstream re-encoded and compared with the
streamed bytes, upstream compared on the server.
  gp-marshaller    down 4/4 byte-identical, up 4/4 byte-identical
  managed          down 4/4 byte-identical, up 4/4 byte-identical
  core-ffi         down 4/4 byte-identical, up 4/4 byte-identical
  core-ffi pull    down 4/4 byte-identical, up 4/4 byte-identical
  raw (no codec)   down 4/4 byte-identical, up 4/4 byte-identical

gate P5.3: 4 messages a stream, downstream re-encoded and compared with the
streamed bytes, upstream compared on the server.
  gp-marshaller    down 4/4 byte-identical, up 4/4 byte-identical
  managed          down 4/4 byte-identical, up 4/4 byte-identical
  core-ffi         down 4/4 byte-identical, up 4/4 byte-identical
  core-ffi pull    down 4/4 byte-identical, up 4/4 byte-identical
  raw (no codec)   down 4/4 byte-identical, up 4/4 byte-identical

P2.2 (540,422 B a message), the field-heavy shape the rest of this slice
measures. Not an ArmoniK streaming shape; it is here as the control that says
what streaming does to a codec that has real work to do.

dir   arm              streams   msgs/stream    us/msg   CPU us/msg   alloc B/msg   ratio   CPU spread
------------------------------------------------------------------------------------------------------------
down  gp-marshaller          1           320    2404.5       4156.2       2331127   1.000        +11%
down  managed                1           320    2046.4       3656.2       2132543   0.880         +7%
down  core-ffi               1           320    2057.8       3750.0       2132493   0.902         +6%
down  core-ffi pull          1           320    1939.4       3562.5       2132592   0.857        +11%
down  raw (no codec)         1           320     745.3       1781.2        554473   0.429        +19%

down  gp-marshaller          8            40    2240.7       4656.2       2329818   1.000        +12%
down  managed                8            40    1708.2       3812.5       2130969   0.819        +11%
down  core-ffi               8            40    2041.9       5000.0       2131002   1.074         +4%
down  core-ffi pull          8            40    1645.9       3781.2       2130809   0.812        +12%
down  raw (no codec)         8            40     597.5       1625.0        551534   0.349        +15%

down  gp-marshaller         16            20    4623.0       7437.5       2329821   1.000         +9%
down  managed               16            20    3775.9       6468.8       2131236   0.870        +11%
down  core-ffi              16            20    4042.1       7562.5       2131447   1.017         +2%
down  core-ffi pull         16            20    3781.4       6718.8       2131184   0.903         +8%
down  raw (no codec)        16            20     481.7       1312.5        550989   0.176        +14%

up    gp-marshaller          1           320    2531.2       5000.0        574842   1.000         +1%
up    managed                1           320    1586.8       4062.5       1596621   0.812         +9%
up    core-ffi               1           320    1639.8       4031.2        547001   0.806         +7%
up    core-ffi pull          1           320    1724.4       4468.8        547363   0.894         +7%
up    raw (no codec)         1           320     922.1       2937.5        547220   0.588        +12%

up    gp-marshaller          8            40    1225.1       4437.5        575141   1.000         +6%
up    managed                8            40    1153.0       3781.2       1596052   0.852         +3%
up    core-ffi               8            40    1156.2       4093.8        547108   0.923         +5%
up    core-ffi pull          8            40    1180.7       4125.0        547135   0.930         +2%
up    raw (no codec)         8            40     833.8       2843.8        550396   0.641         +8%

up    gp-marshaller         16            20    1254.1       4468.8        575327   1.000         +6%
up    managed               16            20    1152.3       3843.7       1596378   0.860         +3%
up    core-ffi              16            20    1172.6       4093.7        547855   0.916         +4%
up    core-ffi pull         16            20    1123.0       4062.5        547336   0.909         +5%
up    raw (no codec)        16            20     829.2       2875.0        547390   0.643         +8%

P5.3 (1,048,660 B a message), ARMONIK'S ACTUAL STREAMING SHAPE: one chunk of a
result, the size its 2 MiB chunking produces.

dir   arm              streams   msgs/stream    us/msg   CPU us/msg   alloc B/msg   ratio   CPU spread
------------------------------------------------------------------------------------------------------------
down  gp-marshaller          1           320    1489.7       3531.2       1090713   1.000        +12%
down  managed                1           320    1307.4       3281.2       1090316   0.929        +10%
down  core-ffi               1           320    1287.0       3187.5       1090475   0.903        +14%
down  core-ffi pull          1           320    1056.6       2687.5       1087122   0.761        +24%
down  raw (no codec)         1           320    1103.9       2437.5       1088464   0.690         +9%

down  gp-marshaller          8            40     831.0       2250.0       1075340   1.000         +6%
down  managed                8            40     803.9       2343.8       1077274   1.042         +5%
down  core-ffi               8            40     885.6       2437.5       1077126   1.083         +6%
down  core-ffi pull          8            40     808.7       2406.2       1076279   1.069         +4%
down  raw (no codec)         8            40     903.7       2375.0       1076934   1.056         +7%

down  gp-marshaller         16            20    1070.9       2500.0       1079489   1.000        +10%
down  managed               16            20    1013.9       2593.8       1084289   1.038        +10%
down  core-ffi              16            20     956.6       2687.5       1080684   1.075         +2%
down  core-ffi pull         16            20    1025.8       2718.8       1081502   1.087         +2%
down  raw (no codec)        16            20    1002.5       2437.5       1079741   0.975         +9%

up    gp-marshaller          1           320    1369.1       4375.0       1061468   1.000         +9%
up    managed                1           320    1989.0       5843.8       3158240   1.336        +16%
up    core-ffi               1           320    2007.6       6218.8       1061398   1.421         +2%
up    core-ffi pull          1           320    2039.6       6250.0       1061355   1.429         +6%
up    raw (no codec)         1           320    1548.5       5125.0       1061408   1.171        +18%

up    gp-marshaller          8            40    1477.3       5375.0       1087717   1.000         +6%
up    managed                8            40    1911.5       6312.5       3158252   1.174         +5%
up    core-ffi               8            40    1745.6       5812.5       1060614   1.081        +12%
up    core-ffi pull          8            40    1659.0       5875.0       1060532   1.093        +20%
up    raw (no codec)         8            40    1633.6       5656.2       1060625   1.052         +5%

up    gp-marshaller         16            20    1417.8       4937.5       1060625   1.000        +21%
up    managed               16            20    1540.9       5312.5       3158256   1.076         +4%
up    core-ffi              16            20    1382.5       4968.8       1060655   1.006         +3%
up    core-ffi pull         16            20    1364.2       4968.8       1060645   1.006         +1%
up    raw (no codec)        16            20    1301.4       4812.5       1060572   0.975         +3%

The concurrency contract, priced. An encode context is not thread safe (ABI v1
section 3) and the rust slice's positive control found that sharing one ABORTS
the process rather than producing wrong bytes. `[ThreadStatic]` is how a managed
host satisfies that without a lock, and what it costs is one context per thread
the POOL decides to use, not per call:

  encode contexts created:          8
  decode contexts created:          7
  native staging they hold:         8,423,680 bytes
  concurrency levels driven:        1, 8, 16
  processors:                       4

The count is a property of the THREAD POOL, not of the call rate: a context
is created the first time the pool runs a marshaller on a thread that has not
run one, and it is never freed. An ArmoniK worker with a large pool therefore
holds a staging buffer per pool thread, sized from the LARGEST payload that
thread ever encoded. That is the cost of the lock-free answer, and it is the
argument for a pooled context with a try-lock rather than a thread-local one.

Sequence shape on the M5 arms: 14,553 SEGMENTED bodies and 0 single-segment,
15,261,148,980 bytes copied to flatten them.



================================================================================
APPENDIX B -- the reversed-order control, verbatim
================================================================================
# harness: rpc (end to end, grpc-dotnet both ends)
# utc:                 2026-09-20T17:44:42Z
# runtime:             .NET 8.0.31
# processors:          4
# transport:           UNIX DOMAIN SOCKET -- what packages/csharp defaults its worker and agent channels to
# stream window:       4194304 bytes (client InitialHttp2StreamWindowSize)
# dynamic sizing:      OFF (Http2FlowControl.DisableDynamicWindowSizing). Without this the window STARTS at the pinned value and doubles to a 16 MB cap
# connection window:   client 64 MiB, HARDCODED in Http2Connection and not configurable on .NET;
#                      server 8388608 bytes (Kestrel). tonic and grpc-java take the two separately
# chunking:            2097152 bytes, ArmoniK's
# payload:             P2.2, 540422 bytes
# server codec:        byte[] passthrough in EVERY arm, so the only codec work in the process is the client's

DOWNSTREAM: the client DECODES a 540422-byte P2.2 response. The server's
marshaller is a byte[] passthrough in every arm, so the only codec work
in the process is the client's.

arm              inflight   calls    us/call   CPU us/call   alloc B/call   ratio
----------------------------------------------------------------------------------------
gp-marshaller           1     300     3354.0        4633.3        2338844   1.000
managed                 1     300     2936.0        4133.3        2140394   0.892
core-ffi                1     300     3153.3        4366.7        2136677   0.942
core-ffi pull           1     300     3182.8        4433.3        2136763   0.957

gp-marshaller           8     296     2553.1        5101.4        2334843   1.000
managed                 8     296     2022.0        4256.8        2136405   0.834
core-ffi                8     296     2304.1        5168.9        2136438   1.013
core-ffi pull           8     296     1834.0        4087.8        2136174   0.801

gp-marshaller          16     288     3325.2        6250.0        2335100   1.000
managed                16     288     2888.3        5416.7        2136086   0.867
core-ffi               16     288     3157.0        6354.2        2136714   1.017
core-ffi pull          16     288     2756.8        5381.9        2136292   0.861

Sequence shape, which decides whether the facade's byte[] reader costs
anything here: gRPC delivered 13530 SEGMENTED bodies and 0 single-segment,
copying 7,311,909,660 bytes in total to flatten them. The copy is charged to the
facade arms; a ReadOnlySequence reader is what would remove it.

================================================================================================
STREAMING. Same process, same channel, same sitting as the unary table
above -- which is the only way the comparison between them is readable,
because two arms this slice did not touch moved 9 percent between sittings
on this container.
================================================================================================

gate P2.2: 4 messages a stream, downstream re-encoded and compared with the
streamed bytes, upstream compared on the server.
  raw (no codec)   down 4/4 byte-identical, up 4/4 byte-identical
  core-ffi pull    down 4/4 byte-identical, up 4/4 byte-identical
  core-ffi         down 4/4 byte-identical, up 4/4 byte-identical
  managed          down 4/4 byte-identical, up 4/4 byte-identical
  gp-marshaller    down 4/4 byte-identical, up 4/4 byte-identical

gate P5.3: 4 messages a stream, downstream re-encoded and compared with the
streamed bytes, upstream compared on the server.
  raw (no codec)   down 4/4 byte-identical, up 4/4 byte-identical
  core-ffi pull    down 4/4 byte-identical, up 4/4 byte-identical
  core-ffi         down 4/4 byte-identical, up 4/4 byte-identical
  managed          down 4/4 byte-identical, up 4/4 byte-identical
  gp-marshaller    down 4/4 byte-identical, up 4/4 byte-identical

P2.2 (540,422 B a message), the field-heavy shape the rest of this slice
measures. Not an ArmoniK streaming shape; it is here as the control that says
what streaming does to a codec that has real work to do.

dir   arm              streams   msgs/stream    us/msg   CPU us/msg   alloc B/msg   ratio   CPU spread
------------------------------------------------------------------------------------------------------------
down  raw (no codec)         1           320     735.3       1781.2        558954   0.463        +11%
down  core-ffi pull          1           320    2070.3       3750.0       2132529   0.976         +6%
down  core-ffi               1           320    2045.6       3687.5       2132358   0.959         +5%
down  managed                1           320    1936.7       3500.0       2132527   0.911         +5%
down  gp-marshaller          1           320    2294.0       3843.8       2331128   1.000         +3%

down  raw (no codec)         8            40     429.7       1187.5        551746   0.286        +11%
down  core-ffi pull          8            40    1483.9       3343.8       2131080   0.805        +12%
down  core-ffi               8            40    1544.2       3562.5       2130921   0.857        +15%
down  managed                8            40    1418.0       3187.5       2131040   0.767        +17%
down  gp-marshaller          8            40    2023.2       4156.2       2329707   1.000         +9%

down  raw (no codec)        16            20     443.1       1250.0        552275   0.179        +20%
down  core-ffi pull         16            20    3681.8       6250.0       2130919   0.893         +5%
down  core-ffi              16            20    3803.1       6500.0       2131442   0.929         +3%
down  managed               16            20    3570.9       6125.0       2131120   0.875         +6%
down  gp-marshaller         16            20    4249.0       7000.0       2329614   1.000         +8%

up    raw (no codec)         1           320     788.3       2375.0        547881   0.497        +18%
up    core-ffi pull          1           320    1595.6       3843.8        547097   0.804        +10%
up    core-ffi               1           320    1664.2       4000.0        547096   0.837         +5%
up    managed                1           320    1593.5       3937.5       1596020   0.824         +7%
up    gp-marshaller          1           320    2470.1       4781.2        574967   1.000         +7%

up    raw (no codec)         8            40     727.9       2375.0        557543   0.576         +4%
up    core-ffi pull          8            40    1015.8       3437.5        547068   0.833         +6%
up    core-ffi               8            40     973.8       3375.0        547103   0.818         +6%
up    managed                8            40    1058.1       3281.2       1596106   0.795         +6%
up    gp-marshaller          8            40    1188.0       4125.0        575123   1.000         +4%

up    raw (no codec)        16            20     689.0       2343.8        547308   0.581         +5%
up    core-ffi pull         16            20     965.5       3343.8        547325   0.829         +5%
up    core-ffi              16            20     978.6       3375.0        547357   0.837         +3%
up    managed               16            20     999.5       3312.5       1596143   0.822         +7%
up    gp-marshaller         16            20    1147.3       4031.2        575339   1.000         +3%

P5.3 (1,048,660 B a message), ARMONIK'S ACTUAL STREAMING SHAPE: one chunk of a
result, the size its 2 MiB chunking produces.

dir   arm              streams   msgs/stream    us/msg   CPU us/msg   alloc B/msg   ratio   CPU spread
------------------------------------------------------------------------------------------------------------
down  raw (no codec)         1           320    1081.1       2562.5       1107691   1.000        +32%
down  core-ffi pull          1           320    1042.9       2531.2       1097001   0.988         +9%
down  core-ffi               1           320    1011.0       2593.8       1086839   1.012         +5%
down  managed                1           320    1051.4       2625.0       1086105   1.024         +5%
down  gp-marshaller          1           320    1038.4       2562.5       1090500   1.000         +6%

down  raw (no codec)         8            40     910.6       2343.8       1077413   1.042         +9%
down  core-ffi pull          8            40     836.4       2437.5       1076442   1.083         +5%
down  core-ffi               8            40     905.3       2500.0       1076949   1.111         +9%
down  managed                8            40     821.8       2406.2       1078658   1.069         +6%
down  gp-marshaller          8            40     816.3       2250.0       1079325   1.000         +8%

down  raw (no codec)        16            20     966.4       2500.0       1080907   0.976         +8%
down  core-ffi pull         16            20     997.8       2750.0       1082050   1.073        +11%
down  core-ffi              16            20     967.6       2562.5       1078635   1.000         +6%
down  managed               16            20     908.8       2625.0       1082262   1.024         +5%
down  gp-marshaller         16            20     937.9       2562.5       1083964   1.000         +9%

up    raw (no codec)         1           320    1226.4       4000.0       1061541   0.831        +10%
up    core-ffi pull          1           320    1715.9       5250.0       1061046   1.091         +5%
up    core-ffi               1           320    1805.7       5406.2       1061614   1.123         +2%
up    managed                1           320    1973.4       5937.5       3158651   1.234         +6%
up    gp-marshaller          1           320    1513.0       4812.5       1061763   1.000         +6%

up    raw (no codec)         8            40    1370.4       4781.3       1074398   0.987         +3%
up    core-ffi pull          8            40    1544.9       5093.8       1060486   1.052         +4%
up    core-ffi               8            40    1454.8       5125.0       1060517   1.058         +3%
up    managed                8            40    1660.2       5562.5       3158077   1.148         +4%
up    gp-marshaller          8            40    1379.5       4843.8       1060453   1.000         +2%

up    raw (no codec)        16            20    1377.5       4750.0       1060695   0.981         +3%
up    core-ffi pull         16            20    1455.3       5062.5       1060623   1.045         +2%
up    core-ffi              16            20    1410.7       4937.5       1060613   1.019         +2%
up    managed               16            20    1652.6       5468.8       3158260   1.129         +3%
up    gp-marshaller         16            20    1360.5       4843.8       1060570   1.000         +5%

The concurrency contract, priced. An encode context is not thread safe (ABI v1
section 3) and the rust slice's positive control found that sharing one ABORTS
the process rather than producing wrong bytes. `[ThreadStatic]` is how a managed
host satisfies that without a lock, and what it costs is one context per thread
the POOL decides to use, not per call:

  encode contexts created:          7
  decode contexts created:          7
  native staging they hold:         7,370,720 bytes
  concurrency levels driven:        1, 8, 16
  processors:                       4

The count is a property of the THREAD POOL, not of the call rate: a context
is created the first time the pool runs a marshaller on a thread that has not
run one, and it is never freed. An ArmoniK worker with a large pool therefore
holds a staging buffer per pool thread, sized from the LARGEST payload that
thread ever encoded. That is the cost of the lock-free answer, and it is the
argument for a pooled context with a try-lock rather than a thread-local one.

Sequence shape on the M5 arms: 14,553 SEGMENTED bodies and 0 single-segment,
15,261,148,980 bytes copied to flatten them.



================================================================================
APPENDIX C -- the concurrency controls, verbatim
================================================================================

--- NEGATIVE: one encode context per thread ---
# harness: rpc --shared-ctx (the concurrency contract's control)
# utc:       2026-09-20T17:48:35Z
# runtime:   .NET 8.0.31
# mode:      per-thread -- one ak_enc_ctx each, the negative control
# payload:   P5.1, 116 wire bytes, 50000 encodes a thread
# expected:  zero wrong, or a managed exception, or the process does not reach the last line

encodes:   200,000
wrong:     0
threw:     0
verdict:   survived, every byte correct
negative exit=0

--- POSITIVE: ONE encode context shared by 4 threads ---
# harness: rpc --shared-ctx (the concurrency contract's control)
# utc:       2026-09-20T17:48:35Z
# runtime:   .NET 8.0.31
# mode:      SHARED -- one ak_enc_ctx, 4 threads encoding into it at once
# payload:   P5.1, 116 wire bytes, 50000 encodes a thread
# expected:  zero wrong, or a managed exception, or the process does not reach the last line

thread '<unnamed>' (3938) panicked at crates/ak-rt/src/enc.rs:221:18:
slice index starts at 42 but ends at 41
stack backtrace:
   0: __rustc::rust_begin_unwind
   1: core::panicking::panic_fmt
   2: core::slice::index::slice_index_fail
   3: ak_rt::enc::Enc::resize_prefix
   4: ak_core::enc_blob
   5: ak_encode_UploadResultDataMessage
   6: <unknown>
note: Some details are omitted, run with `RUST_BACKTRACE=full` for a verbose backtrace.

thread '<unnamed>' (3938) panicked at /rustc/e408947bfd200af42db322daf0fadfe7e26d3bd1/library/core/src/panicking.rs:225:5:
panic in a function that cannot unwind
stack backtrace:
   0:     0x7facb81e77a2 - <std::sys::backtrace::BacktraceLock::print::DisplayBacktrace as core::fmt::Display>::fmt::hdadc7c28d26d7ce3
   1:     0x7facb81f6c4a - core::fmt::write::h469843d235cc4241
   2:     0x7facb81cae66 - std::io::Write::write_fmt::h384251ddb7f1467c
   3:     0x7facb81ceb66 - std::panicking::default_hook::{{closure}}::hd9d92b9a46805102
   4:     0x7facb81ce9c6 - std::panicking::default_hook::hedb2be0819bbe276
   5:     0x7facb81cedab - std::panicking::panic_with_hook::h0fc23abecf35c6bd
   6:     0x7facb81cec5a - std::panicking::panic_handler::{{closure}}::ha111c1a3ccf85d19
   7:     0x7facb81cd669 - std::sys::backtrace::__rust_end_short_backtrace::h41d63216e1ba5fa4
   8:     0x7facb81c006d - __rustc[16f1505adc47261a]::rust_begin_unwind
   9:     0x7facb81f967d - core::panicking::panic_nounwind_fmt::ha41ef022c2fa517b
  10:     0x7facb81f95fb - core::panicking::panic_nounwind::hc4ddb444060ec426
  11:     0x7facb81f9787 - core::panicking::panic_cannot_unwind::h12554dc7dd1cd1ca
  12:     0x7facb81b2dc8 - ak_encode_UploadResultDataMessage
  13:     0x7fb96933768f - <unknown>
thread caused non-unwinding panic. aborting.

thread '<unnamed>' (3936) panicked at crates/ak-rt/src/enc.rs:221:18:
range start index 205 out of range for slice of length 45
stack backtrace:
   0: __rustc::rust_begin_unwind
   1: core::panicking::panic_fmt
   2: core::slice::index::slice_index_fail
   3: ak_rt::enc::Enc::resize_prefix
   4positive exit=134
