Stage 1: the correctness gate on R14's arms. R2, and nothing is timed until it passes.

R7 CONFIGURATION, INCLUDING THE MARSHALLER PATH (R14).

The headline baseline is the codec path ArmoniK RUNS, not the library's
fastest entry point. Grpc.Tools emits into the stub:
    context.SetPayloadLength(message.CalculateSize());
    MessageExtensions.WriteTo(message, context.GetBufferWriter());
and decodes with parser.ParseFrom(context.PayloadAsReadOnlySequence()).
packages/csharp calls no message serialisation directly; the two
ToByteArray() hits there are ByteString, copying a data chunk.

  encode baseline  gp-marshaller   CalculateSize + WriteTo(IBufferWriter)
  decode baseline  gp-parse-seq    ParseFrom(ReadOnlySequence), 1 segment
  second rows      gp-writeto / gp-parse   the SPAN forms
                   gp-bufferwriter         no size pass: the library's best,
                                           which no ArmoniK process runs
                   gp-parse-seg            sequence segmented at 16 KB, which
                                           is what a 540 KB response arrives as
                   gp-tobytearray          what application code would write

LOOP SHAPE (R14). A message is serialised once in production, so a loop over
one instance is only valid if the library memoises nothing per instance.
CHECKED, not assumed: Google.Protobuf's C# backend emits no _memoizedSize
field and CalculateSize() recomputes from scratch on every call, unlike
protobuf-java. So this loop amortises nothing.

ok    src/Facade/Generated/Build.cs
ok    src/Facade/Generated/Codec.cs
ok    src/Facade/Generated/Eq.cs
ok    src/Facade/Generated/Types.cs
ok    src/Facade/Generated/Values.cs
ok    src/Harness/Generated/Arms.cs
ok    src/Harness/Generated/BuildGp.cs
19 messages, 72 length-prefix sites, walker guard passed on 1 message(s) with a oneof

================= arm a target/.NET 8 =================
# harness: conformance
# utc:                 2026-09-19T17:13:01Z
# runtime:             .NET 8.0.31
# os:                  Ubuntu 24.04.4 LTS
# arch:                X64
# processors:          4
# Google.Protobuf:     3.28.3.0
# server GC:           False
# latency mode:        Interactive
# tiered compilation:  on (default)
# tiered PGO:          on (default)
# R2R:                 on (default)
# floor sources:       no
# facade TFM:          net8.0
# transcoder:          Encoding.UTF8.GetBytes(ReadOnlySpan<char>, Span<byte>) -- net8.0
# length-prefix sites: 72
#
# R13 calibration on THIS machine: the Rust slice's crossing benchmark
#   measures 1.8 ns forward and 2.1 ns forward-plus-reverse here
#   (ffi/logs/csharp/calibration-rust-crossing.log). Every absolute
#   below is also quotable as a multiple of that 1.8 ns.
#
payload  shape  root                        bytes  gp-tba  gp-wto  gp-bw   gp-mar  managed  2pass  vector  mrt  grt  value
--------------------------------------------------------------------------------------------------------------------------------------
P1.1     M1     ListResultsResponse          858  ok      ok      ok      ok      ok       ok     ok      ok   ok   ok
P1.2     M1     ListResultsResponse       218121  ok      ok      ok      ok      ok       ok     -       ok   ok   ok
P1.3     M1     ListResultsResponse          605  ok      ok      ok      ok      ok       ok     ok      ok   ok   ok
P2.1     M2     ListTasksDetailedResponse    1037  ok      ok      ok      ok      ok       ok     ok      ok   ok   ok
P2.2     M2     ListTasksDetailedResponse  540422  ok      ok      ok      ok      ok       ok     -       ok   ok   ok
P2.3     M2     ListTasksDetailedResponse  647024  ok      ok      ok      ok      ok       ok     -       ok   ok   ok
P2.4     M2     ListTasksDetailedResponse  979465  ok      ok      ok      ok      ok       ok     -       ok   ok   ok
P2.5     M2     ListTasksDetailedResponse   19632  ok      ok      ok      ok      ok       ok     ok      ok   ok   ok
P3.1     M3     ListProbeResponse          12097  ok      ok      ok      ok      ok       ok     ok      ok   ok   ok
P4.1     M4     ListTaskSummaryResponse    65321  ok      ok      ok      ok      ok       ok     ok      ok   ok   ok
P5.1     M5     UploadResultDataMessage      116  ok      ok      ok      ok      ok       ok     ok      ok   ok   ok
P5.2     M5     UploadResultDataMessage    65620  ok      ok      ok      ok      ok       ok     -       ok   ok   ok
P5.3     M5     UploadResultDataMessage  1048660  ok      ok      ok      ok      ok       ok     -       ok   ok   ok
P5.4     M5     UploadResultDataMessage  4194390  ok      ok      ok      ok      ok       ok     -       ok   ok   ok
P6.1     M6     ListMetricsResponse       123354  ok      ok      ok      ok      ok       ok     -       ok   ok   ok
P7.1     -      DualResponse                  98  perm    perm    perm    perm    perm     perm   perm    ok   ok   ok

152 checks, 0 failure(s)

================= arm b FLOOR/.NET 8 =================
# harness: conformance
# utc:                 2026-09-19T17:13:03Z
# runtime:             .NET 8.0.31
# os:                  Ubuntu 24.04.4 LTS
# arch:                X64
# processors:          4
# Google.Protobuf:     3.28.3.0
# server GC:           False
# latency mode:        Interactive
# tiered compilation:  on (default)
# tiered PGO:          on (default)
# R2R:                 on (default)
# floor sources:       YES (AK_FLOOR)
# facade TFM:          net8.0
# transcoder:          Encoding.UTF8.GetBytes(char*, int, byte*, int) -- netstandard2.0, unsafe
# length-prefix sites: 72
#
# R13 calibration on THIS machine: the Rust slice's crossing benchmark
#   measures 1.8 ns forward and 2.1 ns forward-plus-reverse here
#   (ffi/logs/csharp/calibration-rust-crossing.log). Every absolute
#   below is also quotable as a multiple of that 1.8 ns.
#
payload  shape  root                        bytes  gp-tba  gp-wto  gp-bw   gp-mar  managed  2pass  vector  mrt  grt  value
--------------------------------------------------------------------------------------------------------------------------------------
P1.1     M1     ListResultsResponse          858  ok      ok      ok      ok      ok       ok     ok      ok   ok   ok
P1.2     M1     ListResultsResponse       218121  ok      ok      ok      ok      ok       ok     -       ok   ok   ok
P1.3     M1     ListResultsResponse          605  ok      ok      ok      ok      ok       ok     ok      ok   ok   ok
P2.1     M2     ListTasksDetailedResponse    1037  ok      ok      ok      ok      ok       ok     ok      ok   ok   ok
P2.2     M2     ListTasksDetailedResponse  540422  ok      ok      ok      ok      ok       ok     -       ok   ok   ok
P2.3     M2     ListTasksDetailedResponse  647024  ok      ok      ok      ok      ok       ok     -       ok   ok   ok
P2.4     M2     ListTasksDetailedResponse  979465  ok      ok      ok      ok      ok       ok     -       ok   ok   ok
P2.5     M2     ListTasksDetailedResponse   19632  ok      ok      ok      ok      ok       ok     ok      ok   ok   ok
P3.1     M3     ListProbeResponse          12097  ok      ok      ok      ok      ok       ok     ok      ok   ok   ok
P4.1     M4     ListTaskSummaryResponse    65321  ok      ok      ok      ok      ok       ok     ok      ok   ok   ok
P5.1     M5     UploadResultDataMessage      116  ok      ok      ok      ok      ok       ok     ok      ok   ok   ok
P5.2     M5     UploadResultDataMessage    65620  ok      ok      ok      ok      ok       ok     -       ok   ok   ok
P5.3     M5     UploadResultDataMessage  1048660  ok      ok      ok      ok      ok       ok     -       ok   ok   ok
P5.4     M5     UploadResultDataMessage  4194390  ok      ok      ok      ok      ok       ok     -       ok   ok   ok
P6.1     M6     ListMetricsResponse       123354  ok      ok      ok      ok      ok       ok     -       ok   ok   ok
P7.1     -      DualResponse                  98  perm    perm    perm    perm    perm     perm   perm    ok   ok   ok

152 checks, 0 failure(s)

================= arm c floor/Mono 6.8 =================
# harness: conformance
# utc:                 2026-09-19T17:13:04Z
# runtime:             Mono 6.8.0.105 (Debian 6.8.0.105+dfsg-3.6ubuntu2 Sun Mar 31 02:55:28 UTC 2024)
# os:                  Unix 6.18.44.37
# arch:                X64
# processors:          4
# Google.Protobuf:     3.28.3.0
# server GC:           False
# latency mode:        Interactive
# tiered compilation:  on (default)
# tiered PGO:          on (default)
# R2R:                 on (default)
# floor sources:       YES (AK_FLOOR)
# facade TFM:          net48
# transcoder:          Encoding.UTF8.GetBytes(char*, int, byte*, int) -- netstandard2.0, unsafe
# length-prefix sites: 72
#
# R13 calibration on THIS machine: the Rust slice's crossing benchmark
#   measures 1.8 ns forward and 2.1 ns forward-plus-reverse here
#   (ffi/logs/csharp/calibration-rust-crossing.log). Every absolute
#   below is also quotable as a multiple of that 1.8 ns.
#
payload  shape  root                        bytes  gp-tba  gp-wto  gp-bw   gp-mar  managed  2pass  vector  mrt  grt  value
--------------------------------------------------------------------------------------------------------------------------------------
P1.1     M1     ListResultsResponse          858  ok      ok      ok      ok      ok       ok     ok      ok   ok   ok
P1.2     M1     ListResultsResponse       218121  ok      ok      ok      ok      ok       ok     -       ok   ok   ok
P1.3     M1     ListResultsResponse          605  ok      ok      ok      ok      ok       ok     ok      ok   ok   ok
P2.1     M2     ListTasksDetailedResponse    1037  ok      ok      ok      ok      ok       ok     ok      ok   ok   ok
P2.2     M2     ListTasksDetailedResponse  540422  ok      ok      ok      ok      ok       ok     -       ok   ok   ok
P2.3     M2     ListTasksDetailedResponse  647024  ok      ok      ok      ok      ok       ok     -       ok   ok   ok
P2.4     M2     ListTasksDetailedResponse  979465  ok      ok      ok      ok      ok       ok     -       ok   ok   ok
P2.5     M2     ListTasksDetailedResponse   19632  ok      ok      ok      ok      ok       ok     ok      ok   ok   ok
P3.1     M3     ListProbeResponse          12097  ok      ok      ok      ok      ok       ok     ok      ok   ok   ok
P4.1     M4     ListTaskSummaryResponse    65321  ok      ok      ok      ok      ok       ok     ok      ok   ok   ok
P5.1     M5     UploadResultDataMessage      116  ok      ok      ok      ok      ok       ok     ok      ok   ok   ok
P5.2     M5     UploadResultDataMessage    65620  ok      ok      ok      ok      ok       ok     -       ok   ok   ok
P5.3     M5     UploadResultDataMessage  1048660  ok      ok      ok      ok      ok       ok     -       ok   ok   ok
P5.4     M5     UploadResultDataMessage  4194390  ok      ok      ok      ok      ok       ok     -       ok   ok   ok
P6.1     M6     ListMetricsResponse       123354  ok      ok      ok      ok      ok       ok     -       ok   ok   ok
P7.1     -      DualResponse                  98  perm    perm    perm    perm    perm     perm   perm    ok   ok   ok

152 checks, 0 failure(s)

================= unknown-field vectors =================
# harness: unknown
# utc:                 2026-09-19T17:13:07Z
# runtime:             .NET 8.0.31
# os:                  Ubuntu 24.04.4 LTS
# arch:                X64
# processors:          4
# Google.Protobuf:     3.28.3.0
# server GC:           False
# latency mode:        Interactive
# tiered compilation:  on (default)
# tiered PGO:          on (default)
# R2R:                 on (default)
# floor sources:       no
# facade TFM:          net8.0
# transcoder:          Encoding.UTF8.GetBytes(ReadOnlySpan<char>, Span<byte>) -- net8.0
# length-prefix sites: 72
#
# R13 calibration on THIS machine: the Rust slice's crossing benchmark
#   measures 1.8 ns forward and 2.1 ns forward-plus-reverse here
#   (ffi/logs/csharp/calibration-rust-crossing.log). Every absolute
#   below is also quotable as a multiple of that 1.8 ns.
#
vector                     bytes  gp-dec  man-dec  known-values-agree  gp-retains  man-retains
------------------------------------------------------------------------------------------------------------
root-varint-between          861  ok      ok       ok                  YES         no
root-len                     865  ok      ok       ok                  YES         no
elem-varint-interleaved      860  ok      ok       ok                  YES         no
elem-i64                     868  ok      ok       ok                  YES         no
elem-i32                     864  ok      ok       ok                  YES         no
elem-len-nested              867  ok      ok       ok                  YES         no
oneof-unrecognised-member  12099  ok      ok       ok                  YES         no

  root-varint-between       unknown varint at the ROOT, tag 4, above every known root tag (1..3)
  root-len                  unknown length-delimited field at the root
  elem-varint-interleaved   unknown varint INSIDE element 0, at tag 7 -- the gap ResultRaw leaves between `completed_at` (6) and `result_id` (8), so it sits numerically BETWEEN two known tags
  elem-i64                  unknown fixed64 inside element 0
  elem-i32                  unknown fixed32 inside element 0
  elem-len-nested           unknown length-delimited field inside element 0 whose body is itself a message -- a decoder that recursed into it rather than skipping it would report the inner tags as unknown fields of the OUTER message
  oneof-unrecognised-member an unrecognised ONEOF member: tag 15 sits one past `as_nothing` (14) in Probe.body. design/SHAPES.md's row says this CANNOT round trip in any arm, because the grouping lives only in the descriptor and a parser cannot tell it from any other unknown field

Reading the two retention columns.
  `YES` means the arm's re-encode differs from the payload with the unknown
  field removed, which for these vectors means it wrote the unknown field back.

  Google.Protobuf keeps an UnknownFieldSet per message and writes it back, so a
  message round-tripped through .NET today preserves a field this build has never
  heard of. The managed codec as generated has no bag and drops it. Both accept
  the input and neither loses a KNOWN value, so this is not a correctness gate;
  it is ABI v1 open decision 11 with a cost attached, and on .NET the cost is a
  guarantee that exists today and would be removed. prost drops unknown fields
  too, which is why the Rust slice could not price this.

  The oneof vector is the one design/SHAPES.md says cannot round trip in ANY arm.
  Google.Protobuf retains the BYTES of tag 15 but the case stays at whatever
  member the element already carried; the grouping is descriptor-only, so no
  parser can recover the intent. Retention makes the bytes survive and does not
  make the VALUE survive, and those are different claims.

0 failure(s) -- a FAIL in a decode column, or a managed re-encode that is not
the baseline (the managed codec is supposed to drop, so differing means a known
value moved, which would be a real defect).

================= P2.5's two encodings =================
# harness: mapforms
# utc:                 2026-09-19T17:13:07Z
# runtime:             .NET 8.0.31
# os:                  Ubuntu 24.04.4 LTS
# arch:                X64
# processors:          4
# Google.Protobuf:     3.28.3.0
# server GC:           False
# latency mode:        Interactive
# tiered compilation:  on (default)
# tiered PGO:          on (default)
# R2R:                 on (default)
# floor sources:       no
# facade TFM:          net8.0
# transcoder:          Encoding.UTF8.GetBytes(ReadOnlySpan<char>, Span<byte>) -- net8.0
# length-prefix sites: 72
#
# R13 calibration on THIS machine: the Rust slice's crossing benchmark
#   measures 1.8 ns forward and 2.1 ns forward-plus-reverse here
#   (ffi/logs/csharp/calibration-rust-crossing.log). Every absolute
#   below is also quotable as a multiple of that 1.8 ns.
#
Which form does each encoder produce on P2.5?

  manifest (prost's rule, empty map value OMITTED) : 19632 B
  Google.Protobuf ToByteArray                      : 19632 B  -> OMITS it, same as the manifest
  the generated managed codec                      : 19632 B  -> OMITS it, same as the manifest

  So on .NET both arms produce the manifest's form. protobuf C++ and upb
  write the empty value and would produce 19712 B. That is a difference
  between runtimes, not a defect in any of them.

The +80 B form, built by rewriting the committed vector:
  empty map values inserted : 40
  bytes                     : 19712 (manifest 19632, delta 80)
  expected                  : 19712 B and 40 insertions -- ok

Does every decoder read BOTH forms, and agree on the value?

decoder         form      result
----------------------------------------------------------------
managed         canonical ok, equals the built graph
gp-parse        canonical ok, re-encodes to the canonical form
managed         +80 B     ok, equals the built graph
gp-parse        +80 B     ok, re-encodes to the canonical form

Reading this.
  Both decoders normalise the +80 B form back to the canonical one, because
  an empty map value and an absent map value are the SAME facade value and
  neither encoder writes it. So the two forms round-trip to one another's
  values and this slice's byte-identity gate is unaffected.

  A P2.5 TIMING row therefore carries the manifest's 19,632 B in every arm
  of this slice, and is not comparable with a slice whose encoder writes
  19,712 B: 80 bytes and 40 extra fields are not the same work.

0 failure(s)
