# cpp slice: correctness (R2), every level and both linkages -- re-gate against the landed R-D1 core
#   date        2026-09-24T09:06:14Z
#   machine     Linux 6.18.44-fc-v40 x86_64, 4 vCPU, Intel(R) Xeon(R) Processor @ 2.10GHz
#   compiler    g++ (Ubuntu 13.3.0-6ubuntu2~24.04.1) 13.3.0
#   incumbent   protobuf C++ 3.21.12; python3-protobuf 4.21.12
#   commit      ca03d6d + this slice's uncommitted R-D1/R-D2 fix
#   core        THE shared core at poc/codec 6ede244 (poc(codec): fix length-varint wrap on decode (FIX-PLAN WP4 item 1, R-D1)); working tree identical, cargo reports ak-core Fresh

===== conformance_a17_shared =====
ak_abi_version = 1, AK_ABI_VERSION = 1
-std=201703  impl=target  guard=on  decode-policy=reject  linkage=shared

-- group layout (ABI v1 section 10) --
  380 layout facts, 0 disagreements

-- byte identity against manifest.json, five arms --
  P1.1       858 B  ok
  P1.2    218121 B  ok
  P1.3       605 B  ok
  P2.1      1037 B  ok
  P2.2    540422 B  ok
  P2.3    647024 B  ok
  P2.4    979465 B  ok
  TWO VALID FORMS P2.5: this incumbent writes 19712 B, the manifest records 19632 B (delta +80). protobuf C++ writes a map entry's value unconditionally; the canonical form omits an implicit-presence leaf holding the proto zero.
  P2.5     19712 B  ok
  P3.1     12097 B  ok
  P4.1     65321 B  ok
  P5.1       116 B  ok
  P5.2     65620 B  ok
  P5.3   1048660 B  ok
  P5.4   4194390 B  ok
  P6.1    123354 B  ok
  P7.1        98 B  ok (decode only)

-- absent, unknown and malformed vectors --
  protobuf C++ on malformed UTF-8: ParseFromString -> false (rejects)

443 checks, 0 failures, 1 payloads with two valid encodings

===== conformance_b17_shared =====
ak_abi_version = 1, AK_ABI_VERSION = 1
-std=201703  impl=floor  guard=on  decode-policy=reject  linkage=shared

-- group layout (ABI v1 section 10) --
  380 layout facts, 0 disagreements

-- byte identity against manifest.json, five arms --
  P1.1       858 B  ok
  P1.2    218121 B  ok
  P1.3       605 B  ok
  P2.1      1037 B  ok
  P2.2    540422 B  ok
  P2.3    647024 B  ok
  P2.4    979465 B  ok
  TWO VALID FORMS P2.5: this incumbent writes 19712 B, the manifest records 19632 B (delta +80). protobuf C++ writes a map entry's value unconditionally; the canonical form omits an implicit-presence leaf holding the proto zero.
  P2.5     19712 B  ok
  P3.1     12097 B  ok
  P4.1     65321 B  ok
  P5.1       116 B  ok
  P5.2     65620 B  ok
  P5.3   1048660 B  ok
  P5.4   4194390 B  ok
  P6.1    123354 B  ok
  P7.1        98 B  ok (decode only)

-- absent, unknown and malformed vectors --
  protobuf C++ on malformed UTF-8: ParseFromString -> false (rejects)

443 checks, 0 failures, 1 payloads with two valid encodings

===== conformance_c14_shared =====
ak_abi_version = 1, AK_ABI_VERSION = 1
-std=201402  impl=floor  guard=on  decode-policy=reject  linkage=shared

-- group layout (ABI v1 section 10) --
  380 layout facts, 0 disagreements

-- byte identity against manifest.json, five arms --
  P1.1       858 B  ok
  P1.2    218121 B  ok
  P1.3       605 B  ok
  P2.1      1037 B  ok
  P2.2    540422 B  ok
  P2.3    647024 B  ok
  P2.4    979465 B  ok
  TWO VALID FORMS P2.5: this incumbent writes 19712 B, the manifest records 19632 B (delta +80). protobuf C++ writes a map entry's value unconditionally; the canonical form omits an implicit-presence leaf holding the proto zero.
  P2.5     19712 B  ok
  P3.1     12097 B  ok
  P4.1     65321 B  ok
  P5.1       116 B  ok
  P5.2     65620 B  ok
  P5.3   1048660 B  ok
  P5.4   4194390 B  ok
  P6.1    123354 B  ok
  P7.1        98 B  ok (decode only)

-- absent, unknown and malformed vectors --
  protobuf C++ on malformed UTF-8: ParseFromString -> false (rejects)

443 checks, 0 failures, 1 payloads with two valid encodings

===== conformance_c11_shared =====
ak_abi_version = 1, AK_ABI_VERSION = 1
-std=201103  impl=floor  guard=on  decode-policy=reject  linkage=shared

-- group layout (ABI v1 section 10) --
  380 layout facts, 0 disagreements

-- byte identity against manifest.json, five arms --
  P1.1       858 B  ok
  P1.2    218121 B  ok
  P1.3       605 B  ok
  P2.1      1037 B  ok
  P2.2    540422 B  ok
  P2.3    647024 B  ok
  P2.4    979465 B  ok
  TWO VALID FORMS P2.5: this incumbent writes 19712 B, the manifest records 19632 B (delta +80). protobuf C++ writes a map entry's value unconditionally; the canonical form omits an implicit-presence leaf holding the proto zero.
  P2.5     19712 B  ok
  P3.1     12097 B  ok
  P4.1     65321 B  ok
  P5.1       116 B  ok
  P5.2     65620 B  ok
  P5.3   1048660 B  ok
  P5.4   4194390 B  ok
  P6.1    123354 B  ok
  P7.1        98 B  ok (decode only)

-- absent, unknown and malformed vectors --
  protobuf C++ on malformed UTF-8: ParseFromString -> false (rejects)

443 checks, 0 failures, 1 payloads with two valid encodings

===== conformance_a17_static =====
ak_abi_version = 1, AK_ABI_VERSION = 1
-std=201703  impl=target  guard=on  decode-policy=reject  linkage=static

-- group layout (ABI v1 section 10) --
  380 layout facts, 0 disagreements

-- byte identity against manifest.json, five arms --
  P1.1       858 B  ok
  P1.2    218121 B  ok
  P1.3       605 B  ok
  P2.1      1037 B  ok
  P2.2    540422 B  ok
  P2.3    647024 B  ok
  P2.4    979465 B  ok
  TWO VALID FORMS P2.5: this incumbent writes 19712 B, the manifest records 19632 B (delta +80). protobuf C++ writes a map entry's value unconditionally; the canonical form omits an implicit-presence leaf holding the proto zero.
  P2.5     19712 B  ok
  P3.1     12097 B  ok
  P4.1     65321 B  ok
  P5.1       116 B  ok
  P5.2     65620 B  ok
  P5.3   1048660 B  ok
  P5.4   4194390 B  ok
  P6.1    123354 B  ok
  P7.1        98 B  ok (decode only)

-- absent, unknown and malformed vectors --
  protobuf C++ on malformed UTF-8: ParseFromString -> false (rejects)

443 checks, 0 failures, 1 payloads with two valid encodings

===== conformance_a17_lossy =====
ak_abi_version = 1, AK_ABI_VERSION = 1
-std=201703  impl=target  guard=on  decode-policy=lossy  linkage=shared

-- group layout (ABI v1 section 10) --
  380 layout facts, 0 disagreements

-- byte identity against manifest.json, five arms --
  P1.1       858 B  ok
  P1.2    218121 B  ok
  P1.3       605 B  ok
  P2.1      1037 B  ok
  P2.2    540422 B  ok
  P2.3    647024 B  ok
  P2.4    979465 B  ok
  TWO VALID FORMS P2.5: this incumbent writes 19712 B, the manifest records 19632 B (delta +80). protobuf C++ writes a map entry's value unconditionally; the canonical form omits an implicit-presence leaf holding the proto zero.
  P2.5     19712 B  ok
  P3.1     12097 B  ok
  P4.1     65321 B  ok
  P5.1       116 B  ok
  P5.2     65620 B  ok
  P5.3   1048660 B  ok
  P5.4   4194390 B  ok
  P6.1    123354 B  ok
  P7.1        98 B  ok (decode only)

-- absent, unknown and malformed vectors --
  protobuf C++ on malformed UTF-8: ParseFromString -> false (rejects)

441 checks, 0 failures, 1 payloads with two valid encodings

