# cpp slice: the committed crossing counts, full build (the campaign gate and wp5_gate/nounk_gate compare every '  P'/'  U' row).
# Re-taken 2026-10-10 for FIX-PLAN D27 (reset on entry, the core's behaviour): the binding calls no ak_enc_reset and
#   arms a retain context ONCE (ak_dec_reset_<Root> only to set or change the options pointer), and counts.cpp now takes
#   every decode count WARM (the same decode once before on the same context, as the timed loop runs): every encode row
#   and every retain decode / pull-retain row is 1 forward lower (host 1 -> 0), reverse and core unchanged on every row,
#   no other row changes (logs/cpp/d27/counts/change.txt).
# Re-taken 2026-09-28 for the optimisation unit's step 8d (X-2, the pull family): NEW rows only, 'decode pull' (walked in
#   place), 'decode pull drained' (ak_bdr_footprint + ak_bdr_drain in AK_BDR_MIN_CHUNK chunks) and, full build, 'decode
#   pull retain', per payload: reverse 0 and records = push's reverse count (ABI v1 7.1's invariant, checked on each row);
#   every existing row is identical to the previous file (diffed before replacing it).
# Re-taken 2026-09-27 for FIX-PLAN WP8 (CAMPAIGN req 19 as amended; ABI v1 decision 11 rules 7 and 8):
#   - a retain decode makes ONE ak_dec_reset_<Root> (before it; the options stay at a stable per-thread address and the
#     context stays armed), not two: every 'decode retain' row is 1 forward lower (107 rows, full build);
#   - unk_grow grows geometrically (at least double the old capacity, at least 64 B, clamped to INT32_MAX), in the
#     counting build as in the timed one: 18 U-* 'decode retain' rows make fewer reverse (grow) calls, e.g. U-leaf-all
#     18 -> 8, U-deep-all 16 -> 10; no other row changes. The no-unknown build has no retain row and is unchanged.
# Earlier (2026-09-26, WP7, R-H31): forward includes every exported entry point the timed loop calls -- host =
# ak_enc_reset inside each encode_into_* and the retain decode's reset, take = the loop's ak_enc_take; retain rows
# (no pre-placed buffer) and the 92 U-* rows at the shapes roots.
# counts binary built from the working tree at a4533fc9d + the WP8 changes; deterministic.
counting build, linkage=shared, -std=201703
Per-element columns are forward / reverse. forward = core + host + take (req 19):
host = the binding's calls the core does not count (D27: no ak_enc_reset, no per-decode
reset; counted warm); take = the timed loop's
ak_enc_take after an encode. Retain: no pre-placed buffer, geometric grow (rule 8).

  P1.1   encode                 forward      3  reverse      1  transcode       24   per element  0.750 /  0.250   (core 2 + host 0 + take 1)
  P1.1   encode zeroed-fill     forward      3  reverse      1  transcode       24   per element  0.750 /  0.250   (core 2 + host 0 + take 1)
  P1.1   encode UNBATCHED       forward      6  reverse      1  transcode       24   per element  1.500 /  0.250   (core 5 + host 0 + take 1)
  P1.1   encode host transcoder forward      3  reverse     25  transcode       24   per element  0.750 /  6.250   (core 2 + host 0 + take 1)
  P1.1   encode retain          forward      3  reverse      1  transcode       24   per element  0.750 /  0.250   (core 2 + host 0 + take 1)
  P1.1   decode                 forward      1  reverse      2  transcode        0   per element  0.250 /  0.500   (core 1 + host 0 + take 0)
  P1.1   decode retain          forward      1  reverse      2  transcode        0   per element  0.250 /  0.500   (core 1 + host 0 + take 0)
  P1.1   decode pull            forward      3  reverse      0  records      2  (core 2 + host 1)  records = push reverse
  P1.1   decode pull drained    forward      4  reverse      0  records      2  (core 3 + host 1)  records = push reverse
  P1.1   decode pull retain     forward      3  reverse      0  records      2  (core 2 + host 1)  records = push reverse
  P1.2   encode                 forward      9  reverse      1  transcode     6000   per element  0.009 /  0.001   (core 8 + host 0 + take 1)
  P1.2   encode zeroed-fill     forward      9  reverse      1  transcode     6000   per element  0.009 /  0.001   (core 8 + host 0 + take 1)
  P1.2   encode UNBATCHED       forward   1002  reverse      1  transcode     6000   per element  1.002 /  0.001   (core 1001 + host 0 + take 1)
  P1.2   encode host transcoder forward      9  reverse   6001  transcode     6000   per element  0.009 /  6.001   (core 8 + host 0 + take 1)
  P1.2   encode retain          forward     11  reverse      1  transcode     6000   per element  0.011 /  0.001   (core 10 + host 0 + take 1)
  P1.2   decode                 forward      1  reverse      8  transcode        0   per element  0.001 /  0.008   (core 1 + host 0 + take 0)
  P1.2   decode retain          forward      1  reverse      8  transcode        0   per element  0.001 /  0.008   (core 1 + host 0 + take 0)
  P1.2   decode pull            forward      3  reverse      0  records      8  (core 2 + host 1)  records = push reverse
  P1.2   decode pull drained    forward     10  reverse      0  records      8  (core 9 + host 1)  records = push reverse
  P1.2   decode pull retain     forward      3  reverse      0  records      8  (core 2 + host 1)  records = push reverse
  P1.3   encode                 forward      4  reverse      1  transcode        0   per element  0.013 /  0.003   (core 3 + host 0 + take 1)
  P1.3   encode zeroed-fill     forward      4  reverse      1  transcode        0   per element  0.013 /  0.003   (core 3 + host 0 + take 1)
  P1.3   encode UNBATCHED       forward    302  reverse      1  transcode        0   per element  1.007 /  0.003   (core 301 + host 0 + take 1)
  P1.3   encode host transcoder forward      4  reverse      1  transcode        0   per element  0.013 /  0.003   (core 3 + host 0 + take 1)
  P1.3   encode retain          forward      5  reverse      1  transcode        0   per element  0.017 /  0.003   (core 4 + host 0 + take 1)
  P1.3   decode                 forward      1  reverse      3  transcode        0   per element  0.003 /  0.010   (core 1 + host 0 + take 0)
  P1.3   decode retain          forward      1  reverse      3  transcode        0   per element  0.003 /  0.010   (core 1 + host 0 + take 0)
  P1.3   decode pull            forward      3  reverse      0  records      3  (core 2 + host 1)  records = push reverse
  P1.3   decode pull drained    forward      5  reverse      0  records      3  (core 4 + host 1)  records = push reverse
  P1.3   decode pull retain     forward      3  reverse      0  records      3  (core 2 + host 1)  records = push reverse
  P2.1   encode                 forward      8  reverse      6  transcode       35   per element  8.000 /  6.000   (core 7 + host 0 + take 1)
  P2.1   encode zeroed-fill     forward      8  reverse      6  transcode       35   per element  8.000 /  6.000   (core 7 + host 0 + take 1)
  P2.1   encode UNBATCHED       forward     19  reverse      6  transcode       35   per element 19.000 /  6.000   (core 18 + host 0 + take 1)
  P2.1   encode host transcoder forward      8  reverse     41  transcode       35   per element  8.000 / 41.000   (core 7 + host 0 + take 1)
  P2.1   encode retain          forward      8  reverse      6  transcode       35   per element  8.000 /  6.000   (core 7 + host 0 + take 1)
  P2.1   decode                 forward      1  reverse      8  transcode        0   per element  1.000 /  8.000   (core 1 + host 0 + take 0)
  P2.1   decode retain          forward      1  reverse      8  transcode        0   per element  1.000 /  8.000   (core 1 + host 0 + take 0)
  P2.1   decode pull            forward      3  reverse      0  records      8  (core 2 + host 1)  records = push reverse
  P2.1   decode pull drained    forward      4  reverse      0  records      8  (core 3 + host 1)  records = push reverse
  P2.1   decode pull retain     forward      3  reverse      0  records      8  (core 2 + host 1)  records = push reverse
  P2.2   encode                 forward   2512  reverse   2501  transcode    17167   per element  5.024 /  5.002   (core 2511 + host 0 + take 1)
  P2.2   encode zeroed-fill     forward   2512  reverse   2501  transcode    17167   per element  5.024 /  5.002   (core 2511 + host 0 + take 1)
  P2.2   encode UNBATCHED       forward   8502  reverse   2501  transcode    17167   per element 17.004 /  5.002   (core 8501 + host 0 + take 1)
  P2.2   encode host transcoder forward   2512  reverse  19668  transcode    17167   per element  5.024 / 39.336   (core 2511 + host 0 + take 1)
  P2.2   encode retain          forward   2518  reverse   2501  transcode    17167   per element  5.036 /  5.002   (core 2517 + host 0 + take 1)
  P2.2   decode                 forward      1  reverse   3501  transcode        0   per element  0.002 /  7.002   (core 1 + host 0 + take 0)
  P2.2   decode retain          forward      1  reverse   3501  transcode        0   per element  0.002 /  7.002   (core 1 + host 0 + take 0)
  P2.2   decode pull            forward      3  reverse      0  records   3501  (core 2 + host 1)  records = push reverse
  P2.2   decode pull drained    forward     24  reverse      0  records   3501  (core 23 + host 1)  records = push reverse
  P2.2   decode pull retain     forward      3  reverse      0  records   3501  (core 2 + host 1)  records = push reverse
  P2.3   encode                 forward    630  reverse    626  transcode    17792   per element  5.040 /  5.008   (core 629 + host 0 + take 1)
  P2.3   encode zeroed-fill     forward    630  reverse    626  transcode    17792   per element  5.040 /  5.008   (core 629 + host 0 + take 1)
  P2.3   encode UNBATCHED       forward  15627  reverse    626  transcode    17792   per element 125.016 /  5.008   (core 15626 + host 0 + take 1)
  P2.3   encode host transcoder forward    630  reverse  18418  transcode    17792   per element  5.040 / 147.344   (core 629 + host 0 + take 1)
  P2.3   encode retain          forward    631  reverse    626  transcode    17792   per element  5.048 /  5.008   (core 630 + host 0 + take 1)
  P2.3   decode                 forward      1  reverse    876  transcode        0   per element  0.008 /  7.008   (core 1 + host 0 + take 0)
  P2.3   decode retain          forward      1  reverse    876  transcode        0   per element  0.008 /  7.008   (core 1 + host 0 + take 0)
  P2.3   decode pull            forward      3  reverse      0  records    876  (core 2 + host 1)  records = push reverse
  P2.3   decode pull drained    forward     13  reverse      0  records    876  (core 12 + host 1)  records = push reverse
  P2.3   decode pull retain     forward      3  reverse      0  records    876  (core 2 + host 1)  records = push reverse
  P2.4   encode                 forward    404  reverse    401  transcode    26267   per element  5.050 /  5.013   (core 403 + host 0 + take 1)
  P2.4   encode zeroed-fill     forward    404  reverse    401  transcode    26267   per element  5.050 /  5.013   (core 403 + host 0 + take 1)
  P2.4   encode UNBATCHED       forward  24882  reverse    401  transcode    26267   per element 311.025 /  5.013   (core 24881 + host 0 + take 1)
  P2.4   encode host transcoder forward    404  reverse  26668  transcode    26267   per element  5.050 / 333.350   (core 403 + host 0 + take 1)
  P2.4   encode retain          forward    405  reverse    401  transcode    26267   per element  5.062 /  5.013   (core 404 + host 0 + take 1)
  P2.4   decode                 forward      1  reverse    561  transcode        0   per element  0.013 /  7.013   (core 1 + host 0 + take 0)
  P2.4   decode retain          forward      1  reverse    561  transcode        0   per element  0.013 /  7.013   (core 1 + host 0 + take 0)
  P2.4   decode pull            forward      3  reverse      0  records    561  (core 2 + host 1)  records = push reverse
  P2.4   decode pull drained    forward     15  reverse      0  records    561  (core 14 + host 1)  records = push reverse
  P2.4   decode pull retain     forward      3  reverse      0  records    561  (core 2 + host 1)  records = push reverse
  P2.5   encode                 forward    103  reverse    101  transcode      640   per element  5.150 /  5.050   (core 102 + host 0 + take 1)
  P2.5   encode zeroed-fill     forward    103  reverse    101  transcode      640   per element  5.150 /  5.050   (core 102 + host 0 + take 1)
  P2.5   encode UNBATCHED       forward    342  reverse    101  transcode      640   per element 17.100 /  5.050   (core 341 + host 0 + take 1)
  P2.5   encode host transcoder forward    103  reverse    741  transcode      640   per element  5.150 / 37.050   (core 102 + host 0 + take 1)
  P2.5   encode retain          forward    103  reverse    101  transcode      640   per element  5.150 /  5.050   (core 102 + host 0 + take 1)
  P2.5   decode                 forward      1  reverse    141  transcode        0   per element  0.050 /  7.050   (core 1 + host 0 + take 0)
  P2.5   decode retain          forward      1  reverse    141  transcode        0   per element  0.050 /  7.050   (core 1 + host 0 + take 0)
  P2.5   decode pull            forward      3  reverse      0  records    141  (core 2 + host 1)  records = push reverse
  P2.5   decode pull drained    forward      4  reverse      0  records    141  (core 3 + host 1)  records = push reverse
  P2.5   decode pull retain     forward      3  reverse      0  records    141  (core 2 + host 1)  records = push reverse
  P3.1   encode                 forward      3  reverse      1  transcode      430   per element  0.015 /  0.005   (core 2 + host 0 + take 1)
  P3.1   encode zeroed-fill     forward      3  reverse      1  transcode      430   per element  0.015 /  0.005   (core 2 + host 0 + take 1)
  P3.1   encode UNBATCHED       forward    202  reverse      1  transcode      430   per element  1.010 /  0.005   (core 201 + host 0 + take 1)
  P3.1   encode host transcoder forward      3  reverse    431  transcode      430   per element  0.015 /  2.155   (core 2 + host 0 + take 1)
  P3.1   encode retain          forward      4  reverse      1  transcode      430   per element  0.020 /  0.005   (core 3 + host 0 + take 1)
  P3.1   decode                 forward      1  reverse      2  transcode        0   per element  0.005 /  0.010   (core 1 + host 0 + take 0)
  P3.1   decode retain          forward      1  reverse      2  transcode        0   per element  0.005 /  0.010   (core 1 + host 0 + take 0)
  P3.1   decode pull            forward      3  reverse      0  records      2  (core 2 + host 1)  records = push reverse
  P3.1   decode pull drained    forward      4  reverse      0  records      2  (core 3 + host 1)  records = push reverse
  P3.1   decode pull retain     forward      3  reverse      0  records      2  (core 2 + host 1)  records = push reverse
  P4.1   encode                 forward    204  reverse    201  transcode     3467   per element  1.020 /  1.005   (core 203 + host 0 + take 1)
  P4.1   encode zeroed-fill     forward    204  reverse    201  transcode     3467   per element  1.020 /  1.005   (core 203 + host 0 + take 1)
  P4.1   encode UNBATCHED       forward   1002  reverse    201  transcode     3467   per element  5.010 /  1.005   (core 1001 + host 0 + take 1)
  P4.1   encode host transcoder forward    204  reverse   3668  transcode     3467   per element  1.020 / 18.340   (core 203 + host 0 + take 1)
  P4.1   encode retain          forward    205  reverse    201  transcode     3467   per element  1.025 /  1.005   (core 204 + host 0 + take 1)
  P4.1   decode                 forward      1  reverse    601  transcode        0   per element  0.005 /  3.005   (core 1 + host 0 + take 0)
  P4.1   decode retain          forward      1  reverse    601  transcode        0   per element  0.005 /  3.005   (core 1 + host 0 + take 0)
  P4.1   decode pull            forward      3  reverse      0  records    601  (core 2 + host 1)  records = push reverse
  P4.1   decode pull drained    forward      7  reverse      0  records    601  (core 6 + host 1)  records = push reverse
  P4.1   decode pull retain     forward      3  reverse      0  records    601  (core 2 + host 1)  records = push reverse
  P5.1   encode                 forward      2  reverse      0  transcode        2   per element  2.000 /  0.000   (core 1 + host 0 + take 1)
  P5.1   encode zeroed-fill     forward      2  reverse      0  transcode        2   per element  2.000 /  0.000   (core 1 + host 0 + take 1)
  P5.1   encode UNBATCHED       forward      2  reverse      0  transcode        2   per element  2.000 /  0.000   (core 1 + host 0 + take 1)
  P5.1   encode host transcoder forward      2  reverse      2  transcode        2   per element  2.000 /  2.000   (core 1 + host 0 + take 1)
  P5.1   encode retain          forward      2  reverse      0  transcode        2   per element  2.000 /  0.000   (core 1 + host 0 + take 1)
  P5.1   decode                 forward      1  reverse      1  transcode        0   per element  1.000 /  1.000   (core 1 + host 0 + take 0)
  P5.1   decode retain          forward      1  reverse      1  transcode        0   per element  1.000 /  1.000   (core 1 + host 0 + take 0)
  P5.1   decode pull            forward      3  reverse      0  records      1  (core 2 + host 1)  records = push reverse
  P5.1   decode pull drained    forward      4  reverse      0  records      1  (core 3 + host 1)  records = push reverse
  P5.1   decode pull retain     forward      3  reverse      0  records      1  (core 2 + host 1)  records = push reverse
  P5.2   encode                 forward      2  reverse      0  transcode        2   per element  2.000 /  0.000   (core 1 + host 0 + take 1)
  P5.2   encode zeroed-fill     forward      2  reverse      0  transcode        2   per element  2.000 /  0.000   (core 1 + host 0 + take 1)
  P5.2   encode UNBATCHED       forward      2  reverse      0  transcode        2   per element  2.000 /  0.000   (core 1 + host 0 + take 1)
  P5.2   encode host transcoder forward      2  reverse      2  transcode        2   per element  2.000 /  2.000   (core 1 + host 0 + take 1)
  P5.2   encode retain          forward      2  reverse      0  transcode        2   per element  2.000 /  0.000   (core 1 + host 0 + take 1)
  P5.2   decode                 forward      1  reverse      1  transcode        0   per element  1.000 /  1.000   (core 1 + host 0 + take 0)
  P5.2   decode retain          forward      1  reverse      1  transcode        0   per element  1.000 /  1.000   (core 1 + host 0 + take 0)
  P5.2   decode pull            forward      3  reverse      0  records      1  (core 2 + host 1)  records = push reverse
  P5.2   decode pull drained    forward      4  reverse      0  records      1  (core 3 + host 1)  records = push reverse
  P5.2   decode pull retain     forward      3  reverse      0  records      1  (core 2 + host 1)  records = push reverse
  P5.3   encode                 forward      2  reverse      0  transcode        2   per element  2.000 /  0.000   (core 1 + host 0 + take 1)
  P5.3   encode zeroed-fill     forward      2  reverse      0  transcode        2   per element  2.000 /  0.000   (core 1 + host 0 + take 1)
  P5.3   encode UNBATCHED       forward      2  reverse      0  transcode        2   per element  2.000 /  0.000   (core 1 + host 0 + take 1)
  P5.3   encode host transcoder forward      2  reverse      2  transcode        2   per element  2.000 /  2.000   (core 1 + host 0 + take 1)
  P5.3   encode retain          forward      2  reverse      0  transcode        2   per element  2.000 /  0.000   (core 1 + host 0 + take 1)
  P5.3   decode                 forward      1  reverse      1  transcode        0   per element  1.000 /  1.000   (core 1 + host 0 + take 0)
  P5.3   decode retain          forward      1  reverse      1  transcode        0   per element  1.000 /  1.000   (core 1 + host 0 + take 0)
  P5.3   decode pull            forward      3  reverse      0  records      1  (core 2 + host 1)  records = push reverse
  P5.3   decode pull drained    forward      4  reverse      0  records      1  (core 3 + host 1)  records = push reverse
  P5.3   decode pull retain     forward      3  reverse      0  records      1  (core 2 + host 1)  records = push reverse
  P5.4   encode                 forward      2  reverse      0  transcode        2   per element  2.000 /  0.000   (core 1 + host 0 + take 1)
  P5.4   encode zeroed-fill     forward      2  reverse      0  transcode        2   per element  2.000 /  0.000   (core 1 + host 0 + take 1)
  P5.4   encode UNBATCHED       forward      2  reverse      0  transcode        2   per element  2.000 /  0.000   (core 1 + host 0 + take 1)
  P5.4   encode host transcoder forward      2  reverse      2  transcode        2   per element  2.000 /  2.000   (core 1 + host 0 + take 1)
  P5.4   encode retain          forward      2  reverse      0  transcode        2   per element  2.000 /  0.000   (core 1 + host 0 + take 1)
  P5.4   decode                 forward      1  reverse      1  transcode        0   per element  1.000 /  1.000   (core 1 + host 0 + take 0)
  P5.4   decode retain          forward      1  reverse      1  transcode        0   per element  1.000 /  1.000   (core 1 + host 0 + take 0)
  P5.4   decode pull            forward      3  reverse      0  records      1  (core 2 + host 1)  records = push reverse
  P5.4   decode pull drained    forward      4  reverse      0  records      1  (core 3 + host 1)  records = push reverse
  P5.4   decode pull retain     forward      3  reverse      0  records      1  (core 2 + host 1)  records = push reverse
  P6.1   encode                 forward   1003  reverse   1001  transcode      200   per element  5.015 /  5.005   (core 1002 + host 0 + take 1)
  P6.1   encode zeroed-fill     forward   1003  reverse   1001  transcode      200   per element  5.015 /  5.005   (core 1002 + host 0 + take 1)
  P6.1   encode UNBATCHED       forward   1202  reverse   1001  transcode      200   per element  6.010 /  5.005   (core 1201 + host 0 + take 1)
  P6.1   encode host transcoder forward   1003  reverse   1201  transcode      200   per element  5.015 /  6.005   (core 1002 + host 0 + take 1)
  P6.1   encode retain          forward   1003  reverse   1001  transcode      200   per element  5.015 /  5.005   (core 1002 + host 0 + take 1)
  P6.1   decode                 forward      1  reverse   1401  transcode        0   per element  0.005 /  7.005   (core 1 + host 0 + take 0)
  P6.1   decode retain          forward      1  reverse   1401  transcode        0   per element  0.005 /  7.005   (core 1 + host 0 + take 0)
  P6.1   decode pull            forward      3  reverse      0  records   1401  (core 2 + host 1)  records = push reverse
  P6.1   decode pull drained    forward      9  reverse      0  records   1401  (core 8 + host 1)  records = push reverse
  P6.1   decode pull retain     forward      3  reverse      0  records   1401  (core 2 + host 1)  records = push reverse

-- the corpus's U-* rows at the shapes roots (req 7, req 19) --
  U-deep-all decode                 forward      1  reverse      8  transcode        0   per element  0.000 /  0.000   (core 1 + host 0 + take 0)
  U-deep-all encode                 forward      8  reverse      6  transcode       31   per element  0.000 /  0.000   (core 7 + host 0 + take 1)
  U-deep-all decode retain          forward      1  reverse     10  transcode        0   per element  0.000 /  0.000   (core 1 + host 0 + take 0)
  U-deep-all encode retain          forward      8  reverse      6  transcode       31   per element  0.000 /  0.000   (core 7 + host 0 + take 1)
  U-deep-u-fixed32 decode                 forward      1  reverse      8  transcode        0   per element  0.000 /  0.000   (core 1 + host 0 + take 0)
  U-deep-u-fixed32 encode                 forward      8  reverse      6  transcode       31   per element  0.000 /  0.000   (core 7 + host 0 + take 1)
  U-deep-u-fixed32 decode retain          forward      1  reverse      9  transcode        0   per element  0.000 /  0.000   (core 1 + host 0 + take 0)
  U-deep-u-fixed32 encode retain          forward      8  reverse      6  transcode       31   per element  0.000 /  0.000   (core 7 + host 0 + take 1)
  U-deep-u-fixed64 decode                 forward      1  reverse      8  transcode        0   per element  0.000 /  0.000   (core 1 + host 0 + take 0)
  U-deep-u-fixed64 encode                 forward      8  reverse      6  transcode       31   per element  0.000 /  0.000   (core 7 + host 0 + take 1)
  U-deep-u-fixed64 decode retain          forward      1  reverse      9  transcode        0   per element  0.000 /  0.000   (core 1 + host 0 + take 0)
  U-deep-u-fixed64 encode retain          forward      8  reverse      6  transcode       31   per element  0.000 /  0.000   (core 7 + host 0 + take 1)
  U-deep-u-len decode                 forward      1  reverse      8  transcode        0   per element  0.000 /  0.000   (core 1 + host 0 + take 0)
  U-deep-u-len encode                 forward      8  reverse      6  transcode       31   per element  0.000 /  0.000   (core 7 + host 0 + take 1)
  U-deep-u-len decode retain          forward      1  reverse      9  transcode        0   per element  0.000 /  0.000   (core 1 + host 0 + take 0)
  U-deep-u-len encode retain          forward      8  reverse      6  transcode       31   per element  0.000 /  0.000   (core 7 + host 0 + take 1)
  U-deep-u-msg decode                 forward      1  reverse      8  transcode        0   per element  0.000 /  0.000   (core 1 + host 0 + take 0)
  U-deep-u-msg encode                 forward      8  reverse      6  transcode       31   per element  0.000 /  0.000   (core 7 + host 0 + take 1)
  U-deep-u-msg decode retain          forward      1  reverse      9  transcode        0   per element  0.000 /  0.000   (core 1 + host 0 + take 0)
  U-deep-u-msg encode retain          forward      8  reverse      6  transcode       31   per element  0.000 /  0.000   (core 7 + host 0 + take 1)
  U-deep-u-packed decode                 forward      1  reverse      8  transcode        0   per element  0.000 /  0.000   (core 1 + host 0 + take 0)
  U-deep-u-packed encode                 forward      8  reverse      6  transcode       31   per element  0.000 /  0.000   (core 7 + host 0 + take 1)
  U-deep-u-packed decode retain          forward      1  reverse      9  transcode        0   per element  0.000 /  0.000   (core 1 + host 0 + take 0)
  U-deep-u-packed encode retain          forward      8  reverse      6  transcode       31   per element  0.000 /  0.000   (core 7 + host 0 + take 1)
  U-deep-u-repeated decode                 forward      1  reverse      8  transcode        0   per element  0.000 /  0.000   (core 1 + host 0 + take 0)
  U-deep-u-repeated encode                 forward      8  reverse      6  transcode       31   per element  0.000 /  0.000   (core 7 + host 0 + take 1)
  U-deep-u-repeated decode retain          forward      1  reverse      9  transcode        0   per element  0.000 /  0.000   (core 1 + host 0 + take 0)
  U-deep-u-repeated encode retain          forward      8  reverse      6  transcode       31   per element  0.000 /  0.000   (core 7 + host 0 + take 1)
  U-deep-u-varint decode                 forward      1  reverse      8  transcode        0   per element  0.000 /  0.000   (core 1 + host 0 + take 0)
  U-deep-u-varint encode                 forward      8  reverse      6  transcode       31   per element  0.000 /  0.000   (core 7 + host 0 + take 1)
  U-deep-u-varint decode retain          forward      1  reverse      9  transcode        0   per element  0.000 /  0.000   (core 1 + host 0 + take 0)
  U-deep-u-varint encode retain          forward      8  reverse      6  transcode       31   per element  0.000 /  0.000   (core 7 + host 0 + take 1)
  U-element-all decode                 forward      1  reverse      8  transcode        0   per element  0.000 /  0.000   (core 1 + host 0 + take 0)
  U-element-all encode                 forward      8  reverse      6  transcode       31   per element  0.000 /  0.000   (core 7 + host 0 + take 1)
  U-element-all decode retain          forward      1  reverse     10  transcode        0   per element  0.000 /  0.000   (core 1 + host 0 + take 0)
  U-element-all encode retain          forward      8  reverse      6  transcode       31   per element  0.000 /  0.000   (core 7 + host 0 + take 1)
  U-element-u-fixed32 decode                 forward      1  reverse      8  transcode        0   per element  0.000 /  0.000   (core 1 + host 0 + take 0)
  U-element-u-fixed32 encode                 forward      8  reverse      6  transcode       31   per element  0.000 /  0.000   (core 7 + host 0 + take 1)
  U-element-u-fixed32 decode retain          forward      1  reverse      9  transcode        0   per element  0.000 /  0.000   (core 1 + host 0 + take 0)
  U-element-u-fixed32 encode retain          forward      8  reverse      6  transcode       31   per element  0.000 /  0.000   (core 7 + host 0 + take 1)
  U-element-u-fixed64 decode                 forward      1  reverse      8  transcode        0   per element  0.000 /  0.000   (core 1 + host 0 + take 0)
  U-element-u-fixed64 encode                 forward      8  reverse      6  transcode       31   per element  0.000 /  0.000   (core 7 + host 0 + take 1)
  U-element-u-fixed64 decode retain          forward      1  reverse      9  transcode        0   per element  0.000 /  0.000   (core 1 + host 0 + take 0)
  U-element-u-fixed64 encode retain          forward      8  reverse      6  transcode       31   per element  0.000 /  0.000   (core 7 + host 0 + take 1)
  U-element-u-len decode                 forward      1  reverse      8  transcode        0   per element  0.000 /  0.000   (core 1 + host 0 + take 0)
  U-element-u-len encode                 forward      8  reverse      6  transcode       31   per element  0.000 /  0.000   (core 7 + host 0 + take 1)
  U-element-u-len decode retain          forward      1  reverse      9  transcode        0   per element  0.000 /  0.000   (core 1 + host 0 + take 0)
  U-element-u-len encode retain          forward      8  reverse      6  transcode       31   per element  0.000 /  0.000   (core 7 + host 0 + take 1)
  U-element-u-msg decode                 forward      1  reverse      8  transcode        0   per element  0.000 /  0.000   (core 1 + host 0 + take 0)
  U-element-u-msg encode                 forward      8  reverse      6  transcode       31   per element  0.000 /  0.000   (core 7 + host 0 + take 1)
  U-element-u-msg decode retain          forward      1  reverse      9  transcode        0   per element  0.000 /  0.000   (core 1 + host 0 + take 0)
  U-element-u-msg encode retain          forward      8  reverse      6  transcode       31   per element  0.000 /  0.000   (core 7 + host 0 + take 1)
  U-element-u-packed decode                 forward      1  reverse      8  transcode        0   per element  0.000 /  0.000   (core 1 + host 0 + take 0)
  U-element-u-packed encode                 forward      8  reverse      6  transcode       31   per element  0.000 /  0.000   (core 7 + host 0 + take 1)
  U-element-u-packed decode retain          forward      1  reverse      9  transcode        0   per element  0.000 /  0.000   (core 1 + host 0 + take 0)
  U-element-u-packed encode retain          forward      8  reverse      6  transcode       31   per element  0.000 /  0.000   (core 7 + host 0 + take 1)
  U-element-u-repeated decode                 forward      1  reverse      8  transcode        0   per element  0.000 /  0.000   (core 1 + host 0 + take 0)
  U-element-u-repeated encode                 forward      8  reverse      6  transcode       31   per element  0.000 /  0.000   (core 7 + host 0 + take 1)
  U-element-u-repeated decode retain          forward      1  reverse      9  transcode        0   per element  0.000 /  0.000   (core 1 + host 0 + take 0)
  U-element-u-repeated encode retain          forward      8  reverse      6  transcode       31   per element  0.000 /  0.000   (core 7 + host 0 + take 1)
  U-element-u-varint decode                 forward      1  reverse      8  transcode        0   per element  0.000 /  0.000   (core 1 + host 0 + take 0)
  U-element-u-varint encode                 forward      8  reverse      6  transcode       31   per element  0.000 /  0.000   (core 7 + host 0 + take 1)
  U-element-u-varint decode retain          forward      1  reverse      9  transcode        0   per element  0.000 /  0.000   (core 1 + host 0 + take 0)
  U-element-u-varint encode retain          forward      8  reverse      6  transcode       31   per element  0.000 /  0.000   (core 7 + host 0 + take 1)
  U-enum-value-127 decode                 forward      1  reverse      2  transcode        0   per element  0.000 /  0.000   (core 1 + host 0 + take 0)
  U-enum-value-127 encode                 forward      3  reverse      1  transcode        1   per element  0.000 /  0.000   (core 2 + host 0 + take 1)
  U-enum-value-127 decode retain          forward      1  reverse      2  transcode        0   per element  0.000 /  0.000   (core 1 + host 0 + take 0)
  U-enum-value-127 encode retain          forward      3  reverse      1  transcode        1   per element  0.000 /  0.000   (core 2 + host 0 + take 1)
  U-enum-value-2147483647 decode                 forward      1  reverse      2  transcode        0   per element  0.000 /  0.000   (core 1 + host 0 + take 0)
  U-enum-value-2147483647 encode                 forward      3  reverse      1  transcode        1   per element  0.000 /  0.000   (core 2 + host 0 + take 1)
  U-enum-value-2147483647 decode retain          forward      1  reverse      2  transcode        0   per element  0.000 /  0.000   (core 1 + host 0 + take 0)
  U-enum-value-2147483647 encode retain          forward      3  reverse      1  transcode        1   per element  0.000 /  0.000   (core 2 + host 0 + take 1)
  U-enum-value-999 decode                 forward      1  reverse      2  transcode        0   per element  0.000 /  0.000   (core 1 + host 0 + take 0)
  U-enum-value-999 encode                 forward      3  reverse      1  transcode        1   per element  0.000 /  0.000   (core 2 + host 0 + take 1)
  U-enum-value-999 decode retain          forward      1  reverse      2  transcode        0   per element  0.000 /  0.000   (core 1 + host 0 + take 0)
  U-enum-value-999 encode retain          forward      3  reverse      1  transcode        1   per element  0.000 /  0.000   (core 2 + host 0 + take 1)
  U-enum-value-packed decode                 forward      1  reverse      4  transcode        0   per element  0.000 /  0.000   (core 1 + host 0 + take 0)
  U-enum-value-packed encode                 forward      4  reverse      6  transcode        1   per element  0.000 /  0.000   (core 3 + host 0 + take 1)
  U-enum-value-packed decode retain          forward      1  reverse      4  transcode        0   per element  0.000 /  0.000   (core 1 + host 0 + take 0)
  U-enum-value-packed encode retain          forward      4  reverse      6  transcode        1   per element  0.000 /  0.000   (core 3 + host 0 + take 1)
  U-leaf-all decode                 forward      1  reverse      2  transcode        0   per element  0.000 /  0.000   (core 1 + host 0 + take 0)
  U-leaf-all encode                 forward      3  reverse      1  transcode        6   per element  0.000 /  0.000   (core 2 + host 0 + take 1)
  U-leaf-all decode retain          forward      1  reverse      8  transcode        0   per element  0.000 /  0.000   (core 1 + host 0 + take 0)
  U-leaf-all encode retain          forward      3  reverse      1  transcode        6   per element  0.000 /  0.000   (core 2 + host 0 + take 1)
  U-leaf-u-fixed32 decode                 forward      1  reverse      2  transcode        0   per element  0.000 /  0.000   (core 1 + host 0 + take 0)
  U-leaf-u-fixed32 encode                 forward      3  reverse      1  transcode        6   per element  0.000 /  0.000   (core 2 + host 0 + take 1)
  U-leaf-u-fixed32 decode retain          forward      1  reverse      4  transcode        0   per element  0.000 /  0.000   (core 1 + host 0 + take 0)
  U-leaf-u-fixed32 encode retain          forward      3  reverse      1  transcode        6   per element  0.000 /  0.000   (core 2 + host 0 + take 1)
  U-leaf-u-fixed64 decode                 forward      1  reverse      2  transcode        0   per element  0.000 /  0.000   (core 1 + host 0 + take 0)
  U-leaf-u-fixed64 encode                 forward      3  reverse      1  transcode        6   per element  0.000 /  0.000   (core 2 + host 0 + take 1)
  U-leaf-u-fixed64 decode retain          forward      1  reverse      4  transcode        0   per element  0.000 /  0.000   (core 1 + host 0 + take 0)
  U-leaf-u-fixed64 encode retain          forward      3  reverse      1  transcode        6   per element  0.000 /  0.000   (core 2 + host 0 + take 1)
  U-leaf-u-len decode                 forward      1  reverse      2  transcode        0   per element  0.000 /  0.000   (core 1 + host 0 + take 0)
  U-leaf-u-len encode                 forward      3  reverse      1  transcode        6   per element  0.000 /  0.000   (core 2 + host 0 + take 1)
  U-leaf-u-len decode retain          forward      1  reverse      4  transcode        0   per element  0.000 /  0.000   (core 1 + host 0 + take 0)
  U-leaf-u-len encode retain          forward      3  reverse      1  transcode        6   per element  0.000 /  0.000   (core 2 + host 0 + take 1)
  U-leaf-u-msg decode                 forward      1  reverse      2  transcode        0   per element  0.000 /  0.000   (core 1 + host 0 + take 0)
  U-leaf-u-msg encode                 forward      3  reverse      1  transcode        6   per element  0.000 /  0.000   (core 2 + host 0 + take 1)
  U-leaf-u-msg decode retain          forward      1  reverse      4  transcode        0   per element  0.000 /  0.000   (core 1 + host 0 + take 0)
  U-leaf-u-msg encode retain          forward      3  reverse      1  transcode        6   per element  0.000 /  0.000   (core 2 + host 0 + take 1)
  U-leaf-u-packed decode                 forward      1  reverse      2  transcode        0   per element  0.000 /  0.000   (core 1 + host 0 + take 0)
  U-leaf-u-packed encode                 forward      3  reverse      1  transcode        6   per element  0.000 /  0.000   (core 2 + host 0 + take 1)
  U-leaf-u-packed decode retain          forward      1  reverse      4  transcode        0   per element  0.000 /  0.000   (core 1 + host 0 + take 0)
  U-leaf-u-packed encode retain          forward      3  reverse      1  transcode        6   per element  0.000 /  0.000   (core 2 + host 0 + take 1)
  U-leaf-u-repeated decode                 forward      1  reverse      2  transcode        0   per element  0.000 /  0.000   (core 1 + host 0 + take 0)
  U-leaf-u-repeated encode                 forward      3  reverse      1  transcode        6   per element  0.000 /  0.000   (core 2 + host 0 + take 1)
  U-leaf-u-repeated decode retain          forward      1  reverse      4  transcode        0   per element  0.000 /  0.000   (core 1 + host 0 + take 0)
  U-leaf-u-repeated encode retain          forward      3  reverse      1  transcode        6   per element  0.000 /  0.000   (core 2 + host 0 + take 1)
  U-leaf-u-varint decode                 forward      1  reverse      2  transcode        0   per element  0.000 /  0.000   (core 1 + host 0 + take 0)
  U-leaf-u-varint encode                 forward      3  reverse      1  transcode        6   per element  0.000 /  0.000   (core 2 + host 0 + take 1)
  U-leaf-u-varint decode retain          forward      1  reverse      4  transcode        0   per element  0.000 /  0.000   (core 1 + host 0 + take 0)
  U-leaf-u-varint encode retain          forward      3  reverse      1  transcode        6   per element  0.000 /  0.000   (core 2 + host 0 + take 1)
  U-nested-all decode                 forward      1  reverse      2  transcode        0   per element  0.000 /  0.000   (core 1 + host 0 + take 0)
  U-nested-all encode                 forward      3  reverse      1  transcode        6   per element  0.000 /  0.000   (core 2 + host 0 + take 1)
  U-nested-all decode retain          forward      1  reverse      4  transcode        0   per element  0.000 /  0.000   (core 1 + host 0 + take 0)
  U-nested-all encode retain          forward      3  reverse      1  transcode        6   per element  0.000 /  0.000   (core 2 + host 0 + take 1)
  U-nested-before decode                 forward      1  reverse      2  transcode        0   per element  0.000 /  0.000   (core 1 + host 0 + take 0)
  U-nested-before encode                 forward      3  reverse      1  transcode        6   per element  0.000 /  0.000   (core 2 + host 0 + take 1)
  U-nested-before decode retain          forward      1  reverse      4  transcode        0   per element  0.000 /  0.000   (core 1 + host 0 + take 0)
  U-nested-before encode retain          forward      3  reverse      1  transcode        6   per element  0.000 /  0.000   (core 2 + host 0 + take 1)
  U-nested-group decode                 forward      1  reverse      2  transcode        0   per element  0.000 /  0.000   (core 1 + host 0 + take 0)
  U-nested-group encode                 forward      3  reverse      1  transcode        6   per element  0.000 /  0.000   (core 2 + host 0 + take 1)
  U-nested-group decode retain          forward      1  reverse      3  transcode        0   per element  0.000 /  0.000   (core 1 + host 0 + take 0)
  U-nested-group encode retain          forward      3  reverse      1  transcode        6   per element  0.000 /  0.000   (core 2 + host 0 + take 1)
  U-nested-interleaved decode                 forward      1  reverse      2  transcode        0   per element  0.000 /  0.000   (core 1 + host 0 + take 0)
  U-nested-interleaved encode                 forward      3  reverse      1  transcode        6   per element  0.000 /  0.000   (core 2 + host 0 + take 1)
  U-nested-interleaved decode retain          forward      1  reverse      4  transcode        0   per element  0.000 /  0.000   (core 1 + host 0 + take 0)
  U-nested-interleaved encode retain          forward      3  reverse      1  transcode        6   per element  0.000 /  0.000   (core 2 + host 0 + take 1)
  U-nested-u-fixed32 decode                 forward      1  reverse      2  transcode        0   per element  0.000 /  0.000   (core 1 + host 0 + take 0)
  U-nested-u-fixed32 encode                 forward      3  reverse      1  transcode        6   per element  0.000 /  0.000   (core 2 + host 0 + take 1)
  U-nested-u-fixed32 decode retain          forward      1  reverse      3  transcode        0   per element  0.000 /  0.000   (core 1 + host 0 + take 0)
  U-nested-u-fixed32 encode retain          forward      3  reverse      1  transcode        6   per element  0.000 /  0.000   (core 2 + host 0 + take 1)
  U-nested-u-fixed64 decode                 forward      1  reverse      2  transcode        0   per element  0.000 /  0.000   (core 1 + host 0 + take 0)
  U-nested-u-fixed64 encode                 forward      3  reverse      1  transcode        6   per element  0.000 /  0.000   (core 2 + host 0 + take 1)
  U-nested-u-fixed64 decode retain          forward      1  reverse      3  transcode        0   per element  0.000 /  0.000   (core 1 + host 0 + take 0)
  U-nested-u-fixed64 encode retain          forward      3  reverse      1  transcode        6   per element  0.000 /  0.000   (core 2 + host 0 + take 1)
  U-nested-u-len decode                 forward      1  reverse      2  transcode        0   per element  0.000 /  0.000   (core 1 + host 0 + take 0)
  U-nested-u-len encode                 forward      3  reverse      1  transcode        6   per element  0.000 /  0.000   (core 2 + host 0 + take 1)
  U-nested-u-len decode retain          forward      1  reverse      3  transcode        0   per element  0.000 /  0.000   (core 1 + host 0 + take 0)
  U-nested-u-len encode retain          forward      3  reverse      1  transcode        6   per element  0.000 /  0.000   (core 2 + host 0 + take 1)
  U-nested-u-msg decode                 forward      1  reverse      2  transcode        0   per element  0.000 /  0.000   (core 1 + host 0 + take 0)
  U-nested-u-msg encode                 forward      3  reverse      1  transcode        6   per element  0.000 /  0.000   (core 2 + host 0 + take 1)
  U-nested-u-msg decode retain          forward      1  reverse      3  transcode        0   per element  0.000 /  0.000   (core 1 + host 0 + take 0)
  U-nested-u-msg encode retain          forward      3  reverse      1  transcode        6   per element  0.000 /  0.000   (core 2 + host 0 + take 1)
  U-nested-u-packed decode                 forward      1  reverse      2  transcode        0   per element  0.000 /  0.000   (core 1 + host 0 + take 0)
  U-nested-u-packed encode                 forward      3  reverse      1  transcode        6   per element  0.000 /  0.000   (core 2 + host 0 + take 1)
  U-nested-u-packed decode retain          forward      1  reverse      3  transcode        0   per element  0.000 /  0.000   (core 1 + host 0 + take 0)
  U-nested-u-packed encode retain          forward      3  reverse      1  transcode        6   per element  0.000 /  0.000   (core 2 + host 0 + take 1)
  U-nested-u-repeated decode                 forward      1  reverse      2  transcode        0   per element  0.000 /  0.000   (core 1 + host 0 + take 0)
  U-nested-u-repeated encode                 forward      3  reverse      1  transcode        6   per element  0.000 /  0.000   (core 2 + host 0 + take 1)
  U-nested-u-repeated decode retain          forward      1  reverse      3  transcode        0   per element  0.000 /  0.000   (core 1 + host 0 + take 0)
  U-nested-u-repeated encode retain          forward      3  reverse      1  transcode        6   per element  0.000 /  0.000   (core 2 + host 0 + take 1)
  U-nested-u-varint decode                 forward      1  reverse      2  transcode        0   per element  0.000 /  0.000   (core 1 + host 0 + take 0)
  U-nested-u-varint encode                 forward      3  reverse      1  transcode        6   per element  0.000 /  0.000   (core 2 + host 0 + take 1)
  U-nested-u-varint decode retain          forward      1  reverse      3  transcode        0   per element  0.000 /  0.000   (core 1 + host 0 + take 0)
  U-nested-u-varint encode retain          forward      3  reverse      1  transcode        6   per element  0.000 /  0.000   (core 2 + host 0 + take 1)
  U-oneof-all decode                 forward      1  reverse      2  transcode        0   per element  0.000 /  0.000   (core 1 + host 0 + take 0)
  U-oneof-all encode                 forward      3  reverse      1  transcode        2   per element  0.000 /  0.000   (core 2 + host 0 + take 1)
  U-oneof-all decode retain          forward      1  reverse      4  transcode        0   per element  0.000 /  0.000   (core 1 + host 0 + take 0)
  U-oneof-all encode retain          forward      3  reverse      1  transcode        2   per element  0.000 /  0.000   (core 2 + host 0 + take 1)
  U-oneof-before decode                 forward      1  reverse      2  transcode        0   per element  0.000 /  0.000   (core 1 + host 0 + take 0)
  U-oneof-before encode                 forward      3  reverse      1  transcode        2   per element  0.000 /  0.000   (core 2 + host 0 + take 1)
  U-oneof-before decode retain          forward      1  reverse      4  transcode        0   per element  0.000 /  0.000   (core 1 + host 0 + take 0)
  U-oneof-before encode retain          forward      3  reverse      1  transcode        2   per element  0.000 /  0.000   (core 2 + host 0 + take 1)
  U-oneof-group decode                 forward      1  reverse      2  transcode        0   per element  0.000 /  0.000   (core 1 + host 0 + take 0)
  U-oneof-group encode                 forward      3  reverse      1  transcode        2   per element  0.000 /  0.000   (core 2 + host 0 + take 1)
  U-oneof-group decode retain          forward      1  reverse      3  transcode        0   per element  0.000 /  0.000   (core 1 + host 0 + take 0)
  U-oneof-group encode retain          forward      3  reverse      1  transcode        2   per element  0.000 /  0.000   (core 2 + host 0 + take 1)
  U-oneof-interleaved decode                 forward      1  reverse      2  transcode        0   per element  0.000 /  0.000   (core 1 + host 0 + take 0)
  U-oneof-interleaved encode                 forward      3  reverse      1  transcode        2   per element  0.000 /  0.000   (core 2 + host 0 + take 1)
  U-oneof-interleaved decode retain          forward      1  reverse      4  transcode        0   per element  0.000 /  0.000   (core 1 + host 0 + take 0)
  U-oneof-interleaved encode retain          forward      3  reverse      1  transcode        2   per element  0.000 /  0.000   (core 2 + host 0 + take 1)
  U-oneof-member-after-known decode                 forward      1  reverse      2  transcode        0   per element  0.000 /  0.000   (core 1 + host 0 + take 0)
  U-oneof-member-after-known encode                 forward      3  reverse      1  transcode        2   per element  0.000 /  0.000   (core 2 + host 0 + take 1)
  U-oneof-member-after-known decode retain          forward      1  reverse      3  transcode        0   per element  0.000 /  0.000   (core 1 + host 0 + take 0)
  U-oneof-member-after-known encode retain          forward      3  reverse      1  transcode        2   per element  0.000 /  0.000   (core 2 + host 0 + take 1)
  U-oneof-member-alone decode                 forward      1  reverse      2  transcode        0   per element  0.000 /  0.000   (core 1 + host 0 + take 0)
  U-oneof-member-alone encode                 forward      3  reverse      1  transcode        2   per element  0.000 /  0.000   (core 2 + host 0 + take 1)
  U-oneof-member-alone decode retain          forward      1  reverse      3  transcode        0   per element  0.000 /  0.000   (core 1 + host 0 + take 0)
  U-oneof-member-alone encode retain          forward      3  reverse      1  transcode        2   per element  0.000 /  0.000   (core 2 + host 0 + take 1)
  U-oneof-member-before-known decode                 forward      1  reverse      2  transcode        0   per element  0.000 /  0.000   (core 1 + host 0 + take 0)
  U-oneof-member-before-known encode                 forward      3  reverse      1  transcode        2   per element  0.000 /  0.000   (core 2 + host 0 + take 1)
  U-oneof-member-before-known decode retain          forward      1  reverse      3  transcode        0   per element  0.000 /  0.000   (core 1 + host 0 + take 0)
  U-oneof-member-before-known encode retain          forward      3  reverse      1  transcode        2   per element  0.000 /  0.000   (core 2 + host 0 + take 1)
  U-oneof-u-fixed32 decode                 forward      1  reverse      2  transcode        0   per element  0.000 /  0.000   (core 1 + host 0 + take 0)
  U-oneof-u-fixed32 encode                 forward      3  reverse      1  transcode        2   per element  0.000 /  0.000   (core 2 + host 0 + take 1)
  U-oneof-u-fixed32 decode retain          forward      1  reverse      3  transcode        0   per element  0.000 /  0.000   (core 1 + host 0 + take 0)
  U-oneof-u-fixed32 encode retain          forward      3  reverse      1  transcode        2   per element  0.000 /  0.000   (core 2 + host 0 + take 1)
  U-oneof-u-fixed64 decode                 forward      1  reverse      2  transcode        0   per element  0.000 /  0.000   (core 1 + host 0 + take 0)
  U-oneof-u-fixed64 encode                 forward      3  reverse      1  transcode        2   per element  0.000 /  0.000   (core 2 + host 0 + take 1)
  U-oneof-u-fixed64 decode retain          forward      1  reverse      3  transcode        0   per element  0.000 /  0.000   (core 1 + host 0 + take 0)
  U-oneof-u-fixed64 encode retain          forward      3  reverse      1  transcode        2   per element  0.000 /  0.000   (core 2 + host 0 + take 1)
  U-oneof-u-len decode                 forward      1  reverse      2  transcode        0   per element  0.000 /  0.000   (core 1 + host 0 + take 0)
  U-oneof-u-len encode                 forward      3  reverse      1  transcode        2   per element  0.000 /  0.000   (core 2 + host 0 + take 1)
  U-oneof-u-len decode retain          forward      1  reverse      3  transcode        0   per element  0.000 /  0.000   (core 1 + host 0 + take 0)
  U-oneof-u-len encode retain          forward      3  reverse      1  transcode        2   per element  0.000 /  0.000   (core 2 + host 0 + take 1)
  U-oneof-u-msg decode                 forward      1  reverse      2  transcode        0   per element  0.000 /  0.000   (core 1 + host 0 + take 0)
  U-oneof-u-msg encode                 forward      3  reverse      1  transcode        2   per element  0.000 /  0.000   (core 2 + host 0 + take 1)
  U-oneof-u-msg decode retain          forward      1  reverse      3  transcode        0   per element  0.000 /  0.000   (core 1 + host 0 + take 0)
  U-oneof-u-msg encode retain          forward      3  reverse      1  transcode        2   per element  0.000 /  0.000   (core 2 + host 0 + take 1)
  U-oneof-u-packed decode                 forward      1  reverse      2  transcode        0   per element  0.000 /  0.000   (core 1 + host 0 + take 0)
  U-oneof-u-packed encode                 forward      3  reverse      1  transcode        2   per element  0.000 /  0.000   (core 2 + host 0 + take 1)
  U-oneof-u-packed decode retain          forward      1  reverse      3  transcode        0   per element  0.000 /  0.000   (core 1 + host 0 + take 0)
  U-oneof-u-packed encode retain          forward      3  reverse      1  transcode        2   per element  0.000 /  0.000   (core 2 + host 0 + take 1)
  U-oneof-u-repeated decode                 forward      1  reverse      2  transcode        0   per element  0.000 /  0.000   (core 1 + host 0 + take 0)
  U-oneof-u-repeated encode                 forward      3  reverse      1  transcode        2   per element  0.000 /  0.000   (core 2 + host 0 + take 1)
  U-oneof-u-repeated decode retain          forward      1  reverse      3  transcode        0   per element  0.000 /  0.000   (core 1 + host 0 + take 0)
  U-oneof-u-repeated encode retain          forward      3  reverse      1  transcode        2   per element  0.000 /  0.000   (core 2 + host 0 + take 1)
  U-oneof-u-varint decode                 forward      1  reverse      2  transcode        0   per element  0.000 /  0.000   (core 1 + host 0 + take 0)
  U-oneof-u-varint encode                 forward      3  reverse      1  transcode        2   per element  0.000 /  0.000   (core 2 + host 0 + take 1)
  U-oneof-u-varint decode retain          forward      1  reverse      3  transcode        0   per element  0.000 /  0.000   (core 1 + host 0 + take 0)
  U-oneof-u-varint encode retain          forward      3  reverse      1  transcode        2   per element  0.000 /  0.000   (core 2 + host 0 + take 1)
  U-root-all decode                 forward      1  reverse      2  transcode        0   per element  0.000 /  0.000   (core 1 + host 0 + take 0)
  U-root-all encode                 forward      3  reverse      1  transcode       12   per element  0.000 /  0.000   (core 2 + host 0 + take 1)
  U-root-all decode retain          forward      1  reverse      4  transcode        0   per element  0.000 /  0.000   (core 1 + host 0 + take 0)
  U-root-all encode retain          forward      3  reverse      1  transcode       12   per element  0.000 /  0.000   (core 2 + host 0 + take 1)
  U-root-before decode                 forward      1  reverse      2  transcode        0   per element  0.000 /  0.000   (core 1 + host 0 + take 0)
  U-root-before encode                 forward      3  reverse      1  transcode       12   per element  0.000 /  0.000   (core 2 + host 0 + take 1)
  U-root-before decode retain          forward      1  reverse      4  transcode        0   per element  0.000 /  0.000   (core 1 + host 0 + take 0)
  U-root-before encode retain          forward      3  reverse      1  transcode       12   per element  0.000 /  0.000   (core 2 + host 0 + take 1)
  U-root-group decode                 forward      1  reverse      2  transcode        0   per element  0.000 /  0.000   (core 1 + host 0 + take 0)
  U-root-group encode                 forward      3  reverse      1  transcode       12   per element  0.000 /  0.000   (core 2 + host 0 + take 1)
  U-root-group decode retain          forward      1  reverse      3  transcode        0   per element  0.000 /  0.000   (core 1 + host 0 + take 0)
  U-root-group encode retain          forward      3  reverse      1  transcode       12   per element  0.000 /  0.000   (core 2 + host 0 + take 1)
  U-root-interleaved decode                 forward      1  reverse      2  transcode        0   per element  0.000 /  0.000   (core 1 + host 0 + take 0)
  U-root-interleaved encode                 forward      3  reverse      1  transcode       12   per element  0.000 /  0.000   (core 2 + host 0 + take 1)
  U-root-interleaved decode retain          forward      1  reverse      4  transcode        0   per element  0.000 /  0.000   (core 1 + host 0 + take 0)
  U-root-interleaved encode retain          forward      3  reverse      1  transcode       12   per element  0.000 /  0.000   (core 2 + host 0 + take 1)
  U-root-max-tag decode                 forward      1  reverse      2  transcode        0   per element  0.000 /  0.000   (core 1 + host 0 + take 0)
  U-root-max-tag encode                 forward      3  reverse      1  transcode       12   per element  0.000 /  0.000   (core 2 + host 0 + take 1)
  U-root-max-tag decode retain          forward      1  reverse      3  transcode        0   per element  0.000 /  0.000   (core 1 + host 0 + take 0)
  U-root-max-tag encode retain          forward      3  reverse      1  transcode       12   per element  0.000 /  0.000   (core 2 + host 0 + take 1)
  U-root-u-fixed32 decode                 forward      1  reverse      2  transcode        0   per element  0.000 /  0.000   (core 1 + host 0 + take 0)
  U-root-u-fixed32 encode                 forward      3  reverse      1  transcode       12   per element  0.000 /  0.000   (core 2 + host 0 + take 1)
  U-root-u-fixed32 decode retain          forward      1  reverse      3  transcode        0   per element  0.000 /  0.000   (core 1 + host 0 + take 0)
  U-root-u-fixed32 encode retain          forward      3  reverse      1  transcode       12   per element  0.000 /  0.000   (core 2 + host 0 + take 1)
  U-root-u-fixed64 decode                 forward      1  reverse      2  transcode        0   per element  0.000 /  0.000   (core 1 + host 0 + take 0)
  U-root-u-fixed64 encode                 forward      3  reverse      1  transcode       12   per element  0.000 /  0.000   (core 2 + host 0 + take 1)
  U-root-u-fixed64 decode retain          forward      1  reverse      3  transcode        0   per element  0.000 /  0.000   (core 1 + host 0 + take 0)
  U-root-u-fixed64 encode retain          forward      3  reverse      1  transcode       12   per element  0.000 /  0.000   (core 2 + host 0 + take 1)
  U-root-u-len decode                 forward      1  reverse      2  transcode        0   per element  0.000 /  0.000   (core 1 + host 0 + take 0)
  U-root-u-len encode                 forward      3  reverse      1  transcode       12   per element  0.000 /  0.000   (core 2 + host 0 + take 1)
  U-root-u-len decode retain          forward      1  reverse      3  transcode        0   per element  0.000 /  0.000   (core 1 + host 0 + take 0)
  U-root-u-len encode retain          forward      3  reverse      1  transcode       12   per element  0.000 /  0.000   (core 2 + host 0 + take 1)
  U-root-u-msg decode                 forward      1  reverse      2  transcode        0   per element  0.000 /  0.000   (core 1 + host 0 + take 0)
  U-root-u-msg encode                 forward      3  reverse      1  transcode       12   per element  0.000 /  0.000   (core 2 + host 0 + take 1)
  U-root-u-msg decode retain          forward      1  reverse      3  transcode        0   per element  0.000 /  0.000   (core 1 + host 0 + take 0)
  U-root-u-msg encode retain          forward      3  reverse      1  transcode       12   per element  0.000 /  0.000   (core 2 + host 0 + take 1)
  U-root-u-packed decode                 forward      1  reverse      2  transcode        0   per element  0.000 /  0.000   (core 1 + host 0 + take 0)
  U-root-u-packed encode                 forward      3  reverse      1  transcode       12   per element  0.000 /  0.000   (core 2 + host 0 + take 1)
  U-root-u-packed decode retain          forward      1  reverse      3  transcode        0   per element  0.000 /  0.000   (core 1 + host 0 + take 0)
  U-root-u-packed encode retain          forward      3  reverse      1  transcode       12   per element  0.000 /  0.000   (core 2 + host 0 + take 1)
  U-root-u-repeated decode                 forward      1  reverse      2  transcode        0   per element  0.000 /  0.000   (core 1 + host 0 + take 0)
  U-root-u-repeated encode                 forward      3  reverse      1  transcode       12   per element  0.000 /  0.000   (core 2 + host 0 + take 1)
  U-root-u-repeated decode retain          forward      1  reverse      3  transcode        0   per element  0.000 /  0.000   (core 1 + host 0 + take 0)
  U-root-u-repeated encode retain          forward      3  reverse      1  transcode       12   per element  0.000 /  0.000   (core 2 + host 0 + take 1)
  U-root-u-varint decode                 forward      1  reverse      2  transcode        0   per element  0.000 /  0.000   (core 1 + host 0 + take 0)
  U-root-u-varint encode                 forward      3  reverse      1  transcode       12   per element  0.000 /  0.000   (core 2 + host 0 + take 1)
  U-root-u-varint decode retain          forward      1  reverse      3  transcode        0   per element  0.000 /  0.000   (core 1 + host 0 + take 0)
  U-root-u-varint encode retain          forward      3  reverse      1  transcode       12   per element  0.000 /  0.000   (core 2 + host 0 + take 1)
  U-wire-DualResponse-left-as-wt0 decode                 forward      1  reverse      3  transcode        0   per element  0.000 /  0.000   (core 1 + host 0 + take 0)
  U-wire-DualResponse-left-as-wt0 encode                 forward      4  reverse      2  transcode        4   per element  0.000 /  0.000   (core 3 + host 0 + take 1)
  U-wire-DualResponse-left-as-wt0 decode retain          forward      1  reverse      4  transcode        0   per element  0.000 /  0.000   (core 1 + host 0 + take 0)
  U-wire-DualResponse-left-as-wt0 encode retain          forward      4  reverse      2  transcode        4   per element  0.000 /  0.000   (core 3 + host 0 + take 1)
  U-wire-DualResponse-left-as-wt1 decode                 forward      1  reverse      3  transcode        0   per element  0.000 /  0.000   (core 1 + host 0 + take 0)
  U-wire-DualResponse-left-as-wt1 encode                 forward      4  reverse      2  transcode        4   per element  0.000 /  0.000   (core 3 + host 0 + take 1)
  U-wire-DualResponse-left-as-wt1 decode retain          forward      1  reverse      4  transcode        0   per element  0.000 /  0.000   (core 1 + host 0 + take 0)
  U-wire-DualResponse-left-as-wt1 encode retain          forward      4  reverse      2  transcode        4   per element  0.000 /  0.000   (core 3 + host 0 + take 1)
  U-wire-DualResponse-left-as-wt5 decode                 forward      1  reverse      3  transcode        0   per element  0.000 /  0.000   (core 1 + host 0 + take 0)
  U-wire-DualResponse-left-as-wt5 encode                 forward      4  reverse      2  transcode        4   per element  0.000 /  0.000   (core 3 + host 0 + take 1)
  U-wire-DualResponse-left-as-wt5 decode retain          forward      1  reverse      4  transcode        0   per element  0.000 /  0.000   (core 1 + host 0 + take 0)
  U-wire-DualResponse-left-as-wt5 encode retain          forward      4  reverse      2  transcode        4   per element  0.000 /  0.000   (core 3 + host 0 + take 1)
  U-wire-ListMetricsResponse-batches-as-wt0 decode                 forward      1  reverse     15  transcode        0   per element  0.000 /  0.000   (core 1 + host 0 + take 0)
  U-wire-ListMetricsResponse-batches-as-wt0 encode                 forward     13  reverse     11  transcode        2   per element  0.000 /  0.000   (core 12 + host 0 + take 1)
  U-wire-ListMetricsResponse-batches-as-wt0 decode retain          forward      1  reverse     16  transcode        0   per element  0.000 /  0.000   (core 1 + host 0 + take 0)
  U-wire-ListMetricsResponse-batches-as-wt0 encode retain          forward     13  reverse     11  transcode        2   per element  0.000 /  0.000   (core 12 + host 0 + take 1)
  U-wire-ListMetricsResponse-batches-as-wt1 decode                 forward      1  reverse     15  transcode        0   per element  0.000 /  0.000   (core 1 + host 0 + take 0)
  U-wire-ListMetricsResponse-batches-as-wt1 encode                 forward     13  reverse     11  transcode        2   per element  0.000 /  0.000   (core 12 + host 0 + take 1)
  U-wire-ListMetricsResponse-batches-as-wt1 decode retain          forward      1  reverse     16  transcode        0   per element  0.000 /  0.000   (core 1 + host 0 + take 0)
  U-wire-ListMetricsResponse-batches-as-wt1 encode retain          forward     13  reverse     11  transcode        2   per element  0.000 /  0.000   (core 12 + host 0 + take 1)
  U-wire-ListMetricsResponse-batches-as-wt5 decode                 forward      1  reverse     15  transcode        0   per element  0.000 /  0.000   (core 1 + host 0 + take 0)
  U-wire-ListMetricsResponse-batches-as-wt5 encode                 forward     13  reverse     11  transcode        2   per element  0.000 /  0.000   (core 12 + host 0 + take 1)
  U-wire-ListMetricsResponse-batches-as-wt5 decode retain          forward      1  reverse     16  transcode        0   per element  0.000 /  0.000   (core 1 + host 0 + take 0)
  U-wire-ListMetricsResponse-batches-as-wt5 encode retain          forward     13  reverse     11  transcode        2   per element  0.000 /  0.000   (core 12 + host 0 + take 1)
  U-wire-ListProbeResponse-probes-as-wt0 decode                 forward      1  reverse      2  transcode        0   per element  0.000 /  0.000   (core 1 + host 0 + take 0)
  U-wire-ListProbeResponse-probes-as-wt0 encode                 forward      3  reverse      1  transcode        5   per element  0.000 /  0.000   (core 2 + host 0 + take 1)
  U-wire-ListProbeResponse-probes-as-wt0 decode retain          forward      1  reverse      3  transcode        0   per element  0.000 /  0.000   (core 1 + host 0 + take 0)
  U-wire-ListProbeResponse-probes-as-wt0 encode retain          forward      3  reverse      1  transcode        5   per element  0.000 /  0.000   (core 2 + host 0 + take 1)
  U-wire-ListProbeResponse-probes-as-wt1 decode                 forward      1  reverse      2  transcode        0   per element  0.000 /  0.000   (core 1 + host 0 + take 0)
  U-wire-ListProbeResponse-probes-as-wt1 encode                 forward      3  reverse      1  transcode        5   per element  0.000 /  0.000   (core 2 + host 0 + take 1)
  U-wire-ListProbeResponse-probes-as-wt1 decode retain          forward      1  reverse      3  transcode        0   per element  0.000 /  0.000   (core 1 + host 0 + take 0)
  U-wire-ListProbeResponse-probes-as-wt1 encode retain          forward      3  reverse      1  transcode        5   per element  0.000 /  0.000   (core 2 + host 0 + take 1)
  U-wire-ListProbeResponse-probes-as-wt5 decode                 forward      1  reverse      2  transcode        0   per element  0.000 /  0.000   (core 1 + host 0 + take 0)
  U-wire-ListProbeResponse-probes-as-wt5 encode                 forward      3  reverse      1  transcode        5   per element  0.000 /  0.000   (core 2 + host 0 + take 1)
  U-wire-ListProbeResponse-probes-as-wt5 decode retain          forward      1  reverse      3  transcode        0   per element  0.000 /  0.000   (core 1 + host 0 + take 0)
  U-wire-ListProbeResponse-probes-as-wt5 encode retain          forward      3  reverse      1  transcode        5   per element  0.000 /  0.000   (core 2 + host 0 + take 1)
  U-wire-ListResultsResponse-page-as-wt1 decode                 forward      1  reverse      2  transcode        0   per element  0.000 /  0.000   (core 1 + host 0 + take 0)
  U-wire-ListResultsResponse-page-as-wt1 encode                 forward      3  reverse      1  transcode       12   per element  0.000 /  0.000   (core 2 + host 0 + take 1)
  U-wire-ListResultsResponse-page-as-wt1 decode retain          forward      1  reverse      3  transcode        0   per element  0.000 /  0.000   (core 1 + host 0 + take 0)
  U-wire-ListResultsResponse-page-as-wt1 encode retain          forward      3  reverse      1  transcode       12   per element  0.000 /  0.000   (core 2 + host 0 + take 1)
  U-wire-ListResultsResponse-page-as-wt2 decode                 forward      1  reverse      2  transcode        0   per element  0.000 /  0.000   (core 1 + host 0 + take 0)
  U-wire-ListResultsResponse-page-as-wt2 encode                 forward      3  reverse      1  transcode       12   per element  0.000 /  0.000   (core 2 + host 0 + take 1)
  U-wire-ListResultsResponse-page-as-wt2 decode retain          forward      1  reverse      3  transcode        0   per element  0.000 /  0.000   (core 1 + host 0 + take 0)
  U-wire-ListResultsResponse-page-as-wt2 encode retain          forward      3  reverse      1  transcode       12   per element  0.000 /  0.000   (core 2 + host 0 + take 1)
  U-wire-ListResultsResponse-page-as-wt5 decode                 forward      1  reverse      2  transcode        0   per element  0.000 /  0.000   (core 1 + host 0 + take 0)
  U-wire-ListResultsResponse-page-as-wt5 encode                 forward      3  reverse      1  transcode       12   per element  0.000 /  0.000   (core 2 + host 0 + take 1)
  U-wire-ListResultsResponse-page-as-wt5 decode retain          forward      1  reverse      3  transcode        0   per element  0.000 /  0.000   (core 1 + host 0 + take 0)
  U-wire-ListResultsResponse-page-as-wt5 encode retain          forward      3  reverse      1  transcode       12   per element  0.000 /  0.000   (core 2 + host 0 + take 1)
  U-wire-ListResultsResponse-results-as-wt0 decode                 forward      1  reverse      2  transcode        0   per element  0.000 /  0.000   (core 1 + host 0 + take 0)
  U-wire-ListResultsResponse-results-as-wt0 encode                 forward      3  reverse      1  transcode       12   per element  0.000 /  0.000   (core 2 + host 0 + take 1)
  U-wire-ListResultsResponse-results-as-wt0 decode retain          forward      1  reverse      3  transcode        0   per element  0.000 /  0.000   (core 1 + host 0 + take 0)
  U-wire-ListResultsResponse-results-as-wt0 encode retain          forward      3  reverse      1  transcode       12   per element  0.000 /  0.000   (core 2 + host 0 + take 1)
  U-wire-ListResultsResponse-results-as-wt1 decode                 forward      1  reverse      2  transcode        0   per element  0.000 /  0.000   (core 1 + host 0 + take 0)
  U-wire-ListResultsResponse-results-as-wt1 encode                 forward      3  reverse      1  transcode       12   per element  0.000 /  0.000   (core 2 + host 0 + take 1)
  U-wire-ListResultsResponse-results-as-wt1 decode retain          forward      1  reverse      3  transcode        0   per element  0.000 /  0.000   (core 1 + host 0 + take 0)
  U-wire-ListResultsResponse-results-as-wt1 encode retain          forward      3  reverse      1  transcode       12   per element  0.000 /  0.000   (core 2 + host 0 + take 1)
  U-wire-ListResultsResponse-results-as-wt5 decode                 forward      1  reverse      2  transcode        0   per element  0.000 /  0.000   (core 1 + host 0 + take 0)
  U-wire-ListResultsResponse-results-as-wt5 encode                 forward      3  reverse      1  transcode       12   per element  0.000 /  0.000   (core 2 + host 0 + take 1)
  U-wire-ListResultsResponse-results-as-wt5 decode retain          forward      1  reverse      3  transcode        0   per element  0.000 /  0.000   (core 1 + host 0 + take 0)
  U-wire-ListResultsResponse-results-as-wt5 encode retain          forward      3  reverse      1  transcode       12   per element  0.000 /  0.000   (core 2 + host 0 + take 1)
  U-wire-ListTaskSummaryResponse-tasks-as-wt0 decode                 forward      1  reverse      7  transcode        0   per element  0.000 /  0.000   (core 1 + host 0 + take 0)
  U-wire-ListTaskSummaryResponse-tasks-as-wt0 encode                 forward      5  reverse      3  transcode       36   per element  0.000 /  0.000   (core 4 + host 0 + take 1)
  U-wire-ListTaskSummaryResponse-tasks-as-wt0 decode retain          forward      1  reverse      8  transcode        0   per element  0.000 /  0.000   (core 1 + host 0 + take 0)
  U-wire-ListTaskSummaryResponse-tasks-as-wt0 encode retain          forward      5  reverse      3  transcode       36   per element  0.000 /  0.000   (core 4 + host 0 + take 1)
  U-wire-ListTaskSummaryResponse-tasks-as-wt1 decode                 forward      1  reverse      7  transcode        0   per element  0.000 /  0.000   (core 1 + host 0 + take 0)
  U-wire-ListTaskSummaryResponse-tasks-as-wt1 encode                 forward      5  reverse      3  transcode       36   per element  0.000 /  0.000   (core 4 + host 0 + take 1)
  U-wire-ListTaskSummaryResponse-tasks-as-wt1 decode retain          forward      1  reverse      8  transcode        0   per element  0.000 /  0.000   (core 1 + host 0 + take 0)
  U-wire-ListTaskSummaryResponse-tasks-as-wt1 encode retain          forward      5  reverse      3  transcode       36   per element  0.000 /  0.000   (core 4 + host 0 + take 1)
  U-wire-ListTaskSummaryResponse-tasks-as-wt5 decode                 forward      1  reverse      7  transcode        0   per element  0.000 /  0.000   (core 1 + host 0 + take 0)
  U-wire-ListTaskSummaryResponse-tasks-as-wt5 encode                 forward      5  reverse      3  transcode       36   per element  0.000 /  0.000   (core 4 + host 0 + take 1)
  U-wire-ListTaskSummaryResponse-tasks-as-wt5 decode retain          forward      1  reverse      8  transcode        0   per element  0.000 /  0.000   (core 1 + host 0 + take 0)
  U-wire-ListTaskSummaryResponse-tasks-as-wt5 encode retain          forward      5  reverse      3  transcode       36   per element  0.000 /  0.000   (core 4 + host 0 + take 1)
  U-wire-ListTasksDetailedResponse-page-as-wt1 decode                 forward      1  reverse     15  transcode        0   per element  0.000 /  0.000   (core 1 + host 0 + take 0)
  U-wire-ListTasksDetailedResponse-page-as-wt1 encode                 forward     13  reverse     11  transcode       62   per element  0.000 /  0.000   (core 12 + host 0 + take 1)
  U-wire-ListTasksDetailedResponse-page-as-wt1 decode retain          forward      1  reverse     16  transcode        0   per element  0.000 /  0.000   (core 1 + host 0 + take 0)
  U-wire-ListTasksDetailedResponse-page-as-wt1 encode retain          forward     13  reverse     11  transcode       62   per element  0.000 /  0.000   (core 12 + host 0 + take 1)
  U-wire-ListTasksDetailedResponse-page-as-wt2 decode                 forward      1  reverse     15  transcode        0   per element  0.000 /  0.000   (core 1 + host 0 + take 0)
  U-wire-ListTasksDetailedResponse-page-as-wt2 encode                 forward     13  reverse     11  transcode       62   per element  0.000 /  0.000   (core 12 + host 0 + take 1)
  U-wire-ListTasksDetailedResponse-page-as-wt2 decode retain          forward      1  reverse     16  transcode        0   per element  0.000 /  0.000   (core 1 + host 0 + take 0)
  U-wire-ListTasksDetailedResponse-page-as-wt2 encode retain          forward     13  reverse     11  transcode       62   per element  0.000 /  0.000   (core 12 + host 0 + take 1)
  U-wire-ListTasksDetailedResponse-page-as-wt5 decode                 forward      1  reverse     15  transcode        0   per element  0.000 /  0.000   (core 1 + host 0 + take 0)
  U-wire-ListTasksDetailedResponse-page-as-wt5 encode                 forward     13  reverse     11  transcode       62   per element  0.000 /  0.000   (core 12 + host 0 + take 1)
  U-wire-ListTasksDetailedResponse-page-as-wt5 decode retain          forward      1  reverse     16  transcode        0   per element  0.000 /  0.000   (core 1 + host 0 + take 0)
  U-wire-ListTasksDetailedResponse-page-as-wt5 encode retain          forward     13  reverse     11  transcode       62   per element  0.000 /  0.000   (core 12 + host 0 + take 1)
  U-wire-ListTasksDetailedResponse-tasks-as-wt0 decode                 forward      1  reverse     15  transcode        0   per element  0.000 /  0.000   (core 1 + host 0 + take 0)
  U-wire-ListTasksDetailedResponse-tasks-as-wt0 encode                 forward     13  reverse     11  transcode       62   per element  0.000 /  0.000   (core 12 + host 0 + take 1)
  U-wire-ListTasksDetailedResponse-tasks-as-wt0 decode retain          forward      1  reverse     16  transcode        0   per element  0.000 /  0.000   (core 1 + host 0 + take 0)
  U-wire-ListTasksDetailedResponse-tasks-as-wt0 encode retain          forward     13  reverse     11  transcode       62   per element  0.000 /  0.000   (core 12 + host 0 + take 1)
  U-wire-ListTasksDetailedResponse-tasks-as-wt1 decode                 forward      1  reverse     15  transcode        0   per element  0.000 /  0.000   (core 1 + host 0 + take 0)
  U-wire-ListTasksDetailedResponse-tasks-as-wt1 encode                 forward     13  reverse     11  transcode       62   per element  0.000 /  0.000   (core 12 + host 0 + take 1)
  U-wire-ListTasksDetailedResponse-tasks-as-wt1 decode retain          forward      1  reverse     16  transcode        0   per element  0.000 /  0.000   (core 1 + host 0 + take 0)
  U-wire-ListTasksDetailedResponse-tasks-as-wt1 encode retain          forward     13  reverse     11  transcode       62   per element  0.000 /  0.000   (core 12 + host 0 + take 1)
  U-wire-ListTasksDetailedResponse-tasks-as-wt5 decode                 forward      1  reverse     15  transcode        0   per element  0.000 /  0.000   (core 1 + host 0 + take 0)
  U-wire-ListTasksDetailedResponse-tasks-as-wt5 encode                 forward     13  reverse     11  transcode       62   per element  0.000 /  0.000   (core 12 + host 0 + take 1)
  U-wire-ListTasksDetailedResponse-tasks-as-wt5 decode retain          forward      1  reverse     16  transcode        0   per element  0.000 /  0.000   (core 1 + host 0 + take 0)
  U-wire-ListTasksDetailedResponse-tasks-as-wt5 encode retain          forward     13  reverse     11  transcode       62   per element  0.000 /  0.000   (core 12 + host 0 + take 1)
  U-wire-UploadResultDataMessage-upload-as-wt0 decode                 forward      1  reverse      1  transcode        0   per element  0.000 /  0.000   (core 1 + host 0 + take 0)
  U-wire-UploadResultDataMessage-upload-as-wt0 encode                 forward      2  reverse      0  transcode        2   per element  0.000 /  0.000   (core 1 + host 0 + take 1)
  U-wire-UploadResultDataMessage-upload-as-wt0 decode retain          forward      1  reverse      2  transcode        0   per element  0.000 /  0.000   (core 1 + host 0 + take 0)
  U-wire-UploadResultDataMessage-upload-as-wt0 encode retain          forward      2  reverse      0  transcode        2   per element  0.000 /  0.000   (core 1 + host 0 + take 1)
  U-wire-UploadResultDataMessage-upload-as-wt1 decode                 forward      1  reverse      1  transcode        0   per element  0.000 /  0.000   (core 1 + host 0 + take 0)
  U-wire-UploadResultDataMessage-upload-as-wt1 encode                 forward      2  reverse      0  transcode        2   per element  0.000 /  0.000   (core 1 + host 0 + take 1)
  U-wire-UploadResultDataMessage-upload-as-wt1 decode retain          forward      1  reverse      2  transcode        0   per element  0.000 /  0.000   (core 1 + host 0 + take 0)
  U-wire-UploadResultDataMessage-upload-as-wt1 encode retain          forward      2  reverse      0  transcode        2   per element  0.000 /  0.000   (core 1 + host 0 + take 1)
  U-wire-UploadResultDataMessage-upload-as-wt5 decode                 forward      1  reverse      1  transcode        0   per element  0.000 /  0.000   (core 1 + host 0 + take 0)
  U-wire-UploadResultDataMessage-upload-as-wt5 encode                 forward      2  reverse      0  transcode        2   per element  0.000 /  0.000   (core 1 + host 0 + take 1)
  U-wire-UploadResultDataMessage-upload-as-wt5 decode retain          forward      1  reverse      2  transcode        0   per element  0.000 /  0.000   (core 1 + host 0 + take 0)
  U-wire-UploadResultDataMessage-upload-as-wt5 encode retain          forward      2  reverse      0  transcode        2   per element  0.000 /  0.000   (core 1 + host 0 + take 1)

-- the batching predicate's decomposition (ABI v1 decision 1) --
  payload element group      sizeof  chunk cap       used  chunk bytes
  P1.1   ResultRaw             200        163          4          800   fits L1?
  P1.2   ResultRaw             200        163        163        32600           
  P1.3   ResultRaw             200        163        163        32600           
  P2.1   TaskDetailed          616         53          1          616   fits L1?
  P2.2   TaskDetailed          616         53         53        32648           
  P2.3   TaskDetailed          616         53         53        32648           
  P2.4   TaskDetailed          616         53         53        32648           
  P2.5   TaskDetailed          616         53         20        12320   fits L1?
  P3.1   Probe                 144        227        200        28800           
  P4.1   TaskSummary           312        105        105        32760           
  P6.1   MetricsBatch           32       1024        200         6400   fits L1?
  P2.3 and P2.4 are the two payloads where UNBATCHING adds 125 and 311
  forward crossings per element rather than 1, and they are the two where
  batching wins decisively. Everywhere else the delta tracks the chunk
  bytes touched, not the crossing count.
