# is the control's decode gap a function of the optimisation level?
#   date            2026-09-19T09:41:01Z
#   machine         Linux 6.18.44-fc-v37 x86_64, 4 vCPU, Intel(R) Xeon(R) Processor @ 2.80GHz
#   compiler        g++ (Ubuntu 13.3.0-6ubuntu2~24.04.1) 13.3.0
#   incumbent       protobuf C++ 3.21.12 (libprotobuf-dev, apt)
#                   packages/cpp pins no protobuf version and sets CXX_STANDARD 14
#   core            ak-core-cpp, codec emitted by ffi/poc/rust/gen/rust_abi.py (R1)
#   rustc           rustc 1.94.1 (e408947bf 2026-03-25)
#   commit          23d510bc

== -O2 -DNDEBUG ==
P1.2   dec  pb            1007781.2   997461.5    1.000    1.000    2.5 1.000,1.000,1.000,1.000,1.000
P1.2   dec  native         709921.3   700767.6    0.694    0.754    2.5 0.694,0.754,0.701,0.710,0.708
P1.2   dec  ffi            612198.9   609236.1    0.605    0.811    2.5 0.797,0.811,0.613,0.611,0.605
P2.2   dec  pb            2970966.0  2818321.5    1.000    1.000   10.0 1.000,1.000,1.000,1.000,1.000
P2.2   dec  native        2313675.7  2303810.0    0.743    0.822   10.0 0.761,0.783,0.822,0.743,0.783
P2.2   dec  ffi           2076161.7  2057856.7    0.677    0.737   10.0 0.677,0.705,0.737,0.695,0.702
P2.3   dec  pb            1974315.0  1965011.8    1.000    1.000    3.8 1.000,1.000,1.000,1.000,1.000
P2.3   dec  native        2116090.3  2113801.0    1.037    1.129    3.8 1.037,1.129,1.078,1.072,1.076
P2.3   dec  ffi           1976881.0  1869255.2    0.951    1.043    3.8 0.970,0.951,0.991,1.043,0.954
P3.1   dec  pb              71166.2    70990.6    1.000    1.000    0.9 1.000,1.000,1.000,1.000,1.000
P3.1   dec  native          47251.0    47203.7    0.659    0.668    0.9 0.659,0.664,0.661,0.668,0.665
P3.1   dec  ffi             44711.5    44557.4    0.623    0.630    0.9 0.623,0.629,0.626,0.628,0.630
P6.1   dec  pb             378265.8   376691.5    1.000    1.000    0.7 1.000,1.000,1.000,1.000,1.000
P6.1   dec  native         329443.9   328375.4    0.871    0.873    0.7 0.871,0.871,0.871,0.872,0.873
P6.1   dec  ffi            240871.8   240445.8    0.635    0.641    0.7 0.635,0.636,0.636,0.641,0.638

== -O3 -DNDEBUG, the same sources ==
P1.2   dec  pb            1006416.4   996977.3    1.000    1.000    1.3 1.000,1.000,1.000,1.000,1.000
P1.2   dec  native         745174.8   737862.9    0.733    0.764    1.3 0.745,0.764,0.736,0.747,0.733
P1.2   dec  ffi            673417.1   672311.3    0.667    0.864    1.3 0.862,0.864,0.671,0.674,0.667
P2.2   dec  pb            2862575.5  2849716.0    1.000    1.000    4.3 1.000,1.000,1.000,1.000,1.000
P2.2   dec  native        2407181.7  2386298.7    0.808    0.845    4.3 0.808,0.835,0.842,0.845,0.814
P2.2   dec  ffi           2250484.7  2226146.3    0.750    0.790    4.3 0.750,0.780,0.787,0.790,0.757
P2.3   dec  pb            1969880.5  1948917.0    1.000    1.000    1.8 1.000,1.000,1.000,1.000,1.000
P2.3   dec  native        2332989.3  2326312.0    1.178    1.208    1.8 1.179,1.181,1.208,1.190,1.178
P2.3   dec  ffi           2117346.7  2106359.3    1.069    1.089    1.8 1.070,1.069,1.089,1.081,1.069
P3.1   dec  pb              70306.8    69757.4    1.000    1.000    1.3 1.000,1.000,1.000,1.000,1.000
P3.1   dec  native          49809.7    49096.9    0.695    0.710    1.3 0.695,0.705,0.710,0.710,0.709
P3.1   dec  ffi             47484.5    47363.6    0.670    0.681    1.3 0.670,0.681,0.677,0.674,0.675
P6.1   dec  pb             371504.8   370971.4    1.000    1.000    2.1 1.000,1.000,1.000,1.000,1.000
P6.1   dec  native         321687.0   319794.9    0.861    0.867    2.1 0.861,0.867,0.867,0.865,0.861
P6.1   dec  ffi            244231.7   241222.1    0.650    0.659    2.1 0.657,0.659,0.650,0.650,0.651

Both columns are ratios to their OWN in-process pb, so they are comparable across
the two builds only to the bar gen/drift.sh publishes.
