# cpp slice, WP5 step 2: the full conformance corpus, four arms
#   date       2026-09-26T12:50:47Z
#   machine    Linux 6.18.44-fc-v37 x86_64, 4 vCPU, Intel(R) Xeon(R) Processor @ 2.10GHz
#   compiler   g++ (Ubuntu 13.3.0-6ubuntu2~24.04.1) 13.3.0; rustc 1.94.1 (e408947bf 2026-03-25)
#   commit     8f5b575c0
#   core       ffi/poc/codec at that commit, built --features init-guard (and corpus,init-guard
#              for the corpus ABI); no timing is taken by anything in this log

===== corpus_all_a17 =====
# the conformance corpus, C ABI and core-native, unknown fields dropped and retained
#   binary     build/corpus_all_a17
#   build      __cplusplus 201703, target impl True, binding skips ak_init: False
#   manifest   corpus/generated/manifest.json (702 rows)
#   core       ak-core --features corpus,init-guard: generated for the corpus's READER
#              schema by poc/codec/gen (plan.py + rust_abi.py); CONTRACT rule 0
#   native     rendered by poc/codec/gen/cpp_native.py from the same plans: drop / retain
#   decode utf8 policy reject; recursion limit 100; ffi-retain arm built: True
#   each row in a child process, timeout 10 s

## ffi-drop
   pass 680  fail 0  disputed (excluded) 6  not in the C ABI 16  arm not built 0
     baseline   pass    8  fail   0
     chunking   pass    8  fail   0
     empty      pass   30  fail   0
     malformed  pass  107  fail   0
     shape      pass  163  fail   0
     transcode  pass   53  fail   0
     unknown    pass  311  fail   0
   forms written (C3):
      183  as committed
        5  as committed / map values always written
       18  as committed / map values always written (protobuf C++, upb, protobuf-java)
        7  as committed in ffi/schema/generated
        1  as upb writes it: the same message in a different field ORDER
        5  canonical
        1  canonical: ascending by tag / key and value always written
        1  canonical: each repeated field contiguous
        1  canonical: entries ascending by UTF-8 key
        3  canonical: omitted
        1  canonical: one entry, the last value
        1  canonical: one member
        1  canonical: one run
        2  canonical: packed
        3  canonical: ten-byte sign-extended
        1  canonical: the empty value omitted
        1  canonical: the zero leaves omitted
       46  unknown-dropped
       25  unknown-dropped / unknown-dropped, map values always written
      156  unknown-dropped: the known field as it was, the foreign-typed one gone
       81  unknown-dropped: the known field as it was, the foreign-typed one gone / unknown-dropped, map values always written
   refusal codes (C4): -2 x39, -3 x73, -6 x31
   disputed: U-map-entry [ffi-drop]: accepted; projection matches the reading of null
   disputed: X-field-2p32-plus-2 [ffi-drop]: refused (-2)
   disputed: X-field-over-max [ffi-drop]: refused (-2)
   disputed: X-field-over-max-in-group [ffi-drop]: refused (-2)
   disputed: X-tag-zero-Empty [ffi-drop]: refused (-2)
   disputed: X-tag-zero-nested-Empty [ffi-drop]: refused (-2)

## ffi-retain
   pass 680  fail 0  disputed (excluded) 6  not in the C ABI 16  arm not built 0
     baseline   pass    8  fail   0
     chunking   pass    8  fail   0
     empty      pass   30  fail   0
     malformed  pass  107  fail   0
     shape      pass  163  fail   0
     transcode  pass   53  fail   0
     unknown    pass  311  fail   0
   forms written (C3):
      378  as committed
        5  as committed / map values always written
       18  as committed / map values always written (protobuf C++, upb, protobuf-java)
      105  as committed / unknown-retained, map values always written
        7  as committed in ffi/schema/generated
        1  as upb writes it: the same message in a different field ORDER
        1  as upb writes it: the same message, encoded differently
        5  canonical
        1  canonical: ascending by tag / key and value always written
        1  canonical: each repeated field contiguous
        1  canonical: entries ascending by UTF-8 key
        3  canonical: omitted
        1  canonical: one entry, the last value
        1  canonical: one member
        1  canonical: one run
        2  canonical: packed
        3  canonical: ten-byte sign-extended
        1  canonical: the empty value omitted
        1  canonical: the zero leaves omitted
        1  unknown-dropped / unknown-dropped, map values always written
        6  unknown-retained, appended in tag order
   refusal codes (C4): -2 x39, -3 x73, -6 x31
   disputed: U-map-entry [ffi-retain]: accepted; projection matches the reading of null
   disputed: X-field-2p32-plus-2 [ffi-retain]: refused (-2)
   disputed: X-field-over-max [ffi-retain]: refused (-2)
   disputed: X-field-over-max-in-group [ffi-retain]: refused (-2)
   disputed: X-tag-zero-Empty [ffi-retain]: refused (-2)
   disputed: X-tag-zero-nested-Empty [ffi-retain]: refused (-2)
   retain mode wrote the DROPPED form on 1 row(s) (accepted by the contract; a retention gap):
     U-map-entry (ffi-retain)

## native-drop
   pass 696  fail 0  disputed (excluded) 6  not in the C ABI 0  arm not built 0
     baseline   pass    8  fail   0
     chunking   pass    8  fail   0
     empty      pass   30  fail   0
     malformed  pass  110  fail   0
     shape      pass  170  fail   0
     transcode  pass   53  fail   0
     unknown    pass  317  fail   0
   forms written (C3):
      190  as committed
        5  as committed / map values always written
       18  as committed / map values always written (protobuf C++, upb, protobuf-java)
        7  as committed in ffi/schema/generated
        1  as upb writes it: the same message in a different field ORDER
        5  canonical
        1  canonical: ascending by tag / key and value always written
        1  canonical: each repeated field contiguous
        1  canonical: entries ascending by UTF-8 key
        3  canonical: omitted
        1  canonical: one entry, the last value
        1  canonical: one member
        1  canonical: one run
        2  canonical: packed
        3  canonical: ten-byte sign-extended
        1  canonical: the empty value omitted
        1  canonical: the zero leaves omitted
       46  unknown-dropped
       25  unknown-dropped / unknown-dropped, map values always written
      162  unknown-dropped: the known field as it was, the foreign-typed one gone
       81  unknown-dropped: the known field as it was, the foreign-typed one gone / unknown-dropped, map values always written
   refusal codes (C4): -2 x40, -3 x73, -4 x2, -6 x31
   disputed: U-map-entry [native-drop]: accepted; projection matches the reading of null
   disputed: X-field-2p32-plus-2 [native-drop]: refused (-2)
   disputed: X-field-over-max [native-drop]: refused (-2)
   disputed: X-field-over-max-in-group [native-drop]: refused (-2)
   disputed: X-tag-zero-Empty [native-drop]: refused (-2)
   disputed: X-tag-zero-nested-Empty [native-drop]: refused (-2)

## native-retain
   pass 696  fail 0  disputed (excluded) 6  not in the C ABI 0  arm not built 0
     baseline   pass    8  fail   0
     chunking   pass    8  fail   0
     empty      pass   30  fail   0
     malformed  pass  110  fail   0
     shape      pass  170  fail   0
     transcode  pass   53  fail   0
     unknown    pass  317  fail   0
   forms written (C3):
      391  as committed
        5  as committed / map values always written
       18  as committed / map values always written (protobuf C++, upb, protobuf-java)
      105  as committed / unknown-retained, map values always written
        7  as committed in ffi/schema/generated
        1  as upb writes it: the same message in a different field ORDER
        1  as upb writes it: the same message, encoded differently
        5  canonical
        1  canonical: ascending by tag / key and value always written
        1  canonical: each repeated field contiguous
        1  canonical: entries ascending by UTF-8 key
        3  canonical: omitted
        1  canonical: one entry, the last value
        1  canonical: one member
        1  canonical: one run
        2  canonical: packed
        3  canonical: ten-byte sign-extended
        1  canonical: the empty value omitted
        1  canonical: the zero leaves omitted
        1  unknown-dropped / unknown-dropped, map values always written
        6  unknown-retained, appended in tag order
   refusal codes (C4): -2 x40, -3 x73, -4 x2, -6 x31
   disputed: U-map-entry [native-retain]: accepted; projection matches the reading of null
   disputed: X-field-2p32-plus-2 [native-retain]: refused (-2)
   disputed: X-field-over-max [native-retain]: refused (-2)
   disputed: X-field-over-max-in-group [native-retain]: refused (-2)
   disputed: X-tag-zero-Empty [native-retain]: refused (-2)
   disputed: X-tag-zero-nested-Empty [native-retain]: refused (-2)
   retain mode wrote the DROPPED form on 1 row(s) (accepted by the contract; a retention gap):
     U-map-entry (native-retain)

## ffi-retain retention gaps outside {U-map-entry}: 0
## native-retain retention gaps outside {U-map-entry}: 0
# rows that hung or crashed a child: 0
CORPUS PASSES on every built arm
>>> ok: corpus corpus_all_a17 (exit 0)

===== corpus_all_c14 =====
# the conformance corpus, C ABI and core-native, unknown fields dropped and retained
#   binary     build/corpus_all_c14
#   build      __cplusplus 201402, target impl False, binding skips ak_init: False
#   manifest   corpus/generated/manifest.json (702 rows)
#   core       ak-core --features corpus,init-guard: generated for the corpus's READER
#              schema by poc/codec/gen (plan.py + rust_abi.py); CONTRACT rule 0
#   native     rendered by poc/codec/gen/cpp_native.py from the same plans: drop / retain
#   decode utf8 policy reject; recursion limit 100; ffi-retain arm built: True
#   each row in a child process, timeout 10 s

## ffi-drop
   pass 680  fail 0  disputed (excluded) 6  not in the C ABI 16  arm not built 0
     baseline   pass    8  fail   0
     chunking   pass    8  fail   0
     empty      pass   30  fail   0
     malformed  pass  107  fail   0
     shape      pass  163  fail   0
     transcode  pass   53  fail   0
     unknown    pass  311  fail   0
   forms written (C3):
      183  as committed
        5  as committed / map values always written
       18  as committed / map values always written (protobuf C++, upb, protobuf-java)
        7  as committed in ffi/schema/generated
        1  as upb writes it: the same message in a different field ORDER
        5  canonical
        1  canonical: ascending by tag / key and value always written
        1  canonical: each repeated field contiguous
        1  canonical: entries ascending by UTF-8 key
        3  canonical: omitted
        1  canonical: one entry, the last value
        1  canonical: one member
        1  canonical: one run
        2  canonical: packed
        3  canonical: ten-byte sign-extended
        1  canonical: the empty value omitted
        1  canonical: the zero leaves omitted
       46  unknown-dropped
       25  unknown-dropped / unknown-dropped, map values always written
      156  unknown-dropped: the known field as it was, the foreign-typed one gone
       81  unknown-dropped: the known field as it was, the foreign-typed one gone / unknown-dropped, map values always written
   refusal codes (C4): -2 x39, -3 x73, -6 x31
   disputed: U-map-entry [ffi-drop]: accepted; projection matches the reading of null
   disputed: X-field-2p32-plus-2 [ffi-drop]: refused (-2)
   disputed: X-field-over-max [ffi-drop]: refused (-2)
   disputed: X-field-over-max-in-group [ffi-drop]: refused (-2)
   disputed: X-tag-zero-Empty [ffi-drop]: refused (-2)
   disputed: X-tag-zero-nested-Empty [ffi-drop]: refused (-2)

## ffi-retain
   pass 680  fail 0  disputed (excluded) 6  not in the C ABI 16  arm not built 0
     baseline   pass    8  fail   0
     chunking   pass    8  fail   0
     empty      pass   30  fail   0
     malformed  pass  107  fail   0
     shape      pass  163  fail   0
     transcode  pass   53  fail   0
     unknown    pass  311  fail   0
   forms written (C3):
      378  as committed
        5  as committed / map values always written
       18  as committed / map values always written (protobuf C++, upb, protobuf-java)
      105  as committed / unknown-retained, map values always written
        7  as committed in ffi/schema/generated
        1  as upb writes it: the same message in a different field ORDER
        1  as upb writes it: the same message, encoded differently
        5  canonical
        1  canonical: ascending by tag / key and value always written
        1  canonical: each repeated field contiguous
        1  canonical: entries ascending by UTF-8 key
        3  canonical: omitted
        1  canonical: one entry, the last value
        1  canonical: one member
        1  canonical: one run
        2  canonical: packed
        3  canonical: ten-byte sign-extended
        1  canonical: the empty value omitted
        1  canonical: the zero leaves omitted
        1  unknown-dropped / unknown-dropped, map values always written
        6  unknown-retained, appended in tag order
   refusal codes (C4): -2 x39, -3 x73, -6 x31
   disputed: U-map-entry [ffi-retain]: accepted; projection matches the reading of null
   disputed: X-field-2p32-plus-2 [ffi-retain]: refused (-2)
   disputed: X-field-over-max [ffi-retain]: refused (-2)
   disputed: X-field-over-max-in-group [ffi-retain]: refused (-2)
   disputed: X-tag-zero-Empty [ffi-retain]: refused (-2)
   disputed: X-tag-zero-nested-Empty [ffi-retain]: refused (-2)
   retain mode wrote the DROPPED form on 1 row(s) (accepted by the contract; a retention gap):
     U-map-entry (ffi-retain)

## native-drop
   pass 696  fail 0  disputed (excluded) 6  not in the C ABI 0  arm not built 0
     baseline   pass    8  fail   0
     chunking   pass    8  fail   0
     empty      pass   30  fail   0
     malformed  pass  110  fail   0
     shape      pass  170  fail   0
     transcode  pass   53  fail   0
     unknown    pass  317  fail   0
   forms written (C3):
      190  as committed
        5  as committed / map values always written
       18  as committed / map values always written (protobuf C++, upb, protobuf-java)
        7  as committed in ffi/schema/generated
        1  as upb writes it: the same message in a different field ORDER
        5  canonical
        1  canonical: ascending by tag / key and value always written
        1  canonical: each repeated field contiguous
        1  canonical: entries ascending by UTF-8 key
        3  canonical: omitted
        1  canonical: one entry, the last value
        1  canonical: one member
        1  canonical: one run
        2  canonical: packed
        3  canonical: ten-byte sign-extended
        1  canonical: the empty value omitted
        1  canonical: the zero leaves omitted
       46  unknown-dropped
       25  unknown-dropped / unknown-dropped, map values always written
      162  unknown-dropped: the known field as it was, the foreign-typed one gone
       81  unknown-dropped: the known field as it was, the foreign-typed one gone / unknown-dropped, map values always written
   refusal codes (C4): -2 x40, -3 x73, -4 x2, -6 x31
   disputed: U-map-entry [native-drop]: accepted; projection matches the reading of null
   disputed: X-field-2p32-plus-2 [native-drop]: refused (-2)
   disputed: X-field-over-max [native-drop]: refused (-2)
   disputed: X-field-over-max-in-group [native-drop]: refused (-2)
   disputed: X-tag-zero-Empty [native-drop]: refused (-2)
   disputed: X-tag-zero-nested-Empty [native-drop]: refused (-2)

## native-retain
   pass 696  fail 0  disputed (excluded) 6  not in the C ABI 0  arm not built 0
     baseline   pass    8  fail   0
     chunking   pass    8  fail   0
     empty      pass   30  fail   0
     malformed  pass  110  fail   0
     shape      pass  170  fail   0
     transcode  pass   53  fail   0
     unknown    pass  317  fail   0
   forms written (C3):
      391  as committed
        5  as committed / map values always written
       18  as committed / map values always written (protobuf C++, upb, protobuf-java)
      105  as committed / unknown-retained, map values always written
        7  as committed in ffi/schema/generated
        1  as upb writes it: the same message in a different field ORDER
        1  as upb writes it: the same message, encoded differently
        5  canonical
        1  canonical: ascending by tag / key and value always written
        1  canonical: each repeated field contiguous
        1  canonical: entries ascending by UTF-8 key
        3  canonical: omitted
        1  canonical: one entry, the last value
        1  canonical: one member
        1  canonical: one run
        2  canonical: packed
        3  canonical: ten-byte sign-extended
        1  canonical: the empty value omitted
        1  canonical: the zero leaves omitted
        1  unknown-dropped / unknown-dropped, map values always written
        6  unknown-retained, appended in tag order
   refusal codes (C4): -2 x40, -3 x73, -4 x2, -6 x31
   disputed: U-map-entry [native-retain]: accepted; projection matches the reading of null
   disputed: X-field-2p32-plus-2 [native-retain]: refused (-2)
   disputed: X-field-over-max [native-retain]: refused (-2)
   disputed: X-field-over-max-in-group [native-retain]: refused (-2)
   disputed: X-tag-zero-Empty [native-retain]: refused (-2)
   disputed: X-tag-zero-nested-Empty [native-retain]: refused (-2)
   retain mode wrote the DROPPED form on 1 row(s) (accepted by the contract; a retention gap):
     U-map-entry (native-retain)

## ffi-retain retention gaps outside {U-map-entry}: 0
## native-retain retention gaps outside {U-map-entry}: 0
# rows that hung or crashed a child: 0
CORPUS PASSES on every built arm
>>> ok: corpus corpus_all_c14 (exit 0)

===== corpus_all_c11 =====
# the conformance corpus, C ABI and core-native, unknown fields dropped and retained
#   binary     build/corpus_all_c11
#   build      __cplusplus 201103, target impl False, binding skips ak_init: False
#   manifest   corpus/generated/manifest.json (702 rows)
#   core       ak-core --features corpus,init-guard: generated for the corpus's READER
#              schema by poc/codec/gen (plan.py + rust_abi.py); CONTRACT rule 0
#   native     rendered by poc/codec/gen/cpp_native.py from the same plans: drop / retain
#   decode utf8 policy reject; recursion limit 100; ffi-retain arm built: True
#   each row in a child process, timeout 10 s

## ffi-drop
   pass 680  fail 0  disputed (excluded) 6  not in the C ABI 16  arm not built 0
     baseline   pass    8  fail   0
     chunking   pass    8  fail   0
     empty      pass   30  fail   0
     malformed  pass  107  fail   0
     shape      pass  163  fail   0
     transcode  pass   53  fail   0
     unknown    pass  311  fail   0
   forms written (C3):
      183  as committed
        5  as committed / map values always written
       18  as committed / map values always written (protobuf C++, upb, protobuf-java)
        7  as committed in ffi/schema/generated
        1  as upb writes it: the same message in a different field ORDER
        5  canonical
        1  canonical: ascending by tag / key and value always written
        1  canonical: each repeated field contiguous
        1  canonical: entries ascending by UTF-8 key
        3  canonical: omitted
        1  canonical: one entry, the last value
        1  canonical: one member
        1  canonical: one run
        2  canonical: packed
        3  canonical: ten-byte sign-extended
        1  canonical: the empty value omitted
        1  canonical: the zero leaves omitted
       46  unknown-dropped
       25  unknown-dropped / unknown-dropped, map values always written
      156  unknown-dropped: the known field as it was, the foreign-typed one gone
       81  unknown-dropped: the known field as it was, the foreign-typed one gone / unknown-dropped, map values always written
   refusal codes (C4): -2 x39, -3 x73, -6 x31
   disputed: U-map-entry [ffi-drop]: accepted; projection matches the reading of null
   disputed: X-field-2p32-plus-2 [ffi-drop]: refused (-2)
   disputed: X-field-over-max [ffi-drop]: refused (-2)
   disputed: X-field-over-max-in-group [ffi-drop]: refused (-2)
   disputed: X-tag-zero-Empty [ffi-drop]: refused (-2)
   disputed: X-tag-zero-nested-Empty [ffi-drop]: refused (-2)

## ffi-retain
   pass 680  fail 0  disputed (excluded) 6  not in the C ABI 16  arm not built 0
     baseline   pass    8  fail   0
     chunking   pass    8  fail   0
     empty      pass   30  fail   0
     malformed  pass  107  fail   0
     shape      pass  163  fail   0
     transcode  pass   53  fail   0
     unknown    pass  311  fail   0
   forms written (C3):
      378  as committed
        5  as committed / map values always written
       18  as committed / map values always written (protobuf C++, upb, protobuf-java)
      105  as committed / unknown-retained, map values always written
        7  as committed in ffi/schema/generated
        1  as upb writes it: the same message in a different field ORDER
        1  as upb writes it: the same message, encoded differently
        5  canonical
        1  canonical: ascending by tag / key and value always written
        1  canonical: each repeated field contiguous
        1  canonical: entries ascending by UTF-8 key
        3  canonical: omitted
        1  canonical: one entry, the last value
        1  canonical: one member
        1  canonical: one run
        2  canonical: packed
        3  canonical: ten-byte sign-extended
        1  canonical: the empty value omitted
        1  canonical: the zero leaves omitted
        1  unknown-dropped / unknown-dropped, map values always written
        6  unknown-retained, appended in tag order
   refusal codes (C4): -2 x39, -3 x73, -6 x31
   disputed: U-map-entry [ffi-retain]: accepted; projection matches the reading of null
   disputed: X-field-2p32-plus-2 [ffi-retain]: refused (-2)
   disputed: X-field-over-max [ffi-retain]: refused (-2)
   disputed: X-field-over-max-in-group [ffi-retain]: refused (-2)
   disputed: X-tag-zero-Empty [ffi-retain]: refused (-2)
   disputed: X-tag-zero-nested-Empty [ffi-retain]: refused (-2)
   retain mode wrote the DROPPED form on 1 row(s) (accepted by the contract; a retention gap):
     U-map-entry (ffi-retain)

## native-drop
   pass 696  fail 0  disputed (excluded) 6  not in the C ABI 0  arm not built 0
     baseline   pass    8  fail   0
     chunking   pass    8  fail   0
     empty      pass   30  fail   0
     malformed  pass  110  fail   0
     shape      pass  170  fail   0
     transcode  pass   53  fail   0
     unknown    pass  317  fail   0
   forms written (C3):
      190  as committed
        5  as committed / map values always written
       18  as committed / map values always written (protobuf C++, upb, protobuf-java)
        7  as committed in ffi/schema/generated
        1  as upb writes it: the same message in a different field ORDER
        5  canonical
        1  canonical: ascending by tag / key and value always written
        1  canonical: each repeated field contiguous
        1  canonical: entries ascending by UTF-8 key
        3  canonical: omitted
        1  canonical: one entry, the last value
        1  canonical: one member
        1  canonical: one run
        2  canonical: packed
        3  canonical: ten-byte sign-extended
        1  canonical: the empty value omitted
        1  canonical: the zero leaves omitted
       46  unknown-dropped
       25  unknown-dropped / unknown-dropped, map values always written
      162  unknown-dropped: the known field as it was, the foreign-typed one gone
       81  unknown-dropped: the known field as it was, the foreign-typed one gone / unknown-dropped, map values always written
   refusal codes (C4): -2 x40, -3 x73, -4 x2, -6 x31
   disputed: U-map-entry [native-drop]: accepted; projection matches the reading of null
   disputed: X-field-2p32-plus-2 [native-drop]: refused (-2)
   disputed: X-field-over-max [native-drop]: refused (-2)
   disputed: X-field-over-max-in-group [native-drop]: refused (-2)
   disputed: X-tag-zero-Empty [native-drop]: refused (-2)
   disputed: X-tag-zero-nested-Empty [native-drop]: refused (-2)

## native-retain
   pass 696  fail 0  disputed (excluded) 6  not in the C ABI 0  arm not built 0
     baseline   pass    8  fail   0
     chunking   pass    8  fail   0
     empty      pass   30  fail   0
     malformed  pass  110  fail   0
     shape      pass  170  fail   0
     transcode  pass   53  fail   0
     unknown    pass  317  fail   0
   forms written (C3):
      391  as committed
        5  as committed / map values always written
       18  as committed / map values always written (protobuf C++, upb, protobuf-java)
      105  as committed / unknown-retained, map values always written
        7  as committed in ffi/schema/generated
        1  as upb writes it: the same message in a different field ORDER
        1  as upb writes it: the same message, encoded differently
        5  canonical
        1  canonical: ascending by tag / key and value always written
        1  canonical: each repeated field contiguous
        1  canonical: entries ascending by UTF-8 key
        3  canonical: omitted
        1  canonical: one entry, the last value
        1  canonical: one member
        1  canonical: one run
        2  canonical: packed
        3  canonical: ten-byte sign-extended
        1  canonical: the empty value omitted
        1  canonical: the zero leaves omitted
        1  unknown-dropped / unknown-dropped, map values always written
        6  unknown-retained, appended in tag order
   refusal codes (C4): -2 x40, -3 x73, -4 x2, -6 x31
   disputed: U-map-entry [native-retain]: accepted; projection matches the reading of null
   disputed: X-field-2p32-plus-2 [native-retain]: refused (-2)
   disputed: X-field-over-max [native-retain]: refused (-2)
   disputed: X-field-over-max-in-group [native-retain]: refused (-2)
   disputed: X-tag-zero-Empty [native-retain]: refused (-2)
   disputed: X-tag-zero-nested-Empty [native-retain]: refused (-2)
   retain mode wrote the DROPPED form on 1 row(s) (accepted by the contract; a retention gap):
     U-map-entry (native-retain)

## ffi-retain retention gaps outside {U-map-entry}: 0
## native-retain retention gaps outside {U-map-entry}: 0
# rows that hung or crashed a child: 0
CORPUS PASSES on every built arm
>>> ok: corpus corpus_all_c11 (exit 0)

===== corpus_all_a17_static =====
# the conformance corpus, C ABI and core-native, unknown fields dropped and retained
#   binary     build/corpus_all_a17_static
#   build      __cplusplus 201703, target impl True, binding skips ak_init: False
#   manifest   corpus/generated/manifest.json (702 rows)
#   core       ak-core --features corpus,init-guard: generated for the corpus's READER
#              schema by poc/codec/gen (plan.py + rust_abi.py); CONTRACT rule 0
#   native     rendered by poc/codec/gen/cpp_native.py from the same plans: drop / retain
#   decode utf8 policy reject; recursion limit 100; ffi-retain arm built: True
#   each row in a child process, timeout 10 s

## ffi-drop
   pass 680  fail 0  disputed (excluded) 6  not in the C ABI 16  arm not built 0
     baseline   pass    8  fail   0
     chunking   pass    8  fail   0
     empty      pass   30  fail   0
     malformed  pass  107  fail   0
     shape      pass  163  fail   0
     transcode  pass   53  fail   0
     unknown    pass  311  fail   0
   forms written (C3):
      183  as committed
        5  as committed / map values always written
       18  as committed / map values always written (protobuf C++, upb, protobuf-java)
        7  as committed in ffi/schema/generated
        1  as upb writes it: the same message in a different field ORDER
        5  canonical
        1  canonical: ascending by tag / key and value always written
        1  canonical: each repeated field contiguous
        1  canonical: entries ascending by UTF-8 key
        3  canonical: omitted
        1  canonical: one entry, the last value
        1  canonical: one member
        1  canonical: one run
        2  canonical: packed
        3  canonical: ten-byte sign-extended
        1  canonical: the empty value omitted
        1  canonical: the zero leaves omitted
       46  unknown-dropped
       25  unknown-dropped / unknown-dropped, map values always written
      156  unknown-dropped: the known field as it was, the foreign-typed one gone
       81  unknown-dropped: the known field as it was, the foreign-typed one gone / unknown-dropped, map values always written
   refusal codes (C4): -2 x39, -3 x73, -6 x31
   disputed: U-map-entry [ffi-drop]: accepted; projection matches the reading of null
   disputed: X-field-2p32-plus-2 [ffi-drop]: refused (-2)
   disputed: X-field-over-max [ffi-drop]: refused (-2)
   disputed: X-field-over-max-in-group [ffi-drop]: refused (-2)
   disputed: X-tag-zero-Empty [ffi-drop]: refused (-2)
   disputed: X-tag-zero-nested-Empty [ffi-drop]: refused (-2)

## ffi-retain
   pass 680  fail 0  disputed (excluded) 6  not in the C ABI 16  arm not built 0
     baseline   pass    8  fail   0
     chunking   pass    8  fail   0
     empty      pass   30  fail   0
     malformed  pass  107  fail   0
     shape      pass  163  fail   0
     transcode  pass   53  fail   0
     unknown    pass  311  fail   0
   forms written (C3):
      378  as committed
        5  as committed / map values always written
       18  as committed / map values always written (protobuf C++, upb, protobuf-java)
      105  as committed / unknown-retained, map values always written
        7  as committed in ffi/schema/generated
        1  as upb writes it: the same message in a different field ORDER
        1  as upb writes it: the same message, encoded differently
        5  canonical
        1  canonical: ascending by tag / key and value always written
        1  canonical: each repeated field contiguous
        1  canonical: entries ascending by UTF-8 key
        3  canonical: omitted
        1  canonical: one entry, the last value
        1  canonical: one member
        1  canonical: one run
        2  canonical: packed
        3  canonical: ten-byte sign-extended
        1  canonical: the empty value omitted
        1  canonical: the zero leaves omitted
        1  unknown-dropped / unknown-dropped, map values always written
        6  unknown-retained, appended in tag order
   refusal codes (C4): -2 x39, -3 x73, -6 x31
   disputed: U-map-entry [ffi-retain]: accepted; projection matches the reading of null
   disputed: X-field-2p32-plus-2 [ffi-retain]: refused (-2)
   disputed: X-field-over-max [ffi-retain]: refused (-2)
   disputed: X-field-over-max-in-group [ffi-retain]: refused (-2)
   disputed: X-tag-zero-Empty [ffi-retain]: refused (-2)
   disputed: X-tag-zero-nested-Empty [ffi-retain]: refused (-2)
   retain mode wrote the DROPPED form on 1 row(s) (accepted by the contract; a retention gap):
     U-map-entry (ffi-retain)

## native-drop
   pass 696  fail 0  disputed (excluded) 6  not in the C ABI 0  arm not built 0
     baseline   pass    8  fail   0
     chunking   pass    8  fail   0
     empty      pass   30  fail   0
     malformed  pass  110  fail   0
     shape      pass  170  fail   0
     transcode  pass   53  fail   0
     unknown    pass  317  fail   0
   forms written (C3):
      190  as committed
        5  as committed / map values always written
       18  as committed / map values always written (protobuf C++, upb, protobuf-java)
        7  as committed in ffi/schema/generated
        1  as upb writes it: the same message in a different field ORDER
        5  canonical
        1  canonical: ascending by tag / key and value always written
        1  canonical: each repeated field contiguous
        1  canonical: entries ascending by UTF-8 key
        3  canonical: omitted
        1  canonical: one entry, the last value
        1  canonical: one member
        1  canonical: one run
        2  canonical: packed
        3  canonical: ten-byte sign-extended
        1  canonical: the empty value omitted
        1  canonical: the zero leaves omitted
       46  unknown-dropped
       25  unknown-dropped / unknown-dropped, map values always written
      162  unknown-dropped: the known field as it was, the foreign-typed one gone
       81  unknown-dropped: the known field as it was, the foreign-typed one gone / unknown-dropped, map values always written
   refusal codes (C4): -2 x40, -3 x73, -4 x2, -6 x31
   disputed: U-map-entry [native-drop]: accepted; projection matches the reading of null
   disputed: X-field-2p32-plus-2 [native-drop]: refused (-2)
   disputed: X-field-over-max [native-drop]: refused (-2)
   disputed: X-field-over-max-in-group [native-drop]: refused (-2)
   disputed: X-tag-zero-Empty [native-drop]: refused (-2)
   disputed: X-tag-zero-nested-Empty [native-drop]: refused (-2)

## native-retain
   pass 696  fail 0  disputed (excluded) 6  not in the C ABI 0  arm not built 0
     baseline   pass    8  fail   0
     chunking   pass    8  fail   0
     empty      pass   30  fail   0
     malformed  pass  110  fail   0
     shape      pass  170  fail   0
     transcode  pass   53  fail   0
     unknown    pass  317  fail   0
   forms written (C3):
      391  as committed
        5  as committed / map values always written
       18  as committed / map values always written (protobuf C++, upb, protobuf-java)
      105  as committed / unknown-retained, map values always written
        7  as committed in ffi/schema/generated
        1  as upb writes it: the same message in a different field ORDER
        1  as upb writes it: the same message, encoded differently
        5  canonical
        1  canonical: ascending by tag / key and value always written
        1  canonical: each repeated field contiguous
        1  canonical: entries ascending by UTF-8 key
        3  canonical: omitted
        1  canonical: one entry, the last value
        1  canonical: one member
        1  canonical: one run
        2  canonical: packed
        3  canonical: ten-byte sign-extended
        1  canonical: the empty value omitted
        1  canonical: the zero leaves omitted
        1  unknown-dropped / unknown-dropped, map values always written
        6  unknown-retained, appended in tag order
   refusal codes (C4): -2 x40, -3 x73, -4 x2, -6 x31
   disputed: U-map-entry [native-retain]: accepted; projection matches the reading of null
   disputed: X-field-2p32-plus-2 [native-retain]: refused (-2)
   disputed: X-field-over-max [native-retain]: refused (-2)
   disputed: X-field-over-max-in-group [native-retain]: refused (-2)
   disputed: X-tag-zero-Empty [native-retain]: refused (-2)
   disputed: X-tag-zero-nested-Empty [native-retain]: refused (-2)
   retain mode wrote the DROPPED form on 1 row(s) (accepted by the contract; a retention gap):
     U-map-entry (native-retain)

## ffi-retain retention gaps outside {U-map-entry}: 0
## native-retain retention gaps outside {U-map-entry}: 0
# rows that hung or crashed a child: 0
CORPUS PASSES on every built arm
>>> ok: corpus corpus_all_a17_static (exit 0)

===== the four builds' outcomes, (row, arm) by (row, arm): identical across levels and linkages =====
corpus_all_a17 vs corpus_all_c14: 2808 (row, arm) outcomes compared, 0 differ
corpus_all_a17 vs corpus_all_c11: 2808 (row, arm) outcomes compared, 0 differ
corpus_all_a17 vs corpus_all_a17_static: 2808 (row, arm) outcomes compared, 0 differ
>>> ok: compare (exit 0)

===== decision 11 controls: corpus_all_a17 --unk-controls =====
# decision 11 controls through the C ABI binding (corpus_all --unk), 702 rows
   rows through the C ABI 686 (not in the ABI 16); refused by every mode alike 143
   positions checked 2290; position-rows where zeroing changes the value 315; rows with unknowns 307
   rows whose map entries carried unknown bytes (delivered, freed: U-map-entry) 1
   pool buffers refilled in place across all rows 75
UNK CONTROLS PASS: 0 failing row(s)
>>> ok: unk controls corpus_all_a17 (exit 0)

===== decision 11 controls: corpus_all_c14 --unk-controls =====
# decision 11 controls through the C ABI binding (corpus_all --unk), 702 rows
   rows through the C ABI 686 (not in the ABI 16); refused by every mode alike 143
   positions checked 2290; position-rows where zeroing changes the value 315; rows with unknowns 307
   rows whose map entries carried unknown bytes (delivered, freed: U-map-entry) 1
   pool buffers refilled in place across all rows 75
UNK CONTROLS PASS: 0 failing row(s)
>>> ok: unk controls corpus_all_c14 (exit 0)

===== decision 11 controls: corpus_all_c11 --unk-controls =====
# decision 11 controls through the C ABI binding (corpus_all --unk), 702 rows
   rows through the C ABI 686 (not in the ABI 16); refused by every mode alike 143
   positions checked 2290; position-rows where zeroing changes the value 315; rows with unknowns 307
   rows whose map entries carried unknown bytes (delivered, freed: U-map-entry) 1
   pool buffers refilled in place across all rows 75
UNK CONTROLS PASS: 0 failing row(s)
>>> ok: unk controls corpus_all_c11 (exit 0)

===== decision 11 controls: corpus_all_a17_static --unk-controls =====
# decision 11 controls through the C ABI binding (corpus_all --unk), 702 rows
   rows through the C ABI 686 (not in the ABI 16); refused by every mode alike 143
   positions checked 2290; position-rows where zeroing changes the value 315; rows with unknowns 307
   rows whose map entries carried unknown bytes (delivered, freed: U-map-entry) 1
   pool buffers refilled in place across all rows 75
UNK CONTROLS PASS: 0 failing row(s)
>>> ok: unk controls corpus_all_a17_static (exit 0)

===== control: --unk-controls --plant clear (the expected clear skipped) -- must FAIL =====
   rows through the C ABI 686 (not in the ABI 16); refused by every mode alike 143
   positions checked 2290; position-rows where zeroing changes the value 0; rows with unknowns 0
   rows whose map entries carried unknown bytes (delivered, freed: U-map-entry) 1
UNK CONTROLS FAIL: 307 failing row(s)
   FAIL U-chunkelem-all: zeroed position(s) [1] did not drop exactly that position
   FAIL U-chunkelem-u-fixed32: zeroed position(s) [1] did not drop exactly that position
   FAIL U-chunkelem-u-fixed64: zeroed position(s) [1] did not drop exactly that position
>>> ok: control clear failed as required
===== control: AK_CORPUS_PLANT=proj on S-Probe,U-root,X-lenwrap-lrr,E-map,T-dec-root,U-wire-MetricsBatch -- must FAIL =====
## ffi-drop
   pass 57  fail 39  disputed (excluded) 0  not in the C ABI 0  arm not built 0
## ffi-retain
   pass 57  fail 39  disputed (excluded) 0  not in the C ABI 0  arm not built 0
## native-drop
   pass 57  fail 39  disputed (excluded) 0  not in the C ABI 0  arm not built 0
## native-retain
   pass 57  fail 39  disputed (excluded) 0  not in the C ABI 0  arm not built 0
CORPUS FAILS: 156 arm-row failure(s), 0 hang/crash row(s)
>>> ok: control proj failed as required

===== control: AK_CORPUS_PLANT=reenc on S-Probe,U-root,X-lenwrap-lrr,E-map,T-dec-root,U-wire-MetricsBatch -- must FAIL =====
## ffi-drop
   pass 57  fail 39  disputed (excluded) 0  not in the C ABI 0  arm not built 0
## ffi-retain
   pass 57  fail 39  disputed (excluded) 0  not in the C ABI 0  arm not built 0
## native-drop
   pass 57  fail 39  disputed (excluded) 0  not in the C ABI 0  arm not built 0
## native-retain
   pass 57  fail 39  disputed (excluded) 0  not in the C ABI 0  arm not built 0
CORPUS FAILS: 156 arm-row failure(s), 0 hang/crash row(s)
>>> ok: control reenc failed as required

===== control: AK_CORPUS_PLANT=accept on S-Probe,U-root,X-lenwrap-lrr,E-map,T-dec-root,U-wire-MetricsBatch -- must FAIL =====
## ffi-drop
   pass 39  fail 57  disputed (excluded) 0  not in the C ABI 0  arm not built 0
## ffi-retain
   pass 39  fail 57  disputed (excluded) 0  not in the C ABI 0  arm not built 0
## native-drop
   pass 39  fail 57  disputed (excluded) 0  not in the C ABI 0  arm not built 0
## native-retain
   pass 39  fail 57  disputed (excluded) 0  not in the C ABI 0  arm not built 0
CORPUS FAILS: 228 arm-row failure(s), 0 hang/crash row(s)
>>> ok: control accept failed as required

===== control: --compare sees a planted difference (reenc vs clean, same rows) -- must FAIL =====
  DIFF E-map-dup-key [ffi-drop]: corpus_all_a17 vs corpus_all_a17
  DIFF E-map-dup-key [ffi-retain]: corpus_all_a17 vs corpus_all_a17
  DIFF E-map-dup-key [native-drop]: corpus_all_a17 vs corpus_all_a17
  DIFF E-map-dup-key [native-retain]: corpus_all_a17 vs corpus_all_a17
  DIFF E-map-empty-value-written [ffi-drop]: corpus_all_a17 vs corpus_all_a17
  DIFF E-map-empty-value-written [ffi-retain]: corpus_all_a17 vs corpus_all_a17
  DIFF E-map-empty-value-written [native-drop]: corpus_all_a17 vs corpus_all_a17
  DIFF E-map-empty-value-written [native-retain]: corpus_all_a17 vs corpus_all_a17
  DIFF E-map-entry-empty [ffi-drop]: corpus_all_a17 vs corpus_all_a17
  DIFF E-map-entry-empty [ffi-retain]: corpus_all_a17 vs corpus_all_a17
corpus_all_a17 vs corpus_all_a17: 384 (row, arm) outcomes compared, 156 differ
>>> ok: compare control (exit 1)

===== control: corpus_all_noinit, the binding skips ak_init, core built with init-guard -- must FAIL =====
#   build      __cplusplus 201703, target impl True, binding skips ak_init: True
## ffi-drop
   pass 57  fail 39  disputed (excluded) 0  not in the C ABI 0  arm not built 0
## ffi-retain
   pass 57  fail 39  disputed (excluded) 0  not in the C ABI 0  arm not built 0
## native-drop
   pass 96  fail 0  disputed (excluded) 0  not in the C ABI 0  arm not built 0
## native-retain
   pass 96  fail 0  disputed (excluded) 0  not in the C ABI 0  arm not built 0
CORPUS FAILS: 78 arm-row failure(s), 0 hang/crash row(s)
   FAIL E-map-dup-key [ffi-drop]: C1: refused with -10
   FAIL E-map-empty-value-written [ffi-drop]: C1: refused with -10
   FAIL E-map-entry-empty [ffi-drop]: C1: refused with -10
  ffi arm-row failures: 78, native arm-row failures: 0 (native has no ak_init)
>>> ok: control noinit failed as required
