PASS M1 P1.1 Whole: 858 B, warm and fresh context
FAIL M1 P1.1 One: 858 B, warm and fresh context
PASS M1 P1.1 Chunk(8): 858 B, warm and fresh context
PASS M1 P1.1 Chunk(32): 858 B, warm and fresh context
FAIL M1 P1.1 Mixed: 858 B, warm and fresh context
PASS M1 P1.2 Whole: 218121 B, warm and fresh context
FAIL M1 P1.2 One: 218121 B, warm and fresh context
FAIL M1 P1.2 Chunk(8): 218121 B, warm and fresh context
FAIL M1 P1.2 Chunk(32): 218121 B, warm and fresh context
FAIL M1 P1.2 Mixed: 218121 B, warm and fresh context
PASS M1 P1.3 Whole: 605 B, warm and fresh context
PASS M1 P1.3 One: 605 B, warm and fresh context
PASS M1 P1.3 Chunk(8): 605 B, warm and fresh context
PASS M1 P1.3 Chunk(32): 605 B, warm and fresh context
PASS M1 P1.3 Mixed: 605 B, warm and fresh context
PASS M2 P2.1 Whole: 1037 B, warm and fresh context
PASS M2 P2.1 Whole mixed-transcoders: 1037 B, warm and fresh context
FAIL M2 P2.1 One: 1037 B, warm and fresh context
FAIL M2 P2.1 One mixed-transcoders: 1037 B, warm and fresh context
PASS M2 P2.1 Chunk(8): 1037 B, warm and fresh context
PASS M2 P2.1 Chunk(8) mixed-transcoders: 1037 B, warm and fresh context
PASS M2 P2.1 Chunk(32): 1037 B, warm and fresh context
PASS M2 P2.1 Chunk(32) mixed-transcoders: 1037 B, warm and fresh context
FAIL M2 P2.1 Mixed: 1037 B, warm and fresh context
FAIL M2 P2.1 Mixed mixed-transcoders: 1037 B, warm and fresh context
PASS M2 P2.2 Whole: 540422 B, warm and fresh context
PASS M2 P2.2 Whole mixed-transcoders: 540422 B, warm and fresh context
FAIL M2 P2.2 One: 540422 B, warm and fresh context
FAIL M2 P2.2 One mixed-transcoders: 540422 B, warm and fresh context
FAIL M2 P2.2 Chunk(8): 540422 B, warm and fresh context
FAIL M2 P2.2 Chunk(8) mixed-transcoders: 540422 B, warm and fresh context
FAIL M2 P2.2 Chunk(32): 540422 B, warm and fresh context
FAIL M2 P2.2 Chunk(32) mixed-transcoders: 540422 B, warm and fresh context
FAIL M2 P2.2 Mixed: 540422 B, warm and fresh context
FAIL M2 P2.2 Mixed mixed-transcoders: 540422 B, warm and fresh context
PASS M2 P2.3 Whole: 647024 B, warm and fresh context
PASS M2 P2.3 Whole mixed-transcoders: 647024 B, warm and fresh context
FAIL M2 P2.3 One: 647024 B, warm and fresh context
FAIL M2 P2.3 One mixed-transcoders: 647024 B, warm and fresh context
FAIL M2 P2.3 Chunk(8): 647024 B, warm and fresh context
FAIL M2 P2.3 Chunk(8) mixed-transcoders: 647024 B, warm and fresh context
FAIL M2 P2.3 Chunk(32): 647024 B, warm and fresh context
FAIL M2 P2.3 Chunk(32) mixed-transcoders: 647024 B, warm and fresh context
FAIL M2 P2.3 Mixed: 647024 B, warm and fresh context
FAIL M2 P2.3 Mixed mixed-transcoders: 647024 B, warm and fresh context
PASS M2 P2.4 Whole: 979465 B, warm and fresh context
PASS M2 P2.4 Whole mixed-transcoders: 979465 B, warm and fresh context
FAIL M2 P2.4 One: 979465 B, warm and fresh context
FAIL M2 P2.4 One mixed-transcoders: 979465 B, warm and fresh context
FAIL M2 P2.4 Chunk(8): 979465 B, warm and fresh context
FAIL M2 P2.4 Chunk(8) mixed-transcoders: 979465 B, warm and fresh context
FAIL M2 P2.4 Chunk(32): 979465 B, warm and fresh context
FAIL M2 P2.4 Chunk(32) mixed-transcoders: 979465 B, warm and fresh context
FAIL M2 P2.4 Mixed: 979465 B, warm and fresh context
FAIL M2 P2.4 Mixed mixed-transcoders: 979465 B, warm and fresh context
PASS M2 P2.5 Whole: 19632 B, warm and fresh context
PASS M2 P2.5 Whole mixed-transcoders: 19632 B, warm and fresh context
FAIL M2 P2.5 One: 19632 B, warm and fresh context
FAIL M2 P2.5 One mixed-transcoders: 19632 B, warm and fresh context
FAIL M2 P2.5 Chunk(8): 19632 B, warm and fresh context
FAIL M2 P2.5 Chunk(8) mixed-transcoders: 19632 B, warm and fresh context
PASS M2 P2.5 Chunk(32): 19632 B, warm and fresh context
PASS M2 P2.5 Chunk(32) mixed-transcoders: 19632 B, warm and fresh context
FAIL M2 P2.5 Mixed: 19632 B, warm and fresh context
FAIL M2 P2.5 Mixed mixed-transcoders: 19632 B, warm and fresh context
PASS M6 P6.1 Whole: 123354 B byte-identical
FAIL M6 P6.1 One: 180954 B, several packed records per field, prost decode == value
FAIL M6 P6.1 Chunk(8): 128954 B, several packed records per field, prost decode == value
FAIL M6 P6.1 Chunk(32): 123354 B, several packed records per field, prost decode == value
FAIL M6 P6.1 Mixed: 134954 B, several packed records per field, prost decode == value
PASS M5 P5.1 fresh context: 116 B
PASS M5 P5.2 fresh context: 65620 B
PASS M5 P5.3 fresh context: 1048660 B
PASS M5 P5.4 fresh context: 4194390 B
FAIL rollback P1.2 ak_fail at element call 3: encode returns AK_ERR_HOST, sticky, next encode on the same context byte-identical
FAIL rollback P2.2 ak_fail at element call 5: encode returns AK_ERR_HOST, sticky, next encode on the same context byte-identical
FAIL rollback P2.2 ak_fail at element call 40: encode returns AK_ERR_HOST, sticky, next encode on the same context byte-identical
PASS transcoder over capacity: AK_ERR_CAPACITY, then a byte-identical encode on the same context
# bwd_check: 31 passed, 47 failed
BWD CHECK FAILED
