MSBuild version 17.8.49+7806cbf7b for .NET
  Determining projects to restore...
  All projects are up-to-date for restore.
  Facade -> /home/user/ArmoniK.Api/ffi/poc/csharp/src/Facade/bin/Release/net8.0/Facade.dll
  Harness -> /home/user/ArmoniK.Api/ffi/poc/csharp/src/Harness/bin/Release/net8.0/harness.dll
  BenchDotNet -> /home/user/ArmoniK.Api/ffi/poc/csharp/src/BenchDotNet/bin/Release/net8.0/BenchDotNet.dll

Build succeeded.
    0 Warning(s)
    0 Error(s)

Time Elapsed 00:00:03.47
MSBuild version 17.8.49+7806cbf7b for .NET
  Determining projects to restore...
  All projects are up-to-date for restore.
  Facade -> /home/user/ArmoniK.Api/ffi/poc/csharp/src/Facade/bin-nounk/Release/net8.0/Facade.dll
  Harness -> /home/user/ArmoniK.Api/ffi/poc/csharp/src/Harness/bin-nounk/Release/net8.0/harness.dll
  BenchDotNet -> /home/user/ArmoniK.Api/ffi/poc/csharp/src/BenchDotNet/bin-nounk/Release/net8.0/BenchDotNet.dll

Build succeeded.
    0 Warning(s)
    0 Error(s)

Time Elapsed 00:00:02.74
MSBuild version 17.8.49+7806cbf7b for .NET
  Determining projects to restore...
  All projects are up-to-date for restore.
  Facade -> /home/user/ArmoniK.Api/ffi/poc/csharp/src/Facade/bin/Release/net8.0/Facade.dll
  Harness -> /home/user/ArmoniK.Api/ffi/poc/csharp/src/Harness/bin/Release/net8.0/harness.dll
  akrpc -> /home/user/ArmoniK.Api/ffi/poc/csharp/src/Rpc/bin/Release/net8.0/akrpc.dll

Build succeeded.
    0 Warning(s)
    0 Error(s)

Time Elapsed 00:00:02.81
MSBuild version 17.8.49+7806cbf7b for .NET
  Determining projects to restore...
  All projects are up-to-date for restore.
  Facade -> /home/user/ArmoniK.Api/ffi/poc/csharp/src/Facade/bin-nounk/Release/net8.0/Facade.dll
  Harness -> /home/user/ArmoniK.Api/ffi/poc/csharp/src/Harness/bin-nounk/Release/net8.0/harness.dll
  akrpc -> /home/user/ArmoniK.Api/ffi/poc/csharp/src/Rpc/bin-nounk/Release/net8.0/akrpc.dll

Build succeeded.
    0 Warning(s)
    0 Error(s)

Time Elapsed 00:00:02.66
