# campaign suite rpc: raw samples, one JSON object per line; nothing summarised here
# runtime:        .NET 8.0.31
# incumbent:      Google.Protobuf 3.32.0; Grpc.Net.Client 2.71.0
# server:         the Rust slice's tonic rpc_server, the campaign's one server for every slice (FIX-PLAN WP10, CAMPAIGN req 13 as amended; poc/rust/SERVER.md): service armonik.ffi.campaign.v1.Grid, P2.2 pre-serialised with prost, requests decoded with prost, receive limit 8 MiB; shipped socket = tonic's server defaults, pinned socket = 4 MiB stream and connection windows, adaptive off; its configuration and worker count are in its own log (rpc-server.log)
# JIT:            TieredCompilation default(on), TieredPGO default(on), ReadyToRun default(on) (net8.0 defaults unless set)
# GC:             server=False, concurrent=default(on), latency=Interactive
# managed codec:  plan utf8=reject unknown=drop limit=100
# process CPUs:   affinity mask 0x3 (2 logical CPUs visible)
# build no-unknown; launch 1; unit Cf-nounk,Ef-nounk (one process per cell, WP9); transport armonik (the client's configuration: Grpc.Net ArmoniK's channel (packages/csharp GrpcChannelFactory.CreateChannel, package defaults; see '# armonik'); server: its TCP listener, the pinned server configuration (4 MiB windows, adaptive off, TCP_NODELAY on accept); core: ak_client_opts stream 0 connection 0 adaptive 0 nagle 0); endpoint tcp:127.0.0.1:40237; in flight 1/8 (c and d at 1 and 8 only)
# engine:         BenchmarkDotNet 0.15.8.0 (CAMPAIGN req 22a as amended 2026-09-27, WP9), toolchain BDN's default, ONE CHILD PROCESS PER CASE (the campaign's native isolation, req 22a as amended e6c909630), pinned by the runner, StopOnFirstError; one invocation = one batch of k calls in flight (OperationsPerInvoke = k; `iters` = calls, `invocations` = batches); the benchmark classes RpcK1, RpcK8, RpcK16 hold the k = 1, 8, 16 cases
# job:            6 actual iterations (rounds) per case, 10 warm-up iterations (the same for every case) after BDN's jitting stage and pilot, iteration time 100 ms (the pilot picks the invocation count, unroll factor 1), strategy Throughput, EvaluateOverhead=false
# clocks:         per iteration, read by the job's clock (CpuClock) at the same iteration boundaries: wall (Stopwatch); cpu_ns = perf task-clock of the WHOLE client process (req 21 as amended 2026-10-01: a counter per thread this process opens itself with perf_event_open, PERF_COUNT_SW_TASK_CLOCK, new threads picked up at the next read; softirq-inclusive while the process runs); proc_cpu_ns = CLOCK_PROCESS_CPUTIME_ID beside it (misses softirq time with IRQ_TIME_ACCOUNTING); per case, client_softirq_ticks / client_irq_ticks = /proc/stat on the CLIENT CPUs (0,1) across the actual stage, USER_HZ ticks; the server is another process
# network:        TCP 127.0.0.1:40237 (D10; CAMPAIGN 4.0 as amended b58543f7b): transport armonik, the core grid's one configuration (see '# armonik'); Nagle off on every client socket (Grpc.Net: SocketsHttpHandler's default TCP_NODELAY, nothing set by ArmoniK or by this harness; the core: ak_client_opts.tcp_nagle = 0), READ BACK on the live sockets before timing (one without it fails the case) and after each case; the server's TCP listener sets TCP_NODELAY on every accepted socket (SERVER.md; not readable from this process)
# grid:           core (CAMPAIGN section 4.0, D18; AK_CAMPAIGN_GRID=core): cells A, Bf, Cf-retain, Ef-retain, full build, the host's idiomatic delivery; a+read and b (P2.2), c at P5.4, d at 16 MiB, k = 1 and 8; the framed cells' a+read is the reference cell's (B, C-retain, E-retain: a has an empty request, so the send path is the same), run in the framed cell's process under its own name. Extras left out (AK_CAMPAIGN_GRID=full runs them): cells B, C, D, E, F as cells of their own, Cc, the drop mode, the callback and queue deliveries, direction a, k = 16, P5.3, d at 4 MiB, the RPC grid in the no-unknown build, the second transport configuration, h2-batch beyond Cf on c and d, the pinned allocator pass beyond A and Cf on c and d at k = 1
# allocator:      default (readback at process start: a 16 MiB malloc came from the mmapped (mallinfo2; the block kept, never freed); no heap pre-grow (owner, 2026-10-03): BDN's warm-up runs the real call path on every thread, and minflt per row shows whether it sufficed; under the default toolchain each child probes once, on its case's first row as alloc_probe; GLIBC_TUNABLES=unset; CAMPAIGN req 25 as amended 2026-10-03, D9: the main figures run glibc's default allocator as production does; the pinned pass (glibc.malloc.trim_threshold=268435456:glibc.malloc.mmap_threshold=33554432) is a labelled diagnostic; the core's buffers and transport allocate through glibc malloc in this process; every row carries `alloc` and `minflt`, the client process's minor page faults over the iteration, so faults per call = minflt / iters)
# h2:             the loaded core's h2 = stock (D11 as amended: read from the core library; the runner's AK_H2 = stock); every row carries it
# pools:          D8 / D14: AK_WORKERS = 8; the core runtime 8 worker thread(s) (ak_runtime_new, shared by every core channel of the process); the .NET thread pool's worker minimum and maximum set to 8 (ThreadPool.SetMin/MaxThreads); the caller pool is the in-flight level (k dedicated caller threads for the blocking cells, not a worker pool); grpc-core is not used by this slice (Grpc.Net is managed)
# order:          this launch's unit order:  (seed 7907); the cases of this process in a seeded shuffle (seed 136931); ratios, where the aggregation forms them, from per-launch medians (req 30)
# cells:          A incumbent over Grpc.Net; B incumbent over the core's transport (Bf its framed send path); C core-ffi over the core's transport on the MOVE path (ak_call_unary_enc / ak_call_send_enc; Cf framed, Cc the copy path, a labelled extra); D core-ffi over Grpc.Net (a copy into the call's buffer: Grpc.Net's serializer cannot take a core buffer); E host-gen over the core's transport (Ef framed); F host-gen over Grpc.Net; B/C .callback/.queue the core's other deliveries (labelled extras); -retain/-drop/-nounk the unknown-field mode (req 10, 12)
# directions:     a empty request, P2.2 response decoded; a+read the same then every field read; b P2.2 request decoded by the server; c unary upload of P5.3 / P5.4 (M5, 1 MB / 4 MB); d the streamed upload, M5 messages of 2 MiB (ids on the first), 4 MiB / 16 MiB (req 14); every call checked: status, response length or the server's byte count (req 18); the upload cells' count and SHA-256 checked once in setup before timing
# warm-up/thread: CAMPAIGN req 24 as amended 8c02e7c58 (>= 20 calls per calling thread at the cell's payload before the first measured value, same process, same threads): B, C, E (and Bf, Cf, Cc, Ef) call from k dedicated caller threads, created in this process before BDN's first stage and kept to its end (under the default toolchain one case per child process, so the warm-up and the measurement share the process and its threads); one invocation = k calls, one on each caller thread; BDN runs at least 4 invocations per iteration (its minimum invoke count), so the 10 warm-up iteration(s) give every caller thread >= 40 calls at the case's payload, after 1 jitting invocation and >= 4 pilot invocations (checked: d/16 MiB at k = 8, BDN child mode, iteration 100 ms: 1 + 4 + 40 = 45 per thread). A, D, F and the callback/queue extras start k async loops (one call each per invocation) on the .NET thread pool (worker min = max = AK_WORKERS): >= 40 calls per loop, but which pool thread runs a call is not controlled, so the per-thread count is not guaranteed for them
# delivery:       B, C, E the core's BLOCKING call on k caller threads (a CallerPool created before BDN starts); A, D, F Grpc.Net's idiomatic async call (AsyncUnaryCall / AsyncClientStreamingCall awaited), k concurrent async calls per invocation; the core's cells share one core runtime with 8 worker thread(s) (req 16)
# armonik:        cell A's channel = packages/csharp ArmoniK.Api.Client GrpcChannelFactory.CreateChannel(new GrpcClient { Endpoint = "http://127.0.0.1:40237" }), called directly (the assembly built from packages/csharp, unchanged), every other option at its package default: HandlerType Http = HttpClientHandler (SocketsHttpHandler underneath) wrapped in the package's logging DelegatingHandler (logger null), proxy type Undefined (UseProxy true: the system proxy for this endpoint is none (bypassed)); GrpcChannelOptions: Credentials Insecure, DisposeHttpClient true, ServiceConfig retry MaxAttempts 5, InitialBackoff 1 s, MaxBackoff 5 s, BackoffMultiplier 1.5 on Unavailable, Aborted, Unknown (so Grpc.Net buffers requests for retry), MaxReceiveMessageSize and MaxSendMessageSize at Grpc.Net's defaults (receive 4 MiB, send unlimited), EnableMultipleHttp2Connections false (the HttpClientHandler default); ServicePointManager.ReusePort = true and ServicePoint SetTcpKeepAlive(true, 30 s, 30 s), MaxIdleTime 5 min, read back on the live sockets per case (so_keepalive_after, so_reuseport_after on each case's first row: 0 = the ServicePoint settings did not reach SocketsHttpHandler's socket); process-wide switches observed: Http2FlowControl.DisableDynamicWindowSizing not set (the worker channel provider's, not set on the control plane's path), Http2UnencryptedSupport not set (the factory sets it only for https with AllowUnsafeConnection); Nagle: SocketsHttpHandler's own default sets TCP_NODELAY, read back before timing and after each case (tcp_nodelay_after), the HTTP/2 connections per cell after each case's run on its first row (tcp_sockets_after); the core cells: the core's client configuration of `shipped` (windows at the stack's defaults, adaptive off, tcp_nagle 0)
# limits:         the client's max send and receive 64 MiB on both transports (D44, enforced); the server's receive limit 8 MiB per message (SERVER.md)
# channels:       each benchmark process builds only the cell of its case, from the case key, with its own channel(s) (one per cell and direction group, opened in the case's setup and kept to the process's end); each row's cell is checked against the cell the process ran (refused on a mismatch); this BDN run merges units Cf-nounk,Ef-nounk (owner, 2026-10-03), every case in its own child process
# threads:        .NET thread pool min 8 worker / 8 IO, max 8 worker / 1000 IO, 0 pool thread(s) now; 2 logical CPUs visible; caller threads 8; core runtime 1, 8 worker thread(s)
# memory:         AK_BDN_MEMORY=1: BenchmarkDotNet's MemoryDiagnoser (an exploration switch, not a campaign setting): one extra workload iteration per case AFTER the actual stage, at the actual stage's invocation count, outside the job's clock (no exported sample is affected); on each case's first sample row mem_alloc_bytes_per_op (GC.GetTotalAllocatedBytes(precise), every thread, divided by its operations), mem_gen = [gen0, gen1, gen2] collections during it, mem_ops its operations, mem_alloc_bytes its total
# cpus:           this process: 2 CPU(s) in its affinity mask (sched_getaffinity), Environment.ProcessorCount 2; single-CPU guard (JOURNAL 73): a timed process (host or BDN child) with ONE CPU is refused unless AK_ALLOW_SINGLE_CPU=1 (here: unset); each case's first row carries cpus_affinity, cpus_runtime and single_cpu_override as its own process saw them
// Validating benchmarks:
// ***** BenchmarkRunner: Start   *****
// ***** Found 16 benchmark(s) in total *****
// ***** Building 1 exe(s) in Parallel: Start   *****
Unable to find .sln or .csproj file. Will use current directory /home/user/ArmoniK.Api/ffi/poc/csharp to search for project file. If you don't use .sln file on purpose it should not be a problem.
// start dotnet  restore /p:AkNounk=true --nodeReuse:false /p:UseSharedCompilation=false /p:Deterministic=true /p:Optimize=true /p:ArtifactsPath="/home/user/ArmoniK.Api/ffi/poc/csharp/src/Rpc/bin-nounk/Release/net8.0/akrpc-rpc-1/" /p:OutDir="/home/user/ArmoniK.Api/ffi/poc/csharp/src/Rpc/bin-nounk/Release/net8.0/akrpc-rpc-1/bin/Release/net8.0/" /p:OutputPath="/home/user/ArmoniK.Api/ffi/poc/csharp/src/Rpc/bin-nounk/Release/net8.0/akrpc-rpc-1/bin/Release/net8.0/" /p:PublishDir="/home/user/ArmoniK.Api/ffi/poc/csharp/src/Rpc/bin-nounk/Release/net8.0/akrpc-rpc-1/publish/" in /home/user/ArmoniK.Api/ffi/poc/csharp/src/Rpc/bin-nounk/Release/net8.0/akrpc-rpc-1
// command took 2.46 sec and exited with 0
// start dotnet  build -c Release /p:AkNounk=true --no-restore --nodeReuse:false /p:UseSharedCompilation=false /p:Deterministic=true /p:Optimize=true /p:ArtifactsPath="/home/user/ArmoniK.Api/ffi/poc/csharp/src/Rpc/bin-nounk/Release/net8.0/akrpc-rpc-1/" /p:OutDir="/home/user/ArmoniK.Api/ffi/poc/csharp/src/Rpc/bin-nounk/Release/net8.0/akrpc-rpc-1/bin/Release/net8.0/" /p:OutputPath="/home/user/ArmoniK.Api/ffi/poc/csharp/src/Rpc/bin-nounk/Release/net8.0/akrpc-rpc-1/bin/Release/net8.0/" /p:PublishDir="/home/user/ArmoniK.Api/ffi/poc/csharp/src/Rpc/bin-nounk/Release/net8.0/akrpc-rpc-1/publish/" --output "/home/user/ArmoniK.Api/ffi/poc/csharp/src/Rpc/bin-nounk/Release/net8.0/akrpc-rpc-1/bin/Release/net8.0/" in /home/user/ArmoniK.Api/ffi/poc/csharp/src/Rpc/bin-nounk/Release/net8.0/akrpc-rpc-1
// command took 17.88 sec and exited with 0
// ***** Done, took 00:00:20 (20.45 sec)   *****
// Found 8 benchmarks:
//   RpcK1.Run: rpc(EvaluateOverhead=False, Arguments=/p:AkNounk=true, Clock=Armonik.Ffi.Bdn.CpuClock, IterationCount=6, IterationTime=100ms, LaunchCount=1, RunStrategy=Throughput, UnrollFactor=1, WarmupCount=10) [Case=Ef-nounk|b|P2.2|1]
//   RpcK1.Run: rpc(EvaluateOverhead=False, Arguments=/p:AkNounk=true, Clock=Armonik.Ffi.Bdn.CpuClock, IterationCount=6, IterationTime=100ms, LaunchCount=1, RunStrategy=Throughput, UnrollFactor=1, WarmupCount=10) [Case=Cf-no(...)MiB|1 [25]]
//   RpcK1.Run: rpc(EvaluateOverhead=False, Arguments=/p:AkNounk=true, Clock=Armonik.Ffi.Bdn.CpuClock, IterationCount=6, IterationTime=100ms, LaunchCount=1, RunStrategy=Throughput, UnrollFactor=1, WarmupCount=10) [Case=Ef-no(...)MiB|1 [25]]
//   RpcK1.Run: rpc(EvaluateOverhead=False, Arguments=/p:AkNounk=true, Clock=Armonik.Ffi.Bdn.CpuClock, IterationCount=6, IterationTime=100ms, LaunchCount=1, RunStrategy=Throughput, UnrollFactor=1, WarmupCount=10) [Case=E-nou(...)2.2|1 [21]]
//   RpcK1.Run: rpc(EvaluateOverhead=False, Arguments=/p:AkNounk=true, Clock=Armonik.Ffi.Bdn.CpuClock, IterationCount=6, IterationTime=100ms, LaunchCount=1, RunStrategy=Throughput, UnrollFactor=1, WarmupCount=10) [Case=Ef-nounk|c|P5.4|1]
//   RpcK1.Run: rpc(EvaluateOverhead=False, Arguments=/p:AkNounk=true, Clock=Armonik.Ffi.Bdn.CpuClock, IterationCount=6, IterationTime=100ms, LaunchCount=1, RunStrategy=Throughput, UnrollFactor=1, WarmupCount=10) [Case=Cf-nounk|c|P5.4|1]
//   RpcK1.Run: rpc(EvaluateOverhead=False, Arguments=/p:AkNounk=true, Clock=Armonik.Ffi.Bdn.CpuClock, IterationCount=6, IterationTime=100ms, LaunchCount=1, RunStrategy=Throughput, UnrollFactor=1, WarmupCount=10) [Case=Cf-nounk|b|P2.2|1]
//   RpcK1.Run: rpc(EvaluateOverhead=False, Arguments=/p:AkNounk=true, Clock=Armonik.Ffi.Bdn.CpuClock, IterationCount=6, IterationTime=100ms, LaunchCount=1, RunStrategy=Throughput, UnrollFactor=1, WarmupCount=10) [Case=C-nou(...)2.2|1 [21]]

// **************************
// Benchmark: RpcK1.Run: rpc(EvaluateOverhead=False, Arguments=/p:AkNounk=true, Clock=Armonik.Ffi.Bdn.CpuClock, IterationCount=6, IterationTime=100ms, LaunchCount=1, RunStrategy=Throughput, UnrollFactor=1, WarmupCount=10) [Case=Ef-nounk|b|P2.2|1]
// *** Execute ***
// Launch: 1 / 1
// Execute: dotnet akrpc-rpc-1.dll --anonymousPipes 148 149 --benchmarkName "Armonik.Ffi.Campaign.RpcK1.Run(Case: \"Ef-nounk|b|P2.2|1\")" --job rpc --benchmarkId 0 in /home/user/ArmoniK.Api/ffi/poc/csharp/src/Rpc/bin-nounk/Release/net8.0/akrpc-rpc-1/bin/Release/net8.0
// BeforeAnythingElse

// Benchmark Process Environment Information:
// BenchmarkDotNet v0.15.8
// Runtime=.NET 8.0.31 (8.0.31, 8.0.3126.42015), X64 RyuJIT x86-64-v4
// GC=Concurrent Workstation
// HardwareIntrinsics=AVX512 F+BW+CD+DQ+VL,AVX2+BMI1+BMI2+F16C+FMA+LZCNT+MOVBE,AVX,SSE3+SSSE3+SSE4.1+SSE4.2+POPCNT,X86Base+SSE+SSE2,AES+PCLMUL VectorSize=256
// Job: rpc(EvaluateOverhead=False, Clock=Armonik.Ffi.Bdn.CpuClock, IterationCount=6, IterationTime=100ms, LaunchCount=1, RunStrategy=Throughput, UnrollFactor=1, WarmupCount=10)

OverheadJitting  1: 1 op, 165843.00 ns, 165.8430 us/op
WorkloadJitting  1: 1 op, 21091802.00 ns, 21.0918 ms/op

WorkloadPilot    1: 4 op, 42439004.00 ns, 10.6098 ms/op
WorkloadPilot    2: 9 op, 109214284.00 ns, 12.1349 ms/op

WorkloadWarmup   1: 9 op, 79528328.00 ns, 8.8365 ms/op
WorkloadWarmup   2: 9 op, 183744137.00 ns, 20.4160 ms/op
WorkloadWarmup   3: 9 op, 100549175.00 ns, 11.1721 ms/op
WorkloadWarmup   4: 9 op, 120673879.00 ns, 13.4082 ms/op
WorkloadWarmup   5: 9 op, 100889170.00 ns, 11.2099 ms/op
WorkloadWarmup   6: 9 op, 88248043.00 ns, 9.8053 ms/op
WorkloadWarmup   7: 9 op, 75827896.00 ns, 8.4253 ms/op
WorkloadWarmup   8: 9 op, 59254266.00 ns, 6.5838 ms/op
WorkloadWarmup   9: 9 op, 89326153.00 ns, 9.9251 ms/op
WorkloadWarmup  10: 9 op, 67105037.00 ns, 7.4561 ms/op

// BeforeActualRun
WorkloadActual   1: 9 op, 86128254.00 ns, 9.5698 ms/op
WorkloadActual   2: 9 op, 63329035.00 ns, 7.0366 ms/op
WorkloadActual   3: 9 op, 84683138.00 ns, 9.4092 ms/op
WorkloadActual   4: 9 op, 116232279.00 ns, 12.9147 ms/op
WorkloadActual   5: 9 op, 55529458.00 ns, 6.1699 ms/op
WorkloadActual   6: 9 op, 86402255.00 ns, 9.6003 ms/op

// AfterActualRun
WorkloadResult   1: 9 op, 86128254.00 ns, 9.5698 ms/op
WorkloadResult   2: 9 op, 63329035.00 ns, 7.0366 ms/op
WorkloadResult   3: 9 op, 84683138.00 ns, 9.4092 ms/op
WorkloadResult   4: 9 op, 55529458.00 ns, 6.1699 ms/op
WorkloadResult   5: 9 op, 86402255.00 ns, 9.6003 ms/op
// GC:  0 0 0 576648 9
// Threading:  0 0 9

// AfterAll
// Benchmark Process 8825 has exited with code 0.

Mean = 8.357 ms, StdErr = 0.730 ms (8.73%), N = 5, StdDev = 1.632 ms
Min = 6.170 ms, Q1 = 7.037 ms, Median = 9.409 ms, Q3 = 9.570 ms, Max = 9.600 ms
IQR = 2.533 ms, LowerFence = 3.237 ms, UpperFence = 13.370 ms
ConfidenceInterval = [2.074 ms; 14.640 ms] (CI 99.9%), Margin = 6.283 ms (75.18% of Mean)
Skewness = -0.36, Kurtosis = 0.89, MValue = 2

// ** Remained 15 (93.8 %) benchmark(s) to run. Estimated finish 2026-10-04 12:19 (0h 0m from now) **
// **************************
// Benchmark: RpcK1.Run: rpc(EvaluateOverhead=False, Arguments=/p:AkNounk=true, Clock=Armonik.Ffi.Bdn.CpuClock, IterationCount=6, IterationTime=100ms, LaunchCount=1, RunStrategy=Throughput, UnrollFactor=1, WarmupCount=10) [Case=Cf-no(...)MiB|1 [25]]
// *** Execute ***
// Launch: 1 / 1
// Execute: dotnet akrpc-rpc-1.dll --anonymousPipes 150 151 --benchmarkName "Armonik.Ffi.Campaign.RpcK1.Run(Case: \"Cf-nounk|d|stream-16MiB|1\")" --job rpc --benchmarkId 1 in /home/user/ArmoniK.Api/ffi/poc/csharp/src/Rpc/bin-nounk/Release/net8.0/akrpc-rpc-1/bin/Release/net8.0
// BeforeAnythingElse

// Benchmark Process Environment Information:
// BenchmarkDotNet v0.15.8
// Runtime=.NET 8.0.31 (8.0.31, 8.0.3126.42015), X64 RyuJIT x86-64-v4
// GC=Concurrent Workstation
// HardwareIntrinsics=AVX512 F+BW+CD+DQ+VL,AVX2+BMI1+BMI2+F16C+FMA+LZCNT+MOVBE,AVX,SSE3+SSSE3+SSE4.1+SSE4.2+POPCNT,X86Base+SSE+SSE2,AES+PCLMUL VectorSize=256
// Job: rpc(EvaluateOverhead=False, Clock=Armonik.Ffi.Bdn.CpuClock, IterationCount=6, IterationTime=100ms, LaunchCount=1, RunStrategy=Throughput, UnrollFactor=1, WarmupCount=10)

OverheadJitting  1: 1 op, 171596.00 ns, 171.5960 us/op
WorkloadJitting  1: 1 op, 21990538.00 ns, 21.9905 ms/op

WorkloadPilot    1: 4 op, 71577061.00 ns, 17.8943 ms/op
WorkloadPilot    2: 6 op, 223276889.00 ns, 37.2128 ms/op
WorkloadPilot    3: 4 op, 83600136.00 ns, 20.9000 ms/op

WorkloadWarmup   1: 4 op, 119897236.00 ns, 29.9743 ms/op
WorkloadWarmup   2: 4 op, 123580015.00 ns, 30.8950 ms/op
WorkloadWarmup   3: 4 op, 153008310.00 ns, 38.2521 ms/op
WorkloadWarmup   4: 4 op, 138906336.00 ns, 34.7266 ms/op
WorkloadWarmup   5: 4 op, 109146669.00 ns, 27.2867 ms/op
WorkloadWarmup   6: 4 op, 72607923.00 ns, 18.1520 ms/op
WorkloadWarmup   7: 4 op, 98581154.00 ns, 24.6453 ms/op
WorkloadWarmup   8: 4 op, 69891326.00 ns, 17.4728 ms/op
WorkloadWarmup   9: 4 op, 59556355.00 ns, 14.8891 ms/op
WorkloadWarmup  10: 4 op, 128958072.00 ns, 32.2395 ms/op

// BeforeActualRun
WorkloadActual   1: 4 op, 104185344.00 ns, 26.0463 ms/op
WorkloadActual   2: 4 op, 111821425.00 ns, 27.9554 ms/op
WorkloadActual   3: 4 op, 111275894.00 ns, 27.8190 ms/op
WorkloadActual   4: 4 op, 169981605.00 ns, 42.4954 ms/op
WorkloadActual   5: 4 op, 104599979.00 ns, 26.1500 ms/op
WorkloadActual   6: 4 op, 114245287.00 ns, 28.5613 ms/op

// AfterActualRun
WorkloadResult   1: 4 op, 104185344.00 ns, 26.0463 ms/op
WorkloadResult   2: 4 op, 111821425.00 ns, 27.9554 ms/op
WorkloadResult   3: 4 op, 111275894.00 ns, 27.8190 ms/op
WorkloadResult   4: 4 op, 104599979.00 ns, 26.1500 ms/op
WorkloadResult   5: 4 op, 114245287.00 ns, 28.5613 ms/op
// GC:  0 0 0 1680 4
// Threading:  0 0 4

// AfterAll
// Benchmark Process 8881 has exited with code 0.

Mean = 27.306 ms, StdErr = 0.509 ms (1.86%), N = 5, StdDev = 1.138 ms
Min = 26.046 ms, Q1 = 26.150 ms, Median = 27.819 ms, Q3 = 27.955 ms, Max = 28.561 ms
IQR = 1.805 ms, LowerFence = 23.442 ms, UpperFence = 30.663 ms
ConfidenceInterval = [22.923 ms; 31.690 ms] (CI 99.9%), Margin = 4.384 ms (16.05% of Mean)
Skewness = -0.16, Kurtosis = 0.84, MValue = 2

// ** Remained 14 (87.5 %) benchmark(s) to run. Estimated finish 2026-10-04 12:19 (0h 0m from now) **
// **************************
// Benchmark: RpcK1.Run: rpc(EvaluateOverhead=False, Arguments=/p:AkNounk=true, Clock=Armonik.Ffi.Bdn.CpuClock, IterationCount=6, IterationTime=100ms, LaunchCount=1, RunStrategy=Throughput, UnrollFactor=1, WarmupCount=10) [Case=Ef-no(...)MiB|1 [25]]
// *** Execute ***
// Launch: 1 / 1
// Execute: dotnet akrpc-rpc-1.dll --anonymousPipes 150 151 --benchmarkName "Armonik.Ffi.Campaign.RpcK1.Run(Case: \"Ef-nounk|d|stream-16MiB|1\")" --job rpc --benchmarkId 2 in /home/user/ArmoniK.Api/ffi/poc/csharp/src/Rpc/bin-nounk/Release/net8.0/akrpc-rpc-1/bin/Release/net8.0
// BeforeAnythingElse

// Benchmark Process Environment Information:
// BenchmarkDotNet v0.15.8
// Runtime=.NET 8.0.31 (8.0.31, 8.0.3126.42015), X64 RyuJIT x86-64-v4
// GC=Concurrent Workstation
// HardwareIntrinsics=AVX512 F+BW+CD+DQ+VL,AVX2+BMI1+BMI2+F16C+FMA+LZCNT+MOVBE,AVX,SSE3+SSSE3+SSE4.1+SSE4.2+POPCNT,X86Base+SSE+SSE2,AES+PCLMUL VectorSize=256
// Job: rpc(EvaluateOverhead=False, Clock=Armonik.Ffi.Bdn.CpuClock, IterationCount=6, IterationTime=100ms, LaunchCount=1, RunStrategy=Throughput, UnrollFactor=1, WarmupCount=10)

OverheadJitting  1: 1 op, 215563.00 ns, 215.5630 us/op
WorkloadJitting  1: 1 op, 40176082.00 ns, 40.1761 ms/op

WorkloadPilot    1: 4 op, 109209844.00 ns, 27.3025 ms/op

WorkloadWarmup   1: 4 op, 159498901.00 ns, 39.8747 ms/op
WorkloadWarmup   2: 4 op, 90155121.00 ns, 22.5388 ms/op
WorkloadWarmup   3: 4 op, 107937839.00 ns, 26.9845 ms/op
WorkloadWarmup   4: 4 op, 82627134.00 ns, 20.6568 ms/op
WorkloadWarmup   5: 4 op, 76519703.00 ns, 19.1299 ms/op
WorkloadWarmup   6: 4 op, 77922258.00 ns, 19.4806 ms/op
WorkloadWarmup   7: 4 op, 99048378.00 ns, 24.7621 ms/op
WorkloadWarmup   8: 4 op, 117127916.00 ns, 29.2820 ms/op
WorkloadWarmup   9: 4 op, 167276209.00 ns, 41.8191 ms/op
WorkloadWarmup  10: 4 op, 127183216.00 ns, 31.7958 ms/op

// BeforeActualRun
WorkloadActual   1: 4 op, 88572527.00 ns, 22.1431 ms/op
WorkloadActual   2: 4 op, 166089103.00 ns, 41.5223 ms/op
WorkloadActual   3: 4 op, 144777673.00 ns, 36.1944 ms/op
WorkloadActual   4: 4 op, 118487263.00 ns, 29.6218 ms/op
WorkloadActual   5: 4 op, 99716789.00 ns, 24.9292 ms/op
WorkloadActual   6: 4 op, 121796053.00 ns, 30.4490 ms/op

// AfterActualRun
WorkloadResult   1: 4 op, 88572527.00 ns, 22.1431 ms/op
WorkloadResult   2: 4 op, 166089103.00 ns, 41.5223 ms/op
WorkloadResult   3: 4 op, 144777673.00 ns, 36.1944 ms/op
WorkloadResult   4: 4 op, 118487263.00 ns, 29.6218 ms/op
WorkloadResult   5: 4 op, 99716789.00 ns, 24.9292 ms/op
WorkloadResult   6: 4 op, 121796053.00 ns, 30.4490 ms/op
// GC:  0 0 0 3392 4
// Threading:  0 0 4

// AfterAll
// Benchmark Process 8955 has exited with code 0.

Mean = 30.810 ms, StdErr = 2.915 ms (9.46%), N = 6, StdDev = 7.141 ms
Min = 22.143 ms, Q1 = 26.102 ms, Median = 30.035 ms, Q3 = 34.758 ms, Max = 41.522 ms
IQR = 8.656 ms, LowerFence = 13.119 ms, UpperFence = 47.742 ms
ConfidenceInterval = [10.785 ms; 50.835 ms] (CI 99.9%), Margin = 20.025 ms (65.00% of Mean)
Skewness = 0.24, Kurtosis = 1.34, MValue = 2

// ** Remained 13 (81.2 %) benchmark(s) to run. Estimated finish 2026-10-04 12:19 (0h 0m from now) **
// **************************
// Benchmark: RpcK1.Run: rpc(EvaluateOverhead=False, Arguments=/p:AkNounk=true, Clock=Armonik.Ffi.Bdn.CpuClock, IterationCount=6, IterationTime=100ms, LaunchCount=1, RunStrategy=Throughput, UnrollFactor=1, WarmupCount=10) [Case=E-nou(...)2.2|1 [21]]
// *** Execute ***
// Launch: 1 / 1
// Execute: dotnet akrpc-rpc-1.dll --anonymousPipes 150 151 --benchmarkName "Armonik.Ffi.Campaign.RpcK1.Run(Case: \"E-nounk|a+read|P2.2|1\")" --job rpc --benchmarkId 3 in /home/user/ArmoniK.Api/ffi/poc/csharp/src/Rpc/bin-nounk/Release/net8.0/akrpc-rpc-1/bin/Release/net8.0
// BeforeAnythingElse

// Benchmark Process Environment Information:
// BenchmarkDotNet v0.15.8
// Runtime=.NET 8.0.31 (8.0.31, 8.0.3126.42015), X64 RyuJIT x86-64-v4
// GC=Concurrent Workstation
// HardwareIntrinsics=AVX512 F+BW+CD+DQ+VL,AVX2+BMI1+BMI2+F16C+FMA+LZCNT+MOVBE,AVX,SSE3+SSSE3+SSE4.1+SSE4.2+POPCNT,X86Base+SSE+SSE2,AES+PCLMUL VectorSize=256
// Job: rpc(EvaluateOverhead=False, Clock=Armonik.Ffi.Bdn.CpuClock, IterationCount=6, IterationTime=100ms, LaunchCount=1, RunStrategy=Throughput, UnrollFactor=1, WarmupCount=10)

OverheadJitting  1: 1 op, 964008.00 ns, 964.0080 us/op
WorkloadJitting  1: 1 op, 11367720.00 ns, 11.3677 ms/op

WorkloadPilot    1: 4 op, 45815615.00 ns, 11.4539 ms/op
WorkloadPilot    2: 9 op, 80332710.00 ns, 8.9259 ms/op
WorkloadPilot    3: 11 op, 132426035.00 ns, 12.0387 ms/op
WorkloadPilot    4: 8 op, 74958510.00 ns, 9.3698 ms/op
WorkloadPilot    5: 11 op, 150281139.00 ns, 13.6619 ms/op
WorkloadPilot    6: 7 op, 71622626.00 ns, 10.2318 ms/op
WorkloadPilot    7: 10 op, 45675298.00 ns, 4.5675 ms/op
WorkloadPilot    8: 22 op, 101429380.00 ns, 4.6104 ms/op

WorkloadWarmup   1: 22 op, 125062817.00 ns, 5.6847 ms/op
WorkloadWarmup   2: 22 op, 102269755.00 ns, 4.6486 ms/op
WorkloadWarmup   3: 22 op, 119021287.00 ns, 5.4101 ms/op
WorkloadWarmup   4: 22 op, 86985961.00 ns, 3.9539 ms/op
WorkloadWarmup   5: 22 op, 90566773.00 ns, 4.1167 ms/op
WorkloadWarmup   6: 22 op, 146387554.00 ns, 6.6540 ms/op
WorkloadWarmup   7: 22 op, 95876576.00 ns, 4.3580 ms/op
WorkloadWarmup   8: 22 op, 76552346.00 ns, 3.4797 ms/op
WorkloadWarmup   9: 22 op, 78359028.00 ns, 3.5618 ms/op
WorkloadWarmup  10: 22 op, 80614422.00 ns, 3.6643 ms/op

// BeforeActualRun
WorkloadActual   1: 22 op, 82169890.00 ns, 3.7350 ms/op
WorkloadActual   2: 22 op, 73810881.00 ns, 3.3550 ms/op
WorkloadActual   3: 22 op, 116874366.00 ns, 5.3125 ms/op
WorkloadActual   4: 22 op, 93543723.00 ns, 4.2520 ms/op
WorkloadActual   5: 22 op, 83907051.00 ns, 3.8140 ms/op
WorkloadActual   6: 22 op, 102082745.00 ns, 4.6401 ms/op

// AfterActualRun
WorkloadResult   1: 22 op, 82169890.00 ns, 3.7350 ms/op
WorkloadResult   2: 22 op, 73810881.00 ns, 3.3550 ms/op
WorkloadResult   3: 22 op, 116874366.00 ns, 5.3125 ms/op
WorkloadResult   4: 22 op, 93543723.00 ns, 4.2520 ms/op
WorkloadResult   5: 22 op, 83907051.00 ns, 3.8140 ms/op
WorkloadResult   6: 22 op, 102082745.00 ns, 4.6401 ms/op
// GC:  2 1 0 46594416 22
// Threading:  0 14 22

// AfterAll
// Benchmark Process 9024 has exited with code 0.

Mean = 4.185 ms, StdErr = 0.289 ms (6.91%), N = 6, StdDev = 0.709 ms
Min = 3.355 ms, Q1 = 3.755 ms, Median = 4.033 ms, Q3 = 4.543 ms, Max = 5.312 ms
IQR = 0.788 ms, LowerFence = 2.572 ms, UpperFence = 5.726 ms
ConfidenceInterval = [2.197 ms; 6.172 ms] (CI 99.9%), Margin = 1.988 ms (47.49% of Mean)
Skewness = 0.38, Kurtosis = 1.45, MValue = 2

// ** Remained 12 (75.0 %) benchmark(s) to run. Estimated finish 2026-10-04 12:19 (0h 0m from now) **
// **************************
// Benchmark: RpcK1.Run: rpc(EvaluateOverhead=False, Arguments=/p:AkNounk=true, Clock=Armonik.Ffi.Bdn.CpuClock, IterationCount=6, IterationTime=100ms, LaunchCount=1, RunStrategy=Throughput, UnrollFactor=1, WarmupCount=10) [Case=Ef-nounk|c|P5.4|1]
// *** Execute ***
// Launch: 1 / 1
// Execute: dotnet akrpc-rpc-1.dll --anonymousPipes 150 151 --benchmarkName "Armonik.Ffi.Campaign.RpcK1.Run(Case: \"Ef-nounk|c|P5.4|1\")" --job rpc --benchmarkId 4 in /home/user/ArmoniK.Api/ffi/poc/csharp/src/Rpc/bin-nounk/Release/net8.0/akrpc-rpc-1/bin/Release/net8.0
// BeforeAnythingElse

// Benchmark Process Environment Information:
// BenchmarkDotNet v0.15.8
// Runtime=.NET 8.0.31 (8.0.31, 8.0.3126.42015), X64 RyuJIT x86-64-v4
// GC=Concurrent Workstation
// HardwareIntrinsics=AVX512 F+BW+CD+DQ+VL,AVX2+BMI1+BMI2+F16C+FMA+LZCNT+MOVBE,AVX,SSE3+SSSE3+SSE4.1+SSE4.2+POPCNT,X86Base+SSE+SSE2,AES+PCLMUL VectorSize=256
// Job: rpc(EvaluateOverhead=False, Clock=Armonik.Ffi.Bdn.CpuClock, IterationCount=6, IterationTime=100ms, LaunchCount=1, RunStrategy=Throughput, UnrollFactor=1, WarmupCount=10)

OverheadJitting  1: 1 op, 203904.00 ns, 203.9040 us/op
WorkloadJitting  1: 1 op, 10632680.00 ns, 10.6327 ms/op

WorkloadPilot    1: 4 op, 35063481.00 ns, 8.7659 ms/op
WorkloadPilot    2: 11 op, 57676101.00 ns, 5.2433 ms/op
WorkloadPilot    3: 19 op, 189022179.00 ns, 9.9485 ms/op
WorkloadPilot    4: 10 op, 126654500.00 ns, 12.6655 ms/op
WorkloadPilot    5: 8 op, 152039772.00 ns, 19.0050 ms/op

WorkloadWarmup   1: 8 op, 70567536.00 ns, 8.8209 ms/op
WorkloadWarmup   2: 8 op, 48252461.00 ns, 6.0316 ms/op
WorkloadWarmup   3: 8 op, 72748365.00 ns, 9.0935 ms/op
WorkloadWarmup   4: 8 op, 47358719.00 ns, 5.9198 ms/op
WorkloadWarmup   5: 8 op, 56515390.00 ns, 7.0644 ms/op
WorkloadWarmup   6: 8 op, 91971862.00 ns, 11.4965 ms/op
WorkloadWarmup   7: 8 op, 44113611.00 ns, 5.5142 ms/op
WorkloadWarmup   8: 8 op, 48241865.00 ns, 6.0302 ms/op
WorkloadWarmup   9: 8 op, 118716744.00 ns, 14.8396 ms/op
WorkloadWarmup  10: 8 op, 70045268.00 ns, 8.7557 ms/op

// BeforeActualRun
WorkloadActual   1: 8 op, 51311005.00 ns, 6.4139 ms/op
WorkloadActual   2: 8 op, 47385054.00 ns, 5.9231 ms/op
WorkloadActual   3: 8 op, 52002354.00 ns, 6.5003 ms/op
WorkloadActual   4: 8 op, 84450201.00 ns, 10.5563 ms/op
WorkloadActual   5: 8 op, 47615142.00 ns, 5.9519 ms/op
WorkloadActual   6: 8 op, 53000649.00 ns, 6.6251 ms/op

// AfterActualRun
WorkloadResult   1: 8 op, 51311005.00 ns, 6.4139 ms/op
WorkloadResult   2: 8 op, 47385054.00 ns, 5.9231 ms/op
WorkloadResult   3: 8 op, 52002354.00 ns, 6.5003 ms/op
WorkloadResult   4: 8 op, 47615142.00 ns, 5.9519 ms/op
WorkloadResult   5: 8 op, 53000649.00 ns, 6.6251 ms/op
// GC:  0 0 0 1088 8
// Threading:  0 4 8

// AfterAll
// Benchmark Process 9077 has exited with code 0.

Mean = 6.283 ms, StdErr = 0.145 ms (2.31%), N = 5, StdDev = 0.324 ms
Min = 5.923 ms, Q1 = 5.952 ms, Median = 6.414 ms, Q3 = 6.500 ms, Max = 6.625 ms
IQR = 0.548 ms, LowerFence = 5.129 ms, UpperFence = 7.323 ms
ConfidenceInterval = [5.034 ms; 7.531 ms] (CI 99.9%), Margin = 1.248 ms (19.87% of Mean)
Skewness = -0.18, Kurtosis = 0.81, MValue = 2

// ** Remained 11 (68.8 %) benchmark(s) to run. Estimated finish 2026-10-04 12:19 (0h 0m from now) **
// **************************
// Benchmark: RpcK1.Run: rpc(EvaluateOverhead=False, Arguments=/p:AkNounk=true, Clock=Armonik.Ffi.Bdn.CpuClock, IterationCount=6, IterationTime=100ms, LaunchCount=1, RunStrategy=Throughput, UnrollFactor=1, WarmupCount=10) [Case=Cf-nounk|c|P5.4|1]
// *** Execute ***
// Launch: 1 / 1
// Execute: dotnet akrpc-rpc-1.dll --anonymousPipes 150 151 --benchmarkName "Armonik.Ffi.Campaign.RpcK1.Run(Case: \"Cf-nounk|c|P5.4|1\")" --job rpc --benchmarkId 5 in /home/user/ArmoniK.Api/ffi/poc/csharp/src/Rpc/bin-nounk/Release/net8.0/akrpc-rpc-1/bin/Release/net8.0
// BeforeAnythingElse

// Benchmark Process Environment Information:
// BenchmarkDotNet v0.15.8
// Runtime=.NET 8.0.31 (8.0.31, 8.0.3126.42015), X64 RyuJIT x86-64-v4
// GC=Concurrent Workstation
// HardwareIntrinsics=AVX512 F+BW+CD+DQ+VL,AVX2+BMI1+BMI2+F16C+FMA+LZCNT+MOVBE,AVX,SSE3+SSSE3+SSE4.1+SSE4.2+POPCNT,X86Base+SSE+SSE2,AES+PCLMUL VectorSize=256
// Job: rpc(EvaluateOverhead=False, Clock=Armonik.Ffi.Bdn.CpuClock, IterationCount=6, IterationTime=100ms, LaunchCount=1, RunStrategy=Throughput, UnrollFactor=1, WarmupCount=10)

OverheadJitting  1: 1 op, 165034.00 ns, 165.0340 us/op
WorkloadJitting  1: 1 op, 11182018.00 ns, 11.1820 ms/op

WorkloadPilot    1: 4 op, 22630964.00 ns, 5.6577 ms/op
WorkloadPilot    2: 18 op, 120464831.00 ns, 6.6925 ms/op
WorkloadPilot    3: 15 op, 178131647.00 ns, 11.8754 ms/op
WorkloadPilot    4: 8 op, 89235531.00 ns, 11.1544 ms/op

WorkloadWarmup   1: 8 op, 42209879.00 ns, 5.2762 ms/op
WorkloadWarmup   2: 8 op, 42828327.00 ns, 5.3535 ms/op
WorkloadWarmup   3: 8 op, 33729333.00 ns, 4.2162 ms/op
WorkloadWarmup   4: 8 op, 97809633.00 ns, 12.2262 ms/op
WorkloadWarmup   5: 8 op, 42460987.00 ns, 5.3076 ms/op
WorkloadWarmup   6: 8 op, 117283051.00 ns, 14.6604 ms/op
WorkloadWarmup   7: 8 op, 46258977.00 ns, 5.7824 ms/op
WorkloadWarmup   8: 8 op, 110890420.00 ns, 13.8613 ms/op
WorkloadWarmup   9: 8 op, 63444912.00 ns, 7.9306 ms/op
WorkloadWarmup  10: 8 op, 42581629.00 ns, 5.3227 ms/op

// BeforeActualRun
WorkloadActual   1: 8 op, 77977417.00 ns, 9.7472 ms/op
WorkloadActual   2: 8 op, 61933268.00 ns, 7.7417 ms/op
WorkloadActual   3: 8 op, 94359664.00 ns, 11.7950 ms/op
WorkloadActual   4: 8 op, 85900333.00 ns, 10.7375 ms/op
WorkloadActual   5: 8 op, 34876192.00 ns, 4.3595 ms/op
WorkloadActual   6: 8 op, 40565915.00 ns, 5.0707 ms/op

// AfterActualRun
WorkloadResult   1: 8 op, 77977417.00 ns, 9.7472 ms/op
WorkloadResult   2: 8 op, 61933268.00 ns, 7.7417 ms/op
WorkloadResult   3: 8 op, 94359664.00 ns, 11.7950 ms/op
WorkloadResult   4: 8 op, 85900333.00 ns, 10.7375 ms/op
WorkloadResult   5: 8 op, 34876192.00 ns, 4.3595 ms/op
WorkloadResult   6: 8 op, 40565915.00 ns, 5.0707 ms/op
// GC:  0 0 0 576 8
// Threading:  0 0 8

// AfterAll
// Benchmark Process 9124 has exited with code 0.

Mean = 8.242 ms, StdErr = 1.245 ms (15.11%), N = 6, StdDev = 3.050 ms
Min = 4.360 ms, Q1 = 5.738 ms, Median = 8.744 ms, Q3 = 10.490 ms, Max = 11.795 ms
IQR = 4.751 ms, LowerFence = -1.389 ms, UpperFence = 17.617 ms
ConfidenceInterval = [-0.309 ms; 16.793 ms] (CI 99.9%), Margin = 8.551 ms (103.75% of Mean)
Skewness = -0.16, Kurtosis = 1.02, MValue = 2

// ** Remained 10 (62.5 %) benchmark(s) to run. Estimated finish 2026-10-04 12:19 (0h 0m from now) **
// **************************
// Benchmark: RpcK1.Run: rpc(EvaluateOverhead=False, Arguments=/p:AkNounk=true, Clock=Armonik.Ffi.Bdn.CpuClock, IterationCount=6, IterationTime=100ms, LaunchCount=1, RunStrategy=Throughput, UnrollFactor=1, WarmupCount=10) [Case=Cf-nounk|b|P2.2|1]
// *** Execute ***
// Launch: 1 / 1
// Execute: dotnet akrpc-rpc-1.dll --anonymousPipes 150 151 --benchmarkName "Armonik.Ffi.Campaign.RpcK1.Run(Case: \"Cf-nounk|b|P2.2|1\")" --job rpc --benchmarkId 6 in /home/user/ArmoniK.Api/ffi/poc/csharp/src/Rpc/bin-nounk/Release/net8.0/akrpc-rpc-1/bin/Release/net8.0
// BeforeAnythingElse

// Benchmark Process Environment Information:
// BenchmarkDotNet v0.15.8
// Runtime=.NET 8.0.31 (8.0.31, 8.0.3126.42015), X64 RyuJIT x86-64-v4
// GC=Concurrent Workstation
// HardwareIntrinsics=AVX512 F+BW+CD+DQ+VL,AVX2+BMI1+BMI2+F16C+FMA+LZCNT+MOVBE,AVX,SSE3+SSSE3+SSE4.1+SSE4.2+POPCNT,X86Base+SSE+SSE2,AES+PCLMUL VectorSize=256
// Job: rpc(EvaluateOverhead=False, Clock=Armonik.Ffi.Bdn.CpuClock, IterationCount=6, IterationTime=100ms, LaunchCount=1, RunStrategy=Throughput, UnrollFactor=1, WarmupCount=10)

OverheadJitting  1: 1 op, 213412.00 ns, 213.4120 us/op
WorkloadJitting  1: 1 op, 9400680.00 ns, 9.4007 ms/op

WorkloadPilot    1: 4 op, 54980321.00 ns, 13.7451 ms/op
WorkloadPilot    2: 7 op, 71958460.00 ns, 10.2798 ms/op
WorkloadPilot    3: 10 op, 109406538.00 ns, 10.9407 ms/op

WorkloadWarmup   1: 10 op, 109356921.00 ns, 10.9357 ms/op
WorkloadWarmup   2: 10 op, 87711204.00 ns, 8.7711 ms/op
WorkloadWarmup   3: 10 op, 91568607.00 ns, 9.1569 ms/op
WorkloadWarmup   4: 10 op, 119530207.00 ns, 11.9530 ms/op
WorkloadWarmup   5: 10 op, 94211362.00 ns, 9.4211 ms/op
WorkloadWarmup   6: 10 op, 123944585.00 ns, 12.3945 ms/op
WorkloadWarmup   7: 10 op, 83376526.00 ns, 8.3377 ms/op
WorkloadWarmup   8: 10 op, 105458814.00 ns, 10.5459 ms/op
WorkloadWarmup   9: 10 op, 58714900.00 ns, 5.8715 ms/op
WorkloadWarmup  10: 10 op, 75086166.00 ns, 7.5086 ms/op

// BeforeActualRun
WorkloadActual   1: 10 op, 91956247.00 ns, 9.1956 ms/op
WorkloadActual   2: 10 op, 88666141.00 ns, 8.8666 ms/op
WorkloadActual   3: 10 op, 156049465.00 ns, 15.6049 ms/op
WorkloadActual   4: 10 op, 131575020.00 ns, 13.1575 ms/op
WorkloadActual   5: 10 op, 65121947.00 ns, 6.5122 ms/op
WorkloadActual   6: 10 op, 87197963.00 ns, 8.7198 ms/op

// AfterActualRun
WorkloadResult   1: 10 op, 91956247.00 ns, 9.1956 ms/op
WorkloadResult   2: 10 op, 88666141.00 ns, 8.8666 ms/op
WorkloadResult   3: 10 op, 156049465.00 ns, 15.6049 ms/op
WorkloadResult   4: 10 op, 131575020.00 ns, 13.1575 ms/op
WorkloadResult   5: 10 op, 65121947.00 ns, 6.5122 ms/op
WorkloadResult   6: 10 op, 87197963.00 ns, 8.7198 ms/op
// GC:  0 0 0 1056 10
// Threading:  0 0 10

// AfterAll
// Benchmark Process 9168 has exited with code 0.

Mean = 10.343 ms, StdErr = 1.371 ms (13.26%), N = 6, StdDev = 3.359 ms
Min = 6.512 ms, Q1 = 8.757 ms, Median = 9.031 ms, Q3 = 12.167 ms, Max = 15.605 ms
IQR = 3.411 ms, LowerFence = 3.641 ms, UpperFence = 17.283 ms
ConfidenceInterval = [0.923 ms; 19.762 ms] (CI 99.9%), Margin = 9.419 ms (91.07% of Mean)
Skewness = 0.45, Kurtosis = 1.39, MValue = 3

// ** Remained 9 (56.2 %) benchmark(s) to run. Estimated finish 2026-10-04 12:19 (0h 0m from now) **
// **************************
// Benchmark: RpcK1.Run: rpc(EvaluateOverhead=False, Arguments=/p:AkNounk=true, Clock=Armonik.Ffi.Bdn.CpuClock, IterationCount=6, IterationTime=100ms, LaunchCount=1, RunStrategy=Throughput, UnrollFactor=1, WarmupCount=10) [Case=C-nou(...)2.2|1 [21]]
// *** Execute ***
// Launch: 1 / 1
// Execute: dotnet akrpc-rpc-1.dll --anonymousPipes 150 151 --benchmarkName "Armonik.Ffi.Campaign.RpcK1.Run(Case: \"C-nounk|a+read|P2.2|1\")" --job rpc --benchmarkId 7 in /home/user/ArmoniK.Api/ffi/poc/csharp/src/Rpc/bin-nounk/Release/net8.0/akrpc-rpc-1/bin/Release/net8.0
// BeforeAnythingElse

// Benchmark Process Environment Information:
// BenchmarkDotNet v0.15.8
// Runtime=.NET 8.0.31 (8.0.31, 8.0.3126.42015), X64 RyuJIT x86-64-v4
// GC=Concurrent Workstation
// HardwareIntrinsics=AVX512 F+BW+CD+DQ+VL,AVX2+BMI1+BMI2+F16C+FMA+LZCNT+MOVBE,AVX,SSE3+SSSE3+SSE4.1+SSE4.2+POPCNT,X86Base+SSE+SSE2,AES+PCLMUL VectorSize=256
// Job: rpc(EvaluateOverhead=False, Clock=Armonik.Ffi.Bdn.CpuClock, IterationCount=6, IterationTime=100ms, LaunchCount=1, RunStrategy=Throughput, UnrollFactor=1, WarmupCount=10)

OverheadJitting  1: 1 op, 164754.00 ns, 164.7540 us/op
WorkloadJitting  1: 1 op, 7145340.00 ns, 7.1453 ms/op

WorkloadPilot    1: 4 op, 19211357.00 ns, 4.8028 ms/op
WorkloadPilot    2: 21 op, 123493505.00 ns, 5.8806 ms/op
WorkloadPilot    3: 17 op, 155890358.00 ns, 9.1700 ms/op
WorkloadPilot    4: 11 op, 83671726.00 ns, 7.6065 ms/op
WorkloadPilot    5: 13 op, 127505619.00 ns, 9.8081 ms/op

WorkloadWarmup   1: 13 op, 66168156.00 ns, 5.0899 ms/op
WorkloadWarmup   2: 13 op, 54675960.00 ns, 4.2058 ms/op
WorkloadWarmup   3: 13 op, 39210389.00 ns, 3.0162 ms/op
WorkloadWarmup   4: 13 op, 53818106.00 ns, 4.1399 ms/op
WorkloadWarmup   5: 13 op, 56444437.00 ns, 4.3419 ms/op
WorkloadWarmup   6: 13 op, 66423435.00 ns, 5.1095 ms/op
WorkloadWarmup   7: 13 op, 60874586.00 ns, 4.6827 ms/op
WorkloadWarmup   8: 13 op, 59997657.00 ns, 4.6152 ms/op
WorkloadWarmup   9: 13 op, 60606003.00 ns, 4.6620 ms/op
WorkloadWarmup  10: 13 op, 47338562.00 ns, 3.6414 ms/op

// BeforeActualRun
WorkloadActual   1: 13 op, 52782785.00 ns, 4.0602 ms/op
WorkloadActual   2: 13 op, 104039425.00 ns, 8.0030 ms/op
WorkloadActual   3: 13 op, 49671410.00 ns, 3.8209 ms/op
WorkloadActual   4: 13 op, 58428914.00 ns, 4.4945 ms/op
WorkloadActual   5: 13 op, 52799883.00 ns, 4.0615 ms/op
WorkloadActual   6: 13 op, 49500726.00 ns, 3.8077 ms/op

// AfterActualRun
WorkloadResult   1: 13 op, 52782785.00 ns, 4.0602 ms/op
WorkloadResult   2: 13 op, 49671410.00 ns, 3.8209 ms/op
WorkloadResult   3: 13 op, 58428914.00 ns, 4.4945 ms/op
WorkloadResult   4: 13 op, 52799883.00 ns, 4.0615 ms/op
WorkloadResult   5: 13 op, 49500726.00 ns, 3.8077 ms/op
// GC:  1 0 0 27533064 13
// Threading:  0 3 13

// AfterAll
// Benchmark Process 9313 has exited with code 0.

Mean = 4.049 ms, StdErr = 0.124 ms (3.07%), N = 5, StdDev = 0.278 ms
Min = 3.808 ms, Q1 = 3.821 ms, Median = 4.060 ms, Q3 = 4.062 ms, Max = 4.495 ms
IQR = 0.241 ms, LowerFence = 3.460 ms, UpperFence = 4.423 ms
ConfidenceInterval = [2.979 ms; 5.119 ms] (CI 99.9%), Margin = 1.070 ms (26.43% of Mean)
Skewness = 0.58, Kurtosis = 1.52, MValue = 2

// ** Remained 8 (50.0 %) benchmark(s) to run. Estimated finish 2026-10-04 12:19 (0h 0m from now) **
Run time: 00:00:28 (28.92 sec), executed benchmarks: 8

// Found 8 benchmarks:
//   RpcK8.Run: rpc(EvaluateOverhead=False, Arguments=/p:AkNounk=true, Clock=Armonik.Ffi.Bdn.CpuClock, IterationCount=6, IterationTime=100ms, LaunchCount=1, RunStrategy=Throughput, UnrollFactor=1, WarmupCount=10) [Case=Ef-nounk|b|P2.2|8]
//   RpcK8.Run: rpc(EvaluateOverhead=False, Arguments=/p:AkNounk=true, Clock=Armonik.Ffi.Bdn.CpuClock, IterationCount=6, IterationTime=100ms, LaunchCount=1, RunStrategy=Throughput, UnrollFactor=1, WarmupCount=10) [Case=Cf-no(...)MiB|8 [25]]
//   RpcK8.Run: rpc(EvaluateOverhead=False, Arguments=/p:AkNounk=true, Clock=Armonik.Ffi.Bdn.CpuClock, IterationCount=6, IterationTime=100ms, LaunchCount=1, RunStrategy=Throughput, UnrollFactor=1, WarmupCount=10) [Case=Ef-no(...)MiB|8 [25]]
//   RpcK8.Run: rpc(EvaluateOverhead=False, Arguments=/p:AkNounk=true, Clock=Armonik.Ffi.Bdn.CpuClock, IterationCount=6, IterationTime=100ms, LaunchCount=1, RunStrategy=Throughput, UnrollFactor=1, WarmupCount=10) [Case=E-nou(...)2.2|8 [21]]
//   RpcK8.Run: rpc(EvaluateOverhead=False, Arguments=/p:AkNounk=true, Clock=Armonik.Ffi.Bdn.CpuClock, IterationCount=6, IterationTime=100ms, LaunchCount=1, RunStrategy=Throughput, UnrollFactor=1, WarmupCount=10) [Case=Ef-nounk|c|P5.4|8]
//   RpcK8.Run: rpc(EvaluateOverhead=False, Arguments=/p:AkNounk=true, Clock=Armonik.Ffi.Bdn.CpuClock, IterationCount=6, IterationTime=100ms, LaunchCount=1, RunStrategy=Throughput, UnrollFactor=1, WarmupCount=10) [Case=Cf-nounk|c|P5.4|8]
//   RpcK8.Run: rpc(EvaluateOverhead=False, Arguments=/p:AkNounk=true, Clock=Armonik.Ffi.Bdn.CpuClock, IterationCount=6, IterationTime=100ms, LaunchCount=1, RunStrategy=Throughput, UnrollFactor=1, WarmupCount=10) [Case=Cf-nounk|b|P2.2|8]
//   RpcK8.Run: rpc(EvaluateOverhead=False, Arguments=/p:AkNounk=true, Clock=Armonik.Ffi.Bdn.CpuClock, IterationCount=6, IterationTime=100ms, LaunchCount=1, RunStrategy=Throughput, UnrollFactor=1, WarmupCount=10) [Case=C-nou(...)2.2|8 [21]]

// **************************
// Benchmark: RpcK8.Run: rpc(EvaluateOverhead=False, Arguments=/p:AkNounk=true, Clock=Armonik.Ffi.Bdn.CpuClock, IterationCount=6, IterationTime=100ms, LaunchCount=1, RunStrategy=Throughput, UnrollFactor=1, WarmupCount=10) [Case=Ef-nounk|b|P2.2|8]
// *** Execute ***
// Launch: 1 / 1
// Execute: dotnet akrpc-rpc-1.dll --anonymousPipes 115 116 --benchmarkName "Armonik.Ffi.Campaign.RpcK8.Run(Case: \"Ef-nounk|b|P2.2|8\")" --job rpc --benchmarkId 8 in /home/user/ArmoniK.Api/ffi/poc/csharp/src/Rpc/bin-nounk/Release/net8.0/akrpc-rpc-1/bin/Release/net8.0
// BeforeAnythingElse

// Benchmark Process Environment Information:
// BenchmarkDotNet v0.15.8
// Runtime=.NET 8.0.31 (8.0.31, 8.0.3126.42015), X64 RyuJIT x86-64-v4
// GC=Concurrent Workstation
// HardwareIntrinsics=AVX512 F+BW+CD+DQ+VL,AVX2+BMI1+BMI2+F16C+FMA+LZCNT+MOVBE,AVX,SSE3+SSSE3+SSE4.1+SSE4.2+POPCNT,X86Base+SSE+SSE2,AES+PCLMUL VectorSize=256
// Job: rpc(EvaluateOverhead=False, Clock=Armonik.Ffi.Bdn.CpuClock, IterationCount=6, IterationTime=100ms, LaunchCount=1, RunStrategy=Throughput, UnrollFactor=1, WarmupCount=10)

OverheadJitting  1: 8 op, 192503.00 ns, 24.0629 us/op
WorkloadJitting  1: 8 op, 132194997.00 ns, 16.5244 ms/op

WorkloadPilot    1: 32 op, 310683872.00 ns, 9.7089 ms/op

WorkloadWarmup   1: 32 op, 314171630.00 ns, 9.8179 ms/op
WorkloadWarmup   2: 32 op, 229874738.00 ns, 7.1836 ms/op
WorkloadWarmup   3: 32 op, 113254743.00 ns, 3.5392 ms/op
WorkloadWarmup   4: 32 op, 234085308.00 ns, 7.3152 ms/op
WorkloadWarmup   5: 32 op, 95435521.00 ns, 2.9824 ms/op
WorkloadWarmup   6: 32 op, 254061167.00 ns, 7.9394 ms/op
WorkloadWarmup   7: 32 op, 180860753.00 ns, 5.6519 ms/op
WorkloadWarmup   8: 32 op, 212718025.00 ns, 6.6474 ms/op
WorkloadWarmup   9: 32 op, 162962318.00 ns, 5.0926 ms/op
WorkloadWarmup  10: 32 op, 196427983.00 ns, 6.1384 ms/op

// BeforeActualRun
WorkloadActual   1: 32 op, 258328818.00 ns, 8.0728 ms/op
WorkloadActual   2: 32 op, 256519118.00 ns, 8.0162 ms/op
WorkloadActual   3: 32 op, 228398193.00 ns, 7.1374 ms/op
WorkloadActual   4: 32 op, 164562892.00 ns, 5.1426 ms/op
WorkloadActual   5: 32 op, 152445995.00 ns, 4.7639 ms/op
WorkloadActual   6: 32 op, 93095713.00 ns, 2.9092 ms/op

// AfterActualRun
WorkloadResult   1: 32 op, 258328818.00 ns, 8.0728 ms/op
WorkloadResult   2: 32 op, 256519118.00 ns, 8.0162 ms/op
WorkloadResult   3: 32 op, 228398193.00 ns, 7.1374 ms/op
WorkloadResult   4: 32 op, 164562892.00 ns, 5.1426 ms/op
WorkloadResult   5: 32 op, 152445995.00 ns, 4.7639 ms/op
WorkloadResult   6: 32 op, 93095713.00 ns, 2.9092 ms/op
// GC:  0 0 0 2049632 32
// Threading:  0 1 32

// AfterAll
// Benchmark Process 9456 has exited with code 0.

Mean = 6.007 ms, StdErr = 0.846 ms (14.08%), N = 6, StdDev = 2.072 ms
Min = 2.909 ms, Q1 = 4.859 ms, Median = 6.140 ms, Q3 = 7.797 ms, Max = 8.073 ms
IQR = 2.938 ms, LowerFence = 0.452 ms, UpperFence = 12.203 ms
ConfidenceInterval = [0.196 ms; 11.818 ms] (CI 99.9%), Margin = 5.811 ms (96.74% of Mean)
Skewness = -0.26, Kurtosis = 1.19, MValue = 2

// ** Remained 7 (43.8 %) benchmark(s) to run. Estimated finish 2026-10-04 12:19 (0h 0m from now) **
// **************************
// Benchmark: RpcK8.Run: rpc(EvaluateOverhead=False, Arguments=/p:AkNounk=true, Clock=Armonik.Ffi.Bdn.CpuClock, IterationCount=6, IterationTime=100ms, LaunchCount=1, RunStrategy=Throughput, UnrollFactor=1, WarmupCount=10) [Case=Cf-no(...)MiB|8 [25]]
// *** Execute ***
// Launch: 1 / 1
// Execute: dotnet akrpc-rpc-1.dll --anonymousPipes 115 116 --benchmarkName "Armonik.Ffi.Campaign.RpcK8.Run(Case: \"Cf-nounk|d|stream-16MiB|8\")" --job rpc --benchmarkId 9 in /home/user/ArmoniK.Api/ffi/poc/csharp/src/Rpc/bin-nounk/Release/net8.0/akrpc-rpc-1/bin/Release/net8.0
// BeforeAnythingElse

// Benchmark Process Environment Information:
// BenchmarkDotNet v0.15.8
// Runtime=.NET 8.0.31 (8.0.31, 8.0.3126.42015), X64 RyuJIT x86-64-v4
// GC=Concurrent Workstation
// HardwareIntrinsics=AVX512 F+BW+CD+DQ+VL,AVX2+BMI1+BMI2+F16C+FMA+LZCNT+MOVBE,AVX,SSE3+SSSE3+SSE4.1+SSE4.2+POPCNT,X86Base+SSE+SSE2,AES+PCLMUL VectorSize=256
// Job: rpc(EvaluateOverhead=False, Clock=Armonik.Ffi.Bdn.CpuClock, IterationCount=6, IterationTime=100ms, LaunchCount=1, RunStrategy=Throughput, UnrollFactor=1, WarmupCount=10)

OverheadJitting  1: 8 op, 405509.00 ns, 50.6886 us/op
WorkloadJitting  1: 8 op, 172096588.00 ns, 21.5121 ms/op

WorkloadPilot    1: 32 op, 703555919.00 ns, 21.9861 ms/op

WorkloadWarmup   1: 32 op, 633811998.00 ns, 19.8066 ms/op
WorkloadWarmup   2: 32 op, 610048188.00 ns, 19.0640 ms/op
WorkloadWarmup   3: 32 op, 714822780.00 ns, 22.3382 ms/op
WorkloadWarmup   4: 32 op, 587391733.00 ns, 18.3560 ms/op
WorkloadWarmup   5: 32 op, 665372138.00 ns, 20.7929 ms/op
WorkloadWarmup   6: 32 op, 694055735.00 ns, 21.6892 ms/op
WorkloadWarmup   7: 32 op, 599533368.00 ns, 18.7354 ms/op
WorkloadWarmup   8: 32 op, 663752393.00 ns, 20.7423 ms/op
WorkloadWarmup   9: 32 op, 605351090.00 ns, 18.9172 ms/op
WorkloadWarmup  10: 32 op, 618729126.00 ns, 19.3353 ms/op

// BeforeActualRun
WorkloadActual   1: 32 op, 637002846.00 ns, 19.9063 ms/op
WorkloadActual   2: 32 op, 649100773.00 ns, 20.2844 ms/op
WorkloadActual   3: 32 op, 696144299.00 ns, 21.7545 ms/op
WorkloadActual   4: 32 op, 660962505.00 ns, 20.6551 ms/op
WorkloadActual   5: 32 op, 690948121.00 ns, 21.5921 ms/op
WorkloadActual   6: 32 op, 629269244.00 ns, 19.6647 ms/op

// AfterActualRun
WorkloadResult   1: 32 op, 637002846.00 ns, 19.9063 ms/op
WorkloadResult   2: 32 op, 649100773.00 ns, 20.2844 ms/op
WorkloadResult   3: 32 op, 696144299.00 ns, 21.7545 ms/op
WorkloadResult   4: 32 op, 660962505.00 ns, 20.6551 ms/op
WorkloadResult   5: 32 op, 690948121.00 ns, 21.5921 ms/op
WorkloadResult   6: 32 op, 629269244.00 ns, 19.6647 ms/op
// GC:  0 0 0 10416 32
// Threading:  0 0 32

// AfterAll
// Benchmark Process 9561 has exited with code 0.

Mean = 20.643 ms, StdErr = 0.354 ms (1.72%), N = 6, StdDev = 0.868 ms
Min = 19.665 ms, Q1 = 20.001 ms, Median = 20.470 ms, Q3 = 21.358 ms, Max = 21.755 ms
IQR = 1.357 ms, LowerFence = 17.965 ms, UpperFence = 23.393 ms
ConfidenceInterval = [18.210 ms; 23.076 ms] (CI 99.9%), Margin = 2.433 ms (11.79% of Mean)
Skewness = 0.22, Kurtosis = 1.05, MValue = 2

// ** Remained 6 (37.5 %) benchmark(s) to run. Estimated finish 2026-10-04 12:19 (0h 0m from now) **
// **************************
// Benchmark: RpcK8.Run: rpc(EvaluateOverhead=False, Arguments=/p:AkNounk=true, Clock=Armonik.Ffi.Bdn.CpuClock, IterationCount=6, IterationTime=100ms, LaunchCount=1, RunStrategy=Throughput, UnrollFactor=1, WarmupCount=10) [Case=Ef-no(...)MiB|8 [25]]
// *** Execute ***
// Launch: 1 / 1
// Execute: dotnet akrpc-rpc-1.dll --anonymousPipes 115 116 --benchmarkName "Armonik.Ffi.Campaign.RpcK8.Run(Case: \"Ef-nounk|d|stream-16MiB|8\")" --job rpc --benchmarkId 10 in /home/user/ArmoniK.Api/ffi/poc/csharp/src/Rpc/bin-nounk/Release/net8.0/akrpc-rpc-1/bin/Release/net8.0
// BeforeAnythingElse

// Benchmark Process Environment Information:
// BenchmarkDotNet v0.15.8
// Runtime=.NET 8.0.31 (8.0.31, 8.0.3126.42015), X64 RyuJIT x86-64-v4
// GC=Concurrent Workstation
// HardwareIntrinsics=AVX512 F+BW+CD+DQ+VL,AVX2+BMI1+BMI2+F16C+FMA+LZCNT+MOVBE,AVX,SSE3+SSSE3+SSE4.1+SSE4.2+POPCNT,X86Base+SSE+SSE2,AES+PCLMUL VectorSize=256
// Job: rpc(EvaluateOverhead=False, Clock=Armonik.Ffi.Bdn.CpuClock, IterationCount=6, IterationTime=100ms, LaunchCount=1, RunStrategy=Throughput, UnrollFactor=1, WarmupCount=10)

OverheadJitting  1: 8 op, 168088.00 ns, 21.0110 us/op
WorkloadJitting  1: 8 op, 227267274.00 ns, 28.4084 ms/op

WorkloadPilot    1: 32 op, 747144883.00 ns, 23.3483 ms/op

WorkloadWarmup   1: 32 op, 693487810.00 ns, 21.6715 ms/op
WorkloadWarmup   2: 32 op, 642538713.00 ns, 20.0793 ms/op
WorkloadWarmup   3: 32 op, 607309257.00 ns, 18.9784 ms/op
WorkloadWarmup   4: 32 op, 695983187.00 ns, 21.7495 ms/op
WorkloadWarmup   5: 32 op, 626711621.00 ns, 19.5847 ms/op
WorkloadWarmup   6: 32 op, 670953071.00 ns, 20.9673 ms/op
WorkloadWarmup   7: 32 op, 671324542.00 ns, 20.9789 ms/op
WorkloadWarmup   8: 32 op, 647825893.00 ns, 20.2446 ms/op
WorkloadWarmup   9: 32 op, 703851562.00 ns, 21.9954 ms/op
WorkloadWarmup  10: 32 op, 629086925.00 ns, 19.6590 ms/op

// BeforeActualRun
WorkloadActual   1: 32 op, 688305679.00 ns, 21.5096 ms/op
WorkloadActual   2: 32 op, 732796336.00 ns, 22.8999 ms/op
WorkloadActual   3: 32 op, 666344014.00 ns, 20.8233 ms/op
WorkloadActual   4: 32 op, 589753495.00 ns, 18.4298 ms/op
WorkloadActual   5: 32 op, 738226763.00 ns, 23.0696 ms/op
WorkloadActual   6: 32 op, 731241343.00 ns, 22.8513 ms/op

// AfterActualRun
WorkloadResult   1: 32 op, 688305679.00 ns, 21.5096 ms/op
WorkloadResult   2: 32 op, 732796336.00 ns, 22.8999 ms/op
WorkloadResult   3: 32 op, 666344014.00 ns, 20.8233 ms/op
WorkloadResult   4: 32 op, 589753495.00 ns, 18.4298 ms/op
WorkloadResult   5: 32 op, 738226763.00 ns, 23.0696 ms/op
WorkloadResult   6: 32 op, 731241343.00 ns, 22.8513 ms/op
// GC:  0 0 0 26800 32
// Threading:  0 2 32

// AfterAll
// Benchmark Process 9687 has exited with code 0.

Mean = 21.597 ms, StdErr = 0.732 ms (3.39%), N = 6, StdDev = 1.793 ms
Min = 18.430 ms, Q1 = 20.995 ms, Median = 22.180 ms, Q3 = 22.888 ms, Max = 23.070 ms
IQR = 1.893 ms, LowerFence = 18.155 ms, UpperFence = 25.727 ms
ConfidenceInterval = [16.569 ms; 26.626 ms] (CI 99.9%), Margin = 5.028 ms (23.28% of Mean)
Skewness = -0.72, Kurtosis = 1.79, MValue = 2.4

// ** Remained 5 (31.2 %) benchmark(s) to run. Estimated finish 2026-10-04 12:19 (0h 0m from now) **
// **************************
// Benchmark: RpcK8.Run: rpc(EvaluateOverhead=False, Arguments=/p:AkNounk=true, Clock=Armonik.Ffi.Bdn.CpuClock, IterationCount=6, IterationTime=100ms, LaunchCount=1, RunStrategy=Throughput, UnrollFactor=1, WarmupCount=10) [Case=E-nou(...)2.2|8 [21]]
// *** Execute ***
// Launch: 1 / 1
// Execute: dotnet akrpc-rpc-1.dll --anonymousPipes 115 116 --benchmarkName "Armonik.Ffi.Campaign.RpcK8.Run(Case: \"E-nounk|a+read|P2.2|8\")" --job rpc --benchmarkId 11 in /home/user/ArmoniK.Api/ffi/poc/csharp/src/Rpc/bin-nounk/Release/net8.0/akrpc-rpc-1/bin/Release/net8.0
// BeforeAnythingElse

// Benchmark Process Environment Information:
// BenchmarkDotNet v0.15.8
// Runtime=.NET 8.0.31 (8.0.31, 8.0.3126.42015), X64 RyuJIT x86-64-v4
// GC=Concurrent Workstation
// HardwareIntrinsics=AVX512 F+BW+CD+DQ+VL,AVX2+BMI1+BMI2+F16C+FMA+LZCNT+MOVBE,AVX,SSE3+SSSE3+SSE4.1+SSE4.2+POPCNT,X86Base+SSE+SSE2,AES+PCLMUL VectorSize=256
// Job: rpc(EvaluateOverhead=False, Clock=Armonik.Ffi.Bdn.CpuClock, IterationCount=6, IterationTime=100ms, LaunchCount=1, RunStrategy=Throughput, UnrollFactor=1, WarmupCount=10)

OverheadJitting  1: 8 op, 203888.00 ns, 25.4860 us/op
WorkloadJitting  1: 8 op, 47663905.00 ns, 5.9580 ms/op

WorkloadPilot    1: 32 op, 180159046.00 ns, 5.6300 ms/op

WorkloadWarmup   1: 32 op, 185950033.00 ns, 5.8109 ms/op
WorkloadWarmup   2: 32 op, 193200068.00 ns, 6.0375 ms/op
WorkloadWarmup   3: 32 op, 255497663.00 ns, 7.9843 ms/op
WorkloadWarmup   4: 32 op, 133810193.00 ns, 4.1816 ms/op
WorkloadWarmup   5: 32 op, 121822212.00 ns, 3.8069 ms/op
WorkloadWarmup   6: 32 op, 85975499.00 ns, 2.6867 ms/op
WorkloadWarmup   7: 32 op, 81350136.00 ns, 2.5422 ms/op
WorkloadWarmup   8: 32 op, 91429369.00 ns, 2.8572 ms/op
WorkloadWarmup   9: 32 op, 81407599.00 ns, 2.5440 ms/op
WorkloadWarmup  10: 32 op, 80149039.00 ns, 2.5047 ms/op

// BeforeActualRun
WorkloadActual   1: 32 op, 84829213.00 ns, 2.6509 ms/op
WorkloadActual   2: 32 op, 79758470.00 ns, 2.4925 ms/op
WorkloadActual   3: 32 op, 93978168.00 ns, 2.9368 ms/op
WorkloadActual   4: 32 op, 81541508.00 ns, 2.5482 ms/op
WorkloadActual   5: 32 op, 95572150.00 ns, 2.9866 ms/op
WorkloadActual   6: 32 op, 82729736.00 ns, 2.5853 ms/op

// AfterActualRun
WorkloadResult   1: 32 op, 84829213.00 ns, 2.6509 ms/op
WorkloadResult   2: 32 op, 79758470.00 ns, 2.4925 ms/op
WorkloadResult   3: 32 op, 93978168.00 ns, 2.9368 ms/op
WorkloadResult   4: 32 op, 81541508.00 ns, 2.5482 ms/op
WorkloadResult   5: 32 op, 95572150.00 ns, 2.9866 ms/op
WorkloadResult   6: 32 op, 82729736.00 ns, 2.5853 ms/op
// GC:  3 1 0 67773024 32
// Threading:  0 0 32

// AfterAll
// Benchmark Process 9763 has exited with code 0.

Mean = 2.700 ms, StdErr = 0.086 ms (3.17%), N = 6, StdDev = 0.210 ms
Min = 2.492 ms, Q1 = 2.557 ms, Median = 2.618 ms, Q3 = 2.865 ms, Max = 2.987 ms
IQR = 0.308 ms, LowerFence = 2.096 ms, UpperFence = 3.327 ms
ConfidenceInterval = [2.112 ms; 3.288 ms] (CI 99.9%), Margin = 0.588 ms (21.78% of Mean)
Skewness = 0.41, Kurtosis = 1.07, MValue = 2

// ** Remained 4 (25.0 %) benchmark(s) to run. Estimated finish 2026-10-04 12:19 (0h 0m from now) **
// **************************
// Benchmark: RpcK8.Run: rpc(EvaluateOverhead=False, Arguments=/p:AkNounk=true, Clock=Armonik.Ffi.Bdn.CpuClock, IterationCount=6, IterationTime=100ms, LaunchCount=1, RunStrategy=Throughput, UnrollFactor=1, WarmupCount=10) [Case=Ef-nounk|c|P5.4|8]
// *** Execute ***
// Launch: 1 / 1
// Execute: dotnet akrpc-rpc-1.dll --anonymousPipes 115 116 --benchmarkName "Armonik.Ffi.Campaign.RpcK8.Run(Case: \"Ef-nounk|c|P5.4|8\")" --job rpc --benchmarkId 12 in /home/user/ArmoniK.Api/ffi/poc/csharp/src/Rpc/bin-nounk/Release/net8.0/akrpc-rpc-1/bin/Release/net8.0
// BeforeAnythingElse

// Benchmark Process Environment Information:
// BenchmarkDotNet v0.15.8
// Runtime=.NET 8.0.31 (8.0.31, 8.0.3126.42015), X64 RyuJIT x86-64-v4
// GC=Concurrent Workstation
// HardwareIntrinsics=AVX512 F+BW+CD+DQ+VL,AVX2+BMI1+BMI2+F16C+FMA+LZCNT+MOVBE,AVX,SSE3+SSSE3+SSE4.1+SSE4.2+POPCNT,X86Base+SSE+SSE2,AES+PCLMUL VectorSize=256
// Job: rpc(EvaluateOverhead=False, Clock=Armonik.Ffi.Bdn.CpuClock, IterationCount=6, IterationTime=100ms, LaunchCount=1, RunStrategy=Throughput, UnrollFactor=1, WarmupCount=10)

OverheadJitting  1: 8 op, 323726.00 ns, 40.4658 us/op
WorkloadJitting  1: 8 op, 72343338.00 ns, 9.0429 ms/op

WorkloadPilot    1: 32 op, 304868364.00 ns, 9.5271 ms/op

WorkloadWarmup   1: 32 op, 221215592.00 ns, 6.9130 ms/op
WorkloadWarmup   2: 32 op, 213923445.00 ns, 6.6851 ms/op
WorkloadWarmup   3: 32 op, 232171815.00 ns, 7.2554 ms/op
WorkloadWarmup   4: 32 op, 226485173.00 ns, 7.0777 ms/op
WorkloadWarmup   5: 32 op, 211979151.00 ns, 6.6243 ms/op
WorkloadWarmup   6: 32 op, 189573394.00 ns, 5.9242 ms/op
WorkloadWarmup   7: 32 op, 224141200.00 ns, 7.0044 ms/op
WorkloadWarmup   8: 32 op, 224024418.00 ns, 7.0008 ms/op
WorkloadWarmup   9: 32 op, 194135689.00 ns, 6.0667 ms/op
WorkloadWarmup  10: 32 op, 202267441.00 ns, 6.3209 ms/op

// BeforeActualRun
WorkloadActual   1: 32 op, 219352515.00 ns, 6.8548 ms/op
WorkloadActual   2: 32 op, 207378176.00 ns, 6.4806 ms/op
WorkloadActual   3: 32 op, 245532242.00 ns, 7.6729 ms/op
WorkloadActual   4: 32 op, 189508044.00 ns, 5.9221 ms/op
WorkloadActual   5: 32 op, 226792161.00 ns, 7.0873 ms/op
WorkloadActual   6: 32 op, 219879331.00 ns, 6.8712 ms/op

// AfterActualRun
WorkloadResult   1: 32 op, 219352515.00 ns, 6.8548 ms/op
WorkloadResult   2: 32 op, 207378176.00 ns, 6.4806 ms/op
WorkloadResult   3: 32 op, 245532242.00 ns, 7.6729 ms/op
WorkloadResult   4: 32 op, 189508044.00 ns, 5.9221 ms/op
WorkloadResult   5: 32 op, 226792161.00 ns, 7.0873 ms/op
WorkloadResult   6: 32 op, 219879331.00 ns, 6.8712 ms/op
// GC:  0 0 0 3680 32
// Threading:  0 2 32

// AfterAll
// Benchmark Process 9829 has exited with code 0.

Mean = 6.815 ms, StdErr = 0.240 ms (3.52%), N = 6, StdDev = 0.587 ms
Min = 5.922 ms, Q1 = 6.574 ms, Median = 6.863 ms, Q3 = 7.033 ms, Max = 7.673 ms
IQR = 0.459 ms, LowerFence = 5.885 ms, UpperFence = 7.722 ms
ConfidenceInterval = [5.168 ms; 8.461 ms] (CI 99.9%), Margin = 1.647 ms (24.16% of Mean)
Skewness = -0.08, Kurtosis = 1.68, MValue = 2

// ** Remained 3 (18.8 %) benchmark(s) to run. Estimated finish 2026-10-04 12:19 (0h 0m from now) **
// **************************
// Benchmark: RpcK8.Run: rpc(EvaluateOverhead=False, Arguments=/p:AkNounk=true, Clock=Armonik.Ffi.Bdn.CpuClock, IterationCount=6, IterationTime=100ms, LaunchCount=1, RunStrategy=Throughput, UnrollFactor=1, WarmupCount=10) [Case=Cf-nounk|c|P5.4|8]
// *** Execute ***
// Launch: 1 / 1
// Execute: dotnet akrpc-rpc-1.dll --anonymousPipes 115 116 --benchmarkName "Armonik.Ffi.Campaign.RpcK8.Run(Case: \"Cf-nounk|c|P5.4|8\")" --job rpc --benchmarkId 13 in /home/user/ArmoniK.Api/ffi/poc/csharp/src/Rpc/bin-nounk/Release/net8.0/akrpc-rpc-1/bin/Release/net8.0
// BeforeAnythingElse

// Benchmark Process Environment Information:
// BenchmarkDotNet v0.15.8
// Runtime=.NET 8.0.31 (8.0.31, 8.0.3126.42015), X64 RyuJIT x86-64-v4
// GC=Concurrent Workstation
// HardwareIntrinsics=AVX512 F+BW+CD+DQ+VL,AVX2+BMI1+BMI2+F16C+FMA+LZCNT+MOVBE,AVX,SSE3+SSSE3+SSE4.1+SSE4.2+POPCNT,X86Base+SSE+SSE2,AES+PCLMUL VectorSize=256
// Job: rpc(EvaluateOverhead=False, Clock=Armonik.Ffi.Bdn.CpuClock, IterationCount=6, IterationTime=100ms, LaunchCount=1, RunStrategy=Throughput, UnrollFactor=1, WarmupCount=10)

OverheadJitting  1: 8 op, 181959.00 ns, 22.7449 us/op
WorkloadJitting  1: 8 op, 55094026.00 ns, 6.8868 ms/op

WorkloadPilot    1: 32 op, 294047415.00 ns, 9.1890 ms/op

WorkloadWarmup   1: 32 op, 238351919.00 ns, 7.4485 ms/op
WorkloadWarmup   2: 32 op, 247627266.00 ns, 7.7384 ms/op
WorkloadWarmup   3: 32 op, 251298684.00 ns, 7.8531 ms/op
WorkloadWarmup   4: 32 op, 203827407.00 ns, 6.3696 ms/op
WorkloadWarmup   5: 32 op, 192416687.00 ns, 6.0130 ms/op
WorkloadWarmup   6: 32 op, 252725307.00 ns, 7.8977 ms/op
WorkloadWarmup   7: 32 op, 221926720.00 ns, 6.9352 ms/op
WorkloadWarmup   8: 32 op, 248995642.00 ns, 7.7811 ms/op
WorkloadWarmup   9: 32 op, 269925378.00 ns, 8.4352 ms/op
WorkloadWarmup  10: 32 op, 345632056.00 ns, 10.8010 ms/op

// BeforeActualRun
WorkloadActual   1: 32 op, 260471148.00 ns, 8.1397 ms/op
WorkloadActual   2: 32 op, 208690998.00 ns, 6.5216 ms/op
WorkloadActual   3: 32 op, 234312768.00 ns, 7.3223 ms/op
WorkloadActual   4: 32 op, 242210161.00 ns, 7.5691 ms/op
WorkloadActual   5: 32 op, 246227022.00 ns, 7.6946 ms/op
WorkloadActual   6: 32 op, 217793074.00 ns, 6.8060 ms/op

// AfterActualRun
WorkloadResult   1: 32 op, 260471148.00 ns, 8.1397 ms/op
WorkloadResult   2: 32 op, 208690998.00 ns, 6.5216 ms/op
WorkloadResult   3: 32 op, 234312768.00 ns, 7.3223 ms/op
WorkloadResult   4: 32 op, 242210161.00 ns, 7.5691 ms/op
WorkloadResult   5: 32 op, 246227022.00 ns, 7.6946 ms/op
WorkloadResult   6: 32 op, 217793074.00 ns, 6.8060 ms/op
// GC:  0 0 0 1632 32
// Threading:  0 0 32

// AfterAll
// Benchmark Process 9866 has exited with code 0.

Mean = 7.342 ms, StdErr = 0.243 ms (3.31%), N = 6, StdDev = 0.595 ms
Min = 6.522 ms, Q1 = 6.935 ms, Median = 7.446 ms, Q3 = 7.663 ms, Max = 8.140 ms
IQR = 0.728 ms, LowerFence = 5.843 ms, UpperFence = 8.755 ms
ConfidenceInterval = [5.672 ms; 9.012 ms] (CI 99.9%), Margin = 1.670 ms (22.74% of Mean)
Skewness = -0.11, Kurtosis = 1.27, MValue = 2

// ** Remained 2 (12.5 %) benchmark(s) to run. Estimated finish 2026-10-04 12:19 (0h 0m from now) **
// **************************
// Benchmark: RpcK8.Run: rpc(EvaluateOverhead=False, Arguments=/p:AkNounk=true, Clock=Armonik.Ffi.Bdn.CpuClock, IterationCount=6, IterationTime=100ms, LaunchCount=1, RunStrategy=Throughput, UnrollFactor=1, WarmupCount=10) [Case=Cf-nounk|b|P2.2|8]
// *** Execute ***
// Launch: 1 / 1
// Execute: dotnet akrpc-rpc-1.dll --anonymousPipes 115 116 --benchmarkName "Armonik.Ffi.Campaign.RpcK8.Run(Case: \"Cf-nounk|b|P2.2|8\")" --job rpc --benchmarkId 14 in /home/user/ArmoniK.Api/ffi/poc/csharp/src/Rpc/bin-nounk/Release/net8.0/akrpc-rpc-1/bin/Release/net8.0
// BeforeAnythingElse

// Benchmark Process Environment Information:
// BenchmarkDotNet v0.15.8
// Runtime=.NET 8.0.31 (8.0.31, 8.0.3126.42015), X64 RyuJIT x86-64-v4
// GC=Concurrent Workstation
// HardwareIntrinsics=AVX512 F+BW+CD+DQ+VL,AVX2+BMI1+BMI2+F16C+FMA+LZCNT+MOVBE,AVX,SSE3+SSSE3+SSE4.1+SSE4.2+POPCNT,X86Base+SSE+SSE2,AES+PCLMUL VectorSize=256
// Job: rpc(EvaluateOverhead=False, Clock=Armonik.Ffi.Bdn.CpuClock, IterationCount=6, IterationTime=100ms, LaunchCount=1, RunStrategy=Throughput, UnrollFactor=1, WarmupCount=10)

OverheadJitting  1: 8 op, 180958.00 ns, 22.6198 us/op
WorkloadJitting  1: 8 op, 42891848.00 ns, 5.3615 ms/op

WorkloadPilot    1: 32 op, 113515057.00 ns, 3.5473 ms/op

WorkloadWarmup   1: 32 op, 97352443.00 ns, 3.0423 ms/op
WorkloadWarmup   2: 32 op, 132831828.00 ns, 4.1510 ms/op
WorkloadWarmup   3: 32 op, 145444760.00 ns, 4.5451 ms/op
WorkloadWarmup   4: 32 op, 110586186.00 ns, 3.4558 ms/op
WorkloadWarmup   5: 32 op, 97065290.00 ns, 3.0333 ms/op
WorkloadWarmup   6: 32 op, 111182772.00 ns, 3.4745 ms/op
WorkloadWarmup   7: 32 op, 117648779.00 ns, 3.6765 ms/op
WorkloadWarmup   8: 32 op, 93313161.00 ns, 2.9160 ms/op
WorkloadWarmup   9: 32 op, 101960394.00 ns, 3.1863 ms/op
WorkloadWarmup  10: 32 op, 118605141.00 ns, 3.7064 ms/op

// BeforeActualRun
WorkloadActual   1: 32 op, 106308323.00 ns, 3.3221 ms/op
WorkloadActual   2: 32 op, 114380849.00 ns, 3.5744 ms/op
WorkloadActual   3: 32 op, 116689564.00 ns, 3.6465 ms/op
WorkloadActual   4: 32 op, 120414931.00 ns, 3.7630 ms/op
WorkloadActual   5: 32 op, 115995203.00 ns, 3.6249 ms/op
WorkloadActual   6: 32 op, 92723533.00 ns, 2.8976 ms/op

// AfterActualRun
WorkloadResult   1: 32 op, 106308323.00 ns, 3.3221 ms/op
WorkloadResult   2: 32 op, 114380849.00 ns, 3.5744 ms/op
WorkloadResult   3: 32 op, 116689564.00 ns, 3.6465 ms/op
WorkloadResult   4: 32 op, 120414931.00 ns, 3.7630 ms/op
WorkloadResult   5: 32 op, 115995203.00 ns, 3.6249 ms/op
WorkloadResult   6: 32 op, 92723533.00 ns, 2.8976 ms/op
// GC:  0 0 0 1632 32
// Threading:  0 1 32

// AfterAll
// Benchmark Process 9952 has exited with code 0.

Mean = 3.471 ms, StdErr = 0.129 ms (3.72%), N = 6, StdDev = 0.317 ms
Min = 2.898 ms, Q1 = 3.385 ms, Median = 3.600 ms, Q3 = 3.641 ms, Max = 3.763 ms
IQR = 0.256 ms, LowerFence = 3.001 ms, UpperFence = 4.025 ms
ConfidenceInterval = [2.583 ms; 4.359 ms] (CI 99.9%), Margin = 0.888 ms (25.58% of Mean)
Skewness = -0.83, Kurtosis = 1.95, MValue = 2.5

// ** Remained 1 (6.2 %) benchmark(s) to run. Estimated finish 2026-10-04 12:19 (0h 0m from now) **
// **************************
// Benchmark: RpcK8.Run: rpc(EvaluateOverhead=False, Arguments=/p:AkNounk=true, Clock=Armonik.Ffi.Bdn.CpuClock, IterationCount=6, IterationTime=100ms, LaunchCount=1, RunStrategy=Throughput, UnrollFactor=1, WarmupCount=10) [Case=C-nou(...)2.2|8 [21]]
// *** Execute ***
// Launch: 1 / 1
// Execute: dotnet akrpc-rpc-1.dll --anonymousPipes 115 116 --benchmarkName "Armonik.Ffi.Campaign.RpcK8.Run(Case: \"C-nounk|a+read|P2.2|8\")" --job rpc --benchmarkId 15 in /home/user/ArmoniK.Api/ffi/poc/csharp/src/Rpc/bin-nounk/Release/net8.0/akrpc-rpc-1/bin/Release/net8.0
// BeforeAnythingElse

// Benchmark Process Environment Information:
// BenchmarkDotNet v0.15.8
// Runtime=.NET 8.0.31 (8.0.31, 8.0.3126.42015), X64 RyuJIT x86-64-v4
// GC=Concurrent Workstation
// HardwareIntrinsics=AVX512 F+BW+CD+DQ+VL,AVX2+BMI1+BMI2+F16C+FMA+LZCNT+MOVBE,AVX,SSE3+SSSE3+SSE4.1+SSE4.2+POPCNT,X86Base+SSE+SSE2,AES+PCLMUL VectorSize=256
// Job: rpc(EvaluateOverhead=False, Clock=Armonik.Ffi.Bdn.CpuClock, IterationCount=6, IterationTime=100ms, LaunchCount=1, RunStrategy=Throughput, UnrollFactor=1, WarmupCount=10)

OverheadJitting  1: 8 op, 218696.00 ns, 27.3370 us/op
WorkloadJitting  1: 8 op, 38983500.00 ns, 4.8729 ms/op

WorkloadPilot    1: 32 op, 120648258.00 ns, 3.7703 ms/op

WorkloadWarmup   1: 32 op, 115870056.00 ns, 3.6209 ms/op
WorkloadWarmup   2: 32 op, 128396065.00 ns, 4.0124 ms/op
WorkloadWarmup   3: 32 op, 151760178.00 ns, 4.7425 ms/op
WorkloadWarmup   4: 32 op, 177207894.00 ns, 5.5377 ms/op
WorkloadWarmup   5: 32 op, 85172886.00 ns, 2.6617 ms/op
WorkloadWarmup   6: 32 op, 82105738.00 ns, 2.5658 ms/op
WorkloadWarmup   7: 32 op, 87647053.00 ns, 2.7390 ms/op
WorkloadWarmup   8: 32 op, 81017300.00 ns, 2.5318 ms/op
WorkloadWarmup   9: 32 op, 79596417.00 ns, 2.4874 ms/op
WorkloadWarmup  10: 32 op, 84199249.00 ns, 2.6312 ms/op

// BeforeActualRun
WorkloadActual   1: 32 op, 75289578.00 ns, 2.3528 ms/op
WorkloadActual   2: 32 op, 78327458.00 ns, 2.4477 ms/op
WorkloadActual   3: 32 op, 81676610.00 ns, 2.5524 ms/op
WorkloadActual   4: 32 op, 67371302.00 ns, 2.1054 ms/op
WorkloadActual   5: 32 op, 88964250.00 ns, 2.7801 ms/op
WorkloadActual   6: 32 op, 92743352.00 ns, 2.8982 ms/op

// AfterActualRun
WorkloadResult   1: 32 op, 75289578.00 ns, 2.3528 ms/op
WorkloadResult   2: 32 op, 78327458.00 ns, 2.4477 ms/op
WorkloadResult   3: 32 op, 81676610.00 ns, 2.5524 ms/op
WorkloadResult   4: 32 op, 67371302.00 ns, 2.1054 ms/op
WorkloadResult   5: 32 op, 88964250.00 ns, 2.7801 ms/op
WorkloadResult   6: 32 op, 92743352.00 ns, 2.8982 ms/op
// GC:  3 1 0 67773360 32
// Threading:  0 9 32

// AfterAll
// Benchmark Process 9986 has exited with code 0.

Mean = 2.523 ms, StdErr = 0.118 ms (4.67%), N = 6, StdDev = 0.289 ms
Min = 2.105 ms, Q1 = 2.377 ms, Median = 2.500 ms, Q3 = 2.723 ms, Max = 2.898 ms
IQR = 0.347 ms, LowerFence = 1.857 ms, UpperFence = 3.243 ms
ConfidenceInterval = [1.713 ms; 3.332 ms] (CI 99.9%), Margin = 0.810 ms (32.09% of Mean)
Skewness = -0.06, Kurtosis = 1.33, MValue = 2

// ** Remained 0 (0.0 %) benchmark(s) to run. Estimated finish 2026-10-04 12:19 (0h 0m from now) **
Run time: 00:00:55 (55.42 sec), executed benchmarks: 8

// ***** BenchmarkRunner: Finish  *****

// * Export *
  home/user/ArmoniK.Api/ffi/logs/csharp/opt/s1-s4/rpc-nounk.jsonl

// * Detailed results *
RpcK1.Run: rpc(EvaluateOverhead=False, Arguments=/p:AkNounk=true, Clock=Armonik.Ffi.Bdn.CpuClock, IterationCount=6, IterationTime=100ms, LaunchCount=1, RunStrategy=Throughput, UnrollFactor=1, WarmupCount=10) [Case=Ef-nounk|b|P2.2|1]
Runtime = .NET 8.0.31 (8.0.31, 8.0.3126.42015), X64 RyuJIT x86-64-v4; GC = Concurrent Workstation
Mean = 8.357 ms, StdErr = 0.730 ms (8.73%), N = 5, StdDev = 1.632 ms
Min = 6.170 ms, Q1 = 7.037 ms, Median = 9.409 ms, Q3 = 9.570 ms, Max = 9.600 ms
IQR = 2.533 ms, LowerFence = 3.237 ms, UpperFence = 13.370 ms
ConfidenceInterval = [2.074 ms; 14.640 ms] (CI 99.9%), Margin = 6.283 ms (75.18% of Mean)
Skewness = -0.36, Kurtosis = 0.89, MValue = 2
-------------------- Histogram --------------------
[5.351 ms ;  8.252 ms) | @@
[8.252 ms ; 10.853 ms) | @@@
---------------------------------------------------

RpcK8.Run: rpc(EvaluateOverhead=False, Arguments=/p:AkNounk=true, Clock=Armonik.Ffi.Bdn.CpuClock, IterationCount=6, IterationTime=100ms, LaunchCount=1, RunStrategy=Throughput, UnrollFactor=1, WarmupCount=10) [Case=Ef-no(...)MiB|8 [25]]
Runtime = .NET 8.0.31 (8.0.31, 8.0.3126.42015), X64 RyuJIT x86-64-v4; GC = Concurrent Workstation
Mean = 21.597 ms, StdErr = 0.732 ms (3.39%), N = 6, StdDev = 1.793 ms
Min = 18.430 ms, Q1 = 20.995 ms, Median = 22.180 ms, Q3 = 22.888 ms, Max = 23.070 ms
IQR = 1.893 ms, LowerFence = 18.155 ms, UpperFence = 25.727 ms
ConfidenceInterval = [16.569 ms; 26.626 ms] (CI 99.9%), Margin = 5.028 ms (23.28% of Mean)
Skewness = -0.72, Kurtosis = 1.79, MValue = 2.4
-------------------- Histogram --------------------
[17.135 ms ; 19.725 ms) | @
[19.725 ms ; 20.651 ms) | 
[20.651 ms ; 23.242 ms) | @@@@@
---------------------------------------------------

RpcK8.Run: rpc(EvaluateOverhead=False, Arguments=/p:AkNounk=true, Clock=Armonik.Ffi.Bdn.CpuClock, IterationCount=6, IterationTime=100ms, LaunchCount=1, RunStrategy=Throughput, UnrollFactor=1, WarmupCount=10) [Case=Cf-no(...)MiB|8 [25]]
Runtime = .NET 8.0.31 (8.0.31, 8.0.3126.42015), X64 RyuJIT x86-64-v4; GC = Concurrent Workstation
Mean = 20.643 ms, StdErr = 0.354 ms (1.72%), N = 6, StdDev = 0.868 ms
Min = 19.665 ms, Q1 = 20.001 ms, Median = 20.470 ms, Q3 = 21.358 ms, Max = 21.755 ms
IQR = 1.357 ms, LowerFence = 17.965 ms, UpperFence = 23.393 ms
ConfidenceInterval = [18.210 ms; 23.076 ms] (CI 99.9%), Margin = 2.433 ms (11.79% of Mean)
Skewness = 0.22, Kurtosis = 1.05, MValue = 2
-------------------- Histogram --------------------
[19.533 ms ; 21.047 ms) | @@@@
[21.047 ms ; 22.381 ms) | @@
---------------------------------------------------

RpcK1.Run: rpc(EvaluateOverhead=False, Arguments=/p:AkNounk=true, Clock=Armonik.Ffi.Bdn.CpuClock, IterationCount=6, IterationTime=100ms, LaunchCount=1, RunStrategy=Throughput, UnrollFactor=1, WarmupCount=10) [Case=Cf-no(...)MiB|1 [25]]
Runtime = .NET 8.0.31 (8.0.31, 8.0.3126.42015), X64 RyuJIT x86-64-v4; GC = Concurrent Workstation
Mean = 27.306 ms, StdErr = 0.509 ms (1.86%), N = 5, StdDev = 1.138 ms
Min = 26.046 ms, Q1 = 26.150 ms, Median = 27.819 ms, Q3 = 27.955 ms, Max = 28.561 ms
IQR = 1.805 ms, LowerFence = 23.442 ms, UpperFence = 30.663 ms
ConfidenceInterval = [22.923 ms; 31.690 ms] (CI 99.9%), Margin = 4.384 ms (16.05% of Mean)
Skewness = -0.16, Kurtosis = 0.84, MValue = 2
-------------------- Histogram --------------------
[25.173 ms ; 26.972 ms) | @@
[26.972 ms ; 29.064 ms) | @@@
---------------------------------------------------

RpcK8.Run: rpc(EvaluateOverhead=False, Arguments=/p:AkNounk=true, Clock=Armonik.Ffi.Bdn.CpuClock, IterationCount=6, IterationTime=100ms, LaunchCount=1, RunStrategy=Throughput, UnrollFactor=1, WarmupCount=10) [Case=Cf-nounk|c|P5.4|8]
Runtime = .NET 8.0.31 (8.0.31, 8.0.3126.42015), X64 RyuJIT x86-64-v4; GC = Concurrent Workstation
Mean = 7.342 ms, StdErr = 0.243 ms (3.31%), N = 6, StdDev = 0.595 ms
Min = 6.522 ms, Q1 = 6.935 ms, Median = 7.446 ms, Q3 = 7.663 ms, Max = 8.140 ms
IQR = 0.728 ms, LowerFence = 5.843 ms, UpperFence = 8.755 ms
ConfidenceInterval = [5.672 ms; 9.012 ms] (CI 99.9%), Margin = 1.670 ms (22.74% of Mean)
Skewness = -0.11, Kurtosis = 1.27, MValue = 2
-------------------- Histogram --------------------
[6.234 ms ; 7.094 ms) | @@
[7.094 ms ; 8.161 ms) | @@@@
---------------------------------------------------

RpcK8.Run: rpc(EvaluateOverhead=False, Arguments=/p:AkNounk=true, Clock=Armonik.Ffi.Bdn.CpuClock, IterationCount=6, IterationTime=100ms, LaunchCount=1, RunStrategy=Throughput, UnrollFactor=1, WarmupCount=10) [Case=Ef-nounk|b|P2.2|8]
Runtime = .NET 8.0.31 (8.0.31, 8.0.3126.42015), X64 RyuJIT x86-64-v4; GC = Concurrent Workstation
Mean = 6.007 ms, StdErr = 0.846 ms (14.08%), N = 6, StdDev = 2.072 ms
Min = 2.909 ms, Q1 = 4.859 ms, Median = 6.140 ms, Q3 = 7.797 ms, Max = 8.073 ms
IQR = 2.938 ms, LowerFence = 0.452 ms, UpperFence = 12.203 ms
ConfidenceInterval = [0.196 ms; 11.818 ms] (CI 99.9%), Margin = 5.811 ms (96.74% of Mean)
Skewness = -0.26, Kurtosis = 1.19, MValue = 2
-------------------- Histogram --------------------
[2.340 ms ; 5.111 ms) | @@
[5.111 ms ; 8.104 ms) | @@@@
---------------------------------------------------

RpcK1.Run: rpc(EvaluateOverhead=False, Arguments=/p:AkNounk=true, Clock=Armonik.Ffi.Bdn.CpuClock, IterationCount=6, IterationTime=100ms, LaunchCount=1, RunStrategy=Throughput, UnrollFactor=1, WarmupCount=10) [Case=Ef-no(...)MiB|1 [25]]
Runtime = .NET 8.0.31 (8.0.31, 8.0.3126.42015), X64 RyuJIT x86-64-v4; GC = Concurrent Workstation
Mean = 30.810 ms, StdErr = 2.915 ms (9.46%), N = 6, StdDev = 7.141 ms
Min = 22.143 ms, Q1 = 26.102 ms, Median = 30.035 ms, Q3 = 34.758 ms, Max = 41.522 ms
IQR = 8.656 ms, LowerFence = 13.119 ms, UpperFence = 47.742 ms
ConfidenceInterval = [10.785 ms; 50.835 ms] (CI 99.9%), Margin = 20.025 ms (65.00% of Mean)
Skewness = 0.24, Kurtosis = 1.34, MValue = 2
-------------------- Histogram --------------------
[21.138 ms ; 31.454 ms) | @@@@
[31.454 ms ; 44.016 ms) | @@
---------------------------------------------------

RpcK1.Run: rpc(EvaluateOverhead=False, Arguments=/p:AkNounk=true, Clock=Armonik.Ffi.Bdn.CpuClock, IterationCount=6, IterationTime=100ms, LaunchCount=1, RunStrategy=Throughput, UnrollFactor=1, WarmupCount=10) [Case=E-nou(...)2.2|1 [21]]
Runtime = .NET 8.0.31 (8.0.31, 8.0.3126.42015), X64 RyuJIT x86-64-v4; GC = Concurrent Workstation
Mean = 4.185 ms, StdErr = 0.289 ms (6.91%), N = 6, StdDev = 0.709 ms
Min = 3.355 ms, Q1 = 3.755 ms, Median = 4.033 ms, Q3 = 4.543 ms, Max = 5.312 ms
IQR = 0.788 ms, LowerFence = 2.572 ms, UpperFence = 5.726 ms
ConfidenceInterval = [2.197 ms; 6.172 ms] (CI 99.9%), Margin = 1.988 ms (47.49% of Mean)
Skewness = 0.38, Kurtosis = 1.45, MValue = 2
-------------------- Histogram --------------------
[3.292 ms ; 4.315 ms) | @@@@
[4.315 ms ; 5.488 ms) | @@
---------------------------------------------------

RpcK8.Run: rpc(EvaluateOverhead=False, Arguments=/p:AkNounk=true, Clock=Armonik.Ffi.Bdn.CpuClock, IterationCount=6, IterationTime=100ms, LaunchCount=1, RunStrategy=Throughput, UnrollFactor=1, WarmupCount=10) [Case=C-nou(...)2.2|8 [21]]
Runtime = .NET 8.0.31 (8.0.31, 8.0.3126.42015), X64 RyuJIT x86-64-v4; GC = Concurrent Workstation
Mean = 2.523 ms, StdErr = 0.118 ms (4.67%), N = 6, StdDev = 0.289 ms
Min = 2.105 ms, Q1 = 2.377 ms, Median = 2.500 ms, Q3 = 2.723 ms, Max = 2.898 ms
IQR = 0.347 ms, LowerFence = 1.857 ms, UpperFence = 3.243 ms
ConfidenceInterval = [1.713 ms; 3.332 ms] (CI 99.9%), Margin = 0.810 ms (32.09% of Mean)
Skewness = -0.06, Kurtosis = 1.33, MValue = 2
-------------------- Histogram --------------------
[1.897 ms ; 2.244 ms) | @
[2.244 ms ; 2.661 ms) | @@@
[2.661 ms ; 3.107 ms) | @@
---------------------------------------------------

RpcK8.Run: rpc(EvaluateOverhead=False, Arguments=/p:AkNounk=true, Clock=Armonik.Ffi.Bdn.CpuClock, IterationCount=6, IterationTime=100ms, LaunchCount=1, RunStrategy=Throughput, UnrollFactor=1, WarmupCount=10) [Case=Cf-nounk|b|P2.2|8]
Runtime = .NET 8.0.31 (8.0.31, 8.0.3126.42015), X64 RyuJIT x86-64-v4; GC = Concurrent Workstation
Mean = 3.471 ms, StdErr = 0.129 ms (3.72%), N = 6, StdDev = 0.317 ms
Min = 2.898 ms, Q1 = 3.385 ms, Median = 3.600 ms, Q3 = 3.641 ms, Max = 3.763 ms
IQR = 0.256 ms, LowerFence = 3.001 ms, UpperFence = 4.025 ms
ConfidenceInterval = [2.583 ms; 4.359 ms] (CI 99.9%), Margin = 0.888 ms (25.58% of Mean)
Skewness = -0.83, Kurtosis = 1.95, MValue = 2.5
-------------------- Histogram --------------------
[2.669 ms ; 3.126 ms) | @
[3.126 ms ; 3.314 ms) | 
[3.314 ms ; 3.771 ms) | @@@@@
---------------------------------------------------

RpcK1.Run: rpc(EvaluateOverhead=False, Arguments=/p:AkNounk=true, Clock=Armonik.Ffi.Bdn.CpuClock, IterationCount=6, IterationTime=100ms, LaunchCount=1, RunStrategy=Throughput, UnrollFactor=1, WarmupCount=10) [Case=Ef-nounk|c|P5.4|1]
Runtime = .NET 8.0.31 (8.0.31, 8.0.3126.42015), X64 RyuJIT x86-64-v4; GC = Concurrent Workstation
Mean = 6.283 ms, StdErr = 0.145 ms (2.31%), N = 5, StdDev = 0.324 ms
Min = 5.923 ms, Q1 = 5.952 ms, Median = 6.414 ms, Q3 = 6.500 ms, Max = 6.625 ms
IQR = 0.548 ms, LowerFence = 5.129 ms, UpperFence = 7.323 ms
ConfidenceInterval = [5.034 ms; 7.531 ms] (CI 99.9%), Margin = 1.248 ms (19.87% of Mean)
Skewness = -0.18, Kurtosis = 0.81, MValue = 2
-------------------- Histogram --------------------
[5.674 ms ; 6.271 ms) | @@
[6.271 ms ; 6.768 ms) | @@@
---------------------------------------------------

RpcK8.Run: rpc(EvaluateOverhead=False, Arguments=/p:AkNounk=true, Clock=Armonik.Ffi.Bdn.CpuClock, IterationCount=6, IterationTime=100ms, LaunchCount=1, RunStrategy=Throughput, UnrollFactor=1, WarmupCount=10) [Case=Ef-nounk|c|P5.4|8]
Runtime = .NET 8.0.31 (8.0.31, 8.0.3126.42015), X64 RyuJIT x86-64-v4; GC = Concurrent Workstation
Mean = 6.815 ms, StdErr = 0.240 ms (3.52%), N = 6, StdDev = 0.587 ms
Min = 5.922 ms, Q1 = 6.574 ms, Median = 6.863 ms, Q3 = 7.033 ms, Max = 7.673 ms
IQR = 0.459 ms, LowerFence = 5.885 ms, UpperFence = 7.722 ms
ConfidenceInterval = [5.168 ms; 8.461 ms] (CI 99.9%), Margin = 1.647 ms (24.16% of Mean)
Skewness = -0.08, Kurtosis = 1.68, MValue = 2
-------------------- Histogram --------------------
[5.498 ms ; 6.360 ms) | @
[6.360 ms ; 7.208 ms) | @@@@
[7.208 ms ; 8.097 ms) | @
---------------------------------------------------

RpcK1.Run: rpc(EvaluateOverhead=False, Arguments=/p:AkNounk=true, Clock=Armonik.Ffi.Bdn.CpuClock, IterationCount=6, IterationTime=100ms, LaunchCount=1, RunStrategy=Throughput, UnrollFactor=1, WarmupCount=10) [Case=Cf-nounk|c|P5.4|1]
Runtime = .NET 8.0.31 (8.0.31, 8.0.3126.42015), X64 RyuJIT x86-64-v4; GC = Concurrent Workstation
Mean = 8.242 ms, StdErr = 1.245 ms (15.11%), N = 6, StdDev = 3.050 ms
Min = 4.360 ms, Q1 = 5.738 ms, Median = 8.744 ms, Q3 = 10.490 ms, Max = 11.795 ms
IQR = 4.751 ms, LowerFence = -1.389 ms, UpperFence = 17.617 ms
ConfidenceInterval = [-0.309 ms; 16.793 ms] (CI 99.9%), Margin = 8.551 ms (103.75% of Mean)
Skewness = -0.16, Kurtosis = 1.02, MValue = 2
-------------------- Histogram --------------------
[2.157 ms ;  6.918 ms) | @@
[6.918 ms ; 11.971 ms) | @@@@
---------------------------------------------------

RpcK1.Run: rpc(EvaluateOverhead=False, Arguments=/p:AkNounk=true, Clock=Armonik.Ffi.Bdn.CpuClock, IterationCount=6, IterationTime=100ms, LaunchCount=1, RunStrategy=Throughput, UnrollFactor=1, WarmupCount=10) [Case=Cf-nounk|b|P2.2|1]
Runtime = .NET 8.0.31 (8.0.31, 8.0.3126.42015), X64 RyuJIT x86-64-v4; GC = Concurrent Workstation
Mean = 10.343 ms, StdErr = 1.371 ms (13.26%), N = 6, StdDev = 3.359 ms
Min = 6.512 ms, Q1 = 8.757 ms, Median = 9.031 ms, Q3 = 12.167 ms, Max = 15.605 ms
IQR = 3.411 ms, LowerFence = 3.641 ms, UpperFence = 17.283 ms
ConfidenceInterval = [0.923 ms; 19.762 ms] (CI 99.9%), Margin = 9.419 ms (91.07% of Mean)
Skewness = 0.45, Kurtosis = 1.39, MValue = 3
-------------------- Histogram --------------------
[ 5.428 ms ; 10.280 ms) | @@@@
[10.280 ms ; 11.955 ms) | 
[11.955 ms ; 16.807 ms) | @@
---------------------------------------------------

RpcK1.Run: rpc(EvaluateOverhead=False, Arguments=/p:AkNounk=true, Clock=Armonik.Ffi.Bdn.CpuClock, IterationCount=6, IterationTime=100ms, LaunchCount=1, RunStrategy=Throughput, UnrollFactor=1, WarmupCount=10) [Case=C-nou(...)2.2|1 [21]]
Runtime = .NET 8.0.31 (8.0.31, 8.0.3126.42015), X64 RyuJIT x86-64-v4; GC = Concurrent Workstation
Mean = 4.049 ms, StdErr = 0.124 ms (3.07%), N = 5, StdDev = 0.278 ms
Min = 3.808 ms, Q1 = 3.821 ms, Median = 4.060 ms, Q3 = 4.062 ms, Max = 4.495 ms
IQR = 0.241 ms, LowerFence = 3.460 ms, UpperFence = 4.423 ms
ConfidenceInterval = [2.979 ms; 5.119 ms] (CI 99.9%), Margin = 1.070 ms (26.43% of Mean)
Skewness = 0.58, Kurtosis = 1.52, MValue = 2
-------------------- Histogram --------------------
[3.721 ms ; 4.281 ms) | @@@@
[4.281 ms ; 4.708 ms) | @
---------------------------------------------------

RpcK8.Run: rpc(EvaluateOverhead=False, Arguments=/p:AkNounk=true, Clock=Armonik.Ffi.Bdn.CpuClock, IterationCount=6, IterationTime=100ms, LaunchCount=1, RunStrategy=Throughput, UnrollFactor=1, WarmupCount=10) [Case=E-nou(...)2.2|8 [21]]
Runtime = .NET 8.0.31 (8.0.31, 8.0.3126.42015), X64 RyuJIT x86-64-v4; GC = Concurrent Workstation
Mean = 2.700 ms, StdErr = 0.086 ms (3.17%), N = 6, StdDev = 0.210 ms
Min = 2.492 ms, Q1 = 2.557 ms, Median = 2.618 ms, Q3 = 2.865 ms, Max = 2.987 ms
IQR = 0.308 ms, LowerFence = 2.096 ms, UpperFence = 3.327 ms
ConfidenceInterval = [2.112 ms; 3.288 ms] (CI 99.9%), Margin = 0.588 ms (21.78% of Mean)
Skewness = 0.41, Kurtosis = 1.07, MValue = 2
-------------------- Histogram --------------------
[2.420 ms ; 2.810 ms) | @@@@
[2.810 ms ; 3.138 ms) | @@
---------------------------------------------------

// * Summary *

BenchmarkDotNet v0.15.8, Linux Ubuntu 24.04.4 LTS (Noble Numbat)
Intel Xeon Processor 2.80GHz, 1 CPU, 4 logical and 4 physical cores
.NET SDK 8.0.131
  [Host] : .NET 8.0.31 (8.0.31, 8.0.3126.42015), X64 RyuJIT x86-64-v4
  rpc    : .NET 8.0.31 (8.0.31, 8.0.3126.42015), X64 RyuJIT x86-64-v4

Job=rpc  EvaluateOverhead=False  Arguments=/p:AkNounk=true  
Clock=Armonik.Ffi.Bdn.CpuClock  IterationCount=6  IterationTime=100ms  
LaunchCount=1  RunStrategy=Throughput  UnrollFactor=1  
WarmupCount=10  

| Type  | Method | Case                 | Mean      | Error      | StdDev    | Gen0    | Gen1    | Allocated |
|------ |------- |--------------------- |----------:|-----------:|----------:|--------:|--------:|----------:|
| RpcK1 | Run    | Ef-nounk|b|P2.2|1    |  8.357 ms |  6.2833 ms | 1.6318 ms |       - |       - |   64072 B |
| RpcK8 | Run    | Ef-no(...)MiB|8 [25] | 21.597 ms |  5.0283 ms | 1.7931 ms |       - |       - |     838 B |
| RpcK8 | Run    | Cf-no(...)MiB|8 [25] | 20.643 ms |  2.4333 ms | 0.8677 ms |       - |       - |     326 B |
| RpcK1 | Run    | Cf-no(...)MiB|1 [25] | 27.306 ms |  4.3835 ms | 1.1384 ms |       - |       - |     420 B |
| RpcK8 | Run    | Cf-nounk|c|P5.4|8    |  7.342 ms |  1.6698 ms | 0.5955 ms |       - |       - |      51 B |
| RpcK8 | Run    | Ef-nounk|b|P2.2|8    |  6.007 ms |  5.8109 ms | 2.0722 ms |       - |       - |   64051 B |
| RpcK1 | Run    | Ef-no(...)MiB|1 [25] | 30.810 ms | 20.0253 ms | 7.1412 ms |       - |       - |     848 B |
| RpcK1 | Run    | E-nou(...)2.2|1 [21] |  4.185 ms |  1.9875 ms | 0.7088 ms | 90.9091 | 45.4545 | 2117928 B |
| RpcK8 | Run    | C-nou(...)2.2|8 [21] |  2.523 ms |  0.8097 ms | 0.2887 ms | 93.7500 | 31.2500 | 2117918 B |
| RpcK8 | Run    | Cf-nounk|b|P2.2|8    |  3.471 ms |  0.8880 ms | 0.3167 ms |       - |       - |      51 B |
| RpcK1 | Run    | Ef-nounk|c|P5.4|1    |  6.283 ms |  1.2485 ms | 0.3242 ms |       - |       - |     136 B |
| RpcK8 | Run    | Ef-nounk|c|P5.4|8    |  6.815 ms |  1.6466 ms | 0.5872 ms |       - |       - |     115 B |
| RpcK1 | Run    | Cf-nounk|c|P5.4|1    |  8.242 ms |  8.5514 ms | 3.0495 ms |       - |       - |      72 B |
| RpcK1 | Run    | Cf-nounk|b|P2.2|1    | 10.343 ms |  9.4194 ms | 3.3590 ms |       - |       - |     106 B |
| RpcK1 | Run    | C-nou(...)2.2|1 [21] |  4.049 ms |  1.0703 ms | 0.2779 ms | 76.9231 |       - | 2117928 B |
| RpcK8 | Run    | E-nou(...)2.2|8 [21] |  2.700 ms |  0.5881 ms | 0.2097 ms | 93.7500 | 31.2500 | 2117907 B |

// * Legends *
  Case      : Value of the 'Case' parameter
  Mean      : Arithmetic mean of all measurements
  Error     : Half of 99.9% confidence interval
  StdDev    : Standard deviation of all measurements
  Gen0      : GC Generation 0 collects per 1000 operations
  Gen1      : GC Generation 1 collects per 1000 operations
  Allocated : Allocated memory per single operation (managed only, inclusive, 1KB = 1024B)
  1 ms      : 1 Millisecond (0.001 sec)

// * Diagnostic Output - AkRpcProcessCpu *

// * Diagnostic Output - MemoryDiagnoser *


// ***** BenchmarkRunner: End *****
Global total time: 00:01:45 (105.74 sec), executed benchmarks: 16
// * Artifacts cleanup *
Artifacts cleanup is finished
