# campaign suite rpc: raw samples, one JSON object per line; nothing summarised here
# runtime:        .NET 8.0.31
# incumbent:      Google.Protobuf 3.32.0; Grpc.Net.Client 2.71.0
# server:         the Rust slice's tonic rpc_server, the campaign's one server for every slice (FIX-PLAN WP10, CAMPAIGN req 13 as amended; poc/rust/SERVER.md): service armonik.ffi.campaign.v1.Grid, P2.2 pre-serialised with prost, requests decoded with prost, receive limit 8 MiB; shipped socket = tonic's server defaults, pinned socket = 4 MiB stream and connection windows, adaptive off; its configuration and worker count are in its own log (rpc-server.log)
# JIT:            TieredCompilation default(on), TieredPGO default(on), ReadyToRun default(on) (net8.0 defaults unless set)
# GC:             server=False, concurrent=default(on), latency=Interactive
# managed codec:  plan utf8=reject unknown=drop limit=100
# process CPUs:   affinity mask 0x3 (2 logical CPUs visible)
# build full; launch 1; unit A,Cf-retain (one process per cell, WP9); transport armonik (the client's configuration: Grpc.Net ArmoniK's channel (packages/csharp GrpcChannelFactory.CreateChannel, package defaults; see '# armonik'); server: its TCP listener, the pinned server configuration (4 MiB windows, adaptive off, TCP_NODELAY on accept); core: ak_client_opts stream 0 connection 0 adaptive 0 nagle 0); endpoint tcp:127.0.0.1:40237; in flight 1/8 (c and d at 1 and 8 only)
# engine:         BenchmarkDotNet 0.15.8.0 (CAMPAIGN req 22a as amended 2026-09-27, WP9), toolchain BDN's default, ONE CHILD PROCESS PER CASE (the campaign's native isolation, req 22a as amended e6c909630), pinned by the runner, StopOnFirstError; one invocation = one batch of k calls in flight (OperationsPerInvoke = k; `iters` = calls, `invocations` = batches); the benchmark classes RpcK1, RpcK8, RpcK16 hold the k = 1, 8, 16 cases
# job:            6 actual iterations (rounds) per case, 10 warm-up iterations (the same for every case) after BDN's jitting stage and pilot, iteration time 100 ms (the pilot picks the invocation count, unroll factor 1), strategy Throughput, EvaluateOverhead=false
# clocks:         per iteration, read by the job's clock (CpuClock) at the same iteration boundaries: wall (Stopwatch); cpu_ns = perf task-clock of the WHOLE client process (req 21 as amended 2026-10-01: a counter per thread this process opens itself with perf_event_open, PERF_COUNT_SW_TASK_CLOCK, new threads picked up at the next read; softirq-inclusive while the process runs); proc_cpu_ns = CLOCK_PROCESS_CPUTIME_ID beside it (misses softirq time with IRQ_TIME_ACCOUNTING); per case, client_softirq_ticks / client_irq_ticks = /proc/stat on the CLIENT CPUs (0,1) across the actual stage, USER_HZ ticks; the server is another process
# network:        TCP 127.0.0.1:40237 (D10; CAMPAIGN 4.0 as amended b58543f7b): transport armonik, the core grid's one configuration (see '# armonik'); Nagle off on every client socket (Grpc.Net: SocketsHttpHandler's default TCP_NODELAY, nothing set by ArmoniK or by this harness; the core: ak_client_opts.tcp_nagle = 0), READ BACK on the live sockets before timing (one without it fails the case) and after each case; the server's TCP listener sets TCP_NODELAY on every accepted socket (SERVER.md; not readable from this process)
# grid:           core (CAMPAIGN section 4.0, D18; AK_CAMPAIGN_GRID=core): cells A, Bf, Cf-retain, Ef-retain, full build, the host's idiomatic delivery; a+read and b (P2.2), c at P5.4, d at 16 MiB, k = 1 and 8; the framed cells' a+read is the reference cell's (B, C-retain, E-retain: a has an empty request, so the send path is the same), run in the framed cell's process under its own name; this process narrowed to directions c,d at k = 1. Extras left out (AK_CAMPAIGN_GRID=full runs them): cells B, C, D, E, F as cells of their own, Cc, the drop mode, the callback and queue deliveries, direction a, k = 16, P5.3, d at 4 MiB, the RPC grid in the no-unknown build, the second transport configuration, h2-batch beyond Cf on c and d, the pinned allocator pass beyond A and Cf on c and d at k = 1
# allocator:      pinned (readback at process start: a 16 MiB malloc came from the heap (mallinfo2; the block kept, never freed); no heap pre-grow (owner, 2026-10-03): BDN's warm-up runs the real call path on every thread, and minflt per row shows whether it sufficed; under the default toolchain each child probes once, on its case's first row as alloc_probe; GLIBC_TUNABLES=glibc.malloc.trim_threshold=268435456:glibc.malloc.mmap_threshold=33554432; CAMPAIGN req 25 as amended 2026-10-03, D9: the main figures run glibc's default allocator as production does; the pinned pass (glibc.malloc.trim_threshold=268435456:glibc.malloc.mmap_threshold=33554432) is a labelled diagnostic; the core's buffers and transport allocate through glibc malloc in this process; every row carries `alloc` and `minflt`, the client process's minor page faults over the iteration, so faults per call = minflt / iters)
# h2:             the loaded core's h2 = stock (D11 as amended: read from the core library; the runner's AK_H2 = stock); every row carries it
# pools:          D8 / D14: AK_WORKERS = 8; the core runtime 8 worker thread(s) (ak_runtime_new, shared by every core channel of the process); the .NET thread pool's worker minimum and maximum set to 8 (ThreadPool.SetMin/MaxThreads); the caller pool is the in-flight level (k dedicated caller threads for the blocking cells, not a worker pool); grpc-core is not used by this slice (Grpc.Net is managed)
# order:          this launch's unit order: Ef-retain, A, Cf-retain, Bf (seed 7907); the cases of this process in a seeded shuffle (seed 112381); ratios, where the aggregation forms them, from per-launch medians (req 30)
# cells:          A incumbent over Grpc.Net; B incumbent over the core's transport (Bf its framed send path); C core-ffi over the core's transport on the MOVE path (ak_call_unary_enc / ak_call_send_enc; Cf framed, Cc the copy path, a labelled extra); D core-ffi over Grpc.Net (a copy into the call's buffer: Grpc.Net's serializer cannot take a core buffer); E host-gen over the core's transport (Ef framed); F host-gen over Grpc.Net; B/C .callback/.queue the core's other deliveries (labelled extras); -retain/-drop/-nounk the unknown-field mode (req 10, 12)
# directions:     a empty request, P2.2 response decoded; a+read the same then every field read; b P2.2 request decoded by the server; c unary upload of P5.3 / P5.4 (M5, 1 MB / 4 MB); d the streamed upload, M5 messages of 2 MiB (ids on the first), 4 MiB / 16 MiB (req 14); every call checked: status, response length or the server's byte count (req 18); the upload cells' count and SHA-256 checked once in setup before timing
# warm-up/thread: CAMPAIGN req 24 as amended 8c02e7c58 (>= 20 calls per calling thread at the cell's payload before the first measured value, same process, same threads): B, C, E (and Bf, Cf, Cc, Ef) call from k dedicated caller threads, created in this process before BDN's first stage and kept to its end (under the default toolchain one case per child process, so the warm-up and the measurement share the process and its threads); one invocation = k calls, one on each caller thread; BDN runs at least 4 invocations per iteration (its minimum invoke count), so the 10 warm-up iteration(s) give every caller thread >= 40 calls at the case's payload, after 1 jitting invocation and >= 4 pilot invocations (checked: d/16 MiB at k = 8, BDN child mode, iteration 100 ms: 1 + 4 + 40 = 45 per thread). A, D, F and the callback/queue extras start k async loops (one call each per invocation) on the .NET thread pool (worker min = max = AK_WORKERS): >= 40 calls per loop, but which pool thread runs a call is not controlled, so the per-thread count is not guaranteed for them
# delivery:       B, C, E the core's BLOCKING call on k caller threads (a CallerPool created before BDN starts); A, D, F Grpc.Net's idiomatic async call (AsyncUnaryCall / AsyncClientStreamingCall awaited), k concurrent async calls per invocation; the core's cells share one core runtime with 8 worker thread(s) (req 16)
# armonik:        cell A's channel = packages/csharp ArmoniK.Api.Client GrpcChannelFactory.CreateChannel(new GrpcClient { Endpoint = "http://127.0.0.1:40237" }), called directly (the assembly built from packages/csharp, unchanged), every other option at its package default: HandlerType Http = HttpClientHandler (SocketsHttpHandler underneath) wrapped in the package's logging DelegatingHandler (logger null), proxy type Undefined (UseProxy true: the system proxy for this endpoint is none (bypassed)); GrpcChannelOptions: Credentials Insecure, DisposeHttpClient true, ServiceConfig retry MaxAttempts 5, InitialBackoff 1 s, MaxBackoff 5 s, BackoffMultiplier 1.5 on Unavailable, Aborted, Unknown (so Grpc.Net buffers requests for retry), MaxReceiveMessageSize and MaxSendMessageSize at Grpc.Net's defaults (receive 4 MiB, send unlimited), EnableMultipleHttp2Connections false (the HttpClientHandler default); ServicePointManager.ReusePort = true and ServicePoint SetTcpKeepAlive(true, 30 s, 30 s), MaxIdleTime 5 min, read back on the live sockets per case (so_keepalive_after, so_reuseport_after on each case's first row: 0 = the ServicePoint settings did not reach SocketsHttpHandler's socket); process-wide switches observed: Http2FlowControl.DisableDynamicWindowSizing not set (the worker channel provider's, not set on the control plane's path), Http2UnencryptedSupport not set (the factory sets it only for https with AllowUnsafeConnection); Nagle: SocketsHttpHandler's own default sets TCP_NODELAY, read back before timing and after each case (tcp_nodelay_after), the HTTP/2 connections per cell after each case's run on its first row (tcp_sockets_after); the core cells: the core's client configuration of `shipped` (windows at the stack's defaults, adaptive off, tcp_nagle 0)
# limits:         the client's max send and receive 64 MiB on both transports (D44, enforced); the server's receive limit 8 MiB per message (SERVER.md)
# channels:       each benchmark process builds only the cell of its case, from the case key, with its own channel(s) (one per cell and direction group, opened in the case's setup and kept to the process's end); each row's cell is checked against the cell the process ran (refused on a mismatch); this BDN run merges units A,Cf-retain (owner, 2026-10-03), every case in its own child process
# threads:        .NET thread pool min 8 worker / 8 IO, max 8 worker / 1000 IO, 0 pool thread(s) now; 2 logical CPUs visible; caller threads 8; core runtime 1, 8 worker thread(s)
# memory:         AK_BDN_MEMORY=1: BenchmarkDotNet's MemoryDiagnoser (an exploration switch, not a campaign setting): one extra workload iteration per case AFTER the actual stage, at the actual stage's invocation count, outside the job's clock (no exported sample is affected); on each case's first sample row mem_alloc_bytes_per_op (GC.GetTotalAllocatedBytes(precise), every thread, divided by its operations), mem_gen = [gen0, gen1, gen2] collections during it, mem_ops its operations, mem_alloc_bytes its total
# cpus:           this process: 2 CPU(s) in its affinity mask (sched_getaffinity), Environment.ProcessorCount 2; single-CPU guard (JOURNAL 73): a timed process (host or BDN child) with ONE CPU is refused unless AK_ALLOW_SINGLE_CPU=1 (here: unset); each case's first row carries cpus_affinity, cpus_runtime and single_cpu_override as its own process saw them
// Validating benchmarks:
// ***** BenchmarkRunner: Start   *****
// ***** Found 4 benchmark(s) in total *****
// ***** Building 1 exe(s) in Parallel: Start   *****
Unable to find .sln or .csproj file. Will use current directory /home/user/ArmoniK.Api/ffi/poc/csharp to search for project file. If you don't use .sln file on purpose it should not be a problem.
// start dotnet  restore --nodeReuse:false /p:UseSharedCompilation=false /p:Deterministic=true /p:Optimize=true /p:ArtifactsPath="/home/user/ArmoniK.Api/ffi/poc/csharp/src/Rpc/bin/Release/net8.0/akrpc-rpc-1/" /p:OutDir="/home/user/ArmoniK.Api/ffi/poc/csharp/src/Rpc/bin/Release/net8.0/akrpc-rpc-1/bin/Release/net8.0/" /p:OutputPath="/home/user/ArmoniK.Api/ffi/poc/csharp/src/Rpc/bin/Release/net8.0/akrpc-rpc-1/bin/Release/net8.0/" /p:PublishDir="/home/user/ArmoniK.Api/ffi/poc/csharp/src/Rpc/bin/Release/net8.0/akrpc-rpc-1/publish/" in /home/user/ArmoniK.Api/ffi/poc/csharp/src/Rpc/bin/Release/net8.0/akrpc-rpc-1
// command took 2.26 sec and exited with 0
// start dotnet  build -c Release --no-restore --nodeReuse:false /p:UseSharedCompilation=false /p:Deterministic=true /p:Optimize=true /p:ArtifactsPath="/home/user/ArmoniK.Api/ffi/poc/csharp/src/Rpc/bin/Release/net8.0/akrpc-rpc-1/" /p:OutDir="/home/user/ArmoniK.Api/ffi/poc/csharp/src/Rpc/bin/Release/net8.0/akrpc-rpc-1/bin/Release/net8.0/" /p:OutputPath="/home/user/ArmoniK.Api/ffi/poc/csharp/src/Rpc/bin/Release/net8.0/akrpc-rpc-1/bin/Release/net8.0/" /p:PublishDir="/home/user/ArmoniK.Api/ffi/poc/csharp/src/Rpc/bin/Release/net8.0/akrpc-rpc-1/publish/" --output "/home/user/ArmoniK.Api/ffi/poc/csharp/src/Rpc/bin/Release/net8.0/akrpc-rpc-1/bin/Release/net8.0/" in /home/user/ArmoniK.Api/ffi/poc/csharp/src/Rpc/bin/Release/net8.0/akrpc-rpc-1
// command took 20.34 sec and exited with 0
// ***** Done, took 00:00:22 (22.71 sec)   *****
// Found 4 benchmarks:
//   RpcK1.Run: rpc(EvaluateOverhead=False, Clock=Armonik.Ffi.Bdn.CpuClock, IterationCount=6, IterationTime=100ms, LaunchCount=1, RunStrategy=Throughput, UnrollFactor=1, WarmupCount=10) [Case=A|c|P5.4|1]
//   RpcK1.Run: rpc(EvaluateOverhead=False, Clock=Armonik.Ffi.Bdn.CpuClock, IterationCount=6, IterationTime=100ms, LaunchCount=1, RunStrategy=Throughput, UnrollFactor=1, WarmupCount=10) [Case=Cf-re(...)MiB|1 [26]]
//   RpcK1.Run: rpc(EvaluateOverhead=False, Clock=Armonik.Ffi.Bdn.CpuClock, IterationCount=6, IterationTime=100ms, LaunchCount=1, RunStrategy=Throughput, UnrollFactor=1, WarmupCount=10) [Case=A|d|stream-16MiB|1]
//   RpcK1.Run: rpc(EvaluateOverhead=False, Clock=Armonik.Ffi.Bdn.CpuClock, IterationCount=6, IterationTime=100ms, LaunchCount=1, RunStrategy=Throughput, UnrollFactor=1, WarmupCount=10) [Case=Cf-retain|c|P5.4|1]

// **************************
// Benchmark: RpcK1.Run: rpc(EvaluateOverhead=False, Clock=Armonik.Ffi.Bdn.CpuClock, IterationCount=6, IterationTime=100ms, LaunchCount=1, RunStrategy=Throughput, UnrollFactor=1, WarmupCount=10) [Case=A|c|P5.4|1]
// *** Execute ***
// Launch: 1 / 1
// Execute: dotnet akrpc-rpc-1.dll --anonymousPipes 136 137 --benchmarkName "Armonik.Ffi.Campaign.RpcK1.Run(Case: \"A|c|P5.4|1\")" --job rpc --benchmarkId 0 in /home/user/ArmoniK.Api/ffi/poc/csharp/src/Rpc/bin/Release/net8.0/akrpc-rpc-1/bin/Release/net8.0
// BeforeAnythingElse

// Benchmark Process Environment Information:
// BenchmarkDotNet v0.15.8
// Runtime=.NET 8.0.31 (8.0.31, 8.0.3126.42015), X64 RyuJIT x86-64-v4
// GC=Concurrent Workstation
// HardwareIntrinsics=AVX512 F+BW+CD+DQ+VL,AVX2+BMI1+BMI2+F16C+FMA+LZCNT+MOVBE,AVX,SSE3+SSSE3+SSE4.1+SSE4.2+POPCNT,X86Base+SSE+SSE2,AES+PCLMUL VectorSize=256
// Job: rpc(EvaluateOverhead=False, Clock=Armonik.Ffi.Bdn.CpuClock, IterationCount=6, IterationTime=100ms, LaunchCount=1, RunStrategy=Throughput, UnrollFactor=1, WarmupCount=10)

OverheadJitting  1: 1 op, 209679.00 ns, 209.6790 us/op
WorkloadJitting  1: 1 op, 17506126.00 ns, 17.5061 ms/op

WorkloadPilot    1: 4 op, 109716265.00 ns, 27.4291 ms/op

WorkloadWarmup   1: 4 op, 94374539.00 ns, 23.5936 ms/op
WorkloadWarmup   2: 4 op, 98340942.00 ns, 24.5852 ms/op
WorkloadWarmup   3: 4 op, 85456062.00 ns, 21.3640 ms/op
WorkloadWarmup   4: 4 op, 68410805.00 ns, 17.1027 ms/op
WorkloadWarmup   5: 4 op, 67825030.00 ns, 16.9563 ms/op
WorkloadWarmup   6: 4 op, 77708051.00 ns, 19.4270 ms/op
WorkloadWarmup   7: 4 op, 67982059.00 ns, 16.9955 ms/op
WorkloadWarmup   8: 4 op, 50919129.00 ns, 12.7298 ms/op
WorkloadWarmup   9: 4 op, 133820214.00 ns, 33.4551 ms/op
WorkloadWarmup  10: 4 op, 114607659.00 ns, 28.6519 ms/op

// BeforeActualRun
WorkloadActual   1: 4 op, 67075882.00 ns, 16.7690 ms/op
WorkloadActual   2: 4 op, 61048487.00 ns, 15.2621 ms/op
WorkloadActual   3: 4 op, 76152481.00 ns, 19.0381 ms/op
WorkloadActual   4: 4 op, 64074682.00 ns, 16.0187 ms/op
WorkloadActual   5: 4 op, 69574035.00 ns, 17.3935 ms/op
WorkloadActual   6: 4 op, 72899668.00 ns, 18.2249 ms/op

// AfterActualRun
WorkloadResult   1: 4 op, 67075882.00 ns, 16.7690 ms/op
WorkloadResult   2: 4 op, 61048487.00 ns, 15.2621 ms/op
WorkloadResult   3: 4 op, 76152481.00 ns, 19.0381 ms/op
WorkloadResult   4: 4 op, 64074682.00 ns, 16.0187 ms/op
WorkloadResult   5: 4 op, 69574035.00 ns, 17.3935 ms/op
WorkloadResult   6: 4 op, 72899668.00 ns, 18.2249 ms/op
// GC:  0 0 0 16967856 4
// Threading:  2121 0 4

// AfterAll
// Benchmark Process 7741 has exited with code 0.

Mean = 17.118 ms, StdErr = 0.570 ms (3.33%), N = 6, StdDev = 1.397 ms
Min = 15.262 ms, Q1 = 16.206 ms, Median = 17.081 ms, Q3 = 18.017 ms, Max = 19.038 ms
IQR = 1.811 ms, LowerFence = 13.490 ms, UpperFence = 20.733 ms
ConfidenceInterval = [13.199 ms; 21.036 ms] (CI 99.9%), Margin = 3.918 ms (22.89% of Mean)
Skewness = 0.04, Kurtosis = 1.24, MValue = 2

// ** Remained 3 (75.0 %) benchmark(s) to run. Estimated finish 2026-10-04 12:17 (0h 0m from now) **
// **************************
// Benchmark: RpcK1.Run: rpc(EvaluateOverhead=False, Clock=Armonik.Ffi.Bdn.CpuClock, IterationCount=6, IterationTime=100ms, LaunchCount=1, RunStrategy=Throughput, UnrollFactor=1, WarmupCount=10) [Case=Cf-re(...)MiB|1 [26]]
// *** Execute ***
// Launch: 1 / 1
// Execute: dotnet akrpc-rpc-1.dll --anonymousPipes 138 139 --benchmarkName "Armonik.Ffi.Campaign.RpcK1.Run(Case: \"Cf-retain|d|stream-16MiB|1\")" --job rpc --benchmarkId 1 in /home/user/ArmoniK.Api/ffi/poc/csharp/src/Rpc/bin/Release/net8.0/akrpc-rpc-1/bin/Release/net8.0
// BeforeAnythingElse

// Benchmark Process Environment Information:
// BenchmarkDotNet v0.15.8
// Runtime=.NET 8.0.31 (8.0.31, 8.0.3126.42015), X64 RyuJIT x86-64-v4
// GC=Concurrent Workstation
// HardwareIntrinsics=AVX512 F+BW+CD+DQ+VL,AVX2+BMI1+BMI2+F16C+FMA+LZCNT+MOVBE,AVX,SSE3+SSSE3+SSE4.1+SSE4.2+POPCNT,X86Base+SSE+SSE2,AES+PCLMUL VectorSize=256
// Job: rpc(EvaluateOverhead=False, Clock=Armonik.Ffi.Bdn.CpuClock, IterationCount=6, IterationTime=100ms, LaunchCount=1, RunStrategy=Throughput, UnrollFactor=1, WarmupCount=10)

OverheadJitting  1: 1 op, 184534.00 ns, 184.5340 us/op
WorkloadJitting  1: 1 op, 34136591.00 ns, 34.1366 ms/op

WorkloadPilot    1: 4 op, 99342626.00 ns, 24.8357 ms/op

WorkloadWarmup   1: 4 op, 155713226.00 ns, 38.9283 ms/op
WorkloadWarmup   2: 4 op, 49709092.00 ns, 12.4273 ms/op
WorkloadWarmup   3: 4 op, 120647764.00 ns, 30.1619 ms/op
WorkloadWarmup   4: 4 op, 118961093.00 ns, 29.7403 ms/op
WorkloadWarmup   5: 4 op, 59873720.00 ns, 14.9684 ms/op
WorkloadWarmup   6: 4 op, 89893664.00 ns, 22.4734 ms/op
WorkloadWarmup   7: 4 op, 83289559.00 ns, 20.8224 ms/op
WorkloadWarmup   8: 4 op, 65187242.00 ns, 16.2968 ms/op
WorkloadWarmup   9: 4 op, 91908263.00 ns, 22.9771 ms/op
WorkloadWarmup  10: 4 op, 44259106.00 ns, 11.0648 ms/op

// BeforeActualRun
WorkloadActual   1: 4 op, 104200172.00 ns, 26.0500 ms/op
WorkloadActual   2: 4 op, 129497369.00 ns, 32.3743 ms/op
WorkloadActual   3: 4 op, 59991337.00 ns, 14.9978 ms/op
WorkloadActual   4: 4 op, 86276205.00 ns, 21.5691 ms/op
WorkloadActual   5: 4 op, 107307169.00 ns, 26.8268 ms/op
WorkloadActual   6: 4 op, 93593522.00 ns, 23.3984 ms/op

// AfterActualRun
WorkloadResult   1: 4 op, 104200172.00 ns, 26.0500 ms/op
WorkloadResult   2: 4 op, 129497369.00 ns, 32.3743 ms/op
WorkloadResult   3: 4 op, 59991337.00 ns, 14.9978 ms/op
WorkloadResult   4: 4 op, 86276205.00 ns, 21.5691 ms/op
WorkloadResult   5: 4 op, 107307169.00 ns, 26.8268 ms/op
WorkloadResult   6: 4 op, 93593522.00 ns, 23.3984 ms/op
// GC:  0 0 0 1344 4
// Threading:  0 0 4

// AfterAll
// Benchmark Process 7836 has exited with code 0.

Mean = 24.203 ms, StdErr = 2.376 ms (9.82%), N = 6, StdDev = 5.820 ms
Min = 14.998 ms, Q1 = 22.026 ms, Median = 24.724 ms, Q3 = 26.633 ms, Max = 32.374 ms
IQR = 4.606 ms, LowerFence = 15.117 ms, UpperFence = 33.542 ms
ConfidenceInterval = [7.881 ms; 40.524 ms] (CI 99.9%), Margin = 16.322 ms (67.44% of Mean)
Skewness = -0.19, Kurtosis = 1.71, MValue = 2

// ** Remained 2 (50.0 %) benchmark(s) to run. Estimated finish 2026-10-04 12:17 (0h 0m from now) **
// **************************
// Benchmark: RpcK1.Run: rpc(EvaluateOverhead=False, Clock=Armonik.Ffi.Bdn.CpuClock, IterationCount=6, IterationTime=100ms, LaunchCount=1, RunStrategy=Throughput, UnrollFactor=1, WarmupCount=10) [Case=A|d|stream-16MiB|1]
// *** Execute ***
// Launch: 1 / 1
// Execute: dotnet akrpc-rpc-1.dll --anonymousPipes 138 139 --benchmarkName "Armonik.Ffi.Campaign.RpcK1.Run(Case: \"A|d|stream-16MiB|1\")" --job rpc --benchmarkId 2 in /home/user/ArmoniK.Api/ffi/poc/csharp/src/Rpc/bin/Release/net8.0/akrpc-rpc-1/bin/Release/net8.0
// BeforeAnythingElse

// Benchmark Process Environment Information:
// BenchmarkDotNet v0.15.8
// Runtime=.NET 8.0.31 (8.0.31, 8.0.3126.42015), X64 RyuJIT x86-64-v4
// GC=Concurrent Workstation
// HardwareIntrinsics=AVX512 F+BW+CD+DQ+VL,AVX2+BMI1+BMI2+F16C+FMA+LZCNT+MOVBE,AVX,SSE3+SSSE3+SSE4.1+SSE4.2+POPCNT,X86Base+SSE+SSE2,AES+PCLMUL VectorSize=256
// Job: rpc(EvaluateOverhead=False, Clock=Armonik.Ffi.Bdn.CpuClock, IterationCount=6, IterationTime=100ms, LaunchCount=1, RunStrategy=Throughput, UnrollFactor=1, WarmupCount=10)

OverheadJitting  1: 1 op, 168229.00 ns, 168.2290 us/op
WorkloadJitting  1: 1 op, 71896739.00 ns, 71.8967 ms/op

WorkloadPilot    1: 4 op, 209381756.00 ns, 52.3454 ms/op

WorkloadWarmup   1: 4 op, 269284317.00 ns, 67.3211 ms/op
WorkloadWarmup   2: 4 op, 414836942.00 ns, 103.7092 ms/op
WorkloadWarmup   3: 4 op, 259944482.00 ns, 64.9861 ms/op
WorkloadWarmup   4: 4 op, 254072249.00 ns, 63.5181 ms/op
WorkloadWarmup   5: 4 op, 168645486.00 ns, 42.1614 ms/op
WorkloadWarmup   6: 4 op, 222029043.00 ns, 55.5073 ms/op
WorkloadWarmup   7: 4 op, 351173278.00 ns, 87.7933 ms/op
WorkloadWarmup   8: 4 op, 197391388.00 ns, 49.3478 ms/op
WorkloadWarmup   9: 4 op, 237316592.00 ns, 59.3291 ms/op
WorkloadWarmup  10: 4 op, 173814305.00 ns, 43.4536 ms/op

// BeforeActualRun
WorkloadActual   1: 4 op, 204004740.00 ns, 51.0012 ms/op
WorkloadActual   2: 4 op, 217869994.00 ns, 54.4675 ms/op
WorkloadActual   3: 4 op, 189177269.00 ns, 47.2943 ms/op
WorkloadActual   4: 4 op, 147789221.00 ns, 36.9473 ms/op
WorkloadActual   5: 4 op, 152802056.00 ns, 38.2005 ms/op
WorkloadActual   6: 4 op, 216726699.00 ns, 54.1817 ms/op

// AfterActualRun
WorkloadResult   1: 4 op, 204004740.00 ns, 51.0012 ms/op
WorkloadResult   2: 4 op, 217869994.00 ns, 54.4675 ms/op
WorkloadResult   3: 4 op, 189177269.00 ns, 47.2943 ms/op
WorkloadResult   4: 4 op, 147789221.00 ns, 36.9473 ms/op
WorkloadResult   5: 4 op, 152802056.00 ns, 38.2005 ms/op
WorkloadResult   6: 4 op, 216726699.00 ns, 54.1817 ms/op
// GC:  0 0 0 67831032 4
// Threading:  8445 2 4
// Exceptions:  0.75

// AfterAll
// Benchmark Process 7913 has exited with code 0.

Mean = 47.015 ms, StdErr = 3.172 ms (6.75%), N = 6, StdDev = 7.771 ms
Min = 36.947 ms, Q1 = 40.474 ms, Median = 49.148 ms, Q3 = 53.387 ms, Max = 54.467 ms
IQR = 12.913 ms, LowerFence = 21.105 ms, UpperFence = 72.755 ms
ConfidenceInterval = [25.225 ms; 68.806 ms] (CI 99.9%), Margin = 21.791 ms (46.35% of Mean)
Skewness = -0.31, Kurtosis = 1.02, MValue = 2

// ** Remained 1 (25.0 %) benchmark(s) to run. Estimated finish 2026-10-04 12:17 (0h 0m from now) **
// **************************
// Benchmark: RpcK1.Run: rpc(EvaluateOverhead=False, Clock=Armonik.Ffi.Bdn.CpuClock, IterationCount=6, IterationTime=100ms, LaunchCount=1, RunStrategy=Throughput, UnrollFactor=1, WarmupCount=10) [Case=Cf-retain|c|P5.4|1]
// *** Execute ***
// Launch: 1 / 1
// Execute: dotnet akrpc-rpc-1.dll --anonymousPipes 138 139 --benchmarkName "Armonik.Ffi.Campaign.RpcK1.Run(Case: \"Cf-retain|c|P5.4|1\")" --job rpc --benchmarkId 3 in /home/user/ArmoniK.Api/ffi/poc/csharp/src/Rpc/bin/Release/net8.0/akrpc-rpc-1/bin/Release/net8.0
// BeforeAnythingElse

// Benchmark Process Environment Information:
// BenchmarkDotNet v0.15.8
// Runtime=.NET 8.0.31 (8.0.31, 8.0.3126.42015), X64 RyuJIT x86-64-v4
// GC=Concurrent Workstation
// HardwareIntrinsics=AVX512 F+BW+CD+DQ+VL,AVX2+BMI1+BMI2+F16C+FMA+LZCNT+MOVBE,AVX,SSE3+SSSE3+SSE4.1+SSE4.2+POPCNT,X86Base+SSE+SSE2,AES+PCLMUL VectorSize=256
// Job: rpc(EvaluateOverhead=False, Clock=Armonik.Ffi.Bdn.CpuClock, IterationCount=6, IterationTime=100ms, LaunchCount=1, RunStrategy=Throughput, UnrollFactor=1, WarmupCount=10)

OverheadJitting  1: 1 op, 161553.00 ns, 161.5530 us/op
WorkloadJitting  1: 1 op, 9959489.00 ns, 9.9595 ms/op

WorkloadPilot    1: 4 op, 38889312.00 ns, 9.7223 ms/op
WorkloadPilot    2: 10 op, 67992607.00 ns, 6.7993 ms/op
WorkloadPilot    3: 15 op, 131201721.00 ns, 8.7468 ms/op
WorkloadPilot    4: 11 op, 67310342.00 ns, 6.1191 ms/op
WorkloadPilot    5: 16 op, 129540935.00 ns, 8.0963 ms/op
WorkloadPilot    6: 12 op, 95600861.00 ns, 7.9667 ms/op

WorkloadWarmup   1: 12 op, 58932491.00 ns, 4.9110 ms/op
WorkloadWarmup   2: 12 op, 103361011.00 ns, 8.6134 ms/op
WorkloadWarmup   3: 12 op, 100430592.00 ns, 8.3692 ms/op
WorkloadWarmup   4: 12 op, 97064278.00 ns, 8.0887 ms/op
WorkloadWarmup   5: 12 op, 115306392.00 ns, 9.6089 ms/op
WorkloadWarmup   6: 12 op, 57763075.00 ns, 4.8136 ms/op
WorkloadWarmup   7: 12 op, 151477469.00 ns, 12.6231 ms/op
WorkloadWarmup   8: 12 op, 129814491.00 ns, 10.8179 ms/op
WorkloadWarmup   9: 12 op, 53920374.00 ns, 4.4934 ms/op
WorkloadWarmup  10: 12 op, 118452735.00 ns, 9.8711 ms/op

// BeforeActualRun
WorkloadActual   1: 12 op, 139832688.00 ns, 11.6527 ms/op
WorkloadActual   2: 12 op, 82494066.00 ns, 6.8745 ms/op
WorkloadActual   3: 12 op, 126209569.00 ns, 10.5175 ms/op
WorkloadActual   4: 12 op, 53717728.00 ns, 4.4765 ms/op
WorkloadActual   5: 12 op, 108330548.00 ns, 9.0275 ms/op
WorkloadActual   6: 12 op, 45801663.00 ns, 3.8168 ms/op

// AfterActualRun
WorkloadResult   1: 12 op, 139832688.00 ns, 11.6527 ms/op
WorkloadResult   2: 12 op, 82494066.00 ns, 6.8745 ms/op
WorkloadResult   3: 12 op, 126209569.00 ns, 10.5175 ms/op
WorkloadResult   4: 12 op, 53717728.00 ns, 4.4765 ms/op
WorkloadResult   5: 12 op, 108330548.00 ns, 9.0275 ms/op
WorkloadResult   6: 12 op, 45801663.00 ns, 3.8168 ms/op
// GC:  0 0 0 864 12
// Threading:  0 0 12

// AfterAll
// Benchmark Process 8072 has exited with code 0.

Mean = 7.728 ms, StdErr = 1.310 ms (16.95%), N = 6, StdDev = 3.208 ms
Min = 3.817 ms, Q1 = 5.076 ms, Median = 7.951 ms, Q3 = 10.145 ms, Max = 11.653 ms
IQR = 5.069 ms, LowerFence = -2.528 ms, UpperFence = 17.748 ms
ConfidenceInterval = [-1.270 ms; 16.725 ms] (CI 99.9%), Margin = 8.997 ms (116.43% of Mean)
Skewness = -0.05, Kurtosis = 1.02, MValue = 2

// ** Remained 0 (0.0 %) benchmark(s) to run. Estimated finish 2026-10-04 12:17 (0h 0m from now) **
Run time: 00:00:17 (17.52 sec), executed benchmarks: 4

// ***** BenchmarkRunner: Finish  *****

// * Export *
  home/user/ArmoniK.Api/ffi/logs/csharp/opt/s1-s4/rpc-stock.alloc-pinned.jsonl

// * Detailed results *
RpcK1.Run: rpc(EvaluateOverhead=False, Clock=Armonik.Ffi.Bdn.CpuClock, IterationCount=6, IterationTime=100ms, LaunchCount=1, RunStrategy=Throughput, UnrollFactor=1, WarmupCount=10) [Case=A|c|P5.4|1]
Runtime = .NET 8.0.31 (8.0.31, 8.0.3126.42015), X64 RyuJIT x86-64-v4; GC = Concurrent Workstation
Mean = 17.118 ms, StdErr = 0.570 ms (3.33%), N = 6, StdDev = 1.397 ms
Min = 15.262 ms, Q1 = 16.206 ms, Median = 17.081 ms, Q3 = 18.017 ms, Max = 19.038 ms
IQR = 1.811 ms, LowerFence = 13.490 ms, UpperFence = 20.733 ms
ConfidenceInterval = [13.199 ms; 21.036 ms] (CI 99.9%), Margin = 3.918 ms (22.89% of Mean)
Skewness = 0.04, Kurtosis = 1.24, MValue = 2
-------------------- Histogram --------------------
[14.253 ms ; 15.697 ms) | @
[15.697 ms ; 17.715 ms) | @@@
[17.715 ms ; 20.047 ms) | @@
---------------------------------------------------

RpcK1.Run: rpc(EvaluateOverhead=False, Clock=Armonik.Ffi.Bdn.CpuClock, IterationCount=6, IterationTime=100ms, LaunchCount=1, RunStrategy=Throughput, UnrollFactor=1, WarmupCount=10) [Case=Cf-re(...)MiB|1 [26]]
Runtime = .NET 8.0.31 (8.0.31, 8.0.3126.42015), X64 RyuJIT x86-64-v4; GC = Concurrent Workstation
Mean = 24.203 ms, StdErr = 2.376 ms (9.82%), N = 6, StdDev = 5.820 ms
Min = 14.998 ms, Q1 = 22.026 ms, Median = 24.724 ms, Q3 = 26.633 ms, Max = 32.374 ms
IQR = 4.606 ms, LowerFence = 15.117 ms, UpperFence = 33.542 ms
ConfidenceInterval = [7.881 ms; 40.524 ms] (CI 99.9%), Margin = 16.322 ms (67.44% of Mean)
Skewness = -0.19, Kurtosis = 1.71, MValue = 2
-------------------- Histogram --------------------
[10.794 ms ; 19.994 ms) | @
[19.994 ms ; 28.402 ms) | @@@@
[28.402 ms ; 36.578 ms) | @
---------------------------------------------------

RpcK1.Run: rpc(EvaluateOverhead=False, Clock=Armonik.Ffi.Bdn.CpuClock, IterationCount=6, IterationTime=100ms, LaunchCount=1, RunStrategy=Throughput, UnrollFactor=1, WarmupCount=10) [Case=A|d|stream-16MiB|1]
Runtime = .NET 8.0.31 (8.0.31, 8.0.3126.42015), X64 RyuJIT x86-64-v4; GC = Concurrent Workstation
Mean = 47.015 ms, StdErr = 3.172 ms (6.75%), N = 6, StdDev = 7.771 ms
Min = 36.947 ms, Q1 = 40.474 ms, Median = 49.148 ms, Q3 = 53.387 ms, Max = 54.467 ms
IQR = 12.913 ms, LowerFence = 21.105 ms, UpperFence = 72.755 ms
ConfidenceInterval = [25.225 ms; 68.806 ms] (CI 99.9%), Margin = 21.791 ms (46.35% of Mean)
Skewness = -0.31, Kurtosis = 1.02, MValue = 2
-------------------- Histogram --------------------
[31.335 ms ; 43.187 ms) | @@
[43.187 ms ; 56.494 ms) | @@@@
---------------------------------------------------

RpcK1.Run: rpc(EvaluateOverhead=False, Clock=Armonik.Ffi.Bdn.CpuClock, IterationCount=6, IterationTime=100ms, LaunchCount=1, RunStrategy=Throughput, UnrollFactor=1, WarmupCount=10) [Case=Cf-retain|c|P5.4|1]
Runtime = .NET 8.0.31 (8.0.31, 8.0.3126.42015), X64 RyuJIT x86-64-v4; GC = Concurrent Workstation
Mean = 7.728 ms, StdErr = 1.310 ms (16.95%), N = 6, StdDev = 3.208 ms
Min = 3.817 ms, Q1 = 5.076 ms, Median = 7.951 ms, Q3 = 10.145 ms, Max = 11.653 ms
IQR = 5.069 ms, LowerFence = -2.528 ms, UpperFence = 17.748 ms
ConfidenceInterval = [-1.270 ms; 16.725 ms] (CI 99.9%), Margin = 8.997 ms (116.43% of Mean)
Skewness = -0.05, Kurtosis = 1.02, MValue = 2
-------------------- Histogram --------------------
[3.028 ms ;  8.023 ms) | @@@
[8.023 ms ; 12.658 ms) | @@@
---------------------------------------------------

// * Summary *

BenchmarkDotNet v0.15.8, Linux Ubuntu 24.04.4 LTS (Noble Numbat)
Intel Xeon Processor 2.80GHz, 1 CPU, 4 logical and 4 physical cores
.NET SDK 8.0.131
  [Host] : .NET 8.0.31 (8.0.31, 8.0.3126.42015), X64 RyuJIT x86-64-v4
  rpc    : .NET 8.0.31 (8.0.31, 8.0.3126.42015), X64 RyuJIT x86-64-v4

Job=rpc  EvaluateOverhead=False  Clock=Armonik.Ffi.Bdn.CpuClock  
IterationCount=6  IterationTime=100ms  LaunchCount=1  
RunStrategy=Throughput  UnrollFactor=1  WarmupCount=10  

| Method | Case                 | Mean      | Error     | StdDev   | Allocated  |
|------- |--------------------- |----------:|----------:|---------:|-----------:|
| Run    | A|c|P5.4|1           | 17.118 ms |  3.918 ms | 1.397 ms |  4241964 B |
| Run    | Cf-re(...)MiB|1 [26] | 24.203 ms | 16.322 ms | 5.820 ms |      336 B |
| Run    | A|d|stream-16MiB|1   | 47.015 ms | 21.791 ms | 7.771 ms | 16957758 B |
| Run    | Cf-retain|c|P5.4|1   |  7.728 ms |  8.997 ms | 3.208 ms |       72 B |

// * Legends *
  Case      : Value of the 'Case' parameter
  Mean      : Arithmetic mean of all measurements
  Error     : Half of 99.9% confidence interval
  StdDev    : Standard deviation of all measurements
  Allocated : Allocated memory per single operation (managed only, inclusive, 1KB = 1024B)
  1 ms      : 1 Millisecond (0.001 sec)

// * Diagnostic Output - AkRpcProcessCpu *

// * Diagnostic Output - MemoryDiagnoser *


// ***** BenchmarkRunner: End *****
Global total time: 00:00:41 (41.17 sec), executed benchmarks: 4
// * Artifacts cleanup *
Artifacts cleanup is finished
