# FIGURES STRIPPED; the raw pyperf JSON is not committed
shapes|P1.1|ascii|encode|incumbent-prod|incumbent-default: [stripped]
shapes|P1.1|ascii|encode|core-ffi|retain: [stripped]
shapes|P1.1|ascii|encode|host-gen|retain: [stripped]
shapes|P1.1|ascii|decode+read|incumbent-prod|incumbent-default: [stripped]
shapes|P1.1|ascii|decode+read|core-ffi|retain: [stripped]
shapes|P1.1|ascii|decode+read|host-gen|retain: [stripped]
shapes|P1.2|ascii|encode|incumbent-prod|incumbent-default: [stripped]
shapes|P1.2|ascii|encode|core-ffi|retain: [stripped]
shapes|P1.2|ascii|encode|host-gen|retain: [stripped]
shapes|P1.2|ascii|decode+read|incumbent-prod|incumbent-default: [stripped]
shapes|P1.2|ascii|decode+read|core-ffi|retain: [stripped]
shapes|P1.2|ascii|decode+read|host-gen|retain: [stripped]
shapes|P1.3|ascii|encode|incumbent-prod|incumbent-default: [stripped]
shapes|P1.3|ascii|encode|core-ffi|retain: [stripped]
shapes|P1.3|ascii|encode|host-gen|retain: [stripped]
shapes|P1.3|ascii|decode+read|incumbent-prod|incumbent-default: [stripped]
shapes|P1.3|ascii|decode+read|core-ffi|retain: [stripped]
shapes|P1.3|ascii|decode+read|host-gen|retain: [stripped]
shapes|P2.1|ascii|encode|incumbent-prod|incumbent-default: [stripped]
shapes|P2.1|ascii|encode|core-ffi|retain: [stripped]
shapes|P2.1|ascii|encode|host-gen|retain: [stripped]
shapes|P2.1|ascii|decode+read|incumbent-prod|incumbent-default: [stripped]
shapes|P2.1|ascii|decode+read|core-ffi|retain: [stripped]
shapes|P2.1|ascii|decode+read|host-gen|retain: [stripped]
shapes|P2.2|ascii|encode|incumbent-prod|incumbent-default: [stripped]
shapes|P2.2|ascii|encode|core-ffi|retain: [stripped]
shapes|P2.2|ascii|encode|host-gen|retain: [stripped]
shapes|P2.2|ascii|decode+read|incumbent-prod|incumbent-default: [stripped]
shapes|P2.2|ascii|decode+read|core-ffi|retain: [stripped]
shapes|P2.2|ascii|decode+read|host-gen|retain: [stripped]
shapes|P2.2|latin1|encode|incumbent-prod|incumbent-default: [stripped]
shapes|P2.2|latin1|encode|core-ffi|retain: [stripped]
shapes|P2.2|latin1|encode|host-gen|retain: [stripped]
shapes|P2.2|latin1|decode+read|incumbent-prod|incumbent-default: [stripped]
shapes|P2.2|latin1|decode+read|core-ffi|retain: [stripped]
shapes|P2.2|latin1|decode+read|host-gen|retain: [stripped]
shapes|P2.2|wide|encode|incumbent-prod|incumbent-default: [stripped]
shapes|P2.2|wide|encode|core-ffi|retain: [stripped]
shapes|P2.2|wide|encode|host-gen|retain: [stripped]
shapes|P2.2|wide|decode+read|incumbent-prod|incumbent-default: [stripped]
shapes|P2.2|wide|decode+read|core-ffi|retain: [stripped]
shapes|P2.2|wide|decode+read|host-gen|retain: [stripped]
shapes|P2.3|ascii|encode|incumbent-prod|incumbent-default: [stripped]
shapes|P2.3|ascii|encode|core-ffi|retain: [stripped]
shapes|P2.3|ascii|encode|host-gen|retain: [stripped]
shapes|P2.3|ascii|decode+read|incumbent-prod|incumbent-default: [stripped]
shapes|P2.3|ascii|decode+read|core-ffi|retain: [stripped]
shapes|P2.3|ascii|decode+read|host-gen|retain: [stripped]
shapes|P2.4|ascii|encode|incumbent-prod|incumbent-default: [stripped]
shapes|P2.4|ascii|encode|core-ffi|retain: [stripped]
shapes|P2.4|ascii|encode|host-gen|retain: [stripped]
shapes|P2.4|ascii|decode+read|incumbent-prod|incumbent-default: [stripped]
shapes|P2.4|ascii|decode+read|core-ffi|retain: [stripped]
shapes|P2.4|ascii|decode+read|host-gen|retain: [stripped]
shapes|P2.5|ascii|encode|incumbent-prod|incumbent-default: [stripped]
shapes|P2.5|ascii|encode|core-ffi|retain: [stripped]
shapes|P2.5|ascii|encode|host-gen|retain: [stripped]
shapes|P2.5|ascii|decode+read|incumbent-prod|incumbent-default: [stripped]
shapes|P2.5|ascii|decode+read|core-ffi|retain: [stripped]
shapes|P2.5|ascii|decode+read|host-gen|retain: [stripped]
shapes|P3.1|ascii|encode|incumbent-prod|incumbent-default: [stripped]
shapes|P3.1|ascii|encode|core-ffi|retain: [stripped]
shapes|P3.1|ascii|encode|host-gen|retain: [stripped]
shapes|P3.1|ascii|decode+read|incumbent-prod|incumbent-default: [stripped]
shapes|P3.1|ascii|decode+read|core-ffi|retain: [stripped]
shapes|P3.1|ascii|decode+read|host-gen|retain: [stripped]
shapes|P4.1|ascii|encode|incumbent-prod|incumbent-default: [stripped]
shapes|P4.1|ascii|encode|core-ffi|retain: [stripped]
shapes|P4.1|ascii|encode|host-gen|retain: [stripped]
shapes|P4.1|ascii|decode+read|incumbent-prod|incumbent-default: [stripped]
shapes|P4.1|ascii|decode+read|core-ffi|retain: [stripped]
shapes|P4.1|ascii|decode+read|host-gen|retain: [stripped]
shapes|P5.1|ascii|encode|incumbent-prod|incumbent-default: [stripped]
shapes|P5.1|ascii|encode|core-ffi|retain: [stripped]
shapes|P5.1|ascii|encode|host-gen|retain: [stripped]
shapes|P5.1|ascii|decode+read|incumbent-prod|incumbent-default: [stripped]
shapes|P5.1|ascii|decode+read|core-ffi|retain: [stripped]
shapes|P5.1|ascii|decode+read|host-gen|retain: [stripped]
shapes|P5.2|ascii|encode|incumbent-prod|incumbent-default: [stripped]
shapes|P5.2|ascii|encode|core-ffi|retain: [stripped]
shapes|P5.2|ascii|encode|host-gen|retain: [stripped]
shapes|P5.2|ascii|decode+read|incumbent-prod|incumbent-default: [stripped]
shapes|P5.2|ascii|decode+read|core-ffi|retain: [stripped]
shapes|P5.2|ascii|decode+read|host-gen|retain: [stripped]
shapes|P5.3|ascii|encode|incumbent-prod|incumbent-default: [stripped]
shapes|P5.3|ascii|encode|core-ffi|retain: [stripped]
shapes|P5.3|ascii|encode|host-gen|retain: [stripped]
shapes|P5.3|ascii|decode+read|incumbent-prod|incumbent-default: [stripped]
shapes|P5.3|ascii|decode+read|core-ffi|retain: [stripped]
shapes|P5.3|ascii|decode+read|host-gen|retain: [stripped]
shapes|P5.4|ascii|encode|incumbent-prod|incumbent-default: [stripped]
shapes|P5.4|ascii|encode|core-ffi|retain: [stripped]
shapes|P5.4|ascii|encode|host-gen|retain: [stripped]
shapes|P5.4|ascii|decode+read|incumbent-prod|incumbent-default: [stripped]
shapes|P5.4|ascii|decode+read|core-ffi|retain: [stripped]
shapes|P5.4|ascii|decode+read|host-gen|retain: [stripped]
shapes|P6.1|ascii|encode|incumbent-prod|incumbent-default: [stripped]
shapes|P6.1|ascii|encode|core-ffi|retain: [stripped]
shapes|P6.1|ascii|encode|host-gen|retain: [stripped]
shapes|P6.1|ascii|decode+read|incumbent-prod|incumbent-default: [stripped]
shapes|P6.1|ascii|decode+read|core-ffi|retain: [stripped]
shapes|P6.1|ascii|decode+read|host-gen|retain: [stripped]
shapes|P7.1|ascii|decode+read|incumbent-prod|incumbent-default: [stripped]
shapes|P7.1|ascii|decode+read|core-ffi|retain: [stripped]
shapes|P7.1|ascii|decode+read|host-gen|retain: [stripped]
