# D21 string-length sweep: process CPU per encode (ns), median [min-max] over 6 rounds, one process, paths interleaved and rotated per round

CONTAINER INSTRUMENTATION. One core-ffi EncodeInto of UploadResultDataMessage{upload.session_id = the string}; E0 = .NET UTF-8 into native staging + ak_tc_bytes; E1 = the string pinned (GCHandle) + ak_tc_utf16 (simdutf); E2 = the C# transcoder callback writing into the core's buffer; E3 = that callback calling the core's ak_utf16_to_utf8 (worst-case grow), E3L = sized by ak_utf16_utf8_len first; E1R = the string pinned by `fixed` in the root frame + ak_tc_utf16; E1C = a GCHandle per chunk. Environment: Vector512.IsHardwareAccelerated=False. `pin` = GCHandle.Alloc(Pinned) + Free alone, ns. Byte identity of every path checked first: all identical.

| content | chars | UTF-8 bytes | E0 | E1R | pin | fastest |
|---|---:|---:|---:|---:|---:|---|
| ascii | 16 | 16 | 75 [73-96] | 117 [115-123] | 42.4 | E0 |
| ascii | 32 | 32 | 73 [72-77] | 121 [118-174] | 46.2 | E0 |
| ascii | 40 | 40 | 73 [73-84] | 121 [119-151] | 40.2 | E0 |
| ascii | 48 | 48 | 73 [72-74] | 122 [121-126] | 40.1 | E0 |
| ascii | 64 | 64 | 73 [73-73] | 125 [124-131] | 39.2 | E0 |
| ascii | 96 | 96 | 76 [75-89] | 145 [132-149] | 40.3 | E0 |
| ascii | 128 | 128 | 78 [77-78] | 143 [142-144] | 40.1 | E0 |
| ascii | 192 | 192 | 83 [81-83] | 158 [157-164] | 41.0 | E0 |
| ascii | 256 | 256 | 86 [85-86] | 173 [172-175] | 40.4 | E0 |
| ascii | 1024 | 1024 | 124 [124-126] | 354 [350-370] | 38.2 | E0 |
| ascii | 16384 | 16384 | 1132 [1122-1151] | 3959 [3873-4033] | 39.2 | E0 |
| latin1 | 16 | 32 | 82 [81-83] | 149 [148-152] | 39.9 | E0 |
| latin1 | 32 | 64 | 93 [92-94] | 189 [188-192] | 40.0 | E0 |
| latin1 | 40 | 80 | 99 [98-102] | 208 [207-211] | 39.9 | E0 |
| latin1 | 48 | 96 | 107 [104-113] | 237 [228-284] | 40.2 | E0 |
| latin1 | 64 | 128 | 118 [117-119] | 271 [267-281] | 39.7 | E0 |
| latin1 | 96 | 192 | 143 [142-144] | 358 [355-409] | 40.2 | E0 |
| latin1 | 128 | 256 | 170 [167-176] | 443 [434-449] | 43.8 | E0 |
| latin1 | 192 | 384 | 250 [246-251] | 595 [589-622] | 40.1 | E0 |
| latin1 | 256 | 512 | 270 [269-274] | 755 [749-759] | 38.8 | E0 |
| latin1 | 1024 | 2048 | 873 [870-881] | 2625 [2619-2633] | 41.0 | E0 |
| latin1 | 16384 | 32768 | 13329 [13105-13427] | 40452 [40016-42503] | 39.8 | E0 |
| wide | 16 | 48 | 92 [91-93] | 160 [160-160] | 38.5 | E0 |
| wide | 32 | 96 | 115 [113-123] | 223 [219-241] | 41.4 | E0 |
| wide | 40 | 120 | 129 [124-136] | 244 [241-248] | 38.1 | E0 |
| wide | 48 | 144 | 140 [138-141] | 270 [267-273] | 40.2 | E0 |
| wide | 64 | 192 | 165 [164-198] | 353 [326-381] | 39.9 | E0 |
| wide | 96 | 288 | 218 [211-220] | 440 [436-446] | 40.1 | E0 |
| wide | 128 | 384 | 251 [249-262] | 546 [542-586] | 39.9 | E0 |
| wide | 192 | 576 | 344 [342-352] | 761 [757-764] | 40.5 | E0 |
| wide | 256 | 768 | 438 [431-457] | 995 [980-1036] | 40.7 | E0 |
| wide | 1024 | 3072 | 1550 [1525-1574] | 3601 [3557-3681] | 41.4 | E0 |
| wide | 16384 | 49152 | 23733 [23655-23838] | 55066 [54771-55141] | 38.7 | E0 |
| astral | 16 | 32 | 91 [90-92] | 135 [135-141] | 40.6 | E0 |
| astral | 32 | 64 | 115 [115-118] | 162 [161-166] | 40.1 | E0 |
| astral | 40 | 80 | 131 [128-143] | 179 [177-183] | 40.6 | E0 |
| astral | 48 | 96 | 140 [139-142] | 188 [188-189] | 38.2 | E0 |
| astral | 64 | 128 | 167 [166-168] | 220 [219-221] | 40.8 | E0 |
| astral | 96 | 192 | 223 [220-226] | 275 [272-278] | 40.8 | E0 |
| astral | 128 | 256 | 271 [270-276] | 342 [339-347] | 40.1 | E0 |
| astral | 192 | 384 | 378 [372-406] | 455 [449-493] | 40.4 | E0 |
| astral | 256 | 512 | 472 [469-476] | 561 [556-567] | 40.1 | E0 |
| astral | 1024 | 2048 | 1640 [1631-1742] | 1902 [1854-1951] | 39.9 | E0 |
| astral | 16384 | 32768 | 23710 [23596-23910] | 27967 [27698-28266] | 38.4 | E0 |
