# D21 string-length sweep: process CPU per encode (ns), median [min-max] over 6 rounds, one process, paths interleaved and rotated per round

CONTAINER INSTRUMENTATION. One core-ffi EncodeInto of UploadResultDataMessage{upload.session_id = the string}; E0 = .NET UTF-8 into native staging + ak_tc_bytes; E1 = the string pinned (GCHandle) + ak_tc_utf16 (simdutf); E2 = the C# transcoder callback writing into the core's buffer; E3 = that callback calling the core's ak_utf16_to_utf8 (worst-case grow), E3L = sized by ak_utf16_utf8_len first; E1R = the string pinned by `fixed` in the root frame + ak_tc_utf16; E1C = a GCHandle per chunk. Environment: Vector512.IsHardwareAccelerated=False. `pin` = GCHandle.Alloc(Pinned) + Free alone, ns. Byte identity of every path checked first: all identical.

| content | chars | UTF-8 bytes | E0 | E1R | pin | fastest |
|---|---:|---:|---:|---:|---:|---|
| ascii | 16 | 16 | 76 [74-101] | 704 [692-723] | 41.8 | E0 |
| ascii | 32 | 32 | 81 [79-88] | 788 [733-1120] | 78.0 | E0 |
| ascii | 40 | 40 | 78 [76-93] | 703 [694-893] | 59.9 | E0 |
| ascii | 48 | 48 | 78 [77-83] | 702 [694-710] | 40.1 | E0 |
| ascii | 64 | 64 | 77 [76-91] | 715 [691-727] | 37.9 | E0 |
| ascii | 96 | 96 | 82 [78-88] | 711 [698-785] | 41.6 | E0 |
| ascii | 128 | 128 | 83 [80-86] | 710 [702-733] | 38.4 | E0 |
| ascii | 192 | 192 | 91 [91-91] | 710 [707-723] | 38.2 | E0 |
| ascii | 256 | 256 | 90 [89-90] | 713 [708-720] | 40.7 | E0 |
| ascii | 1024 | 1024 | 129 [127-131] | 760 [751-777] | 40.5 | E0 |
| ascii | 16384 | 16384 | 1100 [1095-1108] | 1711 [1691-1731] | 40.3 | E0 |
| latin1 | 16 | 32 | 83 [82-83] | 713 [701-722] | 39.8 | E0 |
| latin1 | 32 | 64 | 110 [95-123] | 787 [718-908] | 60.1 | E0 |
| latin1 | 40 | 80 | 99 [98-101] | 724 [719-730] | 38.5 | E0 |
| latin1 | 48 | 96 | 106 [105-119] | 738 [720-754] | 41.0 | E0 |
| latin1 | 64 | 128 | 118 [116-120] | 734 [726-771] | 44.6 | E0 |
| latin1 | 96 | 192 | 143 [141-146] | 751 [743-757] | 40.2 | E0 |
| latin1 | 128 | 256 | 164 [163-178] | 757 [752-809] | 39.9 | E0 |
| latin1 | 192 | 384 | 204 [203-206] | 769 [768-789] | 40.4 | E0 |
| latin1 | 256 | 512 | 248 [247-252] | 791 [786-795] | 40.3 | E0 |
| latin1 | 1024 | 2048 | 788 [781-803] | 1045 [1036-1056] | 39.7 | E0 |
| latin1 | 16384 | 32768 | 12001 [11746-12407] | 6178 [6141-6360] | 44.6 | E1R |
| wide | 16 | 48 | 96 [95-96] | 717 [714-718] | 40.3 | E0 |
| wide | 32 | 96 | 117 [116-121] | 724 [723-745] | 38.7 | E0 |
| wide | 40 | 120 | 130 [128-132] | 754 [741-780] | 41.7 | E0 |
| wide | 48 | 144 | 146 [141-151] | 774 [741-826] | 41.8 | E0 |
| wide | 64 | 192 | 167 [164-212] | 768 [753-783] | 43.4 | E0 |
| wide | 96 | 288 | 216 [211-226] | 783 [765-824] | 41.5 | E0 |
| wide | 128 | 384 | 253 [251-272] | 789 [777-804] | 40.6 | E0 |
| wide | 192 | 576 | 344 [342-345] | 806 [804-808] | 38.0 | E0 |
| wide | 256 | 768 | 440 [434-471] | 850 [843-878] | 40.1 | E0 |
| wide | 1024 | 3072 | 1523 [1515-1557] | 1185 [1178-1186] | 39.7 | E1R |
| wide | 16384 | 49152 | 23779 [23637-23831] | 8189 [8157-8411] | 38.4 | E1R |
| astral | 16 | 32 | 95 [95-96] | 721 [719-728] | 40.4 | E0 |
| astral | 32 | 64 | 124 [121-134] | 760 [753-811] | 40.3 | E0 |
| astral | 40 | 80 | 133 [131-136] | 774 [761-793] | 39.7 | E0 |
| astral | 48 | 96 | 144 [144-146] | 775 [771-788] | 39.9 | E0 |
| astral | 64 | 128 | 170 [169-170] | 804 [801-806] | 40.4 | E0 |
| astral | 96 | 192 | 228 [224-230] | 859 [853-874] | 39.6 | E0 |
| astral | 128 | 256 | 278 [276-297] | 919 [904-925] | 40.3 | E0 |
| astral | 192 | 384 | 373 [373-389] | 1020 [1015-1049] | 40.4 | E0 |
| astral | 256 | 512 | 483 [477-543] | 1146 [1128-1265] | 40.4 | E0 |
| astral | 1024 | 2048 | 1650 [1635-1711] | 2330 [2306-2350] | 40.1 | E0 |
| astral | 16384 | 32768 | 23921 [23636-23938] | 26524 [26182-26967] | 40.7 | E0 |
