# engine:         BenchmarkDotNet 0.15.8.0 (CAMPAIGN.md 22a), toolchain BDN's default, ONE CHILD PROCESS PER CASE (the campaign's native isolation, req 22a as amended e6c909630); process CPU per iteration from the child's clock reads, each pair checked against BDN's wall measurement; the JIT tier is NOT read back (the children's JIT events are not visible here), so the jit check below is vacuous in this mode, pinned by the runner
# grid:           core (CAMPAIGN section 4.0, D18; AK_CAMPAIGN_GRID=core): arms incumbent-prod (full build only), core-ffi (FSM decode, D24) and host-gen (retain in the full build, no-unknown in its build); encode-transport-hot (end state ii, one hot graph) and decode-read; the 16 shapes, P7.1 decode only; Latin-1 and wide on P2.2 only; U-* rows U-nested-before, U-deep-u-repeated, U-oneof-u-repeated, U-wire-ListTaskSummaryResponse-tasks-as-wt5, U-wire-UploadResultDataMessage-upload-as-wt5, U-wire-ListMetricsResponse-batches-as-wt0, U-wire-DualResponse-left-as-wt5 (encode-transport-hot and decode-read). Extras left out (AK_CAMPAIGN_GRID=full runs them): incumbent-best, core-ffi-push (push decode), core-ffi-pull, bare decode, encode at end state (i) and with a pool input, decode-reencode, the drop mode, the incumbent in the no-unknown build, content sets on P1.2 and P2.4, the other U-* rows timed (all stay in the correctness checks)
# allocator:      default (readback at process start: a 16 MiB malloc came from the mmapped (mallinfo2; the block kept, never freed); no heap pre-grow (owner, 2026-10-03): BDN's warm-up runs the real call path, and minflt per row shows whether it sufficed; under the default toolchain each child probes once, on its case's first row as alloc_probe; GLIBC_TUNABLES=unset; CAMPAIGN req 25 as amended 2026-10-03, D9: the main figures run glibc's default allocator as production does; the pinned pass (glibc.malloc.trim_threshold=268435456:glibc.malloc.mmap_threshold=33554432) is a labelled diagnostic; every row carries `alloc` and `minflt`, the process's minor page faults over the iteration (getrusage, read by the job's clock beside the CPU clock), so faults per call = minflt / iters)
# runtime:        .NET 8.0.31; TieredCompilation=default TieredPGO=default (net8.0 defaults unless set); GC server=False, concurrent (default)
# incumbent:      Google.Protobuf 3.32.0
# build:          full (WP5 step 10; the loaded core checked to be the same variant by its u-family exports)
# managed codec:  plan utf8=reject unknown=drop
# job:            launch 2; 6 actual iterations (rounds) per case, 25 warm-up iterations (the same for every case) after BDN's jitting stage (1 overhead + 1 workload jitting invocation per case, logged by BDN in the .bdn.log, not exported) and pilot, iteration time 40 ms (the pilot picks the invocation count per case), strategy Throughput, EvaluateOverhead=false (no overhead subtraction anywhere)
# clocks:         per iteration (every row with round >= 1): wall (Stopwatch) AND process CPU (CLOCK_PROCESS_CPUTIME_ID of this process: every thread, GC and JIT included; CAMPAIGN req 21 as amended, R-H25), both read by the job's clock (CpuClock, Job.WithClock) at the start and end of the same iteration window, exported RAW (no outlier removal, no overhead subtraction); BDN's forced GCs between iterations are outside the window; the round-0 row of each case is a summary of the whole actual stage (span_cpu_ns, span_wall_ns), not a sample
# threads:        thread pool min 2 worker / 1 IO, max 32767 worker / 1000 IO, 0 pool thread(s) now; 2 logical CPUs visible; the codec suite creates no core runtime (no RPC call is made); the timed loop runs on BDN's one thread
# encode:         CAMPAIGN req 11 (R-H29): dir encode = pool input + reused buffer; encode-hot = one graph + reused buffer; encode-transport = pool + the Grpc.Net form; encode-transport-hot = one graph + the Grpc.Net form. Reused buffer: incumbent-prod CalculateSize + WriteTo(IBufferWriter) and incumbent-best WriteTo(IBufferWriter) into one BufWriter, host-gen into its one Enc, core-ffi into the core's encode buffer (ak_encode_*/ak_uencode_*; that buffer is also what cell C hands the core's transport, and host-gen's Enc what cell E hands it, so their transport forms on the core's transport ARE the buffer rows). Grpc.Net form (cells A, F, D): the serializer the RPC grid's marshaller runs (RootOps.SerInc/SerHost/SerFfi), into a frame like Grpc.Net.Client 2.71's GrpcCallSerializationContext: one ArrayPool array, the 5-byte gRPC header, the body, the array returned after (GrpcFrame.cs); incumbent-best has no gRPC path and no transport row. Pool: distinct graphs built in the case's setup whose RETAINED heap is >= 28835840 bytes (2 x AK_LLC_BYTES, default 13.75 MB; AK_POOL_BYTES overrides; per row pool_graphs and pool_bytes), round robin one graph per call; a hot input is a pool of one (the same Next() per call); graph construction is never in the timed window
# U-* rows:       CAMPAIGN req 7 (R-H27): the 92 accepted, non-disputed U-* rows at the shapes core's 7 ABI roots, through this timed shapes core: encode-hot (a graph the arm decoded from the row, untimed; retain arms re-emit the unknown fields, drop arms the dropped form), decode, decode-read, and decode-reencode (a labelled extra; no incumbent-best row)
# content sets:   CAMPAIGN req 7 (R-H26): ascii, latin1 and wide on P1.2, P2.2, P2.4; ascii only elsewhere
# order:          seeded shuffles (below); ratios, where the aggregation forms them, come from per-launch medians (CAMPAIGN req 30): every unit is its own process
# process unit:   all cases; this launch's unit order: core-ffi:drop, core-ffi:retain (a seeded shuffle, seed 15838; within this process the cases run in a seeded shuffle too, seed 209458, the 2 prime cases first; requirement 22 as amended, R-H23)
# warm-up:        BenchmarkDotNet's own, per case: its jitting stage, pilot and the warm-up iterations of the job line (req 24; WP9 addendum: no hand-written pre-warm and no settle wait; the 2 prime cases below are BDN cases); the JIT tier is read back per case and a case that measured hot code at tier 0 fails the unit outside --smoke (the jit check below)
# correctness:    4525 pre-timing checks passed (byte identity of every encode arm per payload and content set; every arm accepts every unknown row; on every unknown row core-ffi retain and host-gen retain re-encode to the incumbent's bytes, i.e. the unknown fields are kept: requirement 10)
# cases:          4 exported, after 2 prime case(s) run first and not exported (copies of the first cases, content "prime"): BDN cases like any other, kept because without them the first case of a process measures BDN's own first-touched runtime helpers (SpanHelpers.Fill) at tier 0 (JOURNAL 51, 62)
# strings:        D21 string encode path AK_STR_ENC=E0 (E0 .NET UTF-8 into native staging + ak_tc_bytes; E1 the string pinned + ak_tc_utf16; E2 the C# transcoder callback into the core's buffer; ETH:<n> E1 from n UTF-16 units, E0 below); Cases.Verify checks every path's bytes
# memory:         AK_BDN_MEMORY=1: BenchmarkDotNet's MemoryDiagnoser (an exploration switch, not a campaign setting): one extra workload iteration per case AFTER the actual stage, at the actual stage's invocation count, outside the job's clock (no exported sample is affected); on each case's first sample row mem_alloc_bytes_per_op (GC.GetTotalAllocatedBytes(precise), every thread, divided by its operations), mem_gen = [gen0, gen1, gen2] collections during it, mem_ops its operations, mem_alloc_bytes its total
# cpus:           this process: 2 CPU(s) in its affinity mask (sched_getaffinity), Environment.ProcessorCount 2; single-CPU guard (JOURNAL 73): a timed process (host or BDN child) with ONE CPU is refused unless AK_ALLOW_SINGLE_CPU=1 (here: unset); each case's first row carries cpus_affinity, cpus_runtime and single_cpu_override as its own process saw them
// Validating benchmarks:
// ***** BenchmarkRunner: Start   *****
// ***** Found 6 benchmark(s) in total *****
// ***** Building 1 exe(s) in Parallel: Start   *****
Unable to find .sln or .csproj file. Will use current directory /home/user/ArmoniK.Api/ffi/poc/csharp to search for project file. If you don't use .sln file on purpose it should not be a problem.
// start dotnet  restore --nodeReuse:false /p:UseSharedCompilation=false /p:Deterministic=true /p:Optimize=true /p:ArtifactsPath="/home/user/ArmoniK.Api/ffi/poc/csharp/src/BenchDotNet/bin/Release/net8.0/BenchDotNet-campaign-1/" /p:OutDir="/home/user/ArmoniK.Api/ffi/poc/csharp/src/BenchDotNet/bin/Release/net8.0/BenchDotNet-campaign-1/bin/Release/net8.0/" /p:OutputPath="/home/user/ArmoniK.Api/ffi/poc/csharp/src/BenchDotNet/bin/Release/net8.0/BenchDotNet-campaign-1/bin/Release/net8.0/" /p:PublishDir="/home/user/ArmoniK.Api/ffi/poc/csharp/src/BenchDotNet/bin/Release/net8.0/BenchDotNet-campaign-1/publish/" in /home/user/ArmoniK.Api/ffi/poc/csharp/src/BenchDotNet/bin/Release/net8.0/BenchDotNet-campaign-1
// command took 1.88 sec and exited with 0
// start dotnet  build -c Release --no-restore --nodeReuse:false /p:UseSharedCompilation=false /p:Deterministic=true /p:Optimize=true /p:ArtifactsPath="/home/user/ArmoniK.Api/ffi/poc/csharp/src/BenchDotNet/bin/Release/net8.0/BenchDotNet-campaign-1/" /p:OutDir="/home/user/ArmoniK.Api/ffi/poc/csharp/src/BenchDotNet/bin/Release/net8.0/BenchDotNet-campaign-1/bin/Release/net8.0/" /p:OutputPath="/home/user/ArmoniK.Api/ffi/poc/csharp/src/BenchDotNet/bin/Release/net8.0/BenchDotNet-campaign-1/bin/Release/net8.0/" /p:PublishDir="/home/user/ArmoniK.Api/ffi/poc/csharp/src/BenchDotNet/bin/Release/net8.0/BenchDotNet-campaign-1/publish/" --output "/home/user/ArmoniK.Api/ffi/poc/csharp/src/BenchDotNet/bin/Release/net8.0/BenchDotNet-campaign-1/bin/Release/net8.0/" in /home/user/ArmoniK.Api/ffi/poc/csharp/src/BenchDotNet/bin/Release/net8.0/BenchDotNet-campaign-1
// command took 17.15 sec and exited with 0
// ***** Done, took 00:00:19 (19.14 sec)   *****
// Found 6 benchmarks:
//   CodecSuite.Run: campaign(EvaluateOverhead=False, Clock=Armonik.Ffi.Bdn.CpuClock, IterationCount=6, IterationTime=40ms, LaunchCount=1, RunStrategy=Throughput, WarmupCount=25) [Case=core-(...)etain [42]]
//   CodecSuite.Run: campaign(EvaluateOverhead=False, Clock=Armonik.Ffi.Bdn.CpuClock, IterationCount=6, IterationTime=40ms, LaunchCount=1, RunStrategy=Throughput, WarmupCount=25) [Case=core-(...)|drop [40]]
//   CodecSuite.Run: campaign(EvaluateOverhead=False, Clock=Armonik.Ffi.Bdn.CpuClock, IterationCount=6, IterationTime=40ms, LaunchCount=1, RunStrategy=Throughput, WarmupCount=25) [Case=core-(...)|drop [40]]
//   CodecSuite.Run: campaign(EvaluateOverhead=False, Clock=Armonik.Ffi.Bdn.CpuClock, IterationCount=6, IterationTime=40ms, LaunchCount=1, RunStrategy=Throughput, WarmupCount=25) [Case=core-(...)etain [42]]
//   CodecSuite.Run: campaign(EvaluateOverhead=False, Clock=Armonik.Ffi.Bdn.CpuClock, IterationCount=6, IterationTime=40ms, LaunchCount=1, RunStrategy=Throughput, WarmupCount=25) [Case=core-(...)|drop [40]]
//   CodecSuite.Run: campaign(EvaluateOverhead=False, Clock=Armonik.Ffi.Bdn.CpuClock, IterationCount=6, IterationTime=40ms, LaunchCount=1, RunStrategy=Throughput, WarmupCount=25) [Case=core-(...)etain [42]]

// **************************
// Benchmark: CodecSuite.Run: campaign(EvaluateOverhead=False, Clock=Armonik.Ffi.Bdn.CpuClock, IterationCount=6, IterationTime=40ms, LaunchCount=1, RunStrategy=Throughput, WarmupCount=25) [Case=core-(...)etain [42]]
// *** Execute ***
// Launch: 1 / 1
// Execute: dotnet BenchDotNet-campaign-1.dll --anonymousPipes 132 133 --benchmarkName "Armonik.Ffi.Bdn.CodecSuite.Run(Case: \"core-ffi|encode-core-hot|P1.1|prime|retain\")" --job campaign --benchmarkId 0 in /home/user/ArmoniK.Api/ffi/poc/csharp/src/BenchDotNet/bin/Release/net8.0/BenchDotNet-campaign-1/bin/Release/net8.0
// BeforeAnythingElse

// Benchmark Process Environment Information:
// BenchmarkDotNet v0.15.8
// Runtime=.NET 8.0.31 (8.0.31, 8.0.3126.42015), X64 RyuJIT x86-64-v4
// GC=Concurrent Workstation
// HardwareIntrinsics=AVX512 IFMA+VBMI,AVX512 F+BW+CD+DQ+VL,AVX2+BMI1+BMI2+F16C+FMA+LZCNT+MOVBE,AVX,SSE3+SSSE3+SSE4.1+SSE4.2+POPCNT,X86Base+SSE+SSE2,AES+PCLMUL,AvxVnni,SERIALIZE VectorSize=256
// Job: campaign(EvaluateOverhead=False, Clock=Armonik.Ffi.Bdn.CpuClock, IterationCount=6, IterationTime=40ms, LaunchCount=1, RunStrategy=Throughput, WarmupCount=25)

OverheadJitting  1: 1 op, 246268.00 ns, 246.2680 us/op
WorkloadJitting  1: 1 op, 4554665.00 ns, 4.5547 ms/op

WorkloadPilot    1: 4 op, 16602.00 ns, 4.1505 us/op
WorkloadPilot    2: 9637 op, 12942593.00 ns, 1.3430 us/op
WorkloadPilot    3: 29784 op, 38348898.00 ns, 1.2876 us/op
WorkloadPilot    4: 31066 op, 69102180.00 ns, 2.2244 us/op
WorkloadPilot    5: 17983 op, 24923111.00 ns, 1.3859 us/op
WorkloadPilot    6: 28862 op, 29417928.00 ns, 1.0193 us/op
WorkloadPilot    7: 39244 op, 39874958.00 ns, 1.0161 us/op
WorkloadPilot    8: 39367 op, 41269949.00 ns, 1.0483 us/op
WorkloadPilot    9: 38156 op, 39187944.00 ns, 1.0270 us/op
WorkloadPilot   10: 38947 op, 40410159.00 ns, 1.0376 us/op

WorkloadWarmup   1: 38947 op, 39626129.00 ns, 1.0174 us/op
WorkloadWarmup   2: 38947 op, 40201229.00 ns, 1.0322 us/op
WorkloadWarmup   3: 38947 op, 40476927.00 ns, 1.0393 us/op
WorkloadWarmup   4: 38947 op, 39687643.00 ns, 1.0190 us/op
WorkloadWarmup   5: 38947 op, 44752864.00 ns, 1.1491 us/op
WorkloadWarmup   6: 38947 op, 40186164.00 ns, 1.0318 us/op
WorkloadWarmup   7: 38947 op, 43300799.00 ns, 1.1118 us/op
WorkloadWarmup   8: 38947 op, 45919993.00 ns, 1.1790 us/op
WorkloadWarmup   9: 38947 op, 43930169.00 ns, 1.1279 us/op
WorkloadWarmup  10: 38947 op, 45766564.00 ns, 1.1751 us/op
WorkloadWarmup  11: 38947 op, 42452545.00 ns, 1.0900 us/op
WorkloadWarmup  12: 38947 op, 42989140.00 ns, 1.1038 us/op
WorkloadWarmup  13: 38947 op, 49878274.00 ns, 1.2807 us/op
WorkloadWarmup  14: 38947 op, 42086883.00 ns, 1.0806 us/op
WorkloadWarmup  15: 38947 op, 62958007.00 ns, 1.6165 us/op
WorkloadWarmup  16: 38947 op, 40306970.00 ns, 1.0349 us/op
WorkloadWarmup  17: 38947 op, 40092377.00 ns, 1.0294 us/op
WorkloadWarmup  18: 38947 op, 40330253.00 ns, 1.0355 us/op
WorkloadWarmup  19: 38947 op, 39972165.00 ns, 1.0263 us/op
WorkloadWarmup  20: 38947 op, 39922101.00 ns, 1.0250 us/op
WorkloadWarmup  21: 38947 op, 40715890.00 ns, 1.0454 us/op
WorkloadWarmup  22: 38947 op, 40293553.00 ns, 1.0346 us/op
WorkloadWarmup  23: 38947 op, 40581648.00 ns, 1.0420 us/op
WorkloadWarmup  24: 38947 op, 40752756.00 ns, 1.0464 us/op
WorkloadWarmup  25: 38947 op, 39836004.00 ns, 1.0228 us/op

// BeforeActualRun
WorkloadActual   1: 38947 op, 43349368.00 ns, 1.1130 us/op
WorkloadActual   2: 38947 op, 40456619.00 ns, 1.0388 us/op
WorkloadActual   3: 38947 op, 43090075.00 ns, 1.1064 us/op
WorkloadActual   4: 38947 op, 44036489.00 ns, 1.1307 us/op
WorkloadActual   5: 38947 op, 41125199.00 ns, 1.0559 us/op
WorkloadActual   6: 38947 op, 40967597.00 ns, 1.0519 us/op

// AfterActualRun
WorkloadResult   1: 38947 op, 43349368.00 ns, 1.1130 us/op
WorkloadResult   2: 38947 op, 40456619.00 ns, 1.0388 us/op
WorkloadResult   3: 38947 op, 43090075.00 ns, 1.1064 us/op
WorkloadResult   4: 38947 op, 44036489.00 ns, 1.1307 us/op
WorkloadResult   5: 38947 op, 41125199.00 ns, 1.0559 us/op
WorkloadResult   6: 38947 op, 40967597.00 ns, 1.0519 us/op
// GC:  0 0 0 0 38947
// Threading:  0 0 38947

// AfterAll
// Benchmark Process 14525 has exited with code 0.

Mean = 1.083 us, StdErr = 0.016 us (1.45%), N = 6, StdDev = 0.038 us
Min = 1.039 us, Q1 = 1.053 us, Median = 1.081 us, Q3 = 1.111 us, Max = 1.131 us
IQR = 0.058 us, LowerFence = 0.965 us, UpperFence = 1.199 us
ConfidenceInterval = [0.975 us; 1.191 us] (CI 99.9%), Margin = 0.108 us (9.95% of Mean)
Skewness = 0.05, Kurtosis = 0.89, MValue = 2

// ** Remained 5 (83.3 %) benchmark(s) to run. Estimated finish 2026-10-10 15:11 (0h 0m from now) **
// **************************
// Benchmark: CodecSuite.Run: campaign(EvaluateOverhead=False, Clock=Armonik.Ffi.Bdn.CpuClock, IterationCount=6, IterationTime=40ms, LaunchCount=1, RunStrategy=Throughput, WarmupCount=25) [Case=core-(...)|drop [40]]
// *** Execute ***
// Launch: 1 / 1
// Execute: dotnet BenchDotNet-campaign-1.dll --anonymousPipes 132 133 --benchmarkName "Armonik.Ffi.Bdn.CodecSuite.Run(Case: \"core-ffi|encode-core-hot|P1.1|prime|drop\")" --job campaign --benchmarkId 1 in /home/user/ArmoniK.Api/ffi/poc/csharp/src/BenchDotNet/bin/Release/net8.0/BenchDotNet-campaign-1/bin/Release/net8.0
// BeforeAnythingElse

// Benchmark Process Environment Information:
// BenchmarkDotNet v0.15.8
// Runtime=.NET 8.0.31 (8.0.31, 8.0.3126.42015), X64 RyuJIT x86-64-v4
// GC=Concurrent Workstation
// HardwareIntrinsics=AVX512 IFMA+VBMI,AVX512 F+BW+CD+DQ+VL,AVX2+BMI1+BMI2+F16C+FMA+LZCNT+MOVBE,AVX,SSE3+SSSE3+SSE4.1+SSE4.2+POPCNT,X86Base+SSE+SSE2,AES+PCLMUL,AvxVnni,SERIALIZE VectorSize=256
// Job: campaign(EvaluateOverhead=False, Clock=Armonik.Ffi.Bdn.CpuClock, IterationCount=6, IterationTime=40ms, LaunchCount=1, RunStrategy=Throughput, WarmupCount=25)

OverheadJitting  1: 1 op, 247518.00 ns, 247.5180 us/op
WorkloadJitting  1: 1 op, 4795728.00 ns, 4.7957 ms/op

WorkloadPilot    1: 4 op, 15875.00 ns, 3.9688 us/op
WorkloadPilot    2: 10079 op, 13626258.00 ns, 1.3519 us/op
WorkloadPilot    3: 29587 op, 38702696.00 ns, 1.3081 us/op
WorkloadPilot    4: 30579 op, 39768529.00 ns, 1.3005 us/op
WorkloadPilot    5: 30757 op, 50516190.00 ns, 1.6424 us/op
WorkloadPilot    6: 24354 op, 17527974.00 ns, 719.7164 ns/op
WorkloadPilot    7: 55577 op, 39221780.00 ns, 705.7196 ns/op
WorkloadPilot    8: 56680 op, 40227557.00 ns, 709.7311 ns/op
WorkloadPilot    9: 56359 op, 40325966.00 ns, 715.5195 ns/op

WorkloadWarmup   1: 56359 op, 39930623.00 ns, 708.5048 ns/op
WorkloadWarmup   2: 56359 op, 40278230.00 ns, 714.6725 ns/op
WorkloadWarmup   3: 56359 op, 40394340.00 ns, 716.7327 ns/op
WorkloadWarmup   4: 56359 op, 39417600.00 ns, 699.4020 ns/op
WorkloadWarmup   5: 56359 op, 40114986.00 ns, 711.7760 ns/op
WorkloadWarmup   6: 56359 op, 39778257.00 ns, 705.8013 ns/op
WorkloadWarmup   7: 56359 op, 38058510.00 ns, 675.2872 ns/op
WorkloadWarmup   8: 56359 op, 38736938.00 ns, 687.3248 ns/op
WorkloadWarmup   9: 56359 op, 39986358.00 ns, 709.4937 ns/op
WorkloadWarmup  10: 56359 op, 39883468.00 ns, 707.6681 ns/op
WorkloadWarmup  11: 56359 op, 40127492.00 ns, 711.9979 ns/op
WorkloadWarmup  12: 56359 op, 47022828.00 ns, 834.3446 ns/op
WorkloadWarmup  13: 56359 op, 38974889.00 ns, 691.5469 ns/op
WorkloadWarmup  14: 56359 op, 39908307.00 ns, 708.1089 ns/op
WorkloadWarmup  15: 56359 op, 39985712.00 ns, 709.4823 ns/op
WorkloadWarmup  16: 56359 op, 41310673.00 ns, 732.9916 ns/op
WorkloadWarmup  17: 56359 op, 41064571.00 ns, 728.6249 ns/op
WorkloadWarmup  18: 56359 op, 42146642.00 ns, 747.8245 ns/op
WorkloadWarmup  19: 56359 op, 39032469.00 ns, 692.5685 ns/op
WorkloadWarmup  20: 56359 op, 39443612.00 ns, 699.8636 ns/op
WorkloadWarmup  21: 56359 op, 46788226.00 ns, 830.1820 ns/op
WorkloadWarmup  22: 56359 op, 54388358.00 ns, 965.0341 ns/op
WorkloadWarmup  23: 56359 op, 41481167.00 ns, 736.0167 ns/op
WorkloadWarmup  24: 56359 op, 39602662.00 ns, 702.6857 ns/op
WorkloadWarmup  25: 56359 op, 40474929.00 ns, 718.1627 ns/op

// BeforeActualRun
WorkloadActual   1: 56359 op, 39552110.00 ns, 701.7887 ns/op
WorkloadActual   2: 56359 op, 45574465.00 ns, 808.6457 ns/op
WorkloadActual   3: 56359 op, 55905710.00 ns, 991.9571 ns/op
WorkloadActual   4: 56359 op, 59168922.00 ns, 1.0499 us/op
WorkloadActual   5: 56359 op, 40636031.00 ns, 721.0212 ns/op
WorkloadActual   6: 56359 op, 41515794.00 ns, 736.6311 ns/op

// AfterActualRun
WorkloadResult   1: 56359 op, 39552110.00 ns, 701.7887 ns/op
WorkloadResult   2: 56359 op, 45574465.00 ns, 808.6457 ns/op
WorkloadResult   3: 56359 op, 55905710.00 ns, 991.9571 ns/op
WorkloadResult   4: 56359 op, 59168922.00 ns, 1.0499 us/op
WorkloadResult   5: 56359 op, 40636031.00 ns, 721.0212 ns/op
WorkloadResult   6: 56359 op, 41515794.00 ns, 736.6311 ns/op
// GC:  0 0 0 0 56359
// Threading:  0 0 56359

// AfterAll
// Benchmark Process 14535 has exited with code 0.

Mean = 834.984 ns, StdErr = 61.076 ns (7.31%), N = 6, StdDev = 149.604 ns
Min = 701.789 ns, Q1 = 724.924 ns, Median = 772.638 ns, Q3 = 946.129 ns, Max = 1,049.858 ns
IQR = 221.206 ns, LowerFence = 393.115 ns, UpperFence = 1,277.938 ns
ConfidenceInterval = [415.466 ns; 1,254.501 ns] (CI 99.9%), Margin = 419.517 ns (50.24% of Mean)
Skewness = 0.45, Kurtosis = 1.1, MValue = 2

// ** Remained 4 (66.7 %) benchmark(s) to run. Estimated finish 2026-10-10 15:11 (0h 0m from now) **
// **************************
// Benchmark: CodecSuite.Run: campaign(EvaluateOverhead=False, Clock=Armonik.Ffi.Bdn.CpuClock, IterationCount=6, IterationTime=40ms, LaunchCount=1, RunStrategy=Throughput, WarmupCount=25) [Case=core-(...)|drop [40]]
// *** Execute ***
// Launch: 1 / 1
// Execute: dotnet BenchDotNet-campaign-1.dll --anonymousPipes 132 133 --benchmarkName "Armonik.Ffi.Bdn.CodecSuite.Run(Case: \"core-ffi|encode-core-hot|P1.1|ascii|drop\")" --job campaign --benchmarkId 2 in /home/user/ArmoniK.Api/ffi/poc/csharp/src/BenchDotNet/bin/Release/net8.0/BenchDotNet-campaign-1/bin/Release/net8.0
// BeforeAnythingElse

// Benchmark Process Environment Information:
// BenchmarkDotNet v0.15.8
// Runtime=.NET 8.0.31 (8.0.31, 8.0.3126.42015), X64 RyuJIT x86-64-v4
// GC=Concurrent Workstation
// HardwareIntrinsics=AVX512 IFMA+VBMI,AVX512 F+BW+CD+DQ+VL,AVX2+BMI1+BMI2+F16C+FMA+LZCNT+MOVBE,AVX,SSE3+SSSE3+SSE4.1+SSE4.2+POPCNT,X86Base+SSE+SSE2,AES+PCLMUL,AvxVnni,SERIALIZE VectorSize=256
// Job: campaign(EvaluateOverhead=False, Clock=Armonik.Ffi.Bdn.CpuClock, IterationCount=6, IterationTime=40ms, LaunchCount=1, RunStrategy=Throughput, WarmupCount=25)

OverheadJitting  1: 1 op, 529445.00 ns, 529.4450 us/op
WorkloadJitting  1: 1 op, 4905699.00 ns, 4.9057 ms/op

WorkloadPilot    1: 4 op, 16120.00 ns, 4.0300 us/op
WorkloadPilot    2: 9926 op, 15122122.00 ns, 1.5235 us/op
WorkloadPilot    3: 26256 op, 37543766.00 ns, 1.4299 us/op
WorkloadPilot    4: 27974 op, 36497502.00 ns, 1.3047 us/op
WorkloadPilot    5: 30659 op, 49886699.00 ns, 1.6271 us/op
WorkloadPilot    6: 24583 op, 32223565.00 ns, 1.3108 us/op
WorkloadPilot    7: 30516 op, 50194931.00 ns, 1.6449 us/op
WorkloadPilot    8: 24318 op, 26081595.00 ns, 1.0725 us/op
WorkloadPilot    9: 37295 op, 29234171.00 ns, 783.8630 ns/op
WorkloadPilot   10: 51029 op, 38673862.00 ns, 757.8801 ns/op
WorkloadPilot   11: 52779 op, 41447474.00 ns, 785.3024 ns/op

WorkloadWarmup   1: 52779 op, 37924695.00 ns, 718.5565 ns/op
WorkloadWarmup   2: 52779 op, 40520426.00 ns, 767.7377 ns/op
WorkloadWarmup   3: 52779 op, 38759812.00 ns, 734.3794 ns/op
WorkloadWarmup   4: 52779 op, 41711605.00 ns, 790.3068 ns/op
WorkloadWarmup   5: 52779 op, 37823450.00 ns, 716.6382 ns/op
WorkloadWarmup   6: 52779 op, 37351308.00 ns, 707.6926 ns/op
WorkloadWarmup   7: 52779 op, 38306908.00 ns, 725.7983 ns/op
WorkloadWarmup   8: 52779 op, 41074855.00 ns, 778.2424 ns/op
WorkloadWarmup   9: 52779 op, 37734996.00 ns, 714.9623 ns/op
WorkloadWarmup  10: 52779 op, 38103016.00 ns, 721.9352 ns/op
WorkloadWarmup  11: 52779 op, 39910233.00 ns, 756.1764 ns/op
WorkloadWarmup  12: 52779 op, 39254871.00 ns, 743.7593 ns/op
WorkloadWarmup  13: 52779 op, 43408517.00 ns, 822.4581 ns/op
WorkloadWarmup  14: 52779 op, 39666559.00 ns, 751.5595 ns/op
WorkloadWarmup  15: 52779 op, 38984581.00 ns, 738.6381 ns/op
WorkloadWarmup  16: 52779 op, 44662094.00 ns, 846.2096 ns/op
WorkloadWarmup  17: 52779 op, 42317563.00 ns, 801.7879 ns/op
WorkloadWarmup  18: 52779 op, 40522477.00 ns, 767.7765 ns/op
WorkloadWarmup  19: 52779 op, 39209134.00 ns, 742.8927 ns/op
WorkloadWarmup  20: 52779 op, 38654230.00 ns, 732.3790 ns/op
WorkloadWarmup  21: 52779 op, 39898181.00 ns, 755.9480 ns/op
WorkloadWarmup  22: 52779 op, 39948940.00 ns, 756.9098 ns/op
WorkloadWarmup  23: 52779 op, 38753309.00 ns, 734.2562 ns/op
WorkloadWarmup  24: 52779 op, 39758943.00 ns, 753.3099 ns/op
WorkloadWarmup  25: 52779 op, 48716971.00 ns, 923.0370 ns/op

// BeforeActualRun
WorkloadActual   1: 52779 op, 44550537.00 ns, 844.0959 ns/op
WorkloadActual   2: 52779 op, 44471454.00 ns, 842.5975 ns/op
WorkloadActual   3: 52779 op, 48424377.00 ns, 917.4933 ns/op
WorkloadActual   4: 52779 op, 42214450.00 ns, 799.8342 ns/op
WorkloadActual   5: 52779 op, 43080602.00 ns, 816.2451 ns/op
WorkloadActual   6: 52779 op, 45962957.00 ns, 870.8569 ns/op

// AfterActualRun
WorkloadResult   1: 52779 op, 44550537.00 ns, 844.0959 ns/op
WorkloadResult   2: 52779 op, 44471454.00 ns, 842.5975 ns/op
WorkloadResult   3: 52779 op, 48424377.00 ns, 917.4933 ns/op
WorkloadResult   4: 52779 op, 42214450.00 ns, 799.8342 ns/op
WorkloadResult   5: 52779 op, 43080602.00 ns, 816.2451 ns/op
WorkloadResult   6: 52779 op, 45962957.00 ns, 870.8569 ns/op
// GC:  0 0 0 0 52779
// Threading:  0 0 52779

// AfterAll
// Benchmark Process 14544 has exited with code 0.

Mean = 848.520 ns, StdErr = 17.052 ns (2.01%), N = 6, StdDev = 41.768 ns
Min = 799.834 ns, Q1 = 822.833 ns, Median = 843.347 ns, Q3 = 864.167 ns, Max = 917.493 ns
IQR = 41.333 ns, LowerFence = 760.833 ns, UpperFence = 926.167 ns
ConfidenceInterval = [731.395 ns; 965.646 ns] (CI 99.9%), Margin = 117.126 ns (13.80% of Mean)
Skewness = 0.43, Kurtosis = 1.62, MValue = 2

// ** Remained 3 (50.0 %) benchmark(s) to run. Estimated finish 2026-10-10 15:11 (0h 0m from now) **
// **************************
// Benchmark: CodecSuite.Run: campaign(EvaluateOverhead=False, Clock=Armonik.Ffi.Bdn.CpuClock, IterationCount=6, IterationTime=40ms, LaunchCount=1, RunStrategy=Throughput, WarmupCount=25) [Case=core-(...)etain [42]]
// *** Execute ***
// Launch: 1 / 1
// Execute: dotnet BenchDotNet-campaign-1.dll --anonymousPipes 132 133 --benchmarkName "Armonik.Ffi.Bdn.CodecSuite.Run(Case: \"core-ffi|encode-core-hot|P5.1|ascii|retain\")" --job campaign --benchmarkId 3 in /home/user/ArmoniK.Api/ffi/poc/csharp/src/BenchDotNet/bin/Release/net8.0/BenchDotNet-campaign-1/bin/Release/net8.0
// BeforeAnythingElse

// Benchmark Process Environment Information:
// BenchmarkDotNet v0.15.8
// Runtime=.NET 8.0.31 (8.0.31, 8.0.3126.42015), X64 RyuJIT x86-64-v4
// GC=Concurrent Workstation
// HardwareIntrinsics=AVX512 IFMA+VBMI,AVX512 F+BW+CD+DQ+VL,AVX2+BMI1+BMI2+F16C+FMA+LZCNT+MOVBE,AVX,SSE3+SSSE3+SSE4.1+SSE4.2+POPCNT,X86Base+SSE+SSE2,AES+PCLMUL,AvxVnni,SERIALIZE VectorSize=256
// Job: campaign(EvaluateOverhead=False, Clock=Armonik.Ffi.Bdn.CpuClock, IterationCount=6, IterationTime=40ms, LaunchCount=1, RunStrategy=Throughput, WarmupCount=25)

OverheadJitting  1: 1 op, 400364.00 ns, 400.3640 us/op
WorkloadJitting  1: 1 op, 3708138.00 ns, 3.7081 ms/op

WorkloadPilot    1: 4 op, 8621.00 ns, 2.1553 us/op
WorkloadPilot    2: 18559 op, 5417388.00 ns, 291.9009 ns/op
WorkloadPilot    3: 137033 op, 28808427.00 ns, 210.2298 ns/op
WorkloadPilot    4: 190268 op, 36922105.00 ns, 194.0532 ns/op
WorkloadPilot    5: 206129 op, 42626860.00 ns, 206.7970 ns/op
WorkloadPilot    6: 193426 op, 37584370.00 ns, 194.3088 ns/op
WorkloadPilot    7: 205858 op, 20692697.00 ns, 100.5193 ns/op
WorkloadPilot    8: 397934 op, 41599856.00 ns, 104.5396 ns/op
WorkloadPilot    9: 382630 op, 40364493.00 ns, 105.4922 ns/op

WorkloadWarmup   1: 382630 op, 40817986.00 ns, 106.6774 ns/op
WorkloadWarmup   2: 382630 op, 43824002.00 ns, 114.5336 ns/op
WorkloadWarmup   3: 382630 op, 38170895.00 ns, 99.7593 ns/op
WorkloadWarmup   4: 382630 op, 38168552.00 ns, 99.7532 ns/op
WorkloadWarmup   5: 382630 op, 38878849.00 ns, 101.6095 ns/op
WorkloadWarmup   6: 382630 op, 39598788.00 ns, 103.4911 ns/op
WorkloadWarmup   7: 382630 op, 49821477.00 ns, 130.2080 ns/op
WorkloadWarmup   8: 382630 op, 40177240.00 ns, 105.0028 ns/op
WorkloadWarmup   9: 382630 op, 40758785.00 ns, 106.5227 ns/op
WorkloadWarmup  10: 382630 op, 44013005.00 ns, 115.0276 ns/op
WorkloadWarmup  11: 382630 op, 42842941.00 ns, 111.9696 ns/op
WorkloadWarmup  12: 382630 op, 40634803.00 ns, 106.1987 ns/op
WorkloadWarmup  13: 382630 op, 39622039.00 ns, 103.5518 ns/op
WorkloadWarmup  14: 382630 op, 46774771.00 ns, 122.2454 ns/op
WorkloadWarmup  15: 382630 op, 42805648.00 ns, 111.8722 ns/op
WorkloadWarmup  16: 382630 op, 42578723.00 ns, 111.2791 ns/op
WorkloadWarmup  17: 382630 op, 39036783.00 ns, 102.0223 ns/op
WorkloadWarmup  18: 382630 op, 43763217.00 ns, 114.3748 ns/op
WorkloadWarmup  19: 382630 op, 43409660.00 ns, 113.4507 ns/op
WorkloadWarmup  20: 382630 op, 39598804.00 ns, 103.4911 ns/op
WorkloadWarmup  21: 382630 op, 40158001.00 ns, 104.9526 ns/op
WorkloadWarmup  22: 382630 op, 44358877.00 ns, 115.9315 ns/op
WorkloadWarmup  23: 382630 op, 39705754.00 ns, 103.7706 ns/op
WorkloadWarmup  24: 382630 op, 38834417.00 ns, 101.4934 ns/op
WorkloadWarmup  25: 382630 op, 45078067.00 ns, 117.8111 ns/op

// BeforeActualRun
WorkloadActual   1: 382630 op, 39049897.00 ns, 102.0565 ns/op
WorkloadActual   2: 382630 op, 38674963.00 ns, 101.0767 ns/op
WorkloadActual   3: 382630 op, 43445523.00 ns, 113.5445 ns/op
WorkloadActual   4: 382630 op, 41010387.00 ns, 107.1803 ns/op
WorkloadActual   5: 382630 op, 39978546.00 ns, 104.4836 ns/op
WorkloadActual   6: 382630 op, 49827291.00 ns, 130.2232 ns/op

// AfterActualRun
WorkloadResult   1: 382630 op, 39049897.00 ns, 102.0565 ns/op
WorkloadResult   2: 382630 op, 38674963.00 ns, 101.0767 ns/op
WorkloadResult   3: 382630 op, 43445523.00 ns, 113.5445 ns/op
WorkloadResult   4: 382630 op, 41010387.00 ns, 107.1803 ns/op
WorkloadResult   5: 382630 op, 39978546.00 ns, 104.4836 ns/op
// GC:  0 0 0 0 382630
// Threading:  0 0 382630

// AfterAll
// Benchmark Process 14553 has exited with code 0.

Mean = 105.668 ns, StdErr = 2.234 ns (2.11%), N = 5, StdDev = 4.996 ns
Min = 101.077 ns, Q1 = 102.057 ns, Median = 104.484 ns, Q3 = 107.180 ns, Max = 113.544 ns
IQR = 5.124 ns, LowerFence = 94.371 ns, UpperFence = 114.866 ns
ConfidenceInterval = [86.429 ns; 124.907 ns] (CI 99.9%), Margin = 19.239 ns (18.21% of Mean)
Skewness = 0.56, Kurtosis = 1.43, MValue = 2

// ** Remained 2 (33.3 %) benchmark(s) to run. Estimated finish 2026-10-10 15:11 (0h 0m from now) **
// **************************
// Benchmark: CodecSuite.Run: campaign(EvaluateOverhead=False, Clock=Armonik.Ffi.Bdn.CpuClock, IterationCount=6, IterationTime=40ms, LaunchCount=1, RunStrategy=Throughput, WarmupCount=25) [Case=core-(...)|drop [40]]
// *** Execute ***
// Launch: 1 / 1
// Execute: dotnet BenchDotNet-campaign-1.dll --anonymousPipes 132 133 --benchmarkName "Armonik.Ffi.Bdn.CodecSuite.Run(Case: \"core-ffi|encode-core-hot|P5.1|ascii|drop\")" --job campaign --benchmarkId 4 in /home/user/ArmoniK.Api/ffi/poc/csharp/src/BenchDotNet/bin/Release/net8.0/BenchDotNet-campaign-1/bin/Release/net8.0
// BeforeAnythingElse

// Benchmark Process Environment Information:
// BenchmarkDotNet v0.15.8
// Runtime=.NET 8.0.31 (8.0.31, 8.0.3126.42015), X64 RyuJIT x86-64-v4
// GC=Concurrent Workstation
// HardwareIntrinsics=AVX512 IFMA+VBMI,AVX512 F+BW+CD+DQ+VL,AVX2+BMI1+BMI2+F16C+FMA+LZCNT+MOVBE,AVX,SSE3+SSSE3+SSE4.1+SSE4.2+POPCNT,X86Base+SSE+SSE2,AES+PCLMUL,AvxVnni,SERIALIZE VectorSize=256
// Job: campaign(EvaluateOverhead=False, Clock=Armonik.Ffi.Bdn.CpuClock, IterationCount=6, IterationTime=40ms, LaunchCount=1, RunStrategy=Throughput, WarmupCount=25)

OverheadJitting  1: 1 op, 245321.00 ns, 245.3210 us/op
WorkloadJitting  1: 1 op, 3765825.00 ns, 3.7658 ms/op

WorkloadPilot    1: 4 op, 7512.00 ns, 1.8780 us/op
WorkloadPilot    2: 21299 op, 4286309.00 ns, 201.2446 ns/op
WorkloadPilot    3: 198763 op, 40215461.00 ns, 202.3287 ns/op
WorkloadPilot    4: 197698 op, 35190784.00 ns, 178.0027 ns/op
WorkloadPilot    5: 224716 op, 56416065.00 ns, 251.0550 ns/op
WorkloadPilot    6: 159328 op, 17009742.00 ns, 106.7593 ns/op
WorkloadPilot    7: 374675 op, 44790114.00 ns, 119.5439 ns/op

WorkloadWarmup   1: 374675 op, 37805046.00 ns, 100.9009 ns/op
WorkloadWarmup   2: 374675 op, 36473350.00 ns, 97.3466 ns/op
WorkloadWarmup   3: 374675 op, 36467513.00 ns, 97.3311 ns/op
WorkloadWarmup   4: 374675 op, 43054484.00 ns, 114.9115 ns/op
WorkloadWarmup   5: 374675 op, 40831995.00 ns, 108.9798 ns/op
WorkloadWarmup   6: 374675 op, 44891629.00 ns, 119.8149 ns/op
WorkloadWarmup   7: 374675 op, 45268983.00 ns, 120.8220 ns/op
WorkloadWarmup   8: 374675 op, 38089238.00 ns, 101.6594 ns/op
WorkloadWarmup   9: 374675 op, 39321249.00 ns, 104.9476 ns/op
WorkloadWarmup  10: 374675 op, 41580033.00 ns, 110.9763 ns/op
WorkloadWarmup  11: 374675 op, 40347287.00 ns, 107.6861 ns/op
WorkloadWarmup  12: 374675 op, 38784188.00 ns, 103.5142 ns/op
WorkloadWarmup  13: 374675 op, 43200061.00 ns, 115.3001 ns/op
WorkloadWarmup  14: 374675 op, 38700793.00 ns, 103.2916 ns/op
WorkloadWarmup  15: 374675 op, 37386666.00 ns, 99.7843 ns/op
WorkloadWarmup  16: 374675 op, 38907715.00 ns, 103.8439 ns/op
WorkloadWarmup  17: 374675 op, 37992756.00 ns, 101.4019 ns/op
WorkloadWarmup  18: 374675 op, 41379531.00 ns, 110.4411 ns/op
WorkloadWarmup  19: 374675 op, 38617133.00 ns, 103.0683 ns/op
WorkloadWarmup  20: 374675 op, 36697839.00 ns, 97.9458 ns/op
WorkloadWarmup  21: 374675 op, 36222508.00 ns, 96.6771 ns/op
WorkloadWarmup  22: 374675 op, 37719059.00 ns, 100.6714 ns/op
WorkloadWarmup  23: 374675 op, 40226256.00 ns, 107.3631 ns/op
WorkloadWarmup  24: 374675 op, 53905698.00 ns, 143.8732 ns/op
WorkloadWarmup  25: 374675 op, 43628483.00 ns, 116.4435 ns/op

// BeforeActualRun
WorkloadActual   1: 374675 op, 39258442.00 ns, 104.7800 ns/op
WorkloadActual   2: 374675 op, 37007443.00 ns, 98.7721 ns/op
WorkloadActual   3: 374675 op, 37767998.00 ns, 100.8020 ns/op
WorkloadActual   4: 374675 op, 35816516.00 ns, 95.5936 ns/op
WorkloadActual   5: 374675 op, 37183142.00 ns, 99.2411 ns/op
WorkloadActual   6: 374675 op, 37276281.00 ns, 99.4896 ns/op

// AfterActualRun
WorkloadResult   1: 374675 op, 37007443.00 ns, 98.7721 ns/op
WorkloadResult   2: 374675 op, 37767998.00 ns, 100.8020 ns/op
WorkloadResult   3: 374675 op, 35816516.00 ns, 95.5936 ns/op
WorkloadResult   4: 374675 op, 37183142.00 ns, 99.2411 ns/op
WorkloadResult   5: 374675 op, 37276281.00 ns, 99.4896 ns/op
// GC:  0 0 0 0 374675
// Threading:  0 0 374675

// AfterAll
// Benchmark Process 14562 has exited with code 0.

Mean = 98.780 ns, StdErr = 0.865 ns (0.88%), N = 5, StdDev = 1.934 ns
Min = 95.594 ns, Q1 = 98.772 ns, Median = 99.241 ns, Q3 = 99.490 ns, Max = 100.802 ns
IQR = 0.718 ns, LowerFence = 97.696 ns, UpperFence = 100.566 ns
ConfidenceInterval = [91.333 ns; 106.226 ns] (CI 99.9%), Margin = 7.446 ns (7.54% of Mean)
Skewness = -0.65, Kurtosis = 1.72, MValue = 2

// ** Remained 1 (16.7 %) benchmark(s) to run. Estimated finish 2026-10-10 15:11 (0h 0m from now) **
// **************************
// Benchmark: CodecSuite.Run: campaign(EvaluateOverhead=False, Clock=Armonik.Ffi.Bdn.CpuClock, IterationCount=6, IterationTime=40ms, LaunchCount=1, RunStrategy=Throughput, WarmupCount=25) [Case=core-(...)etain [42]]
// *** Execute ***
// Launch: 1 / 1
// Execute: dotnet BenchDotNet-campaign-1.dll --anonymousPipes 132 133 --benchmarkName "Armonik.Ffi.Bdn.CodecSuite.Run(Case: \"core-ffi|encode-core-hot|P1.1|ascii|retain\")" --job campaign --benchmarkId 5 in /home/user/ArmoniK.Api/ffi/poc/csharp/src/BenchDotNet/bin/Release/net8.0/BenchDotNet-campaign-1/bin/Release/net8.0
// BeforeAnythingElse

// Benchmark Process Environment Information:
// BenchmarkDotNet v0.15.8
// Runtime=.NET 8.0.31 (8.0.31, 8.0.3126.42015), X64 RyuJIT x86-64-v4
// GC=Concurrent Workstation
// HardwareIntrinsics=AVX512 IFMA+VBMI,AVX512 F+BW+CD+DQ+VL,AVX2+BMI1+BMI2+F16C+FMA+LZCNT+MOVBE,AVX,SSE3+SSSE3+SSE4.1+SSE4.2+POPCNT,X86Base+SSE+SSE2,AES+PCLMUL,AvxVnni,SERIALIZE VectorSize=256
// Job: campaign(EvaluateOverhead=False, Clock=Armonik.Ffi.Bdn.CpuClock, IterationCount=6, IterationTime=40ms, LaunchCount=1, RunStrategy=Throughput, WarmupCount=25)

OverheadJitting  1: 1 op, 250554.00 ns, 250.5540 us/op
WorkloadJitting  1: 1 op, 6254385.00 ns, 6.2544 ms/op

WorkloadPilot    1: 4 op, 21040.00 ns, 5.2600 us/op
WorkloadPilot    2: 7605 op, 10921836.00 ns, 1.4361 us/op
WorkloadPilot    3: 27852 op, 39040913.00 ns, 1.4017 us/op
WorkloadPilot    4: 28536 op, 41677035.00 ns, 1.4605 us/op
WorkloadPilot    5: 27388 op, 47937412.00 ns, 1.7503 us/op
WorkloadPilot    6: 22853 op, 25280934.00 ns, 1.1062 us/op
WorkloadPilot    7: 36158 op, 38798614.00 ns, 1.0730 us/op
WorkloadPilot    8: 37278 op, 40438040.00 ns, 1.0848 us/op

WorkloadWarmup   1: 37278 op, 41632660.00 ns, 1.1168 us/op
WorkloadWarmup   2: 37278 op, 46541948.00 ns, 1.2485 us/op
WorkloadWarmup   3: 37278 op, 53742542.00 ns, 1.4417 us/op
WorkloadWarmup   4: 37278 op, 46209804.00 ns, 1.2396 us/op
WorkloadWarmup   5: 37278 op, 42566615.00 ns, 1.1419 us/op
WorkloadWarmup   6: 37278 op, 60391020.00 ns, 1.6200 us/op
WorkloadWarmup   7: 37278 op, 43715773.00 ns, 1.1727 us/op
WorkloadWarmup   8: 37278 op, 43906337.00 ns, 1.1778 us/op
WorkloadWarmup   9: 37278 op, 41040176.00 ns, 1.1009 us/op
WorkloadWarmup  10: 37278 op, 40717589.00 ns, 1.0923 us/op
WorkloadWarmup  11: 37278 op, 41923133.00 ns, 1.1246 us/op
WorkloadWarmup  12: 37278 op, 45029805.00 ns, 1.2079 us/op
WorkloadWarmup  13: 37278 op, 44786928.00 ns, 1.2014 us/op
WorkloadWarmup  14: 37278 op, 42572158.00 ns, 1.1420 us/op
WorkloadWarmup  15: 37278 op, 49194544.00 ns, 1.3197 us/op
WorkloadWarmup  16: 37278 op, 43698216.00 ns, 1.1722 us/op
WorkloadWarmup  17: 37278 op, 39673921.00 ns, 1.0643 us/op
WorkloadWarmup  18: 37278 op, 39312113.00 ns, 1.0546 us/op
WorkloadWarmup  19: 37278 op, 39283660.00 ns, 1.0538 us/op
WorkloadWarmup  20: 37278 op, 39615888.00 ns, 1.0627 us/op
WorkloadWarmup  21: 37278 op, 43703534.00 ns, 1.1724 us/op
WorkloadWarmup  22: 37278 op, 44091054.00 ns, 1.1828 us/op
WorkloadWarmup  23: 37278 op, 39378124.00 ns, 1.0563 us/op
WorkloadWarmup  24: 37278 op, 39096522.00 ns, 1.0488 us/op
WorkloadWarmup  25: 37278 op, 39363343.00 ns, 1.0559 us/op

// BeforeActualRun
WorkloadActual   1: 37278 op, 39548134.00 ns, 1.0609 us/op
WorkloadActual   2: 37278 op, 39500870.00 ns, 1.0596 us/op
WorkloadActual   3: 37278 op, 39304133.00 ns, 1.0544 us/op
WorkloadActual   4: 37278 op, 38851941.00 ns, 1.0422 us/op
WorkloadActual   5: 37278 op, 39875207.00 ns, 1.0697 us/op
WorkloadActual   6: 37278 op, 39406437.00 ns, 1.0571 us/op

// AfterActualRun
WorkloadResult   1: 37278 op, 39548134.00 ns, 1.0609 us/op
WorkloadResult   2: 37278 op, 39500870.00 ns, 1.0596 us/op
WorkloadResult   3: 37278 op, 39304133.00 ns, 1.0544 us/op
WorkloadResult   4: 37278 op, 38851941.00 ns, 1.0422 us/op
WorkloadResult   5: 37278 op, 39406437.00 ns, 1.0571 us/op
// GC:  0 0 0 0 37278
// Threading:  0 0 37278

// AfterAll
// Benchmark Process 14574 has exited with code 0.

Mean = 1.055 us, StdErr = 0.003 us (0.32%), N = 5, StdDev = 0.007 us
Min = 1.042 us, Q1 = 1.054 us, Median = 1.057 us, Q3 = 1.060 us, Max = 1.061 us
IQR = 0.005 us, LowerFence = 1.046 us, UpperFence = 1.068 us
ConfidenceInterval = [1.026 us; 1.084 us] (CI 99.9%), Margin = 0.029 us (2.73% of Mean)
Skewness = -0.79, Kurtosis = 1.73, MValue = 2

// ** Remained 0 (0.0 %) benchmark(s) to run. Estimated finish 2026-10-10 15:11 (0h 0m from now) **
Run time: 00:00:11 (11.76 sec), executed benchmarks: 6

// ***** BenchmarkRunner: Finish  *****

// * Export *
  home/user/ArmoniK.Api/ffi/logs/csharp/opt/s15/codec-small/new-full-r2.jsonl

// * Detailed results *
CodecSuite.Run: campaign(EvaluateOverhead=False, Clock=Armonik.Ffi.Bdn.CpuClock, IterationCount=6, IterationTime=40ms, LaunchCount=1, RunStrategy=Throughput, WarmupCount=25) [Case=core-(...)etain [42]]
Runtime = .NET 8.0.31 (8.0.31, 8.0.3126.42015), X64 RyuJIT x86-64-v4; GC = Concurrent Workstation
Mean = 1.083 us, StdErr = 0.016 us (1.45%), N = 6, StdDev = 0.038 us
Min = 1.039 us, Q1 = 1.053 us, Median = 1.081 us, Q3 = 1.111 us, Max = 1.131 us
IQR = 0.058 us, LowerFence = 0.965 us, UpperFence = 1.199 us
ConfidenceInterval = [0.975 us; 1.191 us] (CI 99.9%), Margin = 0.108 us (9.95% of Mean)
Skewness = 0.05, Kurtosis = 0.89, MValue = 2
-------------------- Histogram --------------------
[1.020 us ; 1.091 us) | @@@
[1.091 us ; 1.146 us) | @@@
---------------------------------------------------

CodecSuite.Run: campaign(EvaluateOverhead=False, Clock=Armonik.Ffi.Bdn.CpuClock, IterationCount=6, IterationTime=40ms, LaunchCount=1, RunStrategy=Throughput, WarmupCount=25) [Case=core-(...)|drop [40]]
Runtime = .NET 8.0.31 (8.0.31, 8.0.3126.42015), X64 RyuJIT x86-64-v4; GC = Concurrent Workstation
Mean = 834.984 ns, StdErr = 61.076 ns (7.31%), N = 6, StdDev = 149.604 ns
Min = 701.789 ns, Q1 = 724.924 ns, Median = 772.638 ns, Q3 = 946.129 ns, Max = 1,049.858 ns
IQR = 221.206 ns, LowerFence = 393.115 ns, UpperFence = 1,277.938 ns
ConfidenceInterval = [415.466 ns; 1,254.501 ns] (CI 99.9%), Margin = 419.517 ns (50.24% of Mean)
Skewness = 0.45, Kurtosis = 1.1, MValue = 2
-------------------- Histogram --------------------
[647.159 ns ;   912.849 ns) | @@@@
[912.849 ns ; 1,157.916 ns) | @@
---------------------------------------------------

CodecSuite.Run: campaign(EvaluateOverhead=False, Clock=Armonik.Ffi.Bdn.CpuClock, IterationCount=6, IterationTime=40ms, LaunchCount=1, RunStrategy=Throughput, WarmupCount=25) [Case=core-(...)|drop [40]]
Runtime = .NET 8.0.31 (8.0.31, 8.0.3126.42015), X64 RyuJIT x86-64-v4; GC = Concurrent Workstation
Mean = 848.520 ns, StdErr = 17.052 ns (2.01%), N = 6, StdDev = 41.768 ns
Min = 799.834 ns, Q1 = 822.833 ns, Median = 843.347 ns, Q3 = 864.167 ns, Max = 917.493 ns
IQR = 41.333 ns, LowerFence = 760.833 ns, UpperFence = 926.167 ns
ConfidenceInterval = [731.395 ns; 965.646 ns] (CI 99.9%), Margin = 117.126 ns (13.80% of Mean)
Skewness = 0.43, Kurtosis = 1.62, MValue = 2
-------------------- Histogram --------------------
[791.796 ns ; 852.134 ns) | @@@@
[852.134 ns ; 924.344 ns) | @@
---------------------------------------------------

CodecSuite.Run: campaign(EvaluateOverhead=False, Clock=Armonik.Ffi.Bdn.CpuClock, IterationCount=6, IterationTime=40ms, LaunchCount=1, RunStrategy=Throughput, WarmupCount=25) [Case=core-(...)etain [42]]
Runtime = .NET 8.0.31 (8.0.31, 8.0.3126.42015), X64 RyuJIT x86-64-v4; GC = Concurrent Workstation
Mean = 105.668 ns, StdErr = 2.234 ns (2.11%), N = 5, StdDev = 4.996 ns
Min = 101.077 ns, Q1 = 102.057 ns, Median = 104.484 ns, Q3 = 107.180 ns, Max = 113.544 ns
IQR = 5.124 ns, LowerFence = 94.371 ns, UpperFence = 114.866 ns
ConfidenceInterval = [86.429 ns; 124.907 ns] (CI 99.9%), Margin = 19.239 ns (18.21% of Mean)
Skewness = 0.56, Kurtosis = 1.43, MValue = 2
-------------------- Histogram --------------------
[100.294 ns ; 109.710 ns) | @@@@
[109.710 ns ; 117.380 ns) | @
---------------------------------------------------

CodecSuite.Run: campaign(EvaluateOverhead=False, Clock=Armonik.Ffi.Bdn.CpuClock, IterationCount=6, IterationTime=40ms, LaunchCount=1, RunStrategy=Throughput, WarmupCount=25) [Case=core-(...)|drop [40]]
Runtime = .NET 8.0.31 (8.0.31, 8.0.3126.42015), X64 RyuJIT x86-64-v4; GC = Concurrent Workstation
Mean = 98.780 ns, StdErr = 0.865 ns (0.88%), N = 5, StdDev = 1.934 ns
Min = 95.594 ns, Q1 = 98.772 ns, Median = 99.241 ns, Q3 = 99.490 ns, Max = 100.802 ns
IQR = 0.718 ns, LowerFence = 97.696 ns, UpperFence = 100.566 ns
ConfidenceInterval = [91.333 ns; 106.226 ns] (CI 99.9%), Margin = 7.446 ns (7.54% of Mean)
Skewness = -0.65, Kurtosis = 1.72, MValue = 2
-------------------- Histogram --------------------
[94.109 ns ;  97.078 ns) | @
[97.078 ns ; 101.271 ns) | @@@@
---------------------------------------------------

CodecSuite.Run: campaign(EvaluateOverhead=False, Clock=Armonik.Ffi.Bdn.CpuClock, IterationCount=6, IterationTime=40ms, LaunchCount=1, RunStrategy=Throughput, WarmupCount=25) [Case=core-(...)etain [42]]
Runtime = .NET 8.0.31 (8.0.31, 8.0.3126.42015), X64 RyuJIT x86-64-v4; GC = Concurrent Workstation
Mean = 1.055 us, StdErr = 0.003 us (0.32%), N = 5, StdDev = 0.007 us
Min = 1.042 us, Q1 = 1.054 us, Median = 1.057 us, Q3 = 1.060 us, Max = 1.061 us
IQR = 0.005 us, LowerFence = 1.046 us, UpperFence = 1.068 us
ConfidenceInterval = [1.026 us; 1.084 us] (CI 99.9%), Margin = 0.029 us (2.73% of Mean)
Skewness = -0.79, Kurtosis = 1.73, MValue = 2
-------------------- Histogram --------------------
[1.036 us ; 1.067 us) | @@@@@
---------------------------------------------------

// * Summary *

BenchmarkDotNet v0.15.8, Linux Ubuntu 24.04.4 LTS (Noble Numbat)
Intel Xeon Processor 2.10GHz, 1 CPU, 4 logical and 4 physical cores
.NET SDK 8.0.131
  [Host]   : .NET 8.0.31 (8.0.31, 8.0.3126.42015), X64 RyuJIT x86-64-v4
  campaign : .NET 8.0.31 (8.0.31, 8.0.3126.42015), X64 RyuJIT x86-64-v4

Job=campaign  EvaluateOverhead=False  Clock=Armonik.Ffi.Bdn.CpuClock  
IterationCount=6  IterationTime=40ms  LaunchCount=1  
RunStrategy=Throughput  WarmupCount=25  

| Method | Case                 | Mean        | Error      | StdDev     | Allocated |
|------- |--------------------- |------------:|-----------:|-----------:|----------:|
| Run    | core-(...)etain [42] | 1,082.78 ns | 107.732 ns |  38.418 ns |         - |
| Run    | core-(...)|drop [40] |   834.98 ns | 419.517 ns | 149.604 ns |         - |
| Run    | core-(...)|drop [40] |   848.52 ns | 117.126 ns |  41.768 ns |         - |
| Run    | core-(...)etain [42] |   105.67 ns |  19.239 ns |   4.996 ns |         - |
| Run    | core-(...)|drop [40] |    98.78 ns |   7.446 ns |   1.934 ns |         - |
| Run    | core-(...)etain [42] | 1,054.84 ns |  28.827 ns |   7.486 ns |         - |

// * Legends *
  Case      : Value of the 'Case' parameter
  Mean      : Arithmetic mean of all measurements
  Error     : Half of 99.9% confidence interval
  StdDev    : Standard deviation of all measurements
  Allocated : Allocated memory per single operation (managed only, inclusive, 1KB = 1024B)
  1 ns      : 1 Nanosecond (0.000000001 sec)

// * Diagnostic Output - AkProcessCpu *

// * Diagnostic Output - MemoryDiagnoser *


// ***** BenchmarkRunner: End *****
Global total time: 00:00:31 (31.82 sec), executed benchmarks: 6
// * Artifacts cleanup *
Artifacts cleanup is finished
