# engine:         BenchmarkDotNet 0.15.8.0 (CAMPAIGN.md 22a), toolchain BDN's default, ONE CHILD PROCESS PER CASE (the campaign's native isolation, req 22a as amended e6c909630); process CPU per iteration from the child's clock reads, each pair checked against BDN's wall measurement; the JIT tier is NOT read back (the children's JIT events are not visible here), so the jit check below is vacuous in this mode, pinned by the runner
# grid:           core (CAMPAIGN section 4.0, D18; AK_CAMPAIGN_GRID=core): arms incumbent-prod (full build only), core-ffi (FSM decode, D24) and host-gen (retain in the full build, no-unknown in its build); encode-transport-hot (end state ii, one hot graph) and decode-read; the 16 shapes, P7.1 decode only; Latin-1 and wide on P2.2 only; U-* rows U-nested-before, U-deep-u-repeated, U-oneof-u-repeated, U-wire-ListTaskSummaryResponse-tasks-as-wt5, U-wire-UploadResultDataMessage-upload-as-wt5, U-wire-ListMetricsResponse-batches-as-wt0, U-wire-DualResponse-left-as-wt5 (encode-transport-hot and decode-read). Extras left out (AK_CAMPAIGN_GRID=full runs them): incumbent-best, core-ffi-push (push decode), core-ffi-pull, bare decode, encode at end state (i) and with a pool input, decode-reencode, the drop mode, the incumbent in the no-unknown build, content sets on P1.2 and P2.4, the other U-* rows timed (all stay in the correctness checks)
# allocator:      default (readback at process start: a 16 MiB malloc came from the mmapped (mallinfo2; the block kept, never freed); no heap pre-grow (owner, 2026-10-03): BDN's warm-up runs the real call path, and minflt per row shows whether it sufficed; under the default toolchain each child probes once, on its case's first row as alloc_probe; GLIBC_TUNABLES=unset; CAMPAIGN req 25 as amended 2026-10-03, D9: the main figures run glibc's default allocator as production does; the pinned pass (glibc.malloc.trim_threshold=268435456:glibc.malloc.mmap_threshold=33554432) is a labelled diagnostic; every row carries `alloc` and `minflt`, the process's minor page faults over the iteration (getrusage, read by the job's clock beside the CPU clock), so faults per call = minflt / iters)
# runtime:        .NET 8.0.31; TieredCompilation=default TieredPGO=default (net8.0 defaults unless set); GC server=False, concurrent (default)
# incumbent:      Google.Protobuf 3.32.0
# build:          full (WP5 step 10; the loaded core checked to be the same variant by its u-family exports)
# managed codec:  plan utf8=reject unknown=drop
# job:            launch 4; 6 actual iterations (rounds) per case, 25 warm-up iterations (the same for every case) after BDN's jitting stage (1 overhead + 1 workload jitting invocation per case, logged by BDN in the .bdn.log, not exported) and pilot, iteration time 40 ms (the pilot picks the invocation count per case), strategy Throughput, EvaluateOverhead=false (no overhead subtraction anywhere)
# clocks:         per iteration (every row with round >= 1): wall (Stopwatch) AND process CPU (CLOCK_PROCESS_CPUTIME_ID of this process: every thread, GC and JIT included; CAMPAIGN req 21 as amended, R-H25), both read by the job's clock (CpuClock, Job.WithClock) at the start and end of the same iteration window, exported RAW (no outlier removal, no overhead subtraction); BDN's forced GCs between iterations are outside the window; the round-0 row of each case is a summary of the whole actual stage (span_cpu_ns, span_wall_ns), not a sample
# threads:        thread pool min 2 worker / 1 IO, max 32767 worker / 1000 IO, 0 pool thread(s) now; 2 logical CPUs visible; the codec suite creates no core runtime (no RPC call is made); the timed loop runs on BDN's one thread
# encode:         CAMPAIGN req 11 (R-H29): dir encode = pool input + reused buffer; encode-hot = one graph + reused buffer; encode-transport = pool + the Grpc.Net form; encode-transport-hot = one graph + the Grpc.Net form. Reused buffer: incumbent-prod CalculateSize + WriteTo(IBufferWriter) and incumbent-best WriteTo(IBufferWriter) into one BufWriter, host-gen into its one Enc, core-ffi into the core's encode buffer (ak_encode_*/ak_uencode_*; that buffer is also what cell C hands the core's transport, and host-gen's Enc what cell E hands it, so their transport forms on the core's transport ARE the buffer rows). Grpc.Net form (cells A, F, D): the serializer the RPC grid's marshaller runs (RootOps.SerInc/SerHost/SerFfi), into a frame like Grpc.Net.Client 2.71's GrpcCallSerializationContext: one ArrayPool array, the 5-byte gRPC header, the body, the array returned after (GrpcFrame.cs); incumbent-best has no gRPC path and no transport row. Pool: distinct graphs built in the case's setup whose RETAINED heap is >= 28835840 bytes (2 x AK_LLC_BYTES, default 13.75 MB; AK_POOL_BYTES overrides; per row pool_graphs and pool_bytes), round robin one graph per call; a hot input is a pool of one (the same Next() per call); graph construction is never in the timed window
# U-* rows:       CAMPAIGN req 7 (R-H27): the 92 accepted, non-disputed U-* rows at the shapes core's 7 ABI roots, through this timed shapes core: encode-hot (a graph the arm decoded from the row, untimed; retain arms re-emit the unknown fields, drop arms the dropped form), decode, decode-read, and decode-reencode (a labelled extra; no incumbent-best row)
# content sets:   CAMPAIGN req 7 (R-H26): ascii, latin1 and wide on P1.2, P2.2, P2.4; ascii only elsewhere
# order:          seeded shuffles (below); ratios, where the aggregation forms them, come from per-launch medians (CAMPAIGN req 30): every unit is its own process
# process unit:   all cases; this launch's unit order: core-ffi:drop, core-ffi:retain (a seeded shuffle, seed 31676; within this process the cases run in a seeded shuffle too, seed 418916, the 2 prime cases first; requirement 22 as amended, R-H23)
# warm-up:        BenchmarkDotNet's own, per case: its jitting stage, pilot and the warm-up iterations of the job line (req 24; WP9 addendum: no hand-written pre-warm and no settle wait; the 2 prime cases below are BDN cases); the JIT tier is read back per case and a case that measured hot code at tier 0 fails the unit outside --smoke (the jit check below)
# correctness:    4525 pre-timing checks passed (byte identity of every encode arm per payload and content set; every arm accepts every unknown row; on every unknown row core-ffi retain and host-gen retain re-encode to the incumbent's bytes, i.e. the unknown fields are kept: requirement 10)
# cases:          4 exported, after 2 prime case(s) run first and not exported (copies of the first cases, content "prime"): BDN cases like any other, kept because without them the first case of a process measures BDN's own first-touched runtime helpers (SpanHelpers.Fill) at tier 0 (JOURNAL 51, 62)
# strings:        D21 string encode path AK_STR_ENC=E0 (E0 .NET UTF-8 into native staging + ak_tc_bytes; E1 the string pinned + ak_tc_utf16; E2 the C# transcoder callback into the core's buffer; ETH:<n> E1 from n UTF-16 units, E0 below); Cases.Verify checks every path's bytes
# memory:         AK_BDN_MEMORY=1: BenchmarkDotNet's MemoryDiagnoser (an exploration switch, not a campaign setting): one extra workload iteration per case AFTER the actual stage, at the actual stage's invocation count, outside the job's clock (no exported sample is affected); on each case's first sample row mem_alloc_bytes_per_op (GC.GetTotalAllocatedBytes(precise), every thread, divided by its operations), mem_gen = [gen0, gen1, gen2] collections during it, mem_ops its operations, mem_alloc_bytes its total
# cpus:           this process: 2 CPU(s) in its affinity mask (sched_getaffinity), Environment.ProcessorCount 2; single-CPU guard (JOURNAL 73): a timed process (host or BDN child) with ONE CPU is refused unless AK_ALLOW_SINGLE_CPU=1 (here: unset); each case's first row carries cpus_affinity, cpus_runtime and single_cpu_override as its own process saw them
// Validating benchmarks:
// ***** BenchmarkRunner: Start   *****
// ***** Found 6 benchmark(s) in total *****
// ***** Building 1 exe(s) in Parallel: Start   *****
Unable to find .sln or .csproj file. Will use current directory /home/user/ArmoniK.Api/ffi/poc/csharp to search for project file. If you don't use .sln file on purpose it should not be a problem.
// start dotnet  restore --nodeReuse:false /p:UseSharedCompilation=false /p:Deterministic=true /p:Optimize=true /p:ArtifactsPath="/home/user/ArmoniK.Api/ffi/poc/csharp/src/BenchDotNet/bin/Release/net8.0/BenchDotNet-campaign-1/" /p:OutDir="/home/user/ArmoniK.Api/ffi/poc/csharp/src/BenchDotNet/bin/Release/net8.0/BenchDotNet-campaign-1/bin/Release/net8.0/" /p:OutputPath="/home/user/ArmoniK.Api/ffi/poc/csharp/src/BenchDotNet/bin/Release/net8.0/BenchDotNet-campaign-1/bin/Release/net8.0/" /p:PublishDir="/home/user/ArmoniK.Api/ffi/poc/csharp/src/BenchDotNet/bin/Release/net8.0/BenchDotNet-campaign-1/publish/" in /home/user/ArmoniK.Api/ffi/poc/csharp/src/BenchDotNet/bin/Release/net8.0/BenchDotNet-campaign-1
// command took 2.08 sec and exited with 0
// start dotnet  build -c Release --no-restore --nodeReuse:false /p:UseSharedCompilation=false /p:Deterministic=true /p:Optimize=true /p:ArtifactsPath="/home/user/ArmoniK.Api/ffi/poc/csharp/src/BenchDotNet/bin/Release/net8.0/BenchDotNet-campaign-1/" /p:OutDir="/home/user/ArmoniK.Api/ffi/poc/csharp/src/BenchDotNet/bin/Release/net8.0/BenchDotNet-campaign-1/bin/Release/net8.0/" /p:OutputPath="/home/user/ArmoniK.Api/ffi/poc/csharp/src/BenchDotNet/bin/Release/net8.0/BenchDotNet-campaign-1/bin/Release/net8.0/" /p:PublishDir="/home/user/ArmoniK.Api/ffi/poc/csharp/src/BenchDotNet/bin/Release/net8.0/BenchDotNet-campaign-1/publish/" --output "/home/user/ArmoniK.Api/ffi/poc/csharp/src/BenchDotNet/bin/Release/net8.0/BenchDotNet-campaign-1/bin/Release/net8.0/" in /home/user/ArmoniK.Api/ffi/poc/csharp/src/BenchDotNet/bin/Release/net8.0/BenchDotNet-campaign-1
// command took 19.67 sec and exited with 0
// ***** Done, took 00:00:21 (21.87 sec)   *****
// Found 6 benchmarks:
//   CodecSuite.Run: campaign(EvaluateOverhead=False, Clock=Armonik.Ffi.Bdn.CpuClock, IterationCount=6, IterationTime=40ms, LaunchCount=1, RunStrategy=Throughput, WarmupCount=25) [Case=core-(...)|drop [40]]
//   CodecSuite.Run: campaign(EvaluateOverhead=False, Clock=Armonik.Ffi.Bdn.CpuClock, IterationCount=6, IterationTime=40ms, LaunchCount=1, RunStrategy=Throughput, WarmupCount=25) [Case=core-(...)etain [42]]
//   CodecSuite.Run: campaign(EvaluateOverhead=False, Clock=Armonik.Ffi.Bdn.CpuClock, IterationCount=6, IterationTime=40ms, LaunchCount=1, RunStrategy=Throughput, WarmupCount=25) [Case=core-(...)|drop [40]]
//   CodecSuite.Run: campaign(EvaluateOverhead=False, Clock=Armonik.Ffi.Bdn.CpuClock, IterationCount=6, IterationTime=40ms, LaunchCount=1, RunStrategy=Throughput, WarmupCount=25) [Case=core-(...)etain [42]]
//   CodecSuite.Run: campaign(EvaluateOverhead=False, Clock=Armonik.Ffi.Bdn.CpuClock, IterationCount=6, IterationTime=40ms, LaunchCount=1, RunStrategy=Throughput, WarmupCount=25) [Case=core-(...)etain [42]]
//   CodecSuite.Run: campaign(EvaluateOverhead=False, Clock=Armonik.Ffi.Bdn.CpuClock, IterationCount=6, IterationTime=40ms, LaunchCount=1, RunStrategy=Throughput, WarmupCount=25) [Case=core-(...)|drop [40]]

// **************************
// Benchmark: CodecSuite.Run: campaign(EvaluateOverhead=False, Clock=Armonik.Ffi.Bdn.CpuClock, IterationCount=6, IterationTime=40ms, LaunchCount=1, RunStrategy=Throughput, WarmupCount=25) [Case=core-(...)|drop [40]]
// *** Execute ***
// Launch: 1 / 1
// Execute: dotnet BenchDotNet-campaign-1.dll --anonymousPipes 132 133 --benchmarkName "Armonik.Ffi.Bdn.CodecSuite.Run(Case: \"core-ffi|encode-core-hot|P1.1|prime|drop\")" --job campaign --benchmarkId 0 in /home/user/ArmoniK.Api/ffi/poc/csharp/src/BenchDotNet/bin/Release/net8.0/BenchDotNet-campaign-1/bin/Release/net8.0
// BeforeAnythingElse

// Benchmark Process Environment Information:
// BenchmarkDotNet v0.15.8
// Runtime=.NET 8.0.31 (8.0.31, 8.0.3126.42015), X64 RyuJIT x86-64-v4
// GC=Concurrent Workstation
// HardwareIntrinsics=AVX512 IFMA+VBMI,AVX512 F+BW+CD+DQ+VL,AVX2+BMI1+BMI2+F16C+FMA+LZCNT+MOVBE,AVX,SSE3+SSSE3+SSE4.1+SSE4.2+POPCNT,X86Base+SSE+SSE2,AES+PCLMUL,AvxVnni,SERIALIZE VectorSize=256
// Job: campaign(EvaluateOverhead=False, Clock=Armonik.Ffi.Bdn.CpuClock, IterationCount=6, IterationTime=40ms, LaunchCount=1, RunStrategy=Throughput, WarmupCount=25)

OverheadJitting  1: 1 op, 278865.00 ns, 278.8650 us/op
WorkloadJitting  1: 1 op, 5316635.00 ns, 5.3166 ms/op

WorkloadPilot    1: 4 op, 15696.00 ns, 3.9240 us/op
WorkloadPilot    2: 10194 op, 14409724.00 ns, 1.4135 us/op
WorkloadPilot    3: 28298 op, 37856678.00 ns, 1.3378 us/op
WorkloadPilot    4: 29900 op, 38703907.00 ns, 1.2944 us/op
WorkloadPilot    5: 30901 op, 58653467.00 ns, 1.8981 us/op
WorkloadPilot    6: 21074 op, 15549020.00 ns, 737.8296 ns/op
WorkloadPilot    7: 54213 op, 39709987.00 ns, 732.4809 ns/op
WorkloadPilot    8: 54609 op, 41663362.00 ns, 762.9395 ns/op
WorkloadPilot    9: 52429 op, 38316728.00 ns, 730.8308 ns/op
WorkloadPilot   10: 54732 op, 41247269.00 ns, 753.6225 ns/op

WorkloadWarmup   1: 54732 op, 43284664.00 ns, 790.8475 ns/op
WorkloadWarmup   2: 54732 op, 40540485.00 ns, 740.7090 ns/op
WorkloadWarmup   3: 54732 op, 41131441.00 ns, 751.5063 ns/op
WorkloadWarmup   4: 54732 op, 41205603.00 ns, 752.8613 ns/op
WorkloadWarmup   5: 54732 op, 40857837.00 ns, 746.5073 ns/op
WorkloadWarmup   6: 54732 op, 39820070.00 ns, 727.5464 ns/op
WorkloadWarmup   7: 54732 op, 39148575.00 ns, 715.2776 ns/op
WorkloadWarmup   8: 54732 op, 44995962.00 ns, 822.1143 ns/op
WorkloadWarmup   9: 54732 op, 40711112.00 ns, 743.8265 ns/op
WorkloadWarmup  10: 54732 op, 41792078.00 ns, 763.5767 ns/op
WorkloadWarmup  11: 54732 op, 39955658.00 ns, 730.0237 ns/op
WorkloadWarmup  12: 54732 op, 39879052.00 ns, 728.6241 ns/op
WorkloadWarmup  13: 54732 op, 39081057.00 ns, 714.0440 ns/op
WorkloadWarmup  14: 54732 op, 39728177.00 ns, 725.8674 ns/op
WorkloadWarmup  15: 54732 op, 39775340.00 ns, 726.7292 ns/op
WorkloadWarmup  16: 54732 op, 40643774.00 ns, 742.5962 ns/op
WorkloadWarmup  17: 54732 op, 47337748.00 ns, 864.9008 ns/op
WorkloadWarmup  18: 54732 op, 47409658.00 ns, 866.2146 ns/op
WorkloadWarmup  19: 54732 op, 41692538.00 ns, 761.7580 ns/op
WorkloadWarmup  20: 54732 op, 41527460.00 ns, 758.7419 ns/op
WorkloadWarmup  21: 54732 op, 40989234.00 ns, 748.9080 ns/op
WorkloadWarmup  22: 54732 op, 42391826.00 ns, 774.5346 ns/op
WorkloadWarmup  23: 54732 op, 64876722.00 ns, 1.1854 us/op
WorkloadWarmup  24: 54732 op, 57652834.00 ns, 1.0534 us/op
WorkloadWarmup  25: 54732 op, 67360710.00 ns, 1.2307 us/op

// BeforeActualRun
WorkloadActual   1: 54732 op, 42678101.00 ns, 779.7651 ns/op
WorkloadActual   2: 54732 op, 41402233.00 ns, 756.4539 ns/op
WorkloadActual   3: 54732 op, 40943919.00 ns, 748.0801 ns/op
WorkloadActual   4: 54732 op, 41513481.00 ns, 758.4865 ns/op
WorkloadActual   5: 54732 op, 45601731.00 ns, 833.1823 ns/op
WorkloadActual   6: 54732 op, 41148849.00 ns, 751.8243 ns/op

// AfterActualRun
WorkloadResult   1: 54732 op, 42678101.00 ns, 779.7651 ns/op
WorkloadResult   2: 54732 op, 41402233.00 ns, 756.4539 ns/op
WorkloadResult   3: 54732 op, 40943919.00 ns, 748.0801 ns/op
WorkloadResult   4: 54732 op, 41513481.00 ns, 758.4865 ns/op
WorkloadResult   5: 54732 op, 41148849.00 ns, 751.8243 ns/op
// GC:  0 0 0 0 54732
// Threading:  0 0 54732

// AfterAll
// Benchmark Process 16744 has exited with code 0.

Mean = 758.922 ns, StdErr = 5.517 ns (0.73%), N = 5, StdDev = 12.335 ns
Min = 748.080 ns, Q1 = 751.824 ns, Median = 756.454 ns, Q3 = 758.486 ns, Max = 779.765 ns
IQR = 6.662 ns, LowerFence = 741.831 ns, UpperFence = 768.480 ns
ConfidenceInterval = [711.423 ns; 806.421 ns] (CI 99.9%), Margin = 47.499 ns (6.26% of Mean)
Skewness = 0.79, Kurtosis = 1.77, MValue = 2

// ** Remained 5 (83.3 %) benchmark(s) to run. Estimated finish 2026-10-10 15:18 (0h 0m from now) **
// **************************
// Benchmark: CodecSuite.Run: campaign(EvaluateOverhead=False, Clock=Armonik.Ffi.Bdn.CpuClock, IterationCount=6, IterationTime=40ms, LaunchCount=1, RunStrategy=Throughput, WarmupCount=25) [Case=core-(...)etain [42]]
// *** Execute ***
// Launch: 1 / 1
// Execute: dotnet BenchDotNet-campaign-1.dll --anonymousPipes 132 133 --benchmarkName "Armonik.Ffi.Bdn.CodecSuite.Run(Case: \"core-ffi|encode-core-hot|P1.1|prime|retain\")" --job campaign --benchmarkId 1 in /home/user/ArmoniK.Api/ffi/poc/csharp/src/BenchDotNet/bin/Release/net8.0/BenchDotNet-campaign-1/bin/Release/net8.0
// BeforeAnythingElse

// Benchmark Process Environment Information:
// BenchmarkDotNet v0.15.8
// Runtime=.NET 8.0.31 (8.0.31, 8.0.3126.42015), X64 RyuJIT x86-64-v4
// GC=Concurrent Workstation
// HardwareIntrinsics=AVX512 IFMA+VBMI,AVX512 F+BW+CD+DQ+VL,AVX2+BMI1+BMI2+F16C+FMA+LZCNT+MOVBE,AVX,SSE3+SSSE3+SSE4.1+SSE4.2+POPCNT,X86Base+SSE+SSE2,AES+PCLMUL,AvxVnni,SERIALIZE VectorSize=256
// Job: campaign(EvaluateOverhead=False, Clock=Armonik.Ffi.Bdn.CpuClock, IterationCount=6, IterationTime=40ms, LaunchCount=1, RunStrategy=Throughput, WarmupCount=25)

OverheadJitting  1: 1 op, 342928.00 ns, 342.9280 us/op
WorkloadJitting  1: 1 op, 5162351.00 ns, 5.1624 ms/op

WorkloadPilot    1: 4 op, 20216.00 ns, 5.0540 us/op
WorkloadPilot    2: 7915 op, 19495204.00 ns, 2.4631 us/op
WorkloadPilot    3: 16240 op, 40053124.00 ns, 2.4663 us/op
WorkloadPilot    4: 16218 op, 29522427.00 ns, 1.8203 us/op
WorkloadPilot    5: 21974 op, 34510656.00 ns, 1.5705 us/op
WorkloadPilot    6: 25469 op, 46300953.00 ns, 1.8179 us/op
WorkloadPilot    7: 22003 op, 23510707.00 ns, 1.0685 us/op
WorkloadPilot    8: 37435 op, 39185029.00 ns, 1.0467 us/op
WorkloadPilot    9: 38214 op, 41141979.00 ns, 1.0766 us/op

WorkloadWarmup   1: 38214 op, 40424947.00 ns, 1.0579 us/op
WorkloadWarmup   2: 38214 op, 48506105.00 ns, 1.2693 us/op
WorkloadWarmup   3: 38214 op, 42281360.00 ns, 1.1064 us/op
WorkloadWarmup   4: 38214 op, 45555727.00 ns, 1.1921 us/op
WorkloadWarmup   5: 38214 op, 47490162.00 ns, 1.2427 us/op
WorkloadWarmup   6: 38214 op, 48855405.00 ns, 1.2785 us/op
WorkloadWarmup   7: 38214 op, 41514100.00 ns, 1.0864 us/op
WorkloadWarmup   8: 38214 op, 39867150.00 ns, 1.0433 us/op
WorkloadWarmup   9: 38214 op, 39604601.00 ns, 1.0364 us/op
WorkloadWarmup  10: 38214 op, 39736052.00 ns, 1.0398 us/op
WorkloadWarmup  11: 38214 op, 40928026.00 ns, 1.0710 us/op
WorkloadWarmup  12: 38214 op, 41027667.00 ns, 1.0736 us/op
WorkloadWarmup  13: 38214 op, 43755267.00 ns, 1.1450 us/op
WorkloadWarmup  14: 38214 op, 43466224.00 ns, 1.1374 us/op
WorkloadWarmup  15: 38214 op, 44079089.00 ns, 1.1535 us/op
WorkloadWarmup  16: 38214 op, 45390752.00 ns, 1.1878 us/op
WorkloadWarmup  17: 38214 op, 41245704.00 ns, 1.0793 us/op
WorkloadWarmup  18: 38214 op, 40371466.00 ns, 1.0565 us/op
WorkloadWarmup  19: 38214 op, 41021364.00 ns, 1.0735 us/op
WorkloadWarmup  20: 38214 op, 41411539.00 ns, 1.0837 us/op
WorkloadWarmup  21: 38214 op, 42162655.00 ns, 1.1033 us/op
WorkloadWarmup  22: 38214 op, 62001740.00 ns, 1.6225 us/op
WorkloadWarmup  23: 38214 op, 44419255.00 ns, 1.1624 us/op
WorkloadWarmup  24: 38214 op, 41874810.00 ns, 1.0958 us/op
WorkloadWarmup  25: 38214 op, 61764491.00 ns, 1.6163 us/op

// BeforeActualRun
WorkloadActual   1: 38214 op, 40739321.00 ns, 1.0661 us/op
WorkloadActual   2: 38214 op, 40035105.00 ns, 1.0477 us/op
WorkloadActual   3: 38214 op, 39964892.00 ns, 1.0458 us/op
WorkloadActual   4: 38214 op, 40202174.00 ns, 1.0520 us/op
WorkloadActual   5: 38214 op, 45299427.00 ns, 1.1854 us/op
WorkloadActual   6: 38214 op, 58689698.00 ns, 1.5358 us/op

// AfterActualRun
WorkloadResult   1: 38214 op, 40739321.00 ns, 1.0661 us/op
WorkloadResult   2: 38214 op, 40035105.00 ns, 1.0477 us/op
WorkloadResult   3: 38214 op, 39964892.00 ns, 1.0458 us/op
WorkloadResult   4: 38214 op, 40202174.00 ns, 1.0520 us/op
WorkloadResult   5: 38214 op, 45299427.00 ns, 1.1854 us/op
// GC:  0 0 0 0 38214
// Threading:  0 0 38214

// AfterAll
// Benchmark Process 16754 has exited with code 0.

Mean = 1.079 us, StdErr = 0.027 us (2.48%), N = 5, StdDev = 0.060 us
Min = 1.046 us, Q1 = 1.048 us, Median = 1.052 us, Q3 = 1.066 us, Max = 1.185 us
IQR = 0.018 us, LowerFence = 1.020 us, UpperFence = 1.094 us
ConfidenceInterval = [0.849 us; 1.310 us] (CI 99.9%), Margin = 0.230 us (21.33% of Mean)
Skewness = 1.03, Kurtosis = 2.02, MValue = 2

// ** Remained 4 (66.7 %) benchmark(s) to run. Estimated finish 2026-10-10 15:18 (0h 0m from now) **
// **************************
// Benchmark: CodecSuite.Run: campaign(EvaluateOverhead=False, Clock=Armonik.Ffi.Bdn.CpuClock, IterationCount=6, IterationTime=40ms, LaunchCount=1, RunStrategy=Throughput, WarmupCount=25) [Case=core-(...)|drop [40]]
// *** Execute ***
// Launch: 1 / 1
// Execute: dotnet BenchDotNet-campaign-1.dll --anonymousPipes 132 133 --benchmarkName "Armonik.Ffi.Bdn.CodecSuite.Run(Case: \"core-ffi|encode-core-hot|P1.1|ascii|drop\")" --job campaign --benchmarkId 2 in /home/user/ArmoniK.Api/ffi/poc/csharp/src/BenchDotNet/bin/Release/net8.0/BenchDotNet-campaign-1/bin/Release/net8.0
// BeforeAnythingElse

// Benchmark Process Environment Information:
// BenchmarkDotNet v0.15.8
// Runtime=.NET 8.0.31 (8.0.31, 8.0.3126.42015), X64 RyuJIT x86-64-v4
// GC=Concurrent Workstation
// HardwareIntrinsics=AVX512 IFMA+VBMI,AVX512 F+BW+CD+DQ+VL,AVX2+BMI1+BMI2+F16C+FMA+LZCNT+MOVBE,AVX,SSE3+SSSE3+SSE4.1+SSE4.2+POPCNT,X86Base+SSE+SSE2,AES+PCLMUL,AvxVnni,SERIALIZE VectorSize=256
// Job: campaign(EvaluateOverhead=False, Clock=Armonik.Ffi.Bdn.CpuClock, IterationCount=6, IterationTime=40ms, LaunchCount=1, RunStrategy=Throughput, WarmupCount=25)

OverheadJitting  1: 1 op, 269105.00 ns, 269.1050 us/op
WorkloadJitting  1: 1 op, 4743412.00 ns, 4.7434 ms/op

WorkloadPilot    1: 4 op, 18925.00 ns, 4.7313 us/op
WorkloadPilot    2: 8454 op, 20160442.00 ns, 2.3847 us/op
WorkloadPilot    3: 16773 op, 32465887.00 ns, 1.9356 us/op
WorkloadPilot    4: 20665 op, 25567344.00 ns, 1.2372 us/op
WorkloadPilot    5: 32330 op, 40964590.00 ns, 1.2671 us/op
WorkloadPilot    6: 31569 op, 36377558.00 ns, 1.1523 us/op
WorkloadPilot    7: 34713 op, 24263676.00 ns, 698.9795 ns/op
WorkloadPilot    8: 57226 op, 40303425.00 ns, 704.2852 ns/op
WorkloadPilot    9: 56795 op, 39463814.00 ns, 694.8466 ns/op
WorkloadPilot   10: 57567 op, 40091992.00 ns, 696.4405 ns/op

WorkloadWarmup   1: 57567 op, 39860747.00 ns, 692.4236 ns/op
WorkloadWarmup   2: 57567 op, 40168364.00 ns, 697.7672 ns/op
WorkloadWarmup   3: 57567 op, 40168945.00 ns, 697.7773 ns/op
WorkloadWarmup   4: 57567 op, 40155023.00 ns, 697.5354 ns/op
WorkloadWarmup   5: 57567 op, 40442979.00 ns, 702.5375 ns/op
WorkloadWarmup   6: 57567 op, 43091996.00 ns, 748.5538 ns/op
WorkloadWarmup   7: 57567 op, 43245608.00 ns, 751.2222 ns/op
WorkloadWarmup   8: 57567 op, 40276810.00 ns, 699.6510 ns/op
WorkloadWarmup   9: 57567 op, 40999851.00 ns, 712.2110 ns/op
WorkloadWarmup  10: 57567 op, 40309299.00 ns, 700.2154 ns/op
WorkloadWarmup  11: 57567 op, 39881745.00 ns, 692.7883 ns/op
WorkloadWarmup  12: 57567 op, 39738043.00 ns, 690.2921 ns/op
WorkloadWarmup  13: 57567 op, 39714891.00 ns, 689.8899 ns/op
WorkloadWarmup  14: 57567 op, 39782290.00 ns, 691.0607 ns/op
WorkloadWarmup  15: 57567 op, 39743972.00 ns, 690.3951 ns/op
WorkloadWarmup  16: 57567 op, 40411637.00 ns, 701.9931 ns/op
WorkloadWarmup  17: 57567 op, 40033894.00 ns, 695.4313 ns/op
WorkloadWarmup  18: 57567 op, 39776590.00 ns, 690.9617 ns/op
WorkloadWarmup  19: 57567 op, 39759908.00 ns, 690.6719 ns/op
WorkloadWarmup  20: 57567 op, 39859265.00 ns, 692.3978 ns/op
WorkloadWarmup  21: 57567 op, 43647223.00 ns, 758.1987 ns/op
WorkloadWarmup  22: 57567 op, 40036473.00 ns, 695.4761 ns/op
WorkloadWarmup  23: 57567 op, 39914236.00 ns, 693.3527 ns/op
WorkloadWarmup  24: 57567 op, 40038160.00 ns, 695.5054 ns/op
WorkloadWarmup  25: 57567 op, 40776224.00 ns, 708.3264 ns/op

// BeforeActualRun
WorkloadActual   1: 57567 op, 50916521.00 ns, 884.4741 ns/op
WorkloadActual   2: 57567 op, 46954241.00 ns, 815.6451 ns/op
WorkloadActual   3: 57567 op, 45080957.00 ns, 783.1042 ns/op
WorkloadActual   4: 57567 op, 48736882.00 ns, 846.6115 ns/op
WorkloadActual   5: 57567 op, 45213920.00 ns, 785.4139 ns/op
WorkloadActual   6: 57567 op, 49512001.00 ns, 860.0761 ns/op

// AfterActualRun
WorkloadResult   1: 57567 op, 50916521.00 ns, 884.4741 ns/op
WorkloadResult   2: 57567 op, 46954241.00 ns, 815.6451 ns/op
WorkloadResult   3: 57567 op, 45080957.00 ns, 783.1042 ns/op
WorkloadResult   4: 57567 op, 48736882.00 ns, 846.6115 ns/op
WorkloadResult   5: 57567 op, 45213920.00 ns, 785.4139 ns/op
WorkloadResult   6: 57567 op, 49512001.00 ns, 860.0761 ns/op
// GC:  0 0 0 0 57567
// Threading:  0 0 57567

// AfterAll
// Benchmark Process 16763 has exited with code 0.

Mean = 829.221 ns, StdErr = 16.870 ns (2.03%), N = 6, StdDev = 41.322 ns
Min = 783.104 ns, Q1 = 792.972 ns, Median = 831.128 ns, Q3 = 856.710 ns, Max = 884.474 ns
IQR = 63.738 ns, LowerFence = 697.364 ns, UpperFence = 952.317 ns
ConfidenceInterval = [713.346 ns; 945.095 ns] (CI 99.9%), Margin = 115.874 ns (13.97% of Mean)
Skewness = 0.04, Kurtosis = 1.06, MValue = 2

// ** Remained 3 (50.0 %) benchmark(s) to run. Estimated finish 2026-10-10 15:18 (0h 0m from now) **
// **************************
// Benchmark: CodecSuite.Run: campaign(EvaluateOverhead=False, Clock=Armonik.Ffi.Bdn.CpuClock, IterationCount=6, IterationTime=40ms, LaunchCount=1, RunStrategy=Throughput, WarmupCount=25) [Case=core-(...)etain [42]]
// *** Execute ***
// Launch: 1 / 1
// Execute: dotnet BenchDotNet-campaign-1.dll --anonymousPipes 132 133 --benchmarkName "Armonik.Ffi.Bdn.CodecSuite.Run(Case: \"core-ffi|encode-core-hot|P1.1|ascii|retain\")" --job campaign --benchmarkId 3 in /home/user/ArmoniK.Api/ffi/poc/csharp/src/BenchDotNet/bin/Release/net8.0/BenchDotNet-campaign-1/bin/Release/net8.0
// BeforeAnythingElse

// Benchmark Process Environment Information:
// BenchmarkDotNet v0.15.8
// Runtime=.NET 8.0.31 (8.0.31, 8.0.3126.42015), X64 RyuJIT x86-64-v4
// GC=Concurrent Workstation
// HardwareIntrinsics=AVX512 IFMA+VBMI,AVX512 F+BW+CD+DQ+VL,AVX2+BMI1+BMI2+F16C+FMA+LZCNT+MOVBE,AVX,SSE3+SSSE3+SSE4.1+SSE4.2+POPCNT,X86Base+SSE+SSE2,AES+PCLMUL,AvxVnni,SERIALIZE VectorSize=256
// Job: campaign(EvaluateOverhead=False, Clock=Armonik.Ffi.Bdn.CpuClock, IterationCount=6, IterationTime=40ms, LaunchCount=1, RunStrategy=Throughput, WarmupCount=25)

OverheadJitting  1: 1 op, 555257.00 ns, 555.2570 us/op
WorkloadJitting  1: 1 op, 4881134.00 ns, 4.8811 ms/op

WorkloadPilot    1: 4 op, 16281.00 ns, 4.0703 us/op
WorkloadPilot    2: 9827 op, 13516693.00 ns, 1.3755 us/op
WorkloadPilot    3: 29081 op, 36389197.00 ns, 1.2513 us/op
WorkloadPilot    4: 31967 op, 48633617.00 ns, 1.5214 us/op
WorkloadPilot    5: 26292 op, 44545319.00 ns, 1.6943 us/op
WorkloadPilot    6: 23609 op, 26045664.00 ns, 1.1032 us/op
WorkloadPilot    7: 36258 op, 44573802.00 ns, 1.2294 us/op

WorkloadWarmup   1: 36258 op, 38414571.00 ns, 1.0595 us/op
WorkloadWarmup   2: 36258 op, 40166557.00 ns, 1.1078 us/op
WorkloadWarmup   3: 36258 op, 41412988.00 ns, 1.1422 us/op
WorkloadWarmup   4: 36258 op, 39195491.00 ns, 1.0810 us/op
WorkloadWarmup   5: 36258 op, 38595105.00 ns, 1.0645 us/op
WorkloadWarmup   6: 36258 op, 39959332.00 ns, 1.1021 us/op
WorkloadWarmup   7: 36258 op, 40423831.00 ns, 1.1149 us/op
WorkloadWarmup   8: 36258 op, 38815551.00 ns, 1.0705 us/op
WorkloadWarmup   9: 36258 op, 43217825.00 ns, 1.1920 us/op
WorkloadWarmup  10: 36258 op, 40022123.00 ns, 1.1038 us/op
WorkloadWarmup  11: 36258 op, 49123557.00 ns, 1.3548 us/op
WorkloadWarmup  12: 36258 op, 42235999.00 ns, 1.1649 us/op
WorkloadWarmup  13: 36258 op, 43966872.00 ns, 1.2126 us/op
WorkloadWarmup  14: 36258 op, 38941727.00 ns, 1.0740 us/op
WorkloadWarmup  15: 36258 op, 44569369.00 ns, 1.2292 us/op
WorkloadWarmup  16: 36258 op, 37964871.00 ns, 1.0471 us/op
WorkloadWarmup  17: 36258 op, 40062162.00 ns, 1.1049 us/op
WorkloadWarmup  18: 36258 op, 39828632.00 ns, 1.0985 us/op
WorkloadWarmup  19: 36258 op, 40677499.00 ns, 1.1219 us/op
WorkloadWarmup  20: 36258 op, 40739371.00 ns, 1.1236 us/op
WorkloadWarmup  21: 36258 op, 38129365.00 ns, 1.0516 us/op
WorkloadWarmup  22: 36258 op, 38749562.00 ns, 1.0687 us/op
WorkloadWarmup  23: 36258 op, 39275397.00 ns, 1.0832 us/op
WorkloadWarmup  24: 36258 op, 39408829.00 ns, 1.0869 us/op
WorkloadWarmup  25: 36258 op, 40785145.00 ns, 1.1249 us/op

// BeforeActualRun
WorkloadActual   1: 36258 op, 38055515.00 ns, 1.0496 us/op
WorkloadActual   2: 36258 op, 49237362.00 ns, 1.3580 us/op
WorkloadActual   3: 36258 op, 44890244.00 ns, 1.2381 us/op
WorkloadActual   4: 36258 op, 41761582.00 ns, 1.1518 us/op
WorkloadActual   5: 36258 op, 40418109.00 ns, 1.1147 us/op
WorkloadActual   6: 36258 op, 51289202.00 ns, 1.4146 us/op

// AfterActualRun
WorkloadResult   1: 36258 op, 38055515.00 ns, 1.0496 us/op
WorkloadResult   2: 36258 op, 49237362.00 ns, 1.3580 us/op
WorkloadResult   3: 36258 op, 44890244.00 ns, 1.2381 us/op
WorkloadResult   4: 36258 op, 41761582.00 ns, 1.1518 us/op
WorkloadResult   5: 36258 op, 40418109.00 ns, 1.1147 us/op
WorkloadResult   6: 36258 op, 51289202.00 ns, 1.4146 us/op
// GC:  0 0 0 0 36258
// Threading:  0 0 36258

// AfterAll
// Benchmark Process 16772 has exited with code 0.

Mean = 1.221 us, StdErr = 0.058 us (4.77%), N = 6, StdDev = 0.143 us
Min = 1.050 us, Q1 = 1.124 us, Median = 1.195 us, Q3 = 1.328 us, Max = 1.415 us
IQR = 0.204 us, LowerFence = 0.818 us, UpperFence = 1.634 us
ConfidenceInterval = [0.821 us; 1.622 us] (CI 99.9%), Margin = 0.400 us (32.80% of Mean)
Skewness = 0.18, Kurtosis = 1.11, MValue = 2

// ** Remained 2 (33.3 %) benchmark(s) to run. Estimated finish 2026-10-10 15:18 (0h 0m from now) **
// **************************
// Benchmark: CodecSuite.Run: campaign(EvaluateOverhead=False, Clock=Armonik.Ffi.Bdn.CpuClock, IterationCount=6, IterationTime=40ms, LaunchCount=1, RunStrategy=Throughput, WarmupCount=25) [Case=core-(...)etain [42]]
// *** Execute ***
// Launch: 1 / 1
// Execute: dotnet BenchDotNet-campaign-1.dll --anonymousPipes 132 133 --benchmarkName "Armonik.Ffi.Bdn.CodecSuite.Run(Case: \"core-ffi|encode-core-hot|P5.1|ascii|retain\")" --job campaign --benchmarkId 4 in /home/user/ArmoniK.Api/ffi/poc/csharp/src/BenchDotNet/bin/Release/net8.0/BenchDotNet-campaign-1/bin/Release/net8.0
// BeforeAnythingElse

// Benchmark Process Environment Information:
// BenchmarkDotNet v0.15.8
// Runtime=.NET 8.0.31 (8.0.31, 8.0.3126.42015), X64 RyuJIT x86-64-v4
// GC=Concurrent Workstation
// HardwareIntrinsics=AVX512 IFMA+VBMI,AVX512 F+BW+CD+DQ+VL,AVX2+BMI1+BMI2+F16C+FMA+LZCNT+MOVBE,AVX,SSE3+SSSE3+SSE4.1+SSE4.2+POPCNT,X86Base+SSE+SSE2,AES+PCLMUL,AvxVnni,SERIALIZE VectorSize=256
// Job: campaign(EvaluateOverhead=False, Clock=Armonik.Ffi.Bdn.CpuClock, IterationCount=6, IterationTime=40ms, LaunchCount=1, RunStrategy=Throughput, WarmupCount=25)

OverheadJitting  1: 1 op, 241949.00 ns, 241.9490 us/op
WorkloadJitting  1: 1 op, 3873390.00 ns, 3.8734 ms/op

WorkloadPilot    1: 4 op, 7220.00 ns, 1.8050 us/op
WorkloadPilot    2: 22161 op, 4391174.00 ns, 198.1487 ns/op
WorkloadPilot    3: 201869 op, 39415292.00 ns, 195.2518 ns/op
WorkloadPilot    4: 204864 op, 37544893.00 ns, 183.2674 ns/op
WorkloadPilot    5: 218260 op, 52080094.00 ns, 238.6149 ns/op
WorkloadPilot    6: 167634 op, 17204193.00 ns, 102.6295 ns/op
WorkloadPilot    7: 389751 op, 40292015.00 ns, 103.3789 ns/op
WorkloadPilot    8: 386926 op, 42985648.00 ns, 111.0953 ns/op

WorkloadWarmup   1: 386926 op, 43479664.00 ns, 112.3720 ns/op
WorkloadWarmup   2: 386926 op, 39975110.00 ns, 103.3146 ns/op
WorkloadWarmup   3: 386926 op, 39211989.00 ns, 101.3423 ns/op
WorkloadWarmup   4: 386926 op, 39268026.00 ns, 101.4872 ns/op
WorkloadWarmup   5: 386926 op, 38457087.00 ns, 99.3913 ns/op
WorkloadWarmup   6: 386926 op, 40132182.00 ns, 103.7206 ns/op
WorkloadWarmup   7: 386926 op, 38906650.00 ns, 100.5532 ns/op
WorkloadWarmup   8: 386926 op, 38902670.00 ns, 100.5429 ns/op
WorkloadWarmup   9: 386926 op, 49745007.00 ns, 128.5647 ns/op
WorkloadWarmup  10: 386926 op, 39442305.00 ns, 101.9376 ns/op
WorkloadWarmup  11: 386926 op, 39480647.00 ns, 102.0367 ns/op
WorkloadWarmup  12: 386926 op, 47984244.00 ns, 124.0140 ns/op
WorkloadWarmup  13: 386926 op, 48290502.00 ns, 124.8055 ns/op
WorkloadWarmup  14: 386926 op, 41302979.00 ns, 106.7465 ns/op
WorkloadWarmup  15: 386926 op, 38610268.00 ns, 99.7872 ns/op
WorkloadWarmup  16: 386926 op, 39027249.00 ns, 100.8649 ns/op
WorkloadWarmup  17: 386926 op, 40672040.00 ns, 105.1158 ns/op
WorkloadWarmup  18: 386926 op, 40513042.00 ns, 104.7049 ns/op
WorkloadWarmup  19: 386926 op, 43260608.00 ns, 111.8059 ns/op
WorkloadWarmup  20: 386926 op, 43754675.00 ns, 113.0828 ns/op
WorkloadWarmup  21: 386926 op, 44407452.00 ns, 114.7699 ns/op
WorkloadWarmup  22: 386926 op, 41844958.00 ns, 108.1472 ns/op
WorkloadWarmup  23: 386926 op, 38839897.00 ns, 100.3807 ns/op
WorkloadWarmup  24: 386926 op, 42769164.00 ns, 110.5358 ns/op
WorkloadWarmup  25: 386926 op, 39677818.00 ns, 102.5463 ns/op

// BeforeActualRun
WorkloadActual   1: 386926 op, 40183910.00 ns, 103.8543 ns/op
WorkloadActual   2: 386926 op, 39343536.00 ns, 101.6823 ns/op
WorkloadActual   3: 386926 op, 39708626.00 ns, 102.6259 ns/op
WorkloadActual   4: 386926 op, 39543296.00 ns, 102.1986 ns/op
WorkloadActual   5: 386926 op, 40746556.00 ns, 105.3084 ns/op
WorkloadActual   6: 386926 op, 39499684.00 ns, 102.0859 ns/op

// AfterActualRun
WorkloadResult   1: 386926 op, 40183910.00 ns, 103.8543 ns/op
WorkloadResult   2: 386926 op, 39343536.00 ns, 101.6823 ns/op
WorkloadResult   3: 386926 op, 39708626.00 ns, 102.6259 ns/op
WorkloadResult   4: 386926 op, 39543296.00 ns, 102.1986 ns/op
WorkloadResult   5: 386926 op, 40746556.00 ns, 105.3084 ns/op
WorkloadResult   6: 386926 op, 39499684.00 ns, 102.0859 ns/op
// GC:  0 0 0 0 386926
// Threading:  0 0 386926

// AfterAll
// Benchmark Process 16781 has exited with code 0.

Mean = 102.959 ns, StdErr = 0.560 ns (0.54%), N = 6, StdDev = 1.371 ns
Min = 101.682 ns, Q1 = 102.114 ns, Median = 102.412 ns, Q3 = 103.547 ns, Max = 105.308 ns
IQR = 1.433 ns, LowerFence = 99.964 ns, UpperFence = 105.697 ns
ConfidenceInterval = [99.114 ns; 106.805 ns] (CI 99.9%), Margin = 3.845 ns (3.73% of Mean)
Skewness = 0.68, Kurtosis = 1.63, MValue = 2

// ** Remained 1 (16.7 %) benchmark(s) to run. Estimated finish 2026-10-10 15:18 (0h 0m from now) **
// **************************
// Benchmark: CodecSuite.Run: campaign(EvaluateOverhead=False, Clock=Armonik.Ffi.Bdn.CpuClock, IterationCount=6, IterationTime=40ms, LaunchCount=1, RunStrategy=Throughput, WarmupCount=25) [Case=core-(...)|drop [40]]
// *** Execute ***
// Launch: 1 / 1
// Execute: dotnet BenchDotNet-campaign-1.dll --anonymousPipes 132 133 --benchmarkName "Armonik.Ffi.Bdn.CodecSuite.Run(Case: \"core-ffi|encode-core-hot|P5.1|ascii|drop\")" --job campaign --benchmarkId 5 in /home/user/ArmoniK.Api/ffi/poc/csharp/src/BenchDotNet/bin/Release/net8.0/BenchDotNet-campaign-1/bin/Release/net8.0
// BeforeAnythingElse

// Benchmark Process Environment Information:
// BenchmarkDotNet v0.15.8
// Runtime=.NET 8.0.31 (8.0.31, 8.0.3126.42015), X64 RyuJIT x86-64-v4
// GC=Concurrent Workstation
// HardwareIntrinsics=AVX512 IFMA+VBMI,AVX512 F+BW+CD+DQ+VL,AVX2+BMI1+BMI2+F16C+FMA+LZCNT+MOVBE,AVX,SSE3+SSSE3+SSE4.1+SSE4.2+POPCNT,X86Base+SSE+SSE2,AES+PCLMUL,AvxVnni,SERIALIZE VectorSize=256
// Job: campaign(EvaluateOverhead=False, Clock=Armonik.Ffi.Bdn.CpuClock, IterationCount=6, IterationTime=40ms, LaunchCount=1, RunStrategy=Throughput, WarmupCount=25)

OverheadJitting  1: 1 op, 247413.00 ns, 247.4130 us/op
WorkloadJitting  1: 1 op, 3476830.00 ns, 3.4768 ms/op

WorkloadPilot    1: 4 op, 7897.00 ns, 1.9743 us/op
WorkloadPilot    2: 20261 op, 3878103.00 ns, 191.4073 ns/op
WorkloadPilot    3: 208978 op, 35808713.00 ns, 171.3516 ns/op
WorkloadPilot    4: 233438 op, 40613880.00 ns, 173.9814 ns/op
WorkloadPilot    5: 229910 op, 39524551.00 ns, 171.9131 ns/op
WorkloadPilot    6: 232676 op, 39883652.00 ns, 171.4128 ns/op
WorkloadPilot    7: 233355 op, 40057914.00 ns, 171.6608 ns/op
WorkloadPilot    8: 233018 op, 45848057.00 ns, 196.7576 ns/op

WorkloadWarmup   1: 233018 op, 23316104.00 ns, 100.0614 ns/op
WorkloadWarmup   2: 233018 op, 23203844.00 ns, 99.5796 ns/op
WorkloadWarmup   3: 233018 op, 23039381.00 ns, 98.8738 ns/op
WorkloadWarmup   4: 233018 op, 23253883.00 ns, 99.7944 ns/op
WorkloadWarmup   5: 233018 op, 23634550.00 ns, 101.4280 ns/op
WorkloadWarmup   6: 233018 op, 25020798.00 ns, 107.3771 ns/op
WorkloadWarmup   7: 233018 op, 23302610.00 ns, 100.0035 ns/op
WorkloadWarmup   8: 233018 op, 23828651.00 ns, 102.2610 ns/op
WorkloadWarmup   9: 233018 op, 23325006.00 ns, 100.0996 ns/op
WorkloadWarmup  10: 233018 op, 23357302.00 ns, 100.2382 ns/op
WorkloadWarmup  11: 233018 op, 23091854.00 ns, 99.0990 ns/op
WorkloadWarmup  12: 233018 op, 23091069.00 ns, 99.0956 ns/op
WorkloadWarmup  13: 233018 op, 23663733.00 ns, 101.5532 ns/op
WorkloadWarmup  14: 233018 op, 24281620.00 ns, 104.2049 ns/op
WorkloadWarmup  15: 233018 op, 23583259.00 ns, 101.2079 ns/op
WorkloadWarmup  16: 233018 op, 23345830.00 ns, 100.1890 ns/op
WorkloadWarmup  17: 233018 op, 24623226.00 ns, 105.6709 ns/op
WorkloadWarmup  18: 233018 op, 24345054.00 ns, 104.4771 ns/op
WorkloadWarmup  19: 233018 op, 23317078.00 ns, 100.0656 ns/op
WorkloadWarmup  20: 233018 op, 24015294.00 ns, 103.0620 ns/op
WorkloadWarmup  21: 233018 op, 23305960.00 ns, 100.0179 ns/op
WorkloadWarmup  22: 233018 op, 22886042.00 ns, 98.2158 ns/op
WorkloadWarmup  23: 233018 op, 26086437.00 ns, 111.9503 ns/op
WorkloadWarmup  24: 233018 op, 33014172.00 ns, 141.6808 ns/op
WorkloadWarmup  25: 233018 op, 23369179.00 ns, 100.2892 ns/op

// BeforeActualRun
WorkloadActual   1: 233018 op, 24185378.00 ns, 103.7919 ns/op
WorkloadActual   2: 233018 op, 26214607.00 ns, 112.5004 ns/op
WorkloadActual   3: 233018 op, 28288863.00 ns, 121.4021 ns/op
WorkloadActual   4: 233018 op, 23496984.00 ns, 100.8376 ns/op
WorkloadActual   5: 233018 op, 22485951.00 ns, 96.4988 ns/op
WorkloadActual   6: 233018 op, 22955303.00 ns, 98.5130 ns/op

// AfterActualRun
WorkloadResult   1: 233018 op, 24185378.00 ns, 103.7919 ns/op
WorkloadResult   2: 233018 op, 26214607.00 ns, 112.5004 ns/op
WorkloadResult   3: 233018 op, 28288863.00 ns, 121.4021 ns/op
WorkloadResult   4: 233018 op, 23496984.00 ns, 100.8376 ns/op
WorkloadResult   5: 233018 op, 22485951.00 ns, 96.4988 ns/op
WorkloadResult   6: 233018 op, 22955303.00 ns, 98.5130 ns/op
// GC:  0 0 0 0 233018
// Threading:  0 0 233018

// AfterAll
// Benchmark Process 16790 has exited with code 0.

Mean = 105.591 ns, StdErr = 3.900 ns (3.69%), N = 6, StdDev = 9.553 ns
Min = 96.499 ns, Q1 = 99.094 ns, Median = 102.315 ns, Q3 = 110.323 ns, Max = 121.402 ns
IQR = 11.229 ns, LowerFence = 82.251 ns, UpperFence = 127.167 ns
ConfidenceInterval = [78.801 ns; 132.380 ns] (CI 99.9%), Margin = 26.789 ns (25.37% of Mean)
Skewness = 0.59, Kurtosis = 1.49, MValue = 2

// ** Remained 0 (0.0 %) benchmark(s) to run. Estimated finish 2026-10-10 15:18 (0h 0m from now) **
Run time: 00:00:11 (11.27 sec), executed benchmarks: 6

// ***** BenchmarkRunner: Finish  *****

// * Export *
  home/user/ArmoniK.Api/ffi/logs/csharp/opt/s15/codec-small/new-full-r4.jsonl

// * Detailed results *
CodecSuite.Run: campaign(EvaluateOverhead=False, Clock=Armonik.Ffi.Bdn.CpuClock, IterationCount=6, IterationTime=40ms, LaunchCount=1, RunStrategy=Throughput, WarmupCount=25) [Case=core-(...)|drop [40]]
Runtime = .NET 8.0.31 (8.0.31, 8.0.3126.42015), X64 RyuJIT x86-64-v4; GC = Concurrent Workstation
Mean = 758.922 ns, StdErr = 5.517 ns (0.73%), N = 5, StdDev = 12.335 ns
Min = 748.080 ns, Q1 = 751.824 ns, Median = 756.454 ns, Q3 = 758.486 ns, Max = 779.765 ns
IQR = 6.662 ns, LowerFence = 741.831 ns, UpperFence = 768.480 ns
ConfidenceInterval = [711.423 ns; 806.421 ns] (CI 99.9%), Margin = 47.499 ns (6.26% of Mean)
Skewness = 0.79, Kurtosis = 1.77, MValue = 2
-------------------- Histogram --------------------
[743.815 ns ; 770.297 ns) | @@@@
[770.297 ns ; 789.233 ns) | @
---------------------------------------------------

CodecSuite.Run: campaign(EvaluateOverhead=False, Clock=Armonik.Ffi.Bdn.CpuClock, IterationCount=6, IterationTime=40ms, LaunchCount=1, RunStrategy=Throughput, WarmupCount=25) [Case=core-(...)etain [42]]
Runtime = .NET 8.0.31 (8.0.31, 8.0.3126.42015), X64 RyuJIT x86-64-v4; GC = Concurrent Workstation
Mean = 1.079 us, StdErr = 0.027 us (2.48%), N = 5, StdDev = 0.060 us
Min = 1.046 us, Q1 = 1.048 us, Median = 1.052 us, Q3 = 1.066 us, Max = 1.185 us
IQR = 0.018 us, LowerFence = 1.020 us, UpperFence = 1.094 us
ConfidenceInterval = [0.849 us; 1.310 us] (CI 99.9%), Margin = 0.230 us (21.33% of Mean)
Skewness = 1.03, Kurtosis = 2.02, MValue = 2
-------------------- Histogram --------------------
[1.010 us ; 1.102 us) | @@@@
[1.102 us ; 1.140 us) | 
[1.140 us ; 1.231 us) | @
---------------------------------------------------

CodecSuite.Run: campaign(EvaluateOverhead=False, Clock=Armonik.Ffi.Bdn.CpuClock, IterationCount=6, IterationTime=40ms, LaunchCount=1, RunStrategy=Throughput, WarmupCount=25) [Case=core-(...)|drop [40]]
Runtime = .NET 8.0.31 (8.0.31, 8.0.3126.42015), X64 RyuJIT x86-64-v4; GC = Concurrent Workstation
Mean = 829.221 ns, StdErr = 16.870 ns (2.03%), N = 6, StdDev = 41.322 ns
Min = 783.104 ns, Q1 = 792.972 ns, Median = 831.128 ns, Q3 = 856.710 ns, Max = 884.474 ns
IQR = 63.738 ns, LowerFence = 697.364 ns, UpperFence = 952.317 ns
ConfidenceInterval = [713.346 ns; 945.095 ns] (CI 99.9%), Margin = 115.874 ns (13.97% of Mean)
Skewness = 0.04, Kurtosis = 1.06, MValue = 2
-------------------- Histogram --------------------
[769.528 ns ; 829.221 ns) | @@@
[829.221 ns ; 895.389 ns) | @@@
---------------------------------------------------

CodecSuite.Run: campaign(EvaluateOverhead=False, Clock=Armonik.Ffi.Bdn.CpuClock, IterationCount=6, IterationTime=40ms, LaunchCount=1, RunStrategy=Throughput, WarmupCount=25) [Case=core-(...)etain [42]]
Runtime = .NET 8.0.31 (8.0.31, 8.0.3126.42015), X64 RyuJIT x86-64-v4; GC = Concurrent Workstation
Mean = 1.221 us, StdErr = 0.058 us (4.77%), N = 6, StdDev = 0.143 us
Min = 1.050 us, Q1 = 1.124 us, Median = 1.195 us, Q3 = 1.328 us, Max = 1.415 us
IQR = 0.204 us, LowerFence = 0.818 us, UpperFence = 1.634 us
ConfidenceInterval = [0.821 us; 1.622 us] (CI 99.9%), Margin = 0.400 us (32.80% of Mean)
Skewness = 0.18, Kurtosis = 1.11, MValue = 2
-------------------- Histogram --------------------
[1.041 us ; 1.283 us) | @@@@
[1.283 us ; 1.518 us) | @@
---------------------------------------------------

CodecSuite.Run: campaign(EvaluateOverhead=False, Clock=Armonik.Ffi.Bdn.CpuClock, IterationCount=6, IterationTime=40ms, LaunchCount=1, RunStrategy=Throughput, WarmupCount=25) [Case=core-(...)etain [42]]
Runtime = .NET 8.0.31 (8.0.31, 8.0.3126.42015), X64 RyuJIT x86-64-v4; GC = Concurrent Workstation
Mean = 102.959 ns, StdErr = 0.560 ns (0.54%), N = 6, StdDev = 1.371 ns
Min = 101.682 ns, Q1 = 102.114 ns, Median = 102.412 ns, Q3 = 103.547 ns, Max = 105.308 ns
IQR = 1.433 ns, LowerFence = 99.964 ns, UpperFence = 105.697 ns
ConfidenceInterval = [99.114 ns; 106.805 ns] (CI 99.9%), Margin = 3.845 ns (3.73% of Mean)
Skewness = 0.68, Kurtosis = 1.63, MValue = 2
-------------------- Histogram --------------------
[101.133 ns ; 105.627 ns) | @@@@@@
---------------------------------------------------

CodecSuite.Run: campaign(EvaluateOverhead=False, Clock=Armonik.Ffi.Bdn.CpuClock, IterationCount=6, IterationTime=40ms, LaunchCount=1, RunStrategy=Throughput, WarmupCount=25) [Case=core-(...)|drop [40]]
Runtime = .NET 8.0.31 (8.0.31, 8.0.3126.42015), X64 RyuJIT x86-64-v4; GC = Concurrent Workstation
Mean = 105.591 ns, StdErr = 3.900 ns (3.69%), N = 6, StdDev = 9.553 ns
Min = 96.499 ns, Q1 = 99.094 ns, Median = 102.315 ns, Q3 = 110.323 ns, Max = 121.402 ns
IQR = 11.229 ns, LowerFence = 82.251 ns, UpperFence = 127.167 ns
ConfidenceInterval = [78.801 ns; 132.380 ns] (CI 99.9%), Margin = 26.789 ns (25.37% of Mean)
Skewness = 0.59, Kurtosis = 1.49, MValue = 2
-------------------- Histogram --------------------
[ 93.245 ns ; 107.046 ns) | @@@@
[107.046 ns ; 123.852 ns) | @@
---------------------------------------------------

// * Summary *

BenchmarkDotNet v0.15.8, Linux Ubuntu 24.04.4 LTS (Noble Numbat)
Intel Xeon Processor 2.10GHz, 1 CPU, 4 logical and 4 physical cores
.NET SDK 8.0.131
  [Host]   : .NET 8.0.31 (8.0.31, 8.0.3126.42015), X64 RyuJIT x86-64-v4
  campaign : .NET 8.0.31 (8.0.31, 8.0.3126.42015), X64 RyuJIT x86-64-v4

Job=campaign  EvaluateOverhead=False  Clock=Armonik.Ffi.Bdn.CpuClock  
IterationCount=6  IterationTime=40ms  LaunchCount=1  
RunStrategy=Throughput  WarmupCount=25  

| Method | Case                 | Mean       | Error     | StdDev    | Allocated |
|------- |--------------------- |-----------:|----------:|----------:|----------:|
| Run    | core-(...)|drop [40] |   758.9 ns |  47.50 ns |  12.34 ns |         - |
| Run    | core-(...)etain [42] | 1,079.4 ns | 230.24 ns |  59.79 ns |         - |
| Run    | core-(...)|drop [40] |   829.2 ns | 115.87 ns |  41.32 ns |         - |
| Run    | core-(...)etain [42] | 1,221.1 ns | 400.49 ns | 142.82 ns |         - |
| Run    | core-(...)etain [42] |   103.0 ns |   3.85 ns |   1.37 ns |         - |
| Run    | core-(...)|drop [40] |   105.6 ns |  26.79 ns |   9.55 ns |         - |

// * Legends *
  Case      : Value of the 'Case' parameter
  Mean      : Arithmetic mean of all measurements
  Error     : Half of 99.9% confidence interval
  StdDev    : Standard deviation of all measurements
  Allocated : Allocated memory per single operation (managed only, inclusive, 1KB = 1024B)
  1 ns      : 1 Nanosecond (0.000000001 sec)

// * Diagnostic Output - AkProcessCpu *

// * Diagnostic Output - MemoryDiagnoser *


// ***** BenchmarkRunner: End *****
Global total time: 00:00:34 (34.06 sec), executed benchmarks: 6
// * Artifacts cleanup *
Artifacts cleanup is finished
