# {"campaign_rpc_counts": {"build": "full", "calls": 4, "retain": "every position armed, no pre-placed buffer, unk_grow grows geometrically (decision 11 rule 8)"}}
  B          a  P2.2  forward/call    2.000  reverse/call    0.000   (rpc 2.000/0.000 + codec 0.000/0.000 + host 0.000)
  B          b  P2.2  forward/call    2.000  reverse/call    0.000   (rpc 2.000/0.000 + codec 0.000/0.000 + host 0.000)
  B          c  P5.3  forward/call    2.000  reverse/call    0.000   (rpc 2.000/0.000 + codec 0.000/0.000 + host 0.000)
  B          c  P5.4  forward/call    2.000  reverse/call    0.000   (rpc 2.000/0.000 + codec 0.000/0.000 + host 0.000)
  B          d  4MiB  forward/call    6.000  reverse/call    0.000   (rpc 6.000/0.000 + codec 0.000/0.000 + host 0.000)
  B          d  16MiB forward/call   12.000  reverse/call    0.000   (rpc 12.000/0.000 + codec 0.000/0.000 + host 0.000)
  Bf         a  P2.2  forward/call    2.000  reverse/call    0.000   (rpc 2.000/0.000 + codec 0.000/0.000 + host 0.000)
  Bf         b  P2.2  forward/call    2.000  reverse/call    0.000   (rpc 2.000/0.000 + codec 0.000/0.000 + host 0.000)
  Bf         c  P5.3  forward/call    2.000  reverse/call    0.000   (rpc 2.000/0.000 + codec 0.000/0.000 + host 0.000)
  Bf         c  P5.4  forward/call    2.000  reverse/call    0.000   (rpc 2.000/0.000 + codec 0.000/0.000 + host 0.000)
  Bf         d  4MiB  forward/call    6.000  reverse/call    0.000   (rpc 6.000/0.000 + codec 0.000/0.000 + host 0.000)
  Bf         d  16MiB forward/call   12.000  reverse/call    0.000   (rpc 12.000/0.000 + codec 0.000/0.000 + host 0.000)
  C-retain   a  P2.2  forward/call    4.000  reverse/call 3501.000   (rpc 2.000/0.000 + codec 1.000/3501.000 + host 1.000)
  C-retain   b  P2.2  forward/call 2520.000  reverse/call 2501.000   (rpc 2.000/0.000 + codec 2517.000/2501.000 + host 1.000)
  C-retain   c  P5.3  forward/call    4.000  reverse/call    0.000   (rpc 2.000/0.000 + codec 1.000/0.000 + host 1.000)
  C-retain   c  P5.4  forward/call    4.000  reverse/call    0.000   (rpc 2.000/0.000 + codec 1.000/0.000 + host 1.000)
  C-retain   d  4MiB  forward/call   10.000  reverse/call    0.000   (rpc 6.000/0.000 + codec 2.000/0.000 + host 2.000)
  C-retain   d  16MiB forward/call   28.000  reverse/call    0.000   (rpc 12.000/0.000 + codec 8.000/0.000 + host 8.000)
  C-drop     a  P2.2  forward/call    3.000  reverse/call 3501.000   (rpc 2.000/0.000 + codec 1.000/3501.000 + host 0.000)
  C-drop     b  P2.2  forward/call 2514.000  reverse/call 2501.000   (rpc 2.000/0.000 + codec 2511.000/2501.000 + host 1.000)
  C-drop     c  P5.3  forward/call    4.000  reverse/call    0.000   (rpc 2.000/0.000 + codec 1.000/0.000 + host 1.000)
  C-drop     c  P5.4  forward/call    4.000  reverse/call    0.000   (rpc 2.000/0.000 + codec 1.000/0.000 + host 1.000)
  C-drop     d  4MiB  forward/call   10.000  reverse/call    0.000   (rpc 6.000/0.000 + codec 2.000/0.000 + host 2.000)
  C-drop     d  16MiB forward/call   28.000  reverse/call    0.000   (rpc 12.000/0.000 + codec 8.000/0.000 + host 8.000)
  Cf-retain  a  P2.2  forward/call    4.000  reverse/call 3501.000   (rpc 2.000/0.000 + codec 1.000/3501.000 + host 1.000)
  Cf-retain  b  P2.2  forward/call 2520.000  reverse/call 2501.000   (rpc 2.000/0.000 + codec 2517.000/2501.000 + host 1.000)
  Cf-retain  c  P5.3  forward/call    4.000  reverse/call    0.000   (rpc 2.000/0.000 + codec 1.000/0.000 + host 1.000)
  Cf-retain  c  P5.4  forward/call    4.000  reverse/call    0.000   (rpc 2.000/0.000 + codec 1.000/0.000 + host 1.000)
  Cf-retain  d  4MiB  forward/call   10.000  reverse/call    0.000   (rpc 6.000/0.000 + codec 2.000/0.000 + host 2.000)
  Cf-retain  d  16MiB forward/call   28.000  reverse/call    0.000   (rpc 12.000/0.000 + codec 8.000/0.000 + host 8.000)
  Cf-drop    a  P2.2  forward/call    3.000  reverse/call 3501.000   (rpc 2.000/0.000 + codec 1.000/3501.000 + host 0.000)
  Cf-drop    b  P2.2  forward/call 2514.000  reverse/call 2501.000   (rpc 2.000/0.000 + codec 2511.000/2501.000 + host 1.000)
  Cf-drop    c  P5.3  forward/call    4.000  reverse/call    0.000   (rpc 2.000/0.000 + codec 1.000/0.000 + host 1.000)
  Cf-drop    c  P5.4  forward/call    4.000  reverse/call    0.000   (rpc 2.000/0.000 + codec 1.000/0.000 + host 1.000)
  Cf-drop    d  4MiB  forward/call   10.000  reverse/call    0.000   (rpc 6.000/0.000 + codec 2.000/0.000 + host 2.000)
  Cf-drop    d  16MiB forward/call   28.000  reverse/call    0.000   (rpc 12.000/0.000 + codec 8.000/0.000 + host 8.000)
  D-retain   a  P2.2  forward/call    2.000  reverse/call 3501.000   (rpc 0.000/0.000 + codec 1.000/3501.000 + host 1.000)
  D-retain   b  P2.2  forward/call 2520.000  reverse/call 2501.000   (rpc 2.000/0.000 + codec 2517.000/2501.000 + host 1.000)
  D-retain   c  P5.3  forward/call    4.000  reverse/call    0.000   (rpc 2.000/0.000 + codec 1.000/0.000 + host 1.000)
  D-retain   c  P5.4  forward/call    4.000  reverse/call    0.000   (rpc 2.000/0.000 + codec 1.000/0.000 + host 1.000)
  D-retain   d  4MiB  forward/call    8.000  reverse/call    0.000   (rpc 4.000/0.000 + codec 2.000/0.000 + host 2.000)
  D-retain   d  16MiB forward/call   32.000  reverse/call    0.000   (rpc 16.000/0.000 + codec 8.000/0.000 + host 8.000)
  D-drop     a  P2.2  forward/call    1.000  reverse/call 3501.000   (rpc 0.000/0.000 + codec 1.000/3501.000 + host 0.000)
  D-drop     b  P2.2  forward/call 2514.000  reverse/call 2501.000   (rpc 2.000/0.000 + codec 2511.000/2501.000 + host 1.000)
  D-drop     c  P5.3  forward/call    4.000  reverse/call    0.000   (rpc 2.000/0.000 + codec 1.000/0.000 + host 1.000)
  D-drop     c  P5.4  forward/call    4.000  reverse/call    0.000   (rpc 2.000/0.000 + codec 1.000/0.000 + host 1.000)
  D-drop     d  4MiB  forward/call    8.000  reverse/call    0.000   (rpc 4.000/0.000 + codec 2.000/0.000 + host 2.000)
  D-drop     d  16MiB forward/call   32.000  reverse/call    0.000   (rpc 16.000/0.000 + codec 8.000/0.000 + host 8.000)
  E-retain   a  P2.2  forward/call    2.000  reverse/call    0.000   (rpc 2.000/0.000 + codec 0.000/0.000 + host 0.000)
  E-retain   b  P2.2  forward/call    2.000  reverse/call    0.000   (rpc 2.000/0.000 + codec 0.000/0.000 + host 0.000)
  E-retain   c  P5.3  forward/call    2.000  reverse/call    0.000   (rpc 2.000/0.000 + codec 0.000/0.000 + host 0.000)
  E-retain   c  P5.4  forward/call    2.000  reverse/call    0.000   (rpc 2.000/0.000 + codec 0.000/0.000 + host 0.000)
  E-retain   d  4MiB  forward/call    6.000  reverse/call    0.000   (rpc 6.000/0.000 + codec 0.000/0.000 + host 0.000)
  E-retain   d  16MiB forward/call   12.000  reverse/call    0.000   (rpc 12.000/0.000 + codec 0.000/0.000 + host 0.000)
  E-drop     a  P2.2  forward/call    2.000  reverse/call    0.000   (rpc 2.000/0.000 + codec 0.000/0.000 + host 0.000)
  E-drop     b  P2.2  forward/call    2.000  reverse/call    0.000   (rpc 2.000/0.000 + codec 0.000/0.000 + host 0.000)
  E-drop     c  P5.3  forward/call    2.000  reverse/call    0.000   (rpc 2.000/0.000 + codec 0.000/0.000 + host 0.000)
  E-drop     c  P5.4  forward/call    2.000  reverse/call    0.000   (rpc 2.000/0.000 + codec 0.000/0.000 + host 0.000)
  E-drop     d  4MiB  forward/call    6.000  reverse/call    0.000   (rpc 6.000/0.000 + codec 0.000/0.000 + host 0.000)
  E-drop     d  16MiB forward/call   12.000  reverse/call    0.000   (rpc 12.000/0.000 + codec 0.000/0.000 + host 0.000)
  Ef-retain  a  P2.2  forward/call    2.000  reverse/call    0.000   (rpc 2.000/0.000 + codec 0.000/0.000 + host 0.000)
  Ef-retain  b  P2.2  forward/call    2.000  reverse/call    0.000   (rpc 2.000/0.000 + codec 0.000/0.000 + host 0.000)
  Ef-retain  c  P5.3  forward/call    2.000  reverse/call    0.000   (rpc 2.000/0.000 + codec 0.000/0.000 + host 0.000)
  Ef-retain  c  P5.4  forward/call    2.000  reverse/call    0.000   (rpc 2.000/0.000 + codec 0.000/0.000 + host 0.000)
  Ef-retain  d  4MiB  forward/call    6.000  reverse/call    0.000   (rpc 6.000/0.000 + codec 0.000/0.000 + host 0.000)
  Ef-retain  d  16MiB forward/call   12.000  reverse/call    0.000   (rpc 12.000/0.000 + codec 0.000/0.000 + host 0.000)
  Ef-drop    a  P2.2  forward/call    2.000  reverse/call    0.000   (rpc 2.000/0.000 + codec 0.000/0.000 + host 0.000)
  Ef-drop    b  P2.2  forward/call    2.000  reverse/call    0.000   (rpc 2.000/0.000 + codec 0.000/0.000 + host 0.000)
  Ef-drop    c  P5.3  forward/call    2.000  reverse/call    0.000   (rpc 2.000/0.000 + codec 0.000/0.000 + host 0.000)
  Ef-drop    c  P5.4  forward/call    2.000  reverse/call    0.000   (rpc 2.000/0.000 + codec 0.000/0.000 + host 0.000)
  Ef-drop    d  4MiB  forward/call    6.000  reverse/call    0.000   (rpc 6.000/0.000 + codec 0.000/0.000 + host 0.000)
  Ef-drop    d  16MiB forward/call   12.000  reverse/call    0.000   (rpc 12.000/0.000 + codec 0.000/0.000 + host 0.000)
