# content sets on EVERY payload (design/SHAPES.md, "Content sets")
#   guard: on
#   init-guard: on
#   arms: prost | core-native | core-ffi-rust. The two validating encode arms
#         are NOT here: decision 3 settled and encode no longer validates, so
#         they would be priced against a path nothing takes. content.rs keeps
#         them for the record on P1.2 and P2.2.
#   P1.3 and P2.5 are the ABSENT-PATH CONTROLS: their rows must barely move.

## 1. byte identity across the arms, every payload, every content set
#    reference: the prost arm. There is no manifest for latin1 or wide.

payload set           bytes   B/ascii arms agree   decode round trip
P1.1    ascii           858      1.00 ok           ok
P1.2    ascii        218121      1.00 ok           ok
P1.3    ascii           605      1.00 ok           ok
P2.1    ascii          1037      1.00 ok           ok
P2.2    ascii        540422      1.00 ok           ok
P2.3    ascii        647024      1.00 ok           ok
P2.4    ascii        979465      1.00 ok           ok
P2.5    ascii         19632      1.00 ok           ok
P3.1    ascii         12097      1.00 ok           ok
P4.1    ascii         65321      1.00 ok           ok
P5.1    ascii           116      1.00 ok           ok
P5.2    ascii         65620      1.00 ok           ok
P6.1    ascii        123354      1.00 ok           ok

P1.1    latin1         1466      1.71 ok           ok
P1.2    latin1       370110      1.70 ok           ok
P1.3    latin1          605      1.00 ok           ok
P2.1    latin1         1868      1.80 ok           ok
P2.2    latin1       944454      1.75 ok           ok
P2.3    latin1      1233982      1.91 ok           ok
P2.4    latin1      1890741      1.93 ok           ok
P2.5    latin1        35226      1.79 ok           ok
P3.1    latin1        20658      1.71 ok           ok
P4.1    latin1       110170      1.69 ok           ok
P5.1    latin1          189      1.63 ok           ok
P5.2    latin1        65692      1.00 ok           ok
P6.1    latin1       130554      1.06 ok           ok

P1.1    wide           2074      2.42 ok           ok
P1.2    wide         522099      2.39 ok           ok
P1.3    wide            605      1.00 ok           ok
P2.1    wide           2699      2.60 ok           ok
P2.2    wide        1348486      2.50 ok           ok
P2.3    wide        1820940      2.81 ok           ok
P2.4    wide        2802017      2.86 ok           ok
P2.5    wide          50820      2.59 ok           ok
P3.1    wide          29383      2.43 ok           ok
P4.1    wide         155019      2.37 ok           ok
P5.1    wide            261      2.25 ok           ok
P5.2    wide          65764      1.00 ok           ok
P6.1    wide         137754      1.12 ok           ok

# P5.x must read 1.00 on every set: a `bytes` field has no content set, so a
# row that moved there would mean the harness was recoding something binary.

## 2. encode and decode, all three sets, ONE process, rounds interleaved

payload direction arm                   set     median ns   / prost  / its ascii
P1.1    encode    prost               ascii         854.4     1.000        1.000
P1.1    encode    prost              latin1         852.0     1.000        0.997
P1.1    encode    prost                wide         808.7     1.000        0.946
P1.1    encode    core-native         ascii         278.7     0.326        1.000
P1.1    encode    core-native        latin1         250.0     0.293        0.897
P1.1    encode    core-native          wide         253.8     0.314        0.911
P1.1    encode    core-ffi-rust       ascii         446.7     0.523        1.000
P1.1    encode    core-ffi-rust      latin1         422.2     0.496        0.945
P1.1    encode    core-ffi-rust        wide         398.9     0.493        0.893

P1.1    decode    prost               ascii        1613.7     1.000        1.000
P1.1    decode    prost              latin1        2297.6     1.000        1.424
P1.1    decode    prost                wide        2815.0     1.000        1.744
P1.1    decode    core-native         ascii        1701.4     1.054        1.000
P1.1    decode    core-native        latin1        2325.6     1.012        1.367
P1.1    decode    core-native          wide        3714.2     1.319        2.183
P1.1    decode    core-ffi-rust       ascii        1673.6     1.037        1.000
P1.1    decode    core-ffi-rust      latin1        2323.3     1.011        1.388
P1.1    decode    core-ffi-rust        wide        2716.3     0.965        1.623

P1.2    encode    prost               ascii      231396.9     1.000        1.000
P1.2    encode    prost              latin1      219671.3     1.000        0.949
P1.2    encode    prost                wide      217235.7     1.000        0.939
P1.2    encode    core-native         ascii       93616.3     0.405        1.000
P1.2    encode    core-native        latin1       82924.9     0.377        0.886
P1.2    encode    core-native          wide       92831.2     0.427        0.992
P1.2    encode    core-ffi-rust       ascii      163611.7     0.707        1.000
P1.2    encode    core-ffi-rust      latin1      183379.1     0.835        1.121
P1.2    encode    core-ffi-rust        wide      140339.5     0.646        0.858

P1.2    decode    prost               ascii      720010.8     1.000        1.000
P1.2    decode    prost              latin1      991697.8     1.000        1.377
P1.2    decode    prost                wide      973236.6     1.000        1.352
P1.2    decode    core-native         ascii      480315.9     0.667        1.000
P1.2    decode    core-native        latin1      841940.6     0.849        1.753
P1.2    decode    core-native          wide      731441.8     0.752        1.523
P1.2    decode    core-ffi-rust       ascii      447735.9     0.622        1.000
P1.2    decode    core-ffi-rust      latin1      698232.3     0.704        1.559
P1.2    decode    core-ffi-rust        wide      724285.9     0.744        1.618

P1.3    encode    prost               ascii        4488.9     1.000        1.000
P1.3    encode    prost              latin1        5637.2     1.000        1.256
P1.3    encode    prost                wide        4767.8     1.000        1.062
P1.3    encode    core-native         ascii        2959.1     0.659        1.000
P1.3    encode    core-native        latin1        2820.6     0.500        0.953
P1.3    encode    core-native          wide        2404.8     0.504        0.813
P1.3    encode    core-ffi-rust       ascii        6198.2     1.381        1.000
P1.3    encode    core-ffi-rust      latin1        6161.0     1.093        0.994
P1.3    encode    core-ffi-rust        wide        6810.1     1.428        1.099

P1.3    decode    prost               ascii       10184.6     1.000        1.000
P1.3    decode    prost              latin1       10100.6     1.000        0.992
P1.3    decode    prost                wide       10523.3     1.000        1.033
P1.3    decode    core-native         ascii       11053.5     1.085        1.000
P1.3    decode    core-native        latin1       10698.8     1.059        0.968
P1.3    decode    core-native          wide       11561.0     1.099        1.046
P1.3    decode    core-ffi-rust       ascii       17065.6     1.676        1.000
P1.3    decode    core-ffi-rust      latin1       19162.5     1.897        1.123
P1.3    decode    core-ffi-rust        wide       16830.2     1.599        0.986

P2.1    encode    prost               ascii         948.3     1.000        1.000
P2.1    encode    prost              latin1        1018.4     1.000        1.074
P2.1    encode    prost                wide        1072.9     1.000        1.131
P2.1    encode    core-native         ascii         365.5     0.385        1.000
P2.1    encode    core-native        latin1         571.3     0.561        1.563
P2.1    encode    core-native          wide         329.7     0.307        0.902
P2.1    encode    core-ffi-rust       ascii         728.5     0.768        1.000
P2.1    encode    core-ffi-rust      latin1        1162.9     1.142        1.596
P2.1    encode    core-ffi-rust        wide         753.2     0.702        1.034

P2.1    decode    prost               ascii        2498.6     1.000        1.000
P2.1    decode    prost              latin1        5497.7     1.000        2.200
P2.1    decode    prost                wide        4197.7     1.000        1.680
P2.1    decode    core-native         ascii        2152.7     0.862        1.000
P2.1    decode    core-native        latin1        4501.0     0.819        2.091
P2.1    decode    core-native          wide        3328.8     0.793        1.546
P2.1    decode    core-ffi-rust       ascii        3784.8     1.515        1.000
P2.1    decode    core-ffi-rust      latin1        4871.3     0.886        1.287
P2.1    decode    core-ffi-rust        wide        4655.2     1.109        1.230

P2.2    encode    prost               ascii      670443.8     1.000        1.000
P2.2    encode    prost              latin1      725067.3     1.000        1.081
P2.2    encode    prost                wide      746355.6     1.000        1.113
P2.2    encode    core-native         ascii      306590.0     0.457        1.000
P2.2    encode    core-native        latin1      317769.7     0.438        1.036
P2.2    encode    core-native          wide      339590.2     0.455        1.108
P2.2    encode    core-ffi-rust       ascii      593706.7     0.886        1.000
P2.2    encode    core-ffi-rust      latin1      619354.5     0.854        1.043
P2.2    encode    core-ffi-rust        wide      501716.4     0.672        0.845

P2.2    decode    prost               ascii     2155364.2     1.000        1.000
P2.2    decode    prost              latin1     3897619.7     1.000        1.808
P2.2    decode    prost                wide     3360086.7     1.000        1.559
P2.2    decode    core-native         ascii     2154465.8     1.000        1.000
P2.2    decode    core-native        latin1     2728127.8     0.700        1.266
P2.2    decode    core-native          wide     2587776.0     0.770        1.201
P2.2    decode    core-ffi-rust       ascii     2463309.8     1.143        1.000
P2.2    decode    core-ffi-rust      latin1     2990857.0     0.767        1.214
P2.2    decode    core-ffi-rust        wide     2859725.5     0.851        1.161

P2.3    encode    prost               ascii      404127.6     1.000        1.000
P2.3    encode    prost              latin1      387547.4     1.000        0.959
P2.3    encode    prost                wide      546920.0     1.000        1.353
P2.3    encode    core-native         ascii      203992.3     0.505        1.000
P2.3    encode    core-native        latin1      224703.4     0.580        1.102
P2.3    encode    core-native          wide      325874.8     0.596        1.597
P2.3    encode    core-ffi-rust       ascii      389660.8     0.964        1.000
P2.3    encode    core-ffi-rust      latin1      340913.6     0.880        0.875
P2.3    encode    core-ffi-rust        wide      554011.6     1.013        1.422

P2.3    decode    prost               ascii     1847043.2     1.000        1.000
P2.3    decode    prost              latin1     2823718.0     1.000        1.529
P2.3    decode    prost                wide     4479343.5     1.000        2.425
P2.3    decode    core-native         ascii     1828126.6     0.990        1.000
P2.3    decode    core-native        latin1     2276217.8     0.806        1.245
P2.3    decode    core-native          wide     3003654.0     0.671        1.643
P2.3    decode    core-ffi-rust       ascii     1481535.6     0.802        1.000
P2.3    decode    core-ffi-rust      latin1     3279887.8     1.162        2.214
P2.3    decode    core-ffi-rust        wide     2834641.5     0.633        1.913

P2.4    encode    prost               ascii      419864.7     1.000        1.000
P2.4    encode    prost              latin1      723617.8     1.000        1.723
P2.4    encode    prost                wide     1091415.7     1.000        2.599
P2.4    encode    core-native         ascii      269172.7     0.641        1.000
P2.4    encode    core-native        latin1      348424.3     0.482        1.294
P2.4    encode    core-native          wide      662937.4     0.607        2.463
P2.4    encode    core-ffi-rust       ascii      447555.1     1.066        1.000
P2.4    encode    core-ffi-rust      latin1      511841.6     0.707        1.144
P2.4    encode    core-ffi-rust        wide      613262.6     0.562        1.370

P2.4    decode    prost               ascii     2442301.0     1.000        1.000
P2.4    decode    prost              latin1     4892656.0     1.000        2.003
P2.4    decode    prost                wide     4490608.0     1.000        1.839
P2.4    decode    core-native         ascii     2161915.8     0.885        1.000
P2.4    decode    core-native        latin1     2961923.3     0.605        1.370
P2.4    decode    core-native          wide     4638639.5     1.033        2.146
P2.4    decode    core-ffi-rust       ascii     1937168.5     0.793        1.000
P2.4    decode    core-ffi-rust      latin1     2882021.2     0.589        1.488
P2.4    decode    core-ffi-rust        wide     4504543.0     1.003        2.325

P2.5    encode    prost               ascii       19065.1     1.000        1.000
P2.5    encode    prost              latin1       16498.6     1.000        0.865
P2.5    encode    prost                wide       22470.9     1.000        1.179
P2.5    encode    core-native         ascii        8309.4     0.436        1.000
P2.5    encode    core-native        latin1        7249.6     0.439        0.872
P2.5    encode    core-native          wide        8222.5     0.366        0.990
P2.5    encode    core-ffi-rust       ascii       18831.3     0.988        1.000
P2.5    encode    core-ffi-rust      latin1       13825.2     0.838        0.734
P2.5    encode    core-ffi-rust        wide       14923.5     0.664        0.792

P2.5    decode    prost               ascii       86752.0     1.000        1.000
P2.5    decode    prost              latin1       85412.5     1.000        0.985
P2.5    decode    prost                wide      110625.8     1.000        1.275
P2.5    decode    core-native         ascii       61813.1     0.713        1.000
P2.5    decode    core-native        latin1       75176.1     0.880        1.216
P2.5    decode    core-native          wide       83543.6     0.755        1.352
P2.5    decode    core-ffi-rust       ascii       60689.6     0.700        1.000
P2.5    decode    core-ffi-rust      latin1       78529.8     0.919        1.294
P2.5    decode    core-ffi-rust        wide       92465.7     0.836        1.524

P3.1    encode    prost               ascii       11121.5     1.000        1.000
P3.1    encode    prost              latin1       10542.9     1.000        0.948
P3.1    encode    prost                wide       10944.5     1.000        0.984
P3.1    encode    core-native         ascii        5272.7     0.474        1.000
P3.1    encode    core-native        latin1        4646.5     0.441        0.881
P3.1    encode    core-native          wide        6085.8     0.556        1.154
P3.1    encode    core-ffi-rust       ascii        9464.0     0.851        1.000
P3.1    encode    core-ffi-rust      latin1       10168.5     0.964        1.074
P3.1    encode    core-ffi-rust        wide       11222.8     1.025        1.186

P3.1    decode    prost               ascii       43823.5     1.000        1.000
P3.1    decode    prost              latin1       55177.1     1.000        1.259
P3.1    decode    prost                wide       68383.8     1.000        1.560
P3.1    decode    core-native         ascii       32373.1     0.739        1.000
P3.1    decode    core-native        latin1       39768.8     0.721        1.228
P3.1    decode    core-native          wide       50001.5     0.731        1.545
P3.1    decode    core-ffi-rust       ascii       31909.6     0.728        1.000
P3.1    decode    core-ffi-rust      latin1       41172.6     0.746        1.290
P3.1    decode    core-ffi-rust        wide       49931.8     0.730        1.565

P4.1    encode    prost               ascii       88403.8     1.000        1.000
P4.1    encode    prost              latin1       90166.6     1.000        1.020
P4.1    encode    prost                wide       87458.3     1.000        0.989
P4.1    encode    core-native         ascii       33810.9     0.382        1.000
P4.1    encode    core-native        latin1       33192.9     0.368        0.982
P4.1    encode    core-native          wide       34460.1     0.394        1.019
P4.1    encode    core-ffi-rust       ascii       68004.3     0.769        1.000
P4.1    encode    core-ffi-rust      latin1       65978.9     0.732        0.970
P4.1    encode    core-ffi-rust        wide       83037.9     0.949        1.221

P4.1    decode    prost               ascii      396871.3     1.000        1.000
P4.1    decode    prost              latin1      412344.7     1.000        1.039
P4.1    decode    prost                wide      702755.2     1.000        1.771
P4.1    decode    core-native         ascii      293737.7     0.740        1.000
P4.1    decode    core-native        latin1      337071.8     0.817        1.148
P4.1    decode    core-native          wide      387735.6     0.552        1.320
P4.1    decode    core-ffi-rust       ascii      296313.9     0.747        1.000
P4.1    decode    core-ffi-rust      latin1      350215.7     0.849        1.182
P4.1    decode    core-ffi-rust        wide      397418.5     0.566        1.341

P6.1    encode    prost               ascii      159001.1     1.000        1.000
P6.1    encode    prost              latin1      164214.2     1.000        1.033
P6.1    encode    prost                wide      161801.3     1.000        1.018
P6.1    encode    core-native         ascii       82199.7     0.517        1.000
P6.1    encode    core-native        latin1       81613.1     0.497        0.993
P6.1    encode    core-native          wide       87141.1     0.539        1.060
P6.1    encode    core-ffi-rust       ascii      103435.8     0.651        1.000
P6.1    encode    core-ffi-rust      latin1      114154.5     0.695        1.104
P6.1    encode    core-ffi-rust        wide      111803.9     0.691        1.081

P6.1    decode    prost               ascii      328606.4     1.000        1.000
P6.1    decode    prost              latin1      380366.0     1.000        1.158
P6.1    decode    prost                wide      402239.5     1.000        1.224
P6.1    decode    core-native         ascii      284648.1     0.866        1.000
P6.1    decode    core-native        latin1      320126.9     0.842        1.125
P6.1    decode    core-native          wide      301905.8     0.751        1.061
P6.1    decode    core-ffi-rust       ascii      172713.4     0.526        1.000
P6.1    decode    core-ffi-rust      latin1      169829.9     0.446        0.983
P6.1    decode    core-ffi-rust        wide      203300.8     0.505        1.177

# `/ its ascii` is the same arm against ITSELF on the ascii set, so it isolates
# what the content costs that arm with the arm held constant. R4's sharpened
# half says to prefer that form: this slice has already seen a within-arm delta
# reproduce across builds where the ratio to a third arm drifted.
