# ffi/logs/rust/stage1-manifest-vs-prost-after-fix.log
# W3 stage 1, re-run after the schema fix (07d3e05).
# 2026-09-18
#
# Configuration identical to stage1-manifest-vs-prost.log. Nothing timed.
# The only difference is ffi/schema/, which now goes through stamp_body().
# 16/16, and this is the reference stage 2 checks every arm against.

P1.1         858 B  elements=4     strings=20
P1.2      218121 B  elements=1000  strings=5000
P1.3         605 B  elements=300   strings=0
P2.1        1039 B  elements=1     strings=35
P2.2      551662 B  elements=500   strings=17500
P2.3      649775 B  elements=125   strings=17875
P2.4      981222 B  elements=80    strings=26320
P2.5       19632 B  elements=20    strings=680
P3.1       12097 B  elements=200   strings=350
P4.1       69551 B  elements=200   strings=3600
P5.1         116 B  elements=1     strings=2
P5.2       65620 B  elements=1     strings=2
P5.3     1048660 B  elements=1     strings=2
P5.4     4194390 B  elements=1     strings=2
P6.1      116954 B  elements=200   strings=200
P7.1          98 B  elements=6     strings=6

# stage 1: ffi/schema/generated/manifest.json against prost
#
# configuration
#   rustc          rustc 1.94.1 (e408947bf 2026-03-25)
#   prost          0.14 (prost-build 0.14, protox 0.9; no protoc in this container)
#   description    ffi/schema/shapes.json, ffi/schema/generated/shapes.proto
#   manifest       generated_by = "emit/payloads.py from shapes.json"
#   maps           prost-build btree_map("."): BTreeMap, so map entries sort by key
#   host           vm

payload manifest B    prost B  bytes    sha256   note
P1.1          858        858  ok       ok       identical
P1.2       218121     218121  ok       ok       identical
P1.3          605        605  ok       ok       identical
P2.1         1039       1039  ok       ok       identical
P2.2       551662     551662  ok       ok       identical
P2.3       649775     649775  ok       ok       identical
P2.4       981222     981222  ok       ok       identical
P2.5        19632      19632  ok       ok       identical
P3.1        12097      12097  ok       ok       identical
P4.1        69551      69551  ok       ok       identical
P5.1          116        116  ok       ok       identical
P5.2        65620      65620  ok       ok       identical
P5.3      1048660    1048660  ok       ok       identical
P5.4      4194390    4194390  ok       ok       identical
P6.1       116954     116954  ok       ok       identical
P7.1           98          -  n/a      n/a      decoded to the predicted value; contiguous re-encode is 98 B and a permutation of the 98 B interleaved form

# prost encode/decode round trip
#   P1.2   ok
#   P1.3   ok
#   P2.2   ok
#   P2.5   ok
#   P3.1   ok
#   P4.1   ok
#   P6.1   ok

VERDICT: 16/16 payloads checked with prost, no disagreement.
         The manifest's hashes are confirmed. emit/wire.py agrees with prost on
         every payload, including the absent-path ones (P1.3, P2.5), explicit
         presence and the payload-free oneof member (P3.1), the adapter site
         (P4.1), packed scalars (P6.1) and the 4 MB bulk body (P5.4).
