[0s] build: full (target/) and no-unknown (target-nounk/)
  variant ok: /home/user/ArmoniK.Api/ffi/poc/rust/target/release/deps/codec_suite-f7ca302b674b558b -> /home/user/ArmoniK.Api/ffi/poc/rust/target/release/deps/libak_core.so (7 ak_uencode_* exports)
  variant ok: /home/user/ArmoniK.Api/ffi/poc/rust/target-nounk/release/deps/codec_suite-9c0c14c6e27020de -> /home/user/ArmoniK.Api/ffi/poc/rust/target-nounk/release/deps/libak_core.so (0 ak_uencode_* exports)
  variant ok: target/release/rpc_client -> /home/user/ArmoniK.Api/ffi/poc/rust/target/release/deps/libak_core.so (7 ak_uencode_* exports)
  variant ok: target-nounk/release/rpc_client -> /home/user/ArmoniK.Api/ffi/poc/rust/target-nounk/release/deps/libak_core.so (0 ak_uencode_* exports)
[2s] crossings: counting builds, both variants
  crossings: 738 rows identical to gen/crossings.txt
  crossings-nounk: 373 rows identical to gen/crossings-nounk.txt
[7s] codec: payloads, full build
  codec codec-P: precheck: 1172 checks, 0 failures, 22 inputs, 1040 cases; 10400 sample rows; 143s -> codec-P.jsonl
[150s] codec: payloads, no-unknown build
  codec codec-nounk-P: precheck: 713 checks, 0 failures, 22 inputs, 648 cases; 6480 sample rows; 88s -> codec-nounk-P.jsonl
[238s] codec: U-* rows, full build (reduced settings)
  codec codec-U: precheck: 4568 checks, 0 failures, 92 inputs, 4092 cases; 40920 sample rows; 113s -> codec-U.jsonl
[351s] codec: U-* rows, no-unknown build (reduced settings)
  codec codec-nounk-U: precheck: 2544 checks, 0 failures, 92 inputs, 2436 cases; 24360 sample rows; 71s -> codec-nounk-U.jsonl
[422s] calib
  calib: 10 rows
[422s] rpc: transport shipped
  rpc shipped (full client, cell A, dir a): control aborted with no output: ABORT (requirement 18): server warm-up: cell A response 540422 B, expected 540423
  rpc shipped (full client, cell A, dir c): control aborted with no output: ABORT (requirement 18): server warm-up: cell A upload response 0 B, expected 1
  rpc shipped (full client, cell B, dir a): control aborted with no output: ABORT (requirement 18): server warm-up: cell B response 540422 B, expected 540423
  rpc shipped (full client, cell B, dir c): control aborted with no output: ABORT (requirement 18): server warm-up: cell B upload response 0 B, expected 1
  rpc shipped (full client, cell Bf, dir a): control aborted with no output: ABORT (requirement 18): server warm-up: cell Bf response 540422 B, expected 540423
  rpc shipped (full client, cell Bf, dir c): control aborted with no output: ABORT (requirement 18): server warm-up: cell Bf upload response 0 B, expected 1
  rpc shipped (full client, cell Df, dir a): control aborted with no output: ABORT (requirement 18): server warm-up: cell Df-retain response 540422 B, expected 540423
  rpc shipped (full client, cell Df, dir c): control aborted with no output: ABORT (requirement 18): server warm-up: cell Df-retain upload response 0 B, expected 1
  rpc shipped (nounk client, cell A, dir a): control aborted with no output: ABORT (requirement 18): server warm-up: cell A response 540422 B, expected 540423
  rpc shipped (nounk client, cell A, dir c): control aborted with no output: ABORT (requirement 18): server warm-up: cell A upload response 0 B, expected 1
  rpc shipped (nounk client, cell B, dir a): control aborted with no output: ABORT (requirement 18): server warm-up: cell B response 540422 B, expected 540423
  rpc shipped (nounk client, cell B, dir c): control aborted with no output: ABORT (requirement 18): server warm-up: cell B upload response 0 B, expected 1
  rpc shipped (nounk client, cell Bf, dir a): control aborted with no output: ABORT (requirement 18): server warm-up: cell Bf response 540422 B, expected 540423
  rpc shipped (nounk client, cell Bf, dir c): control aborted with no output: ABORT (requirement 18): server warm-up: cell Bf upload response 0 B, expected 1
  rpc shipped (nounk client, cell Df, dir a): control aborted with no output: ABORT (requirement 18): server warm-up: cell Df-nounk response 540422 B, expected 540423
  rpc shipped (nounk client, cell Df, dir c): control aborted with no output: ABORT (requirement 18): server warm-up: cell Df-nounk upload response 0 B, expected 1
  rpc shipped (full client): 741 rows -> rpc-shipped.jsonl
  rpc shipped (nounk client): 429 rows -> rpc-shipped-nounk.jsonl
[529s] rpc: transport pinned
  rpc pinned (full client, cell A, dir a): control aborted with no output: ABORT (requirement 18): server warm-up: cell A response 540422 B, expected 540423
  rpc pinned (full client, cell A, dir c): control aborted with no output: ABORT (requirement 18): server warm-up: cell A upload response 0 B, expected 1
  rpc pinned (full client, cell B, dir a): control aborted with no output: ABORT (requirement 18): server warm-up: cell B response 540422 B, expected 540423
  rpc pinned (full client, cell B, dir c): control aborted with no output: ABORT (requirement 18): server warm-up: cell B upload response 0 B, expected 1
  rpc pinned (full client, cell Bf, dir a): control aborted with no output: ABORT (requirement 18): server warm-up: cell Bf response 540422 B, expected 540423
  rpc pinned (full client, cell Bf, dir c): control aborted with no output: ABORT (requirement 18): server warm-up: cell Bf upload response 0 B, expected 1
  rpc pinned (full client, cell Df, dir a): control aborted with no output: ABORT (requirement 18): server warm-up: cell Df-retain response 540422 B, expected 540423
  rpc pinned (full client, cell Df, dir c): control aborted with no output: ABORT (requirement 18): server warm-up: cell Df-retain upload response 0 B, expected 1
  rpc pinned (nounk client, cell A, dir a): control aborted with no output: ABORT (requirement 18): server warm-up: cell A response 540422 B, expected 540423
  rpc pinned (nounk client, cell A, dir c): control aborted with no output: ABORT (requirement 18): server warm-up: cell A upload response 0 B, expected 1
  rpc pinned (nounk client, cell B, dir a): control aborted with no output: ABORT (requirement 18): server warm-up: cell B response 540422 B, expected 540423
  rpc pinned (nounk client, cell B, dir c): control aborted with no output: ABORT (requirement 18): server warm-up: cell B upload response 0 B, expected 1
  rpc pinned (nounk client, cell Bf, dir a): control aborted with no output: ABORT (requirement 18): server warm-up: cell Bf response 540422 B, expected 540423
  rpc pinned (nounk client, cell Bf, dir c): control aborted with no output: ABORT (requirement 18): server warm-up: cell Bf upload response 0 B, expected 1
  rpc pinned (nounk client, cell Df, dir a): control aborted with no output: ABORT (requirement 18): server warm-up: cell Df-nounk response 540422 B, expected 540423
  rpc pinned (nounk client, cell Df, dir c): control aborted with no output: ABORT (requirement 18): server warm-up: cell Df-nounk upload response 0 B, expected 1
  rpc pinned (full client): 741 rows -> rpc-pinned.jsonl
  rpc pinned (nounk client): 429 rows -> rpc-pinned-nounk.jsonl
[632s] summary
summary-codec.tsv: 8216 cases
variants-codec.tsv / .txt: 170 rows
unknown-retain-vs-drop.tsv written
summary-rpc.tsv: 780 rows
summary-calib.tsv: 2 arms
[633s] done
