# STRIPPED (figures removed; container instrumentation, README 1.1): every '#' line of codec-pinned.jsonl, then the row count and the pre-grow fields of the case first rows
# engine:         BenchmarkDotNet 0.15.8.0 (CAMPAIGN.md 22a), toolchain InProcessEmit, GROUPED: every case of this unit in this process (the runner's grouped switch: smoke and small exploration runs only, req 22a as amended e6c909630); the JIT tier is read back per case, pinned by the runner
# allocator:      pinned (readback at process start: a 16 MiB malloc came from the heap (mallinfo2; the block kept, never freed); pre-grow through glibc in this process: 2 round(s) of 4194390 bytes, last round 0 minor faults (the largest payload; until a round causes zero minor faults, cap 8 refuses; under the default toolchain each child does its own, on its case's first row: pregrow_rounds, pregrow_last_minflt, alloc_probe); GLIBC_TUNABLES=glibc.malloc.trim_threshold=268435456:glibc.malloc.mmap_threshold=33554432; CAMPAIGN req 25 as amended 2026-10-03, D9: the main figures run glibc's default allocator as production does; the pinned pass (glibc.malloc.trim_threshold=268435456:glibc.malloc.mmap_threshold=33554432) is a labelled diagnostic; every row carries `alloc` and `minflt`, the process's minor page faults over the iteration (getrusage, read by the job's clock beside the CPU clock), so faults per call = minflt / iters)
# runtime:        .NET 8.0.31; TieredCompilation=default TieredPGO=default (net8.0 defaults unless set); GC server=False, concurrent (default)
# incumbent:      Google.Protobuf 3.32.0
# build:          full (WP5 step 10; the loaded core checked to be the same variant by its u-family exports)
# managed codec:  plan utf8=reject unknown=drop
# job:            launch 1; 1 actual iterations (rounds) per case, 1 warm-up iterations (the same for every case) after BDN's jitting stage (1 overhead + 1 workload jitting invocation per case, logged by BDN in the .bdn.log, not exported) and pilot, iteration time 2 ms (the pilot picks the invocation count per case), strategy Throughput, EvaluateOverhead=false (no overhead subtraction anywhere)
# clocks:         per iteration (every row with round >= 1): wall (Stopwatch) AND process CPU (CLOCK_PROCESS_CPUTIME_ID of this process: every thread, GC and JIT included; CAMPAIGN req 21 as amended, R-H25), both read by the job's clock (CpuClock, Job.WithClock) at the start and end of the same iteration window, exported RAW (no outlier removal, no overhead subtraction); BDN's forced GCs between iterations are outside the window; the round-0 row of each case is a summary of the whole actual stage (span_cpu_ns, span_wall_ns), not a sample
# threads:        thread pool min 1 worker / 1 IO, max 32767 worker / 1000 IO, 0 pool thread(s) now; 1 logical CPUs visible; the codec suite creates no core runtime (no RPC call is made); the timed loop runs on BDN's one thread
# encode:         CAMPAIGN req 11 (R-H29): dir encode = pool input + reused buffer; encode-hot = one graph + reused buffer; encode-transport = pool + the Grpc.Net form; encode-transport-hot = one graph + the Grpc.Net form. Reused buffer: incumbent-prod CalculateSize + WriteTo(IBufferWriter) and incumbent-best WriteTo(IBufferWriter) into one BufWriter, host-gen into its one Enc, core-ffi into the core's encode buffer (ak_encode_*/ak_uencode_*; that buffer is also what cell C hands the core's transport, and host-gen's Enc what cell E hands it, so their transport forms on the core's transport ARE the buffer rows). Grpc.Net form (cells A, F, D): the serializer the RPC grid's marshaller runs (RootOps.SerInc/SerHost/SerFfi), into a frame like Grpc.Net.Client 2.71's GrpcCallSerializationContext: one ArrayPool array, the 5-byte gRPC header, the body, the array returned after (GrpcFrame.cs); incumbent-best has no gRPC path and no transport row. Pool: distinct graphs built in the case's setup whose RETAINED heap is >= 65536 bytes (2 x AK_LLC_BYTES, default 13.75 MB; AK_POOL_BYTES overrides; per row pool_graphs and pool_bytes), round robin one graph per call; a hot input is a pool of one (the same Next() per call); graph construction is never in the timed window
# U-* rows:       CAMPAIGN req 7 (R-H27): the 92 accepted, non-disputed U-* rows at the shapes core's 7 ABI roots, through this timed shapes core: encode-hot (a graph the arm decoded from the row, untimed; retain arms re-emit the unknown fields, drop arms the dropped form), decode, decode-read, and decode-reencode (a labelled extra; no incumbent-best row)
# content sets:   CAMPAIGN req 7 (R-H26): ascii, latin1 and wide on P1.2, P2.2, P2.4; ascii only elsewhere
# order:          seeded shuffles (below); ratios, where the aggregation forms them, come from per-launch medians (CAMPAIGN req 30): every unit is its own process
# process unit:   core-ffi:retain; this launch's unit order: core-ffi:retain, incumbent-prod:default, core-ffi:drop, host-gen:retain, core-ffi-pull:drop, host-gen:drop, incumbent-best:default (a seeded shuffle, seed 7919; within this process the cases run in a seeded shuffle too, seed 104729, the 2 prime cases first; requirement 22 as amended, R-H23)
# warm-up:        BenchmarkDotNet's own, per case: its jitting stage, pilot and the warm-up iterations of the job line (req 24; WP9 addendum: no hand-written pre-warm and no settle wait; the 2 prime cases below are BDN cases); the JIT tier is read back per case and a case that measured hot code at tier 0 fails the unit outside --smoke (the jit check below)
# correctness:    1496 pre-timing checks passed (byte identity of every encode arm per payload and content set; every arm accepts every unknown row; on every unknown row core-ffi retain and host-gen retain re-encode to the incumbent's bytes, i.e. the unknown fields are kept: requirement 10)
# cases:          156 exported, after 2 prime case(s) run first and not exported (copies of the first cases, content "prime"): BDN cases like any other, kept because without them the first case of a process measures BDN's own first-touched runtime helpers (SpanHelpers.Fill) at tier 0 (JOURNAL 51, 62)
# prime case (BDN engine warm-up, timed by BDN, not exported): core-ffi|encode-hot|P1.1|prime|retain
# prime case (BDN engine warm-up, timed by BDN, not exported): core-ffi|encode|P1.1|prime|retain
# jit read back:  148 of 156 cases compiled nothing of the measured code in their actual stage; 8 cases measured hot code at tier 0 (a method compiled in the case, still tier 0 at the end of its span, promoted later; per-case detail in the round-0 rows; 7450 MethodLoadVerbose events received)
# jit check:      REPORTED, not fatal in a smoke run (its warm-up is too short to reach tier 1 by design): 8 case(s) measured hot code at tier 0; their rows are marked by hot_tier0 > 0
# cpu check:      PASS: every exported case has one process-CPU value per actual iteration
# end: 158 BDN cases (2 prime), 0 failed
# rows: 312; with minflt: 156
#     156 "pregrow_rounds":2,"pregrow_last_minflt":0,"alloc_probe":"heap"
