== 1 build 2026-10-01T19:23:52Z
# cores built 2026-10-01T19:32:40Z at 1b3388b2 (codec p1 82f3712a, h2-batch e4853d55, h2-batch.patch c64ffd965ba5a39a)
stock: /home/csdt/work/aneo/armonik/ArmoniK.Api/ffi/poc/cpp/core-build/target-camp/release/libak_core.so sha256 788a879f7c57e6c4881bd56e706fa7f0b70aaf680fd6e96cea77b37b35082bc6; h2 compiled in: /home/csdt/.cargo/registry/src/index.crates.io-1949cf8c6b5b557f/h2-0.4.19 /home/csdt/.cargo/registry/src/index.crates.io-1949cf8c6b5b557f/h2-0.4.19:278h2::codec::framed_writemessagerem/home/csdt/.cargo/registry/src/index.crates.io-1949cf8c6b5b557f/h2-0.4.19/src/codec/framed_write.rs ; AK_H2_COALESCE string: 0
stock-nounk: /home/csdt/work/aneo/armonik/ArmoniK.Api/ffi/poc/cpp/core-build/target-camp-nounk/release/libak_core.so sha256 ac194fff7cf53622b07fa7994d9af80356b284e76ac6f052d9dc61de8473e0d3; h2 compiled in: /home/csdt/.cargo/registry/src/index.crates.io-1949cf8c6b5b557f/h2-0.4.19 /home/csdt/.cargo/registry/src/index.crates.io-1949cf8c6b5b557f/h2-0.4.19:278h2::codec::framed_writemessagerem/home/csdt/.cargo/registry/src/index.crates.io-1949cf8c6b5b557f/h2-0.4.19/src/codec/framed_write.rs ; AK_H2_COALESCE string: 0
h2-batch: /home/csdt/work/aneo/armonik/ArmoniK.Api/ffi/poc/cpp/core-build/target-camp-h2batch/release/libak_core.so sha256 b09e32cd5f8866bf148b2a7fa47cdd2efc74d5338574aaa1aadcad81def0f64b; h2 compiled in: /home/csdt/work/aneo/armonik/ArmoniK.Api/ffi/poc/cpp/core-build/target-camp-h2batch/h2-batch-src /home/csdt/work/aneo/armonik/ArmoniK.Api/ffi/poc/cpp/core-build/target-camp-h2batch/h2-batch-src:672h2::codec::framed_writemessage/home/csdt/work/aneo/armonik/ArmoniK.Api/ffi/poc/cpp/core-build/target-camp-h2batch/h2-batch-src/src/codec/framed_write.rs ; AK_H2_COALESCE string: 1
h2-batch-nounk: /home/csdt/work/aneo/armonik/ArmoniK.Api/ffi/poc/cpp/core-build/target-camp-nounk-h2batch/release/libak_core.so sha256 d4d7c253d8488694b240eec5f0cd2a6e90ed573c572bd86b93867cc95ed09dc0; h2 compiled in: /home/csdt/work/aneo/armonik/ArmoniK.Api/ffi/poc/cpp/core-build/target-camp-h2batch/h2-batch-src /home/csdt/work/aneo/armonik/ArmoniK.Api/ffi/poc/cpp/core-build/target-camp-h2batch/h2-batch-src:672h2::codec::framed_writemessage/home/csdt/work/aneo/armonik/ArmoniK.Api/ffi/poc/cpp/core-build/target-camp-h2batch/h2-batch-src/src/codec/framed_write.rs ; AK_H2_COALESCE string: 1
campaign_rpc resolves: /home/csdt/work/aneo/armonik/ArmoniK.Api/ffi/poc/cpp/core-build/target-camp/release/libak_core.so
== 2 checks 2026-10-01T19:32:40Z
# deferred_checks: commit 1b3388b2 + UNCOMMITTED, 2026-10-01T19:42:20Z
>>> ok: conformance_a17_shared
>>> ok: conformance_nounk_a17
>>> ok: campaign_codec pre-check
>>> ok: campaign_codec_nounk pre-check
>>> ok: semantics full ("checks": 14)
>>> ok: semantics nounk ("checks": 14)
>>> ok: HEAD core: semantics pass, deferred skipped ("checks": 14)
>>> ok: HEAD core refuses Cf-enc-retain: REFUSED: cell Cf-enc-retain needs a core that exports ak_call_send_deferred (patch p5-deferred); this one does not
>>> ok: HEAD core refuses Cf-zc-retain: REFUSED: cell Cf-zc-retain needs a core that exports ak_enc_set_zc and ak_call_send_enc_zc (patch p6-zero-copy); this one does not
>>> ok: HEAD core refuses Cf-zcp-retain: REFUSED: cell Cf-zcp-retain needs a core that exports ak_enc_set_zc and ak_call_send_deferred_zc (patch p7-deferred-zc); this one does not
>>> ok: HEAD core refuses Cf-zcw-retain: REFUSED: cell Cf-zcw-retain needs a core that exports ak_enc_set_zc and ak_call_send_deferred_zc (patch p7-deferred-zc); this one does not
>>> ok: check-stream grid: 16 benchmarks (4 cells x 2 payloads x k 1, 8), every call's count and SHA-256 matched
deferred_checks: 0 failure(s)
# deferred_checks: commit 1b3388b2 + UNCOMMITTED, 2026-10-01T19:42:51Z
>>> ok: conformance_a17_shared
>>> ok: conformance_nounk_a17
>>> ok: campaign_codec pre-check
>>> ok: campaign_codec_nounk pre-check
>>> ok: semantics full ("checks": 14)
>>> ok: semantics nounk ("checks": 14)
>>> ok: HEAD core: semantics pass, deferred skipped ("checks": 14)
>>> ok: HEAD core refuses Cf-enc-retain: REFUSED: cell Cf-enc-retain needs a core that exports ak_call_send_deferred (patch p5-deferred); this one does not
>>> ok: HEAD core refuses Cf-zc-retain: REFUSED: cell Cf-zc-retain needs a core that exports ak_enc_set_zc and ak_call_send_enc_zc (patch p6-zero-copy); this one does not
>>> ok: HEAD core refuses Cf-zcp-retain: REFUSED: cell Cf-zcp-retain needs a core that exports ak_enc_set_zc and ak_call_send_deferred_zc (patch p7-deferred-zc); this one does not
>>> ok: HEAD core refuses Cf-zcw-retain: REFUSED: cell Cf-zcw-retain needs a core that exports ak_enc_set_zc and ak_call_send_deferred_zc (patch p7-deferred-zc); this one does not
>>> ok: check-stream grid: 16 benchmarks (4 cells x 2 payloads x k 1, 8), every call's count and SHA-256 matched
deferred_checks: 0 failure(s)
== 3 sweep 2026-10-01T19:43:21Z
  sweep round 1 done, 142 s
  sweep round 2 done, 281 s
  sweep round 3 done, 419 s
sweep: 514 s of benchmark
phase sweep: 520 s (lock held), exit 0
tables: /home/csdt/work/aneo/armonik/ArmoniK.Api/ffi/logs/cpp/opt/physical-probe/tcp-sweep/tables.md
