# D21 string-length sweep: process CPU per encode (ns), median [min-max] over 6 rounds, one process, paths interleaved and rotated per round

CONTAINER INSTRUMENTATION. One core-ffi EncodeInto of UploadResultDataMessage{upload.session_id = the string}; E0 = .NET UTF-8 into native staging + ak_tc_bytes; E1 = the string pinned (GCHandle) + ak_tc_utf16 (simdutf); E2 = the C# transcoder callback writing into the core's buffer; E3 = that callback calling the core's ak_utf16_to_utf8 (worst-case grow), E3L = sized by ak_utf16_utf8_len first; E1R = the string pinned by `fixed` in the root frame + ak_tc_utf16; E1C = a GCHandle per chunk. Environment: Vector512.IsHardwareAccelerated=False. `pin` = GCHandle.Alloc(Pinned) + Free alone, ns. Byte identity of every path checked first: all identical.

| content | chars | UTF-8 bytes | E0 | E1R | pin | fastest |
|---|---:|---:|---:|---:|---:|---|
| ascii | 16 | 16 | 82 [78-165] | 127 [123-129] | 39.1 | E0 |
| ascii | 32 | 32 | 80 [80-85] | 127 [126-178] | 41.1 | E0 |
| ascii | 40 | 40 | 82 [81-90] | 128 [127-128] | 39.0 | E0 |
| ascii | 48 | 48 | 80 [80-80] | 129 [129-129] | 38.9 | E0 |
| ascii | 64 | 64 | 81 [81-82] | 133 [132-135] | 39.0 | E0 |
| ascii | 96 | 96 | 89 [89-90] | 140 [140-141] | 38.9 | E0 |
| ascii | 128 | 128 | 85 [84-85] | 151 [150-151] | 38.9 | E0 |
| ascii | 192 | 192 | 90 [89-90] | 165 [165-171] | 38.7 | E0 |
| ascii | 256 | 256 | 95 [94-106] | 185 [181-188] | 39.2 | E0 |
| ascii | 1024 | 1024 | 139 [137-149] | 379 [366-385] | 37.4 | E0 |
| ascii | 16384 | 16384 | 1121 [1110-1165] | 3990 [3910-4248] | 38.5 | E0 |
| latin1 | 16 | 32 | 93 [91-95] | 160 [157-161] | 39.0 | E0 |
| latin1 | 32 | 64 | 102 [102-103] | 197 [195-200] | 38.6 | E0 |
| latin1 | 40 | 80 | 109 [108-109] | 216 [215-216] | 39.1 | E0 |
| latin1 | 48 | 96 | 119 [115-121] | 237 [236-241] | 42.5 | E0 |
| latin1 | 64 | 128 | 130 [129-133] | 280 [279-282] | 39.2 | E0 |
| latin1 | 96 | 192 | 156 [154-170] | 370 [368-372] | 39.4 | E0 |
| latin1 | 128 | 256 | 182 [181-183] | 450 [448-452] | 43.3 | E0 |
| latin1 | 192 | 384 | 233 [232-240] | 620 [604-625] | 40.1 | E0 |
| latin1 | 256 | 512 | 278 [277-278] | 757 [755-759] | 38.9 | E0 |
| latin1 | 1024 | 2048 | 885 [881-891] | 2648 [2635-2660] | 38.0 | E0 |
| latin1 | 16384 | 32768 | 13038 [12843-13411] | 41287 [39993-41806] | 36.6 | E0 |
| wide | 16 | 48 | 103 [102-103] | 170 [169-173] | 38.9 | E0 |
| wide | 32 | 96 | 130 [129-130] | 220 [219-222] | 39.3 | E0 |
| wide | 40 | 120 | 140 [139-140] | 245 [244-246] | 39.0 | E0 |
| wide | 48 | 144 | 147 [146-147] | 274 [274-275] | 38.7 | E0 |
| wide | 64 | 192 | 168 [167-168] | 325 [324-326] | 38.7 | E0 |
| wide | 96 | 288 | 215 [214-215] | 436 [435-452] | 38.9 | E0 |
| wide | 128 | 384 | 256 [255-261] | 537 [534-545] | 39.1 | E0 |
| wide | 192 | 576 | 339 [338-340] | 741 [740-745] | 38.2 | E0 |
| wide | 256 | 768 | 432 [424-447] | 957 [946-982] | 41.0 | E0 |
| wide | 1024 | 3072 | 1477 [1460-1497] | 3447 [3420-3456] | 40.1 | E0 |
| wide | 16384 | 49152 | 23323 [22941-23495] | 54174 [53066-54957] | 37.8 | E0 |
| astral | 16 | 32 | 100 [98-101] | 144 [144-149] | 39.5 | E0 |
| astral | 32 | 64 | 122 [122-142] | 176 [173-185] | 47.4 | E0 |
| astral | 40 | 80 | 131 [131-134] | 186 [185-187] | 39.1 | E0 |
| astral | 48 | 96 | 143 [142-145] | 200 [198-202] | 38.8 | E0 |
| astral | 64 | 128 | 166 [165-167] | 234 [228-238] | 38.9 | E0 |
| astral | 96 | 192 | 223 [222-224] | 285 [282-291] | 39.1 | E0 |
| astral | 128 | 256 | 270 [268-270] | 348 [347-351] | 38.8 | E0 |
| astral | 192 | 384 | 370 [364-372] | 462 [456-464] | 37.5 | E0 |
| astral | 256 | 512 | 461 [454-471] | 578 [563-619] | 39.8 | E0 |
| astral | 1024 | 2048 | 1595 [1585-1615] | 1879 [1865-1884] | 41.4 | E0 |
| astral | 16384 | 32768 | 26040 [25441-26760] | 28792 [27898-29651] | 54.8 | E0 |
