# engine:         BenchmarkDotNet 0.15.8.0 (CAMPAIGN.md 22a), toolchain BDN's default, ONE CHILD PROCESS PER CASE (the campaign's native isolation, req 22a as amended e6c909630); process CPU per iteration from the child's clock reads, each pair checked against BDN's wall measurement; the JIT tier is NOT read back (the children's JIT events are not visible here), so the jit check below is vacuous in this mode, pinned by the runner
# grid:           core (CAMPAIGN section 4.0, D18; AK_CAMPAIGN_GRID=core): arms incumbent-prod (full build only), core-ffi and host-gen (retain in the full build, no-unknown in its build); encode-transport-hot (end state ii, one hot graph) and decode-read; the 16 shapes, P7.1 decode only; Latin-1 and wide on P2.2 only; U-* rows U-nested-before, U-deep-u-repeated, U-oneof-u-repeated, U-wire-ListTaskSummaryResponse-tasks-as-wt5, U-wire-UploadResultDataMessage-upload-as-wt5, U-wire-ListMetricsResponse-batches-as-wt0, U-wire-DualResponse-left-as-wt5 (encode-transport-hot and decode-read). Extras left out (AK_CAMPAIGN_GRID=full runs them): incumbent-best, core-ffi-pull, bare decode, encode at end state (i) and with a pool input, decode-reencode, the drop mode, the incumbent in the no-unknown build, content sets on P1.2 and P2.4, the other U-* rows timed (all stay in the correctness checks)
# allocator:      default (readback at process start: a 16 MiB malloc came from the mmapped (mallinfo2; the block kept, never freed); no heap pre-grow (owner, 2026-10-03): BDN's warm-up runs the real call path, and minflt per row shows whether it sufficed; under the default toolchain each child probes once, on its case's first row as alloc_probe; GLIBC_TUNABLES=unset; CAMPAIGN req 25 as amended 2026-10-03, D9: the main figures run glibc's default allocator as production does; the pinned pass (glibc.malloc.trim_threshold=268435456:glibc.malloc.mmap_threshold=33554432) is a labelled diagnostic; every row carries `alloc` and `minflt`, the process's minor page faults over the iteration (getrusage, read by the job's clock beside the CPU clock), so faults per call = minflt / iters)
# runtime:        .NET 8.0.31; TieredCompilation=default TieredPGO=default (net8.0 defaults unless set); GC server=False, concurrent (default)
# incumbent:      Google.Protobuf 3.32.0
# build:          full (WP5 step 10; the loaded core checked to be the same variant by its u-family exports)
# managed codec:  plan utf8=reject unknown=drop
# job:            launch 1; 6 actual iterations (rounds) per case, 4 warm-up iterations (the same for every case) after BDN's jitting stage (1 overhead + 1 workload jitting invocation per case, logged by BDN in the .bdn.log, not exported) and pilot, iteration time 40 ms (the pilot picks the invocation count per case), strategy Throughput, EvaluateOverhead=false (no overhead subtraction anywhere)
# clocks:         per iteration (every row with round >= 1): wall (Stopwatch) AND process CPU (CLOCK_PROCESS_CPUTIME_ID of this process: every thread, GC and JIT included; CAMPAIGN req 21 as amended, R-H25), both read by the job's clock (CpuClock, Job.WithClock) at the start and end of the same iteration window, exported RAW (no outlier removal, no overhead subtraction); BDN's forced GCs between iterations are outside the window; the round-0 row of each case is a summary of the whole actual stage (span_cpu_ns, span_wall_ns), not a sample
# threads:        thread pool min 1 worker / 1 IO, max 32767 worker / 1000 IO, 0 pool thread(s) now; 1 logical CPUs visible; the codec suite creates no core runtime (no RPC call is made); the timed loop runs on BDN's one thread
# encode:         CAMPAIGN req 11 (R-H29): dir encode = pool input + reused buffer; encode-hot = one graph + reused buffer; encode-transport = pool + the Grpc.Net form; encode-transport-hot = one graph + the Grpc.Net form. Reused buffer: incumbent-prod CalculateSize + WriteTo(IBufferWriter) and incumbent-best WriteTo(IBufferWriter) into one BufWriter, host-gen into its one Enc, core-ffi into the core's encode buffer (ak_encode_*/ak_uencode_*; that buffer is also what cell C hands the core's transport, and host-gen's Enc what cell E hands it, so their transport forms on the core's transport ARE the buffer rows). Grpc.Net form (cells A, F, D): the serializer the RPC grid's marshaller runs (RootOps.SerInc/SerHost/SerFfi), into a frame like Grpc.Net.Client 2.71's GrpcCallSerializationContext: one ArrayPool array, the 5-byte gRPC header, the body, the array returned after (GrpcFrame.cs); incumbent-best has no gRPC path and no transport row. Pool: distinct graphs built in the case's setup whose RETAINED heap is >= 28835840 bytes (2 x AK_LLC_BYTES, default 13.75 MB; AK_POOL_BYTES overrides; per row pool_graphs and pool_bytes), round robin one graph per call; a hot input is a pool of one (the same Next() per call); graph construction is never in the timed window
# U-* rows:       CAMPAIGN req 7 (R-H27): the 92 accepted, non-disputed U-* rows at the shapes core's 7 ABI roots, through this timed shapes core: encode-hot (a graph the arm decoded from the row, untimed; retain arms re-emit the unknown fields, drop arms the dropped form), decode, decode-read, and decode-reencode (a labelled extra; no incumbent-best row)
# content sets:   CAMPAIGN req 7 (R-H26): ascii, latin1 and wide on P1.2, P2.2, P2.4; ascii only elsewhere
# order:          seeded shuffles (below); ratios, where the aggregation forms them, come from per-launch medians (CAMPAIGN req 30): every unit is its own process
# process unit:   all cases; this launch's unit order: incumbent-prod:default, host-gen:retain, core-ffi:retain (a seeded shuffle, seed 7919; within this process the cases run in a seeded shuffle too, seed 104729, the 2 prime cases first; requirement 22 as amended, R-H23)
# warm-up:        BenchmarkDotNet's own, per case: its jitting stage, pilot and the warm-up iterations of the job line (req 24; WP9 addendum: no hand-written pre-warm and no settle wait; the 2 prime cases below are BDN cases); the JIT tier is read back per case and a case that measured hot code at tier 0 fails the unit outside --smoke (the jit check below)
# correctness:    1772 pre-timing checks passed (byte identity of every encode arm per payload and content set; every arm accepts every unknown row; on every unknown row core-ffi retain and host-gen retain re-encode to the incumbent's bytes, i.e. the unknown fields are kept: requirement 10)
# cases:          12 exported, after 2 prime case(s) run first and not exported (copies of the first cases, content "prime"): BDN cases like any other, kept because without them the first case of a process measures BDN's own first-touched runtime helpers (SpanHelpers.Fill) at tier 0 (JOURNAL 51, 62)
# cpus:           this process: 1 CPU(s) in its affinity mask (sched_getaffinity), Environment.ProcessorCount 1; single-CPU guard (JOURNAL 73): a timed process (host or BDN child) with ONE CPU is refused unless AK_ALLOW_SINGLE_CPU=1 (here: SET); each case's first row carries cpus_affinity, cpus_runtime and single_cpu_override as its own process saw them -- SINGLE CPU UNDER OVERRIDE: .NET 8's tier-up delay is 10x (about 1 s); managed timings here likely include tier-0 code
// Validating benchmarks:
// ***** BenchmarkRunner: Start   *****
// ***** Found 14 benchmark(s) in total *****
// ***** Building 1 exe(s) in Parallel: Start   *****
Unable to find .sln or .csproj file. Will use current directory /home/user/ArmoniK.Api/ffi/poc/csharp to search for project file. If you don't use .sln file on purpose it should not be a problem.
// start dotnet  restore --nodeReuse:false /p:UseSharedCompilation=false /p:Deterministic=true /p:Optimize=true /p:ArtifactsPath="/home/user/ArmoniK.Api/ffi/poc/csharp/src/BenchDotNet/bin/Release/net8.0/BenchDotNet-campaign-1/" /p:OutDir="/home/user/ArmoniK.Api/ffi/poc/csharp/src/BenchDotNet/bin/Release/net8.0/BenchDotNet-campaign-1/bin/Release/net8.0/" /p:OutputPath="/home/user/ArmoniK.Api/ffi/poc/csharp/src/BenchDotNet/bin/Release/net8.0/BenchDotNet-campaign-1/bin/Release/net8.0/" /p:PublishDir="/home/user/ArmoniK.Api/ffi/poc/csharp/src/BenchDotNet/bin/Release/net8.0/BenchDotNet-campaign-1/publish/" in /home/user/ArmoniK.Api/ffi/poc/csharp/src/BenchDotNet/bin/Release/net8.0/BenchDotNet-campaign-1
// command took 2.2 sec and exited with 0
// start dotnet  build -c Release --no-restore --nodeReuse:false /p:UseSharedCompilation=false /p:Deterministic=true /p:Optimize=true /p:ArtifactsPath="/home/user/ArmoniK.Api/ffi/poc/csharp/src/BenchDotNet/bin/Release/net8.0/BenchDotNet-campaign-1/" /p:OutDir="/home/user/ArmoniK.Api/ffi/poc/csharp/src/BenchDotNet/bin/Release/net8.0/BenchDotNet-campaign-1/bin/Release/net8.0/" /p:OutputPath="/home/user/ArmoniK.Api/ffi/poc/csharp/src/BenchDotNet/bin/Release/net8.0/BenchDotNet-campaign-1/bin/Release/net8.0/" /p:PublishDir="/home/user/ArmoniK.Api/ffi/poc/csharp/src/BenchDotNet/bin/Release/net8.0/BenchDotNet-campaign-1/publish/" --output "/home/user/ArmoniK.Api/ffi/poc/csharp/src/BenchDotNet/bin/Release/net8.0/BenchDotNet-campaign-1/bin/Release/net8.0/" in /home/user/ArmoniK.Api/ffi/poc/csharp/src/BenchDotNet/bin/Release/net8.0/BenchDotNet-campaign-1
// command took 28.29 sec and exited with 0
// ***** Done, took 00:00:30 (30.6 sec)   *****
// Found 14 benchmarks:
//   CodecSuite.Run: campaign(EvaluateOverhead=False, Clock=Armonik.Ffi.Bdn.CpuClock, IterationCount=6, IterationTime=40ms, LaunchCount=1, RunStrategy=Throughput, WarmupCount=4) [Case=host-(...)etain [47]]
//   CodecSuite.Run: campaign(EvaluateOverhead=False, Clock=Armonik.Ffi.Bdn.CpuClock, IterationCount=6, IterationTime=40ms, LaunchCount=1, RunStrategy=Throughput, WarmupCount=4) [Case=incum(...)fault [54]]
//   CodecSuite.Run: campaign(EvaluateOverhead=False, Clock=Armonik.Ffi.Bdn.CpuClock, IterationCount=6, IterationTime=40ms, LaunchCount=1, RunStrategy=Throughput, WarmupCount=4) [Case=incum(...)fault [45]]
//   CodecSuite.Run: campaign(EvaluateOverhead=False, Clock=Armonik.Ffi.Bdn.CpuClock, IterationCount=6, IterationTime=40ms, LaunchCount=1, RunStrategy=Throughput, WarmupCount=4) [Case=incum(...)fault [54]]
//   CodecSuite.Run: campaign(EvaluateOverhead=False, Clock=Armonik.Ffi.Bdn.CpuClock, IterationCount=6, IterationTime=40ms, LaunchCount=1, RunStrategy=Throughput, WarmupCount=4) [Case=host-(...)etain [47]]
//   CodecSuite.Run: campaign(EvaluateOverhead=False, Clock=Armonik.Ffi.Bdn.CpuClock, IterationCount=6, IterationTime=40ms, LaunchCount=1, RunStrategy=Throughput, WarmupCount=4) [Case=host-(...)etain [47]]
//   CodecSuite.Run: campaign(EvaluateOverhead=False, Clock=Armonik.Ffi.Bdn.CpuClock, IterationCount=6, IterationTime=40ms, LaunchCount=1, RunStrategy=Throughput, WarmupCount=4) [Case=core-(...)etain [38]]
//   CodecSuite.Run: campaign(EvaluateOverhead=False, Clock=Armonik.Ffi.Bdn.CpuClock, IterationCount=6, IterationTime=40ms, LaunchCount=1, RunStrategy=Throughput, WarmupCount=4) [Case=core-(...)etain [47]]
//   CodecSuite.Run: campaign(EvaluateOverhead=False, Clock=Armonik.Ffi.Bdn.CpuClock, IterationCount=6, IterationTime=40ms, LaunchCount=1, RunStrategy=Throughput, WarmupCount=4) [Case=core-(...)etain [38]]
//   CodecSuite.Run: campaign(EvaluateOverhead=False, Clock=Armonik.Ffi.Bdn.CpuClock, IterationCount=6, IterationTime=40ms, LaunchCount=1, RunStrategy=Throughput, WarmupCount=4) [Case=host-(...)etain [38]]
//   CodecSuite.Run: campaign(EvaluateOverhead=False, Clock=Armonik.Ffi.Bdn.CpuClock, IterationCount=6, IterationTime=40ms, LaunchCount=1, RunStrategy=Throughput, WarmupCount=4) [Case=host-(...)etain [38]]
//   CodecSuite.Run: campaign(EvaluateOverhead=False, Clock=Armonik.Ffi.Bdn.CpuClock, IterationCount=6, IterationTime=40ms, LaunchCount=1, RunStrategy=Throughput, WarmupCount=4) [Case=incum(...)fault [54]]
//   CodecSuite.Run: campaign(EvaluateOverhead=False, Clock=Armonik.Ffi.Bdn.CpuClock, IterationCount=6, IterationTime=40ms, LaunchCount=1, RunStrategy=Throughput, WarmupCount=4) [Case=core-(...)etain [47]]
//   CodecSuite.Run: campaign(EvaluateOverhead=False, Clock=Armonik.Ffi.Bdn.CpuClock, IterationCount=6, IterationTime=40ms, LaunchCount=1, RunStrategy=Throughput, WarmupCount=4) [Case=incum(...)fault [45]]

// **************************
// Benchmark: CodecSuite.Run: campaign(EvaluateOverhead=False, Clock=Armonik.Ffi.Bdn.CpuClock, IterationCount=6, IterationTime=40ms, LaunchCount=1, RunStrategy=Throughput, WarmupCount=4) [Case=host-(...)etain [47]]
// *** Execute ***
// Launch: 1 / 1
// Execute: dotnet BenchDotNet-campaign-1.dll --anonymousPipes 138 139 --benchmarkName "Armonik.Ffi.Bdn.CodecSuite.Run(Case: \"host-gen|encode-transport-hot|P1.1|prime|retain\")" --job campaign --benchmarkId 0 in /home/user/ArmoniK.Api/ffi/poc/csharp/src/BenchDotNet/bin/Release/net8.0/BenchDotNet-campaign-1/bin/Release/net8.0
// BeforeAnythingElse

// Benchmark Process Environment Information:
// BenchmarkDotNet v0.15.8
// Runtime=.NET 8.0.31 (8.0.31, 8.0.3126.42015), X64 RyuJIT x86-64-v4
// GC=Concurrent Workstation
// HardwareIntrinsics=AVX512 F+BW+CD+DQ+VL,AVX2+BMI1+BMI2+F16C+FMA+LZCNT+MOVBE,AVX,SSE3+SSSE3+SSE4.1+SSE4.2+POPCNT,X86Base+SSE+SSE2,AES+PCLMUL VectorSize=256
// Job: campaign(EvaluateOverhead=False, Clock=Armonik.Ffi.Bdn.CpuClock, IterationCount=6, IterationTime=40ms, LaunchCount=1, RunStrategy=Throughput, WarmupCount=4)

OverheadJitting  1: 1 op, 273477.00 ns, 273.4770 us/op
WorkloadJitting  1: 1 op, 5208979.00 ns, 5.2090 ms/op

WorkloadPilot    1: 4 op, 72751.00 ns, 18.1878 us/op
WorkloadPilot    2: 2199 op, 9007359.00 ns, 4.0961 us/op
WorkloadPilot    3: 9765 op, 34709240.00 ns, 3.5545 us/op
WorkloadPilot    4: 11253 op, 38918585.00 ns, 3.4585 us/op
WorkloadPilot    5: 11566 op, 39679979.00 ns, 3.4307 us/op
WorkloadPilot    6: 11659 op, 40165325.00 ns, 3.4450 us/op
WorkloadPilot    7: 11611 op, 39837223.00 ns, 3.4310 us/op
WorkloadPilot    8: 11658 op, 42958767.00 ns, 3.6849 us/op
WorkloadPilot    9: 10855 op, 38651865.00 ns, 3.5607 us/op
WorkloadPilot   10: 11234 op, 40613564.00 ns, 3.6152 us/op

WorkloadWarmup   1: 11234 op, 41922266.00 ns, 3.7317 us/op
WorkloadWarmup   2: 11234 op, 39752001.00 ns, 3.5385 us/op
WorkloadWarmup   3: 11234 op, 38240781.00 ns, 3.4040 us/op
WorkloadWarmup   4: 11234 op, 37969355.00 ns, 3.3799 us/op

// BeforeActualRun
WorkloadActual   1: 11234 op, 38444164.00 ns, 3.4221 us/op
WorkloadActual   2: 11234 op, 38792098.00 ns, 3.4531 us/op
WorkloadActual   3: 11234 op, 38960922.00 ns, 3.4681 us/op
WorkloadActual   4: 11234 op, 41708085.00 ns, 3.7127 us/op
WorkloadActual   5: 11234 op, 38945369.00 ns, 3.4667 us/op
WorkloadActual   6: 11234 op, 38220509.00 ns, 3.4022 us/op

// AfterActualRun
WorkloadResult   1: 11234 op, 38444164.00 ns, 3.4221 us/op
WorkloadResult   2: 11234 op, 38792098.00 ns, 3.4531 us/op
WorkloadResult   3: 11234 op, 38960922.00 ns, 3.4681 us/op
WorkloadResult   4: 11234 op, 38945369.00 ns, 3.4667 us/op
WorkloadResult   5: 11234 op, 38220509.00 ns, 3.4022 us/op

// AfterAll
// Benchmark Process 26729 has exited with code 0.

Mean = 3.442 us, StdErr = 0.013 us (0.38%), N = 5, StdDev = 0.029 us
Min = 3.402 us, Q1 = 3.422 us, Median = 3.453 us, Q3 = 3.467 us, Max = 3.468 us
IQR = 0.045 us, LowerFence = 3.355 us, UpperFence = 3.534 us
ConfidenceInterval = [3.330 us; 3.555 us] (CI 99.9%), Margin = 0.112 us (3.26% of Mean)
Skewness = -0.33, Kurtosis = 1, MValue = 2

// ** Remained 13 (92.9 %) benchmark(s) to run. Estimated finish 2026-10-04 8:38 (0h 0m from now) **
// **************************
// Benchmark: CodecSuite.Run: campaign(EvaluateOverhead=False, Clock=Armonik.Ffi.Bdn.CpuClock, IterationCount=6, IterationTime=40ms, LaunchCount=1, RunStrategy=Throughput, WarmupCount=4) [Case=incum(...)fault [54]]
// *** Execute ***
// Launch: 1 / 1
// Execute: dotnet BenchDotNet-campaign-1.dll --anonymousPipes 140 141 --benchmarkName "Armonik.Ffi.Bdn.CodecSuite.Run(Case: \"incumbent-prod|encode-transport-hot|P1.1|prime|default\")" --job campaign --benchmarkId 1 in /home/user/ArmoniK.Api/ffi/poc/csharp/src/BenchDotNet/bin/Release/net8.0/BenchDotNet-campaign-1/bin/Release/net8.0
// BeforeAnythingElse

// Benchmark Process Environment Information:
// BenchmarkDotNet v0.15.8
// Runtime=.NET 8.0.31 (8.0.31, 8.0.3126.42015), X64 RyuJIT x86-64-v4
// GC=Concurrent Workstation
// HardwareIntrinsics=AVX512 F+BW+CD+DQ+VL,AVX2+BMI1+BMI2+F16C+FMA+LZCNT+MOVBE,AVX,SSE3+SSSE3+SSE4.1+SSE4.2+POPCNT,X86Base+SSE+SSE2,AES+PCLMUL VectorSize=256
// Job: campaign(EvaluateOverhead=False, Clock=Armonik.Ffi.Bdn.CpuClock, IterationCount=6, IterationTime=40ms, LaunchCount=1, RunStrategy=Throughput, WarmupCount=4)

OverheadJitting  1: 1 op, 271380.00 ns, 271.3800 us/op
WorkloadJitting  1: 1 op, 3606946.00 ns, 3.6069 ms/op

WorkloadPilot    1: 4 op, 80706.00 ns, 20.1765 us/op
WorkloadPilot    2: 1983 op, 11875435.00 ns, 5.9886 us/op
WorkloadPilot    3: 6679 op, 36916854.00 ns, 5.5273 us/op
WorkloadPilot    4: 7237 op, 38158094.00 ns, 5.2726 us/op
WorkloadPilot    5: 7586 op, 60737902.00 ns, 8.0066 us/op
WorkloadPilot    6: 4996 op, 26021096.00 ns, 5.2084 us/op
WorkloadPilot    7: 7680 op, 39799953.00 ns, 5.1823 us/op
WorkloadPilot    8: 7719 op, 39563945.00 ns, 5.1255 us/op
WorkloadPilot    9: 7804 op, 40214765.00 ns, 5.1531 us/op
WorkloadPilot   10: 7762 op, 40352103.00 ns, 5.1987 us/op

WorkloadWarmup   1: 7762 op, 39964225.00 ns, 5.1487 us/op
WorkloadWarmup   2: 7762 op, 39799506.00 ns, 5.1275 us/op
WorkloadWarmup   3: 7762 op, 40125267.00 ns, 5.1694 us/op
WorkloadWarmup   4: 7762 op, 39931896.00 ns, 5.1445 us/op

// BeforeActualRun
WorkloadActual   1: 7762 op, 40025356.00 ns, 5.1566 us/op
WorkloadActual   2: 7762 op, 40203878.00 ns, 5.1796 us/op
WorkloadActual   3: 7762 op, 39829769.00 ns, 5.1314 us/op
WorkloadActual   4: 7762 op, 39960719.00 ns, 5.1483 us/op
WorkloadActual   5: 7762 op, 40222429.00 ns, 5.1820 us/op
WorkloadActual   6: 7762 op, 39770814.00 ns, 5.1238 us/op

// AfterActualRun
WorkloadResult   1: 7762 op, 40025356.00 ns, 5.1566 us/op
WorkloadResult   2: 7762 op, 40203878.00 ns, 5.1796 us/op
WorkloadResult   3: 7762 op, 39829769.00 ns, 5.1314 us/op
WorkloadResult   4: 7762 op, 39960719.00 ns, 5.1483 us/op
WorkloadResult   5: 7762 op, 40222429.00 ns, 5.1820 us/op
WorkloadResult   6: 7762 op, 39770814.00 ns, 5.1238 us/op

// AfterAll
// Benchmark Process 26739 has exited with code 0.

Mean = 5.154 us, StdErr = 0.010 us (0.19%), N = 6, StdDev = 0.024 us
Min = 5.124 us, Q1 = 5.136 us, Median = 5.152 us, Q3 = 5.174 us, Max = 5.182 us
IQR = 0.038 us, LowerFence = 5.078 us, UpperFence = 5.231 us
ConfidenceInterval = [5.086 us; 5.221 us] (CI 99.9%), Margin = 0.068 us (1.31% of Mean)
Skewness = 0.03, Kurtosis = 1.06, MValue = 2

// ** Remained 12 (85.7 %) benchmark(s) to run. Estimated finish 2026-10-04 8:38 (0h 0m from now) **
// **************************
// Benchmark: CodecSuite.Run: campaign(EvaluateOverhead=False, Clock=Armonik.Ffi.Bdn.CpuClock, IterationCount=6, IterationTime=40ms, LaunchCount=1, RunStrategy=Throughput, WarmupCount=4) [Case=incum(...)fault [45]]
// *** Execute ***
// Launch: 1 / 1
// Execute: dotnet BenchDotNet-campaign-1.dll --anonymousPipes 140 141 --benchmarkName "Armonik.Ffi.Bdn.CodecSuite.Run(Case: \"incumbent-prod|decode-read|P1.1|ascii|default\")" --job campaign --benchmarkId 2 in /home/user/ArmoniK.Api/ffi/poc/csharp/src/BenchDotNet/bin/Release/net8.0/BenchDotNet-campaign-1/bin/Release/net8.0
// BeforeAnythingElse

// Benchmark Process Environment Information:
// BenchmarkDotNet v0.15.8
// Runtime=.NET 8.0.31 (8.0.31, 8.0.3126.42015), X64 RyuJIT x86-64-v4
// GC=Concurrent Workstation
// HardwareIntrinsics=AVX512 F+BW+CD+DQ+VL,AVX2+BMI1+BMI2+F16C+FMA+LZCNT+MOVBE,AVX,SSE3+SSSE3+SSE4.1+SSE4.2+POPCNT,X86Base+SSE+SSE2,AES+PCLMUL VectorSize=256
// Job: campaign(EvaluateOverhead=False, Clock=Armonik.Ffi.Bdn.CpuClock, IterationCount=6, IterationTime=40ms, LaunchCount=1, RunStrategy=Throughput, WarmupCount=4)

OverheadJitting  1: 1 op, 268925.00 ns, 268.9250 us/op
WorkloadJitting  1: 1 op, 6536281.00 ns, 6.5363 ms/op

WorkloadPilot    1: 4 op, 141575.00 ns, 35.3938 us/op
WorkloadPilot    2: 1130 op, 9151249.00 ns, 8.0985 us/op
WorkloadPilot    3: 4939 op, 39902044.00 ns, 8.0790 us/op
WorkloadPilot    4: 4951 op, 37112217.00 ns, 7.4959 us/op
WorkloadPilot    5: 5336 op, 35370118.00 ns, 6.6286 us/op
WorkloadPilot    6: 6034 op, 42155605.00 ns, 6.9863 us/op
WorkloadPilot    7: 5725 op, 36647689.00 ns, 6.4013 us/op
WorkloadPilot    8: 6249 op, 42060704.00 ns, 6.7308 us/op
WorkloadPilot    9: 5943 op, 36974292.00 ns, 6.2215 us/op
WorkloadPilot   10: 6429 op, 40864717.00 ns, 6.3563 us/op

WorkloadWarmup   1: 6429 op, 40570383.00 ns, 6.3105 us/op
WorkloadWarmup   2: 6429 op, 40283036.00 ns, 6.2658 us/op
WorkloadWarmup   3: 6429 op, 40702449.00 ns, 6.3311 us/op
WorkloadWarmup   4: 6429 op, 40877822.00 ns, 6.3583 us/op

// BeforeActualRun
WorkloadActual   1: 6429 op, 41391349.00 ns, 6.4382 us/op
WorkloadActual   2: 6429 op, 40824336.00 ns, 6.3500 us/op
WorkloadActual   3: 6429 op, 40537365.00 ns, 6.3054 us/op
WorkloadActual   4: 6429 op, 40939926.00 ns, 6.3680 us/op
WorkloadActual   5: 6429 op, 39643044.00 ns, 6.1663 us/op
WorkloadActual   6: 6429 op, 39628016.00 ns, 6.1639 us/op

// AfterActualRun
WorkloadResult   1: 6429 op, 41391349.00 ns, 6.4382 us/op
WorkloadResult   2: 6429 op, 40824336.00 ns, 6.3500 us/op
WorkloadResult   3: 6429 op, 40537365.00 ns, 6.3054 us/op
WorkloadResult   4: 6429 op, 40939926.00 ns, 6.3680 us/op
WorkloadResult   5: 6429 op, 39643044.00 ns, 6.1663 us/op
WorkloadResult   6: 6429 op, 39628016.00 ns, 6.1639 us/op

// AfterAll
// Benchmark Process 26748 has exited with code 0.

Mean = 6.299 us, StdErr = 0.046 us (0.73%), N = 6, StdDev = 0.112 us
Min = 6.164 us, Q1 = 6.201 us, Median = 6.328 us, Q3 = 6.364 us, Max = 6.438 us
IQR = 0.162 us, LowerFence = 5.957 us, UpperFence = 6.607 us
ConfidenceInterval = [5.985 us; 6.613 us] (CI 99.9%), Margin = 0.314 us (4.98% of Mean)
Skewness = -0.19, Kurtosis = 1.11, MValue = 2

// ** Remained 11 (78.6 %) benchmark(s) to run. Estimated finish 2026-10-04 8:38 (0h 0m from now) **
// **************************
// Benchmark: CodecSuite.Run: campaign(EvaluateOverhead=False, Clock=Armonik.Ffi.Bdn.CpuClock, IterationCount=6, IterationTime=40ms, LaunchCount=1, RunStrategy=Throughput, WarmupCount=4) [Case=incum(...)fault [54]]
// *** Execute ***
// Launch: 1 / 1
// Execute: dotnet BenchDotNet-campaign-1.dll --anonymousPipes 140 141 --benchmarkName "Armonik.Ffi.Bdn.CodecSuite.Run(Case: \"incumbent-prod|encode-transport-hot|P1.1|ascii|default\")" --job campaign --benchmarkId 3 in /home/user/ArmoniK.Api/ffi/poc/csharp/src/BenchDotNet/bin/Release/net8.0/BenchDotNet-campaign-1/bin/Release/net8.0
// BeforeAnythingElse

// Benchmark Process Environment Information:
// BenchmarkDotNet v0.15.8
// Runtime=.NET 8.0.31 (8.0.31, 8.0.3126.42015), X64 RyuJIT x86-64-v4
// GC=Concurrent Workstation
// HardwareIntrinsics=AVX512 F+BW+CD+DQ+VL,AVX2+BMI1+BMI2+F16C+FMA+LZCNT+MOVBE,AVX,SSE3+SSSE3+SSE4.1+SSE4.2+POPCNT,X86Base+SSE+SSE2,AES+PCLMUL VectorSize=256
// Job: campaign(EvaluateOverhead=False, Clock=Armonik.Ffi.Bdn.CpuClock, IterationCount=6, IterationTime=40ms, LaunchCount=1, RunStrategy=Throughput, WarmupCount=4)

OverheadJitting  1: 1 op, 307382.00 ns, 307.3820 us/op
WorkloadJitting  1: 1 op, 3583338.00 ns, 3.5833 ms/op

WorkloadPilot    1: 4 op, 93806.00 ns, 23.4515 us/op
WorkloadPilot    2: 1706 op, 9487916.00 ns, 5.5615 us/op
WorkloadPilot    3: 7192 op, 38547256.00 ns, 5.3597 us/op
WorkloadPilot    4: 7463 op, 39279709.00 ns, 5.2633 us/op
WorkloadPilot    5: 7600 op, 39442622.00 ns, 5.1898 us/op
WorkloadPilot    6: 7707 op, 39854812.00 ns, 5.1712 us/op
WorkloadPilot    7: 7735 op, 40022865.00 ns, 5.1743 us/op
WorkloadPilot    8: 7731 op, 39770609.00 ns, 5.1443 us/op
WorkloadPilot    9: 7776 op, 40362812.00 ns, 5.1907 us/op
WorkloadPilot   10: 7706 op, 40126105.00 ns, 5.2071 us/op

WorkloadWarmup   1: 7706 op, 39588021.00 ns, 5.1373 us/op
WorkloadWarmup   2: 7706 op, 39927212.00 ns, 5.1813 us/op
WorkloadWarmup   3: 7706 op, 39894176.00 ns, 5.1770 us/op
WorkloadWarmup   4: 7706 op, 39487649.00 ns, 5.1243 us/op

// BeforeActualRun
WorkloadActual   1: 7706 op, 39668214.00 ns, 5.1477 us/op
WorkloadActual   2: 7706 op, 40062505.00 ns, 5.1989 us/op
WorkloadActual   3: 7706 op, 39771885.00 ns, 5.1612 us/op
WorkloadActual   4: 7706 op, 39630544.00 ns, 5.1428 us/op
WorkloadActual   5: 7706 op, 39852490.00 ns, 5.1716 us/op
WorkloadActual   6: 7706 op, 40050374.00 ns, 5.1973 us/op

// AfterActualRun
WorkloadResult   1: 7706 op, 39668214.00 ns, 5.1477 us/op
WorkloadResult   2: 7706 op, 40062505.00 ns, 5.1989 us/op
WorkloadResult   3: 7706 op, 39771885.00 ns, 5.1612 us/op
WorkloadResult   4: 7706 op, 39630544.00 ns, 5.1428 us/op
WorkloadResult   5: 7706 op, 39852490.00 ns, 5.1716 us/op
WorkloadResult   6: 7706 op, 40050374.00 ns, 5.1973 us/op

// AfterAll
// Benchmark Process 26757 has exited with code 0.

Mean = 5.170 us, StdErr = 0.010 us (0.19%), N = 6, StdDev = 0.024 us
Min = 5.143 us, Q1 = 5.151 us, Median = 5.166 us, Q3 = 5.191 us, Max = 5.199 us
IQR = 0.040 us, LowerFence = 5.091 us, UpperFence = 5.251 us
ConfidenceInterval = [5.102 us; 5.237 us] (CI 99.9%), Margin = 0.067 us (1.31% of Mean)
Skewness = 0.16, Kurtosis = 1.02, MValue = 2

// ** Remained 10 (71.4 %) benchmark(s) to run. Estimated finish 2026-10-04 8:38 (0h 0m from now) **
// **************************
// Benchmark: CodecSuite.Run: campaign(EvaluateOverhead=False, Clock=Armonik.Ffi.Bdn.CpuClock, IterationCount=6, IterationTime=40ms, LaunchCount=1, RunStrategy=Throughput, WarmupCount=4) [Case=host-(...)etain [47]]
// *** Execute ***
// Launch: 1 / 1
// Execute: dotnet BenchDotNet-campaign-1.dll --anonymousPipes 140 141 --benchmarkName "Armonik.Ffi.Bdn.CodecSuite.Run(Case: \"host-gen|encode-transport-hot|P6.1|ascii|retain\")" --job campaign --benchmarkId 4 in /home/user/ArmoniK.Api/ffi/poc/csharp/src/BenchDotNet/bin/Release/net8.0/BenchDotNet-campaign-1/bin/Release/net8.0
// BeforeAnythingElse

// Benchmark Process Environment Information:
// BenchmarkDotNet v0.15.8
// Runtime=.NET 8.0.31 (8.0.31, 8.0.3126.42015), X64 RyuJIT x86-64-v4
// GC=Concurrent Workstation
// HardwareIntrinsics=AVX512 F+BW+CD+DQ+VL,AVX2+BMI1+BMI2+F16C+FMA+LZCNT+MOVBE,AVX,SSE3+SSSE3+SSE4.1+SSE4.2+POPCNT,X86Base+SSE+SSE2,AES+PCLMUL VectorSize=256
// Job: campaign(EvaluateOverhead=False, Clock=Armonik.Ffi.Bdn.CpuClock, IterationCount=6, IterationTime=40ms, LaunchCount=1, RunStrategy=Throughput, WarmupCount=4)

OverheadJitting  1: 1 op, 272288.00 ns, 272.2880 us/op
WorkloadJitting  1: 1 op, 7372638.00 ns, 7.3726 ms/op

WorkloadPilot    1: 4 op, 4577080.00 ns, 1.1443 ms/op
WorkloadPilot    2: 35 op, 33991853.00 ns, 971.1958 us/op
WorkloadPilot    3: 41 op, 37287238.00 ns, 909.4448 us/op
WorkloadPilot    4: 44 op, 39254209.00 ns, 892.1411 us/op

WorkloadWarmup   1: 44 op, 39099531.00 ns, 888.6257 us/op
WorkloadWarmup   2: 44 op, 39052686.00 ns, 887.5610 us/op
WorkloadWarmup   3: 44 op, 39087546.00 ns, 888.3533 us/op
WorkloadWarmup   4: 44 op, 38724581.00 ns, 880.1041 us/op

// BeforeActualRun
WorkloadActual   1: 44 op, 38598538.00 ns, 877.2395 us/op
WorkloadActual   2: 44 op, 39102125.00 ns, 888.6847 us/op
WorkloadActual   3: 44 op, 39051530.00 ns, 887.5348 us/op
WorkloadActual   4: 44 op, 38971095.00 ns, 885.7067 us/op
WorkloadActual   5: 44 op, 39566184.00 ns, 899.2315 us/op
WorkloadActual   6: 44 op, 38841719.00 ns, 882.7663 us/op

// AfterActualRun
WorkloadResult   1: 44 op, 38598538.00 ns, 877.2395 us/op
WorkloadResult   2: 44 op, 39102125.00 ns, 888.6847 us/op
WorkloadResult   3: 44 op, 39051530.00 ns, 887.5348 us/op
WorkloadResult   4: 44 op, 38971095.00 ns, 885.7067 us/op
WorkloadResult   5: 44 op, 38841719.00 ns, 882.7663 us/op

// AfterAll
// Benchmark Process 26766 has exited with code 0.

Mean = 884.386 us, StdErr = 2.047 us (0.23%), N = 5, StdDev = 4.578 us
Min = 877.240 us, Q1 = 882.766 us, Median = 885.707 us, Q3 = 887.535 us, Max = 888.685 us
IQR = 4.768 us, LowerFence = 875.614 us, UpperFence = 894.687 us
ConfidenceInterval = [866.758 us; 902.015 us] (CI 99.9%), Margin = 17.628 us (1.99% of Mean)
Skewness = -0.53, Kurtosis = 1.39, MValue = 2

// ** Remained 9 (64.3 %) benchmark(s) to run. Estimated finish 2026-10-04 8:38 (0h 0m from now) **
// **************************
// Benchmark: CodecSuite.Run: campaign(EvaluateOverhead=False, Clock=Armonik.Ffi.Bdn.CpuClock, IterationCount=6, IterationTime=40ms, LaunchCount=1, RunStrategy=Throughput, WarmupCount=4) [Case=host-(...)etain [47]]
// *** Execute ***
// Launch: 1 / 1
// Execute: dotnet BenchDotNet-campaign-1.dll --anonymousPipes 140 141 --benchmarkName "Armonik.Ffi.Bdn.CodecSuite.Run(Case: \"host-gen|encode-transport-hot|P1.1|ascii|retain\")" --job campaign --benchmarkId 5 in /home/user/ArmoniK.Api/ffi/poc/csharp/src/BenchDotNet/bin/Release/net8.0/BenchDotNet-campaign-1/bin/Release/net8.0
// BeforeAnythingElse

// Benchmark Process Environment Information:
// BenchmarkDotNet v0.15.8
// Runtime=.NET 8.0.31 (8.0.31, 8.0.3126.42015), X64 RyuJIT x86-64-v4
// GC=Concurrent Workstation
// HardwareIntrinsics=AVX512 F+BW+CD+DQ+VL,AVX2+BMI1+BMI2+F16C+FMA+LZCNT+MOVBE,AVX,SSE3+SSSE3+SSE4.1+SSE4.2+POPCNT,X86Base+SSE+SSE2,AES+PCLMUL VectorSize=256
// Job: campaign(EvaluateOverhead=False, Clock=Armonik.Ffi.Bdn.CpuClock, IterationCount=6, IterationTime=40ms, LaunchCount=1, RunStrategy=Throughput, WarmupCount=4)

OverheadJitting  1: 1 op, 275615.00 ns, 275.6150 us/op
WorkloadJitting  1: 1 op, 5124213.00 ns, 5.1242 ms/op

WorkloadPilot    1: 4 op, 79288.00 ns, 19.8220 us/op
WorkloadPilot    2: 2018 op, 8789762.00 ns, 4.3557 us/op
WorkloadPilot    3: 9183 op, 35241754.00 ns, 3.8377 us/op
WorkloadPilot    4: 10423 op, 39063168.00 ns, 3.7478 us/op
WorkloadPilot    5: 10673 op, 39041842.00 ns, 3.6580 us/op
WorkloadPilot    6: 10935 op, 40382762.00 ns, 3.6930 us/op
WorkloadPilot    7: 10831 op, 40079536.00 ns, 3.7004 us/op
WorkloadPilot    8: 10810 op, 39313734.00 ns, 3.6368 us/op
WorkloadPilot    9: 10999 op, 40116902.00 ns, 3.6473 us/op

WorkloadWarmup   1: 10999 op, 39733903.00 ns, 3.6125 us/op
WorkloadWarmup   2: 10999 op, 39937749.00 ns, 3.6310 us/op
WorkloadWarmup   3: 10999 op, 40395852.00 ns, 3.6727 us/op
WorkloadWarmup   4: 10999 op, 39692929.00 ns, 3.6088 us/op

// BeforeActualRun
WorkloadActual   1: 10999 op, 40376027.00 ns, 3.6709 us/op
WorkloadActual   2: 10999 op, 40046462.00 ns, 3.6409 us/op
WorkloadActual   3: 10999 op, 40291204.00 ns, 3.6632 us/op
WorkloadActual   4: 10999 op, 40534077.00 ns, 3.6853 us/op
WorkloadActual   5: 10999 op, 41681981.00 ns, 3.7896 us/op
WorkloadActual   6: 10999 op, 43574117.00 ns, 3.9616 us/op

// AfterActualRun
WorkloadResult   1: 10999 op, 40376027.00 ns, 3.6709 us/op
WorkloadResult   2: 10999 op, 40046462.00 ns, 3.6409 us/op
WorkloadResult   3: 10999 op, 40291204.00 ns, 3.6632 us/op
WorkloadResult   4: 10999 op, 40534077.00 ns, 3.6853 us/op
WorkloadResult   5: 10999 op, 41681981.00 ns, 3.7896 us/op

// AfterAll
// Benchmark Process 26777 has exited with code 0.

Mean = 3.690 us, StdErr = 0.026 us (0.70%), N = 5, StdDev = 0.058 us
Min = 3.641 us, Q1 = 3.663 us, Median = 3.671 us, Q3 = 3.685 us, Max = 3.790 us
IQR = 0.022 us, LowerFence = 3.630 us, UpperFence = 3.718 us
ConfidenceInterval = [3.467 us; 3.913 us] (CI 99.9%), Margin = 0.223 us (6.05% of Mean)
Skewness = 0.87, Kurtosis = 1.86, MValue = 2

// ** Remained 8 (57.1 %) benchmark(s) to run. Estimated finish 2026-10-04 8:38 (0h 0m from now) **
// **************************
// Benchmark: CodecSuite.Run: campaign(EvaluateOverhead=False, Clock=Armonik.Ffi.Bdn.CpuClock, IterationCount=6, IterationTime=40ms, LaunchCount=1, RunStrategy=Throughput, WarmupCount=4) [Case=core-(...)etain [38]]
// *** Execute ***
// Launch: 1 / 1
// Execute: dotnet BenchDotNet-campaign-1.dll --anonymousPipes 140 141 --benchmarkName "Armonik.Ffi.Bdn.CodecSuite.Run(Case: \"core-ffi|decode-read|P6.1|ascii|retain\")" --job campaign --benchmarkId 6 in /home/user/ArmoniK.Api/ffi/poc/csharp/src/BenchDotNet/bin/Release/net8.0/BenchDotNet-campaign-1/bin/Release/net8.0
// BeforeAnythingElse

// Benchmark Process Environment Information:
// BenchmarkDotNet v0.15.8
// Runtime=.NET 8.0.31 (8.0.31, 8.0.3126.42015), X64 RyuJIT x86-64-v4
// GC=Concurrent Workstation
// HardwareIntrinsics=AVX512 F+BW+CD+DQ+VL,AVX2+BMI1+BMI2+F16C+FMA+LZCNT+MOVBE,AVX,SSE3+SSSE3+SSE4.1+SSE4.2+POPCNT,X86Base+SSE+SSE2,AES+PCLMUL VectorSize=256
// Job: campaign(EvaluateOverhead=False, Clock=Armonik.Ffi.Bdn.CpuClock, IterationCount=6, IterationTime=40ms, LaunchCount=1, RunStrategy=Throughput, WarmupCount=4)

OverheadJitting  1: 1 op, 260065.00 ns, 260.0650 us/op
WorkloadJitting  1: 1 op, 8817860.00 ns, 8.8179 ms/op

WorkloadPilot    1: 4 op, 3475279.00 ns, 868.8198 us/op
WorkloadPilot    2: 46 op, 40996077.00 ns, 891.2191 us/op

WorkloadWarmup   1: 46 op, 35404749.00 ns, 769.6685 us/op
WorkloadWarmup   2: 46 op, 32993799.00 ns, 717.2565 us/op
WorkloadWarmup   3: 46 op, 33174431.00 ns, 721.1833 us/op
WorkloadWarmup   4: 46 op, 32903072.00 ns, 715.2842 us/op

// BeforeActualRun
WorkloadActual   1: 46 op, 33007131.00 ns, 717.5463 us/op
WorkloadActual   2: 46 op, 37093166.00 ns, 806.3732 us/op
WorkloadActual   3: 46 op, 32627994.00 ns, 709.3042 us/op
WorkloadActual   4: 46 op, 32485408.00 ns, 706.2045 us/op
WorkloadActual   5: 46 op, 32323044.00 ns, 702.6749 us/op
WorkloadActual   6: 46 op, 32575283.00 ns, 708.1583 us/op

// AfterActualRun
WorkloadResult   1: 46 op, 33007131.00 ns, 717.5463 us/op
WorkloadResult   2: 46 op, 32627994.00 ns, 709.3042 us/op
WorkloadResult   3: 46 op, 32485408.00 ns, 706.2045 us/op
WorkloadResult   4: 46 op, 32323044.00 ns, 702.6749 us/op
WorkloadResult   5: 46 op, 32575283.00 ns, 708.1583 us/op

// AfterAll
// Benchmark Process 26786 has exited with code 0.

Mean = 708.778 us, StdErr = 2.464 us (0.35%), N = 5, StdDev = 5.509 us
Min = 702.675 us, Q1 = 706.205 us, Median = 708.158 us, Q3 = 709.304 us, Max = 717.546 us
IQR = 3.100 us, LowerFence = 701.555 us, UpperFence = 713.954 us
ConfidenceInterval = [687.563 us; 729.993 us] (CI 99.9%), Margin = 21.215 us (2.99% of Mean)
Skewness = 0.51, Kurtosis = 1.59, MValue = 2

// ** Remained 7 (50.0 %) benchmark(s) to run. Estimated finish 2026-10-04 8:38 (0h 0m from now) **
// **************************
// Benchmark: CodecSuite.Run: campaign(EvaluateOverhead=False, Clock=Armonik.Ffi.Bdn.CpuClock, IterationCount=6, IterationTime=40ms, LaunchCount=1, RunStrategy=Throughput, WarmupCount=4) [Case=core-(...)etain [47]]
// *** Execute ***
// Launch: 1 / 1
// Execute: dotnet BenchDotNet-campaign-1.dll --anonymousPipes 140 141 --benchmarkName "Armonik.Ffi.Bdn.CodecSuite.Run(Case: \"core-ffi|encode-transport-hot|P6.1|ascii|retain\")" --job campaign --benchmarkId 7 in /home/user/ArmoniK.Api/ffi/poc/csharp/src/BenchDotNet/bin/Release/net8.0/BenchDotNet-campaign-1/bin/Release/net8.0
// BeforeAnythingElse

// Benchmark Process Environment Information:
// BenchmarkDotNet v0.15.8
// Runtime=.NET 8.0.31 (8.0.31, 8.0.3126.42015), X64 RyuJIT x86-64-v4
// GC=Concurrent Workstation
// HardwareIntrinsics=AVX512 F+BW+CD+DQ+VL,AVX2+BMI1+BMI2+F16C+FMA+LZCNT+MOVBE,AVX,SSE3+SSSE3+SSE4.1+SSE4.2+POPCNT,X86Base+SSE+SSE2,AES+PCLMUL VectorSize=256
// Job: campaign(EvaluateOverhead=False, Clock=Armonik.Ffi.Bdn.CpuClock, IterationCount=6, IterationTime=40ms, LaunchCount=1, RunStrategy=Throughput, WarmupCount=4)

OverheadJitting  1: 1 op, 262053.00 ns, 262.0530 us/op
WorkloadJitting  1: 1 op, 9431676.00 ns, 9.4317 ms/op

WorkloadPilot    1: 4 op, 4881218.00 ns, 1.2203 ms/op
WorkloadPilot    2: 33 op, 5232076.00 ns, 158.5478 us/op
WorkloadPilot    3: 252 op, 38052773.00 ns, 151.0031 us/op
WorkloadPilot    4: 265 op, 40167414.00 ns, 151.5751 us/op

WorkloadWarmup   1: 265 op, 39989228.00 ns, 150.9027 us/op
WorkloadWarmup   2: 265 op, 39571088.00 ns, 149.3249 us/op
WorkloadWarmup   3: 265 op, 40827610.00 ns, 154.0665 us/op
WorkloadWarmup   4: 265 op, 39193100.00 ns, 147.8985 us/op

// BeforeActualRun
WorkloadActual   1: 265 op, 40069425.00 ns, 151.2054 us/op
WorkloadActual   2: 265 op, 39589777.00 ns, 149.3954 us/op
WorkloadActual   3: 265 op, 39821943.00 ns, 150.2715 us/op
WorkloadActual   4: 265 op, 40173269.00 ns, 151.5972 us/op
WorkloadActual   5: 265 op, 39885458.00 ns, 150.5112 us/op
WorkloadActual   6: 265 op, 49563415.00 ns, 187.0318 us/op

// AfterActualRun
WorkloadResult   1: 265 op, 40069425.00 ns, 151.2054 us/op
WorkloadResult   2: 265 op, 39589777.00 ns, 149.3954 us/op
WorkloadResult   3: 265 op, 39821943.00 ns, 150.2715 us/op
WorkloadResult   4: 265 op, 40173269.00 ns, 151.5972 us/op
WorkloadResult   5: 265 op, 39885458.00 ns, 150.5112 us/op

// AfterAll
// Benchmark Process 26795 has exited with code 0.

Mean = 150.596 us, StdErr = 0.383 us (0.25%), N = 5, StdDev = 0.856 us
Min = 149.395 us, Q1 = 150.271 us, Median = 150.511 us, Q3 = 151.205 us, Max = 151.597 us
IQR = 0.934 us, LowerFence = 148.871 us, UpperFence = 152.606 us
ConfidenceInterval = [147.302 us; 153.891 us] (CI 99.9%), Margin = 3.294 us (2.19% of Mean)
Skewness = -0.17, Kurtosis = 1.21, MValue = 2

// ** Remained 6 (42.9 %) benchmark(s) to run. Estimated finish 2026-10-04 8:38 (0h 0m from now) **
// **************************
// Benchmark: CodecSuite.Run: campaign(EvaluateOverhead=False, Clock=Armonik.Ffi.Bdn.CpuClock, IterationCount=6, IterationTime=40ms, LaunchCount=1, RunStrategy=Throughput, WarmupCount=4) [Case=core-(...)etain [38]]
// *** Execute ***
// Launch: 1 / 1
// Execute: dotnet BenchDotNet-campaign-1.dll --anonymousPipes 140 141 --benchmarkName "Armonik.Ffi.Bdn.CodecSuite.Run(Case: \"core-ffi|decode-read|P1.1|ascii|retain\")" --job campaign --benchmarkId 8 in /home/user/ArmoniK.Api/ffi/poc/csharp/src/BenchDotNet/bin/Release/net8.0/BenchDotNet-campaign-1/bin/Release/net8.0
// BeforeAnythingElse

// Benchmark Process Environment Information:
// BenchmarkDotNet v0.15.8
// Runtime=.NET 8.0.31 (8.0.31, 8.0.3126.42015), X64 RyuJIT x86-64-v4
// GC=Concurrent Workstation
// HardwareIntrinsics=AVX512 F+BW+CD+DQ+VL,AVX2+BMI1+BMI2+F16C+FMA+LZCNT+MOVBE,AVX,SSE3+SSSE3+SSE4.1+SSE4.2+POPCNT,X86Base+SSE+SSE2,AES+PCLMUL VectorSize=256
// Job: campaign(EvaluateOverhead=False, Clock=Armonik.Ffi.Bdn.CpuClock, IterationCount=6, IterationTime=40ms, LaunchCount=1, RunStrategy=Throughput, WarmupCount=4)

OverheadJitting  1: 1 op, 250804.00 ns, 250.8040 us/op
WorkloadJitting  1: 1 op, 4376456.00 ns, 4.3765 ms/op

WorkloadPilot    1: 4 op, 80169.00 ns, 20.0423 us/op
WorkloadPilot    2: 1996 op, 8229601.00 ns, 4.1230 us/op
WorkloadPilot    3: 9702 op, 34506391.00 ns, 3.5566 us/op
WorkloadPilot    4: 11247 op, 36576504.00 ns, 3.2521 us/op
WorkloadPilot    5: 12300 op, 35328412.00 ns, 2.8722 us/op
WorkloadPilot    6: 13926 op, 46019623.00 ns, 3.3046 us/op
WorkloadPilot    7: 12104 op, 34253730.00 ns, 2.8300 us/op
WorkloadPilot    8: 14135 op, 45322576.00 ns, 3.2064 us/op
WorkloadPilot    9: 12475 op, 34832338.00 ns, 2.7922 us/op
WorkloadPilot   10: 14326 op, 41012812.00 ns, 2.8628 us/op

WorkloadWarmup   1: 14326 op, 47804896.00 ns, 3.3369 us/op
WorkloadWarmup   2: 14326 op, 41182784.00 ns, 2.8747 us/op
WorkloadWarmup   3: 14326 op, 40953363.00 ns, 2.8587 us/op
WorkloadWarmup   4: 14326 op, 44726302.00 ns, 3.1220 us/op

// BeforeActualRun
WorkloadActual   1: 14326 op, 45312486.00 ns, 3.1630 us/op
WorkloadActual   2: 14326 op, 41392305.00 ns, 2.8893 us/op
WorkloadActual   3: 14326 op, 44890637.00 ns, 3.1335 us/op
WorkloadActual   4: 14326 op, 41022629.00 ns, 2.8635 us/op
WorkloadActual   5: 14326 op, 44676295.00 ns, 3.1185 us/op
WorkloadActual   6: 14326 op, 44735736.00 ns, 3.1227 us/op

// AfterActualRun
WorkloadResult   1: 14326 op, 45312486.00 ns, 3.1630 us/op
WorkloadResult   2: 14326 op, 41392305.00 ns, 2.8893 us/op
WorkloadResult   3: 14326 op, 44890637.00 ns, 3.1335 us/op
WorkloadResult   4: 14326 op, 41022629.00 ns, 2.8635 us/op
WorkloadResult   5: 14326 op, 44676295.00 ns, 3.1185 us/op
WorkloadResult   6: 14326 op, 44735736.00 ns, 3.1227 us/op

// AfterAll
// Benchmark Process 26804 has exited with code 0.

Mean = 3.048 us, StdErr = 0.055 us (1.80%), N = 6, StdDev = 0.134 us
Min = 2.864 us, Q1 = 2.947 us, Median = 3.121 us, Q3 = 3.131 us, Max = 3.163 us
IQR = 0.184 us, LowerFence = 2.670 us, UpperFence = 3.407 us
ConfidenceInterval = [2.672 us; 3.425 us] (CI 99.9%), Margin = 0.377 us (12.36% of Mean)
Skewness = -0.51, Kurtosis = 1.07, MValue = 3

// ** Remained 5 (35.7 %) benchmark(s) to run. Estimated finish 2026-10-04 8:38 (0h 0m from now) **
// **************************
// Benchmark: CodecSuite.Run: campaign(EvaluateOverhead=False, Clock=Armonik.Ffi.Bdn.CpuClock, IterationCount=6, IterationTime=40ms, LaunchCount=1, RunStrategy=Throughput, WarmupCount=4) [Case=host-(...)etain [38]]
// *** Execute ***
// Launch: 1 / 1
// Execute: dotnet BenchDotNet-campaign-1.dll --anonymousPipes 140 141 --benchmarkName "Armonik.Ffi.Bdn.CodecSuite.Run(Case: \"host-gen|decode-read|P1.1|ascii|retain\")" --job campaign --benchmarkId 9 in /home/user/ArmoniK.Api/ffi/poc/csharp/src/BenchDotNet/bin/Release/net8.0/BenchDotNet-campaign-1/bin/Release/net8.0
// BeforeAnythingElse

// Benchmark Process Environment Information:
// BenchmarkDotNet v0.15.8
// Runtime=.NET 8.0.31 (8.0.31, 8.0.3126.42015), X64 RyuJIT x86-64-v4
// GC=Concurrent Workstation
// HardwareIntrinsics=AVX512 F+BW+CD+DQ+VL,AVX2+BMI1+BMI2+F16C+FMA+LZCNT+MOVBE,AVX,SSE3+SSSE3+SSE4.1+SSE4.2+POPCNT,X86Base+SSE+SSE2,AES+PCLMUL VectorSize=256
// Job: campaign(EvaluateOverhead=False, Clock=Armonik.Ffi.Bdn.CpuClock, IterationCount=6, IterationTime=40ms, LaunchCount=1, RunStrategy=Throughput, WarmupCount=4)

OverheadJitting  1: 1 op, 263726.00 ns, 263.7260 us/op
WorkloadJitting  1: 1 op, 2835287.00 ns, 2.8353 ms/op

WorkloadPilot    1: 4 op, 62136.00 ns, 15.5340 us/op
WorkloadPilot    2: 2575 op, 15962312.00 ns, 6.1990 us/op
WorkloadPilot    3: 6453 op, 37648975.00 ns, 5.8343 us/op
WorkloadPilot    4: 6856 op, 35865080.00 ns, 5.2312 us/op
WorkloadPilot    5: 7646 op, 32802881.00 ns, 4.2902 us/op
WorkloadPilot    6: 9324 op, 42450659.00 ns, 4.5528 us/op
WorkloadPilot    7: 8786 op, 36668810.00 ns, 4.1735 us/op
WorkloadPilot    8: 9584 op, 44082137.00 ns, 4.5996 us/op
WorkloadPilot    9: 8696 op, 36181390.00 ns, 4.1607 us/op
WorkloadPilot   10: 9614 op, 40258610.00 ns, 4.1875 us/op

WorkloadWarmup   1: 9614 op, 40750025.00 ns, 4.2386 us/op
WorkloadWarmup   2: 9614 op, 39705526.00 ns, 4.1300 us/op
WorkloadWarmup   3: 9614 op, 40560757.00 ns, 4.2189 us/op
WorkloadWarmup   4: 9614 op, 40059818.00 ns, 4.1668 us/op

// BeforeActualRun
WorkloadActual   1: 9614 op, 40711467.00 ns, 4.2346 us/op
WorkloadActual   2: 9614 op, 39990226.00 ns, 4.1596 us/op
WorkloadActual   3: 9614 op, 40512827.00 ns, 4.2139 us/op
WorkloadActual   4: 9614 op, 40123214.00 ns, 4.1734 us/op
WorkloadActual   5: 9614 op, 40624687.00 ns, 4.2256 us/op
WorkloadActual   6: 9614 op, 39892302.00 ns, 4.1494 us/op

// AfterActualRun
WorkloadResult   1: 9614 op, 40711467.00 ns, 4.2346 us/op
WorkloadResult   2: 9614 op, 39990226.00 ns, 4.1596 us/op
WorkloadResult   3: 9614 op, 40512827.00 ns, 4.2139 us/op
WorkloadResult   4: 9614 op, 40123214.00 ns, 4.1734 us/op
WorkloadResult   5: 9614 op, 40624687.00 ns, 4.2256 us/op
WorkloadResult   6: 9614 op, 39892302.00 ns, 4.1494 us/op

// AfterAll
// Benchmark Process 26813 has exited with code 0.

Mean = 4.193 us, StdErr = 0.015 us (0.35%), N = 6, StdDev = 0.036 us
Min = 4.149 us, Q1 = 4.163 us, Median = 4.194 us, Q3 = 4.223 us, Max = 4.235 us
IQR = 0.060 us, LowerFence = 4.074 us, UpperFence = 4.312 us
ConfidenceInterval = [4.091 us; 4.295 us] (CI 99.9%), Margin = 0.102 us (2.44% of Mean)
Skewness = -0.02, Kurtosis = 0.88, MValue = 2

// ** Remained 4 (28.6 %) benchmark(s) to run. Estimated finish 2026-10-04 8:38 (0h 0m from now) **
// **************************
// Benchmark: CodecSuite.Run: campaign(EvaluateOverhead=False, Clock=Armonik.Ffi.Bdn.CpuClock, IterationCount=6, IterationTime=40ms, LaunchCount=1, RunStrategy=Throughput, WarmupCount=4) [Case=host-(...)etain [38]]
// *** Execute ***
// Launch: 1 / 1
// Execute: dotnet BenchDotNet-campaign-1.dll --anonymousPipes 140 141 --benchmarkName "Armonik.Ffi.Bdn.CodecSuite.Run(Case: \"host-gen|decode-read|P6.1|ascii|retain\")" --job campaign --benchmarkId 10 in /home/user/ArmoniK.Api/ffi/poc/csharp/src/BenchDotNet/bin/Release/net8.0/BenchDotNet-campaign-1/bin/Release/net8.0
// BeforeAnythingElse

// Benchmark Process Environment Information:
// BenchmarkDotNet v0.15.8
// Runtime=.NET 8.0.31 (8.0.31, 8.0.3126.42015), X64 RyuJIT x86-64-v4
// GC=Concurrent Workstation
// HardwareIntrinsics=AVX512 F+BW+CD+DQ+VL,AVX2+BMI1+BMI2+F16C+FMA+LZCNT+MOVBE,AVX,SSE3+SSSE3+SSE4.1+SSE4.2+POPCNT,X86Base+SSE+SSE2,AES+PCLMUL VectorSize=256
// Job: campaign(EvaluateOverhead=False, Clock=Armonik.Ffi.Bdn.CpuClock, IterationCount=6, IterationTime=40ms, LaunchCount=1, RunStrategy=Throughput, WarmupCount=4)

OverheadJitting  1: 1 op, 312871.00 ns, 312.8710 us/op
WorkloadJitting  1: 1 op, 6612536.00 ns, 6.6125 ms/op

WorkloadPilot    1: 4 op, 7715848.00 ns, 1.9290 ms/op
WorkloadPilot    2: 21 op, 35904139.00 ns, 1.7097 ms/op
WorkloadPilot    3: 23 op, 35006237.00 ns, 1.5220 ms/op
WorkloadPilot    4: 26 op, 39892609.00 ns, 1.5343 ms/op

WorkloadWarmup   1: 26 op, 40930939.00 ns, 1.5743 ms/op
WorkloadWarmup   2: 26 op, 38452245.00 ns, 1.4789 ms/op
WorkloadWarmup   3: 26 op, 38972874.00 ns, 1.4990 ms/op
WorkloadWarmup   4: 26 op, 38302071.00 ns, 1.4732 ms/op

// BeforeActualRun
WorkloadActual   1: 26 op, 38471138.00 ns, 1.4797 ms/op
WorkloadActual   2: 26 op, 38458501.00 ns, 1.4792 ms/op
WorkloadActual   3: 26 op, 38809840.00 ns, 1.4927 ms/op
WorkloadActual   4: 26 op, 38077914.00 ns, 1.4645 ms/op
WorkloadActual   5: 26 op, 38375867.00 ns, 1.4760 ms/op
WorkloadActual   6: 26 op, 38466927.00 ns, 1.4795 ms/op

// AfterActualRun
WorkloadResult   1: 26 op, 38471138.00 ns, 1.4797 ms/op
WorkloadResult   2: 26 op, 38458501.00 ns, 1.4792 ms/op
WorkloadResult   3: 26 op, 38077914.00 ns, 1.4645 ms/op
WorkloadResult   4: 26 op, 38375867.00 ns, 1.4760 ms/op
WorkloadResult   5: 26 op, 38466927.00 ns, 1.4795 ms/op

// AfterAll
// Benchmark Process 26822 has exited with code 0.

Mean = 1.476 ms, StdErr = 0.003 ms (0.20%), N = 5, StdDev = 0.006 ms
Min = 1.465 ms, Q1 = 1.476 ms, Median = 1.479 ms, Q3 = 1.479 ms, Max = 1.480 ms
IQR = 0.004 ms, LowerFence = 1.471 ms, UpperFence = 1.485 ms
ConfidenceInterval = [1.451 ms; 1.501 ms] (CI 99.9%), Margin = 0.025 ms (1.69% of Mean)
Skewness = -0.94, Kurtosis = 1.9, MValue = 2

// ** Remained 3 (21.4 %) benchmark(s) to run. Estimated finish 2026-10-04 8:38 (0h 0m from now) **
// **************************
// Benchmark: CodecSuite.Run: campaign(EvaluateOverhead=False, Clock=Armonik.Ffi.Bdn.CpuClock, IterationCount=6, IterationTime=40ms, LaunchCount=1, RunStrategy=Throughput, WarmupCount=4) [Case=incum(...)fault [54]]
// *** Execute ***
// Launch: 1 / 1
// Execute: dotnet BenchDotNet-campaign-1.dll --anonymousPipes 140 141 --benchmarkName "Armonik.Ffi.Bdn.CodecSuite.Run(Case: \"incumbent-prod|encode-transport-hot|P6.1|ascii|default\")" --job campaign --benchmarkId 11 in /home/user/ArmoniK.Api/ffi/poc/csharp/src/BenchDotNet/bin/Release/net8.0/BenchDotNet-campaign-1/bin/Release/net8.0
// BeforeAnythingElse

// Benchmark Process Environment Information:
// BenchmarkDotNet v0.15.8
// Runtime=.NET 8.0.31 (8.0.31, 8.0.3126.42015), X64 RyuJIT x86-64-v4
// GC=Concurrent Workstation
// HardwareIntrinsics=AVX512 F+BW+CD+DQ+VL,AVX2+BMI1+BMI2+F16C+FMA+LZCNT+MOVBE,AVX,SSE3+SSSE3+SSE4.1+SSE4.2+POPCNT,X86Base+SSE+SSE2,AES+PCLMUL VectorSize=256
// Job: campaign(EvaluateOverhead=False, Clock=Armonik.Ffi.Bdn.CpuClock, IterationCount=6, IterationTime=40ms, LaunchCount=1, RunStrategy=Throughput, WarmupCount=4)

OverheadJitting  1: 1 op, 306692.00 ns, 306.6920 us/op
WorkloadJitting  1: 1 op, 7731217.00 ns, 7.7312 ms/op

WorkloadPilot    1: 4 op, 13847794.00 ns, 3.4619 ms/op
WorkloadPilot    2: 12 op, 42963832.00 ns, 3.5803 ms/op

WorkloadWarmup   1: 12 op, 39085307.00 ns, 3.2571 ms/op
WorkloadWarmup   2: 12 op, 40365568.00 ns, 3.3638 ms/op
WorkloadWarmup   3: 12 op, 41653197.00 ns, 3.4711 ms/op
WorkloadWarmup   4: 12 op, 39314233.00 ns, 3.2762 ms/op

// BeforeActualRun
WorkloadActual   1: 12 op, 40210847.00 ns, 3.3509 ms/op
WorkloadActual   2: 12 op, 40060702.00 ns, 3.3384 ms/op
WorkloadActual   3: 12 op, 38365437.00 ns, 3.1971 ms/op
WorkloadActual   4: 12 op, 41963548.00 ns, 3.4970 ms/op
WorkloadActual   5: 12 op, 38941241.00 ns, 3.2451 ms/op
WorkloadActual   6: 12 op, 41234073.00 ns, 3.4362 ms/op

// AfterActualRun
WorkloadResult   1: 12 op, 40210847.00 ns, 3.3509 ms/op
WorkloadResult   2: 12 op, 40060702.00 ns, 3.3384 ms/op
WorkloadResult   3: 12 op, 38365437.00 ns, 3.1971 ms/op
WorkloadResult   4: 12 op, 41963548.00 ns, 3.4970 ms/op
WorkloadResult   5: 12 op, 38941241.00 ns, 3.2451 ms/op
WorkloadResult   6: 12 op, 41234073.00 ns, 3.4362 ms/op

// AfterAll
// Benchmark Process 26831 has exited with code 0.

Mean = 3.344 ms, StdErr = 0.046 ms (1.37%), N = 6, StdDev = 0.113 ms
Min = 3.197 ms, Q1 = 3.268 ms, Median = 3.345 ms, Q3 = 3.415 ms, Max = 3.497 ms
IQR = 0.146 ms, LowerFence = 3.049 ms, UpperFence = 3.635 ms
ConfidenceInterval = [3.029 ms; 3.660 ms] (CI 99.9%), Margin = 0.316 ms (9.44% of Mean)
Skewness = 0.02, Kurtosis = 1.23, MValue = 2

// ** Remained 2 (14.3 %) benchmark(s) to run. Estimated finish 2026-10-04 8:38 (0h 0m from now) **
// **************************
// Benchmark: CodecSuite.Run: campaign(EvaluateOverhead=False, Clock=Armonik.Ffi.Bdn.CpuClock, IterationCount=6, IterationTime=40ms, LaunchCount=1, RunStrategy=Throughput, WarmupCount=4) [Case=core-(...)etain [47]]
// *** Execute ***
// Launch: 1 / 1
// Execute: dotnet BenchDotNet-campaign-1.dll --anonymousPipes 140 141 --benchmarkName "Armonik.Ffi.Bdn.CodecSuite.Run(Case: \"core-ffi|encode-transport-hot|P1.1|ascii|retain\")" --job campaign --benchmarkId 12 in /home/user/ArmoniK.Api/ffi/poc/csharp/src/BenchDotNet/bin/Release/net8.0/BenchDotNet-campaign-1/bin/Release/net8.0
// BeforeAnythingElse

// Benchmark Process Environment Information:
// BenchmarkDotNet v0.15.8
// Runtime=.NET 8.0.31 (8.0.31, 8.0.3126.42015), X64 RyuJIT x86-64-v4
// GC=Concurrent Workstation
// HardwareIntrinsics=AVX512 F+BW+CD+DQ+VL,AVX2+BMI1+BMI2+F16C+FMA+LZCNT+MOVBE,AVX,SSE3+SSSE3+SSE4.1+SSE4.2+POPCNT,X86Base+SSE+SSE2,AES+PCLMUL VectorSize=256
// Job: campaign(EvaluateOverhead=False, Clock=Armonik.Ffi.Bdn.CpuClock, IterationCount=6, IterationTime=40ms, LaunchCount=1, RunStrategy=Throughput, WarmupCount=4)

OverheadJitting  1: 1 op, 267158.00 ns, 267.1580 us/op
WorkloadJitting  1: 1 op, 5776213.00 ns, 5.7762 ms/op

WorkloadPilot    1: 4 op, 79776.00 ns, 19.9440 us/op
WorkloadPilot    2: 2006 op, 3212666.00 ns, 1.6015 us/op
WorkloadPilot    3: 24976 op, 37920428.00 ns, 1.5183 us/op
WorkloadPilot    4: 26346 op, 41178204.00 ns, 1.5630 us/op
WorkloadPilot    5: 25592 op, 39025435.00 ns, 1.5249 us/op
WorkloadPilot    6: 26231 op, 37901017.00 ns, 1.4449 us/op
WorkloadPilot    7: 27684 op, 43238181.00 ns, 1.5618 us/op
WorkloadPilot    8: 25611 op, 36859320.00 ns, 1.4392 us/op
WorkloadPilot    9: 27793 op, 40200908.00 ns, 1.4464 us/op

WorkloadWarmup   1: 27793 op, 40156732.00 ns, 1.4449 us/op
WorkloadWarmup   2: 27793 op, 40349405.00 ns, 1.4518 us/op
WorkloadWarmup   3: 27793 op, 40452286.00 ns, 1.4555 us/op
WorkloadWarmup   4: 27793 op, 39996673.00 ns, 1.4391 us/op

// BeforeActualRun
WorkloadActual   1: 27793 op, 39846672.00 ns, 1.4337 us/op
WorkloadActual   2: 27793 op, 40103922.00 ns, 1.4430 us/op
WorkloadActual   3: 27793 op, 40035521.00 ns, 1.4405 us/op
WorkloadActual   4: 27793 op, 40737426.00 ns, 1.4657 us/op
WorkloadActual   5: 27793 op, 39881752.00 ns, 1.4350 us/op
WorkloadActual   6: 27793 op, 40271544.00 ns, 1.4490 us/op

// AfterActualRun
WorkloadResult   1: 27793 op, 39846672.00 ns, 1.4337 us/op
WorkloadResult   2: 27793 op, 40103922.00 ns, 1.4430 us/op
WorkloadResult   3: 27793 op, 40035521.00 ns, 1.4405 us/op
WorkloadResult   4: 27793 op, 39881752.00 ns, 1.4350 us/op
WorkloadResult   5: 27793 op, 40271544.00 ns, 1.4490 us/op

// AfterAll
// Benchmark Process 26840 has exited with code 0.

Mean = 1.440 us, StdErr = 0.003 us (0.19%), N = 5, StdDev = 0.006 us
Min = 1.434 us, Q1 = 1.435 us, Median = 1.440 us, Q3 = 1.443 us, Max = 1.449 us
IQR = 0.008 us, LowerFence = 1.423 us, UpperFence = 1.455 us
ConfidenceInterval = [1.416 us; 1.464 us] (CI 99.9%), Margin = 0.024 us (1.66% of Mean)
Skewness = 0.23, Kurtosis = 1.14, MValue = 2

// ** Remained 1 (7.1 %) benchmark(s) to run. Estimated finish 2026-10-04 8:38 (0h 0m from now) **
// **************************
// Benchmark: CodecSuite.Run: campaign(EvaluateOverhead=False, Clock=Armonik.Ffi.Bdn.CpuClock, IterationCount=6, IterationTime=40ms, LaunchCount=1, RunStrategy=Throughput, WarmupCount=4) [Case=incum(...)fault [45]]
// *** Execute ***
// Launch: 1 / 1
// Execute: dotnet BenchDotNet-campaign-1.dll --anonymousPipes 140 141 --benchmarkName "Armonik.Ffi.Bdn.CodecSuite.Run(Case: \"incumbent-prod|decode-read|P6.1|ascii|default\")" --job campaign --benchmarkId 13 in /home/user/ArmoniK.Api/ffi/poc/csharp/src/BenchDotNet/bin/Release/net8.0/BenchDotNet-campaign-1/bin/Release/net8.0
// BeforeAnythingElse

// Benchmark Process Environment Information:
// BenchmarkDotNet v0.15.8
// Runtime=.NET 8.0.31 (8.0.31, 8.0.3126.42015), X64 RyuJIT x86-64-v4
// GC=Concurrent Workstation
// HardwareIntrinsics=AVX512 F+BW+CD+DQ+VL,AVX2+BMI1+BMI2+F16C+FMA+LZCNT+MOVBE,AVX,SSE3+SSSE3+SSE4.1+SSE4.2+POPCNT,X86Base+SSE+SSE2,AES+PCLMUL VectorSize=256
// Job: campaign(EvaluateOverhead=False, Clock=Armonik.Ffi.Bdn.CpuClock, IterationCount=6, IterationTime=40ms, LaunchCount=1, RunStrategy=Throughput, WarmupCount=4)

OverheadJitting  1: 1 op, 263607.00 ns, 263.6070 us/op
WorkloadJitting  1: 1 op, 10851532.00 ns, 10.8515 ms/op

WorkloadPilot    1: 4 op, 10861039.00 ns, 2.7153 ms/op
WorkloadPilot    2: 15 op, 42636913.00 ns, 2.8425 ms/op

WorkloadWarmup   1: 15 op, 38418796.00 ns, 2.5613 ms/op
WorkloadWarmup   2: 15 op, 34430932.00 ns, 2.2954 ms/op
WorkloadWarmup   3: 15 op, 36818654.00 ns, 2.4546 ms/op
WorkloadWarmup   4: 15 op, 34291439.00 ns, 2.2861 ms/op

// BeforeActualRun
WorkloadActual   1: 15 op, 38935850.00 ns, 2.5957 ms/op
WorkloadActual   2: 15 op, 33772151.00 ns, 2.2515 ms/op
WorkloadActual   3: 15 op, 36293782.00 ns, 2.4196 ms/op
WorkloadActual   4: 15 op, 33935948.00 ns, 2.2624 ms/op
WorkloadActual   5: 15 op, 37710478.00 ns, 2.5140 ms/op
WorkloadActual   6: 15 op, 34394358.00 ns, 2.2930 ms/op

// AfterActualRun
WorkloadResult   1: 15 op, 38935850.00 ns, 2.5957 ms/op
WorkloadResult   2: 15 op, 33772151.00 ns, 2.2515 ms/op
WorkloadResult   3: 15 op, 36293782.00 ns, 2.4196 ms/op
WorkloadResult   4: 15 op, 33935948.00 ns, 2.2624 ms/op
WorkloadResult   5: 15 op, 37710478.00 ns, 2.5140 ms/op
WorkloadResult   6: 15 op, 34394358.00 ns, 2.2930 ms/op

// AfterAll
// Benchmark Process 26849 has exited with code 0.

Mean = 2.389 ms, StdErr = 0.059 ms (2.46%), N = 6, StdDev = 0.144 ms
Min = 2.251 ms, Q1 = 2.270 ms, Median = 2.356 ms, Q3 = 2.490 ms, Max = 2.596 ms
IQR = 0.220 ms, LowerFence = 1.939 ms, UpperFence = 2.821 ms
ConfidenceInterval = [1.986 ms; 2.793 ms] (CI 99.9%), Margin = 0.403 ms (16.88% of Mean)
Skewness = 0.29, Kurtosis = 1.08, MValue = 2

// ** Remained 0 (0.0 %) benchmark(s) to run. Estimated finish 2026-10-04 8:38 (0h 0m from now) **
Run time: 00:00:13 (13.54 sec), executed benchmarks: 14

// ***** BenchmarkRunner: Finish  *****

// * Export *
  home/user/ArmoniK.Api/ffi/logs/csharp/opt/tier-check/1cpu.jsonl

// * Detailed results *
CodecSuite.Run: campaign(EvaluateOverhead=False, Clock=Armonik.Ffi.Bdn.CpuClock, IterationCount=6, IterationTime=40ms, LaunchCount=1, RunStrategy=Throughput, WarmupCount=4) [Case=host-(...)etain [47]]
Runtime = .NET 8.0.31 (8.0.31, 8.0.3126.42015), X64 RyuJIT x86-64-v4; GC = Concurrent Workstation
Mean = 3.442 us, StdErr = 0.013 us (0.38%), N = 5, StdDev = 0.029 us
Min = 3.402 us, Q1 = 3.422 us, Median = 3.453 us, Q3 = 3.467 us, Max = 3.468 us
IQR = 0.045 us, LowerFence = 3.355 us, UpperFence = 3.534 us
ConfidenceInterval = [3.330 us; 3.555 us] (CI 99.9%), Margin = 0.112 us (3.26% of Mean)
Skewness = -0.33, Kurtosis = 1, MValue = 2
-------------------- Histogram --------------------
[3.380 us ; 3.490 us) | @@@@@
---------------------------------------------------

CodecSuite.Run: campaign(EvaluateOverhead=False, Clock=Armonik.Ffi.Bdn.CpuClock, IterationCount=6, IterationTime=40ms, LaunchCount=1, RunStrategy=Throughput, WarmupCount=4) [Case=incum(...)fault [54]]
Runtime = .NET 8.0.31 (8.0.31, 8.0.3126.42015), X64 RyuJIT x86-64-v4; GC = Concurrent Workstation
Mean = 5.154 us, StdErr = 0.010 us (0.19%), N = 6, StdDev = 0.024 us
Min = 5.124 us, Q1 = 5.136 us, Median = 5.152 us, Q3 = 5.174 us, Max = 5.182 us
IQR = 0.038 us, LowerFence = 5.078 us, UpperFence = 5.231 us
ConfidenceInterval = [5.086 us; 5.221 us] (CI 99.9%), Margin = 0.068 us (1.31% of Mean)
Skewness = 0.03, Kurtosis = 1.06, MValue = 2
-------------------- Histogram --------------------
[5.106 us ; 5.199 us) | @@@@@@
---------------------------------------------------

CodecSuite.Run: campaign(EvaluateOverhead=False, Clock=Armonik.Ffi.Bdn.CpuClock, IterationCount=6, IterationTime=40ms, LaunchCount=1, RunStrategy=Throughput, WarmupCount=4) [Case=incum(...)fault [54]]
Runtime = .NET 8.0.31 (8.0.31, 8.0.3126.42015), X64 RyuJIT x86-64-v4; GC = Concurrent Workstation
Mean = 5.170 us, StdErr = 0.010 us (0.19%), N = 6, StdDev = 0.024 us
Min = 5.143 us, Q1 = 5.151 us, Median = 5.166 us, Q3 = 5.191 us, Max = 5.199 us
IQR = 0.040 us, LowerFence = 5.091 us, UpperFence = 5.251 us
ConfidenceInterval = [5.102 us; 5.237 us] (CI 99.9%), Margin = 0.067 us (1.31% of Mean)
Skewness = 0.16, Kurtosis = 1.02, MValue = 2
-------------------- Histogram --------------------
[5.125 us ; 5.216 us) | @@@@@@
---------------------------------------------------

CodecSuite.Run: campaign(EvaluateOverhead=False, Clock=Armonik.Ffi.Bdn.CpuClock, IterationCount=6, IterationTime=40ms, LaunchCount=1, RunStrategy=Throughput, WarmupCount=4) [Case=host-(...)etain [47]]
Runtime = .NET 8.0.31 (8.0.31, 8.0.3126.42015), X64 RyuJIT x86-64-v4; GC = Concurrent Workstation
Mean = 3.690 us, StdErr = 0.026 us (0.70%), N = 5, StdDev = 0.058 us
Min = 3.641 us, Q1 = 3.663 us, Median = 3.671 us, Q3 = 3.685 us, Max = 3.790 us
IQR = 0.022 us, LowerFence = 3.630 us, UpperFence = 3.718 us
ConfidenceInterval = [3.467 us; 3.913 us] (CI 99.9%), Margin = 0.223 us (6.05% of Mean)
Skewness = 0.87, Kurtosis = 1.86, MValue = 2
-------------------- Histogram --------------------
[3.619 us ; 3.745 us) | @@@@
[3.745 us ; 3.834 us) | @
---------------------------------------------------

CodecSuite.Run: campaign(EvaluateOverhead=False, Clock=Armonik.Ffi.Bdn.CpuClock, IterationCount=6, IterationTime=40ms, LaunchCount=1, RunStrategy=Throughput, WarmupCount=4) [Case=core-(...)etain [38]]
Runtime = .NET 8.0.31 (8.0.31, 8.0.3126.42015), X64 RyuJIT x86-64-v4; GC = Concurrent Workstation
Mean = 708.778 us, StdErr = 2.464 us (0.35%), N = 5, StdDev = 5.509 us
Min = 702.675 us, Q1 = 706.205 us, Median = 708.158 us, Q3 = 709.304 us, Max = 717.546 us
IQR = 3.100 us, LowerFence = 701.555 us, UpperFence = 713.954 us
ConfidenceInterval = [687.563 us; 729.993 us] (CI 99.9%), Margin = 21.215 us (2.99% of Mean)
Skewness = 0.51, Kurtosis = 1.59, MValue = 2
-------------------- Histogram --------------------
[698.446 us ; 721.775 us) | @@@@@
---------------------------------------------------

CodecSuite.Run: campaign(EvaluateOverhead=False, Clock=Armonik.Ffi.Bdn.CpuClock, IterationCount=6, IterationTime=40ms, LaunchCount=1, RunStrategy=Throughput, WarmupCount=4) [Case=incum(...)fault [45]]
Runtime = .NET 8.0.31 (8.0.31, 8.0.3126.42015), X64 RyuJIT x86-64-v4; GC = Concurrent Workstation
Mean = 6.299 us, StdErr = 0.046 us (0.73%), N = 6, StdDev = 0.112 us
Min = 6.164 us, Q1 = 6.201 us, Median = 6.328 us, Q3 = 6.364 us, Max = 6.438 us
IQR = 0.162 us, LowerFence = 5.957 us, UpperFence = 6.607 us
ConfidenceInterval = [5.985 us; 6.613 us] (CI 99.9%), Margin = 0.314 us (4.98% of Mean)
Skewness = -0.19, Kurtosis = 1.11, MValue = 2
-------------------- Histogram --------------------
[6.083 us ; 6.246 us) | @@
[6.246 us ; 6.453 us) | @@@@
---------------------------------------------------

CodecSuite.Run: campaign(EvaluateOverhead=False, Clock=Armonik.Ffi.Bdn.CpuClock, IterationCount=6, IterationTime=40ms, LaunchCount=1, RunStrategy=Throughput, WarmupCount=4) [Case=incum(...)fault [54]]
Runtime = .NET 8.0.31 (8.0.31, 8.0.3126.42015), X64 RyuJIT x86-64-v4; GC = Concurrent Workstation
Mean = 3.344 ms, StdErr = 0.046 ms (1.37%), N = 6, StdDev = 0.113 ms
Min = 3.197 ms, Q1 = 3.268 ms, Median = 3.345 ms, Q3 = 3.415 ms, Max = 3.497 ms
IQR = 0.146 ms, LowerFence = 3.049 ms, UpperFence = 3.635 ms
ConfidenceInterval = [3.029 ms; 3.660 ms] (CI 99.9%), Margin = 0.316 ms (9.44% of Mean)
Skewness = 0.02, Kurtosis = 1.23, MValue = 2
-------------------- Histogram --------------------
[3.193 ms ; 3.385 ms) | @@@@
[3.385 ms ; 3.578 ms) | @@
---------------------------------------------------

CodecSuite.Run: campaign(EvaluateOverhead=False, Clock=Armonik.Ffi.Bdn.CpuClock, IterationCount=6, IterationTime=40ms, LaunchCount=1, RunStrategy=Throughput, WarmupCount=4) [Case=core-(...)etain [47]]
Runtime = .NET 8.0.31 (8.0.31, 8.0.3126.42015), X64 RyuJIT x86-64-v4; GC = Concurrent Workstation
Mean = 1.440 us, StdErr = 0.003 us (0.19%), N = 5, StdDev = 0.006 us
Min = 1.434 us, Q1 = 1.435 us, Median = 1.440 us, Q3 = 1.443 us, Max = 1.449 us
IQR = 0.008 us, LowerFence = 1.423 us, UpperFence = 1.455 us
ConfidenceInterval = [1.416 us; 1.464 us] (CI 99.9%), Margin = 0.024 us (1.66% of Mean)
Skewness = 0.23, Kurtosis = 1.14, MValue = 2
-------------------- Histogram --------------------
[1.429 us ; 1.454 us) | @@@@@
---------------------------------------------------

CodecSuite.Run: campaign(EvaluateOverhead=False, Clock=Armonik.Ffi.Bdn.CpuClock, IterationCount=6, IterationTime=40ms, LaunchCount=1, RunStrategy=Throughput, WarmupCount=4) [Case=host-(...)etain [38]]
Runtime = .NET 8.0.31 (8.0.31, 8.0.3126.42015), X64 RyuJIT x86-64-v4; GC = Concurrent Workstation
Mean = 1.476 ms, StdErr = 0.003 ms (0.20%), N = 5, StdDev = 0.006 ms
Min = 1.465 ms, Q1 = 1.476 ms, Median = 1.479 ms, Q3 = 1.479 ms, Max = 1.480 ms
IQR = 0.004 ms, LowerFence = 1.471 ms, UpperFence = 1.485 ms
ConfidenceInterval = [1.451 ms; 1.501 ms] (CI 99.9%), Margin = 0.025 ms (1.69% of Mean)
Skewness = -0.94, Kurtosis = 1.9, MValue = 2
-------------------- Histogram --------------------
[1.460 ms ; 1.485 ms) | @@@@@
---------------------------------------------------

CodecSuite.Run: campaign(EvaluateOverhead=False, Clock=Armonik.Ffi.Bdn.CpuClock, IterationCount=6, IterationTime=40ms, LaunchCount=1, RunStrategy=Throughput, WarmupCount=4) [Case=incum(...)fault [45]]
Runtime = .NET 8.0.31 (8.0.31, 8.0.3126.42015), X64 RyuJIT x86-64-v4; GC = Concurrent Workstation
Mean = 2.389 ms, StdErr = 0.059 ms (2.46%), N = 6, StdDev = 0.144 ms
Min = 2.251 ms, Q1 = 2.270 ms, Median = 2.356 ms, Q3 = 2.490 ms, Max = 2.596 ms
IQR = 0.220 ms, LowerFence = 1.939 ms, UpperFence = 2.821 ms
ConfidenceInterval = [1.986 ms; 2.793 ms] (CI 99.9%), Margin = 0.403 ms (16.88% of Mean)
Skewness = 0.29, Kurtosis = 1.08, MValue = 2
-------------------- Histogram --------------------
[2.232 ms ; 2.439 ms) | @@@@
[2.439 ms ; 2.659 ms) | @@
---------------------------------------------------

CodecSuite.Run: campaign(EvaluateOverhead=False, Clock=Armonik.Ffi.Bdn.CpuClock, IterationCount=6, IterationTime=40ms, LaunchCount=1, RunStrategy=Throughput, WarmupCount=4) [Case=host-(...)etain [47]]
Runtime = .NET 8.0.31 (8.0.31, 8.0.3126.42015), X64 RyuJIT x86-64-v4; GC = Concurrent Workstation
Mean = 884.386 us, StdErr = 2.047 us (0.23%), N = 5, StdDev = 4.578 us
Min = 877.240 us, Q1 = 882.766 us, Median = 885.707 us, Q3 = 887.535 us, Max = 888.685 us
IQR = 4.768 us, LowerFence = 875.614 us, UpperFence = 894.687 us
ConfidenceInterval = [866.758 us; 902.015 us] (CI 99.9%), Margin = 17.628 us (1.99% of Mean)
Skewness = -0.53, Kurtosis = 1.39, MValue = 2
-------------------- Histogram --------------------
[876.868 us ; 892.199 us) | @@@@@
---------------------------------------------------

CodecSuite.Run: campaign(EvaluateOverhead=False, Clock=Armonik.Ffi.Bdn.CpuClock, IterationCount=6, IterationTime=40ms, LaunchCount=1, RunStrategy=Throughput, WarmupCount=4) [Case=core-(...)etain [47]]
Runtime = .NET 8.0.31 (8.0.31, 8.0.3126.42015), X64 RyuJIT x86-64-v4; GC = Concurrent Workstation
Mean = 150.596 us, StdErr = 0.383 us (0.25%), N = 5, StdDev = 0.856 us
Min = 149.395 us, Q1 = 150.271 us, Median = 150.511 us, Q3 = 151.205 us, Max = 151.597 us
IQR = 0.934 us, LowerFence = 148.871 us, UpperFence = 152.606 us
ConfidenceInterval = [147.302 us; 153.891 us] (CI 99.9%), Margin = 3.294 us (2.19% of Mean)
Skewness = -0.17, Kurtosis = 1.21, MValue = 2
-------------------- Histogram --------------------
[149.231 us ; 152.254 us) | @@@@@
---------------------------------------------------

CodecSuite.Run: campaign(EvaluateOverhead=False, Clock=Armonik.Ffi.Bdn.CpuClock, IterationCount=6, IterationTime=40ms, LaunchCount=1, RunStrategy=Throughput, WarmupCount=4) [Case=host-(...)etain [38]]
Runtime = .NET 8.0.31 (8.0.31, 8.0.3126.42015), X64 RyuJIT x86-64-v4; GC = Concurrent Workstation
Mean = 4.193 us, StdErr = 0.015 us (0.35%), N = 6, StdDev = 0.036 us
Min = 4.149 us, Q1 = 4.163 us, Median = 4.194 us, Q3 = 4.223 us, Max = 4.235 us
IQR = 0.060 us, LowerFence = 4.074 us, UpperFence = 4.312 us
ConfidenceInterval = [4.091 us; 4.295 us] (CI 99.9%), Margin = 0.102 us (2.44% of Mean)
Skewness = -0.02, Kurtosis = 0.88, MValue = 2
-------------------- Histogram --------------------
[4.123 us ; 4.261 us) | @@@@@@
---------------------------------------------------

CodecSuite.Run: campaign(EvaluateOverhead=False, Clock=Armonik.Ffi.Bdn.CpuClock, IterationCount=6, IterationTime=40ms, LaunchCount=1, RunStrategy=Throughput, WarmupCount=4) [Case=core-(...)etain [38]]
Runtime = .NET 8.0.31 (8.0.31, 8.0.3126.42015), X64 RyuJIT x86-64-v4; GC = Concurrent Workstation
Mean = 3.048 us, StdErr = 0.055 us (1.80%), N = 6, StdDev = 0.134 us
Min = 2.864 us, Q1 = 2.947 us, Median = 3.121 us, Q3 = 3.131 us, Max = 3.163 us
IQR = 0.184 us, LowerFence = 2.670 us, UpperFence = 3.407 us
ConfidenceInterval = [2.672 us; 3.425 us] (CI 99.9%), Margin = 0.377 us (12.36% of Mean)
Skewness = -0.51, Kurtosis = 1.07, MValue = 3
-------------------- Histogram --------------------
[2.766 us ; 2.973 us) | @@
[2.973 us ; 3.044 us) | 
[3.044 us ; 3.260 us) | @@@@
---------------------------------------------------

// * Summary *

BenchmarkDotNet v0.15.8, Linux Ubuntu 24.04.4 LTS (Noble Numbat)
Intel Xeon Processor 2.80GHz, 1 CPU, 4 logical and 4 physical cores
.NET SDK 8.0.131
  [Host]   : .NET 8.0.31 (8.0.31, 8.0.3126.42015), X64 RyuJIT x86-64-v4
  campaign : .NET 8.0.31 (8.0.31, 8.0.3126.42015), X64 RyuJIT x86-64-v4

Job=campaign  EvaluateOverhead=False  Clock=Armonik.Ffi.Bdn.CpuClock  
IterationCount=6  IterationTime=40ms  LaunchCount=1  
RunStrategy=Throughput  WarmupCount=4  

| Method | Case                 | Mean         | Error       | StdDev      |
|------- |--------------------- |-------------:|------------:|------------:|
| Run    | host-(...)etain [47] |     3.442 us |   0.1122 us |   0.0291 us |
| Run    | incum(...)fault [54] |     5.154 us |   0.0675 us |   0.0241 us |
| Run    | incum(...)fault [54] |     5.170 us |   0.0675 us |   0.0241 us |
| Run    | host-(...)etain [47] |     3.690 us |   0.2232 us |   0.0580 us |
| Run    | core-(...)etain [38] |   708.778 us |  21.2149 us |   5.5094 us |
| Run    | incum(...)fault [45] |     6.299 us |   0.3139 us |   0.1119 us |
| Run    | incum(...)fault [54] | 3,344.109 us | 315.5842 us | 112.5404 us |
| Run    | core-(...)etain [47] |     1.440 us |   0.0239 us |   0.0062 us |
| Run    | host-(...)etain [38] | 1,475.772 us |  24.8710 us |   6.4589 us |
| Run    | incum(...)fault [45] | 2,389.362 us | 403.3889 us | 143.8524 us |
| Run    | host-(...)etain [47] |   884.386 us |  17.6283 us |   4.5780 us |
| Run    | core-(...)etain [47] |   150.596 us |   3.2944 us |   0.8555 us |
| Run    | host-(...)etain [38] |     4.193 us |   0.1021 us |   0.0364 us |
| Run    | core-(...)etain [38] |     3.048 us |   0.3768 us |   0.1344 us |

// * Legends *
  Case   : Value of the 'Case' parameter
  Mean   : Arithmetic mean of all measurements
  Error  : Half of 99.9% confidence interval
  StdDev : Standard deviation of all measurements
  1 us   : 1 Microsecond (0.000001 sec)

// * Diagnostic Output - AkProcessCpu *


// ***** BenchmarkRunner: End *****
Global total time: 00:00:44 (44.83 sec), executed benchmarks: 14
// * Artifacts cleanup *
Artifacts cleanup is finished
