# engine:         BenchmarkDotNet 0.15.8.0 (CAMPAIGN.md 22a), toolchain BDN's default, ONE CHILD PROCESS PER CASE (the campaign's native isolation, req 22a as amended e6c909630); process CPU per iteration from the child's clock reads, each pair checked against BDN's wall measurement; the JIT tier is NOT read back (the children's JIT events are not visible here), so the jit check below is vacuous in this mode, pinned by the runner
# grid:           core (CAMPAIGN section 4.0, D18; AK_CAMPAIGN_GRID=core): arms incumbent-prod (full build only), core-ffi (FSM decode, D24) and host-gen (retain in the full build, no-unknown in its build); encode-transport-hot (end state ii, one hot graph) and decode-read; the 16 shapes, P7.1 decode only; Latin-1 and wide on P2.2 only; U-* rows U-nested-before, U-deep-u-repeated, U-oneof-u-repeated, U-wire-ListTaskSummaryResponse-tasks-as-wt5, U-wire-UploadResultDataMessage-upload-as-wt5, U-wire-ListMetricsResponse-batches-as-wt0, U-wire-DualResponse-left-as-wt5 (encode-transport-hot and decode-read). Extras left out (AK_CAMPAIGN_GRID=full runs them): incumbent-best, core-ffi-push (push decode), core-ffi-pull, bare decode, encode at end state (i) and with a pool input, decode-reencode, the drop mode, the incumbent in the no-unknown build, content sets on P1.2 and P2.4, the other U-* rows timed (all stay in the correctness checks)
# allocator:      default (readback at process start: a 16 MiB malloc came from the mmapped (mallinfo2; the block kept, never freed); no heap pre-grow (owner, 2026-10-03): BDN's warm-up runs the real call path, and minflt per row shows whether it sufficed; under the default toolchain each child probes once, on its case's first row as alloc_probe; GLIBC_TUNABLES=unset; CAMPAIGN req 25 as amended 2026-10-03, D9: the main figures run glibc's default allocator as production does; the pinned pass (glibc.malloc.trim_threshold=268435456:glibc.malloc.mmap_threshold=33554432) is a labelled diagnostic; every row carries `alloc` and `minflt`, the process's minor page faults over the iteration (getrusage, read by the job's clock beside the CPU clock), so faults per call = minflt / iters)
# runtime:        .NET 8.0.31; TieredCompilation=default TieredPGO=default (net8.0 defaults unless set); GC server=False, concurrent (default)
# incumbent:      Google.Protobuf 3.32.0
# build:          full (WP5 step 10; the loaded core checked to be the same variant by its u-family exports)
# managed codec:  plan utf8=reject unknown=drop
# job:            launch 2; 6 actual iterations (rounds) per case, 25 warm-up iterations (the same for every case) after BDN's jitting stage (1 overhead + 1 workload jitting invocation per case, logged by BDN in the .bdn.log, not exported) and pilot, iteration time 40 ms (the pilot picks the invocation count per case), strategy Throughput, EvaluateOverhead=false (no overhead subtraction anywhere)
# clocks:         per iteration (every row with round >= 1): wall (Stopwatch) AND process CPU (CLOCK_PROCESS_CPUTIME_ID of this process: every thread, GC and JIT included; CAMPAIGN req 21 as amended, R-H25), both read by the job's clock (CpuClock, Job.WithClock) at the start and end of the same iteration window, exported RAW (no outlier removal, no overhead subtraction); BDN's forced GCs between iterations are outside the window; the round-0 row of each case is a summary of the whole actual stage (span_cpu_ns, span_wall_ns), not a sample
# threads:        thread pool min 2 worker / 1 IO, max 32767 worker / 1000 IO, 0 pool thread(s) now; 2 logical CPUs visible; the codec suite creates no core runtime (no RPC call is made); the timed loop runs on BDN's one thread
# encode:         CAMPAIGN req 11 (R-H29): dir encode = pool input + reused buffer; encode-hot = one graph + reused buffer; encode-transport = pool + the Grpc.Net form; encode-transport-hot = one graph + the Grpc.Net form. Reused buffer: incumbent-prod CalculateSize + WriteTo(IBufferWriter) and incumbent-best WriteTo(IBufferWriter) into one BufWriter, host-gen into its one Enc, core-ffi into the core's encode buffer (ak_encode_*/ak_uencode_*; that buffer is also what cell C hands the core's transport, and host-gen's Enc what cell E hands it, so their transport forms on the core's transport ARE the buffer rows). Grpc.Net form (cells A, F, D): the serializer the RPC grid's marshaller runs (RootOps.SerInc/SerHost/SerFfi), into a frame like Grpc.Net.Client 2.71's GrpcCallSerializationContext: one ArrayPool array, the 5-byte gRPC header, the body, the array returned after (GrpcFrame.cs); incumbent-best has no gRPC path and no transport row. Pool: distinct graphs built in the case's setup whose RETAINED heap is >= 28835840 bytes (2 x AK_LLC_BYTES, default 13.75 MB; AK_POOL_BYTES overrides; per row pool_graphs and pool_bytes), round robin one graph per call; a hot input is a pool of one (the same Next() per call); graph construction is never in the timed window
# U-* rows:       CAMPAIGN req 7 (R-H27): the 92 accepted, non-disputed U-* rows at the shapes core's 7 ABI roots, through this timed shapes core: encode-hot (a graph the arm decoded from the row, untimed; retain arms re-emit the unknown fields, drop arms the dropped form), decode, decode-read, and decode-reencode (a labelled extra; no incumbent-best row)
# content sets:   CAMPAIGN req 7 (R-H26): ascii, latin1 and wide on P1.2, P2.2, P2.4; ascii only elsewhere
# order:          seeded shuffles (below); ratios, where the aggregation forms them, come from per-launch medians (CAMPAIGN req 30): every unit is its own process
# process unit:   all cases; this launch's unit order: core-ffi:drop, core-ffi:retain (a seeded shuffle, seed 15838; within this process the cases run in a seeded shuffle too, seed 209458, the 2 prime cases first; requirement 22 as amended, R-H23)
# warm-up:        BenchmarkDotNet's own, per case: its jitting stage, pilot and the warm-up iterations of the job line (req 24; WP9 addendum: no hand-written pre-warm and no settle wait; the 2 prime cases below are BDN cases); the JIT tier is read back per case and a case that measured hot code at tier 0 fails the unit outside --smoke (the jit check below)
# correctness:    4525 pre-timing checks passed (byte identity of every encode arm per payload and content set; every arm accepts every unknown row; on every unknown row core-ffi retain and host-gen retain re-encode to the incumbent's bytes, i.e. the unknown fields are kept: requirement 10)
# cases:          6 exported, after 2 prime case(s) run first and not exported (copies of the first cases, content "prime"): BDN cases like any other, kept because without them the first case of a process measures BDN's own first-touched runtime helpers (SpanHelpers.Fill) at tier 0 (JOURNAL 51, 62)
# strings:        D21 string encode path AK_STR_ENC=E0 (E0 .NET UTF-8 into native staging + ak_tc_bytes; E1 the string pinned + ak_tc_utf16; E2 the C# transcoder callback into the core's buffer; ETH:<n> E1 from n UTF-16 units, E0 below); Cases.Verify checks every path's bytes
# memory:         AK_BDN_MEMORY=1: BenchmarkDotNet's MemoryDiagnoser (an exploration switch, not a campaign setting): one extra workload iteration per case AFTER the actual stage, at the actual stage's invocation count, outside the job's clock (no exported sample is affected); on each case's first sample row mem_alloc_bytes_per_op (GC.GetTotalAllocatedBytes(precise), every thread, divided by its operations), mem_gen = [gen0, gen1, gen2] collections during it, mem_ops its operations, mem_alloc_bytes its total
# cpus:           this process: 2 CPU(s) in its affinity mask (sched_getaffinity), Environment.ProcessorCount 2; single-CPU guard (JOURNAL 73): a timed process (host or BDN child) with ONE CPU is refused unless AK_ALLOW_SINGLE_CPU=1 (here: unset); each case's first row carries cpus_affinity, cpus_runtime and single_cpu_override as its own process saw them
// Validating benchmarks:
// ***** BenchmarkRunner: Start   *****
// ***** Found 8 benchmark(s) in total *****
// ***** Building 1 exe(s) in Parallel: Start   *****
Unable to find .sln or .csproj file. Will use current directory /home/user/ArmoniK.Api/ffi/poc/csharp to search for project file. If you don't use .sln file on purpose it should not be a problem.
// start dotnet  restore --nodeReuse:false /p:UseSharedCompilation=false /p:Deterministic=true /p:Optimize=true /p:ArtifactsPath="/home/user/ArmoniK.Api/ffi/poc/csharp/src/BenchDotNet/bin/Release/net8.0/BenchDotNet-campaign-1/" /p:OutDir="/home/user/ArmoniK.Api/ffi/poc/csharp/src/BenchDotNet/bin/Release/net8.0/BenchDotNet-campaign-1/bin/Release/net8.0/" /p:OutputPath="/home/user/ArmoniK.Api/ffi/poc/csharp/src/BenchDotNet/bin/Release/net8.0/BenchDotNet-campaign-1/bin/Release/net8.0/" /p:PublishDir="/home/user/ArmoniK.Api/ffi/poc/csharp/src/BenchDotNet/bin/Release/net8.0/BenchDotNet-campaign-1/publish/" in /home/user/ArmoniK.Api/ffi/poc/csharp/src/BenchDotNet/bin/Release/net8.0/BenchDotNet-campaign-1
// command took 2.06 sec and exited with 0
// start dotnet  build -c Release --no-restore --nodeReuse:false /p:UseSharedCompilation=false /p:Deterministic=true /p:Optimize=true /p:ArtifactsPath="/home/user/ArmoniK.Api/ffi/poc/csharp/src/BenchDotNet/bin/Release/net8.0/BenchDotNet-campaign-1/" /p:OutDir="/home/user/ArmoniK.Api/ffi/poc/csharp/src/BenchDotNet/bin/Release/net8.0/BenchDotNet-campaign-1/bin/Release/net8.0/" /p:OutputPath="/home/user/ArmoniK.Api/ffi/poc/csharp/src/BenchDotNet/bin/Release/net8.0/BenchDotNet-campaign-1/bin/Release/net8.0/" /p:PublishDir="/home/user/ArmoniK.Api/ffi/poc/csharp/src/BenchDotNet/bin/Release/net8.0/BenchDotNet-campaign-1/publish/" --output "/home/user/ArmoniK.Api/ffi/poc/csharp/src/BenchDotNet/bin/Release/net8.0/BenchDotNet-campaign-1/bin/Release/net8.0/" in /home/user/ArmoniK.Api/ffi/poc/csharp/src/BenchDotNet/bin/Release/net8.0/BenchDotNet-campaign-1
// command took 17.83 sec and exited with 0
// ***** Done, took 00:00:19 (19.99 sec)   *****
// Found 8 benchmarks:
//   CodecSuite.Run: campaign(EvaluateOverhead=False, Clock=Armonik.Ffi.Bdn.CpuClock, IterationCount=6, IterationTime=40ms, LaunchCount=1, RunStrategy=Throughput, WarmupCount=25) [Case=core-(...)etain [38]]
//   CodecSuite.Run: campaign(EvaluateOverhead=False, Clock=Armonik.Ffi.Bdn.CpuClock, IterationCount=6, IterationTime=40ms, LaunchCount=1, RunStrategy=Throughput, WarmupCount=25) [Case=core-(...)|drop [36]]
//   CodecSuite.Run: campaign(EvaluateOverhead=False, Clock=Armonik.Ffi.Bdn.CpuClock, IterationCount=6, IterationTime=40ms, LaunchCount=1, RunStrategy=Throughput, WarmupCount=25) [Case=core-(...)etain [37]]
//   CodecSuite.Run: campaign(EvaluateOverhead=False, Clock=Armonik.Ffi.Bdn.CpuClock, IterationCount=6, IterationTime=40ms, LaunchCount=1, RunStrategy=Throughput, WarmupCount=25) [Case=core-(...)|drop [36]]
//   CodecSuite.Run: campaign(EvaluateOverhead=False, Clock=Armonik.Ffi.Bdn.CpuClock, IterationCount=6, IterationTime=40ms, LaunchCount=1, RunStrategy=Throughput, WarmupCount=25) [Case=core-(...)etain [39]]
//   CodecSuite.Run: campaign(EvaluateOverhead=False, Clock=Armonik.Ffi.Bdn.CpuClock, IterationCount=6, IterationTime=40ms, LaunchCount=1, RunStrategy=Throughput, WarmupCount=25) [Case=core-(...)|drop [37]]
//   CodecSuite.Run: campaign(EvaluateOverhead=False, Clock=Armonik.Ffi.Bdn.CpuClock, IterationCount=6, IterationTime=40ms, LaunchCount=1, RunStrategy=Throughput, WarmupCount=25) [Case=core-(...)etain [38]]
//   CodecSuite.Run: campaign(EvaluateOverhead=False, Clock=Armonik.Ffi.Bdn.CpuClock, IterationCount=6, IterationTime=40ms, LaunchCount=1, RunStrategy=Throughput, WarmupCount=25) [Case=core-(...)|drop [35]]

// **************************
// Benchmark: CodecSuite.Run: campaign(EvaluateOverhead=False, Clock=Armonik.Ffi.Bdn.CpuClock, IterationCount=6, IterationTime=40ms, LaunchCount=1, RunStrategy=Throughput, WarmupCount=25) [Case=core-(...)etain [38]]
// *** Execute ***
// Launch: 1 / 1
// Execute: dotnet BenchDotNet-campaign-1.dll --anonymousPipes 134 135 --benchmarkName "Armonik.Ffi.Bdn.CodecSuite.Run(Case: \"core-ffi|decode-read|P2.2|prime|retain\")" --job campaign --benchmarkId 0 in /home/user/ArmoniK.Api/ffi/poc/csharp/src/BenchDotNet/bin/Release/net8.0/BenchDotNet-campaign-1/bin/Release/net8.0
// BeforeAnythingElse

// Benchmark Process Environment Information:
// BenchmarkDotNet v0.15.8
// Runtime=.NET 8.0.31 (8.0.31, 8.0.3126.42015), X64 RyuJIT x86-64-v4
// GC=Concurrent Workstation
// HardwareIntrinsics=AVX512 IFMA+VBMI,AVX512 F+BW+CD+DQ+VL,AVX2+BMI1+BMI2+F16C+FMA+LZCNT+MOVBE,AVX,SSE3+SSSE3+SSE4.1+SSE4.2+POPCNT,X86Base+SSE+SSE2,AES+PCLMUL,AvxVnni,SERIALIZE VectorSize=256
// Job: campaign(EvaluateOverhead=False, Clock=Armonik.Ffi.Bdn.CpuClock, IterationCount=6, IterationTime=40ms, LaunchCount=1, RunStrategy=Throughput, WarmupCount=25)

OverheadJitting  1: 1 op, 259324.00 ns, 259.3240 us/op
WorkloadJitting  1: 1 op, 9870804.00 ns, 9.8708 ms/op

WorkloadPilot    1: 4 op, 19820138.00 ns, 4.9550 ms/op
WorkloadPilot    2: 8 op, 21450587.00 ns, 2.6813 ms/op
WorkloadPilot    3: 15 op, 48909042.00 ns, 3.2606 ms/op
WorkloadPilot    4: 12 op, 27383892.00 ns, 2.2820 ms/op
WorkloadPilot    5: 18 op, 45737263.00 ns, 2.5410 ms/op
WorkloadPilot    6: 16 op, 69470123.00 ns, 4.3419 ms/op

WorkloadWarmup   1: 16 op, 71623494.00 ns, 4.4765 ms/op
WorkloadWarmup   2: 16 op, 67423589.00 ns, 4.2140 ms/op
WorkloadWarmup   3: 16 op, 53344558.00 ns, 3.3340 ms/op
WorkloadWarmup   4: 16 op, 26748295.00 ns, 1.6718 ms/op
WorkloadWarmup   5: 16 op, 26111903.00 ns, 1.6320 ms/op
WorkloadWarmup   6: 16 op, 25773976.00 ns, 1.6109 ms/op
WorkloadWarmup   7: 16 op, 25946749.00 ns, 1.6217 ms/op
WorkloadWarmup   8: 16 op, 25694979.00 ns, 1.6059 ms/op
WorkloadWarmup   9: 16 op, 25019910.00 ns, 1.5637 ms/op
WorkloadWarmup  10: 16 op, 25074356.00 ns, 1.5671 ms/op
WorkloadWarmup  11: 16 op, 25289985.00 ns, 1.5806 ms/op
WorkloadWarmup  12: 16 op, 25048736.00 ns, 1.5655 ms/op
WorkloadWarmup  13: 16 op, 25359705.00 ns, 1.5850 ms/op
WorkloadWarmup  14: 16 op, 26330188.00 ns, 1.6456 ms/op
WorkloadWarmup  15: 16 op, 26084580.00 ns, 1.6303 ms/op
WorkloadWarmup  16: 16 op, 25747023.00 ns, 1.6092 ms/op
WorkloadWarmup  17: 16 op, 26863781.00 ns, 1.6790 ms/op
WorkloadWarmup  18: 16 op, 25306084.00 ns, 1.5816 ms/op
WorkloadWarmup  19: 16 op, 26369059.00 ns, 1.6481 ms/op
WorkloadWarmup  20: 16 op, 25642623.00 ns, 1.6027 ms/op
WorkloadWarmup  21: 16 op, 25065971.00 ns, 1.5666 ms/op
WorkloadWarmup  22: 16 op, 25769007.00 ns, 1.6106 ms/op
WorkloadWarmup  23: 16 op, 26641521.00 ns, 1.6651 ms/op
WorkloadWarmup  24: 16 op, 27121088.00 ns, 1.6951 ms/op
WorkloadWarmup  25: 16 op, 26159401.00 ns, 1.6350 ms/op

// BeforeActualRun
WorkloadActual   1: 16 op, 28803079.00 ns, 1.8002 ms/op
WorkloadActual   2: 16 op, 30632961.00 ns, 1.9146 ms/op
WorkloadActual   3: 16 op, 26639813.00 ns, 1.6650 ms/op
WorkloadActual   4: 16 op, 27645047.00 ns, 1.7278 ms/op
WorkloadActual   5: 16 op, 26978292.00 ns, 1.6861 ms/op
WorkloadActual   6: 16 op, 29791292.00 ns, 1.8620 ms/op

// AfterActualRun
WorkloadResult   1: 16 op, 28803079.00 ns, 1.8002 ms/op
WorkloadResult   2: 16 op, 30632961.00 ns, 1.9146 ms/op
WorkloadResult   3: 16 op, 26639813.00 ns, 1.6650 ms/op
WorkloadResult   4: 16 op, 27645047.00 ns, 1.7278 ms/op
WorkloadResult   5: 16 op, 26978292.00 ns, 1.6861 ms/op
WorkloadResult   6: 16 op, 29791292.00 ns, 1.8620 ms/op
// GC:  0 0 0 33801344 16
// Threading:  0 0 16

// AfterAll
// Benchmark Process 9564 has exited with code 0.

Mean = 1.776 ms, StdErr = 0.041 ms (2.30%), N = 6, StdDev = 0.100 ms
Min = 1.665 ms, Q1 = 1.697 ms, Median = 1.764 ms, Q3 = 1.847 ms, Max = 1.915 ms
IQR = 0.150 ms, LowerFence = 1.472 ms, UpperFence = 2.071 ms
ConfidenceInterval = [1.496 ms; 2.056 ms] (CI 99.9%), Margin = 0.280 ms (15.77% of Mean)
Skewness = 0.19, Kurtosis = 1.08, MValue = 2

// ** Remained 7 (87.5 %) benchmark(s) to run. Estimated finish 2026-10-10 14:52 (0h 0m from now) **
// **************************
// Benchmark: CodecSuite.Run: campaign(EvaluateOverhead=False, Clock=Armonik.Ffi.Bdn.CpuClock, IterationCount=6, IterationTime=40ms, LaunchCount=1, RunStrategy=Throughput, WarmupCount=25) [Case=core-(...)|drop [36]]
// *** Execute ***
// Launch: 1 / 1
// Execute: dotnet BenchDotNet-campaign-1.dll --anonymousPipes 134 135 --benchmarkName "Armonik.Ffi.Bdn.CodecSuite.Run(Case: \"core-ffi|decode-read|P2.2|prime|drop\")" --job campaign --benchmarkId 1 in /home/user/ArmoniK.Api/ffi/poc/csharp/src/BenchDotNet/bin/Release/net8.0/BenchDotNet-campaign-1/bin/Release/net8.0
// BeforeAnythingElse

// Benchmark Process Environment Information:
// BenchmarkDotNet v0.15.8
// Runtime=.NET 8.0.31 (8.0.31, 8.0.3126.42015), X64 RyuJIT x86-64-v4
// GC=Concurrent Workstation
// HardwareIntrinsics=AVX512 IFMA+VBMI,AVX512 F+BW+CD+DQ+VL,AVX2+BMI1+BMI2+F16C+FMA+LZCNT+MOVBE,AVX,SSE3+SSSE3+SSE4.1+SSE4.2+POPCNT,X86Base+SSE+SSE2,AES+PCLMUL,AvxVnni,SERIALIZE VectorSize=256
// Job: campaign(EvaluateOverhead=False, Clock=Armonik.Ffi.Bdn.CpuClock, IterationCount=6, IterationTime=40ms, LaunchCount=1, RunStrategy=Throughput, WarmupCount=25)

OverheadJitting  1: 1 op, 256560.00 ns, 256.5600 us/op
WorkloadJitting  1: 1 op, 8946836.00 ns, 8.9468 ms/op

WorkloadPilot    1: 4 op, 20291963.00 ns, 5.0730 ms/op
WorkloadPilot    2: 8 op, 23243772.00 ns, 2.9055 ms/op
WorkloadPilot    3: 14 op, 36955064.00 ns, 2.6396 ms/op

WorkloadWarmup   1: 14 op, 33350986.00 ns, 2.3822 ms/op
WorkloadWarmup   2: 14 op, 29760620.00 ns, 2.1258 ms/op
WorkloadWarmup   3: 14 op, 31126656.00 ns, 2.2233 ms/op
WorkloadWarmup   4: 14 op, 42326690.00 ns, 3.0233 ms/op
WorkloadWarmup   5: 14 op, 59184672.00 ns, 4.2275 ms/op
WorkloadWarmup   6: 14 op, 49604748.00 ns, 3.5432 ms/op
WorkloadWarmup   7: 14 op, 49638949.00 ns, 3.5456 ms/op
WorkloadWarmup   8: 14 op, 67269295.00 ns, 4.8049 ms/op
WorkloadWarmup   9: 14 op, 32271515.00 ns, 2.3051 ms/op
WorkloadWarmup  10: 14 op, 33796073.00 ns, 2.4140 ms/op
WorkloadWarmup  11: 14 op, 23063496.00 ns, 1.6474 ms/op
WorkloadWarmup  12: 14 op, 26742705.00 ns, 1.9102 ms/op
WorkloadWarmup  13: 14 op, 22333967.00 ns, 1.5953 ms/op
WorkloadWarmup  14: 14 op, 25387285.00 ns, 1.8134 ms/op
WorkloadWarmup  15: 14 op, 23008138.00 ns, 1.6434 ms/op
WorkloadWarmup  16: 14 op, 21948275.00 ns, 1.5677 ms/op
WorkloadWarmup  17: 14 op, 21884695.00 ns, 1.5632 ms/op
WorkloadWarmup  18: 14 op, 21179178.00 ns, 1.5128 ms/op
WorkloadWarmup  19: 14 op, 21487106.00 ns, 1.5348 ms/op
WorkloadWarmup  20: 14 op, 21413003.00 ns, 1.5295 ms/op
WorkloadWarmup  21: 14 op, 21547443.00 ns, 1.5391 ms/op
WorkloadWarmup  22: 14 op, 21668154.00 ns, 1.5477 ms/op
WorkloadWarmup  23: 14 op, 21564784.00 ns, 1.5403 ms/op
WorkloadWarmup  24: 14 op, 35942809.00 ns, 2.5673 ms/op
WorkloadWarmup  25: 14 op, 23780830.00 ns, 1.6986 ms/op

// BeforeActualRun
WorkloadActual   1: 14 op, 24841516.00 ns, 1.7744 ms/op
WorkloadActual   2: 14 op, 24481392.00 ns, 1.7487 ms/op
WorkloadActual   3: 14 op, 22948193.00 ns, 1.6392 ms/op
WorkloadActual   4: 14 op, 23796054.00 ns, 1.6997 ms/op
WorkloadActual   5: 14 op, 22532935.00 ns, 1.6095 ms/op
WorkloadActual   6: 14 op, 21806130.00 ns, 1.5576 ms/op

// AfterActualRun
WorkloadResult   1: 14 op, 24841516.00 ns, 1.7744 ms/op
WorkloadResult   2: 14 op, 24481392.00 ns, 1.7487 ms/op
WorkloadResult   3: 14 op, 22948193.00 ns, 1.6392 ms/op
WorkloadResult   4: 14 op, 23796054.00 ns, 1.6997 ms/op
WorkloadResult   5: 14 op, 22532935.00 ns, 1.6095 ms/op
WorkloadResult   6: 14 op, 21806130.00 ns, 1.5576 ms/op
// GC:  0 0 0 29576176 14
// Threading:  0 0 14

// AfterAll
// Benchmark Process 9574 has exited with code 0.

Mean = 1.672 ms, StdErr = 0.034 ms (2.05%), N = 6, StdDev = 0.084 ms
Min = 1.558 ms, Q1 = 1.617 ms, Median = 1.669 ms, Q3 = 1.736 ms, Max = 1.774 ms
IQR = 0.120 ms, LowerFence = 1.438 ms, UpperFence = 1.916 ms
ConfidenceInterval = [1.436 ms; 1.907 ms] (CI 99.9%), Margin = 0.235 ms (14.08% of Mean)
Skewness = -0.05, Kurtosis = 1.12, MValue = 2

// ** Remained 6 (75.0 %) benchmark(s) to run. Estimated finish 2026-10-10 14:52 (0h 0m from now) **
// **************************
// Benchmark: CodecSuite.Run: campaign(EvaluateOverhead=False, Clock=Armonik.Ffi.Bdn.CpuClock, IterationCount=6, IterationTime=40ms, LaunchCount=1, RunStrategy=Throughput, WarmupCount=25) [Case=core-(...)etain [37]]
// *** Execute ***
// Launch: 1 / 1
// Execute: dotnet BenchDotNet-campaign-1.dll --anonymousPipes 134 135 --benchmarkName "Armonik.Ffi.Bdn.CodecSuite.Run(Case: \"core-ffi|decode-read|P2.2|wide|retain\")" --job campaign --benchmarkId 2 in /home/user/ArmoniK.Api/ffi/poc/csharp/src/BenchDotNet/bin/Release/net8.0/BenchDotNet-campaign-1/bin/Release/net8.0
// BeforeAnythingElse

// Benchmark Process Environment Information:
// BenchmarkDotNet v0.15.8
// Runtime=.NET 8.0.31 (8.0.31, 8.0.3126.42015), X64 RyuJIT x86-64-v4
// GC=Concurrent Workstation
// HardwareIntrinsics=AVX512 IFMA+VBMI,AVX512 F+BW+CD+DQ+VL,AVX2+BMI1+BMI2+F16C+FMA+LZCNT+MOVBE,AVX,SSE3+SSSE3+SSE4.1+SSE4.2+POPCNT,X86Base+SSE+SSE2,AES+PCLMUL,AvxVnni,SERIALIZE VectorSize=256
// Job: campaign(EvaluateOverhead=False, Clock=Armonik.Ffi.Bdn.CpuClock, IterationCount=6, IterationTime=40ms, LaunchCount=1, RunStrategy=Throughput, WarmupCount=25)

OverheadJitting  1: 1 op, 309254.00 ns, 309.2540 us/op
WorkloadJitting  1: 1 op, 9882241.00 ns, 9.8822 ms/op

WorkloadPilot    1: 4 op, 30494454.00 ns, 7.6236 ms/op

WorkloadWarmup   1: 4 op, 14949330.00 ns, 3.7373 ms/op
WorkloadWarmup   2: 4 op, 13129888.00 ns, 3.2825 ms/op
WorkloadWarmup   3: 4 op, 14852391.00 ns, 3.7131 ms/op
WorkloadWarmup   4: 4 op, 14487353.00 ns, 3.6218 ms/op
WorkloadWarmup   5: 4 op, 22846407.00 ns, 5.7116 ms/op
WorkloadWarmup   6: 4 op, 14031441.00 ns, 3.5079 ms/op
WorkloadWarmup   7: 4 op, 24571870.00 ns, 6.1430 ms/op
WorkloadWarmup   8: 4 op, 25042067.00 ns, 6.2605 ms/op
WorkloadWarmup   9: 4 op, 23851011.00 ns, 5.9628 ms/op
WorkloadWarmup  10: 4 op, 22897818.00 ns, 5.7245 ms/op
WorkloadWarmup  11: 4 op, 22403954.00 ns, 5.6010 ms/op
WorkloadWarmup  12: 4 op, 25384101.00 ns, 6.3460 ms/op
WorkloadWarmup  13: 4 op, 22429111.00 ns, 5.6073 ms/op
WorkloadWarmup  14: 4 op, 36393781.00 ns, 9.0984 ms/op
WorkloadWarmup  15: 4 op, 33348876.00 ns, 8.3372 ms/op
WorkloadWarmup  16: 4 op, 13588327.00 ns, 3.3971 ms/op
WorkloadWarmup  17: 4 op, 21732413.00 ns, 5.4331 ms/op
WorkloadWarmup  18: 4 op, 15640874.00 ns, 3.9102 ms/op
WorkloadWarmup  19: 4 op, 13261376.00 ns, 3.3153 ms/op
WorkloadWarmup  20: 4 op, 12136501.00 ns, 3.0341 ms/op
WorkloadWarmup  21: 4 op, 12722499.00 ns, 3.1806 ms/op
WorkloadWarmup  22: 4 op, 28121907.00 ns, 7.0305 ms/op
WorkloadWarmup  23: 4 op, 13889849.00 ns, 3.4725 ms/op
WorkloadWarmup  24: 4 op, 11384473.00 ns, 2.8461 ms/op
WorkloadWarmup  25: 4 op, 12087527.00 ns, 3.0219 ms/op

// BeforeActualRun
WorkloadActual   1: 4 op, 13759321.00 ns, 3.4398 ms/op
WorkloadActual   2: 4 op, 14158477.00 ns, 3.5396 ms/op
WorkloadActual   3: 4 op, 13059700.00 ns, 3.2649 ms/op
WorkloadActual   4: 4 op, 12206627.00 ns, 3.0517 ms/op
WorkloadActual   5: 4 op, 12417438.00 ns, 3.1044 ms/op
WorkloadActual   6: 4 op, 17728186.00 ns, 4.4320 ms/op

// AfterActualRun
WorkloadResult   1: 4 op, 13759321.00 ns, 3.4398 ms/op
WorkloadResult   2: 4 op, 14158477.00 ns, 3.5396 ms/op
WorkloadResult   3: 4 op, 13059700.00 ns, 3.2649 ms/op
WorkloadResult   4: 4 op, 12206627.00 ns, 3.0517 ms/op
WorkloadResult   5: 4 op, 12417438.00 ns, 3.1044 ms/op
// GC:  0 0 0 8450336 4
// Threading:  0 0 4

// AfterAll
// Benchmark Process 9583 has exited with code 0.

Mean = 3.280 ms, StdErr = 0.094 ms (2.86%), N = 5, StdDev = 0.210 ms
Min = 3.052 ms, Q1 = 3.104 ms, Median = 3.265 ms, Q3 = 3.440 ms, Max = 3.540 ms
IQR = 0.335 ms, LowerFence = 2.601 ms, UpperFence = 3.943 ms
ConfidenceInterval = [2.472 ms; 4.088 ms] (CI 99.9%), Margin = 0.808 ms (24.64% of Mean)
Skewness = 0.09, Kurtosis = 0.91, MValue = 2

// ** Remained 5 (62.5 %) benchmark(s) to run. Estimated finish 2026-10-10 14:52 (0h 0m from now) **
// **************************
// Benchmark: CodecSuite.Run: campaign(EvaluateOverhead=False, Clock=Armonik.Ffi.Bdn.CpuClock, IterationCount=6, IterationTime=40ms, LaunchCount=1, RunStrategy=Throughput, WarmupCount=25) [Case=core-(...)|drop [36]]
// *** Execute ***
// Launch: 1 / 1
// Execute: dotnet BenchDotNet-campaign-1.dll --anonymousPipes 134 135 --benchmarkName "Armonik.Ffi.Bdn.CodecSuite.Run(Case: \"core-ffi|decode-read|P2.2|ascii|drop\")" --job campaign --benchmarkId 3 in /home/user/ArmoniK.Api/ffi/poc/csharp/src/BenchDotNet/bin/Release/net8.0/BenchDotNet-campaign-1/bin/Release/net8.0
// BeforeAnythingElse

// Benchmark Process Environment Information:
// BenchmarkDotNet v0.15.8
// Runtime=.NET 8.0.31 (8.0.31, 8.0.3126.42015), X64 RyuJIT x86-64-v4
// GC=Concurrent Workstation
// HardwareIntrinsics=AVX512 IFMA+VBMI,AVX512 F+BW+CD+DQ+VL,AVX2+BMI1+BMI2+F16C+FMA+LZCNT+MOVBE,AVX,SSE3+SSSE3+SSE4.1+SSE4.2+POPCNT,X86Base+SSE+SSE2,AES+PCLMUL,AvxVnni,SERIALIZE VectorSize=256
// Job: campaign(EvaluateOverhead=False, Clock=Armonik.Ffi.Bdn.CpuClock, IterationCount=6, IterationTime=40ms, LaunchCount=1, RunStrategy=Throughput, WarmupCount=25)

OverheadJitting  1: 1 op, 361118.00 ns, 361.1180 us/op
WorkloadJitting  1: 1 op, 11048732.00 ns, 11.0487 ms/op

WorkloadPilot    1: 4 op, 21145580.00 ns, 5.2864 ms/op
WorkloadPilot    2: 8 op, 21450960.00 ns, 2.6814 ms/op
WorkloadPilot    3: 15 op, 38307732.00 ns, 2.5538 ms/op

WorkloadWarmup   1: 15 op, 35016522.00 ns, 2.3344 ms/op
WorkloadWarmup   2: 15 op, 32167328.00 ns, 2.1445 ms/op
WorkloadWarmup   3: 15 op, 31945901.00 ns, 2.1297 ms/op
WorkloadWarmup   4: 15 op, 38807877.00 ns, 2.5872 ms/op
WorkloadWarmup   5: 15 op, 78212230.00 ns, 5.2141 ms/op
WorkloadWarmup   6: 15 op, 63316701.00 ns, 4.2211 ms/op
WorkloadWarmup   7: 15 op, 64562135.00 ns, 4.3041 ms/op
WorkloadWarmup   8: 15 op, 64876749.00 ns, 4.3251 ms/op
WorkloadWarmup   9: 15 op, 34781834.00 ns, 2.3188 ms/op
WorkloadWarmup  10: 15 op, 26162692.00 ns, 1.7442 ms/op
WorkloadWarmup  11: 15 op, 26112745.00 ns, 1.7408 ms/op
WorkloadWarmup  12: 15 op, 24926057.00 ns, 1.6617 ms/op
WorkloadWarmup  13: 15 op, 25313909.00 ns, 1.6876 ms/op
WorkloadWarmup  14: 15 op, 25359208.00 ns, 1.6906 ms/op
WorkloadWarmup  15: 15 op, 26698103.00 ns, 1.7799 ms/op
WorkloadWarmup  16: 15 op, 26358699.00 ns, 1.7572 ms/op
WorkloadWarmup  17: 15 op, 24723575.00 ns, 1.6482 ms/op
WorkloadWarmup  18: 15 op, 24656652.00 ns, 1.6438 ms/op
WorkloadWarmup  19: 15 op, 25420697.00 ns, 1.6947 ms/op
WorkloadWarmup  20: 15 op, 26681896.00 ns, 1.7788 ms/op
WorkloadWarmup  21: 15 op, 24750033.00 ns, 1.6500 ms/op
WorkloadWarmup  22: 15 op, 25518357.00 ns, 1.7012 ms/op
WorkloadWarmup  23: 15 op, 25532115.00 ns, 1.7021 ms/op
WorkloadWarmup  24: 15 op, 25621858.00 ns, 1.7081 ms/op
WorkloadWarmup  25: 15 op, 25250671.00 ns, 1.6834 ms/op

// BeforeActualRun
WorkloadActual   1: 15 op, 28439980.00 ns, 1.8960 ms/op
WorkloadActual   2: 15 op, 35403600.00 ns, 2.3602 ms/op
WorkloadActual   3: 15 op, 31663753.00 ns, 2.1109 ms/op
WorkloadActual   4: 15 op, 29290362.00 ns, 1.9527 ms/op
WorkloadActual   5: 15 op, 26673727.00 ns, 1.7782 ms/op
WorkloadActual   6: 15 op, 27462857.00 ns, 1.8309 ms/op

// AfterActualRun
WorkloadResult   1: 15 op, 28439980.00 ns, 1.8960 ms/op
WorkloadResult   2: 15 op, 35403600.00 ns, 2.3602 ms/op
WorkloadResult   3: 15 op, 31663753.00 ns, 2.1109 ms/op
WorkloadResult   4: 15 op, 29290362.00 ns, 1.9527 ms/op
WorkloadResult   5: 15 op, 26673727.00 ns, 1.7782 ms/op
WorkloadResult   6: 15 op, 27462857.00 ns, 1.8309 ms/op
// GC:  0 0 0 31688760 15
// Threading:  0 0 15

// AfterAll
// Benchmark Process 9592 has exited with code 0.

Mean = 1.988 ms, StdErr = 0.088 ms (4.42%), N = 6, StdDev = 0.215 ms
Min = 1.778 ms, Q1 = 1.847 ms, Median = 1.924 ms, Q3 = 2.071 ms, Max = 2.360 ms
IQR = 0.224 ms, LowerFence = 1.511 ms, UpperFence = 2.408 ms
ConfidenceInterval = [1.384 ms; 2.592 ms] (CI 99.9%), Margin = 0.604 ms (30.39% of Mean)
Skewness = 0.66, Kurtosis = 1.7, MValue = 2

// ** Remained 4 (50.0 %) benchmark(s) to run. Estimated finish 2026-10-10 14:52 (0h 0m from now) **
// **************************
// Benchmark: CodecSuite.Run: campaign(EvaluateOverhead=False, Clock=Armonik.Ffi.Bdn.CpuClock, IterationCount=6, IterationTime=40ms, LaunchCount=1, RunStrategy=Throughput, WarmupCount=25) [Case=core-(...)etain [39]]
// *** Execute ***
// Launch: 1 / 1
// Execute: dotnet BenchDotNet-campaign-1.dll --anonymousPipes 134 135 --benchmarkName "Armonik.Ffi.Bdn.CodecSuite.Run(Case: \"core-ffi|decode-read|P2.2|latin1|retain\")" --job campaign --benchmarkId 4 in /home/user/ArmoniK.Api/ffi/poc/csharp/src/BenchDotNet/bin/Release/net8.0/BenchDotNet-campaign-1/bin/Release/net8.0
// BeforeAnythingElse

// Benchmark Process Environment Information:
// BenchmarkDotNet v0.15.8
// Runtime=.NET 8.0.31 (8.0.31, 8.0.3126.42015), X64 RyuJIT x86-64-v4
// GC=Concurrent Workstation
// HardwareIntrinsics=AVX512 IFMA+VBMI,AVX512 F+BW+CD+DQ+VL,AVX2+BMI1+BMI2+F16C+FMA+LZCNT+MOVBE,AVX,SSE3+SSSE3+SSE4.1+SSE4.2+POPCNT,X86Base+SSE+SSE2,AES+PCLMUL,AvxVnni,SERIALIZE VectorSize=256
// Job: campaign(EvaluateOverhead=False, Clock=Armonik.Ffi.Bdn.CpuClock, IterationCount=6, IterationTime=40ms, LaunchCount=1, RunStrategy=Throughput, WarmupCount=25)

OverheadJitting  1: 1 op, 272071.00 ns, 272.0710 us/op
WorkloadJitting  1: 1 op, 10050695.00 ns, 10.0507 ms/op

WorkloadPilot    1: 4 op, 21503320.00 ns, 5.3758 ms/op
WorkloadPilot    2: 7 op, 20399669.00 ns, 2.9142 ms/op
WorkloadPilot    3: 14 op, 44341268.00 ns, 3.1672 ms/op

WorkloadWarmup   1: 14 op, 41898077.00 ns, 2.9927 ms/op
WorkloadWarmup   2: 14 op, 40965789.00 ns, 2.9261 ms/op
WorkloadWarmup   3: 14 op, 56987717.00 ns, 4.0706 ms/op
WorkloadWarmup   4: 14 op, 68031773.00 ns, 4.8594 ms/op
WorkloadWarmup   5: 14 op, 72925205.00 ns, 5.2089 ms/op
WorkloadWarmup   6: 14 op, 92713070.00 ns, 6.6224 ms/op
WorkloadWarmup   7: 14 op, 33337811.00 ns, 2.3813 ms/op
WorkloadWarmup   8: 14 op, 42587986.00 ns, 3.0420 ms/op
WorkloadWarmup   9: 14 op, 44130884.00 ns, 3.1522 ms/op
WorkloadWarmup  10: 14 op, 35232504.00 ns, 2.5166 ms/op
WorkloadWarmup  11: 14 op, 35154334.00 ns, 2.5110 ms/op
WorkloadWarmup  12: 14 op, 35620605.00 ns, 2.5443 ms/op
WorkloadWarmup  13: 14 op, 33604174.00 ns, 2.4003 ms/op
WorkloadWarmup  14: 14 op, 33050649.00 ns, 2.3608 ms/op
WorkloadWarmup  15: 14 op, 35863954.00 ns, 2.5617 ms/op
WorkloadWarmup  16: 14 op, 34547854.00 ns, 2.4677 ms/op
WorkloadWarmup  17: 14 op, 33238389.00 ns, 2.3742 ms/op
WorkloadWarmup  18: 14 op, 31737015.00 ns, 2.2669 ms/op
WorkloadWarmup  19: 14 op, 33228544.00 ns, 2.3735 ms/op
WorkloadWarmup  20: 14 op, 31551607.00 ns, 2.2537 ms/op
WorkloadWarmup  21: 14 op, 35933261.00 ns, 2.5667 ms/op
WorkloadWarmup  22: 14 op, 39873268.00 ns, 2.8481 ms/op
WorkloadWarmup  23: 14 op, 42345341.00 ns, 3.0247 ms/op
WorkloadWarmup  24: 14 op, 40984204.00 ns, 2.9274 ms/op
WorkloadWarmup  25: 14 op, 34038263.00 ns, 2.4313 ms/op

// BeforeActualRun
WorkloadActual   1: 14 op, 31214682.00 ns, 2.2296 ms/op
WorkloadActual   2: 14 op, 29565245.00 ns, 2.1118 ms/op
WorkloadActual   3: 14 op, 30748811.00 ns, 2.1963 ms/op
WorkloadActual   4: 14 op, 38488051.00 ns, 2.7491 ms/op
WorkloadActual   5: 14 op, 32586419.00 ns, 2.3276 ms/op
WorkloadActual   6: 14 op, 30883869.00 ns, 2.2060 ms/op

// AfterActualRun
WorkloadResult   1: 14 op, 31214682.00 ns, 2.2296 ms/op
WorkloadResult   2: 14 op, 29565245.00 ns, 2.1118 ms/op
WorkloadResult   3: 14 op, 30748811.00 ns, 2.1963 ms/op
WorkloadResult   4: 14 op, 32586419.00 ns, 2.3276 ms/op
WorkloadResult   5: 14 op, 30883869.00 ns, 2.2060 ms/op
// GC:  0 0 0 29576176 14
// Threading:  0 0 14

// AfterAll
// Benchmark Process 9601 has exited with code 0.

Mean = 2.214 ms, StdErr = 0.035 ms (1.56%), N = 5, StdDev = 0.077 ms
Min = 2.112 ms, Q1 = 2.196 ms, Median = 2.206 ms, Q3 = 2.230 ms, Max = 2.328 ms
IQR = 0.033 ms, LowerFence = 2.146 ms, UpperFence = 2.280 ms
ConfidenceInterval = [1.916 ms; 2.512 ms] (CI 99.9%), Margin = 0.298 ms (13.46% of Mean)
Skewness = 0.16, Kurtosis = 1.53, MValue = 2

// ** Remained 3 (37.5 %) benchmark(s) to run. Estimated finish 2026-10-10 14:52 (0h 0m from now) **
// **************************
// Benchmark: CodecSuite.Run: campaign(EvaluateOverhead=False, Clock=Armonik.Ffi.Bdn.CpuClock, IterationCount=6, IterationTime=40ms, LaunchCount=1, RunStrategy=Throughput, WarmupCount=25) [Case=core-(...)|drop [37]]
// *** Execute ***
// Launch: 1 / 1
// Execute: dotnet BenchDotNet-campaign-1.dll --anonymousPipes 134 135 --benchmarkName "Armonik.Ffi.Bdn.CodecSuite.Run(Case: \"core-ffi|decode-read|P2.2|latin1|drop\")" --job campaign --benchmarkId 5 in /home/user/ArmoniK.Api/ffi/poc/csharp/src/BenchDotNet/bin/Release/net8.0/BenchDotNet-campaign-1/bin/Release/net8.0
// BeforeAnythingElse

// Benchmark Process Environment Information:
// BenchmarkDotNet v0.15.8
// Runtime=.NET 8.0.31 (8.0.31, 8.0.3126.42015), X64 RyuJIT x86-64-v4
// GC=Concurrent Workstation
// HardwareIntrinsics=AVX512 IFMA+VBMI,AVX512 F+BW+CD+DQ+VL,AVX2+BMI1+BMI2+F16C+FMA+LZCNT+MOVBE,AVX,SSE3+SSSE3+SSE4.1+SSE4.2+POPCNT,X86Base+SSE+SSE2,AES+PCLMUL,AvxVnni,SERIALIZE VectorSize=256
// Job: campaign(EvaluateOverhead=False, Clock=Armonik.Ffi.Bdn.CpuClock, IterationCount=6, IterationTime=40ms, LaunchCount=1, RunStrategy=Throughput, WarmupCount=25)

OverheadJitting  1: 1 op, 281797.00 ns, 281.7970 us/op
WorkloadJitting  1: 1 op, 9517686.00 ns, 9.5177 ms/op

WorkloadPilot    1: 4 op, 20205077.00 ns, 5.0513 ms/op
WorkloadPilot    2: 8 op, 23733074.00 ns, 2.9666 ms/op
WorkloadPilot    3: 13 op, 38666352.00 ns, 2.9743 ms/op

WorkloadWarmup   1: 13 op, 44177098.00 ns, 3.3982 ms/op
WorkloadWarmup   2: 13 op, 40127176.00 ns, 3.0867 ms/op
WorkloadWarmup   3: 13 op, 37157658.00 ns, 2.8583 ms/op
WorkloadWarmup   4: 13 op, 112722935.00 ns, 8.6710 ms/op
WorkloadWarmup   5: 13 op, 82911093.00 ns, 6.3778 ms/op
WorkloadWarmup   6: 13 op, 55225064.00 ns, 4.2481 ms/op
WorkloadWarmup   7: 13 op, 50085893.00 ns, 3.8528 ms/op
WorkloadWarmup   8: 13 op, 28007953.00 ns, 2.1545 ms/op
WorkloadWarmup   9: 13 op, 31257612.00 ns, 2.4044 ms/op
WorkloadWarmup  10: 13 op, 26777841.00 ns, 2.0598 ms/op
WorkloadWarmup  11: 13 op, 28627263.00 ns, 2.2021 ms/op
WorkloadWarmup  12: 13 op, 27980689.00 ns, 2.1524 ms/op
WorkloadWarmup  13: 13 op, 27628175.00 ns, 2.1252 ms/op
WorkloadWarmup  14: 13 op, 27081173.00 ns, 2.0832 ms/op
WorkloadWarmup  15: 13 op, 27456667.00 ns, 2.1121 ms/op
WorkloadWarmup  16: 13 op, 26927278.00 ns, 2.0713 ms/op
WorkloadWarmup  17: 13 op, 26738986.00 ns, 2.0568 ms/op
WorkloadWarmup  18: 13 op, 27644992.00 ns, 2.1265 ms/op
WorkloadWarmup  19: 13 op, 28593606.00 ns, 2.1995 ms/op
WorkloadWarmup  20: 13 op, 30018276.00 ns, 2.3091 ms/op
WorkloadWarmup  21: 13 op, 27089586.00 ns, 2.0838 ms/op
WorkloadWarmup  22: 13 op, 27134977.00 ns, 2.0873 ms/op
WorkloadWarmup  23: 13 op, 26835688.00 ns, 2.0643 ms/op
WorkloadWarmup  24: 13 op, 26838887.00 ns, 2.0645 ms/op
WorkloadWarmup  25: 13 op, 29696707.00 ns, 2.2844 ms/op

// BeforeActualRun
WorkloadActual   1: 13 op, 30566834.00 ns, 2.3513 ms/op
WorkloadActual   2: 13 op, 27562264.00 ns, 2.1202 ms/op
WorkloadActual   3: 13 op, 27000840.00 ns, 2.0770 ms/op
WorkloadActual   4: 13 op, 27018502.00 ns, 2.0783 ms/op
WorkloadActual   5: 13 op, 27589726.00 ns, 2.1223 ms/op
WorkloadActual   6: 13 op, 28648939.00 ns, 2.2038 ms/op

// AfterActualRun
WorkloadResult   1: 13 op, 27562264.00 ns, 2.1202 ms/op
WorkloadResult   2: 13 op, 27000840.00 ns, 2.0770 ms/op
WorkloadResult   3: 13 op, 27018502.00 ns, 2.0783 ms/op
WorkloadResult   4: 13 op, 27589726.00 ns, 2.1223 ms/op
WorkloadResult   5: 13 op, 28648939.00 ns, 2.2038 ms/op
// GC:  0 0 0 27463592 13
// Threading:  0 0 13

// AfterAll
// Benchmark Process 9610 has exited with code 0.

Mean = 2.120 ms, StdErr = 0.023 ms (1.09%), N = 5, StdDev = 0.051 ms
Min = 2.077 ms, Q1 = 2.078 ms, Median = 2.120 ms, Q3 = 2.122 ms, Max = 2.204 ms
IQR = 0.044 ms, LowerFence = 2.012 ms, UpperFence = 2.188 ms
ConfidenceInterval = [1.922 ms; 2.319 ms] (CI 99.9%), Margin = 0.198 ms (9.35% of Mean)
Skewness = 0.62, Kurtosis = 1.57, MValue = 2

// ** Remained 2 (25.0 %) benchmark(s) to run. Estimated finish 2026-10-10 14:52 (0h 0m from now) **
// **************************
// Benchmark: CodecSuite.Run: campaign(EvaluateOverhead=False, Clock=Armonik.Ffi.Bdn.CpuClock, IterationCount=6, IterationTime=40ms, LaunchCount=1, RunStrategy=Throughput, WarmupCount=25) [Case=core-(...)etain [38]]
// *** Execute ***
// Launch: 1 / 1
// Execute: dotnet BenchDotNet-campaign-1.dll --anonymousPipes 134 135 --benchmarkName "Armonik.Ffi.Bdn.CodecSuite.Run(Case: \"core-ffi|decode-read|P2.2|ascii|retain\")" --job campaign --benchmarkId 6 in /home/user/ArmoniK.Api/ffi/poc/csharp/src/BenchDotNet/bin/Release/net8.0/BenchDotNet-campaign-1/bin/Release/net8.0
// BeforeAnythingElse

// Benchmark Process Environment Information:
// BenchmarkDotNet v0.15.8
// Runtime=.NET 8.0.31 (8.0.31, 8.0.3126.42015), X64 RyuJIT x86-64-v4
// GC=Concurrent Workstation
// HardwareIntrinsics=AVX512 IFMA+VBMI,AVX512 F+BW+CD+DQ+VL,AVX2+BMI1+BMI2+F16C+FMA+LZCNT+MOVBE,AVX,SSE3+SSSE3+SSE4.1+SSE4.2+POPCNT,X86Base+SSE+SSE2,AES+PCLMUL,AvxVnni,SERIALIZE VectorSize=256
// Job: campaign(EvaluateOverhead=False, Clock=Armonik.Ffi.Bdn.CpuClock, IterationCount=6, IterationTime=40ms, LaunchCount=1, RunStrategy=Throughput, WarmupCount=25)

OverheadJitting  1: 1 op, 307771.00 ns, 307.7710 us/op
WorkloadJitting  1: 1 op, 9372818.00 ns, 9.3728 ms/op

WorkloadPilot    1: 4 op, 19294759.00 ns, 4.8237 ms/op
WorkloadPilot    2: 8 op, 25276730.00 ns, 3.1596 ms/op
WorkloadPilot    3: 13 op, 45127564.00 ns, 3.4714 ms/op

WorkloadWarmup   1: 13 op, 30509911.00 ns, 2.3469 ms/op
WorkloadWarmup   2: 13 op, 26877458.00 ns, 2.0675 ms/op
WorkloadWarmup   3: 13 op, 27985614.00 ns, 2.1527 ms/op
WorkloadWarmup   4: 13 op, 54718402.00 ns, 4.2091 ms/op
WorkloadWarmup   5: 13 op, 49787163.00 ns, 3.8298 ms/op
WorkloadWarmup   6: 13 op, 45830981.00 ns, 3.5255 ms/op
WorkloadWarmup   7: 13 op, 52583616.00 ns, 4.0449 ms/op
WorkloadWarmup   8: 13 op, 59397487.00 ns, 4.5690 ms/op
WorkloadWarmup   9: 13 op, 26167781.00 ns, 2.0129 ms/op
WorkloadWarmup  10: 13 op, 24014989.00 ns, 1.8473 ms/op
WorkloadWarmup  11: 13 op, 22203916.00 ns, 1.7080 ms/op
WorkloadWarmup  12: 13 op, 22109342.00 ns, 1.7007 ms/op
WorkloadWarmup  13: 13 op, 22239234.00 ns, 1.7107 ms/op
WorkloadWarmup  14: 13 op, 23068313.00 ns, 1.7745 ms/op
WorkloadWarmup  15: 13 op, 24346797.00 ns, 1.8728 ms/op
WorkloadWarmup  16: 13 op, 21615219.00 ns, 1.6627 ms/op
WorkloadWarmup  17: 13 op, 23366837.00 ns, 1.7974 ms/op
WorkloadWarmup  18: 13 op, 25535915.00 ns, 1.9643 ms/op
WorkloadWarmup  19: 13 op, 38722186.00 ns, 2.9786 ms/op
WorkloadWarmup  20: 13 op, 25772462.00 ns, 1.9825 ms/op
WorkloadWarmup  21: 13 op, 27658909.00 ns, 2.1276 ms/op
WorkloadWarmup  22: 13 op, 28313649.00 ns, 2.1780 ms/op
WorkloadWarmup  23: 13 op, 22942532.00 ns, 1.7648 ms/op
WorkloadWarmup  24: 13 op, 26839477.00 ns, 2.0646 ms/op
WorkloadWarmup  25: 13 op, 25872895.00 ns, 1.9902 ms/op

// BeforeActualRun
WorkloadActual   1: 13 op, 31417200.00 ns, 2.4167 ms/op
WorkloadActual   2: 13 op, 22276268.00 ns, 1.7136 ms/op
WorkloadActual   3: 13 op, 20937819.00 ns, 1.6106 ms/op
WorkloadActual   4: 13 op, 23445221.00 ns, 1.8035 ms/op
WorkloadActual   5: 13 op, 22874381.00 ns, 1.7596 ms/op
WorkloadActual   6: 13 op, 30008426.00 ns, 2.3083 ms/op

// AfterActualRun
WorkloadResult   1: 13 op, 31417200.00 ns, 2.4167 ms/op
WorkloadResult   2: 13 op, 22276268.00 ns, 1.7136 ms/op
WorkloadResult   3: 13 op, 20937819.00 ns, 1.6106 ms/op
WorkloadResult   4: 13 op, 23445221.00 ns, 1.8035 ms/op
WorkloadResult   5: 13 op, 22874381.00 ns, 1.7596 ms/op
WorkloadResult   6: 13 op, 30008426.00 ns, 2.3083 ms/op
// GC:  0 0 0 27463928 13
// Threading:  0 0 13

// AfterAll
// Benchmark Process 9619 has exited with code 0.

Mean = 1.935 ms, StdErr = 0.138 ms (7.15%), N = 6, StdDev = 0.339 ms
Min = 1.611 ms, Q1 = 1.725 ms, Median = 1.782 ms, Q3 = 2.182 ms, Max = 2.417 ms
IQR = 0.457 ms, LowerFence = 1.039 ms, UpperFence = 2.868 ms
ConfidenceInterval = [0.985 ms; 2.885 ms] (CI 99.9%), Margin = 0.950 ms (49.08% of Mean)
Skewness = 0.47, Kurtosis = 1.11, MValue = 3

// ** Remained 1 (12.5 %) benchmark(s) to run. Estimated finish 2026-10-10 14:52 (0h 0m from now) **
// **************************
// Benchmark: CodecSuite.Run: campaign(EvaluateOverhead=False, Clock=Armonik.Ffi.Bdn.CpuClock, IterationCount=6, IterationTime=40ms, LaunchCount=1, RunStrategy=Throughput, WarmupCount=25) [Case=core-(...)|drop [35]]
// *** Execute ***
// Launch: 1 / 1
// Execute: dotnet BenchDotNet-campaign-1.dll --anonymousPipes 134 135 --benchmarkName "Armonik.Ffi.Bdn.CodecSuite.Run(Case: \"core-ffi|decode-read|P2.2|wide|drop\")" --job campaign --benchmarkId 7 in /home/user/ArmoniK.Api/ffi/poc/csharp/src/BenchDotNet/bin/Release/net8.0/BenchDotNet-campaign-1/bin/Release/net8.0
// BeforeAnythingElse

// Benchmark Process Environment Information:
// BenchmarkDotNet v0.15.8
// Runtime=.NET 8.0.31 (8.0.31, 8.0.3126.42015), X64 RyuJIT x86-64-v4
// GC=Concurrent Workstation
// HardwareIntrinsics=AVX512 IFMA+VBMI,AVX512 F+BW+CD+DQ+VL,AVX2+BMI1+BMI2+F16C+FMA+LZCNT+MOVBE,AVX,SSE3+SSSE3+SSE4.1+SSE4.2+POPCNT,X86Base+SSE+SSE2,AES+PCLMUL,AvxVnni,SERIALIZE VectorSize=256
// Job: campaign(EvaluateOverhead=False, Clock=Armonik.Ffi.Bdn.CpuClock, IterationCount=6, IterationTime=40ms, LaunchCount=1, RunStrategy=Throughput, WarmupCount=25)

OverheadJitting  1: 1 op, 357084.00 ns, 357.0840 us/op
WorkloadJitting  1: 1 op, 11100602.00 ns, 11.1006 ms/op

WorkloadPilot    1: 4 op, 25588681.00 ns, 6.3972 ms/op
WorkloadPilot    2: 6 op, 24064008.00 ns, 4.0107 ms/op
WorkloadPilot    3: 10 op, 40734032.00 ns, 4.0734 ms/op

WorkloadWarmup   1: 10 op, 36493695.00 ns, 3.6494 ms/op
WorkloadWarmup   2: 10 op, 53120933.00 ns, 5.3121 ms/op
WorkloadWarmup   3: 10 op, 35387484.00 ns, 3.5387 ms/op
WorkloadWarmup   4: 10 op, 39981788.00 ns, 3.9982 ms/op
WorkloadWarmup   5: 10 op, 61490219.00 ns, 6.1490 ms/op
WorkloadWarmup   6: 10 op, 64366088.00 ns, 6.4366 ms/op
WorkloadWarmup   7: 10 op, 63741058.00 ns, 6.3741 ms/op
WorkloadWarmup   8: 10 op, 56615473.00 ns, 5.6615 ms/op
WorkloadWarmup   9: 10 op, 36451656.00 ns, 3.6452 ms/op
WorkloadWarmup  10: 10 op, 33581807.00 ns, 3.3582 ms/op
WorkloadWarmup  11: 10 op, 32514276.00 ns, 3.2514 ms/op
WorkloadWarmup  12: 10 op, 31699881.00 ns, 3.1700 ms/op
WorkloadWarmup  13: 10 op, 34753153.00 ns, 3.4753 ms/op
WorkloadWarmup  14: 10 op, 32742992.00 ns, 3.2743 ms/op
WorkloadWarmup  15: 10 op, 28459544.00 ns, 2.8460 ms/op
WorkloadWarmup  16: 10 op, 28292257.00 ns, 2.8292 ms/op
WorkloadWarmup  17: 10 op, 30514613.00 ns, 3.0515 ms/op
WorkloadWarmup  18: 10 op, 29688956.00 ns, 2.9689 ms/op
WorkloadWarmup  19: 10 op, 51731637.00 ns, 5.1732 ms/op
WorkloadWarmup  20: 10 op, 29332886.00 ns, 2.9333 ms/op
WorkloadWarmup  21: 10 op, 28932618.00 ns, 2.8933 ms/op
WorkloadWarmup  22: 10 op, 29900155.00 ns, 2.9900 ms/op
WorkloadWarmup  23: 10 op, 29825724.00 ns, 2.9826 ms/op
WorkloadWarmup  24: 10 op, 29019011.00 ns, 2.9019 ms/op
WorkloadWarmup  25: 10 op, 35850190.00 ns, 3.5850 ms/op

// BeforeActualRun
WorkloadActual   1: 10 op, 29151958.00 ns, 2.9152 ms/op
WorkloadActual   2: 10 op, 28478817.00 ns, 2.8479 ms/op
WorkloadActual   3: 10 op, 28226095.00 ns, 2.8226 ms/op
WorkloadActual   4: 10 op, 28218722.00 ns, 2.8219 ms/op
WorkloadActual   5: 10 op, 29278972.00 ns, 2.9279 ms/op
WorkloadActual   6: 10 op, 29421514.00 ns, 2.9422 ms/op

// AfterActualRun
WorkloadResult   1: 10 op, 29151958.00 ns, 2.9152 ms/op
WorkloadResult   2: 10 op, 28478817.00 ns, 2.8479 ms/op
WorkloadResult   3: 10 op, 28226095.00 ns, 2.8226 ms/op
WorkloadResult   4: 10 op, 28218722.00 ns, 2.8219 ms/op
WorkloadResult   5: 10 op, 29278972.00 ns, 2.9279 ms/op
WorkloadResult   6: 10 op, 29421514.00 ns, 2.9422 ms/op
// GC:  0 0 0 21125840 10
// Threading:  0 0 10

// AfterAll
// Benchmark Process 9628 has exited with code 0.

Mean = 2.880 ms, StdErr = 0.022 ms (0.78%), N = 6, StdDev = 0.055 ms
Min = 2.822 ms, Q1 = 2.829 ms, Median = 2.882 ms, Q3 = 2.925 ms, Max = 2.942 ms
IQR = 0.096 ms, LowerFence = 2.685 ms, UpperFence = 3.068 ms
ConfidenceInterval = [2.726 ms; 3.034 ms] (CI 99.9%), Margin = 0.154 ms (5.35% of Mean)
Skewness = -0.01, Kurtosis = 0.82, MValue = 2

// ** Remained 0 (0.0 %) benchmark(s) to run. Estimated finish 2026-10-10 14:52 (0h 0m from now) **
Run time: 00:00:14 (14.83 sec), executed benchmarks: 8

// ***** BenchmarkRunner: Finish  *****

// * Export *
  home/user/ArmoniK.Api/ffi/logs/csharp/opt/s15/codec-p22/new-full-r2.jsonl

// * Detailed results *
CodecSuite.Run: campaign(EvaluateOverhead=False, Clock=Armonik.Ffi.Bdn.CpuClock, IterationCount=6, IterationTime=40ms, LaunchCount=1, RunStrategy=Throughput, WarmupCount=25) [Case=core-(...)etain [38]]
Runtime = .NET 8.0.31 (8.0.31, 8.0.3126.42015), X64 RyuJIT x86-64-v4; GC = Concurrent Workstation
Mean = 1.776 ms, StdErr = 0.041 ms (2.30%), N = 6, StdDev = 0.100 ms
Min = 1.665 ms, Q1 = 1.697 ms, Median = 1.764 ms, Q3 = 1.847 ms, Max = 1.915 ms
IQR = 0.150 ms, LowerFence = 1.472 ms, UpperFence = 2.071 ms
ConfidenceInterval = [1.496 ms; 2.056 ms] (CI 99.9%), Margin = 0.280 ms (15.77% of Mean)
Skewness = 0.19, Kurtosis = 1.08, MValue = 2
-------------------- Histogram --------------------
[1.660 ms ; 1.805 ms) | @@@@
[1.805 ms ; 1.960 ms) | @@
---------------------------------------------------

CodecSuite.Run: campaign(EvaluateOverhead=False, Clock=Armonik.Ffi.Bdn.CpuClock, IterationCount=6, IterationTime=40ms, LaunchCount=1, RunStrategy=Throughput, WarmupCount=25) [Case=core-(...)|drop [36]]
Runtime = .NET 8.0.31 (8.0.31, 8.0.3126.42015), X64 RyuJIT x86-64-v4; GC = Concurrent Workstation
Mean = 1.672 ms, StdErr = 0.034 ms (2.05%), N = 6, StdDev = 0.084 ms
Min = 1.558 ms, Q1 = 1.617 ms, Median = 1.669 ms, Q3 = 1.736 ms, Max = 1.774 ms
IQR = 0.120 ms, LowerFence = 1.438 ms, UpperFence = 1.916 ms
ConfidenceInterval = [1.436 ms; 1.907 ms] (CI 99.9%), Margin = 0.235 ms (14.08% of Mean)
Skewness = -0.05, Kurtosis = 1.12, MValue = 2
-------------------- Histogram --------------------
[1.538 ms ; 1.676 ms) | @@@
[1.676 ms ; 1.798 ms) | @@@
---------------------------------------------------

CodecSuite.Run: campaign(EvaluateOverhead=False, Clock=Armonik.Ffi.Bdn.CpuClock, IterationCount=6, IterationTime=40ms, LaunchCount=1, RunStrategy=Throughput, WarmupCount=25) [Case=core-(...)etain [38]]
Runtime = .NET 8.0.31 (8.0.31, 8.0.3126.42015), X64 RyuJIT x86-64-v4; GC = Concurrent Workstation
Mean = 1.935 ms, StdErr = 0.138 ms (7.15%), N = 6, StdDev = 0.339 ms
Min = 1.611 ms, Q1 = 1.725 ms, Median = 1.782 ms, Q3 = 2.182 ms, Max = 2.417 ms
IQR = 0.457 ms, LowerFence = 1.039 ms, UpperFence = 2.868 ms
ConfidenceInterval = [0.985 ms; 2.885 ms] (CI 99.9%), Margin = 0.950 ms (49.08% of Mean)
Skewness = 0.47, Kurtosis = 1.11, MValue = 3
-------------------- Histogram --------------------
[1.462 ms ; 1.952 ms) | @@@@
[1.952 ms ; 2.118 ms) | 
[2.118 ms ; 2.661 ms) | @@
---------------------------------------------------

CodecSuite.Run: campaign(EvaluateOverhead=False, Clock=Armonik.Ffi.Bdn.CpuClock, IterationCount=6, IterationTime=40ms, LaunchCount=1, RunStrategy=Throughput, WarmupCount=25) [Case=core-(...)|drop [35]]
Runtime = .NET 8.0.31 (8.0.31, 8.0.3126.42015), X64 RyuJIT x86-64-v4; GC = Concurrent Workstation
Mean = 2.880 ms, StdErr = 0.022 ms (0.78%), N = 6, StdDev = 0.055 ms
Min = 2.822 ms, Q1 = 2.829 ms, Median = 2.882 ms, Q3 = 2.925 ms, Max = 2.942 ms
IQR = 0.096 ms, LowerFence = 2.685 ms, UpperFence = 3.068 ms
ConfidenceInterval = [2.726 ms; 3.034 ms] (CI 99.9%), Margin = 0.154 ms (5.35% of Mean)
Skewness = -0.01, Kurtosis = 0.82, MValue = 2
-------------------- Histogram --------------------
[2.795 ms ; 2.889 ms) | @@@
[2.889 ms ; 2.982 ms) | @@@
---------------------------------------------------

CodecSuite.Run: campaign(EvaluateOverhead=False, Clock=Armonik.Ffi.Bdn.CpuClock, IterationCount=6, IterationTime=40ms, LaunchCount=1, RunStrategy=Throughput, WarmupCount=25) [Case=core-(...)etain [39]]
Runtime = .NET 8.0.31 (8.0.31, 8.0.3126.42015), X64 RyuJIT x86-64-v4; GC = Concurrent Workstation
Mean = 2.214 ms, StdErr = 0.035 ms (1.56%), N = 5, StdDev = 0.077 ms
Min = 2.112 ms, Q1 = 2.196 ms, Median = 2.206 ms, Q3 = 2.230 ms, Max = 2.328 ms
IQR = 0.033 ms, LowerFence = 2.146 ms, UpperFence = 2.280 ms
ConfidenceInterval = [1.916 ms; 2.512 ms] (CI 99.9%), Margin = 0.298 ms (13.46% of Mean)
Skewness = 0.16, Kurtosis = 1.53, MValue = 2
-------------------- Histogram --------------------
[2.111 ms ; 2.268 ms) | @@@@
[2.268 ms ; 2.387 ms) | @
---------------------------------------------------

CodecSuite.Run: campaign(EvaluateOverhead=False, Clock=Armonik.Ffi.Bdn.CpuClock, IterationCount=6, IterationTime=40ms, LaunchCount=1, RunStrategy=Throughput, WarmupCount=25) [Case=core-(...)|drop [37]]
Runtime = .NET 8.0.31 (8.0.31, 8.0.3126.42015), X64 RyuJIT x86-64-v4; GC = Concurrent Workstation
Mean = 2.120 ms, StdErr = 0.023 ms (1.09%), N = 5, StdDev = 0.051 ms
Min = 2.077 ms, Q1 = 2.078 ms, Median = 2.120 ms, Q3 = 2.122 ms, Max = 2.204 ms
IQR = 0.044 ms, LowerFence = 2.012 ms, UpperFence = 2.188 ms
ConfidenceInterval = [1.922 ms; 2.319 ms] (CI 99.9%), Margin = 0.198 ms (9.35% of Mean)
Skewness = 0.62, Kurtosis = 1.57, MValue = 2
-------------------- Histogram --------------------
[2.060 ms ; 2.164 ms) | @@@@
[2.164 ms ; 2.243 ms) | @
---------------------------------------------------

CodecSuite.Run: campaign(EvaluateOverhead=False, Clock=Armonik.Ffi.Bdn.CpuClock, IterationCount=6, IterationTime=40ms, LaunchCount=1, RunStrategy=Throughput, WarmupCount=25) [Case=core-(...)etain [37]]
Runtime = .NET 8.0.31 (8.0.31, 8.0.3126.42015), X64 RyuJIT x86-64-v4; GC = Concurrent Workstation
Mean = 3.280 ms, StdErr = 0.094 ms (2.86%), N = 5, StdDev = 0.210 ms
Min = 3.052 ms, Q1 = 3.104 ms, Median = 3.265 ms, Q3 = 3.440 ms, Max = 3.540 ms
IQR = 0.335 ms, LowerFence = 2.601 ms, UpperFence = 3.943 ms
ConfidenceInterval = [2.472 ms; 4.088 ms] (CI 99.9%), Margin = 0.808 ms (24.64% of Mean)
Skewness = 0.09, Kurtosis = 0.91, MValue = 2
-------------------- Histogram --------------------
[2.997 ms ; 3.319 ms) | @@@
[3.319 ms ; 3.701 ms) | @@
---------------------------------------------------

CodecSuite.Run: campaign(EvaluateOverhead=False, Clock=Armonik.Ffi.Bdn.CpuClock, IterationCount=6, IterationTime=40ms, LaunchCount=1, RunStrategy=Throughput, WarmupCount=25) [Case=core-(...)|drop [36]]
Runtime = .NET 8.0.31 (8.0.31, 8.0.3126.42015), X64 RyuJIT x86-64-v4; GC = Concurrent Workstation
Mean = 1.988 ms, StdErr = 0.088 ms (4.42%), N = 6, StdDev = 0.215 ms
Min = 1.778 ms, Q1 = 1.847 ms, Median = 1.924 ms, Q3 = 2.071 ms, Max = 2.360 ms
IQR = 0.224 ms, LowerFence = 1.511 ms, UpperFence = 2.408 ms
ConfidenceInterval = [1.384 ms; 2.592 ms] (CI 99.9%), Margin = 0.604 ms (30.39% of Mean)
Skewness = 0.66, Kurtosis = 1.7, MValue = 2
-------------------- Histogram --------------------
[1.710 ms ; 2.021 ms) | @@@@
[2.021 ms ; 2.391 ms) | @@
---------------------------------------------------

// * Summary *

BenchmarkDotNet v0.15.8, Linux Ubuntu 24.04.4 LTS (Noble Numbat)
Intel Xeon Processor 2.10GHz, 1 CPU, 4 logical and 4 physical cores
.NET SDK 8.0.131
  [Host]   : .NET 8.0.31 (8.0.31, 8.0.3126.42015), X64 RyuJIT x86-64-v4
  campaign : .NET 8.0.31 (8.0.31, 8.0.3126.42015), X64 RyuJIT x86-64-v4

Job=campaign  EvaluateOverhead=False  Clock=Armonik.Ffi.Bdn.CpuClock  
IterationCount=6  IterationTime=40ms  LaunchCount=1  
RunStrategy=Throughput  WarmupCount=25  

| Method | Case                 | Mean     | Error     | StdDev    | Allocated |
|------- |--------------------- |---------:|----------:|----------:|----------:|
| Run    | core-(...)etain [38] | 1.776 ms | 0.2801 ms | 0.0999 ms |   2.01 MB |
| Run    | core-(...)|drop [36] | 1.672 ms | 0.2353 ms | 0.0839 ms |   2.01 MB |
| Run    | core-(...)etain [38] | 1.935 ms | 0.9499 ms | 0.3388 ms |   2.01 MB |
| Run    | core-(...)|drop [35] | 2.880 ms | 0.1541 ms | 0.0550 ms |   2.01 MB |
| Run    | core-(...)etain [39] | 2.214 ms | 0.2981 ms | 0.0774 ms |   2.01 MB |
| Run    | core-(...)|drop [37] | 2.120 ms | 0.1983 ms | 0.0515 ms |   2.01 MB |
| Run    | core-(...)etain [37] | 3.280 ms | 0.8081 ms | 0.2099 ms |   2.01 MB |
| Run    | core-(...)|drop [36] | 1.988 ms | 0.6041 ms | 0.2154 ms |   2.01 MB |

// * Legends *
  Case      : Value of the 'Case' parameter
  Mean      : Arithmetic mean of all measurements
  Error     : Half of 99.9% confidence interval
  StdDev    : Standard deviation of all measurements
  Allocated : Allocated memory per single operation (managed only, inclusive, 1KB = 1024B)
  1 ms      : 1 Millisecond (0.001 sec)

// * Diagnostic Output - AkProcessCpu *

// * Diagnostic Output - MemoryDiagnoser *


// ***** BenchmarkRunner: End *****
Global total time: 00:00:35 (35.75 sec), executed benchmarks: 8
// * Artifacts cleanup *
Artifacts cleanup is finished
