# 2026-10-09T13:48:12Z gen/generate.py at 37697a69: every generated file 'same' (no C# change from fixes A, B and C's withdrawal)
same  abi/src/main.rs
same  src/BenchDotNet/Generated/CampaignOps.cs
same  src/Corpus/Generated/Abi.cs
same  src/Corpus/Generated/Codec.cs
same  src/Corpus/Generated/CodecRetain.cs
same  src/Corpus/Generated/CoreFfi.cs
same  src/Corpus/Generated/Dispatch.cs
same  src/Corpus/Generated/Eq.cs
same  src/Corpus/Generated/Proj.cs
same  src/Corpus/Generated/Types.cs
same  src/Corpus/GeneratedNounk/Abi.cs
same  src/Corpus/GeneratedNounk/Codec.cs
same  src/Corpus/GeneratedNounk/CoreFfi.cs
same  src/Corpus/GeneratedNounk/Dispatch.cs
same  src/Corpus/GeneratedNounk/Eq.cs
same  src/Corpus/GeneratedNounk/Types.cs
same  src/Facade/Generated/Build.cs
same  src/Facade/Generated/Codec.cs
same  src/Facade/Generated/CodecRetain.cs
same  src/Facade/Generated/Eq.cs
same  src/Facade/Generated/Types.cs
same  src/Facade/Generated/Values.cs
same  src/Facade/GeneratedNounk/Codec.cs
same  src/Facade/GeneratedNounk/Eq.cs
same  src/Facade/GeneratedNounk/Types.cs
same  src/Harness/Generated/Abi.cs
same  src/Harness/Generated/Arms.cs
same  src/Harness/Generated/BuildGp.cs
same  src/Harness/Generated/CoreArms.cs
same  src/Harness/Generated/CoreFfi.cs
same  src/Harness/GeneratedNounk/Abi.cs
same  src/Harness/GeneratedNounk/CoreArms.cs
same  src/Harness/GeneratedNounk/CoreFfi.cs
same  src/Rpc/Generated/RpcAbi.cs
